Blender 4.5.14 LTS (hash 62c1db4208e8 built 2026-09-15 01:31:19)
Read blend: "/workspace/scratch/a29d03198654/Aether/source-assets/cloud-sea52h-revision-b/cloud_sea52h_b.blend"
Fra:1 Mem:8.59M (Peak 8.59M) | Time:00:00.00 | Mem:0.00M, Peak:0.00M | Scene, ViewLayer | Synchronizing object | CloudSea52hB_v0_main_crown
Fra:1 Mem:8.59M (Peak 8.59M) | Time:00:00.00 | Mem:0.00M, Peak:0.00M | Scene, ViewLayer | Synchronizing object | Sun
Fra:1 Mem:8.68M (Peak 8.68M) | Time:00:00.00 | Mem:0.00M, Peak:0.00M | Scene, ViewLayer | Initializing
Fra:1 Mem:8.49M (Peak 8.68M) | Time:00:00.00 | Mem:0.00M, Peak:0.00M | Scene, ViewLayer | Waiting for render to start
Fra:1 Mem:8.49M (Peak 8.68M) | Time:00:00.00 | Mem:0.00M, Peak:0.00M | Scene, ViewLayer | Updating Scene
Fra:1 Mem:8.49M (Peak 8.68M) | Time:00:00.00 | Mem:0.00M, Peak:0.00M | Scene, ViewLayer | Updating Shaders
Fra:1 Mem:8.49M (Peak 8.68M) | Time:00:00.00 | Mem:0.00M, Peak:0.00M | Scene, ViewLayer | Loading render kernels (may take a few minutes the first time)
Fra:1 Mem:8.58M (Peak 8.68M) | Time:00:00.00 | Mem:0.00M, Peak:0.00M | Scene, ViewLayer | Updating Procedurals
Fra:1 Mem:8.58M (Peak 8.68M) | Time:00:00.00 | Mem:0.00M, Peak:0.00M | Scene, ViewLayer | Updating Background
Fra:1 Mem:8.58M (Peak 8.68M) | Time:00:00.00 | Mem:0.00M, Peak:0.00M | Scene, ViewLayer | Updating Camera
Fra:1 Mem:8.58M (Peak 8.68M) | Time:00:00.00 | Mem:0.00M, Peak:0.00M | Scene, ViewLayer | Updating Meshes Flags
Fra:1 Mem:8.58M (Peak 8.68M) | Time:00:00.00 | Mem:0.00M, Peak:0.00M | Scene, ViewLayer | Updating Objects
Fra:1 Mem:8.58M (Peak 8.68M) | Time:00:00.00 | Mem:0.00M, Peak:0.00M | Scene, ViewLayer | Updating Objects | Copying Transformations to device
Fra:1 Mem:8.58M (Peak 8.68M) | Time:00:00.00 | Mem:0.00M, Peak:0.00M | Scene, ViewLayer | Updating Particle Systems
Fra:1 Mem:8.58M (Peak 8.68M) | Time:00:00.00 | Mem:0.00M, Peak:0.00M | Scene, ViewLayer | Updating Particle Systems | Copying Particles to device
Fra:1 Mem:8.58M (Peak 8.68M) | Time:00:00.00 | Mem:0.00M, Peak:0.00M | Scene, ViewLayer | Updating Meshes
Fra:1 Mem:8.58M (Peak 8.68M) | Time:00:00.00 | Mem:0.00M, Peak:0.00M | Scene, ViewLayer | Updating Objects | Applying Static Transformations
Fra:1 Mem:8.58M (Peak 8.68M) | Time:00:00.00 | Mem:0.00M, Peak:0.00M | Scene, ViewLayer | Updating Mesh | Computing attributes
Fra:1 Mem:8.61M (Peak 8.68M) | Time:00:00.00 | Mem:0.00M, Peak:0.00M | Scene, ViewLayer | Updating Mesh | Copying Attributes to device
Fra:1 Mem:8.61M (Peak 8.68M) | Time:00:00.00 | Mem:0.04M, Peak:0.04M | Scene, ViewLayer | Updating Scene BVH | Building
Fra:1 Mem:8.61M (Peak 8.68M) | Time:00:00.00 | Mem:0.04M, Peak:0.04M | Scene, ViewLayer | Updating Scene BVH | Building BVH
Fra:1 Mem:8.61M (Peak 8.68M) | Time:00:00.00 | Mem:0.06M, Peak:0.06M | Scene, ViewLayer | Updating Scene BVH | Building BVH 0%
Fra:1 Mem:8.61M (Peak 8.68M) | Time:00:00.00 | Mem:0.09M, Peak:0.12M | Scene, ViewLayer | Updating Scene BVH | Copying BVH to device
Fra:1 Mem:8.61M (Peak 8.68M) | Time:00:00.00 | Mem:0.09M, Peak:0.12M | Scene, ViewLayer | Updating Mesh | Computing normals
Fra:1 Mem:8.63M (Peak 8.68M) | Time:00:00.00 | Mem:0.09M, Peak:0.12M | Scene, ViewLayer | Updating Mesh | Copying Mesh to device
Fra:1 Mem:8.63M (Peak 8.68M) | Time:00:00.00 | Mem:0.11M, Peak:0.12M | Scene, ViewLayer | Updating Objects Flags
Fra:1 Mem:8.63M (Peak 8.68M) | Time:00:00.00 | Mem:0.11M, Peak:0.12M | Scene, ViewLayer | Updating Primitive Offsets
Fra:1 Mem:8.63M (Peak 8.68M) | Time:00:00.00 | Mem:0.11M, Peak:0.12M | Scene, ViewLayer | Updating Images
Fra:1 Mem:8.63M (Peak 8.68M) | Time:00:00.00 | Mem:0.11M, Peak:0.12M | Scene, ViewLayer | Updating Camera Volume
Fra:1 Mem:8.63M (Peak 8.68M) | Time:00:00.00 | Mem:0.11M, Peak:0.12M | Scene, ViewLayer | Updating Lookup Tables
Fra:1 Mem:8.63M (Peak 8.68M) | Time:00:00.00 | Mem:0.19M, Peak:0.19M | Scene, ViewLayer | Updating Lights
Fra:1 Mem:8.63M (Peak 8.68M) | Time:00:00.00 | Mem:0.19M, Peak:0.19M | Scene, ViewLayer | Updating Lights | Computing tree
Fra:1 Mem:8.63M (Peak 8.68M) | Time:00:00.00 | Mem:0.20M, Peak:0.20M | Scene, ViewLayer | Updating Integrator
Fra:1 Mem:8.63M (Peak 8.68M) | Time:00:00.00 | Mem:0.20M, Peak:0.20M | Scene, ViewLayer | Updating Film
Fra:1 Mem:8.64M (Peak 8.68M) | Time:00:00.00 | Mem:0.11M, Peak:0.20M | Scene, ViewLayer | Updating Lookup Tables
Fra:1 Mem:8.64M (Peak 8.68M) | Time:00:00.00 | Mem:0.20M, Peak:0.20M | Scene, ViewLayer | Updating Baking
Fra:1 Mem:8.64M (Peak 8.68M) | Time:00:00.00 | Mem:0.20M, Peak:0.20M | Scene, ViewLayer | Updating Device | Writing constant memory
Fra:1 Mem:8.64M (Peak 8.68M) | Time:00:00.00 | Mem:0.20M, Peak:0.20M | Scene, ViewLayer | Loading denoising kernels (may take a few minutes the first time)
Fra:1 Mem:8.64M (Peak 8.68M) | Time:00:00.00 | Mem:0.20M, Peak:0.20M | Scene, ViewLayer | Sample 0/20
Fra:1 Mem:50.41M (Peak 50.41M) | Time:00:00.14 | Remaining:00:02.66 | Mem:41.95M, Peak:41.95M | Scene, ViewLayer | Sample 1/20
Fra:1 Mem:67.99M (Peak 94.36M) | Time:00:09.90 | Mem:41.95M, Peak:41.95M | Scene, ViewLayer | Sample 20/20
Fra:1 Mem:67.99M (Peak 94.36M) | Time:00:09.90 | Mem:41.95M, Peak:41.95M | Scene, ViewLayer | Finished
Saved: '/workspace/scratch/a29d03198654/Aether/cloud-evidence/cloudsea52h-b-source-v0-20261001T093321Z-on7dy1tm/images/sea52h-b-main-0-front.png'
Time: 00:10.05 (Saving: 00:00.14)

Fra:1 Mem:8.62M (Peak 8.62M) | Time:00:00.00 | Mem:0.00M, Peak:0.00M | Scene, ViewLayer | Synchronizing object | CloudSea52hB_v0_main_crown
Fra:1 Mem:8.62M (Peak 8.62M) | Time:00:00.00 | Mem:0.00M, Peak:0.00M | Scene, ViewLayer | Synchronizing object | Sun
Fra:1 Mem:8.68M (Peak 8.68M) | Time:00:00.00 | Mem:0.00M, Peak:0.00M | Scene, ViewLayer | Initializing
Fra:1 Mem:8.49M (Peak 8.68M) | Time:00:00.00 | Mem:0.00M, Peak:0.00M | Scene, ViewLayer | Waiting for render to start
Fra:1 Mem:8.49M (Peak 8.68M) | Time:00:00.00 | Mem:0.00M, Peak:0.00M | Scene, ViewLayer | Updating Scene
Fra:1 Mem:8.49M (Peak 8.68M) | Time:00:00.00 | Mem:0.00M, Peak:0.00M | Scene, ViewLayer | Updating Shaders
Fra:1 Mem:8.49M (Peak 8.68M) | Time:00:00.00 | Mem:0.00M, Peak:0.00M | Scene, ViewLayer | Loading render kernels (may take a few minutes the first time)
Fra:1 Mem:8.58M (Peak 8.68M) | Time:00:00.00 | Mem:0.00M, Peak:0.00M | Scene, ViewLayer | Updating Procedurals
Fra:1 Mem:8.58M (Peak 8.68M) | Time:00:00.00 | Mem:0.00M, Peak:0.00M | Scene, ViewLayer | Updating Background
Fra:1 Mem:8.58M (Peak 8.68M) | Time:00:00.00 | Mem:0.00M, Peak:0.00M | Scene, ViewLayer | Updating Camera
Fra:1 Mem:8.58M (Peak 8.68M) | Time:00:00.00 | Mem:0.00M, Peak:0.00M | Scene, ViewLayer | Updating Meshes Flags
Fra:1 Mem:8.58M (Peak 8.68M) | Time:00:00.00 | Mem:0.00M, Peak:0.00M | Scene, ViewLayer | Updating Objects
Fra:1 Mem:8.58M (Peak 8.68M) | Time:00:00.00 | Mem:0.00M, Peak:0.00M | Scene, ViewLayer | Updating Objects | Copying Transformations to device
Fra:1 Mem:8.58M (Peak 8.68M) | Time:00:00.00 | Mem:0.00M, Peak:0.00M | Scene, ViewLayer | Updating Particle Systems
Fra:1 Mem:8.58M (Peak 8.68M) | Time:00:00.00 | Mem:0.00M, Peak:0.00M | Scene, ViewLayer | Updating Particle Systems | Copying Particles to device
Fra:1 Mem:8.58M (Peak 8.68M) | Time:00:00.00 | Mem:0.00M, Peak:0.00M | Scene, ViewLayer | Updating Meshes
Fra:1 Mem:8.58M (Peak 8.68M) | Time:00:00.00 | Mem:0.00M, Peak:0.00M | Scene, ViewLayer | Updating Objects | Applying Static Transformations
Fra:1 Mem:8.58M (Peak 8.68M) | Time:00:00.00 | Mem:0.00M, Peak:0.00M | Scene, ViewLayer | Updating Mesh | Computing attributes
Fra:1 Mem:8.61M (Peak 8.68M) | Time:00:00.00 | Mem:0.00M, Peak:0.00M | Scene, ViewLayer | Updating Mesh | Copying Attributes to device
Fra:1 Mem:8.61M (Peak 8.68M) | Time:00:00.00 | Mem:0.04M, Peak:0.04M | Scene, ViewLayer | Updating Scene BVH | Building
Fra:1 Mem:8.61M (Peak 8.68M) | Time:00:00.00 | Mem:0.04M, Peak:0.04M | Scene, ViewLayer | Updating Scene BVH | Building BVH
Fra:1 Mem:8.61M (Peak 8.68M) | Time:00:00.00 | Mem:0.06M, Peak:0.06M | Scene, ViewLayer | Updating Scene BVH | Building BVH 0%
Fra:1 Mem:8.61M (Peak 8.68M) | Time:00:00.00 | Mem:0.09M, Peak:0.12M | Scene, ViewLayer | Updating Scene BVH | Copying BVH to device
Fra:1 Mem:8.61M (Peak 8.68M) | Time:00:00.00 | Mem:0.09M, Peak:0.12M | Scene, ViewLayer | Updating Mesh | Computing normals
Fra:1 Mem:8.63M (Peak 8.68M) | Time:00:00.00 | Mem:0.09M, Peak:0.12M | Scene, ViewLayer | Updating Mesh | Copying Mesh to device
Fra:1 Mem:8.63M (Peak 8.68M) | Time:00:00.00 | Mem:0.11M, Peak:0.12M | Scene, ViewLayer | Updating Objects Flags
Fra:1 Mem:8.63M (Peak 8.68M) | Time:00:00.00 | Mem:0.11M, Peak:0.12M | Scene, ViewLayer | Updating Primitive Offsets
Fra:1 Mem:8.63M (Peak 8.68M) | Time:00:00.00 | Mem:0.11M, Peak:0.12M | Scene, ViewLayer | Updating Images
Fra:1 Mem:8.63M (Peak 8.68M) | Time:00:00.00 | Mem:0.11M, Peak:0.12M | Scene, ViewLayer | Updating Camera Volume
Fra:1 Mem:8.63M (Peak 8.68M) | Time:00:00.00 | Mem:0.11M, Peak:0.12M | Scene, ViewLayer | Updating Lookup Tables
Fra:1 Mem:8.63M (Peak 8.68M) | Time:00:00.00 | Mem:0.19M, Peak:0.19M | Scene, ViewLayer | Updating Lights
Fra:1 Mem:8.63M (Peak 8.68M) | Time:00:00.00 | Mem:0.19M, Peak:0.19M | Scene, ViewLayer | Updating Lights | Computing tree
Fra:1 Mem:8.63M (Peak 8.68M) | Time:00:00.00 | Mem:0.20M, Peak:0.20M | Scene, ViewLayer | Updating Integrator
Fra:1 Mem:8.63M (Peak 8.68M) | Time:00:00.00 | Mem:0.20M, Peak:0.20M | Scene, ViewLayer | Updating Film
Fra:1 Mem:8.64M (Peak 8.68M) | Time:00:00.00 | Mem:0.11M, Peak:0.20M | Scene, ViewLayer | Updating Lookup Tables
Fra:1 Mem:8.64M (Peak 8.68M) | Time:00:00.00 | Mem:0.20M, Peak:0.20M | Scene, ViewLayer | Updating Baking
Fra:1 Mem:8.64M (Peak 8.68M) | Time:00:00.00 | Mem:0.20M, Peak:0.20M | Scene, ViewLayer | Updating Device | Writing constant memory
Fra:1 Mem:8.64M (Peak 8.68M) | Time:00:00.00 | Mem:0.20M, Peak:0.20M | Scene, ViewLayer | Loading denoising kernels (may take a few minutes the first time)
Fra:1 Mem:8.64M (Peak 8.68M) | Time:00:00.00 | Mem:0.20M, Peak:0.20M | Scene, ViewLayer | Sample 0/20
Fra:1 Mem:50.41M (Peak 50.41M) | Time:00:00.12 | Remaining:00:02.35 | Mem:41.95M, Peak:41.95M | Scene, ViewLayer | Sample 1/20
Fra:1 Mem:67.99M (Peak 94.36M) | Time:00:08.99 | Mem:41.95M, Peak:41.95M | Scene, ViewLayer | Sample 20/20
Fra:1 Mem:67.99M (Peak 94.36M) | Time:00:08.99 | Mem:41.95M, Peak:41.95M | Scene, ViewLayer | Finished
Saved: '/workspace/scratch/a29d03198654/Aether/cloud-evidence/cloudsea52h-b-source-v0-20261001T093321Z-on7dy1tm/images/sea52h-b-main-0-back.png'
Time: 00:09.05 (Saving: 00:00.05)

Fra:1 Mem:8.62M (Peak 8.62M) | Time:00:00.00 | Mem:0.00M, Peak:0.00M | Scene, ViewLayer | Synchronizing object | CloudSea52hB_v0_main_crown
Fra:1 Mem:8.62M (Peak 8.62M) | Time:00:00.00 | Mem:0.00M, Peak:0.00M | Scene, ViewLayer | Synchronizing object | Sun
Fra:1 Mem:8.68M (Peak 8.68M) | Time:00:00.00 | Mem:0.00M, Peak:0.00M | Scene, ViewLayer | Initializing
Fra:1 Mem:8.49M (Peak 8.68M) | Time:00:00.00 | Mem:0.00M, Peak:0.00M | Scene, ViewLayer | Waiting for render to start
Fra:1 Mem:8.49M (Peak 8.68M) | Time:00:00.00 | Mem:0.00M, Peak:0.00M | Scene, ViewLayer | Updating Scene
Fra:1 Mem:8.49M (Peak 8.68M) | Time:00:00.00 | Mem:0.00M, Peak:0.00M | Scene, ViewLayer | Updating Shaders
Fra:1 Mem:8.49M (Peak 8.68M) | Time:00:00.00 | Mem:0.00M, Peak:0.00M | Scene, ViewLayer | Loading render kernels (may take a few minutes the first time)
Fra:1 Mem:8.58M (Peak 8.68M) | Time:00:00.00 | Mem:0.00M, Peak:0.00M | Scene, ViewLayer | Updating Procedurals
Fra:1 Mem:8.58M (Peak 8.68M) | Time:00:00.00 | Mem:0.00M, Peak:0.00M | Scene, ViewLayer | Updating Background
Fra:1 Mem:8.58M (Peak 8.68M) | Time:00:00.00 | Mem:0.00M, Peak:0.00M | Scene, ViewLayer | Updating Camera
Fra:1 Mem:8.58M (Peak 8.68M) | Time:00:00.00 | Mem:0.00M, Peak:0.00M | Scene, ViewLayer | Updating Meshes Flags
Fra:1 Mem:8.58M (Peak 8.68M) | Time:00:00.00 | Mem:0.00M, Peak:0.00M | Scene, ViewLayer | Updating Objects
Fra:1 Mem:8.58M (Peak 8.68M) | Time:00:00.00 | Mem:0.00M, Peak:0.00M | Scene, ViewLayer | Updating Objects | Copying Transformations to device
Fra:1 Mem:8.58M (Peak 8.68M) | Time:00:00.00 | Mem:0.00M, Peak:0.00M | Scene, ViewLayer | Updating Particle Systems
Fra:1 Mem:8.58M (Peak 8.68M) | Time:00:00.00 | Mem:0.00M, Peak:0.00M | Scene, ViewLayer | Updating Particle Systems | Copying Particles to device
Fra:1 Mem:8.58M (Peak 8.68M) | Time:00:00.00 | Mem:0.00M, Peak:0.00M | Scene, ViewLayer | Updating Meshes
Fra:1 Mem:8.58M (Peak 8.68M) | Time:00:00.00 | Mem:0.00M, Peak:0.00M | Scene, ViewLayer | Updating Objects | Applying Static Transformations
Fra:1 Mem:8.58M (Peak 8.68M) | Time:00:00.00 | Mem:0.00M, Peak:0.00M | Scene, ViewLayer | Updating Mesh | Computing attributes
Fra:1 Mem:8.61M (Peak 8.68M) | Time:00:00.00 | Mem:0.00M, Peak:0.00M | Scene, ViewLayer | Updating Mesh | Copying Attributes to device
Fra:1 Mem:8.61M (Peak 8.68M) | Time:00:00.00 | Mem:0.04M, Peak:0.04M | Scene, ViewLayer | Updating Scene BVH | Building
Fra:1 Mem:8.61M (Peak 8.68M) | Time:00:00.00 | Mem:0.04M, Peak:0.04M | Scene, ViewLayer | Updating Scene BVH | Building BVH
Fra:1 Mem:8.61M (Peak 8.68M) | Time:00:00.00 | Mem:0.06M, Peak:0.06M | Scene, ViewLayer | Updating Scene BVH | Building BVH 0%
Fra:1 Mem:8.61M (Peak 8.68M) | Time:00:00.00 | Mem:0.09M, Peak:0.12M | Scene, ViewLayer | Updating Scene BVH | Copying BVH to device
Fra:1 Mem:8.61M (Peak 8.68M) | Time:00:00.00 | Mem:0.09M, Peak:0.12M | Scene, ViewLayer | Updating Mesh | Computing normals
Fra:1 Mem:8.63M (Peak 8.68M) | Time:00:00.00 | Mem:0.09M, Peak:0.12M | Scene, ViewLayer | Updating Mesh | Copying Mesh to device
Fra:1 Mem:8.63M (Peak 8.68M) | Time:00:00.00 | Mem:0.11M, Peak:0.12M | Scene, ViewLayer | Updating Objects Flags
Fra:1 Mem:8.63M (Peak 8.68M) | Time:00:00.00 | Mem:0.11M, Peak:0.12M | Scene, ViewLayer | Updating Primitive Offsets
Fra:1 Mem:8.63M (Peak 8.68M) | Time:00:00.00 | Mem:0.11M, Peak:0.12M | Scene, ViewLayer | Updating Images
Fra:1 Mem:8.63M (Peak 8.68M) | Time:00:00.00 | Mem:0.11M, Peak:0.12M | Scene, ViewLayer | Updating Camera Volume
Fra:1 Mem:8.63M (Peak 8.68M) | Time:00:00.00 | Mem:0.11M, Peak:0.12M | Scene, ViewLayer | Updating Lookup Tables
Fra:1 Mem:8.63M (Peak 8.68M) | Time:00:00.00 | Mem:0.19M, Peak:0.19M | Scene, ViewLayer | Updating Lights
Fra:1 Mem:8.63M (Peak 8.68M) | Time:00:00.00 | Mem:0.19M, Peak:0.19M | Scene, ViewLayer | Updating Lights | Computing tree
Fra:1 Mem:8.63M (Peak 8.68M) | Time:00:00.00 | Mem:0.20M, Peak:0.20M | Scene, ViewLayer | Updating Integrator
Fra:1 Mem:8.63M (Peak 8.68M) | Time:00:00.00 | Mem:0.20M, Peak:0.20M | Scene, ViewLayer | Updating Film
Fra:1 Mem:8.64M (Peak 8.68M) | Time:00:00.00 | Mem:0.11M, Peak:0.20M | Scene, ViewLayer | Updating Lookup Tables
Fra:1 Mem:8.64M (Peak 8.68M) | Time:00:00.00 | Mem:0.20M, Peak:0.20M | Scene, ViewLayer | Updating Baking
Fra:1 Mem:8.64M (Peak 8.68M) | Time:00:00.00 | Mem:0.20M, Peak:0.20M | Scene, ViewLayer | Updating Device | Writing constant memory
Fra:1 Mem:8.64M (Peak 8.68M) | Time:00:00.00 | Mem:0.20M, Peak:0.20M | Scene, ViewLayer | Loading denoising kernels (may take a few minutes the first time)
Fra:1 Mem:8.64M (Peak 8.68M) | Time:00:00.00 | Mem:0.20M, Peak:0.20M | Scene, ViewLayer | Sample 0/20
Fra:1 Mem:50.41M (Peak 50.41M) | Time:00:00.12 | Remaining:00:02.26 | Mem:41.95M, Peak:41.95M | Scene, ViewLayer | Sample 1/20
Fra:1 Mem:67.99M (Peak 94.36M) | Time:00:08.34 | Mem:41.95M, Peak:41.95M | Scene, ViewLayer | Sample 20/20
Fra:1 Mem:67.99M (Peak 94.36M) | Time:00:08.34 | Mem:41.95M, Peak:41.95M | Scene, ViewLayer | Finished
Saved: '/workspace/scratch/a29d03198654/Aether/cloud-evidence/cloudsea52h-b-source-v0-20261001T093321Z-on7dy1tm/images/sea52h-b-main-0-side.png'
Time: 00:08.41 (Saving: 00:00.06)

Fra:1 Mem:8.62M (Peak 8.62M) | Time:00:00.00 | Mem:0.00M, Peak:0.00M | Scene, ViewLayer | Synchronizing object | CloudSea52hB_v0_main_crown
Fra:1 Mem:8.62M (Peak 8.62M) | Time:00:00.00 | Mem:0.00M, Peak:0.00M | Scene, ViewLayer | Synchronizing object | Sun
Fra:1 Mem:8.68M (Peak 8.68M) | Time:00:00.00 | Mem:0.00M, Peak:0.00M | Scene, ViewLayer | Initializing
Fra:1 Mem:8.49M (Peak 8.68M) | Time:00:00.00 | Mem:0.00M, Peak:0.00M | Scene, ViewLayer | Waiting for render to start
Fra:1 Mem:8.49M (Peak 8.68M) | Time:00:00.00 | Mem:0.00M, Peak:0.00M | Scene, ViewLayer | Updating Scene
Fra:1 Mem:8.49M (Peak 8.68M) | Time:00:00.00 | Mem:0.00M, Peak:0.00M | Scene, ViewLayer | Updating Shaders
Fra:1 Mem:8.49M (Peak 8.68M) | Time:00:00.00 | Mem:0.00M, Peak:0.00M | Scene, ViewLayer | Loading render kernels (may take a few minutes the first time)
Fra:1 Mem:8.58M (Peak 8.68M) | Time:00:00.00 | Mem:0.00M, Peak:0.00M | Scene, ViewLayer | Updating Procedurals
Fra:1 Mem:8.58M (Peak 8.68M) | Time:00:00.00 | Mem:0.00M, Peak:0.00M | Scene, ViewLayer | Updating Background
Fra:1 Mem:8.58M (Peak 8.68M) | Time:00:00.00 | Mem:0.00M, Peak:0.00M | Scene, ViewLayer | Updating Camera
Fra:1 Mem:8.58M (Peak 8.68M) | Time:00:00.00 | Mem:0.00M, Peak:0.00M | Scene, ViewLayer | Updating Meshes Flags
Fra:1 Mem:8.58M (Peak 8.68M) | Time:00:00.00 | Mem:0.00M, Peak:0.00M | Scene, ViewLayer | Updating Objects
Fra:1 Mem:8.58M (Peak 8.68M) | Time:00:00.00 | Mem:0.00M, Peak:0.00M | Scene, ViewLayer | Updating Objects | Copying Transformations to device
Fra:1 Mem:8.58M (Peak 8.68M) | Time:00:00.00 | Mem:0.00M, Peak:0.00M | Scene, ViewLayer | Updating Particle Systems
Fra:1 Mem:8.58M (Peak 8.68M) | Time:00:00.00 | Mem:0.00M, Peak:0.00M | Scene, ViewLayer | Updating Particle Systems | Copying Particles to device
Fra:1 Mem:8.58M (Peak 8.68M) | Time:00:00.00 | Mem:0.00M, Peak:0.00M | Scene, ViewLayer | Updating Meshes
Fra:1 Mem:8.58M (Peak 8.68M) | Time:00:00.00 | Mem:0.00M, Peak:0.00M | Scene, ViewLayer | Updating Objects | Applying Static Transformations
Fra:1 Mem:8.58M (Peak 8.68M) | Time:00:00.00 | Mem:0.00M, Peak:0.00M | Scene, ViewLayer | Updating Mesh | Computing attributes
Fra:1 Mem:8.61M (Peak 8.68M) | Time:00:00.00 | Mem:0.00M, Peak:0.00M | Scene, ViewLayer | Updating Mesh | Copying Attributes to device
Fra:1 Mem:8.61M (Peak 8.68M) | Time:00:00.00 | Mem:0.04M, Peak:0.04M | Scene, ViewLayer | Updating Scene BVH | Building
Fra:1 Mem:8.61M (Peak 8.68M) | Time:00:00.00 | Mem:0.04M, Peak:0.04M | Scene, ViewLayer | Updating Scene BVH | Building BVH
Fra:1 Mem:8.61M (Peak 8.68M) | Time:00:00.00 | Mem:0.06M, Peak:0.06M | Scene, ViewLayer | Updating Scene BVH | Building BVH 0%
Fra:1 Mem:8.61M (Peak 8.68M) | Time:00:00.00 | Mem:0.09M, Peak:0.12M | Scene, ViewLayer | Updating Scene BVH | Copying BVH to device
Fra:1 Mem:8.61M (Peak 8.68M) | Time:00:00.00 | Mem:0.09M, Peak:0.12M | Scene, ViewLayer | Updating Mesh | Computing normals
Fra:1 Mem:8.63M (Peak 8.68M) | Time:00:00.00 | Mem:0.09M, Peak:0.12M | Scene, ViewLayer | Updating Mesh | Copying Mesh to device
Fra:1 Mem:8.63M (Peak 8.68M) | Time:00:00.00 | Mem:0.11M, Peak:0.12M | Scene, ViewLayer | Updating Objects Flags
Fra:1 Mem:8.63M (Peak 8.68M) | Time:00:00.00 | Mem:0.11M, Peak:0.12M | Scene, ViewLayer | Updating Primitive Offsets
Fra:1 Mem:8.63M (Peak 8.68M) | Time:00:00.00 | Mem:0.11M, Peak:0.12M | Scene, ViewLayer | Updating Images
Fra:1 Mem:8.63M (Peak 8.68M) | Time:00:00.00 | Mem:0.11M, Peak:0.12M | Scene, ViewLayer | Updating Camera Volume
Fra:1 Mem:8.63M (Peak 8.68M) | Time:00:00.00 | Mem:0.11M, Peak:0.12M | Scene, ViewLayer | Updating Lookup Tables
Fra:1 Mem:8.63M (Peak 8.68M) | Time:00:00.00 | Mem:0.19M, Peak:0.19M | Scene, ViewLayer | Updating Lights
Fra:1 Mem:8.63M (Peak 8.68M) | Time:00:00.00 | Mem:0.19M, Peak:0.19M | Scene, ViewLayer | Updating Lights | Computing tree
Fra:1 Mem:8.63M (Peak 8.68M) | Time:00:00.00 | Mem:0.20M, Peak:0.20M | Scene, ViewLayer | Updating Integrator
Fra:1 Mem:8.63M (Peak 8.68M) | Time:00:00.00 | Mem:0.20M, Peak:0.20M | Scene, ViewLayer | Updating Film
Fra:1 Mem:8.64M (Peak 8.68M) | Time:00:00.00 | Mem:0.11M, Peak:0.20M | Scene, ViewLayer | Updating Lookup Tables
Fra:1 Mem:8.64M (Peak 8.68M) | Time:00:00.00 | Mem:0.20M, Peak:0.20M | Scene, ViewLayer | Updating Baking
Fra:1 Mem:8.64M (Peak 8.68M) | Time:00:00.00 | Mem:0.20M, Peak:0.20M | Scene, ViewLayer | Updating Device | Writing constant memory
Fra:1 Mem:8.64M (Peak 8.68M) | Time:00:00.00 | Mem:0.20M, Peak:0.20M | Scene, ViewLayer | Loading denoising kernels (may take a few minutes the first time)
Fra:1 Mem:8.64M (Peak 8.68M) | Time:00:00.00 | Mem:0.20M, Peak:0.20M | Scene, ViewLayer | Sample 0/20
Fra:1 Mem:50.41M (Peak 50.41M) | Time:00:00.15 | Remaining:00:02.87 | Mem:41.95M, Peak:41.95M | Scene, ViewLayer | Sample 1/20
Fra:1 Mem:67.99M (Peak 94.36M) | Time:00:08.44 | Mem:41.95M, Peak:41.95M | Scene, ViewLayer | Sample 20/20
Fra:1 Mem:67.99M (Peak 94.36M) | Time:00:08.44 | Mem:41.95M, Peak:41.95M | Scene, ViewLayer | Finished
Saved: '/workspace/scratch/a29d03198654/Aether/cloud-evidence/cloudsea52h-b-source-v0-20261001T093321Z-on7dy1tm/images/sea52h-b-main-0-underside.png'
Time: 00:08.50 (Saving: 00:00.06)

Fra:1 Mem:8.62M (Peak 8.62M) | Time:00:00.00 | Mem:0.00M, Peak:0.00M | Scene, ViewLayer | Synchronizing object | CloudSea52hB_v0_main_crown
Fra:1 Mem:8.62M (Peak 8.62M) | Time:00:00.00 | Mem:0.00M, Peak:0.00M | Scene, ViewLayer | Synchronizing object | Sun
Fra:1 Mem:8.68M (Peak 8.68M) | Time:00:00.00 | Mem:0.00M, Peak:0.00M | Scene, ViewLayer | Initializing
Fra:1 Mem:8.49M (Peak 8.68M) | Time:00:00.00 | Mem:0.00M, Peak:0.00M | Scene, ViewLayer | Waiting for render to start
Fra:1 Mem:8.49M (Peak 8.68M) | Time:00:00.00 | Mem:0.00M, Peak:0.00M | Scene, ViewLayer | Updating Scene
Fra:1 Mem:8.49M (Peak 8.68M) | Time:00:00.00 | Mem:0.00M, Peak:0.00M | Scene, ViewLayer | Updating Shaders
Fra:1 Mem:8.49M (Peak 8.68M) | Time:00:00.00 | Mem:0.00M, Peak:0.00M | Scene, ViewLayer | Loading render kernels (may take a few minutes the first time)
Fra:1 Mem:8.58M (Peak 8.68M) | Time:00:00.00 | Mem:0.00M, Peak:0.00M | Scene, ViewLayer | Updating Procedurals
Fra:1 Mem:8.58M (Peak 8.68M) | Time:00:00.00 | Mem:0.00M, Peak:0.00M | Scene, ViewLayer | Updating Background
Fra:1 Mem:8.58M (Peak 8.68M) | Time:00:00.00 | Mem:0.00M, Peak:0.00M | Scene, ViewLayer | Updating Camera
Fra:1 Mem:8.58M (Peak 8.68M) | Time:00:00.00 | Mem:0.00M, Peak:0.00M | Scene, ViewLayer | Updating Meshes Flags
Fra:1 Mem:8.58M (Peak 8.68M) | Time:00:00.00 | Mem:0.00M, Peak:0.00M | Scene, ViewLayer | Updating Objects
Fra:1 Mem:8.58M (Peak 8.68M) | Time:00:00.00 | Mem:0.00M, Peak:0.00M | Scene, ViewLayer | Updating Objects | Copying Transformations to device
Fra:1 Mem:8.58M (Peak 8.68M) | Time:00:00.00 | Mem:0.00M, Peak:0.00M | Scene, ViewLayer | Updating Particle Systems
Fra:1 Mem:8.58M (Peak 8.68M) | Time:00:00.00 | Mem:0.00M, Peak:0.00M | Scene, ViewLayer | Updating Particle Systems | Copying Particles to device
Fra:1 Mem:8.58M (Peak 8.68M) | Time:00:00.00 | Mem:0.00M, Peak:0.00M | Scene, ViewLayer | Updating Meshes
Fra:1 Mem:8.58M (Peak 8.68M) | Time:00:00.00 | Mem:0.00M, Peak:0.00M | Scene, ViewLayer | Updating Objects | Applying Static Transformations
Fra:1 Mem:8.58M (Peak 8.68M) | Time:00:00.00 | Mem:0.00M, Peak:0.00M | Scene, ViewLayer | Updating Mesh | Computing attributes
Fra:1 Mem:8.61M (Peak 8.68M) | Time:00:00.00 | Mem:0.00M, Peak:0.00M | Scene, ViewLayer | Updating Mesh | Copying Attributes to device
Fra:1 Mem:8.61M (Peak 8.68M) | Time:00:00.00 | Mem:0.04M, Peak:0.04M | Scene, ViewLayer | Updating Scene BVH | Building
Fra:1 Mem:8.61M (Peak 8.68M) | Time:00:00.00 | Mem:0.04M, Peak:0.04M | Scene, ViewLayer | Updating Scene BVH | Building BVH
Fra:1 Mem:8.61M (Peak 8.68M) | Time:00:00.00 | Mem:0.06M, Peak:0.06M | Scene, ViewLayer | Updating Scene BVH | Building BVH 0%
Fra:1 Mem:8.61M (Peak 8.68M) | Time:00:00.00 | Mem:0.09M, Peak:0.12M | Scene, ViewLayer | Updating Scene BVH | Copying BVH to device
Fra:1 Mem:8.61M (Peak 8.68M) | Time:00:00.00 | Mem:0.09M, Peak:0.12M | Scene, ViewLayer | Updating Mesh | Computing normals
Fra:1 Mem:8.63M (Peak 8.68M) | Time:00:00.00 | Mem:0.09M, Peak:0.12M | Scene, ViewLayer | Updating Mesh | Copying Mesh to device
Fra:1 Mem:8.63M (Peak 8.68M) | Time:00:00.00 | Mem:0.11M, Peak:0.12M | Scene, ViewLayer | Updating Objects Flags
Fra:1 Mem:8.63M (Peak 8.68M) | Time:00:00.00 | Mem:0.11M, Peak:0.12M | Scene, ViewLayer | Updating Primitive Offsets
Fra:1 Mem:8.63M (Peak 8.68M) | Time:00:00.00 | Mem:0.11M, Peak:0.12M | Scene, ViewLayer | Updating Images
Fra:1 Mem:8.63M (Peak 8.68M) | Time:00:00.00 | Mem:0.11M, Peak:0.12M | Scene, ViewLayer | Updating Camera Volume
Fra:1 Mem:8.63M (Peak 8.68M) | Time:00:00.00 | Mem:0.11M, Peak:0.12M | Scene, ViewLayer | Updating Lookup Tables
Fra:1 Mem:8.63M (Peak 8.68M) | Time:00:00.00 | Mem:0.19M, Peak:0.19M | Scene, ViewLayer | Updating Lights
Fra:1 Mem:8.63M (Peak 8.68M) | Time:00:00.00 | Mem:0.19M, Peak:0.19M | Scene, ViewLayer | Updating Lights | Computing tree
Fra:1 Mem:8.63M (Peak 8.68M) | Time:00:00.00 | Mem:0.20M, Peak:0.20M | Scene, ViewLayer | Updating Integrator
Fra:1 Mem:8.63M (Peak 8.68M) | Time:00:00.00 | Mem:0.20M, Peak:0.20M | Scene, ViewLayer | Updating Film
Fra:1 Mem:8.64M (Peak 8.68M) | Time:00:00.00 | Mem:0.11M, Peak:0.20M | Scene, ViewLayer | Updating Lookup Tables
Fra:1 Mem:8.64M (Peak 8.68M) | Time:00:00.00 | Mem:0.20M, Peak:0.20M | Scene, ViewLayer | Updating Baking
Fra:1 Mem:8.64M (Peak 8.68M) | Time:00:00.00 | Mem:0.20M, Peak:0.20M | Scene, ViewLayer | Updating Device | Writing constant memory
Fra:1 Mem:8.64M (Peak 8.68M) | Time:00:00.00 | Mem:0.20M, Peak:0.20M | Scene, ViewLayer | Loading denoising kernels (may take a few minutes the first time)
Fra:1 Mem:8.64M (Peak 8.68M) | Time:00:00.00 | Mem:0.20M, Peak:0.20M | Scene, ViewLayer | Sample 0/20
Fra:1 Mem:50.41M (Peak 50.41M) | Time:00:00.18 | Remaining:00:03.55 | Mem:41.95M, Peak:41.95M | Scene, ViewLayer | Sample 1/20
Fra:1 Mem:67.99M (Peak 94.36M) | Time:00:09.91 | Mem:41.95M, Peak:41.95M | Scene, ViewLayer | Sample 20/20
Fra:1 Mem:67.99M (Peak 94.36M) | Time:00:09.91 | Mem:41.95M, Peak:41.95M | Scene, ViewLayer | Finished
Saved: '/workspace/scratch/a29d03198654/Aether/cloud-evidence/cloudsea52h-b-source-v0-20261001T093321Z-on7dy1tm/images/sea52h-b-main-0-top.png'
Time: 00:09.97 (Saving: 00:00.05)


Blender quit
