Godot Engine v4.5.1.stable.official.f62fdbde1 - https://godotengine.org
OpenGL API 4.5 (Core Profile) Mesa 25.0.7-2+deb13u1 - Compatibility - Using Device: Mesa - llvmpipe (LLVM 19.1.7, 256 bits)

NEAR_SHIP53WEST STAGE identity
PASS Actual renderer required
PASS Pinned input /workspace/scratch/a29d03198654/Aether/source-assets/observation59-1216-plan/revision-b/run_pose59b.py
PASS Pinned input /workspace/scratch/a29d03198654/Aether/source-assets/observation59-1216-plan/revision-b/observe_pose59b.gd
PASS Pinned input /workspace/scratch/a29d03198654/Aether/source-assets/observation59-1216-plan/revision-b/proposal.json
PASS Pinned input /workspace/scratch/a29d03198654/Aether/source-assets/observation59-1216-plan/revision-b/ship-static59.json
PASS Pinned input /workspace/scratch/a29d03198654/Aether/source-assets/observation59-1216-plan/revision-b/fit_exact_ship59.py
PASS Pinned input /workspace/scratch/a29d03198654/Aether/source-assets/observation59-1216-plan/revision-b/exact-proposal59b.json
PASS Pinned input /workspace/scratch/a29d03198654/Aether/candidates/round40-exclusive-20260930/project/scenes/candidate52f/Game52f.tscn
PASS Pinned input /workspace/scratch/a29d03198654/Aether/candidates/round40-exclusive-20260930/project/project.godot
PASS Pinned input /workspace/scratch/a29d03198654/Aether/candidates/round40-exclusive-20260930/project/scenes/candidate52f/verified-saved-52f.json
PASS Pinned input /workspace/scratch/a29d03198654/Aether/cloud-evidence/cloudsea52f-audit-v3-20261001T070746Z-dsqdacml/process-report.json
PASS Pinned input /workspace/scratch/a29d03198654/Aether/candidates/round40-exclusive-20260930/project/tools/observe_near_ship53west_v2.gd
PASS Pinned input /workspace/scratch/a29d03198654/Aether/ref/1216.png
PASS Pinned input /workspace/scratch/a29d03198654/Aether/candidates/round40-exclusive-20260930/project/scripts/game.gd
PASS Pinned input /workspace/scratch/a29d03198654/Aether/candidates/round40-exclusive-20260930/project/scripts/game42b.gd
PASS Pinned input /workspace/scratch/a29d03198654/Aether/candidates/round40-exclusive-20260930/project/scripts/airship_body.gd
PASS Pinned input /workspace/scratch/a29d03198654/Aether/candidates/round40-exclusive-20260930/project/scripts/open_world.gd
PASS Pinned input /workspace/scratch/a29d03198654/Aether/candidates/round40-exclusive-20260930/project/scripts/lake_reflection51b.gd
PASS Pinned saved52f research world
WORLD READY: 208 independent terrain scenes, 54797 saved scatter instances, 169 scene landmarks, 6 scene ports
PASS Callbacks frozen without altering active collision state
PASS Original1216 camera/FOV fixed
PASS Static source export bound to exact118mesh/25669vertices
PASS Actual source surface count Airship/Visuals/Model/Airship/Belt stitching 1
PASS Actual native mesh array bytes equal static export Airship/Visuals/Model/Airship/Belt stitching 1
PASS Actual source surface count Airship/Visuals/Model/Airship/Belt stitching 2
PASS Actual native mesh array bytes equal static export Airship/Visuals/Model/Airship/Belt stitching 2
PASS Actual source surface count Airship/Visuals/Model/Airship/Belt stitching 3
PASS Actual native mesh array bytes equal static export Airship/Visuals/Model/Airship/Belt stitching 3
PASS Actual source surface count Airship/Visuals/Model/Airship/Boiler chimney
PASS Actual native mesh array bytes equal static export Airship/Visuals/Model/Airship/Boiler chimney
PASS Actual source surface count Airship/Visuals/Model/Airship/Cabin lintel -0_35
PASS Actual native mesh array bytes equal static export Airship/Visuals/Model/Airship/Cabin lintel -0_35
PASS Actual source surface count Airship/Visuals/Model/Airship/Cabin lintel -1_21
PASS Actual native mesh array bytes equal static export Airship/Visuals/Model/Airship/Cabin lintel -1_21
PASS Actual source surface count Airship/Visuals/Model/Airship/Cabin upright 0_0
PASS Actual native mesh array bytes equal static export Airship/Visuals/Model/Airship/Cabin upright 0_0
PASS Actual source surface count Airship/Visuals/Model/Airship/Cabin upright 0_62
PASS Actual native mesh array bytes equal static export Airship/Visuals/Model/Airship/Cabin upright 0_62
PASS Actual source surface count Airship/Visuals/Model/Airship/Cabin upright 1_27
PASS Actual native mesh array bytes equal static export Airship/Visuals/Model/Airship/Cabin upright 1_27
PASS Actual source surface count Airship/Visuals/Model/Airship/Chest clasp
PASS Actual native mesh array bytes equal static export Airship/Visuals/Model/Airship/Chest clasp
PASS Actual source surface count Airship/Visuals/Model/Airship/Closed wooden keel
PASS Actual native mesh array bytes equal static export Airship/Visuals/Model/Airship/Closed wooden keel
PASS Actual source surface count Airship/Visuals/Model/Airship/Deck board -0_7
PASS Actual native mesh array bytes equal static export Airship/Visuals/Model/Airship/Deck board -0_7
PASS Actual source surface count Airship/Visuals/Model/Airship/Deck board -0_9750000000000001
PASS Actual native mesh array bytes equal static export Airship/Visuals/Model/Airship/Deck board -0_9750000000000001
PASS Actual source surface count Airship/Visuals/Model/Airship/Deck board -1_25
PASS Actual native mesh array bytes equal static export Airship/Visuals/Model/Airship/Deck board -1_25
PASS Actual source surface count Airship/Visuals/Model/Airship/Deck board -1_525
PASS Actual native mesh array bytes equal static export Airship/Visuals/Model/Airship/Deck board -1_525
PASS Actual source surface count Airship/Visuals/Model/Airship/Deck board -1_8
PASS Actual native mesh array bytes equal static export Airship/Visuals/Model/Airship/Deck board -1_8
PASS Actual source surface count Airship/Visuals/Model/Airship/Deck board -2_075
PASS Actual native mesh array bytes equal static export Airship/Visuals/Model/Airship/Deck board -2_075
PASS Actual source surface count Airship/Visuals/Model/Airship/Deck board -2_35
PASS Actual native mesh array bytes equal static export Airship/Visuals/Model/Airship/Deck board -2_35
PASS Actual source surface count Airship/Visuals/Model/Airship/Envelope
PASS Actual native mesh array bytes equal static export Airship/Visuals/Model/Airship/Envelope
PASS Actual source surface count Airship/Visuals/Model/Airship/Flag
PASS Actual native mesh array bytes equal static export Airship/Visuals/Model/Airship/Flag
PASS Actual source surface count Airship/Visuals/Model/Airship/Flagstaff
PASS Actual native mesh array bytes equal static export Airship/Visuals/Model/Airship/Flagstaff
PASS Actual source surface count Airship/Visuals/Model/Airship/Gondola
PASS Actual native mesh array bytes equal static export Airship/Visuals/Model/Airship/Gondola
PASS Actual source surface count Airship/Visuals/Model/Airship/Hull plank -1 0 0
PASS Actual native mesh array bytes equal static export Airship/Visuals/Model/Airship/Hull plank -1 0 0
PASS Actual source surface count Airship/Visuals/Model/Airship/Hull plank -1 0 1
PASS Actual native mesh array bytes equal static export Airship/Visuals/Model/Airship/Hull plank -1 0 1
PASS Actual source surface count Airship/Visuals/Model/Airship/Hull plank -1 0 2
PASS Actual native mesh array bytes equal static export Airship/Visuals/Model/Airship/Hull plank -1 0 2
PASS Actual source surface count Airship/Visuals/Model/Airship/Hull plank -1 0 3
PASS Actual native mesh array bytes equal static export Airship/Visuals/Model/Airship/Hull plank -1 0 3
PASS Actual source surface count Airship/Visuals/Model/Airship/Hull plank -1 0 4
PASS Actual native mesh array bytes equal static export Airship/Visuals/Model/Airship/Hull plank -1 0 4
PASS Actual source surface count Airship/Visuals/Model/Airship/Hull plank -1 1 0
PASS Actual native mesh array bytes equal static export Airship/Visuals/Model/Airship/Hull plank -1 1 0
PASS Actual source surface count Airship/Visuals/Model/Airship/Hull plank -1 1 1
PASS Actual native mesh array bytes equal static export Airship/Visuals/Model/Airship/Hull plank -1 1 1
PASS Actual source surface count Airship/Visuals/Model/Airship/Hull plank -1 1 2
PASS Actual native mesh array bytes equal static export Airship/Visuals/Model/Airship/Hull plank -1 1 2
PASS Actual source surface count Airship/Visuals/Model/Airship/Hull plank -1 1 3
PASS Actual native mesh array bytes equal static export Airship/Visuals/Model/Airship/Hull plank -1 1 3
PASS Actual source surface count Airship/Visuals/Model/Airship/Hull plank -1 1 4
PASS Actual native mesh array bytes equal static export Airship/Visuals/Model/Airship/Hull plank -1 1 4
PASS Actual source surface count Airship/Visuals/Model/Airship/Hull plank -1 2 0
PASS Actual native mesh array bytes equal static export Airship/Visuals/Model/Airship/Hull plank -1 2 0
PASS Actual source surface count Airship/Visuals/Model/Airship/Hull plank -1 2 1
PASS Actual native mesh array bytes equal static export Airship/Visuals/Model/Airship/Hull plank -1 2 1
PASS Actual source surface count Airship/Visuals/Model/Airship/Hull plank -1 2 2
PASS Actual native mesh array bytes equal static export Airship/Visuals/Model/Airship/Hull plank -1 2 2
PASS Actual source surface count Airship/Visuals/Model/Airship/Hull plank -1 2 3
PASS Actual native mesh array bytes equal static export Airship/Visuals/Model/Airship/Hull plank -1 2 3
PASS Actual source surface count Airship/Visuals/Model/Airship/Hull plank -1 2 4
PASS Actual native mesh array bytes equal static export Airship/Visuals/Model/Airship/Hull plank -1 2 4
PASS Actual source surface count Airship/Visuals/Model/Airship/Hull plank -1 3 0
PASS Actual native mesh array bytes equal static export Airship/Visuals/Model/Airship/Hull plank -1 3 0
PASS Actual source surface count Airship/Visuals/Model/Airship/Hull plank -1 3 1
PASS Actual native mesh array bytes equal static export Airship/Visuals/Model/Airship/Hull plank -1 3 1
PASS Actual source surface count Airship/Visuals/Model/Airship/Hull plank -1 3 2
PASS Actual native mesh array bytes equal static export Airship/Visuals/Model/Airship/Hull plank -1 3 2
PASS Actual source surface count Airship/Visuals/Model/Airship/Hull plank -1 3 3
PASS Actual native mesh array bytes equal static export Airship/Visuals/Model/Airship/Hull plank -1 3 3
PASS Actual source surface count Airship/Visuals/Model/Airship/Hull plank -1 3 4
PASS Actual native mesh array bytes equal static export Airship/Visuals/Model/Airship/Hull plank -1 3 4
PASS Actual source surface count Airship/Visuals/Model/Airship/Hull plank -1 4 0
PASS Actual native mesh array bytes equal static export Airship/Visuals/Model/Airship/Hull plank -1 4 0
PASS Actual source surface count Airship/Visuals/Model/Airship/Hull plank -1 4 1
PASS Actual native mesh array bytes equal static export Airship/Visuals/Model/Airship/Hull plank -1 4 1
PASS Actual source surface count Airship/Visuals/Model/Airship/Hull plank -1 4 2
PASS Actual native mesh array bytes equal static export Airship/Visuals/Model/Airship/Hull plank -1 4 2
PASS Actual source surface count Airship/Visuals/Model/Airship/Hull plank -1 4 3
PASS Actual native mesh array bytes equal static export Airship/Visuals/Model/Airship/Hull plank -1 4 3
PASS Actual source surface count Airship/Visuals/Model/Airship/Hull plank -1 4 4
PASS Actual native mesh array bytes equal static export Airship/Visuals/Model/Airship/Hull plank -1 4 4
PASS Actual source surface count Airship/Visuals/Model/Airship/Hull plank -1 5 0
PASS Actual native mesh array bytes equal static export Airship/Visuals/Model/Airship/Hull plank -1 5 0
PASS Actual source surface count Airship/Visuals/Model/Airship/Hull plank -1 5 1
PASS Actual native mesh array bytes equal static export Airship/Visuals/Model/Airship/Hull plank -1 5 1
PASS Actual source surface count Airship/Visuals/Model/Airship/Hull plank -1 5 2
PASS Actual native mesh array bytes equal static export Airship/Visuals/Model/Airship/Hull plank -1 5 2
PASS Actual source surface count Airship/Visuals/Model/Airship/Hull plank -1 5 3
PASS Actual native mesh array bytes equal static export Airship/Visuals/Model/Airship/Hull plank -1 5 3
PASS Actual source surface count Airship/Visuals/Model/Airship/Hull plank -1 5 4
PASS Actual native mesh array bytes equal static export Airship/Visuals/Model/Airship/Hull plank -1 5 4
PASS Actual source surface count Airship/Visuals/Model/Airship/Hull plank 1 0 0
PASS Actual native mesh array bytes equal static export Airship/Visuals/Model/Airship/Hull plank 1 0 0
PASS Actual source surface count Airship/Visuals/Model/Airship/Hull plank 1 0 1
PASS Actual native mesh array bytes equal static export Airship/Visuals/Model/Airship/Hull plank 1 0 1
PASS Actual source surface count Airship/Visuals/Model/Airship/Hull plank 1 0 2
PASS Actual native mesh array bytes equal static export Airship/Visuals/Model/Airship/Hull plank 1 0 2
PASS Actual source surface count Airship/Visuals/Model/Airship/Hull plank 1 0 3
PASS Actual native mesh array bytes equal static export Airship/Visuals/Model/Airship/Hull plank 1 0 3
PASS Actual source surface count Airship/Visuals/Model/Airship/Hull plank 1 0 4
PASS Actual native mesh array bytes equal static export Airship/Visuals/Model/Airship/Hull plank 1 0 4
PASS Actual source surface count Airship/Visuals/Model/Airship/Hull plank 1 1 0
PASS Actual native mesh array bytes equal static export Airship/Visuals/Model/Airship/Hull plank 1 1 0
PASS Actual source surface count Airship/Visuals/Model/Airship/Hull plank 1 1 1
PASS Actual native mesh array bytes equal static export Airship/Visuals/Model/Airship/Hull plank 1 1 1
PASS Actual source surface count Airship/Visuals/Model/Airship/Hull plank 1 1 2
PASS Actual native mesh array bytes equal static export Airship/Visuals/Model/Airship/Hull plank 1 1 2
PASS Actual source surface count Airship/Visuals/Model/Airship/Hull plank 1 1 3
PASS Actual native mesh array bytes equal static export Airship/Visuals/Model/Airship/Hull plank 1 1 3
PASS Actual source surface count Airship/Visuals/Model/Airship/Hull plank 1 1 4
PASS Actual native mesh array bytes equal static export Airship/Visuals/Model/Airship/Hull plank 1 1 4
PASS Actual source surface count Airship/Visuals/Model/Airship/Hull plank 1 2 0
PASS Actual native mesh array bytes equal static export Airship/Visuals/Model/Airship/Hull plank 1 2 0
PASS Actual source surface count Airship/Visuals/Model/Airship/Hull plank 1 2 1
PASS Actual native mesh array bytes equal static export Airship/Visuals/Model/Airship/Hull plank 1 2 1
PASS Actual source surface count Airship/Visuals/Model/Airship/Hull plank 1 2 2
PASS Actual native mesh array bytes equal static export Airship/Visuals/Model/Airship/Hull plank 1 2 2
PASS Actual source surface count Airship/Visuals/Model/Airship/Hull plank 1 2 3
PASS Actual native mesh array bytes equal static export Airship/Visuals/Model/Airship/Hull plank 1 2 3
PASS Actual source surface count Airship/Visuals/Model/Airship/Hull plank 1 2 4
PASS Actual native mesh array bytes equal static export Airship/Visuals/Model/Airship/Hull plank 1 2 4
PASS Actual source surface count Airship/Visuals/Model/Airship/Hull plank 1 3 0
PASS Actual native mesh array bytes equal static export Airship/Visuals/Model/Airship/Hull plank 1 3 0
PASS Actual source surface count Airship/Visuals/Model/Airship/Hull plank 1 3 1
PASS Actual native mesh array bytes equal static export Airship/Visuals/Model/Airship/Hull plank 1 3 1
PASS Actual source surface count Airship/Visuals/Model/Airship/Hull plank 1 3 2
PASS Actual native mesh array bytes equal static export Airship/Visuals/Model/Airship/Hull plank 1 3 2
PASS Actual source surface count Airship/Visuals/Model/Airship/Hull plank 1 3 3
PASS Actual native mesh array bytes equal static export Airship/Visuals/Model/Airship/Hull plank 1 3 3
PASS Actual source surface count Airship/Visuals/Model/Airship/Hull plank 1 3 4
PASS Actual native mesh array bytes equal static export Airship/Visuals/Model/Airship/Hull plank 1 3 4
PASS Actual source surface count Airship/Visuals/Model/Airship/Hull plank 1 4 0
PASS Actual native mesh array bytes equal static export Airship/Visuals/Model/Airship/Hull plank 1 4 0
PASS Actual source surface count Airship/Visuals/Model/Airship/Hull plank 1 4 1
PASS Actual native mesh array bytes equal static export Airship/Visuals/Model/Airship/Hull plank 1 4 1
PASS Actual source surface count Airship/Visuals/Model/Airship/Hull plank 1 4 2
PASS Actual native mesh array bytes equal static export Airship/Visuals/Model/Airship/Hull plank 1 4 2
PASS Actual source surface count Airship/Visuals/Model/Airship/Hull plank 1 4 3
PASS Actual native mesh array bytes equal static export Airship/Visuals/Model/Airship/Hull plank 1 4 3
PASS Actual source surface count Airship/Visuals/Model/Airship/Hull plank 1 4 4
PASS Actual native mesh array bytes equal static export Airship/Visuals/Model/Airship/Hull plank 1 4 4
PASS Actual source surface count Airship/Visuals/Model/Airship/Hull plank 1 5 0
PASS Actual native mesh array bytes equal static export Airship/Visuals/Model/Airship/Hull plank 1 5 0
PASS Actual source surface count Airship/Visuals/Model/Airship/Hull plank 1 5 1
PASS Actual native mesh array bytes equal static export Airship/Visuals/Model/Airship/Hull plank 1 5 1
PASS Actual source surface count Airship/Visuals/Model/Airship/Hull plank 1 5 2
PASS Actual native mesh array bytes equal static export Airship/Visuals/Model/Airship/Hull plank 1 5 2
PASS Actual source surface count Airship/Visuals/Model/Airship/Hull plank 1 5 3
PASS Actual native mesh array bytes equal static export Airship/Visuals/Model/Airship/Hull plank 1 5 3
PASS Actual source surface count Airship/Visuals/Model/Airship/Hull plank 1 5 4
PASS Actual native mesh array bytes equal static export Airship/Visuals/Model/Airship/Hull plank 1 5 4
PASS Actual source surface count Airship/Visuals/Model/Airship/Lantern suspension
PASS Actual native mesh array bytes equal static export Airship/Visuals/Model/Airship/Lantern suspension
PASS Actual source surface count Airship/Visuals/Model/Airship/Leather belt 1
PASS Actual native mesh array bytes equal static export Airship/Visuals/Model/Airship/Leather belt 1
PASS Actual source surface count Airship/Visuals/Model/Airship/Leather belt 2
PASS Actual native mesh array bytes equal static export Airship/Visuals/Model/Airship/Leather belt 2
PASS Actual source surface count Airship/Visuals/Model/Airship/Leather belt 3
PASS Actual native mesh array bytes equal static export Airship/Visuals/Model/Airship/Leather belt 3
PASS Actual source surface count Airship/Visuals/Model/Airship/Rear ballast chest
PASS Actual native mesh array bytes equal static export Airship/Visuals/Model/Airship/Rear ballast chest
PASS Actual source surface count Airship/Visuals/Model/Airship/Rear propeller axle
PASS Actual native mesh array bytes equal static export Airship/Visuals/Model/Airship/Rear propeller axle
PASS Actual source surface count Airship/Visuals/Model/Airship/Rigging
PASS Actual native mesh array bytes equal static export Airship/Visuals/Model/Airship/Rigging
PASS Actual source surface count Airship/Visuals/Model/Airship/Roof board -0_24249999999999994
PASS Actual native mesh array bytes equal static export Airship/Visuals/Model/Airship/Roof board -0_24249999999999994
PASS Actual source surface count Airship/Visuals/Model/Airship/Roof board -0_485
PASS Actual native mesh array bytes equal static export Airship/Visuals/Model/Airship/Roof board -0_485
PASS Actual source surface count Airship/Visuals/Model/Airship/Roof board -0_7275
PASS Actual native mesh array bytes equal static export Airship/Visuals/Model/Airship/Roof board -0_7275
PASS Actual source surface count Airship/Visuals/Model/Airship/Roof board -0_97
PASS Actual native mesh array bytes equal static export Airship/Visuals/Model/Airship/Roof board -0_97
PASS Actual source surface count Airship/Visuals/Model/Airship/Roof board 0_0
PASS Actual native mesh array bytes equal static export Airship/Visuals/Model/Airship/Roof board 0_0
PASS Actual source surface count Airship/Visuals/Model/Airship/Roof board 0_24249999999999994
PASS Actual native mesh array bytes equal static export Airship/Visuals/Model/Airship/Roof board 0_24249999999999994
PASS Actual source surface count Airship/Visuals/Model/Airship/Roof board 0_4850000000000001
PASS Actual native mesh array bytes equal static export Airship/Visuals/Model/Airship/Roof board 0_4850000000000001
PASS Actual source surface count Airship/Visuals/Model/Airship/Roof board 0_7275
PASS Actual native mesh array bytes equal static export Airship/Visuals/Model/Airship/Roof board 0_7275
PASS Actual source surface count Airship/Visuals/Model/Airship/Roof board 0_97
PASS Actual native mesh array bytes equal static export Airship/Visuals/Model/Airship/Roof board 0_97
PASS Actual source surface count Airship/Visuals/Model/Airship/Rope swag -1_-1_45
PASS Actual native mesh array bytes equal static export Airship/Visuals/Model/Airship/Rope swag -1_-1_45
PASS Actual source surface count Airship/Visuals/Model/Airship/Rope swag -1_-2_75
PASS Actual native mesh array bytes equal static export Airship/Visuals/Model/Airship/Rope swag -1_-2_75
PASS Actual source surface count Airship/Visuals/Model/Airship/Rope swag -1_0_1
PASS Actual native mesh array bytes equal static export Airship/Visuals/Model/Airship/Rope swag -1_0_1
PASS Actual source surface count Airship/Visuals/Model/Airship/Rope swag -1_1_5
PASS Actual native mesh array bytes equal static export Airship/Visuals/Model/Airship/Rope swag -1_1_5
PASS Actual source surface count Airship/Visuals/Model/Airship/Rope swag 1_-1_45
PASS Actual native mesh array bytes equal static export Airship/Visuals/Model/Airship/Rope swag 1_-1_45
PASS Actual source surface count Airship/Visuals/Model/Airship/Rope swag 1_-2_75
PASS Actual native mesh array bytes equal static export Airship/Visuals/Model/Airship/Rope swag 1_-2_75
PASS Actual source surface count Airship/Visuals/Model/Airship/Rope swag 1_0_1
PASS Actual native mesh array bytes equal static export Airship/Visuals/Model/Airship/Rope swag 1_0_1
PASS Actual source surface count Airship/Visuals/Model/Airship/Rope swag 1_1_5
PASS Actual native mesh array bytes equal static export Airship/Visuals/Model/Airship/Rope swag 1_1_5
PASS Actual source surface count Airship/Visuals/Model/Airship/Tension cable 0_-1
PASS Actual native mesh array bytes equal static export Airship/Visuals/Model/Airship/Tension cable 0_-1
PASS Actual source surface count Airship/Visuals/Model/Airship/Tension cable 0_1
PASS Actual native mesh array bytes equal static export Airship/Visuals/Model/Airship/Tension cable 0_1
PASS Actual source surface count Airship/Visuals/Model/Airship/Tension cable 1_-1
PASS Actual native mesh array bytes equal static export Airship/Visuals/Model/Airship/Tension cable 1_-1
PASS Actual source surface count Airship/Visuals/Model/Airship/Tension cable 1_1
PASS Actual native mesh array bytes equal static export Airship/Visuals/Model/Airship/Tension cable 1_1
PASS Actual source surface count Airship/Visuals/Model/Airship/Upper gunwale -1
PASS Actual native mesh array bytes equal static export Airship/Visuals/Model/Airship/Upper gunwale -1
PASS Actual source surface count Airship/Visuals/Model/Airship/Upper gunwale 1
PASS Actual native mesh array bytes equal static export Airship/Visuals/Model/Airship/Upper gunwale 1
PASS Actual source surface count Airship/Visuals/Model/Airship/Window crossbar 0_0
PASS Actual native mesh array bytes equal static export Airship/Visuals/Model/Airship/Window crossbar 0_0
PASS Actual source surface count Airship/Visuals/Model/Airship/Window crossbar 0_62
PASS Actual native mesh array bytes equal static export Airship/Visuals/Model/Airship/Window crossbar 0_62
PASS Actual source surface count Airship/Visuals/Model/Airship/Window crossbar 1_27
PASS Actual native mesh array bytes equal static export Airship/Visuals/Model/Airship/Window crossbar 1_27
PASS Actual source surface count Airship/Visuals/Propeller/Propeller/Propeller_001
PASS Actual native mesh array bytes equal static export Airship/Visuals/Propeller/Propeller/Propeller_001
PASS Actual source surface count Airship/Visuals/CarriageLantern40_0
PASS Actual native mesh array bytes equal static export Airship/Visuals/CarriageLantern40_0
PASS Actual source surface count Airship/Visuals/CarriageLantern40_1
PASS Actual native mesh array bytes equal static export Airship/Visuals/CarriageLantern40_1
PASS Actual visible geometry and two body shapes collected
PASS Saved actual 1216/A-original/main
PASS Saved actual 1216/A-original/reflection
NEAR_SHIP53WEST STAGE 1216_A-original
PASS OriginalA actual full-envelope solid and cloud clearance
PASS CandidateB actual full-envelope solid and cloud clearance
PASS B changes only ship position/yaw, exact camera/scale/material/tracked-state preservation
PASS Actual placed full geometry fits camera and is conservatively clear
PASS Saved actual 1216/B-side-study/main
PASS Saved actual 1216/B-side-study/reflection
NEAR_SHIP53WEST STAGE 1216_B-side-study
PASS Exact complete A runtime state restored; original camera/FOV/geometry/environment/collision retained
PASS Saved actual 1216/A2-restored/main
PASS Saved actual 1216/A2-restored/reflection
NEAR_SHIP53WEST STAGE 1216_A2-restored
PASS Strict A/A2 native and real main/reflection pixels restored
PASS Exact complete A runtime state restored; original camera/FOV/geometry/environment/collision retained
PASS Source preserved /workspace/scratch/a29d03198654/Aether/source-assets/observation59-1216-plan/revision-b/run_pose59b.py
PASS Source preserved /workspace/scratch/a29d03198654/Aether/source-assets/observation59-1216-plan/revision-b/observe_pose59b.gd
PASS Source preserved /workspace/scratch/a29d03198654/Aether/source-assets/observation59-1216-plan/revision-b/proposal.json
PASS Source preserved /workspace/scratch/a29d03198654/Aether/source-assets/observation59-1216-plan/revision-b/ship-static59.json
PASS Source preserved /workspace/scratch/a29d03198654/Aether/source-assets/observation59-1216-plan/revision-b/fit_exact_ship59.py
PASS Source preserved /workspace/scratch/a29d03198654/Aether/source-assets/observation59-1216-plan/revision-b/exact-proposal59b.json
PASS Source preserved /workspace/scratch/a29d03198654/Aether/candidates/round40-exclusive-20260930/project/scenes/candidate52f/Game52f.tscn
PASS Source preserved /workspace/scratch/a29d03198654/Aether/candidates/round40-exclusive-20260930/project/project.godot
PASS Source preserved /workspace/scratch/a29d03198654/Aether/candidates/round40-exclusive-20260930/project/scenes/candidate52f/verified-saved-52f.json
PASS Source preserved /workspace/scratch/a29d03198654/Aether/cloud-evidence/cloudsea52f-audit-v3-20261001T070746Z-dsqdacml/process-report.json
PASS Source preserved /workspace/scratch/a29d03198654/Aether/candidates/round40-exclusive-20260930/project/tools/observe_near_ship53west_v2.gd
PASS Source preserved /workspace/scratch/a29d03198654/Aether/ref/1216.png
PASS Source preserved /workspace/scratch/a29d03198654/Aether/candidates/round40-exclusive-20260930/project/scripts/game.gd
PASS Source preserved /workspace/scratch/a29d03198654/Aether/candidates/round40-exclusive-20260930/project/scripts/game42b.gd
PASS Source preserved /workspace/scratch/a29d03198654/Aether/candidates/round40-exclusive-20260930/project/scripts/airship_body.gd
PASS Source preserved /workspace/scratch/a29d03198654/Aether/candidates/round40-exclusive-20260930/project/scripts/open_world.gd
PASS Source preserved /workspace/scratch/a29d03198654/Aether/candidates/round40-exclusive-20260930/project/scripts/lake_reflection51b.gd
