Info: Saved as "massif_west_spur_rim53.blend"
INFO Draco mesh compression is available, use library at /workspace/scratch/a29d03198654/tools-feiting/blender-4.5.14-linux-x64/4.5/scripts/addons_core/io_scene_gltf2/libextern_draco.so
12:39:53 | INFO: Starting glTF 2.0 export
12:39:53 | INFO: Extracting primitive: massif_west_spur_saved51b_authoritative_body
12:39:53 | INFO: Primitives created: 1
12:39:53 | INFO: Extracting primitive: ridge_shoulders_editable_mesh
12:39:53 | INFO: Primitives created: 1
12:39:53 | INFO: Extracting primitive: snow_cap_editable_mesh
12:39:53 | INFO: Primitives created: 1
12:39:53 | INFO: Extracting primitive: snow_gully_editable_mesh
12:39:53 | INFO: Primitives created: 1
12:39:53 | INFO: Extracting primitive: shore_rock_apron_editable_mesh
12:39:53 | INFO: Primitives created: 1
12:39:53 | INFO: Finished glTF 2.0 export in 0.016352415084838867 s

RIM53_SAVED massif_west_spur 5 2596
Blender 4.5.14 LTS (hash 62c1db4208e8 built 2026-09-15 01:31:19)
Read blend: "/workspace/scratch/a29d03198654/Aether/source-assets/lake-rim53/original_west_spur.blend"
Read blend: "/workspace/scratch/a29d03198654/Aether/source-assets/lake48/massif_cirque_wall_lake48.blend"
Traceback (most recent call last):
  File "/workspace/scratch/a29d03198654/Aether/source-assets/lake-rim53/sculpt_rim53.py", line 162, in <module>
    parts=[original]+grid_ridge(name,org,rockmat,snowmat)
                     ^^^^^^^^^^^^^^^^^^^^^^^^^^^^^^^^^^^^
  File "/workspace/scratch/a29d03198654/Aether/source-assets/lake-rim53/sculpt_rim53.py", line 103, in grid_ridge
    if h<4:raise RuntimeError(('ridge touches retained lake',name,x,zz,h))
           ^^^^^^^^^^^^^^^^^^^^^^^^^^^^^^^^^^^^^^^^^^^^^^^^^^^^^^^^^^^^^^^
RuntimeError: ('ridge touches retained lake', 'massif_cirque_wall', 902.0, -1610.0, 2.870849609375)

Blender quit
