Info: Saved as "massif_west_spur_rim53.blend"
INFO Draco mesh compression is available, use library at /workspace/scratch/a29d03198654/tools-feiting/blender-4.5.14-linux-x64/4.5/scripts/addons_core/io_scene_gltf2/libextern_draco.so
12:41:27 | INFO: Starting glTF 2.0 export
12:41:27 | INFO: Extracting primitive: massif_west_spur_saved51b_authoritative_body
12:41:27 | INFO: Primitives created: 1
12:41:27 | INFO: Extracting primitive: ridge_shoulders_editable_mesh
12:41:27 | INFO: Primitives created: 1
12:41:27 | INFO: Extracting primitive: snow_cap_editable_mesh
12:41:27 | INFO: Primitives created: 1
12:41:27 | INFO: Extracting primitive: snow_gully_editable_mesh
12:41:27 | INFO: Primitives created: 1
12:41:27 | INFO: Extracting primitive: shore_rock_apron_editable_mesh
12:41:27 | INFO: Primitives created: 1
12:41:27 | INFO: Finished glTF 2.0 export in 0.013735294342041016 s

RIM53_SAVED massif_west_spur 5 2556
Info: Saved as "massif_cirque_wall_rim53.blend"
12:41:27 | INFO: Starting glTF 2.0 export
12:41:27 | INFO: Extracting primitive: massif_cirque_wall_saved51b_authoritative_body
12:41:27 | INFO: Primitives created: 1
12:41:27 | INFO: Extracting primitive: ridge_shoulders_editable_mesh
12:41:27 | INFO: Primitives created: 1
12:41:27 | INFO: Extracting primitive: snow_cap_editable_mesh
12:41:27 | INFO: Primitives created: 1
12:41:27 | INFO: Extracting primitive: snow_gully_editable_mesh
12:41:27 | INFO: Primitives created: 1
12:41:27 | INFO: Extracting primitive: shore_rock_apron_editable_mesh
12:41:27 | INFO: Primitives created: 1
12:41:27 | INFO: Finished glTF 2.0 export in 0.016561508178710938 s

RIM53_SAVED massif_cirque_wall 5 3024
Info: Saved as "massif_east_foothill_rim53.blend"
12:41:27 | INFO: Starting glTF 2.0 export
12:41:27 | INFO: Extracting primitive: massif_east_foothill_saved51b_authoritative_body
12:41:27 | INFO: Primitives created: 1
12:41:27 | INFO: Extracting primitive: ridge_shoulders_editable_mesh
12:41:27 | INFO: Primitives created: 1
12:41:27 | INFO: Extracting primitive: snow_cap_editable_mesh
12:41:27 | INFO: Primitives created: 1
12:41:27 | INFO: Extracting primitive: snow_gully_editable_mesh
12:41:27 | INFO: Primitives created: 1
12:41:27 | INFO: Extracting primitive: shore_rock_apron_editable_mesh
12:41:27 | INFO: Primitives created: 1
12:41:27 | INFO: Finished glTF 2.0 export in 0.016210317611694336 s

RIM53_SAVED massif_east_foothill 5 5032
Info: Saved as "massif_frost_crown_rim53.blend"
12:41:27 | INFO: Starting glTF 2.0 export
12:41:27 | INFO: Extracting primitive: massif_frost_crown_saved51b_authoritative_body
12:41:27 | INFO: Primitives created: 1
12:41:27 | INFO: Extracting primitive: ridge_shoulders_editable_mesh
12:41:27 | INFO: Primitives created: 1
12:41:27 | INFO: Extracting primitive: snow_cap_editable_mesh
12:41:27 | INFO: Primitives created: 1
12:41:27 | INFO: Extracting primitive: snow_gully_editable_mesh
12:41:27 | INFO: Primitives created: 1
12:41:27 | INFO: Finished glTF 2.0 export in 0.009265661239624023 s

RIM53_SAVED massif_frost_crown 4 474
RIM53_ALL_SOURCES_SAVED
Blender 4.5.14 LTS (hash 62c1db4208e8 built 2026-09-15 01:31:19)
Read blend: "/workspace/scratch/a29d03198654/Aether/source-assets/lake-rim53/original_west_spur.blend"
Read blend: "/workspace/scratch/a29d03198654/Aether/source-assets/lake48/massif_cirque_wall_lake48.blend"
Read blend: "/workspace/scratch/a29d03198654/Aether/source-assets/lake48/massif_east_foothill_lake48.blend"
Read blend: "/workspace/scratch/a29d03198654/Aether/cloud-evidence/lake-source-intake/massif_frost_crown.blend"

Blender quit
