Godot Engine v4.5.1.stable.official.f62fdbde1 - https://godotengine.org
OpenGL API 4.5 (Core Profile) Mesa 25.0.7-2+deb13u1 - Compatibility - Using Device: Mesa - llvmpipe (LLVM 19.1.7, 256 bits)

PASS Only one new depth controller is present
PASS Fresh49 canonical double-snapshot stable
PASS All saved49 state except soleOcean binding unchanged in50
PASS Exact48000 weather floats retained
PASS Fresh50 hash matches successful independent build
PASS Independent verifier agrees with untouched49 fingerprint
PASS SavedOcean/controller exact build fingerprints match
PASS Independent50 asset hash retained res://assets/lake_depth50/water_depth_shader.tres
PASS Independent50 asset hash retained res://assets/lake_depth50/ocean_depth50.tres
PASS Independent50 asset hash retained res://assets/lake_depth50/lake_height_base_1m.res
PASS Independent50 asset hash retained res://assets/lake_depth50/island_near_left_height_025m.res
PASS Independent50 asset hash retained res://assets/lake_depth50/island_far_middle_height_025m.res
PASS Independent50 asset hash retained res://assets/lake_depth50/island_near_right_height_025m.res
PASS Independent50 asset hash retained res://assets/lake_depth50/foreground_rock_height_025m.res
PASS Authoring controller/shader inputs unchanged
PASS Known49 motion evidence belongs to exact baseline
WORLD READY: 208 independent terrain scenes, 54797 saved scatter instances, 169 scene landmarks, 6 scene ports
PASS Default candidate binds five images and enables geographic depth
PASS All original Ocean uniforms equal for current reference
PASS Original fixed camera retained 1128
FAIL Exact49 motion outcome retained 1128/original-plus350m
PASS Exact49 motion outcome retained 1128/protected-plus150m
PASS Exact49 motion outcome retained 1128/protected-approach200m
PASS All original Ocean uniforms equal for current reference
PASS Actual rendered RGBA capture reference-1128-front--A49-original
PASS Camera clear reference-1128-front--A49-original
PASS Actual rendered RGBA capture reference-1128-front--B50-depth-disabled
PASS Camera clear reference-1128-front--B50-depth-disabled
PASS Actual rendered RGBA capture reference-1128-front--A49-restored
PASS Camera clear reference-1128-front--A49-restored
PASS Required full RGBA zero-difference reference-1128-front/49-original-vs50-disabled
PASS Required full RGBA zero-difference reference-1128-front/49-A-vs49-A2
PASS Actual rendered RGBA capture reference-1128-front--C50-depth-enabled
PASS Camera clear reference-1128-front--C50-depth-enabled
PASS Actual rendered RGBA capture reference-1128-front--B50-disabled-restored
PASS Camera clear reference-1128-front--B50-disabled-restored
PASS Required full RGBA zero-difference reference-1128-front/50-disabled-vs50-disabled-restored
PASS Reference pose untouched across all material/depth controls reference-1128-front
PASS All original Ocean uniform values untouched during controls reference-1128-front
PASS All original Ocean uniforms equal for current reference
PASS Actual rendered RGBA capture reference-1128-side--A49-original
PASS Camera clear reference-1128-side--A49-original
PASS Actual rendered RGBA capture reference-1128-side--B50-depth-disabled
PASS Camera clear reference-1128-side--B50-depth-disabled
PASS Actual rendered RGBA capture reference-1128-side--A49-restored
PASS Camera clear reference-1128-side--A49-restored
PASS Required full RGBA zero-difference reference-1128-side/49-original-vs50-disabled
PASS Required full RGBA zero-difference reference-1128-side/49-A-vs49-A2
PASS Actual rendered RGBA capture reference-1128-side--C50-depth-enabled
PASS Camera clear reference-1128-side--C50-depth-enabled
PASS Actual rendered RGBA capture reference-1128-side--B50-disabled-restored
PASS Camera clear reference-1128-side--B50-disabled-restored
PASS Required full RGBA zero-difference reference-1128-side/50-disabled-vs50-disabled-restored
PASS Reference pose untouched across all material/depth controls reference-1128-side
PASS All original Ocean uniform values untouched during controls reference-1128-side
PASS All original Ocean uniforms equal for current reference
PASS Actual rendered RGBA capture reference-1128-back--A49-original
PASS Camera clear reference-1128-back--A49-original
PASS Actual rendered RGBA capture reference-1128-back--B50-depth-disabled
PASS Camera clear reference-1128-back--B50-depth-disabled
PASS Actual rendered RGBA capture reference-1128-back--A49-restored
PASS Camera clear reference-1128-back--A49-restored
PASS Required full RGBA zero-difference reference-1128-back/49-original-vs50-disabled
PASS Required full RGBA zero-difference reference-1128-back/49-A-vs49-A2
PASS Actual rendered RGBA capture reference-1128-back--C50-depth-enabled
PASS Camera clear reference-1128-back--C50-depth-enabled
PASS Actual rendered RGBA capture reference-1128-back--B50-disabled-restored
PASS Camera clear reference-1128-back--B50-disabled-restored
PASS Required full RGBA zero-difference reference-1128-back/50-disabled-vs50-disabled-restored
PASS Reference pose untouched across all material/depth controls reference-1128-back
PASS All original Ocean uniform values untouched during controls reference-1128-back
PASS All original Ocean uniforms equal for current reference
PASS Original fixed camera retained 1129
FAIL Exact49 motion outcome retained 1129/original-plus350m
PASS Exact49 motion outcome retained 1129/protected-plus150m
PASS Exact49 motion outcome retained 1129/protected-approach200m
PASS All original Ocean uniforms equal for current reference
PASS Actual rendered RGBA capture reference-1129-front--A49-original
PASS Camera clear reference-1129-front--A49-original
PASS Actual rendered RGBA capture reference-1129-front--B50-depth-disabled
PASS Camera clear reference-1129-front--B50-depth-disabled
PASS Actual rendered RGBA capture reference-1129-front--A49-restored
PASS Camera clear reference-1129-front--A49-restored
PASS Required full RGBA zero-difference reference-1129-front/49-original-vs50-disabled
PASS Required full RGBA zero-difference reference-1129-front/49-A-vs49-A2
PASS Actual rendered RGBA capture reference-1129-front--C50-depth-enabled
PASS Camera clear reference-1129-front--C50-depth-enabled
PASS Actual rendered RGBA capture reference-1129-front--B50-disabled-restored
PASS Camera clear reference-1129-front--B50-disabled-restored
PASS Required full RGBA zero-difference reference-1129-front/50-disabled-vs50-disabled-restored
PASS Reference pose untouched across all material/depth controls reference-1129-front
PASS All original Ocean uniform values untouched during controls reference-1129-front
PASS All original Ocean uniforms equal for current reference
PASS Actual rendered RGBA capture reference-1129-side--A49-original
PASS Camera clear reference-1129-side--A49-original
PASS Actual rendered RGBA capture reference-1129-side--B50-depth-disabled
PASS Camera clear reference-1129-side--B50-depth-disabled
PASS Actual rendered RGBA capture reference-1129-side--A49-restored
PASS Camera clear reference-1129-side--A49-restored
PASS Required full RGBA zero-difference reference-1129-side/49-original-vs50-disabled
PASS Required full RGBA zero-difference reference-1129-side/49-A-vs49-A2
PASS Actual rendered RGBA capture reference-1129-side--C50-depth-enabled
PASS Camera clear reference-1129-side--C50-depth-enabled
PASS Actual rendered RGBA capture reference-1129-side--B50-disabled-restored
PASS Camera clear reference-1129-side--B50-disabled-restored
PASS Required full RGBA zero-difference reference-1129-side/50-disabled-vs50-disabled-restored
PASS Reference pose untouched across all material/depth controls reference-1129-side
PASS All original Ocean uniform values untouched during controls reference-1129-side
PASS All original Ocean uniforms equal for current reference
PASS Actual rendered RGBA capture reference-1129-back--A49-original
PASS Camera clear reference-1129-back--A49-original
PASS Actual rendered RGBA capture reference-1129-back--B50-depth-disabled
PASS Camera clear reference-1129-back--B50-depth-disabled
