WARNING: Could not set V-Sync mode, as changing V-Sync mode is not supported by the graphics driver.
     at: set_use_vsync (platform/linuxbsd/x11/gl_manager_x11.cpp:364)
ERROR: This function should never be used outside the editor, it can severely damage performance.
   at: global_shader_parameter_get (drivers/gles3/storage/material_storage.cpp:1923)
   GDScript backtrace (most recent call first):
       [0] shot (res://tools/verify_lake_depth50.gd:56)
ERROR: This function should never be used outside the editor, it can severely damage performance.
   at: global_shader_parameter_get (drivers/gles3/storage/material_storage.cpp:1923)
   GDScript backtrace (most recent call first):
       [0] shot (res://tools/verify_lake_depth50.gd:56)
ERROR: This function should never be used outside the editor, it can severely damage performance.
   at: global_shader_parameter_get (drivers/gles3/storage/material_storage.cpp:1923)
   GDScript backtrace (most recent call first):
       [0] shot (res://tools/verify_lake_depth50.gd:56)
ERROR: This function should never be used outside the editor, it can severely damage performance.
   at: global_shader_parameter_get (drivers/gles3/storage/material_storage.cpp:1923)
   GDScript backtrace (most recent call first):
       [0] shot (res://tools/verify_lake_depth50.gd:56)
ERROR: This function should never be used outside the editor, it can severely damage performance.
   at: global_shader_parameter_get (drivers/gles3/storage/material_storage.cpp:1923)
   GDScript backtrace (most recent call first):
       [0] shot (res://tools/verify_lake_depth50.gd:56)
ERROR: This function should never be used outside the editor, it can severely damage performance.
   at: global_shader_parameter_get (drivers/gles3/storage/material_storage.cpp:1923)
   GDScript backtrace (most recent call first):
       [0] shot (res://tools/verify_lake_depth50.gd:56)
ERROR: This function should never be used outside the editor, it can severely damage performance.
   at: global_shader_parameter_get (drivers/gles3/storage/material_storage.cpp:1923)
   GDScript backtrace (most recent call first):
       [0] shot (res://tools/verify_lake_depth50.gd:56)
ERROR: This function should never be used outside the editor, it can severely damage performance.
   at: global_shader_parameter_get (drivers/gles3/storage/material_storage.cpp:1923)
   GDScript backtrace (most recent call first):
       [0] shot (res://tools/verify_lake_depth50.gd:56)
ERROR: This function should never be used outside the editor, it can severely damage performance.
   at: global_shader_parameter_get (drivers/gles3/storage/material_storage.cpp:1923)
   GDScript backtrace (most recent call first):
       [0] shot (res://tools/verify_lake_depth50.gd:56)
ERROR: This function should never be used outside the editor, it can severely damage performance.
   at: global_shader_parameter_get (drivers/gles3/storage/material_storage.cpp:1923)
   GDScript backtrace (most recent call first):
       [0] shot (res://tools/verify_lake_depth50.gd:56)
ERROR: This function should never be used outside the editor, it can severely damage performance.
   at: global_shader_parameter_get (drivers/gles3/storage/material_storage.cpp:1923)
   GDScript backtrace (most recent call first):
       [0] shot (res://tools/verify_lake_depth50.gd:56)
ERROR: This function should never be used outside the editor, it can severely damage performance.
   at: global_shader_parameter_get (drivers/gles3/storage/material_storage.cpp:1923)
   GDScript backtrace (most recent call first):
       [0] shot (res://tools/verify_lake_depth50.gd:56)
ERROR: This function should never be used outside the editor, it can severely damage performance.
   at: global_shader_parameter_get (drivers/gles3/storage/material_storage.cpp:1923)
   GDScript backtrace (most recent call first):
       [0] shot (res://tools/verify_lake_depth50.gd:56)
ERROR: This function should never be used outside the editor, it can severely damage performance.
   at: global_shader_parameter_get (drivers/gles3/storage/material_storage.cpp:1923)
   GDScript backtrace (most recent call first):
       [0] shot (res://tools/verify_lake_depth50.gd:56)
ERROR: This function should never be used outside the editor, it can severely damage performance.
   at: global_shader_parameter_get (drivers/gles3/storage/material_storage.cpp:1923)
   GDScript backtrace (most recent call first):
       [0] shot (res://tools/verify_lake_depth50.gd:56)
ERROR: This function should never be used outside the editor, it can severely damage performance.
   at: global_shader_parameter_get (drivers/gles3/storage/material_storage.cpp:1923)
   GDScript backtrace (most recent call first):
       [0] shot (res://tools/verify_lake_depth50.gd:56)
ERROR: This function should never be used outside the editor, it can severely damage performance.
   at: global_shader_parameter_get (drivers/gles3/storage/material_storage.cpp:1923)
   GDScript backtrace (most recent call first):
       [0] shot (res://tools/verify_lake_depth50.gd:56)
ERROR: This function should never be used outside the editor, it can severely damage performance.
   at: global_shader_parameter_get (drivers/gles3/storage/material_storage.cpp:1923)
   GDScript backtrace (most recent call first):
       [0] shot (res://tools/verify_lake_depth50.gd:56)
ERROR: This function should never be used outside the editor, it can severely damage performance.
   at: global_shader_parameter_get (drivers/gles3/storage/material_storage.cpp:1923)
   GDScript backtrace (most recent call first):
       [0] shot (res://tools/verify_lake_depth50.gd:56)
ERROR: This function should never be used outside the editor, it can severely damage performance.
   at: global_shader_parameter_get (drivers/gles3/storage/material_storage.cpp:1923)
   GDScript backtrace (most recent call first):
       [0] shot (res://tools/verify_lake_depth50.gd:56)
ERROR: This function should never be used outside the editor, it can severely damage performance.
   at: global_shader_parameter_get (drivers/gles3/storage/material_storage.cpp:1923)
   GDScript backtrace (most recent call first):
       [0] shot (res://tools/verify_lake_depth50.gd:56)
ERROR: This function should never be used outside the editor, it can severely damage performance.
   at: global_shader_parameter_get (drivers/gles3/storage/material_storage.cpp:1923)
   GDScript backtrace (most recent call first):
       [0] shot (res://tools/verify_lake_depth50.gd:56)
ERROR: This function should never be used outside the editor, it can severely damage performance.
   at: global_shader_parameter_get (drivers/gles3/storage/material_storage.cpp:1923)
   GDScript backtrace (most recent call first):
       [0] shot (res://tools/verify_lake_depth50.gd:56)
ERROR: This function should never be used outside the editor, it can severely damage performance.
   at: global_shader_parameter_get (drivers/gles3/storage/material_storage.cpp:1923)
   GDScript backtrace (most recent call first):
       [0] shot (res://tools/verify_lake_depth50.gd:56)
ERROR: This function should never be used outside the editor, it can severely damage performance.
   at: global_shader_parameter_get (drivers/gles3/storage/material_storage.cpp:1923)
   GDScript backtrace (most recent call first):
       [0] shot (res://tools/verify_lake_depth50.gd:56)
ERROR: This function should never be used outside the editor, it can severely damage performance.
   at: global_shader_parameter_get (drivers/gles3/storage/material_storage.cpp:1923)
   GDScript backtrace (most recent call first):
       [0] shot (res://tools/verify_lake_depth50.gd:56)
ERROR: This function should never be used outside the editor, it can severely damage performance.
   at: global_shader_parameter_get (drivers/gles3/storage/material_storage.cpp:1923)
   GDScript backtrace (most recent call first):
       [0] shot (res://tools/verify_lake_depth50.gd:56)
