Godot Engine v4.5.1.stable.official.f62fdbde1 - https://godotengine.org

[   0% ] first_scan_filesystem | Started 项目初始化 (5 steps)
[   0% ] first_scan_filesystem | 正在扫描文件结构……
[  16% ] first_scan_filesystem | 正在加载全局类名……
[  33% ] first_scan_filesystem | 正在校验 GDExtension……
[  50% ] first_scan_filesystem | 正在创建自动加载脚本……
[  66% ] first_scan_filesystem | 正在初始化插件……
ERROR: Attempt to open script 'res://addons/skyfarer_tools/plugin.gd' resulted in error 'File not found'.
   at: load_source_code (modules/gdscript/gdscript.cpp:1120)
ERROR: Failed loading resource: res://addons/skyfarer_tools/plugin.gd.
   at: _load (core/io/resource_loader.cpp:343)
[  83% ] first_scan_filesystem | 正在启动文件扫描……
[ DONE ] first_scan_filesystem

[   0% ] update_scripts_classes | Started 正在注册全局类…… (18 steps)
[   0% ] update_scripts_classes | 
[   5% ] update_scripts_classes | 
[  10% ] update_scripts_classes | 
[  15% ] update_scripts_classes | 
[  21% ] update_scripts_classes | 
[  26% ] update_scripts_classes | 
[  31% ] update_scripts_classes | 
[  36% ] update_scripts_classes | 
[  42% ] update_scripts_classes | 
[  47% ] update_scripts_classes | 
[  52% ] update_scripts_classes | 
[  57% ] update_scripts_classes | 
[  63% ] update_scripts_classes | 
[  68% ] update_scripts_classes | 
[  73% ] update_scripts_classes | 
[  78% ] update_scripts_classes | 
[  84% ] update_scripts_classes | 
[  89% ] update_scripts_classes | 
[ DONE ] update_scripts_classes

[   0% ] _update_scan_actions | Started 正在扫描动作…… (266 steps)
[   0% ] _update_scan_actions | Field_0.glb
[   0% ] _update_scan_actions | Field_1.glb
[   0% ] _update_scan_actions | Field_2.glb
[   1% ] _update_scan_actions | Field_3.glb
[   1% ] _update_scan_actions | Field_4.glb
[   1% ] _update_scan_actions | Field_5.glb
[   2% ] _update_scan_actions | Field_6.glb
[   2% ] _update_scan_actions | Field_7.glb
[   2% ] _update_scan_actions | Field_8.glb
[   3% ] _update_scan_actions | Field_9.glb
[   3% ] _update_scan_actions | Field_10.glb
[   4% ] _update_scan_actions | Field_11.glb
[   4% ] _update_scan_actions | Trail_Amberfield.glb
[   4% ] _update_scan_actions | Trail_Crownreach.glb
[   5% ] _update_scan_actions | Trail_HillHamlet.glb
[   5% ] _update_scan_actions | bush.glb
[   5% ] _update_scan_actions | castle.glb
[   6% ] _update_scan_actions | cliff_central_wall.glb
[   6% ] _update_scan_actions | cliff_crown.glb
[   7% ] _update_scan_actions | cliff_eastern_plateau.glb
[   7% ] _update_scan_actions | cliff_front_columns.glb
[   7% ] _update_scan_actions | cliff_shadow_buttress.glb
[   8% ] _update_scan_actions | cliff_western_mesa.glb
[   8% ] _update_scan_actions | cliff_western_slab.glb
[   8% ] _update_scan_actions | cloud.glb
[   9% ] _update_scan_actions | cloud_edge.glb
[   9% ] _update_scan_actions | cloud_low.glb
[  10% ] _update_scan_actions | cloud_middle.glb
[  10% ] _update_scan_actions | cloud_primary.glb
[  10% ] _update_scan_actions | cloud_wisp.glb
[  11% ] _update_scan_actions | cottage.glb
[  11% ] _update_scan_actions | crate.glb
[  11% ] _update_scan_actions | dock.glb
[  12% ] _update_scan_actions | lighthouse.glb
[  12% ] _update_scan_actions | massif_blue_buttress.glb
[  13% ] _update_scan_actions | massif_cirque_wall.glb
[  13% ] _update_scan_actions | massif_east_foothill.glb
[  13% ] _update_scan_actions | massif_east_spur.glb
[  14% ] _update_scan_actions | massif_east_summit.glb
[  14% ] _update_scan_actions | massif_frost_crown.glb
[  14% ] _update_scan_actions | massif_needle_ridge.glb
[  15% ] _update_scan_actions | massif_valley_guard.glb
[  15% ] _update_scan_actions | massif_west_foothill.glb
[  16% ] _update_scan_actions | massif_west_spur.glb
[  16% ] _update_scan_actions | massif_west_summit.glb
[  16% ] _update_scan_actions | mill.glb
[  17% ] _update_scan_actions | mill_rotor.glb
[  17% ] _update_scan_actions | oak.glb
[  17% ] _update_scan_actions | observatory.glb
[  18% ] _update_scan_actions | pine.glb
[  18% ] _update_scan_actions | poplar.glb
[  19% ] _update_scan_actions | rock.glb
[  19% ] _update_scan_actions | ruins.glb
[  19% ] _update_scan_actions | sky_ring.glb
[  20% ] _update_scan_actions | Ground_0_0.glb
[  20% ] _update_scan_actions | Ground_0_1.glb
[  20% ] _update_scan_actions | Ground_0_2.glb
[  21% ] _update_scan_actions | Ground_0_3.glb
[  21% ] _update_scan_actions | Ground_0_4.glb
[  22% ] _update_scan_actions | Ground_0_5.glb
[  22% ] _update_scan_actions | Ground_0_-1.glb
[  22% ] _update_scan_actions | Ground_0_-2.glb
[  23% ] _update_scan_actions | Ground_0_-3.glb
[  23% ] _update_scan_actions | Ground_0_-4.glb
[  23% ] _update_scan_actions | Ground_0_-5.glb
[  24% ] _update_scan_actions | Ground_0_-6.glb
[  24% ] _update_scan_actions | Ground_0_-7.glb
[  25% ] _update_scan_actions | Ground_0_-8.glb
[  25% ] _update_scan_actions | Ground_0_-9.glb
[  25% ] _update_scan_actions | Ground_0_-10.glb
[  26% ] _update_scan_actions | Ground_1_0.glb
[  26% ] _update_scan_actions | Ground_1_1.glb
[  26% ] _update_scan_actions | Ground_1_2.glb
[  27% ] _update_scan_actions | Ground_1_3.glb
[  27% ] _update_scan_actions | Ground_1_4.glb
[  28% ] _update_scan_actions | Ground_1_5.glb
[  28% ] _update_scan_actions | Ground_1_-1.glb
[  28% ] _update_scan_actions | Ground_1_-2.glb
[  29% ] _update_scan_actions | Ground_1_-3.glb
[  29% ] _update_scan_actions | Ground_1_-4.glb
[  29% ] _update_scan_actions | Ground_1_-5.glb
[  30% ] _update_scan_actions | Ground_1_-6.glb
[  30% ] _update_scan_actions | Ground_1_-7.glb
[  31% ] _update_scan_actions | Ground_1_-8.glb
[  31% ] _update_scan_actions | Ground_1_-9.glb
[  31% ] _update_scan_actions | Ground_1_-10.glb
[  32% ] _update_scan_actions | Ground_2_0.glb
[  32% ] _update_scan_actions | Ground_2_1.glb
[  32% ] _update_scan_actions | Ground_2_2.glb
[  33% ] _update_scan_actions | Ground_2_3.glb
[  33% ] _update_scan_actions | Ground_2_4.glb
[  34% ] _update_scan_actions | Ground_2_5.glb
[  34% ] _update_scan_actions | Ground_2_-1.glb
[  34% ] _update_scan_actions | Ground_2_-2.glb
[  35% ] _update_scan_actions | Ground_2_-3.glb
[  35% ] _update_scan_actions | Ground_2_-4.glb
[  35% ] _update_scan_actions | Ground_2_-5.glb
[  36% ] _update_scan_actions | Ground_2_-6.glb
[  36% ] _update_scan_actions | Ground_2_-7.glb
[  37% ] _update_scan_actions | Ground_2_-8.glb
[  37% ] _update_scan_actions | Ground_2_-9.glb
[  37% ] _update_scan_actions | Ground_2_-10.glb
[  38% ] _update_scan_actions | Ground_3_0.glb
[  38% ] _update_scan_actions | Ground_3_1.glb
[  38% ] _update_scan_actions | Ground_3_2.glb
[  39% ] _update_scan_actions | Ground_3_3.glb
[  39% ] _update_scan_actions | Ground_3_4.glb
[  40% ] _update_scan_actions | Ground_3_5.glb
[  40% ] _update_scan_actions | Ground_3_-1.glb
[  40% ] _update_scan_actions | Ground_3_-2.glb
[  41% ] _update_scan_actions | Ground_3_-3.glb
[  41% ] _update_scan_actions | Ground_3_-4.glb
[  41% ] _update_scan_actions | Ground_3_-5.glb
[  42% ] _update_scan_actions | Ground_3_-6.glb
[  42% ] _update_scan_actions | Ground_3_-7.glb
[  43% ] _update_scan_actions | Ground_3_-8.glb
[  43% ] _update_scan_actions | Ground_3_-9.glb
[  43% ] _update_scan_actions | Ground_3_-10.glb
[  44% ] _update_scan_actions | Ground_4_0.glb
[  44% ] _update_scan_actions | Ground_4_1.glb
[  44% ] _update_scan_actions | Ground_4_2.glb
[  45% ] _update_scan_actions | Ground_4_3.glb
[  45% ] _update_scan_actions | Ground_4_4.glb
[  46% ] _update_scan_actions | Ground_4_5.glb
[  46% ] _update_scan_actions | Ground_4_-1.glb
[  46% ] _update_scan_actions | Ground_4_-2.glb
[  47% ] _update_scan_actions | Ground_4_-3.glb
[  47% ] _update_scan_actions | Ground_4_-4.glb
[  47% ] _update_scan_actions | Ground_4_-5.glb
[  48% ] _update_scan_actions | Ground_4_-6.glb
[  48% ] _update_scan_actions | Ground_4_-7.glb
[  49% ] _update_scan_actions | Ground_4_-8.glb
[  49% ] _update_scan_actions | Ground_4_-9.glb
[  49% ] _update_scan_actions | Ground_4_-10.glb
[  50% ] _update_scan_actions | Ground_5_0.glb
[  50% ] _update_scan_actions | Ground_5_1.glb
[  50% ] _update_scan_actions | Ground_5_2.glb
[  51% ] _update_scan_actions | Ground_5_3.glb
[  51% ] _update_scan_actions | Ground_5_4.glb
[  52% ] _update_scan_actions | Ground_5_5.glb
[  52% ] _update_scan_actions | Ground_5_-1.glb
[  52% ] _update_scan_actions | Ground_5_-2.glb
[  53% ] _update_scan_actions | Ground_5_-3.glb
[  53% ] _update_scan_actions | Ground_5_-4.glb
[  53% ] _update_scan_actions | Ground_5_-5.glb
[  54% ] _update_scan_actions | Ground_5_-6.glb
[  54% ] _update_scan_actions | Ground_5_-7.glb
[  55% ] _update_scan_actions | Ground_5_-8.glb
[  55% ] _update_scan_actions | Ground_5_-9.glb
[  55% ] _update_scan_actions | Ground_5_-10.glb
[  56% ] _update_scan_actions | Ground_6_0.glb
[  56% ] _update_scan_actions | Ground_6_1.glb
[  56% ] _update_scan_actions | Ground_6_2.glb
[  57% ] _update_scan_actions | Ground_6_3.glb
[  57% ] _update_scan_actions | Ground_6_4.glb
[  58% ] _update_scan_actions | Ground_6_5.glb
[  58% ] _update_scan_actions | Ground_6_-1.glb
[  58% ] _update_scan_actions | Ground_6_-2.glb
[  59% ] _update_scan_actions | Ground_6_-3.glb
[  59% ] _update_scan_actions | Ground_6_-4.glb
[  59% ] _update_scan_actions | Ground_6_-5.glb
[  60% ] _update_scan_actions | Ground_6_-6.glb
[  60% ] _update_scan_actions | Ground_6_-7.glb
[  61% ] _update_scan_actions | Ground_6_-8.glb
[  61% ] _update_scan_actions | Ground_6_-9.glb
[  61% ] _update_scan_actions | Ground_6_-10.glb
[  62% ] _update_scan_actions | Ground_-1_0.glb
[  62% ] _update_scan_actions | Ground_-1_1.glb
[  62% ] _update_scan_actions | Ground_-1_2.glb
[  63% ] _update_scan_actions | Ground_-1_3.glb
[  63% ] _update_scan_actions | Ground_-1_4.glb
[  64% ] _update_scan_actions | Ground_-1_5.glb
[  64% ] _update_scan_actions | Ground_-1_-1.glb
[  64% ] _update_scan_actions | Ground_-1_-2.glb
[  65% ] _update_scan_actions | Ground_-1_-3.glb
[  65% ] _update_scan_actions | Ground_-1_-4.glb
[  65% ] _update_scan_actions | Ground_-1_-5.glb
[  66% ] _update_scan_actions | Ground_-1_-6.glb
[  66% ] _update_scan_actions | Ground_-1_-7.glb
[  67% ] _update_scan_actions | Ground_-1_-8.glb
[  67% ] _update_scan_actions | Ground_-1_-9.glb
[  67% ] _update_scan_actions | Ground_-1_-10.glb
[  68% ] _update_scan_actions | Ground_-2_0.glb
[  68% ] _update_scan_actions | Ground_-2_1.glb
[  68% ] _update_scan_actions | Ground_-2_2.glb
[  69% ] _update_scan_actions | Ground_-2_3.glb
[  69% ] _update_scan_actions | Ground_-2_4.glb
[  70% ] _update_scan_actions | Ground_-2_5.glb
[  70% ] _update_scan_actions | Ground_-2_-1.glb
[  70% ] _update_scan_actions | Ground_-2_-2.glb
[  71% ] _update_scan_actions | Ground_-2_-3.glb
[  71% ] _update_scan_actions | Ground_-2_-4.glb
[  71% ] _update_scan_actions | Ground_-2_-5.glb
[  72% ] _update_scan_actions | Ground_-2_-6.glb
[  72% ] _update_scan_actions | Ground_-2_-7.glb
[  73% ] _update_scan_actions | Ground_-2_-8.glb
[  73% ] _update_scan_actions | Ground_-2_-9.glb
[  73% ] _update_scan_actions | Ground_-2_-10.glb
[  74% ] _update_scan_actions | Ground_-3_0.glb
[  74% ] _update_scan_actions | Ground_-3_1.glb
[  74% ] _update_scan_actions | Ground_-3_2.glb
[  75% ] _update_scan_actions | Ground_-3_3.glb
[  75% ] _update_scan_actions | Ground_-3_4.glb
[  76% ] _update_scan_actions | Ground_-3_5.glb
[  76% ] _update_scan_actions | Ground_-3_-1.glb
[  76% ] _update_scan_actions | Ground_-3_-2.glb
[  77% ] _update_scan_actions | Ground_-3_-3.glb
[  77% ] _update_scan_actions | Ground_-3_-4.glb
[  77% ] _update_scan_actions | Ground_-3_-5.glb
[  78% ] _update_scan_actions | Ground_-3_-6.glb
[  78% ] _update_scan_actions | Ground_-3_-7.glb
[  79% ] _update_scan_actions | Ground_-3_-8.glb
[  79% ] _update_scan_actions | Ground_-3_-9.glb
[  79% ] _update_scan_actions | Ground_-3_-10.glb
[  80% ] _update_scan_actions | Ground_-4_0.glb
[  80% ] _update_scan_actions | Ground_-4_1.glb
[  80% ] _update_scan_actions | Ground_-4_2.glb
[  81% ] _update_scan_actions | Ground_-4_3.glb
[  81% ] _update_scan_actions | Ground_-4_4.glb
[  82% ] _update_scan_actions | Ground_-4_5.glb
[  82% ] _update_scan_actions | Ground_-4_-1.glb
[  82% ] _update_scan_actions | Ground_-4_-2.glb
[  83% ] _update_scan_actions | Ground_-4_-3.glb
[  83% ] _update_scan_actions | Ground_-4_-4.glb
[  83% ] _update_scan_actions | Ground_-4_-5.glb
[  84% ] _update_scan_actions | Ground_-4_-6.glb
[  84% ] _update_scan_actions | Ground_-4_-7.glb
[  85% ] _update_scan_actions | Ground_-4_-8.glb
[  85% ] _update_scan_actions | Ground_-4_-9.glb
[  85% ] _update_scan_actions | Ground_-4_-10.glb
[  86% ] _update_scan_actions | Ground_-5_0.glb
[  86% ] _update_scan_actions | Ground_-5_1.glb
[  86% ] _update_scan_actions | Ground_-5_2.glb
[  87% ] _update_scan_actions | Ground_-5_3.glb
[  87% ] _update_scan_actions | Ground_-5_4.glb
[  88% ] _update_scan_actions | Ground_-5_5.glb
[  88% ] _update_scan_actions | Ground_-5_-1.glb
[  88% ] _update_scan_actions | Ground_-5_-2.glb
[  89% ] _update_scan_actions | Ground_-5_-3.glb
[  89% ] _update_scan_actions | Ground_-5_-4.glb
[  89% ] _update_scan_actions | Ground_-5_-5.glb
[  90% ] _update_scan_actions | Ground_-5_-6.glb
[  90% ] _update_scan_actions | Ground_-5_-7.glb
[  91% ] _update_scan_actions | Ground_-5_-8.glb
[  91% ] _update_scan_actions | Ground_-5_-9.glb
[  91% ] _update_scan_actions | Ground_-5_-10.glb
[  92% ] _update_scan_actions | Ground_-6_0.glb
[  92% ] _update_scan_actions | Ground_-6_1.glb
[  92% ] _update_scan_actions | Ground_-6_2.glb
[  93% ] _update_scan_actions | Ground_-6_3.glb
[  93% ] _update_scan_actions | Ground_-6_4.glb
[  94% ] _update_scan_actions | Ground_-6_5.glb
[  94% ] _update_scan_actions | Ground_-6_-1.glb
[  94% ] _update_scan_actions | Ground_-6_-2.glb
[  95% ] _update_scan_actions | Ground_-6_-3.glb
[  95% ] _update_scan_actions | Ground_-6_-4.glb
[  95% ] _update_scan_actions | Ground_-6_-5.glb
[  96% ] _update_scan_actions | Ground_-6_-6.glb
[  96% ] _update_scan_actions | Ground_-6_-7.glb
[  97% ] _update_scan_actions | Ground_-6_-8.glb
[  97% ] _update_scan_actions | Ground_-6_-9.glb
[  97% ] _update_scan_actions | Ground_-6_-10.glb
[  98% ] _update_scan_actions | airship.glb
[  98% ] _update_scan_actions | open_world.glb
[  98% ] _update_scan_actions | propeller.glb
[  99% ] _update_scan_actions | reference.jpg
[ DONE ] _update_scan_actions

[   0% ] reimport | Started 正在导入或重新导入资产 (266 steps)
[   0% ] reimport | 正在准备重新加载文件……
[   0% ] reimport | 正在准备重新加载文件……
[   0% ] reimport | 正在准备重新加载文件……
[   1% ] reimport | 正在准备重新加载文件……
[   1% ] reimport | 正在准备重新加载文件……
[   1% ] reimport | 正在准备重新加载文件……
[   2% ] reimport | 正在准备重新加载文件……
[   2% ] reimport | 正在准备重新加载文件……
[   2% ] reimport | 正在准备重新加载文件……
[   3% ] reimport | 正在准备重新加载文件……
[   3% ] reimport | 正在准备重新加载文件……
[   4% ] reimport | 正在准备重新加载文件……
[   4% ] reimport | 正在准备重新加载文件……
[   4% ] reimport | 正在准备重新加载文件……
[   5% ] reimport | 正在准备重新加载文件……
[   5% ] reimport | 正在准备重新加载文件……
[   5% ] reimport | 正在准备重新加载文件……
[   6% ] reimport | 正在准备重新加载文件……
[   6% ] reimport | 正在准备重新加载文件……
[   7% ] reimport | 正在准备重新加载文件……
[   7% ] reimport | 正在准备重新加载文件……
[   7% ] reimport | 正在准备重新加载文件……
[   8% ] reimport | 正在准备重新加载文件……
[   8% ] reimport | 正在准备重新加载文件……
[   8% ] reimport | 正在准备重新加载文件……
[   9% ] reimport | 正在准备重新加载文件……
[   9% ] reimport | 正在准备重新加载文件……
[  10% ] reimport | 正在准备重新加载文件……
[  10% ] reimport | 正在准备重新加载文件……
[  10% ] reimport | 正在准备重新加载文件……
[  11% ] reimport | 正在准备重新加载文件……
[  11% ] reimport | 正在准备重新加载文件……
[  11% ] reimport | 正在准备重新加载文件……
[  12% ] reimport | 正在准备重新加载文件……
[  12% ] reimport | 正在准备重新加载文件……
[  13% ] reimport | 正在准备重新加载文件……
[  13% ] reimport | 正在准备重新加载文件……
[  13% ] reimport | 正在准备重新加载文件……
[  14% ] reimport | 正在准备重新加载文件……
[  14% ] reimport | 正在准备重新加载文件……
[  14% ] reimport | 正在准备重新加载文件……
[  15% ] reimport | 正在准备重新加载文件……
[  15% ] reimport | 正在准备重新加载文件……
[  16% ] reimport | 正在准备重新加载文件……
[  16% ] reimport | 正在准备重新加载文件……
[  16% ] reimport | 正在准备重新加载文件……
[  17% ] reimport | 正在准备重新加载文件……
[  17% ] reimport | 正在准备重新加载文件……
[  17% ] reimport | 正在准备重新加载文件……
[  18% ] reimport | 正在准备重新加载文件……
[  18% ] reimport | 正在准备重新加载文件……
[  19% ] reimport | 正在准备重新加载文件……
[  19% ] reimport | 正在准备重新加载文件……
[  19% ] reimport | 正在准备重新加载文件……
[  20% ] reimport | 正在准备重新加载文件……
[  20% ] reimport | 正在准备重新加载文件……
[  20% ] reimport | 正在准备重新加载文件……
[  21% ] reimport | 正在准备重新加载文件……
[  21% ] reimport | 正在准备重新加载文件……
[  22% ] reimport | 正在准备重新加载文件……
[  22% ] reimport | 正在准备重新加载文件……
[  22% ] reimport | 正在准备重新加载文件……
[  23% ] reimport | 正在准备重新加载文件……
[  23% ] reimport | 正在准备重新加载文件……
[  23% ] reimport | 正在准备重新加载文件……
[  24% ] reimport | 正在准备重新加载文件……
[  24% ] reimport | 正在准备重新加载文件……
[  25% ] reimport | 正在准备重新加载文件……
[  25% ] reimport | 正在准备重新加载文件……
[  25% ] reimport | 正在准备重新加载文件……
[  26% ] reimport | 正在准备重新加载文件……
[  26% ] reimport | 正在准备重新加载文件……
[  26% ] reimport | 正在准备重新加载文件……
[  27% ] reimport | 正在准备重新加载文件……
[  27% ] reimport | 正在准备重新加载文件……
[  28% ] reimport | 正在准备重新加载文件……
[  28% ] reimport | 正在准备重新加载文件……
[  28% ] reimport | 正在准备重新加载文件……
[  29% ] reimport | 正在准备重新加载文件……
[  29% ] reimport | 正在准备重新加载文件……
[  29% ] reimport | 正在准备重新加载文件……
[  30% ] reimport | 正在准备重新加载文件……
[  30% ] reimport | 正在准备重新加载文件……
[  31% ] reimport | 正在准备重新加载文件……
[  31% ] reimport | 正在准备重新加载文件……
[  31% ] reimport | 正在准备重新加载文件……
[  32% ] reimport | 正在准备重新加载文件……
[  32% ] reimport | 正在准备重新加载文件……
[  32% ] reimport | 正在准备重新加载文件……
[  33% ] reimport | 正在准备重新加载文件……
[  33% ] reimport | 正在准备重新加载文件……
[  34% ] reimport | 正在准备重新加载文件……
[  34% ] reimport | 正在准备重新加载文件……
[  34% ] reimport | 正在准备重新加载文件……
[  35% ] reimport | 正在准备重新加载文件……
[  35% ] reimport | 正在准备重新加载文件……
[  35% ] reimport | 正在准备重新加载文件……
[  36% ] reimport | 正在准备重新加载文件……
[  36% ] reimport | 正在准备重新加载文件……
[  37% ] reimport | 正在准备重新加载文件……
[  37% ] reimport | 正在准备重新加载文件……
[  37% ] reimport | 正在准备重新加载文件……
[  38% ] reimport | 正在准备重新加载文件……
[  38% ] reimport | 正在准备重新加载文件……
[  38% ] reimport | 正在准备重新加载文件……
[  39% ] reimport | 正在准备重新加载文件……
[  39% ] reimport | 正在准备重新加载文件……
[  40% ] reimport | 正在准备重新加载文件……
[  40% ] reimport | 正在准备重新加载文件……
[  40% ] reimport | 正在准备重新加载文件……
[  41% ] reimport | 正在准备重新加载文件……
[  41% ] reimport | 正在准备重新加载文件……
[  41% ] reimport | 正在准备重新加载文件……
[  42% ] reimport | 正在准备重新加载文件……
[  42% ] reimport | 正在准备重新加载文件……
[  43% ] reimport | 正在准备重新加载文件……
[  43% ] reimport | 正在准备重新加载文件……
[  43% ] reimport | 正在准备重新加载文件……
[  44% ] reimport | 正在准备重新加载文件……
[  44% ] reimport | 正在准备重新加载文件……
[  44% ] reimport | 正在准备重新加载文件……
[  45% ] reimport | 正在准备重新加载文件……
[  45% ] reimport | 正在准备重新加载文件……
[  46% ] reimport | 正在准备重新加载文件……
[  46% ] reimport | 正在准备重新加载文件……
[  46% ] reimport | 正在准备重新加载文件……
[  47% ] reimport | 正在准备重新加载文件……
[  47% ] reimport | 正在准备重新加载文件……
[  47% ] reimport | 正在准备重新加载文件……
[  48% ] reimport | 正在准备重新加载文件……
[  48% ] reimport | 正在准备重新加载文件……
[  49% ] reimport | 正在准备重新加载文件……
[  49% ] reimport | 正在准备重新加载文件……
[  49% ] reimport | 正在准备重新加载文件……
[  50% ] reimport | 正在准备重新加载文件……
[  50% ] reimport | 正在准备重新加载文件……
[  50% ] reimport | 正在准备重新加载文件……
[  51% ] reimport | 正在准备重新加载文件……
[  51% ] reimport | 正在准备重新加载文件……
[  52% ] reimport | 正在准备重新加载文件……
[  52% ] reimport | 正在准备重新加载文件……
[  52% ] reimport | 正在准备重新加载文件……
[  53% ] reimport | 正在准备重新加载文件……
[  53% ] reimport | 正在准备重新加载文件……
[  53% ] reimport | 正在准备重新加载文件……
[  54% ] reimport | 正在准备重新加载文件……
[  54% ] reimport | 正在准备重新加载文件……
[  55% ] reimport | 正在准备重新加载文件……
[  55% ] reimport | 正在准备重新加载文件……
[  55% ] reimport | 正在准备重新加载文件……
[  56% ] reimport | 正在准备重新加载文件……
[  56% ] reimport | 正在准备重新加载文件……
[  56% ] reimport | 正在准备重新加载文件……
[  57% ] reimport | 正在准备重新加载文件……
[  57% ] reimport | 正在准备重新加载文件……
[  58% ] reimport | 正在准备重新加载文件……
[  58% ] reimport | 正在准备重新加载文件……
[  58% ] reimport | 正在准备重新加载文件……
[  59% ] reimport | 正在准备重新加载文件……
[  59% ] reimport | 正在准备重新加载文件……
[  59% ] reimport | 正在准备重新加载文件……
[  60% ] reimport | 正在准备重新加载文件……
[  60% ] reimport | 正在准备重新加载文件……
[  61% ] reimport | 正在准备重新加载文件……
[  61% ] reimport | 正在准备重新加载文件……
[  61% ] reimport | 正在准备重新加载文件……
[  62% ] reimport | 正在准备重新加载文件……
[  62% ] reimport | 正在准备重新加载文件……
[  62% ] reimport | 正在准备重新加载文件……
[  63% ] reimport | 正在准备重新加载文件……
[  63% ] reimport | 正在准备重新加载文件……
[  64% ] reimport | 正在准备重新加载文件……
[  64% ] reimport | 正在准备重新加载文件……
[  64% ] reimport | 正在准备重新加载文件……
[  65% ] reimport | 正在准备重新加载文件……
[  65% ] reimport | 正在准备重新加载文件……
[  65% ] reimport | 正在准备重新加载文件……
[  66% ] reimport | 正在准备重新加载文件……
[  66% ] reimport | 正在准备重新加载文件……
[  67% ] reimport | 正在准备重新加载文件……
[  67% ] reimport | 正在准备重新加载文件……
[  67% ] reimport | 正在准备重新加载文件……
[  68% ] reimport | 正在准备重新加载文件……
[  68% ] reimport | 正在准备重新加载文件……
[  68% ] reimport | 正在准备重新加载文件……
[  69% ] reimport | 正在准备重新加载文件……
[  69% ] reimport | 正在准备重新加载文件……
[  70% ] reimport | 正在准备重新加载文件……
[  70% ] reimport | 正在准备重新加载文件……
[  70% ] reimport | 正在准备重新加载文件……
[  71% ] reimport | 正在准备重新加载文件……
[  71% ] reimport | 正在准备重新加载文件……
[  71% ] reimport | 正在准备重新加载文件……
[  72% ] reimport | 正在准备重新加载文件……
[  72% ] reimport | 正在准备重新加载文件……
[  73% ] reimport | 正在准备重新加载文件……
[  73% ] reimport | 正在准备重新加载文件……
[  73% ] reimport | 正在准备重新加载文件……
[  74% ] reimport | 正在准备重新加载文件……
[  74% ] reimport | 正在准备重新加载文件……
[  74% ] reimport | 正在准备重新加载文件……
[  75% ] reimport | 正在准备重新加载文件……
[  75% ] reimport | 正在准备重新加载文件……
[  76% ] reimport | 正在准备重新加载文件……
[  76% ] reimport | 正在准备重新加载文件……
[  76% ] reimport | 正在准备重新加载文件……
[  77% ] reimport | 正在准备重新加载文件……
[  77% ] reimport | 正在准备重新加载文件……
[  77% ] reimport | 正在准备重新加载文件……
[  78% ] reimport | 正在准备重新加载文件……
[  78% ] reimport | 正在准备重新加载文件……
[  79% ] reimport | 正在准备重新加载文件……
[  79% ] reimport | 正在准备重新加载文件……
[  79% ] reimport | 正在准备重新加载文件……
[  80% ] reimport | 正在准备重新加载文件……
[  80% ] reimport | 正在准备重新加载文件……
[  80% ] reimport | 正在准备重新加载文件……
[  81% ] reimport | 正在准备重新加载文件……
[  81% ] reimport | 正在准备重新加载文件……
[  82% ] reimport | 正在准备重新加载文件……
[  82% ] reimport | 正在准备重新加载文件……
[  82% ] reimport | 正在准备重新加载文件……
[  83% ] reimport | 正在准备重新加载文件……
[  83% ] reimport | 正在准备重新加载文件……
[  83% ] reimport | 正在准备重新加载文件……
[  84% ] reimport | 正在准备重新加载文件……
[  84% ] reimport | 正在准备重新加载文件……
[  85% ] reimport | 正在准备重新加载文件……
[  85% ] reimport | 正在准备重新加载文件……
[  85% ] reimport | 正在准备重新加载文件……
[  86% ] reimport | 正在准备重新加载文件……
[  86% ] reimport | 正在准备重新加载文件……
[  86% ] reimport | 正在准备重新加载文件……
[  87% ] reimport | 正在准备重新加载文件……
[  87% ] reimport | 正在准备重新加载文件……
[  88% ] reimport | 正在准备重新加载文件……
[  88% ] reimport | 正在准备重新加载文件……
[  88% ] reimport | 正在准备重新加载文件……
[  89% ] reimport | 正在准备重新加载文件……
[  89% ] reimport | 正在准备重新加载文件……
[  89% ] reimport | 正在准备重新加载文件……
[  90% ] reimport | 正在准备重新加载文件……
[  90% ] reimport | 正在准备重新加载文件……
[  91% ] reimport | 正在准备重新加载文件……
[  91% ] reimport | 正在准备重新加载文件……
[  91% ] reimport | 正在准备重新加载文件……
[  92% ] reimport | 正在准备重新加载文件……
[  92% ] reimport | 正在准备重新加载文件……
[  92% ] reimport | 正在准备重新加载文件……
[  93% ] reimport | 正在准备重新加载文件……
[  93% ] reimport | 正在准备重新加载文件……
[  94% ] reimport | 正在准备重新加载文件……
[  94% ] reimport | 正在准备重新加载文件……
[  94% ] reimport | 正在准备重新加载文件……
[  95% ] reimport | 正在准备重新加载文件……
[  95% ] reimport | 正在准备重新加载文件……
[  95% ] reimport | 正在准备重新加载文件……
[  96% ] reimport | 正在准备重新加载文件……
[  96% ] reimport | 正在准备重新加载文件……
[  97% ] reimport | 正在准备重新加载文件……
[  97% ] reimport | 正在准备重新加载文件……
[  97% ] reimport | 正在准备重新加载文件……
[  98% ] reimport | 正在准备重新加载文件……
[  98% ] reimport | 正在准备重新加载文件……
[  98% ] reimport | 正在准备重新加载文件……
[  99% ] reimport | 正在准备重新加载文件……
[   0% ] reimport | 正在执行重新加载前的操作……
[   0% ] preload_reimporting_scene | Started 正在准备场景重新加载 (1 steps)
[   0% ] preload_reimporting_scene | 正在分析场景 [空]
[  50% ] preload_reimporting_scene | 准备完成。
[ DONE ] preload_reimporting_scene

[   0% ] reimport | reference.jpg
[   0% ] reimport | Ground_-1_-10.glb
[   0% ] import | Started 导入场景 (104 steps)
[   0% ] import | 导入场景中...
[   1% ] import | 执行自定义脚本...
[  99% ] import | 保存中...
[ DONE ] import

[   0% ] reimport | Ground_-1_-9.glb
[   0% ] import | Started 导入场景 (104 steps)
[   0% ] import | 导入场景中...
[   1% ] import | 执行自定义脚本...
[  99% ] import | 保存中...
[ DONE ] import

[   1% ] reimport | Ground_-1_-8.glb
[   0% ] import | Started 导入场景 (104 steps)
[   0% ] import | 导入场景中...
[   1% ] import | 执行自定义脚本...
[  99% ] import | 保存中...
[ DONE ] import

[   1% ] reimport | Ground_-1_-7.glb
[   0% ] import | Started 导入场景 (104 steps)
[   0% ] import | 导入场景中...
[   1% ] import | 执行自定义脚本...
[  99% ] import | 保存中...
[ DONE ] import

[   1% ] reimport | Ground_-1_-6.glb
[   0% ] import | Started 导入场景 (104 steps)
[   0% ] import | 导入场景中...
[   1% ] import | 执行自定义脚本...
[  99% ] import | 保存中...
[ DONE ] import

[   2% ] reimport | Ground_-1_-5.glb
[   0% ] import | Started 导入场景 (104 steps)
[   0% ] import | 导入场景中...
[   1% ] import | 执行自定义脚本...
[  99% ] import | 保存中...
[ DONE ] import

[   2% ] reimport | Ground_-1_-4.glb
[   0% ] import | Started 导入场景 (104 steps)
[   0% ] import | 导入场景中...
[   1% ] import | 执行自定义脚本...
[  99% ] import | 保存中...
[ DONE ] import

[   2% ] reimport | Ground_-1_-3.glb
[   0% ] import | Started 导入场景 (104 steps)
[   0% ] import | 导入场景中...
[   1% ] import | 执行自定义脚本...
[  99% ] import | 保存中...
[ DONE ] import

[   3% ] reimport | Ground_-1_-2.glb
[   0% ] import | Started 导入场景 (104 steps)
[   0% ] import | 导入场景中...
[   1% ] import | 执行自定义脚本...
[  99% ] import | 保存中...
[ DONE ] import

[   3% ] reimport | Ground_-1_-1.glb
[   0% ] import | Started 导入场景 (104 steps)
[   0% ] import | 导入场景中...
[   1% ] import | 执行自定义脚本...
[  99% ] import | 保存中...
[ DONE ] import

[   4% ] reimport | Ground_-1_5.glb
[   0% ] import | Started 导入场景 (104 steps)
[   0% ] import | 导入场景中...
[   1% ] import | 执行自定义脚本...
[  99% ] import | 保存中...
[ DONE ] import

[   4% ] reimport | Ground_-1_4.glb
[   0% ] import | Started 导入场景 (104 steps)
[   0% ] import | 导入场景中...
[   1% ] import | 执行自定义脚本...
[  99% ] import | 保存中...
[ DONE ] import

[   4% ] reimport | Ground_-1_3.glb
[   0% ] import | Started 导入场景 (104 steps)
[   0% ] import | 导入场景中...
[   1% ] import | 执行自定义脚本...
[  99% ] import | 保存中...
[ DONE ] import

[   5% ] reimport | Ground_-1_2.glb
[   0% ] import | Started 导入场景 (104 steps)
[   0% ] import | 导入场景中...
[   1% ] import | 执行自定义脚本...
[  99% ] import | 保存中...
[ DONE ] import

[   5% ] reimport | Ground_-1_1.glb
[   0% ] import | Started 导入场景 (104 steps)
[   0% ] import | 导入场景中...
[   1% ] import | 执行自定义脚本...
[  99% ] import | 保存中...
[ DONE ] import

[   5% ] reimport | Ground_-1_0.glb
[   0% ] import | Started 导入场景 (104 steps)
[   0% ] import | 导入场景中...
[   1% ] import | 执行自定义脚本...
[  99% ] import | 保存中...
[ DONE ] import

[   6% ] reimport | Ground_-3_0.glb
[   0% ] import | Started 导入场景 (104 steps)
[   0% ] import | 导入场景中...
[   1% ] import | 执行自定义脚本...
[  99% ] import | 保存中...
[ DONE ] import

[   6% ] reimport | Ground_-2_-10.glb
[   0% ] import | Started 导入场景 (104 steps)
[   0% ] import | 导入场景中...
[   1% ] import | 执行自定义脚本...
[  99% ] import | 保存中...
[ DONE ] import

[   7% ] reimport | Ground_-2_-9.glb
[   0% ] import | Started 导入场景 (104 steps)
[   0% ] import | 导入场景中...
[   1% ] import | 执行自定义脚本...
[  99% ] import | 保存中...
[ DONE ] import

[   7% ] reimport | Ground_-2_-8.glb
[   0% ] import | Started 导入场景 (104 steps)
[   0% ] import | 导入场景中...
[   1% ] import | 执行自定义脚本...
[  99% ] import | 保存中...
[ DONE ] import

[   7% ] reimport | Ground_-2_-7.glb
[   0% ] import | Started 导入场景 (104 steps)
[   0% ] import | 导入场景中...
[   1% ] import | 执行自定义脚本...
[  99% ] import | 保存中...
[ DONE ] import

[   8% ] reimport | Ground_-2_-6.glb
[   0% ] import | Started 导入场景 (104 steps)
[   0% ] import | 导入场景中...
[   1% ] import | 执行自定义脚本...
[  99% ] import | 保存中...
[ DONE ] import

[   8% ] reimport | Ground_-2_-5.glb
[   0% ] import | Started 导入场景 (104 steps)
[   0% ] import | 导入场景中...
[   1% ] import | 执行自定义脚本...
[  99% ] import | 保存中...
[ DONE ] import

[   8% ] reimport | Ground_-2_-4.glb
[   0% ] import | Started 导入场景 (104 steps)
[   0% ] import | 导入场景中...
[   1% ] import | 执行自定义脚本...
[  99% ] import | 保存中...
[ DONE ] import

[   9% ] reimport | Ground_-2_-3.glb
[   0% ] import | Started 导入场景 (104 steps)
[   0% ] import | 导入场景中...
[   1% ] import | 执行自定义脚本...
[  99% ] import | 保存中...
[ DONE ] import

[   9% ] reimport | Ground_-2_-2.glb
[   0% ] import | Started 导入场景 (104 steps)
[   0% ] import | 导入场景中...
[   1% ] import | 执行自定义脚本...
[  99% ] import | 保存中...
[ DONE ] import

[  10% ] reimport | Ground_-2_-1.glb
[   0% ] import | Started 导入场景 (104 steps)
[   0% ] import | 导入场景中...
[   1% ] import | 执行自定义脚本...
[  99% ] import | 保存中...
[ DONE ] import

[  10% ] reimport | Ground_-2_5.glb
[   0% ] import | Started 导入场景 (104 steps)
[   0% ] import | 导入场景中...
[   1% ] import | 执行自定义脚本...
[  99% ] import | 保存中...
[ DONE ] import

[  10% ] reimport | Ground_-2_4.glb
[   0% ] import | Started 导入场景 (104 steps)
[   0% ] import | 导入场景中...
[   1% ] import | 执行自定义脚本...
[  99% ] import | 保存中...
[ DONE ] import

[  11% ] reimport | Ground_-2_3.glb
[   0% ] import | Started 导入场景 (104 steps)
[   0% ] import | 导入场景中...
[   1% ] import | 执行自定义脚本...
[  99% ] import | 保存中...
[ DONE ] import

[  11% ] reimport | Ground_-2_2.glb
[   0% ] import | Started 导入场景 (104 steps)
[   0% ] import | 导入场景中...
[   1% ] import | 执行自定义脚本...
[  99% ] import | 保存中...
[ DONE ] import

[  11% ] reimport | Ground_-2_1.glb
[   0% ] import | Started 导入场景 (104 steps)
[   0% ] import | 导入场景中...
[   1% ] import | 执行自定义脚本...
[  99% ] import | 保存中...
[ DONE ] import

[  12% ] reimport | Ground_-2_0.glb
[   0% ] import | Started 导入场景 (104 steps)
[   0% ] import | 导入场景中...
[   1% ] import | 执行自定义脚本...
[  99% ] import | 保存中...
[ DONE ] import

[  12% ] reimport | Ground_4_-10.glb
[   0% ] import | Started 导入场景 (104 steps)
[   0% ] import | 导入场景中...
[   1% ] import | 执行自定义脚本...
[  99% ] import | 保存中...
[ DONE ] import

[  13% ] reimport | Ground_5_0.glb
[   0% ] import | Started 导入场景 (104 steps)
[   0% ] import | 导入场景中...
[   1% ] import | 执行自定义脚本...
[  99% ] import | 保存中...
[ DONE ] import

[  13% ] reimport | Ground_5_1.glb
[   0% ] import | Started 导入场景 (104 steps)
[   0% ] import | 导入场景中...
[   1% ] import | 执行自定义脚本...
[  99% ] import | 保存中...
[ DONE ] import

[  13% ] reimport | Ground_5_2.glb
[   0% ] import | Started 导入场景 (104 steps)
[   0% ] import | 导入场景中...
[   1% ] import | 执行自定义脚本...
[  99% ] import | 保存中...
[ DONE ] import

[  14% ] reimport | Ground_5_3.glb
[   0% ] import | Started 导入场景 (104 steps)
[   0% ] import | 导入场景中...
[   1% ] import | 执行自定义脚本...
[  99% ] import | 保存中...
[ DONE ] import

[  14% ] reimport | Ground_5_4.glb
[   0% ] import | Started 导入场景 (104 steps)
[   0% ] import | 导入场景中...
[   1% ] import | 执行自定义脚本...
[  99% ] import | 保存中...
[ DONE ] import

[  14% ] reimport | Ground_5_5.glb
[   0% ] import | Started 导入场景 (104 steps)
[   0% ] import | 导入场景中...
[   1% ] import | 执行自定义脚本...
[  99% ] import | 保存中...
[ DONE ] import

[  15% ] reimport | Ground_5_-1.glb
[   0% ] import | Started 导入场景 (104 steps)
[   0% ] import | 导入场景中...
[   1% ] import | 执行自定义脚本...
[  99% ] import | 保存中...
[ DONE ] import

[  15% ] reimport | Ground_5_-2.glb
[   0% ] import | Started 导入场景 (104 steps)
[   0% ] import | 导入场景中...
[   1% ] import | 执行自定义脚本...
[  99% ] import | 保存中...
[ DONE ] import

[  16% ] reimport | Ground_5_-3.glb
[   0% ] import | Started 导入场景 (104 steps)
[   0% ] import | 导入场景中...
[   1% ] import | 执行自定义脚本...
[  99% ] import | 保存中...
[ DONE ] import

[  16% ] reimport | Ground_5_-4.glb
[   0% ] import | Started 导入场景 (104 steps)
[   0% ] import | 导入场景中...
[   1% ] import | 执行自定义脚本...
[  99% ] import | 保存中...
[ DONE ] import

[  16% ] reimport | Ground_5_-5.glb
[   0% ] import | Started 导入场景 (104 steps)
[   0% ] import | 导入场景中...
[   1% ] import | 执行自定义脚本...
[  99% ] import | 保存中...
[ DONE ] import

[  17% ] reimport | Ground_5_-6.glb
[   0% ] import | Started 导入场景 (104 steps)
[   0% ] import | 导入场景中...
[   1% ] import | 执行自定义脚本...
[  99% ] import | 保存中...
[ DONE ] import

[  17% ] reimport | Ground_5_-7.glb
[   0% ] import | Started 导入场景 (104 steps)
[   0% ] import | 导入场景中...
[   1% ] import | 执行自定义脚本...
[  99% ] import | 保存中...
[ DONE ] import

[  17% ] reimport | Ground_5_-8.glb
[   0% ] import | Started 导入场景 (104 steps)
[   0% ] import | 导入场景中...
[   1% ] import | 执行自定义脚本...
[  99% ] import | 保存中...
[ DONE ] import

[  18% ] reimport | Ground_5_-9.glb
[   0% ] import | Started 导入场景 (104 steps)
[   0% ] import | 导入场景中...
[   1% ] import | 执行自定义脚本...
[  99% ] import | 保存中...
[ DONE ] import

[  18% ] reimport | Ground_6_-10.glb
[   0% ] import | Started 导入场景 (104 steps)
[   0% ] import | 导入场景中...
[   1% ] import | 执行自定义脚本...
[  99% ] import | 保存中...
[ DONE ] import

[  19% ] reimport | Ground_6_-9.glb
[   0% ] import | Started 导入场景 (104 steps)
[   0% ] import | 导入场景中...
[   1% ] import | 执行自定义脚本...
[  99% ] import | 保存中...
[ DONE ] import

[  19% ] reimport | Ground_6_-8.glb
[   0% ] import | Started 导入场景 (104 steps)
[   0% ] import | 导入场景中...
[   1% ] import | 执行自定义脚本...
[  99% ] import | 保存中...
[ DONE ] import

[  19% ] reimport | Ground_6_-7.glb
[   0% ] import | Started 导入场景 (104 steps)
[   0% ] import | 导入场景中...
[   1% ] import | 执行自定义脚本...
[  99% ] import | 保存中...
[ DONE ] import

[  20% ] reimport | Ground_6_-6.glb
[   0% ] import | Started 导入场景 (104 steps)
[   0% ] import | 导入场景中...
[   1% ] import | 执行自定义脚本...
[  99% ] import | 保存中...
[ DONE ] import

[  20% ] reimport | Ground_6_-5.glb
[   0% ] import | Started 导入场景 (104 steps)
[   0% ] import | 导入场景中...
[   1% ] import | 执行自定义脚本...
[  99% ] import | 保存中...
[ DONE ] import

[  20% ] reimport | Ground_6_-4.glb
[   0% ] import | Started 导入场景 (104 steps)
[   0% ] import | 导入场景中...
[   1% ] import | 执行自定义脚本...
[  99% ] import | 保存中...
[ DONE ] import

[  21% ] reimport | Ground_6_-3.glb
[   0% ] import | Started 导入场景 (104 steps)
[   0% ] import | 导入场景中...
[   1% ] import | 执行自定义脚本...
[  99% ] import | 保存中...
[ DONE ] import

[  21% ] reimport | Ground_6_-2.glb
[   0% ] import | Started 导入场景 (104 steps)
[   0% ] import | 导入场景中...
[   1% ] import | 执行自定义脚本...
[  99% ] import | 保存中...
[ DONE ] import

[  22% ] reimport | Ground_6_-1.glb
[   0% ] import | Started 导入场景 (104 steps)
[   0% ] import | 导入场景中...
[   1% ] import | 执行自定义脚本...
[  99% ] import | 保存中...
[ DONE ] import

[  22% ] reimport | Ground_6_5.glb
[   0% ] import | Started 导入场景 (104 steps)
[   0% ] import | 导入场景中...
[   1% ] import | 执行自定义脚本...
[  99% ] import | 保存中...
[ DONE ] import

[  22% ] reimport | Ground_6_4.glb
[   0% ] import | Started 导入场景 (104 steps)
[   0% ] import | 导入场景中...
[   1% ] import | 执行自定义脚本...
[  99% ] import | 保存中...
[ DONE ] import

[  23% ] reimport | Ground_6_3.glb
[   0% ] import | Started 导入场景 (104 steps)
[   0% ] import | 导入场景中...
[   1% ] import | 执行自定义脚本...
[  99% ] import | 保存中...
[ DONE ] import

[  23% ] reimport | Ground_6_2.glb
[   0% ] import | Started 导入场景 (104 steps)
[   0% ] import | 导入场景中...
[   1% ] import | 执行自定义脚本...
[  99% ] import | 保存中...
[ DONE ] import

[  23% ] reimport | Ground_6_1.glb
[   0% ] import | Started 导入场景 (104 steps)
[   0% ] import | 导入场景中...
[   1% ] import | 执行自定义脚本...
[  99% ] import | 保存中...
[ DONE ] import

[  24% ] reimport | Ground_6_0.glb
[   0% ] import | Started 导入场景 (104 steps)
[   0% ] import | 导入场景中...
[   1% ] import | 执行自定义脚本...
[  99% ] import | 保存中...
[ DONE ] import

[  24% ] reimport | Ground_5_-10.glb
[   0% ] import | Started 导入场景 (104 steps)
[   0% ] import | 导入场景中...
[   1% ] import | 执行自定义脚本...
[  99% ] import | 保存中...
[ DONE ] import

[  25% ] reimport | Ground_-5_2.glb
[   0% ] import | Started 导入场景 (104 steps)
[   0% ] import | 导入场景中...
[   1% ] import | 执行自定义脚本...
[  99% ] import | 保存中...
[ DONE ] import

[  25% ] reimport | Ground_-5_3.glb
[   0% ] import | Started 导入场景 (104 steps)
[   0% ] import | 导入场景中...
[   1% ] import | 执行自定义脚本...
[  99% ] import | 保存中...
[ DONE ] import

[  25% ] reimport | Ground_-5_4.glb
[   0% ] import | Started 导入场景 (104 steps)
[   0% ] import | 导入场景中...
[   1% ] import | 执行自定义脚本...
[  99% ] import | 保存中...
[ DONE ] import

[  26% ] reimport | Ground_-5_5.glb
[   0% ] import | Started 导入场景 (104 steps)
[   0% ] import | 导入场景中...
[   1% ] import | 执行自定义脚本...
[  99% ] import | 保存中...
[ DONE ] import

[  26% ] reimport | Ground_-5_-1.glb
[   0% ] import | Started 导入场景 (104 steps)
[   0% ] import | 导入场景中...
[   1% ] import | 执行自定义脚本...
[  99% ] import | 保存中...
[ DONE ] import

[  26% ] reimport | Ground_-5_-2.glb
[   0% ] import | Started 导入场景 (104 steps)
[   0% ] import | 导入场景中...
[   1% ] import | 执行自定义脚本...
[  99% ] import | 保存中...
[ DONE ] import

[  27% ] reimport | Ground_-5_-3.glb
[   0% ] import | Started 导入场景 (104 steps)
[   0% ] import | 导入场景中...
[   1% ] import | 执行自定义脚本...
[  99% ] import | 保存中...
[ DONE ] import

[  27% ] reimport | Ground_-5_-4.glb
[   0% ] import | Started 导入场景 (104 steps)
[   0% ] import | 导入场景中...
[   1% ] import | 执行自定义脚本...
[  99% ] import | 保存中...
[ DONE ] import

[  28% ] reimport | Ground_-5_-5.glb
[   0% ] import | Started 导入场景 (104 steps)
[   0% ] import | 导入场景中...
[   1% ] import | 执行自定义脚本...
[  99% ] import | 保存中...
[ DONE ] import

[  28% ] reimport | Ground_-5_-6.glb
[   0% ] import | Started 导入场景 (104 steps)
[   0% ] import | 导入场景中...
[   1% ] import | 执行自定义脚本...
[  99% ] import | 保存中...
[ DONE ] import

[  28% ] reimport | Ground_-5_-7.glb
[   0% ] import | Started 导入场景 (104 steps)
[   0% ] import | 导入场景中...
[   1% ] import | 执行自定义脚本...
[  99% ] import | 保存中...
[ DONE ] import

[  29% ] reimport | Ground_-5_-8.glb
[   0% ] import | Started 导入场景 (104 steps)
[   0% ] import | 导入场景中...
[   1% ] import | 执行自定义脚本...
[  99% ] import | 保存中...
[ DONE ] import

[  29% ] reimport | Ground_-5_-9.glb
[   0% ] import | Started 导入场景 (104 steps)
[   0% ] import | 导入场景中...
[   1% ] import | 执行自定义脚本...
[  99% ] import | 保存中...
[ DONE ] import

[  29% ] reimport | Ground_-5_-10.glb
[   0% ] import | Started 导入场景 (104 steps)
[   0% ] import | 导入场景中...
[   1% ] import | 执行自定义脚本...
[  99% ] import | 保存中...
[ DONE ] import

[  30% ] reimport | Ground_-6_0.glb
[   0% ] import | Started 导入场景 (104 steps)
[   0% ] import | 导入场景中...
[   1% ] import | 执行自定义脚本...
[  99% ] import | 保存中...
[ DONE ] import

[  30% ] reimport | Ground_-6_1.glb
[   0% ] import | Started 导入场景 (104 steps)
[   0% ] import | 导入场景中...
[   1% ] import | 执行自定义脚本...
[  99% ] import | 保存中...
[ DONE ] import

[  31% ] reimport | propeller.glb
[   0% ] import | Started 导入场景 (104 steps)
[   0% ] import | 导入场景中...
[   1% ] import | 执行自定义脚本...
[  99% ] import | 保存中...
[ DONE ] import

[  31% ] reimport | open_world.glb
[   0% ] import | Started 导入场景 (104 steps)
[   0% ] import | 导入场景中...
[   1% ] import | 执行自定义脚本...
[  99% ] import | 保存中...
[ DONE ] import

[  31% ] reimport | airship.glb
[   0% ] import | Started 导入场景 (104 steps)
[   0% ] import | 导入场景中...
[   1% ] import | 执行自定义脚本...
[  99% ] import | 保存中...
[ DONE ] import

[  32% ] reimport | Ground_-6_-10.glb
[   0% ] import | Started 导入场景 (104 steps)
[   0% ] import | 导入场景中...
[   1% ] import | 执行自定义脚本...
[  99% ] import | 保存中...
[ DONE ] import

[  32% ] reimport | Ground_-6_-9.glb
[   0% ] import | Started 导入场景 (104 steps)
[   0% ] import | 导入场景中...
[   1% ] import | 执行自定义脚本...
[  99% ] import | 保存中...
[ DONE ] import

[  32% ] reimport | Ground_-6_-8.glb
[   0% ] import | Started 导入场景 (104 steps)
[   0% ] import | 导入场景中...
[   1% ] import | 执行自定义脚本...
[  99% ] import | 保存中...
[ DONE ] import

[  33% ] reimport | Ground_-6_-7.glb
[   0% ] import | Started 导入场景 (104 steps)
[   0% ] import | 导入场景中...
[   1% ] import | 执行自定义脚本...
[  99% ] import | 保存中...
[ DONE ] import

[  33% ] reimport | Ground_-6_-6.glb
[   0% ] import | Started 导入场景 (104 steps)
[   0% ] import | 导入场景中...
[   1% ] import | 执行自定义脚本...
[  99% ] import | 保存中...
[ DONE ] import

[  34% ] reimport | Ground_-6_-5.glb
[   0% ] import | Started 导入场景 (104 steps)
[   0% ] import | 导入场景中...
[   1% ] import | 执行自定义脚本...
[  99% ] import | 保存中...
[ DONE ] import

[  34% ] reimport | Ground_-6_-4.glb
[   0% ] import | Started 导入场景 (104 steps)
[   0% ] import | 导入场景中...
[   1% ] import | 执行自定义脚本...
[  99% ] import | 保存中...
[ DONE ] import

[  34% ] reimport | Ground_-6_-3.glb
[   0% ] import | Started 导入场景 (104 steps)
[   0% ] import | 导入场景中...
[   1% ] import | 执行自定义脚本...
[  99% ] import | 保存中...
[ DONE ] import

[  35% ] reimport | Ground_-6_-2.glb
[   0% ] import | Started 导入场景 (104 steps)
[   0% ] import | 导入场景中...
[   1% ] import | 执行自定义脚本...
[  99% ] import | 保存中...
[ DONE ] import

[  35% ] reimport | Ground_-6_-1.glb
[   0% ] import | Started 导入场景 (104 steps)
[   0% ] import | 导入场景中...
[   1% ] import | 执行自定义脚本...
[  99% ] import | 保存中...
[ DONE ] import

[  35% ] reimport | Ground_-6_5.glb
[   0% ] import | Started 导入场景 (104 steps)
[   0% ] import | 导入场景中...
[   1% ] import | 执行自定义脚本...
[  99% ] import | 保存中...
[ DONE ] import

[  36% ] reimport | Ground_-6_4.glb
[   0% ] import | Started 导入场景 (104 steps)
[   0% ] import | 导入场景中...
[   1% ] import | 执行自定义脚本...
[  99% ] import | 保存中...
[ DONE ] import

[  36% ] reimport | Ground_-6_3.glb
[   0% ] import | Started 导入场景 (104 steps)
[   0% ] import | 导入场景中...
[   1% ] import | 执行自定义脚本...
[  99% ] import | 保存中...
[ DONE ] import

[  37% ] reimport | Ground_-6_2.glb
[   0% ] import | Started 导入场景 (104 steps)
[   0% ] import | 导入场景中...
[   1% ] import | 执行自定义脚本...
[  99% ] import | 保存中...
[ DONE ] import

[  37% ] reimport | Ground_-3_1.glb
[   0% ] import | Started 导入场景 (104 steps)
[   0% ] import | 导入场景中...
[   1% ] import | 执行自定义脚本...
[  99% ] import | 保存中...
[ DONE ] import

[  37% ] reimport | Ground_-3_2.glb
[   0% ] import | Started 导入场景 (104 steps)
[   0% ] import | 导入场景中...
[   1% ] import | 执行自定义脚本...
[  99% ] import | 保存中...
[ DONE ] import

[  38% ] reimport | Ground_-3_3.glb
[   0% ] import | Started 导入场景 (104 steps)
[   0% ] import | 导入场景中...
[   1% ] import | 执行自定义脚本...
[  99% ] import | 保存中...
[ DONE ] import

[  38% ] reimport | Ground_-3_4.glb
[   0% ] import | Started 导入场景 (104 steps)
[   0% ] import | 导入场景中...
[   1% ] import | 执行自定义脚本...
[  99% ] import | 保存中...
[ DONE ] import

[  38% ] reimport | Ground_-3_5.glb
[   0% ] import | Started 导入场景 (104 steps)
[   0% ] import | 导入场景中...
[   1% ] import | 执行自定义脚本...
[  99% ] import | 保存中...
[ DONE ] import

[  39% ] reimport | Ground_-3_-1.glb
[   0% ] import | Started 导入场景 (104 steps)
[   0% ] import | 导入场景中...
[   1% ] import | 执行自定义脚本...
[  99% ] import | 保存中...
[ DONE ] import

[  39% ] reimport | Ground_-3_-2.glb
[   0% ] import | Started 导入场景 (104 steps)
[   0% ] import | 导入场景中...
[   1% ] import | 执行自定义脚本...
[  99% ] import | 保存中...
[ DONE ] import

[  40% ] reimport | Ground_-3_-3.glb
[   0% ] import | Started 导入场景 (104 steps)
[   0% ] import | 导入场景中...
[   1% ] import | 执行自定义脚本...
[  99% ] import | 保存中...
[ DONE ] import

[  40% ] reimport | Ground_-3_-4.glb
[   0% ] import | Started 导入场景 (104 steps)
[   0% ] import | 导入场景中...
[   1% ] import | 执行自定义脚本...
[  99% ] import | 保存中...
[ DONE ] import

[  40% ] reimport | Ground_-3_-5.glb
[   0% ] import | Started 导入场景 (104 steps)
[   0% ] import | 导入场景中...
[   1% ] import | 执行自定义脚本...
[  99% ] import | 保存中...
[ DONE ] import

[  41% ] reimport | Ground_-3_-6.glb
[   0% ] import | Started 导入场景 (104 steps)
[   0% ] import | 导入场景中...
[   1% ] import | 执行自定义脚本...
[  99% ] import | 保存中...
[ DONE ] import

[  41% ] reimport | Ground_-3_-7.glb
[   0% ] import | Started 导入场景 (104 steps)
[   0% ] import | 导入场景中...
[   1% ] import | 执行自定义脚本...
[  99% ] import | 保存中...
[ DONE ] import

[  41% ] reimport | Ground_-3_-8.glb
[   0% ] import | Started 导入场景 (104 steps)
[   0% ] import | 导入场景中...
[   1% ] import | 执行自定义脚本...
[  99% ] import | 保存中...
[ DONE ] import

[  42% ] reimport | Ground_-3_-9.glb
[   0% ] import | Started 导入场景 (104 steps)
[   0% ] import | 导入场景中...
[   1% ] import | 执行自定义脚本...
[  99% ] import | 保存中...
[ DONE ] import

[  42% ] reimport | Ground_-3_-10.glb
[   0% ] import | Started 导入场景 (104 steps)
[   0% ] import | 导入场景中...
[   1% ] import | 执行自定义脚本...
[  99% ] import | 保存中...
[ DONE ] import

[  43% ] reimport | Ground_-4_0.glb
[   0% ] import | Started 导入场景 (104 steps)
[   0% ] import | 导入场景中...
[   1% ] import | 执行自定义脚本...
[  99% ] import | 保存中...
[ DONE ] import

[  43% ] reimport | Ground_-5_1.glb
[   0% ] import | Started 导入场景 (104 steps)
[   0% ] import | 导入场景中...
[   1% ] import | 执行自定义脚本...
[  99% ] import | 保存中...
[ DONE ] import

[  43% ] reimport | Ground_-5_0.glb
[   0% ] import | Started 导入场景 (104 steps)
[   0% ] import | 导入场景中...
[   1% ] import | 执行自定义脚本...
[  99% ] import | 保存中...
[ DONE ] import

[  44% ] reimport | Ground_-4_-10.glb
[   0% ] import | Started 导入场景 (104 steps)
[   0% ] import | 导入场景中...
[   1% ] import | 执行自定义脚本...
[  99% ] import | 保存中...
[ DONE ] import

[  44% ] reimport | Ground_-4_-9.glb
[   0% ] import | Started 导入场景 (104 steps)
[   0% ] import | 导入场景中...
[   1% ] import | 执行自定义脚本...
[  99% ] import | 保存中...
[ DONE ] import

[  44% ] reimport | Ground_-4_-8.glb
[   0% ] import | Started 导入场景 (104 steps)
[   0% ] import | 导入场景中...
[   1% ] import | 执行自定义脚本...
[  99% ] import | 保存中...
[ DONE ] import

[  45% ] reimport | Ground_-4_-7.glb
[   0% ] import | Started 导入场景 (104 steps)
[   0% ] import | 导入场景中...
[   1% ] import | 执行自定义脚本...
[  99% ] import | 保存中...
[ DONE ] import

[  45% ] reimport | Ground_-4_-6.glb
[   0% ] import | Started 导入场景 (104 steps)
[   0% ] import | 导入场景中...
[   1% ] import | 执行自定义脚本...
[  99% ] import | 保存中...
[ DONE ] import

[  46% ] reimport | Ground_-4_-5.glb
[   0% ] import | Started 导入场景 (104 steps)
[   0% ] import | 导入场景中...
[   1% ] import | 执行自定义脚本...
[  99% ] import | 保存中...
[ DONE ] import

[  46% ] reimport | Ground_-4_-4.glb
[   0% ] import | Started 导入场景 (104 steps)
[   0% ] import | 导入场景中...
[   1% ] import | 执行自定义脚本...
[  99% ] import | 保存中...
[ DONE ] import

[  46% ] reimport | Ground_-4_-3.glb
[   0% ] import | Started 导入场景 (104 steps)
[   0% ] import | 导入场景中...
[   1% ] import | 执行自定义脚本...
[  99% ] import | 保存中...
[ DONE ] import

[  47% ] reimport | Ground_-4_-2.glb
[   0% ] import | Started 导入场景 (104 steps)
[   0% ] import | 导入场景中...
[   1% ] import | 执行自定义脚本...
[  99% ] import | 保存中...
[ DONE ] import

[  47% ] reimport | Ground_-4_-1.glb
[   0% ] import | Started 导入场景 (104 steps)
[   0% ] import | 导入场景中...
[   1% ] import | 执行自定义脚本...
[  99% ] import | 保存中...
[ DONE ] import

[  47% ] reimport | Ground_-4_5.glb
[   0% ] import | Started 导入场景 (104 steps)
[   0% ] import | 导入场景中...
[   1% ] import | 执行自定义脚本...
[  99% ] import | 保存中...
[ DONE ] import

[  48% ] reimport | Ground_-4_4.glb
[   0% ] import | Started 导入场景 (104 steps)
[   0% ] import | 导入场景中...
[   1% ] import | 执行自定义脚本...
[  99% ] import | 保存中...
[ DONE ] import

[  48% ] reimport | Ground_-4_3.glb
[   0% ] import | Started 导入场景 (104 steps)
[   0% ] import | 导入场景中...
[   1% ] import | 执行自定义脚本...
[  99% ] import | 保存中...
[ DONE ] import

[  49% ] reimport | Ground_-4_2.glb
[   0% ] import | Started 导入场景 (104 steps)
[   0% ] import | 导入场景中...
[   1% ] import | 执行自定义脚本...
[  99% ] import | 保存中...
[ DONE ] import

[  49% ] reimport | Ground_-4_1.glb
[   0% ] import | Started 导入场景 (104 steps)
[   0% ] import | 导入场景中...
[   1% ] import | 执行自定义脚本...
[  99% ] import | 保存中...
[ DONE ] import

[  49% ] reimport | lighthouse.glb
[   0% ] import | Started 导入场景 (104 steps)
[   0% ] import | 导入场景中...
[   1% ] import | 执行自定义脚本...
[  99% ] import | 保存中...
[ DONE ] import

[  50% ] reimport | massif_blue_buttress.glb
[   0% ] import | Started 导入场景 (104 steps)
[   0% ] import | 导入场景中...
[   1% ] import | 执行自定义脚本...
[  99% ] import | 保存中...
[ DONE ] import

[  50% ] reimport | massif_cirque_wall.glb
[   0% ] import | Started 导入场景 (104 steps)
[   0% ] import | 导入场景中...
[   1% ] import | 执行自定义脚本...
[  99% ] import | 保存中...
[ DONE ] import

[  50% ] reimport | massif_east_foothill.glb
[   0% ] import | Started 导入场景 (104 steps)
[   0% ] import | 导入场景中...
[   1% ] import | 执行自定义脚本...
[  99% ] import | 保存中...
[ DONE ] import

[  51% ] reimport | massif_east_spur.glb
[   0% ] import | Started 导入场景 (104 steps)
[   0% ] import | 导入场景中...
[   1% ] import | 执行自定义脚本...
[  99% ] import | 保存中...
[ DONE ] import

[  51% ] reimport | massif_east_summit.glb
[   0% ] import | Started 导入场景 (104 steps)
[   0% ] import | 导入场景中...
[   1% ] import | 执行自定义脚本...
[  99% ] import | 保存中...
[ DONE ] import

[  52% ] reimport | massif_frost_crown.glb
[   0% ] import | Started 导入场景 (104 steps)
[   0% ] import | 导入场景中...
[   1% ] import | 执行自定义脚本...
[  99% ] import | 保存中...
[ DONE ] import

[  52% ] reimport | massif_needle_ridge.glb
[   0% ] import | Started 导入场景 (104 steps)
[   0% ] import | 导入场景中...
[   1% ] import | 执行自定义脚本...
[  99% ] import | 保存中...
[ DONE ] import

[  52% ] reimport | massif_valley_guard.glb
[   0% ] import | Started 导入场景 (104 steps)
[   0% ] import | 导入场景中...
[   1% ] import | 执行自定义脚本...
[  99% ] import | 保存中...
[ DONE ] import

[  53% ] reimport | massif_west_foothill.glb
[   0% ] import | Started 导入场景 (104 steps)
[   0% ] import | 导入场景中...
[   1% ] import | 执行自定义脚本...
[  99% ] import | 保存中...
[ DONE ] import

[  53% ] reimport | massif_west_spur.glb
[   0% ] import | Started 导入场景 (104 steps)
[   0% ] import | 导入场景中...
[   1% ] import | 执行自定义脚本...
[  99% ] import | 保存中...
[ DONE ] import

[  53% ] reimport | massif_west_summit.glb
[   0% ] import | Started 导入场景 (104 steps)
[   0% ] import | 导入场景中...
[   1% ] import | 执行自定义脚本...
[  99% ] import | 保存中...
[ DONE ] import

[  54% ] reimport | mill.glb
[   0% ] import | Started 导入场景 (104 steps)
[   0% ] import | 导入场景中...
[   1% ] import | 执行自定义脚本...
[  99% ] import | 保存中...
[ DONE ] import

[  54% ] reimport | mill_rotor.glb
[   0% ] import | Started 导入场景 (104 steps)
[   0% ] import | 导入场景中...
[   1% ] import | 执行自定义脚本...
[  99% ] import | 保存中...
[ DONE ] import

[  55% ] reimport | oak.glb
[   0% ] import | Started 导入场景 (104 steps)
[   0% ] import | 导入场景中...
[   1% ] import | 执行自定义脚本...
[  99% ] import | 保存中...
[ DONE ] import

[  55% ] reimport | observatory.glb
[   0% ] import | Started 导入场景 (104 steps)
[   0% ] import | 导入场景中...
[   1% ] import | 执行自定义脚本...
[  99% ] import | 保存中...
[ DONE ] import

[  55% ] reimport | Ground_0_-6.glb
[   0% ] import | Started 导入场景 (104 steps)
[   0% ] import | 导入场景中...
[   1% ] import | 执行自定义脚本...
[  99% ] import | 保存中...
[ DONE ] import

[  56% ] reimport | Ground_0_-5.glb
[   0% ] import | Started 导入场景 (104 steps)
[   0% ] import | 导入场景中...
[   1% ] import | 执行自定义脚本...
[  99% ] import | 保存中...
[ DONE ] import

[  56% ] reimport | Ground_0_-4.glb
[   0% ] import | Started 导入场景 (104 steps)
[   0% ] import | 导入场景中...
[   1% ] import | 执行自定义脚本...
[  99% ] import | 保存中...
[ DONE ] import

[  56% ] reimport | Ground_0_-3.glb
[   0% ] import | Started 导入场景 (104 steps)
[   0% ] import | 导入场景中...
[   1% ] import | 执行自定义脚本...
[  99% ] import | 保存中...
[ DONE ] import

[  57% ] reimport | Ground_0_-2.glb
[   0% ] import | Started 导入场景 (104 steps)
[   0% ] import | 导入场景中...
[   1% ] import | 执行自定义脚本...
[  99% ] import | 保存中...
[ DONE ] import

[  57% ] reimport | Ground_0_-1.glb
[   0% ] import | Started 导入场景 (104 steps)
[   0% ] import | 导入场景中...
[   1% ] import | 执行自定义脚本...
[  99% ] import | 保存中...
[ DONE ] import

[  58% ] reimport | Ground_0_5.glb
[   0% ] import | Started 导入场景 (104 steps)
[   0% ] import | 导入场景中...
[   1% ] import | 执行自定义脚本...
[  99% ] import | 保存中...
[ DONE ] import

[  58% ] reimport | Ground_0_4.glb
[   0% ] import | Started 导入场景 (104 steps)
[   0% ] import | 导入场景中...
[   1% ] import | 执行自定义脚本...
[  99% ] import | 保存中...
[ DONE ] import

[  58% ] reimport | Ground_0_3.glb
[   0% ] import | Started 导入场景 (104 steps)
[   0% ] import | 导入场景中...
[   1% ] import | 执行自定义脚本...
[  99% ] import | 保存中...
[ DONE ] import

[  59% ] reimport | Ground_0_2.glb
[   0% ] import | Started 导入场景 (104 steps)
[   0% ] import | 导入场景中...
[   1% ] import | 执行自定义脚本...
[  99% ] import | 保存中...
[ DONE ] import

[  59% ] reimport | Ground_0_1.glb
[   0% ] import | Started 导入场景 (104 steps)
[   0% ] import | 导入场景中...
[   1% ] import | 执行自定义脚本...
[  99% ] import | 保存中...
[ DONE ] import

[  59% ] reimport | Ground_0_0.glb
[   0% ] import | Started 导入场景 (104 steps)
[   0% ] import | 导入场景中...
[   1% ] import | 执行自定义脚本...
[  99% ] import | 保存中...
[ DONE ] import

[  60% ] reimport | sky_ring.glb
[   0% ] import | Started 导入场景 (104 steps)
[   0% ] import | 导入场景中...
[   1% ] import | 执行自定义脚本...
[  99% ] import | 保存中...
[ DONE ] import

[  60% ] reimport | ruins.glb
[   0% ] import | Started 导入场景 (104 steps)
[   0% ] import | 导入场景中...
[   1% ] import | 执行自定义脚本...
[  99% ] import | 保存中...
[ DONE ] import

[  61% ] reimport | rock.glb
[   0% ] import | Started 导入场景 (104 steps)
[   0% ] import | 导入场景中...
[   1% ] import | 执行自定义脚本...
[  99% ] import | 保存中...
[ DONE ] import

[  61% ] reimport | poplar.glb
[   0% ] import | Started 导入场景 (104 steps)
[   0% ] import | 导入场景中...
[   1% ] import | 执行自定义脚本...
[  99% ] import | 保存中...
[ DONE ] import

[  61% ] reimport | pine.glb
[   0% ] import | Started 导入场景 (104 steps)
[   0% ] import | 导入场景中...
[   1% ] import | 执行自定义脚本...
[  99% ] import | 保存中...
[ DONE ] import

[  62% ] reimport | Field_0.glb
[   0% ] import | Started 导入场景 (104 steps)
[   0% ] import | 导入场景中...
[   1% ] import | 执行自定义脚本...
[  99% ] import | 保存中...
[ DONE ] import

[  62% ] reimport | Field_1.glb
[   0% ] import | Started 导入场景 (104 steps)
[   0% ] import | 导入场景中...
[   1% ] import | 执行自定义脚本...
[  99% ] import | 保存中...
[ DONE ] import

[  62% ] reimport | Field_2.glb
[   0% ] import | Started 导入场景 (104 steps)
[   0% ] import | 导入场景中...
[   1% ] import | 执行自定义脚本...
[  99% ] import | 保存中...
[ DONE ] import

[  63% ] reimport | Field_3.glb
[   0% ] import | Started 导入场景 (104 steps)
[   0% ] import | 导入场景中...
[   1% ] import | 执行自定义脚本...
[  99% ] import | 保存中...
[ DONE ] import

[  63% ] reimport | Field_4.glb
[   0% ] import | Started 导入场景 (104 steps)
[   0% ] import | 导入场景中...
[   1% ] import | 执行自定义脚本...
[  99% ] import | 保存中...
[ DONE ] import

[  64% ] reimport | Field_5.glb
[   0% ] import | Started 导入场景 (104 steps)
[   0% ] import | 导入场景中...
[   1% ] import | 执行自定义脚本...
[  99% ] import | 保存中...
[ DONE ] import

[  64% ] reimport | Field_6.glb
[   0% ] import | Started 导入场景 (104 steps)
[   0% ] import | 导入场景中...
[   1% ] import | 执行自定义脚本...
[  99% ] import | 保存中...
[ DONE ] import

[  64% ] reimport | Field_7.glb
[   0% ] import | Started 导入场景 (104 steps)
[   0% ] import | 导入场景中...
[   1% ] import | 执行自定义脚本...
[  99% ] import | 保存中...
[ DONE ] import

[  65% ] reimport | Field_8.glb
[   0% ] import | Started 导入场景 (104 steps)
[   0% ] import | 导入场景中...
[   1% ] import | 执行自定义脚本...
[  99% ] import | 保存中...
[ DONE ] import

[  65% ] reimport | Field_9.glb
[   0% ] import | Started 导入场景 (104 steps)
[   0% ] import | 导入场景中...
[   1% ] import | 执行自定义脚本...
[  99% ] import | 保存中...
[ DONE ] import

[  65% ] reimport | Field_10.glb
[   0% ] import | Started 导入场景 (104 steps)
[   0% ] import | 导入场景中...
[   1% ] import | 执行自定义脚本...
[  99% ] import | 保存中...
[ DONE ] import

[  66% ] reimport | Field_11.glb
[   0% ] import | Started 导入场景 (104 steps)
[   0% ] import | 导入场景中...
[   1% ] import | 执行自定义脚本...
[  99% ] import | 保存中...
[ DONE ] import

[  66% ] reimport | Trail_Amberfield.glb
[   0% ] import | Started 导入场景 (104 steps)
[   0% ] import | 导入场景中...
[   1% ] import | 执行自定义脚本...
[  99% ] import | 保存中...
[ DONE ] import

[  67% ] reimport | Trail_Crownreach.glb
[   0% ] import | Started 导入场景 (104 steps)
[   0% ] import | 导入场景中...
[   1% ] import | 执行自定义脚本...
[  99% ] import | 保存中...
[ DONE ] import

[  67% ] reimport | Trail_HillHamlet.glb
[   0% ] import | Started 导入场景 (104 steps)
[   0% ] import | 导入场景中...
[   1% ] import | 执行自定义脚本...
[  99% ] import | 保存中...
[ DONE ] import

[  67% ] reimport | bush.glb
[   0% ] import | Started 导入场景 (104 steps)
[   0% ] import | 导入场景中...
[   1% ] import | 执行自定义脚本...
[  99% ] import | 保存中...
[ DONE ] import

[  68% ] reimport | dock.glb
[   0% ] import | Started 导入场景 (104 steps)
[   0% ] import | 导入场景中...
[   1% ] import | 执行自定义脚本...
[  99% ] import | 保存中...
[ DONE ] import

[  68% ] reimport | crate.glb
[   0% ] import | Started 导入场景 (104 steps)
[   0% ] import | 导入场景中...
[   1% ] import | 执行自定义脚本...
[  99% ] import | 保存中...
[ DONE ] import

[  68% ] reimport | cottage.glb
[   0% ] import | Started 导入场景 (104 steps)
[   0% ] import | 导入场景中...
[   1% ] import | 执行自定义脚本...
[  99% ] import | 保存中...
[ DONE ] import

[  69% ] reimport | cloud_wisp.glb
[   0% ] import | Started 导入场景 (104 steps)
[   0% ] import | 导入场景中...
[   1% ] import | 执行自定义脚本...
[  99% ] import | 保存中...
[ DONE ] import

[  69% ] reimport | cloud_primary.glb
[   0% ] import | Started 导入场景 (104 steps)
[   0% ] import | 导入场景中...
[   1% ] import | 执行自定义脚本...
[  99% ] import | 保存中...
[ DONE ] import

[  70% ] reimport | cloud_middle.glb
[   0% ] import | Started 导入场景 (104 steps)
[   0% ] import | 导入场景中...
[   1% ] import | 执行自定义脚本...
[  99% ] import | 保存中...
[ DONE ] import

[  70% ] reimport | cloud_low.glb
[   0% ] import | Started 导入场景 (104 steps)
[   0% ] import | 导入场景中...
[   1% ] import | 执行自定义脚本...
[  99% ] import | 保存中...
[ DONE ] import

[  70% ] reimport | cloud_edge.glb
[   0% ] import | Started 导入场景 (104 steps)
[   0% ] import | 导入场景中...
[   1% ] import | 执行自定义脚本...
[  99% ] import | 保存中...
[ DONE ] import

[  71% ] reimport | cloud.glb
[   0% ] import | Started 导入场景 (104 steps)
[   0% ] import | 导入场景中...
[   1% ] import | 执行自定义脚本...
[  99% ] import | 保存中...
[ DONE ] import

[  71% ] reimport | cliff_western_slab.glb
[   0% ] import | Started 导入场景 (104 steps)
[   0% ] import | 导入场景中...
[   1% ] import | 执行自定义脚本...
[  99% ] import | 保存中...
[ DONE ] import

[  71% ] reimport | cliff_western_mesa.glb
[   0% ] import | Started 导入场景 (104 steps)
[   0% ] import | 导入场景中...
[   1% ] import | 执行自定义脚本...
[  99% ] import | 保存中...
[ DONE ] import

[  72% ] reimport | cliff_shadow_buttress.glb
[   0% ] import | Started 导入场景 (104 steps)
[   0% ] import | 导入场景中...
[   1% ] import | 执行自定义脚本...
[  99% ] import | 保存中...
[ DONE ] import

[  72% ] reimport | cliff_front_columns.glb
[   0% ] import | Started 导入场景 (104 steps)
[   0% ] import | 导入场景中...
[   1% ] import | 执行自定义脚本...
[  99% ] import | 保存中...
[ DONE ] import

[  73% ] reimport | cliff_eastern_plateau.glb
[   0% ] import | Started 导入场景 (104 steps)
[   0% ] import | 导入场景中...
[   1% ] import | 执行自定义脚本...
[  99% ] import | 保存中...
[ DONE ] import

[  73% ] reimport | cliff_crown.glb
[   0% ] import | Started 导入场景 (104 steps)
[   0% ] import | 导入场景中...
[   1% ] import | 执行自定义脚本...
[  99% ] import | 保存中...
[ DONE ] import

[  73% ] reimport | cliff_central_wall.glb
[   0% ] import | Started 导入场景 (104 steps)
[   0% ] import | 导入场景中...
[   1% ] import | 执行自定义脚本...
[  99% ] import | 保存中...
[ DONE ] import

[  74% ] reimport | castle.glb
[   0% ] import | Started 导入场景 (104 steps)
[   0% ] import | 导入场景中...
[   1% ] import | 执行自定义脚本...
[  99% ] import | 保存中...
[ DONE ] import

[  74% ] reimport | Ground_2_-9.glb
[   0% ] import | Started 导入场景 (104 steps)
[   0% ] import | 导入场景中...
[   1% ] import | 执行自定义脚本...
[  99% ] import | 保存中...
[ DONE ] import

[  74% ] reimport | Ground_2_-10.glb
[   0% ] import | Started 导入场景 (104 steps)
[   0% ] import | 导入场景中...
[   1% ] import | 执行自定义脚本...
[  99% ] import | 保存中...
[ DONE ] import

[  75% ] reimport | Ground_3_0.glb
[   0% ] import | Started 导入场景 (104 steps)
[   0% ] import | 导入场景中...
[   1% ] import | 执行自定义脚本...
[  99% ] import | 保存中...
[ DONE ] import

[  75% ] reimport | Ground_3_1.glb
[   0% ] import | Started 导入场景 (104 steps)
[   0% ] import | 导入场景中...
[   1% ] import | 执行自定义脚本...
[  99% ] import | 保存中...
[ DONE ] import

[  76% ] reimport | Ground_3_2.glb
[   0% ] import | Started 导入场景 (104 steps)
[   0% ] import | 导入场景中...
[   1% ] import | 执行自定义脚本...
[  99% ] import | 保存中...
[ DONE ] import

[  76% ] reimport | Ground_3_3.glb
[   0% ] import | Started 导入场景 (104 steps)
[   0% ] import | 导入场景中...
[   1% ] import | 执行自定义脚本...
[  99% ] import | 保存中...
[ DONE ] import

[  76% ] reimport | Ground_3_4.glb
[   0% ] import | Started 导入场景 (104 steps)
[   0% ] import | 导入场景中...
[   1% ] import | 执行自定义脚本...
[  99% ] import | 保存中...
[ DONE ] import

[  77% ] reimport | Ground_3_5.glb
[   0% ] import | Started 导入场景 (104 steps)
[   0% ] import | 导入场景中...
[   1% ] import | 执行自定义脚本...
[  99% ] import | 保存中...
[ DONE ] import

[  77% ] reimport | Ground_3_-1.glb
[   0% ] import | Started 导入场景 (104 steps)
[   0% ] import | 导入场景中...
[   1% ] import | 执行自定义脚本...
[  99% ] import | 保存中...
[ DONE ] import

[  77% ] reimport | Ground_3_-2.glb
[   0% ] import | Started 导入场景 (104 steps)
[   0% ] import | 导入场景中...
[   1% ] import | 执行自定义脚本...
[  99% ] import | 保存中...
[ DONE ] import

[  78% ] reimport | Ground_3_-3.glb
[   0% ] import | Started 导入场景 (104 steps)
[   0% ] import | 导入场景中...
[   1% ] import | 执行自定义脚本...
[  99% ] import | 保存中...
[ DONE ] import

[  78% ] reimport | Ground_3_-4.glb
[   0% ] import | Started 导入场景 (104 steps)
[   0% ] import | 导入场景中...
[   1% ] import | 执行自定义脚本...
[  99% ] import | 保存中...
[ DONE ] import

[  79% ] reimport | Ground_3_-5.glb
[   0% ] import | Started 导入场景 (104 steps)
[   0% ] import | 导入场景中...
[   1% ] import | 执行自定义脚本...
[  99% ] import | 保存中...
[ DONE ] import

[  79% ] reimport | Ground_3_-6.glb
[   0% ] import | Started 导入场景 (104 steps)
[   0% ] import | 导入场景中...
[   1% ] import | 执行自定义脚本...
[  99% ] import | 保存中...
[ DONE ] import

[  79% ] reimport | Ground_3_-7.glb
[   0% ] import | Started 导入场景 (104 steps)
[   0% ] import | 导入场景中...
[   1% ] import | 执行自定义脚本...
[  99% ] import | 保存中...
[ DONE ] import

[  80% ] reimport | Ground_3_-8.glb
[   0% ] import | Started 导入场景 (104 steps)
[   0% ] import | 导入场景中...
[   1% ] import | 执行自定义脚本...
[  99% ] import | 保存中...
[ DONE ] import

[  80% ] reimport | Ground_4_-9.glb
[   0% ] import | Started 导入场景 (104 steps)
[   0% ] import | 导入场景中...
[   1% ] import | 执行自定义脚本...
[  99% ] import | 保存中...
[ DONE ] import

[  80% ] reimport | Ground_4_-8.glb
[   0% ] import | Started 导入场景 (104 steps)
[   0% ] import | 导入场景中...
[   1% ] import | 执行自定义脚本...
[  99% ] import | 保存中...
[ DONE ] import

[  81% ] reimport | Ground_4_-7.glb
[   0% ] import | Started 导入场景 (104 steps)
[   0% ] import | 导入场景中...
[   1% ] import | 执行自定义脚本...
[  99% ] import | 保存中...
[ DONE ] import

[  81% ] reimport | Ground_4_-6.glb
[   0% ] import | Started 导入场景 (104 steps)
[   0% ] import | 导入场景中...
[   1% ] import | 执行自定义脚本...
[  99% ] import | 保存中...
[ DONE ] import

[  82% ] reimport | Ground_4_-5.glb
[   0% ] import | Started 导入场景 (104 steps)
[   0% ] import | 导入场景中...
[   1% ] import | 执行自定义脚本...
[  99% ] import | 保存中...
[ DONE ] import

[  82% ] reimport | Ground_4_-4.glb
[   0% ] import | Started 导入场景 (104 steps)
[   0% ] import | 导入场景中...
[   1% ] import | 执行自定义脚本...
[  99% ] import | 保存中...
[ DONE ] import

[  82% ] reimport | Ground_4_-3.glb
[   0% ] import | Started 导入场景 (104 steps)
[   0% ] import | 导入场景中...
[   1% ] import | 执行自定义脚本...
[  99% ] import | 保存中...
[ DONE ] import

[  83% ] reimport | Ground_4_-2.glb
[   0% ] import | Started 导入场景 (104 steps)
[   0% ] import | 导入场景中...
[   1% ] import | 执行自定义脚本...
[  99% ] import | 保存中...
[ DONE ] import

[  83% ] reimport | Ground_4_-1.glb
[   0% ] import | Started 导入场景 (104 steps)
[   0% ] import | 导入场景中...
[   1% ] import | 执行自定义脚本...
[  99% ] import | 保存中...
[ DONE ] import

[  83% ] reimport | Ground_4_5.glb
[   0% ] import | Started 导入场景 (104 steps)
[   0% ] import | 导入场景中...
[   1% ] import | 执行自定义脚本...
[  99% ] import | 保存中...
[ DONE ] import

[  84% ] reimport | Ground_4_4.glb
[   0% ] import | Started 导入场景 (104 steps)
[   0% ] import | 导入场景中...
[   1% ] import | 执行自定义脚本...
[  99% ] import | 保存中...
[ DONE ] import

[  84% ] reimport | Ground_4_3.glb
[   0% ] import | Started 导入场景 (104 steps)
[   0% ] import | 导入场景中...
[   1% ] import | 执行自定义脚本...
[  99% ] import | 保存中...
[ DONE ] import

[  85% ] reimport | Ground_4_2.glb
[   0% ] import | Started 导入场景 (104 steps)
[   0% ] import | 导入场景中...
[   1% ] import | 执行自定义脚本...
[  99% ] import | 保存中...
[ DONE ] import

[  85% ] reimport | Ground_4_1.glb
[   0% ] import | Started 导入场景 (104 steps)
[   0% ] import | 导入场景中...
[   1% ] import | 执行自定义脚本...
[  99% ] import | 保存中...
[ DONE ] import

[  85% ] reimport | Ground_4_0.glb
[   0% ] import | Started 导入场景 (104 steps)
[   0% ] import | 导入场景中...
[   1% ] import | 执行自定义脚本...
[  99% ] import | 保存中...
[ DONE ] import

[  86% ] reimport | Ground_3_-10.glb
[   0% ] import | Started 导入场景 (104 steps)
[   0% ] import | 导入场景中...
[   1% ] import | 执行自定义脚本...
[  99% ] import | 保存中...
[ DONE ] import

[  86% ] reimport | Ground_3_-9.glb
[   0% ] import | Started 导入场景 (104 steps)
[   0% ] import | 导入场景中...
[   1% ] import | 执行自定义脚本...
[  99% ] import | 保存中...
[ DONE ] import

[  86% ] reimport | Ground_1_-7.glb
[   0% ] import | Started 导入场景 (104 steps)
[   0% ] import | 导入场景中...
[   1% ] import | 执行自定义脚本...
[  99% ] import | 保存中...
[ DONE ] import

[  87% ] reimport | Ground_1_-6.glb
[   0% ] import | Started 导入场景 (104 steps)
[   0% ] import | 导入场景中...
[   1% ] import | 执行自定义脚本...
[  99% ] import | 保存中...
[ DONE ] import

[  87% ] reimport | Ground_1_-5.glb
[   0% ] import | Started 导入场景 (104 steps)
[   0% ] import | 导入场景中...
[   1% ] import | 执行自定义脚本...
[  99% ] import | 保存中...
[ DONE ] import

[  88% ] reimport | Ground_1_-4.glb
[   0% ] import | Started 导入场景 (104 steps)
[   0% ] import | 导入场景中...
[   1% ] import | 执行自定义脚本...
[  99% ] import | 保存中...
[ DONE ] import

[  88% ] reimport | Ground_1_-3.glb
[   0% ] import | Started 导入场景 (104 steps)
[   0% ] import | 导入场景中...
[   1% ] import | 执行自定义脚本...
[  99% ] import | 保存中...
[ DONE ] import

[  88% ] reimport | Ground_1_-2.glb
[   0% ] import | Started 导入场景 (104 steps)
[   0% ] import | 导入场景中...
[   1% ] import | 执行自定义脚本...
[  99% ] import | 保存中...
[ DONE ] import

[  89% ] reimport | Ground_1_-1.glb
[   0% ] import | Started 导入场景 (104 steps)
[   0% ] import | 导入场景中...
[   1% ] import | 执行自定义脚本...
[  99% ] import | 保存中...
[ DONE ] import

[  89% ] reimport | Ground_1_5.glb
[   0% ] import | Started 导入场景 (104 steps)
[   0% ] import | 导入场景中...
[   1% ] import | 执行自定义脚本...
[  99% ] import | 保存中...
[ DONE ] import

[  89% ] reimport | Ground_1_4.glb
[   0% ] import | Started 导入场景 (104 steps)
[   0% ] import | 导入场景中...
[   1% ] import | 执行自定义脚本...
[  99% ] import | 保存中...
[ DONE ] import

[  90% ] reimport | Ground_1_3.glb
[   0% ] import | Started 导入场景 (104 steps)
[   0% ] import | 导入场景中...
[   1% ] import | 执行自定义脚本...
[  99% ] import | 保存中...
[ DONE ] import

[  90% ] reimport | Ground_1_2.glb
[   0% ] import | Started 导入场景 (104 steps)
[   0% ] import | 导入场景中...
[   1% ] import | 执行自定义脚本...
[  99% ] import | 保存中...
[ DONE ] import

[  91% ] reimport | Ground_1_1.glb
[   0% ] import | Started 导入场景 (104 steps)
[   0% ] import | 导入场景中...
[   1% ] import | 执行自定义脚本...
[  99% ] import | 保存中...
[ DONE ] import

[  91% ] reimport | Ground_1_0.glb
[   0% ] import | Started 导入场景 (104 steps)
[   0% ] import | 导入场景中...
[   1% ] import | 执行自定义脚本...
[  99% ] import | 保存中...
[ DONE ] import

[  91% ] reimport | Ground_0_-10.glb
[   0% ] import | Started 导入场景 (104 steps)
[   0% ] import | 导入场景中...
[   1% ] import | 执行自定义脚本...
[  99% ] import | 保存中...
[ DONE ] import

[  92% ] reimport | Ground_0_-9.glb
[   0% ] import | Started 导入场景 (104 steps)
[   0% ] import | 导入场景中...
[   1% ] import | 执行自定义脚本...
[  99% ] import | 保存中...
[ DONE ] import

[  92% ] reimport | Ground_0_-8.glb
[   0% ] import | Started 导入场景 (104 steps)
[   0% ] import | 导入场景中...
[   1% ] import | 执行自定义脚本...
[  99% ] import | 保存中...
[ DONE ] import

[  92% ] reimport | Ground_0_-7.glb
[   0% ] import | Started 导入场景 (104 steps)
[   0% ] import | 导入场景中...
[   1% ] import | 执行自定义脚本...
[  99% ] import | 保存中...
[ DONE ] import

[  93% ] reimport | Ground_2_-8.glb
[   0% ] import | Started 导入场景 (104 steps)
[   0% ] import | 导入场景中...
[   1% ] import | 执行自定义脚本...
[  99% ] import | 保存中...
[ DONE ] import

[  93% ] reimport | Ground_2_-7.glb
[   0% ] import | Started 导入场景 (104 steps)
[   0% ] import | 导入场景中...
[   1% ] import | 执行自定义脚本...
[  99% ] import | 保存中...
[ DONE ] import

[  94% ] reimport | Ground_2_-6.glb
[   0% ] import | Started 导入场景 (104 steps)
[   0% ] import | 导入场景中...
[   1% ] import | 执行自定义脚本...
[  99% ] import | 保存中...
[ DONE ] import

[  94% ] reimport | Ground_2_-5.glb
[   0% ] import | Started 导入场景 (104 steps)
[   0% ] import | 导入场景中...
[   1% ] import | 执行自定义脚本...
[  99% ] import | 保存中...
[ DONE ] import

[  94% ] reimport | Ground_2_-4.glb
[   0% ] import | Started 导入场景 (104 steps)
[   0% ] import | 导入场景中...
[   1% ] import | 执行自定义脚本...
[  99% ] import | 保存中...
[ DONE ] import

[  95% ] reimport | Ground_2_-3.glb
[   0% ] import | Started 导入场景 (104 steps)
[   0% ] import | 导入场景中...
[   1% ] import | 执行自定义脚本...
[  99% ] import | 保存中...
[ DONE ] import

[  95% ] reimport | Ground_2_-2.glb
[   0% ] import | Started 导入场景 (104 steps)
[   0% ] import | 导入场景中...
[   1% ] import | 执行自定义脚本...
[  99% ] import | 保存中...
[ DONE ] import

[  95% ] reimport | Ground_2_-1.glb
[   0% ] import | Started 导入场景 (104 steps)
[   0% ] import | 导入场景中...
[   1% ] import | 执行自定义脚本...
[  99% ] import | 保存中...
[ DONE ] import

[  96% ] reimport | Ground_2_5.glb
[   0% ] import | Started 导入场景 (104 steps)
[   0% ] import | 导入场景中...
[   1% ] import | 执行自定义脚本...
[  99% ] import | 保存中...
[ DONE ] import

[  96% ] reimport | Ground_2_4.glb
[   0% ] import | Started 导入场景 (104 steps)
[   0% ] import | 导入场景中...
[   1% ] import | 执行自定义脚本...
[  99% ] import | 保存中...
[ DONE ] import

[  97% ] reimport | Ground_2_3.glb
[   0% ] import | Started 导入场景 (104 steps)
[   0% ] import | 导入场景中...
[   1% ] import | 执行自定义脚本...
[  99% ] import | 保存中...
[ DONE ] import

[  97% ] reimport | Ground_2_2.glb
[   0% ] import | Started 导入场景 (104 steps)
[   0% ] import | 导入场景中...
[   1% ] import | 执行自定义脚本...
[  99% ] import | 保存中...
[ DONE ] import

[  97% ] reimport | Ground_2_1.glb
[   0% ] import | Started 导入场景 (104 steps)
[   0% ] import | 导入场景中...
[   1% ] import | 执行自定义脚本...
[  99% ] import | 保存中...
[ DONE ] import

[  98% ] reimport | Ground_2_0.glb
[   0% ] import | Started 导入场景 (104 steps)
[   0% ] import | 导入场景中...
[   1% ] import | 执行自定义脚本...
[  99% ] import | 保存中...
[ DONE ] import

[  98% ] reimport | Ground_1_-10.glb
[   0% ] import | Started 导入场景 (104 steps)
[   0% ] import | 导入场景中...
[   1% ] import | 执行自定义脚本...
[  99% ] import | 保存中...
[ DONE ] import

[  98% ] reimport | Ground_1_-9.glb
[   0% ] import | Started 导入场景 (104 steps)
[   0% ] import | 导入场景中...
[   1% ] import | 执行自定义脚本...
[  99% ] import | 保存中...
[ DONE ] import

[  99% ] reimport | Ground_1_-8.glb
[   0% ] import | Started 导入场景 (104 steps)
[   0% ] import | 导入场景中...
[   1% ] import | 执行自定义脚本...
[  99% ] import | 保存中...
[ DONE ] import

[  99% ] reimport | 正在结束资产导入……
[ DONE ] reimport

[   0% ] reimport | Started 正在导入或重新导入资产 (266 steps)
[   0% ] reimport | 正在执行重新加载后的操作……
[ DONE ] reimport

[   0% ] loading_editor_layout | Started 正在加载编辑器 (5 steps)
[   0% ] loading_editor_layout | 正在加载编辑器布局……
[ DONE ] loading_editor_layout

ERROR: Cannot open file 'res://assets/meshes/pine.res'.
   at: load (core/io/resource_format_binary.cpp:1220)
ERROR: Failed loading resource: res://assets/meshes/pine.res.
   at: _load (core/io/resource_loader.cpp:343)
ERROR: Cannot open file 'res://assets/meshes/pine.res'.
   at: load (core/io/resource_format_binary.cpp:1220)
ERROR: Failed loading resource: res://assets/meshes/pine.res.
   at: _load (core/io/resource_loader.cpp:343)
ERROR: Cannot open file 'res://assets/meshes/pine.res'.
   at: load (core/io/resource_format_binary.cpp:1220)
ERROR: Failed loading resource: res://assets/meshes/pine.res.
   at: _load (core/io/resource_loader.cpp:343)
ERROR: Cannot open file 'res://assets/meshes/pine.res'.
   at: load (core/io/resource_format_binary.cpp:1220)
ERROR: Failed loading resource: res://assets/meshes/pine.res.
   at: _load (core/io/resource_loader.cpp:343)
ERROR: Cannot open file 'res://assets/meshes/pine.res'.
   at: load (core/io/resource_format_binary.cpp:1220)
ERROR: Failed loading resource: res://assets/meshes/pine.res.
   at: _load (core/io/resource_loader.cpp:343)
ERROR: Cannot open file 'res://assets/meshes/pine.res'.
   at: load (core/io/resource_format_binary.cpp:1220)
ERROR: Failed loading resource: res://assets/meshes/pine.res.
   at: _load (core/io/resource_loader.cpp:343)
ERROR: Cannot open file 'res://assets/meshes/pine.res'.
   at: load (core/io/resource_format_binary.cpp:1220)
ERROR: Failed loading resource: res://assets/meshes/pine.res.
   at: _load (core/io/resource_loader.cpp:343)
ERROR: Cannot open file 'res://assets/meshes/pine.res'.
   at: load (core/io/resource_format_binary.cpp:1220)
ERROR: Failed loading resource: res://assets/meshes/pine.res.
   at: _load (core/io/resource_loader.cpp:343)
ERROR: Cannot open file 'res://assets/meshes/pine.res'.
   at: load (core/io/resource_format_binary.cpp:1220)
ERROR: Failed loading resource: res://assets/meshes/pine.res.
   at: _load (core/io/resource_loader.cpp:343)
ERROR: Cannot open file 'res://assets/meshes/pine.res'.
   at: load (core/io/resource_format_binary.cpp:1220)
ERROR: Failed loading resource: res://assets/meshes/pine.res.
   at: _load (core/io/resource_loader.cpp:343)
ERROR: Cannot open file 'res://assets/meshes/pine.res'.
   at: load (core/io/resource_format_binary.cpp:1220)
ERROR: Failed loading resource: res://assets/meshes/pine.res.
   at: _load (core/io/resource_loader.cpp:343)
ERROR: Cannot open file 'res://assets/meshes/pine.res'.
   at: load (core/io/resource_format_binary.cpp:1220)
ERROR: Failed loading resource: res://assets/meshes/pine.res.
   at: _load (core/io/resource_loader.cpp:343)
ERROR: Cannot open file 'res://assets/meshes/pine.res'.
   at: load (core/io/resource_format_binary.cpp:1220)
ERROR: Failed loading resource: res://assets/meshes/pine.res.
   at: _load (core/io/resource_loader.cpp:343)
ERROR: Cannot open file 'res://assets/meshes/pine.res'.
   at: load (core/io/resource_format_binary.cpp:1220)
ERROR: Failed loading resource: res://assets/meshes/pine.res.
   at: _load (core/io/resource_loader.cpp:343)
ERROR: Cannot open file 'res://assets/meshes/pine.res'.
   at: load (core/io/resource_format_binary.cpp:1220)
ERROR: Failed loading resource: res://assets/meshes/pine.res.
   at: _load (core/io/resource_loader.cpp:343)
ERROR: Cannot open file 'res://assets/meshes/pine.res'.
   at: load (core/io/resource_format_binary.cpp:1220)
ERROR: Failed loading resource: res://assets/meshes/pine.res.
   at: _load (core/io/resource_loader.cpp:343)
ERROR: Cannot open file 'res://assets/meshes/pine.res'.
   at: load (core/io/resource_format_binary.cpp:1220)
ERROR: Failed loading resource: res://assets/meshes/pine.res.
   at: _load (core/io/resource_loader.cpp:343)
ERROR: Cannot open file 'res://assets/meshes/pine.res'.
   at: load (core/io/resource_format_binary.cpp:1220)
ERROR: Failed loading resource: res://assets/meshes/pine.res.
   at: _load (core/io/resource_loader.cpp:343)
ERROR: Cannot open file 'res://assets/meshes/pine.res'.
   at: load (core/io/resource_format_binary.cpp:1220)
ERROR: Failed loading resource: res://assets/meshes/pine.res.
   at: _load (core/io/resource_loader.cpp:343)
ERROR: Cannot open file 'res://assets/meshes/pine.res'.
   at: load (core/io/resource_format_binary.cpp:1220)
ERROR: Failed loading resource: res://assets/meshes/pine.res.
   at: _load (core/io/resource_loader.cpp:343)
ERROR: Cannot open file 'res://assets/meshes/pine.res'.
   at: load (core/io/resource_format_binary.cpp:1220)
ERROR: Failed loading resource: res://assets/meshes/pine.res.
   at: _load (core/io/resource_loader.cpp:343)
ERROR: Cannot open file 'res://assets/meshes/pine.res'.
   at: load (core/io/resource_format_binary.cpp:1220)
ERROR: Failed loading resource: res://assets/meshes/pine.res.
   at: _load (core/io/resource_loader.cpp:343)
ERROR: Cannot open file 'res://assets/meshes/pine.res'.
   at: load (core/io/resource_format_binary.cpp:1220)
ERROR: Failed loading resource: res://assets/meshes/pine.res.
   at: _load (core/io/resource_loader.cpp:343)
ERROR: Cannot open file 'res://assets/meshes/pine.res'.
   at: load (core/io/resource_format_binary.cpp:1220)
ERROR: Failed loading resource: res://assets/meshes/pine.res.
   at: _load (core/io/resource_loader.cpp:343)
ERROR: Cannot open file 'res://assets/meshes/pine.res'.
   at: load (core/io/resource_format_binary.cpp:1220)
ERROR: Failed loading resource: res://assets/meshes/pine.res.
   at: _load (core/io/resource_loader.cpp:343)
ERROR: Cannot open file 'res://assets/meshes/pine.res'.
   at: load (core/io/resource_format_binary.cpp:1220)
ERROR: Failed loading resource: res://assets/meshes/pine.res.
   at: _load (core/io/resource_loader.cpp:343)
ERROR: Cannot open file 'res://assets/meshes/pine.res'.
   at: load (core/io/resource_format_binary.cpp:1220)
ERROR: Failed loading resource: res://assets/meshes/pine.res.
   at: _load (core/io/resource_loader.cpp:343)
ERROR: Attempting to parent and popup a dialog that already has a parent.
   at: _try_parent_dialog (scene/main/window.cpp:2060)
ERROR: Attempting to parent and popup a dialog that already has a parent.
   at: _try_parent_dialog (scene/main/window.cpp:2060)
ERROR: Attempting to parent and popup a dialog that already has a parent.
   at: _try_parent_dialog (scene/main/window.cpp:2060)
ERROR: Attempting to parent and popup a dialog that already has a parent.
   at: _try_parent_dialog (scene/main/window.cpp:2060)
ERROR: Attempting to parent and popup a dialog that already has a parent.
   at: _try_parent_dialog (scene/main/window.cpp:2060)
ERROR: Attempting to parent and popup a dialog that already has a parent.
   at: _try_parent_dialog (scene/main/window.cpp:2060)
ERROR: Attempting to parent and popup a dialog that already has a parent.
   at: _try_parent_dialog (scene/main/window.cpp:2060)
ERROR: Attempting to parent and popup a dialog that already has a parent.
   at: _try_parent_dialog (scene/main/window.cpp:2060)
ERROR: Attempting to parent and popup a dialog that already has a parent.
   at: _try_parent_dialog (scene/main/window.cpp:2060)
ERROR: Attempting to parent and popup a dialog that already has a parent.
   at: _try_parent_dialog (scene/main/window.cpp:2060)
ERROR: Attempting to parent and popup a dialog that already has a parent.
   at: _try_parent_dialog (scene/main/window.cpp:2060)
ERROR: Attempting to parent and popup a dialog that already has a parent.
   at: _try_parent_dialog (scene/main/window.cpp:2060)
ERROR: Attempting to parent and popup a dialog that already has a parent.
   at: _try_parent_dialog (scene/main/window.cpp:2060)
ERROR: Attempting to parent and popup a dialog that already has a parent.
   at: _try_parent_dialog (scene/main/window.cpp:2060)
ERROR: Attempting to parent and popup a dialog that already has a parent.
   at: _try_parent_dialog (scene/main/window.cpp:2060)
ERROR: Attempting to parent and popup a dialog that already has a parent.
   at: _try_parent_dialog (scene/main/window.cpp:2060)
ERROR: Attempting to parent and popup a dialog that already has a parent.
   at: _try_parent_dialog (scene/main/window.cpp:2060)
ERROR: Attempting to parent and popup a dialog that already has a parent.
   at: _try_parent_dialog (scene/main/window.cpp:2060)
ERROR: Attempting to parent and popup a dialog that already has a parent.
   at: _try_parent_dialog (scene/main/window.cpp:2060)
ERROR: Attempting to parent and popup a dialog that already has a parent.
   at: _try_parent_dialog (scene/main/window.cpp:2060)
ERROR: Attempting to parent and popup a dialog that already has a parent.
   at: _try_parent_dialog (scene/main/window.cpp:2060)
ERROR: Attempting to parent and popup a dialog that already has a parent.
   at: _try_parent_dialog (scene/main/window.cpp:2060)
ERROR: Attempting to parent and popup a dialog that already has a parent.
   at: _try_parent_dialog (scene/main/window.cpp:2060)
ERROR: Attempting to parent and popup a dialog that already has a parent.
   at: _try_parent_dialog (scene/main/window.cpp:2060)
ERROR: Attempting to parent and popup a dialog that already has a parent.
   at: _try_parent_dialog (scene/main/window.cpp:2060)
ERROR: Attempting to parent and popup a dialog that already has a parent.
   at: _try_parent_dialog (scene/main/window.cpp:2060)
