{
  "source_world_sha256": "6ec57b72a831d6fa906a8d866c339909de55c9c42297a038dcd429b18d0c2b18",
  "base": "res://scenes/candidate55-observation/Game55Observation.tscn",
  "candidate": "res://scenes/candidate56-coast/Game56Coast.tscn",
  "mesh_target": "World/Terrain/Ground_-4_-4/Model/Ground_-4_-4",
  "shape_target": "World/Terrain/Ground_-4_-4/Collision/Shape",
  "changed_groups": [
    "World/Vegetation/rock_-4_-4",
    "World/Vegetation/bush_-4_-4",
    "World/Vegetation/oak_-4_-4_CoastalPines36b",
    "World/Vegetation/poplar_-4_-4_CoastalPines36b"
  ],
  "changed_slots": 29,
  "checked_roots": 44,
  "checked_groups": 6,
  "template_bytes": 1453,
  "renderer_executed": false,
  "build_executed": false,
  "scope": "Preparation and parse only; no generated world resources or target scene yet",
  "surface0_unused_vertex_count": 1583
}
