Godot Engine v4.5.1.stable.official.f62fdbde1 - https://godotengine.org
OpenGL API 4.5 (Core Profile) Mesa 25.0.7-2+deb13u1 - Compatibility - Using Device: Mesa - llvmpipe (LLVM 19.1.7, 256 bits)

PASS Actual renderer required, parent-owned execution
PASS Fresh output and only bounded1216 front required
PASS Exact fixed Game52f required
PASS Existing52f v3 external process/error/completeness gate bound to exact scene
PASS Exact native geometry/readback proof bytes
PASS Closed continuous D source proof bound to exact exported GLB
PASS Exact approved real D GLB bytes
PASS Fresh realGLB parse without project import/save
PASS Actual imported GLB hierarchy available
PASS Exactly one expected D main mesh
PASS Raw source contains actual1834 triangle main
WORLD READY: 208 independent terrain scenes, 54797 saved scatter instances, 169 scene landmarks, 6 scene ports
PASS Callback freeze preserves live physics state
PASS 125 live parts/75old+50new use3 original materials in sameWorld3D 1216
PASS All125 active material identities/values equal initialization 1216
PASS Contract binds fixed scene and exact D source
PASS Exactly ten contracted v0 main paths
PASS Unique original main target SkyRegion39/CloudSea_-2_-2/CloudSea52e_v0_main_ridge
PASS Single-surface target with original active override SkyRegion39/CloudSea_-2_-2/CloudSea52e_v0_main_ridge
PASS Unique original main target SkyRegion39/CloudSea_-2_1/CloudSea52e_v0_main_ridge
PASS Single-surface target with original active override SkyRegion39/CloudSea_-2_1/CloudSea52e_v0_main_ridge
PASS Unique original main target SkyRegion39/CloudSea_-1_-2/CloudSea52e_v0_main_ridge
PASS Single-surface target with original active override SkyRegion39/CloudSea_-1_-2/CloudSea52e_v0_main_ridge
PASS Unique original main target SkyRegion39/CloudSea_-1_1/CloudSea52e_v0_main_ridge
PASS Single-surface target with original active override SkyRegion39/CloudSea_-1_1/CloudSea52e_v0_main_ridge
PASS Unique original main target SkyRegion39/CloudSea_0_-2/CloudSea52e_v0_main_ridge
PASS Single-surface target with original active override SkyRegion39/CloudSea_0_-2/CloudSea52e_v0_main_ridge
PASS Unique original main target SkyRegion39/CloudSea_0_1/CloudSea52e_v0_main_ridge
PASS Single-surface target with original active override SkyRegion39/CloudSea_0_1/CloudSea52e_v0_main_ridge
PASS Unique original main target SkyRegion39/CloudSea_1_-2/CloudSea52e_v0_main_ridge
PASS Single-surface target with original active override SkyRegion39/CloudSea_1_-2/CloudSea52e_v0_main_ridge
PASS Unique original main target SkyRegion39/CloudSea_1_1/CloudSea52e_v0_main_ridge
PASS Single-surface target with original active override SkyRegion39/CloudSea_1_1/CloudSea52e_v0_main_ridge
PASS Unique original main target SkyRegion39/CloudSea_2_-2/CloudSea52e_v0_main_ridge
PASS Single-surface target with original active override SkyRegion39/CloudSea_2_-2/CloudSea52e_v0_main_ridge
PASS Unique original main target SkyRegion39/CloudSea_2_1/CloudSea52e_v0_main_ridge
PASS Single-surface target with original active override SkyRegion39/CloudSea_2_1/CloudSea52e_v0_main_ridge
PASS Exact geometry/material clone SkyRegion39/CloudSea_-2_-2/CloudSea52e_v0_main_ridge
PASS Exact geometry/material clone SkyRegion39/CloudSea_-2_1/CloudSea52e_v0_main_ridge
PASS Exact geometry/material clone SkyRegion39/CloudSea_-1_-2/CloudSea52e_v0_main_ridge
PASS Exact geometry/material clone SkyRegion39/CloudSea_-1_1/CloudSea52e_v0_main_ridge
PASS Exact geometry/material clone SkyRegion39/CloudSea_0_-2/CloudSea52e_v0_main_ridge
PASS Exact geometry/material clone SkyRegion39/CloudSea_0_1/CloudSea52e_v0_main_ridge
PASS Exact geometry/material clone SkyRegion39/CloudSea_1_-2/CloudSea52e_v0_main_ridge
PASS Exact geometry/material clone SkyRegion39/CloudSea_1_1/CloudSea52e_v0_main_ridge
PASS Exact geometry/material clone SkyRegion39/CloudSea_2_-2/CloudSea52e_v0_main_ridge
PASS Exact geometry/material clone SkyRegion39/CloudSea_2_1/CloudSea52e_v0_main_ridge
PASS 125 live parts/75old+50new use3 original materials in sameWorld3D A0
PASS All125 active material identities/values equal initialization A0
PASS Actual rendered 1216-front-A0
PASS Physical camera sphere clear 1216-front-A0
PASS Actual camera inside/outside/boundary triangle diagnostics complete A0
PASS Exact intrinsic mesh.changed callback and target A0 SkyRegion39/CloudSea_-2_-2/CloudSea52e_v0_main_ridge
PASS Exact intrinsic mesh.changed callback and target A0 SkyRegion39/CloudSea_-2_1/CloudSea52e_v0_main_ridge
PASS Exact intrinsic mesh.changed callback and target A0 SkyRegion39/CloudSea_-1_-2/CloudSea52e_v0_main_ridge
PASS Exact intrinsic mesh.changed callback and target A0 SkyRegion39/CloudSea_-1_1/CloudSea52e_v0_main_ridge
PASS Exact intrinsic mesh.changed callback and target A0 SkyRegion39/CloudSea_0_-2/CloudSea52e_v0_main_ridge
PASS Exact intrinsic mesh.changed callback and target A0 SkyRegion39/CloudSea_0_1/CloudSea52e_v0_main_ridge
PASS Exact intrinsic mesh.changed callback and target A0 SkyRegion39/CloudSea_1_-2/CloudSea52e_v0_main_ridge
PASS Exact intrinsic mesh.changed callback and target A0 SkyRegion39/CloudSea_1_1/CloudSea52e_v0_main_ridge
PASS Exact intrinsic mesh.changed callback and target A0 SkyRegion39/CloudSea_2_-2/CloudSea52e_v0_main_ridge
PASS Exact intrinsic mesh.changed callback and target A0 SkyRegion39/CloudSea_2_1/CloudSea52e_v0_main_ridge
PASS Single full typed baseline file writable
PASS Viewport configuration and metadata stable A0
PASS Requested Window and fixed project content dimensions exact A0
PASS Actual captured Image readback1179x664 exact A0
PASS ViewportTexture metadata831x468 matches engine stretch formula A0
PASS Camera projection aspect matches fixed1672x941 content A0
PASS Only exact resource rebind SkyRegion39/CloudSea_-2_-2/CloudSea52e_v0_main_ridge
PASS Only exact resource rebind SkyRegion39/CloudSea_-2_1/CloudSea52e_v0_main_ridge
PASS Only exact resource rebind SkyRegion39/CloudSea_-1_-2/CloudSea52e_v0_main_ridge
PASS Only exact resource rebind SkyRegion39/CloudSea_-1_1/CloudSea52e_v0_main_ridge
PASS Only exact resource rebind SkyRegion39/CloudSea_0_-2/CloudSea52e_v0_main_ridge
PASS Only exact resource rebind SkyRegion39/CloudSea_0_1/CloudSea52e_v0_main_ridge
PASS Only exact resource rebind SkyRegion39/CloudSea_1_-2/CloudSea52e_v0_main_ridge
PASS Only exact resource rebind SkyRegion39/CloudSea_1_1/CloudSea52e_v0_main_ridge
PASS Only exact resource rebind SkyRegion39/CloudSea_2_-2/CloudSea52e_v0_main_ridge
PASS Only exact resource rebind SkyRegion39/CloudSea_2_1/CloudSea52e_v0_main_ridge
PASS Ten exact original mesh/component/material restores; no component setters
PASS 125 live parts/75old+50new use3 original materials in sameWorld3D A
PASS All125 active material identities/values equal initialization A
PASS Actual rendered 1216-front-A
PASS Physical camera sphere clear 1216-front-A
PASS Actual camera inside/outside/boundary triangle diagnostics complete A
PASS Exact intrinsic mesh.changed callback and target A SkyRegion39/CloudSea_-2_-2/CloudSea52e_v0_main_ridge
PASS Exact intrinsic mesh.changed callback and target A SkyRegion39/CloudSea_-2_1/CloudSea52e_v0_main_ridge
PASS Exact intrinsic mesh.changed callback and target A SkyRegion39/CloudSea_-1_-2/CloudSea52e_v0_main_ridge
PASS Exact intrinsic mesh.changed callback and target A SkyRegion39/CloudSea_-1_1/CloudSea52e_v0_main_ridge
PASS Exact intrinsic mesh.changed callback and target A SkyRegion39/CloudSea_0_-2/CloudSea52e_v0_main_ridge
PASS Exact intrinsic mesh.changed callback and target A SkyRegion39/CloudSea_0_1/CloudSea52e_v0_main_ridge
PASS Exact intrinsic mesh.changed callback and target A SkyRegion39/CloudSea_1_-2/CloudSea52e_v0_main_ridge
PASS Exact intrinsic mesh.changed callback and target A SkyRegion39/CloudSea_1_1/CloudSea52e_v0_main_ridge
PASS Exact intrinsic mesh.changed callback and target A SkyRegion39/CloudSea_2_-2/CloudSea52e_v0_main_ridge
PASS Exact intrinsic mesh.changed callback and target A SkyRegion39/CloudSea_2_1/CloudSea52e_v0_main_ridge
PASS All non-scope stored/native/resource/graph/gameplay/weather/lighting/camera state exact A
PASS Typed target/resource/source-transform exact A SkyRegion39/CloudSea_-2_-2/CloudSea52e_v0_main_ridge
PASS Typed target/resource/source-transform exact A SkyRegion39/CloudSea_-2_1/CloudSea52e_v0_main_ridge
PASS Typed target/resource/source-transform exact A SkyRegion39/CloudSea_-1_-2/CloudSea52e_v0_main_ridge
PASS Typed target/resource/source-transform exact A SkyRegion39/CloudSea_-1_1/CloudSea52e_v0_main_ridge
PASS Typed target/resource/source-transform exact A SkyRegion39/CloudSea_0_-2/CloudSea52e_v0_main_ridge
PASS Typed target/resource/source-transform exact A SkyRegion39/CloudSea_0_1/CloudSea52e_v0_main_ridge
PASS Typed target/resource/source-transform exact A SkyRegion39/CloudSea_1_-2/CloudSea52e_v0_main_ridge
PASS Typed target/resource/source-transform exact A SkyRegion39/CloudSea_1_1/CloudSea52e_v0_main_ridge
PASS Typed target/resource/source-transform exact A SkyRegion39/CloudSea_2_-2/CloudSea52e_v0_main_ridge
PASS Typed target/resource/source-transform exact A SkyRegion39/CloudSea_2_1/CloudSea52e_v0_main_ridge
PASS Complete unmasked A native state equals A0, including every scale component
PASS Viewport configuration and metadata stable A
PASS Requested Window and fixed project content dimensions exact A
PASS Actual captured Image readback1179x664 exact A
PASS ViewportTexture metadata831x468 matches engine stretch formula A
PASS Camera projection aspect matches fixed1672x941 content A
PASS 125 live parts/75old+50new use3 original materials in sameWorld3D D
PASS All125 active material identities/values equal initialization D
PASS Actual rendered 1216-front-D
PASS Physical camera sphere clear 1216-front-D
PASS Actual camera inside/outside/boundary triangle diagnostics complete D
PASS Exact intrinsic mesh.changed callback and target D SkyRegion39/CloudSea_-2_-2/CloudSea52e_v0_main_ridge
PASS Exact intrinsic mesh.changed callback and target D SkyRegion39/CloudSea_-2_1/CloudSea52e_v0_main_ridge
PASS Exact intrinsic mesh.changed callback and target D SkyRegion39/CloudSea_-1_-2/CloudSea52e_v0_main_ridge
PASS Exact intrinsic mesh.changed callback and target D SkyRegion39/CloudSea_-1_1/CloudSea52e_v0_main_ridge
PASS Exact intrinsic mesh.changed callback and target D SkyRegion39/CloudSea_0_-2/CloudSea52e_v0_main_ridge
PASS Exact intrinsic mesh.changed callback and target D SkyRegion39/CloudSea_0_1/CloudSea52e_v0_main_ridge
PASS Exact intrinsic mesh.changed callback and target D SkyRegion39/CloudSea_1_-2/CloudSea52e_v0_main_ridge
PASS Exact intrinsic mesh.changed callback and target D SkyRegion39/CloudSea_1_1/CloudSea52e_v0_main_ridge
PASS Exact intrinsic mesh.changed callback and target D SkyRegion39/CloudSea_2_-2/CloudSea52e_v0_main_ridge
PASS Exact intrinsic mesh.changed callback and target D SkyRegion39/CloudSea_2_1/CloudSea52e_v0_main_ridge
PASS All non-scope stored/native/resource/graph/gameplay/weather/lighting/camera state exact D
PASS Typed target/resource/source-transform exact D SkyRegion39/CloudSea_-2_-2/CloudSea52e_v0_main_ridge
PASS Typed target/resource/source-transform exact D SkyRegion39/CloudSea_-2_1/CloudSea52e_v0_main_ridge
PASS Typed target/resource/source-transform exact D SkyRegion39/CloudSea_-1_-2/CloudSea52e_v0_main_ridge
PASS Typed target/resource/source-transform exact D SkyRegion39/CloudSea_-1_1/CloudSea52e_v0_main_ridge
PASS Typed target/resource/source-transform exact D SkyRegion39/CloudSea_0_-2/CloudSea52e_v0_main_ridge
PASS Typed target/resource/source-transform exact D SkyRegion39/CloudSea_0_1/CloudSea52e_v0_main_ridge
PASS Typed target/resource/source-transform exact D SkyRegion39/CloudSea_1_-2/CloudSea52e_v0_main_ridge
PASS Typed target/resource/source-transform exact D SkyRegion39/CloudSea_1_1/CloudSea52e_v0_main_ridge
PASS Typed target/resource/source-transform exact D SkyRegion39/CloudSea_2_-2/CloudSea52e_v0_main_ridge
PASS Typed target/resource/source-transform exact D SkyRegion39/CloudSea_2_1/CloudSea52e_v0_main_ridge
PASS Exactly10 stored main mesh replacements
PASS Viewport configuration and metadata stable D
PASS Requested Window and fixed project content dimensions exact D
PASS Actual captured Image readback1179x664 exact D
PASS ViewportTexture metadata831x468 matches engine stretch formula D
PASS Camera projection aspect matches fixed1672x941 content D
PASS All10 original mesh identities/local-global/component states/materials/flags restored exactly
PASS 125 live parts/75old+50new use3 original materials in sameWorld3D A2
PASS All125 active material identities/values equal initialization A2
PASS Actual rendered 1216-front-A2
PASS Physical camera sphere clear 1216-front-A2
PASS Actual camera inside/outside/boundary triangle diagnostics complete A2
PASS Exact intrinsic mesh.changed callback and target A2 SkyRegion39/CloudSea_-2_-2/CloudSea52e_v0_main_ridge
PASS Exact intrinsic mesh.changed callback and target A2 SkyRegion39/CloudSea_-2_1/CloudSea52e_v0_main_ridge
PASS Exact intrinsic mesh.changed callback and target A2 SkyRegion39/CloudSea_-1_-2/CloudSea52e_v0_main_ridge
PASS Exact intrinsic mesh.changed callback and target A2 SkyRegion39/CloudSea_-1_1/CloudSea52e_v0_main_ridge
PASS Exact intrinsic mesh.changed callback and target A2 SkyRegion39/CloudSea_0_-2/CloudSea52e_v0_main_ridge
PASS Exact intrinsic mesh.changed callback and target A2 SkyRegion39/CloudSea_0_1/CloudSea52e_v0_main_ridge
PASS Exact intrinsic mesh.changed callback and target A2 SkyRegion39/CloudSea_1_-2/CloudSea52e_v0_main_ridge
PASS Exact intrinsic mesh.changed callback and target A2 SkyRegion39/CloudSea_1_1/CloudSea52e_v0_main_ridge
PASS Exact intrinsic mesh.changed callback and target A2 SkyRegion39/CloudSea_2_-2/CloudSea52e_v0_main_ridge
PASS Exact intrinsic mesh.changed callback and target A2 SkyRegion39/CloudSea_2_1/CloudSea52e_v0_main_ridge
PASS All non-scope stored/native/resource/graph/gameplay/weather/lighting/camera state exact A2
PASS Typed target/resource/source-transform exact A2 SkyRegion39/CloudSea_-2_-2/CloudSea52e_v0_main_ridge
PASS Typed target/resource/source-transform exact A2 SkyRegion39/CloudSea_-2_1/CloudSea52e_v0_main_ridge
PASS Typed target/resource/source-transform exact A2 SkyRegion39/CloudSea_-1_-2/CloudSea52e_v0_main_ridge
PASS Typed target/resource/source-transform exact A2 SkyRegion39/CloudSea_-1_1/CloudSea52e_v0_main_ridge
PASS Typed target/resource/source-transform exact A2 SkyRegion39/CloudSea_0_-2/CloudSea52e_v0_main_ridge
PASS Typed target/resource/source-transform exact A2 SkyRegion39/CloudSea_0_1/CloudSea52e_v0_main_ridge
PASS Typed target/resource/source-transform exact A2 SkyRegion39/CloudSea_1_-2/CloudSea52e_v0_main_ridge
PASS Typed target/resource/source-transform exact A2 SkyRegion39/CloudSea_1_1/CloudSea52e_v0_main_ridge
PASS Typed target/resource/source-transform exact A2 SkyRegion39/CloudSea_2_-2/CloudSea52e_v0_main_ridge
PASS Typed target/resource/source-transform exact A2 SkyRegion39/CloudSea_2_1/CloudSea52e_v0_main_ridge
PASS Complete unmasked A2 native state equals A0, including every scale component
PASS Viewport configuration and metadata stable A2
PASS Requested Window and fixed project content dimensions exact A2
PASS Actual captured Image readback1179x664 exact A2
PASS ViewportTexture metadata831x468 matches engine stretch formula A2
PASS Camera projection aspect matches fixed1672x941 content A2
PASS Strict actual A2 restores stabilized original A pixels and D visibly differs
PASS SavedGame52f/source/default never changed
PASS All4 actual captures and normal-return source/rebind/state/restore proofs complete
CLOUDSEA52H_D_AB_PENDING_EXTERNAL_GATE true view=front
