Blender 4.5.14 LTS (hash 62c1db4208e8 built 2026-09-15 01:31:19)
Read blend: "/workspace/scratch/a29d03198654/Aether/source-assets/cloud-sea52h/cloud_sea52h_main.blend"
Fra:1 Mem:10.59M (Peak 10.59M) | Time:00:00.00 | Mem:0.00M, Peak:0.00M | Scene, ViewLayer | Synchronizing object | CloudSea52h_v0_main_crown
Fra:1 Mem:10.61M (Peak 10.61M) | Time:00:00.00 | Mem:0.00M, Peak:0.00M | Scene, ViewLayer | Synchronizing object | Sun
Fra:1 Mem:10.84M (Peak 10.84M) | Time:00:00.00 | Mem:0.00M, Peak:0.00M | Scene, ViewLayer | Initializing
Fra:1 Mem:10.65M (Peak 10.84M) | Time:00:00.00 | Mem:0.00M, Peak:0.00M | Scene, ViewLayer | Waiting for render to start
Fra:1 Mem:10.65M (Peak 10.84M) | Time:00:00.00 | Mem:0.00M, Peak:0.00M | Scene, ViewLayer | Updating Scene
Fra:1 Mem:10.65M (Peak 10.84M) | Time:00:00.00 | Mem:0.00M, Peak:0.00M | Scene, ViewLayer | Updating Shaders
Fra:1 Mem:10.65M (Peak 10.84M) | Time:00:00.00 | Mem:0.00M, Peak:0.00M | Scene, ViewLayer | Loading render kernels (may take a few minutes the first time)
Fra:1 Mem:10.74M (Peak 10.84M) | Time:00:00.00 | Mem:0.00M, Peak:0.00M | Scene, ViewLayer | Updating Procedurals
Fra:1 Mem:10.74M (Peak 10.84M) | Time:00:00.00 | Mem:0.00M, Peak:0.00M | Scene, ViewLayer | Updating Background
Fra:1 Mem:10.74M (Peak 10.84M) | Time:00:00.00 | Mem:0.00M, Peak:0.00M | Scene, ViewLayer | Updating Camera
Fra:1 Mem:10.74M (Peak 10.84M) | Time:00:00.00 | Mem:0.00M, Peak:0.00M | Scene, ViewLayer | Updating Meshes Flags
Fra:1 Mem:10.74M (Peak 10.84M) | Time:00:00.00 | Mem:0.00M, Peak:0.00M | Scene, ViewLayer | Updating Objects
Fra:1 Mem:10.74M (Peak 10.84M) | Time:00:00.00 | Mem:0.00M, Peak:0.00M | Scene, ViewLayer | Updating Objects | Copying Transformations to device
Fra:1 Mem:10.74M (Peak 10.84M) | Time:00:00.00 | Mem:0.00M, Peak:0.00M | Scene, ViewLayer | Updating Particle Systems
Fra:1 Mem:10.74M (Peak 10.84M) | Time:00:00.00 | Mem:0.00M, Peak:0.00M | Scene, ViewLayer | Updating Particle Systems | Copying Particles to device
Fra:1 Mem:10.74M (Peak 10.84M) | Time:00:00.00 | Mem:0.00M, Peak:0.00M | Scene, ViewLayer | Updating Meshes
Fra:1 Mem:10.74M (Peak 10.84M) | Time:00:00.00 | Mem:0.00M, Peak:0.00M | Scene, ViewLayer | Updating Objects | Applying Static Transformations
Fra:1 Mem:10.74M (Peak 10.84M) | Time:00:00.00 | Mem:0.00M, Peak:0.00M | Scene, ViewLayer | Updating Mesh | Computing attributes
Fra:1 Mem:10.84M (Peak 10.84M) | Time:00:00.00 | Mem:0.00M, Peak:0.00M | Scene, ViewLayer | Updating Mesh | Copying Attributes to device
Fra:1 Mem:10.84M (Peak 10.84M) | Time:00:00.00 | Mem:0.10M, Peak:0.10M | Scene, ViewLayer | Updating Scene BVH | Building
Fra:1 Mem:10.84M (Peak 10.84M) | Time:00:00.00 | Mem:0.10M, Peak:0.10M | Scene, ViewLayer | Updating Scene BVH | Building BVH
Fra:1 Mem:10.84M (Peak 10.84M) | Time:00:00.00 | Mem:0.16M, Peak:0.16M | Scene, ViewLayer | Updating Scene BVH | Building BVH 0%
Fra:1 Mem:10.84M (Peak 10.84M) | Time:00:00.00 | Mem:0.23M, Peak:0.29M | Scene, ViewLayer | Updating Scene BVH | Copying BVH to device
Fra:1 Mem:10.84M (Peak 10.84M) | Time:00:00.00 | Mem:0.23M, Peak:0.29M | Scene, ViewLayer | Updating Mesh | Computing normals
Fra:1 Mem:10.89M (Peak 10.89M) | Time:00:00.00 | Mem:0.23M, Peak:0.29M | Scene, ViewLayer | Updating Mesh | Copying Mesh to device
Fra:1 Mem:10.89M (Peak 10.89M) | Time:00:00.00 | Mem:0.28M, Peak:0.29M | Scene, ViewLayer | Updating Objects Flags
Fra:1 Mem:10.89M (Peak 10.89M) | Time:00:00.00 | Mem:0.28M, Peak:0.29M | Scene, ViewLayer | Updating Primitive Offsets
Fra:1 Mem:10.89M (Peak 10.89M) | Time:00:00.00 | Mem:0.28M, Peak:0.29M | Scene, ViewLayer | Updating Images
Fra:1 Mem:10.89M (Peak 10.89M) | Time:00:00.00 | Mem:0.28M, Peak:0.29M | Scene, ViewLayer | Updating Camera Volume
Fra:1 Mem:10.89M (Peak 10.89M) | Time:00:00.00 | Mem:0.28M, Peak:0.29M | Scene, ViewLayer | Updating Lookup Tables
Fra:1 Mem:10.89M (Peak 10.89M) | Time:00:00.00 | Mem:0.36M, Peak:0.36M | Scene, ViewLayer | Updating Lights
Fra:1 Mem:10.89M (Peak 10.89M) | Time:00:00.00 | Mem:0.36M, Peak:0.36M | Scene, ViewLayer | Updating Lights | Computing tree
Fra:1 Mem:10.89M (Peak 10.89M) | Time:00:00.00 | Mem:0.36M, Peak:0.36M | Scene, ViewLayer | Updating Integrator
Fra:1 Mem:10.89M (Peak 10.89M) | Time:00:00.00 | Mem:0.36M, Peak:0.36M | Scene, ViewLayer | Updating Film
Fra:1 Mem:10.89M (Peak 10.89M) | Time:00:00.00 | Mem:0.28M, Peak:0.36M | Scene, ViewLayer | Updating Lookup Tables
Fra:1 Mem:10.89M (Peak 10.89M) | Time:00:00.00 | Mem:0.37M, Peak:0.37M | Scene, ViewLayer | Updating Baking
Fra:1 Mem:10.89M (Peak 10.89M) | Time:00:00.00 | Mem:0.37M, Peak:0.37M | Scene, ViewLayer | Updating Device | Writing constant memory
Fra:1 Mem:10.90M (Peak 10.90M) | Time:00:00.00 | Mem:0.37M, Peak:0.37M | Scene, ViewLayer | Loading denoising kernels (may take a few minutes the first time)
Fra:1 Mem:10.90M (Peak 10.90M) | Time:00:00.00 | Mem:0.37M, Peak:0.37M | Scene, ViewLayer | Sample 0/20
Fra:1 Mem:52.67M (Peak 52.67M) | Time:00:00.17 | Remaining:00:03.12 | Mem:42.11M, Peak:42.11M | Scene, ViewLayer | Sample 1/20
Fra:1 Mem:70.25M (Peak 96.62M) | Time:00:12.32 | Mem:42.11M, Peak:42.11M | Scene, ViewLayer | Sample 20/20
Fra:1 Mem:70.25M (Peak 96.62M) | Time:00:12.32 | Mem:42.11M, Peak:42.11M | Scene, ViewLayer | Finished
Saved: '/workspace/scratch/a29d03198654/Aether/cloud-evidence/cloudsea52h-main-source-v0-20261001T090045Z-khsjhj60/images/sea52h-main-0-front.png'
Time: 00:12.46 (Saving: 00:00.13)

Fra:1 Mem:10.68M (Peak 10.68M) | Time:00:00.00 | Mem:0.00M, Peak:0.00M | Scene, ViewLayer | Synchronizing object | CloudSea52h_v0_main_crown
Fra:1 Mem:10.68M (Peak 10.68M) | Time:00:00.00 | Mem:0.00M, Peak:0.00M | Scene, ViewLayer | Synchronizing object | Sun
Fra:1 Mem:10.84M (Peak 10.84M) | Time:00:00.00 | Mem:0.00M, Peak:0.00M | Scene, ViewLayer | Initializing
Fra:1 Mem:10.65M (Peak 10.84M) | Time:00:00.00 | Mem:0.00M, Peak:0.00M | Scene, ViewLayer | Waiting for render to start
Fra:1 Mem:10.65M (Peak 10.84M) | Time:00:00.00 | Mem:0.00M, Peak:0.00M | Scene, ViewLayer | Updating Scene
Fra:1 Mem:10.65M (Peak 10.84M) | Time:00:00.00 | Mem:0.00M, Peak:0.00M | Scene, ViewLayer | Updating Shaders
Fra:1 Mem:10.65M (Peak 10.84M) | Time:00:00.00 | Mem:0.00M, Peak:0.00M | Scene, ViewLayer | Loading render kernels (may take a few minutes the first time)
Fra:1 Mem:10.74M (Peak 10.84M) | Time:00:00.00 | Mem:0.00M, Peak:0.00M | Scene, ViewLayer | Updating Procedurals
Fra:1 Mem:10.74M (Peak 10.84M) | Time:00:00.00 | Mem:0.00M, Peak:0.00M | Scene, ViewLayer | Updating Background
Fra:1 Mem:10.74M (Peak 10.84M) | Time:00:00.00 | Mem:0.00M, Peak:0.00M | Scene, ViewLayer | Updating Camera
Fra:1 Mem:10.74M (Peak 10.84M) | Time:00:00.00 | Mem:0.00M, Peak:0.00M | Scene, ViewLayer | Updating Meshes Flags
Fra:1 Mem:10.74M (Peak 10.84M) | Time:00:00.00 | Mem:0.00M, Peak:0.00M | Scene, ViewLayer | Updating Objects
Fra:1 Mem:10.74M (Peak 10.84M) | Time:00:00.00 | Mem:0.00M, Peak:0.00M | Scene, ViewLayer | Updating Objects | Copying Transformations to device
Fra:1 Mem:10.74M (Peak 10.84M) | Time:00:00.00 | Mem:0.00M, Peak:0.00M | Scene, ViewLayer | Updating Particle Systems
Fra:1 Mem:10.74M (Peak 10.84M) | Time:00:00.00 | Mem:0.00M, Peak:0.00M | Scene, ViewLayer | Updating Particle Systems | Copying Particles to device
Fra:1 Mem:10.74M (Peak 10.84M) | Time:00:00.00 | Mem:0.00M, Peak:0.00M | Scene, ViewLayer | Updating Meshes
Fra:1 Mem:10.74M (Peak 10.84M) | Time:00:00.00 | Mem:0.00M, Peak:0.00M | Scene, ViewLayer | Updating Objects | Applying Static Transformations
Fra:1 Mem:10.74M (Peak 10.84M) | Time:00:00.00 | Mem:0.00M, Peak:0.00M | Scene, ViewLayer | Updating Mesh | Computing attributes
Fra:1 Mem:10.84M (Peak 10.84M) | Time:00:00.00 | Mem:0.00M, Peak:0.00M | Scene, ViewLayer | Updating Mesh | Copying Attributes to device
Fra:1 Mem:10.84M (Peak 10.84M) | Time:00:00.00 | Mem:0.10M, Peak:0.10M | Scene, ViewLayer | Updating Scene BVH | Building
Fra:1 Mem:10.84M (Peak 10.84M) | Time:00:00.00 | Mem:0.10M, Peak:0.10M | Scene, ViewLayer | Updating Scene BVH | Building BVH
Fra:1 Mem:10.84M (Peak 10.84M) | Time:00:00.00 | Mem:0.16M, Peak:0.16M | Scene, ViewLayer | Updating Scene BVH | Building BVH 0%
Fra:1 Mem:10.84M (Peak 10.84M) | Time:00:00.00 | Mem:0.23M, Peak:0.29M | Scene, ViewLayer | Updating Scene BVH | Copying BVH to device
Fra:1 Mem:10.84M (Peak 10.84M) | Time:00:00.00 | Mem:0.23M, Peak:0.29M | Scene, ViewLayer | Updating Mesh | Computing normals
Fra:1 Mem:10.89M (Peak 10.89M) | Time:00:00.00 | Mem:0.23M, Peak:0.29M | Scene, ViewLayer | Updating Mesh | Copying Mesh to device
Fra:1 Mem:10.89M (Peak 10.89M) | Time:00:00.00 | Mem:0.28M, Peak:0.29M | Scene, ViewLayer | Updating Objects Flags
Fra:1 Mem:10.89M (Peak 10.89M) | Time:00:00.00 | Mem:0.28M, Peak:0.29M | Scene, ViewLayer | Updating Primitive Offsets
Fra:1 Mem:10.89M (Peak 10.89M) | Time:00:00.00 | Mem:0.28M, Peak:0.29M | Scene, ViewLayer | Updating Images
Fra:1 Mem:10.89M (Peak 10.89M) | Time:00:00.00 | Mem:0.28M, Peak:0.29M | Scene, ViewLayer | Updating Camera Volume
Fra:1 Mem:10.89M (Peak 10.89M) | Time:00:00.00 | Mem:0.28M, Peak:0.29M | Scene, ViewLayer | Updating Lookup Tables
Fra:1 Mem:10.89M (Peak 10.89M) | Time:00:00.00 | Mem:0.36M, Peak:0.36M | Scene, ViewLayer | Updating Lights
Fra:1 Mem:10.89M (Peak 10.89M) | Time:00:00.00 | Mem:0.36M, Peak:0.36M | Scene, ViewLayer | Updating Lights | Computing tree
Fra:1 Mem:10.89M (Peak 10.89M) | Time:00:00.00 | Mem:0.36M, Peak:0.36M | Scene, ViewLayer | Updating Integrator
Fra:1 Mem:10.89M (Peak 10.89M) | Time:00:00.00 | Mem:0.36M, Peak:0.36M | Scene, ViewLayer | Updating Film
Fra:1 Mem:10.89M (Peak 10.89M) | Time:00:00.00 | Mem:0.28M, Peak:0.36M | Scene, ViewLayer | Updating Lookup Tables
Fra:1 Mem:10.89M (Peak 10.89M) | Time:00:00.00 | Mem:0.37M, Peak:0.37M | Scene, ViewLayer | Updating Baking
Fra:1 Mem:10.89M (Peak 10.89M) | Time:00:00.00 | Mem:0.37M, Peak:0.37M | Scene, ViewLayer | Updating Device | Writing constant memory
Fra:1 Mem:10.90M (Peak 10.90M) | Time:00:00.00 | Mem:0.37M, Peak:0.37M | Scene, ViewLayer | Loading denoising kernels (may take a few minutes the first time)
Fra:1 Mem:10.90M (Peak 10.90M) | Time:00:00.00 | Mem:0.37M, Peak:0.37M | Scene, ViewLayer | Sample 0/20
Fra:1 Mem:52.67M (Peak 52.67M) | Time:00:00.15 | Remaining:00:02.81 | Mem:42.11M, Peak:42.11M | Scene, ViewLayer | Sample 1/20
Fra:1 Mem:70.25M (Peak 96.62M) | Time:00:11.00 | Mem:42.11M, Peak:42.11M | Scene, ViewLayer | Sample 20/20
Fra:1 Mem:70.25M (Peak 96.62M) | Time:00:11.00 | Mem:42.11M, Peak:42.11M | Scene, ViewLayer | Finished
Saved: '/workspace/scratch/a29d03198654/Aether/cloud-evidence/cloudsea52h-main-source-v0-20261001T090045Z-khsjhj60/images/sea52h-main-0-back.png'
Time: 00:11.06 (Saving: 00:00.05)

Fra:1 Mem:10.68M (Peak 10.68M) | Time:00:00.00 | Mem:0.00M, Peak:0.00M | Scene, ViewLayer | Synchronizing object | CloudSea52h_v0_main_crown
Fra:1 Mem:10.68M (Peak 10.68M) | Time:00:00.00 | Mem:0.00M, Peak:0.00M | Scene, ViewLayer | Synchronizing object | Sun
Fra:1 Mem:10.84M (Peak 10.84M) | Time:00:00.00 | Mem:0.00M, Peak:0.00M | Scene, ViewLayer | Initializing
Fra:1 Mem:10.65M (Peak 10.84M) | Time:00:00.00 | Mem:0.00M, Peak:0.00M | Scene, ViewLayer | Waiting for render to start
Fra:1 Mem:10.65M (Peak 10.84M) | Time:00:00.00 | Mem:0.00M, Peak:0.00M | Scene, ViewLayer | Updating Scene
Fra:1 Mem:10.65M (Peak 10.84M) | Time:00:00.00 | Mem:0.00M, Peak:0.00M | Scene, ViewLayer | Updating Shaders
Fra:1 Mem:10.65M (Peak 10.84M) | Time:00:00.00 | Mem:0.00M, Peak:0.00M | Scene, ViewLayer | Loading render kernels (may take a few minutes the first time)
Fra:1 Mem:10.74M (Peak 10.84M) | Time:00:00.00 | Mem:0.00M, Peak:0.00M | Scene, ViewLayer | Updating Procedurals
Fra:1 Mem:10.74M (Peak 10.84M) | Time:00:00.00 | Mem:0.00M, Peak:0.00M | Scene, ViewLayer | Updating Background
Fra:1 Mem:10.74M (Peak 10.84M) | Time:00:00.00 | Mem:0.00M, Peak:0.00M | Scene, ViewLayer | Updating Camera
Fra:1 Mem:10.74M (Peak 10.84M) | Time:00:00.00 | Mem:0.00M, Peak:0.00M | Scene, ViewLayer | Updating Meshes Flags
Fra:1 Mem:10.74M (Peak 10.84M) | Time:00:00.00 | Mem:0.00M, Peak:0.00M | Scene, ViewLayer | Updating Objects
Fra:1 Mem:10.74M (Peak 10.84M) | Time:00:00.00 | Mem:0.00M, Peak:0.00M | Scene, ViewLayer | Updating Objects | Copying Transformations to device
Fra:1 Mem:10.74M (Peak 10.84M) | Time:00:00.00 | Mem:0.00M, Peak:0.00M | Scene, ViewLayer | Updating Particle Systems
Fra:1 Mem:10.74M (Peak 10.84M) | Time:00:00.00 | Mem:0.00M, Peak:0.00M | Scene, ViewLayer | Updating Particle Systems | Copying Particles to device
Fra:1 Mem:10.74M (Peak 10.84M) | Time:00:00.00 | Mem:0.00M, Peak:0.00M | Scene, ViewLayer | Updating Meshes
Fra:1 Mem:10.74M (Peak 10.84M) | Time:00:00.00 | Mem:0.00M, Peak:0.00M | Scene, ViewLayer | Updating Objects | Applying Static Transformations
Fra:1 Mem:10.74M (Peak 10.84M) | Time:00:00.00 | Mem:0.00M, Peak:0.00M | Scene, ViewLayer | Updating Mesh | Computing attributes
Fra:1 Mem:10.84M (Peak 10.84M) | Time:00:00.00 | Mem:0.00M, Peak:0.00M | Scene, ViewLayer | Updating Mesh | Copying Attributes to device
Fra:1 Mem:10.84M (Peak 10.84M) | Time:00:00.00 | Mem:0.10M, Peak:0.10M | Scene, ViewLayer | Updating Scene BVH | Building
Fra:1 Mem:10.84M (Peak 10.84M) | Time:00:00.00 | Mem:0.10M, Peak:0.10M | Scene, ViewLayer | Updating Scene BVH | Building BVH
Fra:1 Mem:10.84M (Peak 10.84M) | Time:00:00.00 | Mem:0.16M, Peak:0.16M | Scene, ViewLayer | Updating Scene BVH | Building BVH 0%
Fra:1 Mem:10.84M (Peak 10.84M) | Time:00:00.00 | Mem:0.23M, Peak:0.29M | Scene, ViewLayer | Updating Scene BVH | Copying BVH to device
Fra:1 Mem:10.84M (Peak 10.84M) | Time:00:00.00 | Mem:0.23M, Peak:0.29M | Scene, ViewLayer | Updating Mesh | Computing normals
Fra:1 Mem:10.89M (Peak 10.89M) | Time:00:00.00 | Mem:0.23M, Peak:0.29M | Scene, ViewLayer | Updating Mesh | Copying Mesh to device
Fra:1 Mem:10.89M (Peak 10.89M) | Time:00:00.00 | Mem:0.28M, Peak:0.29M | Scene, ViewLayer | Updating Objects Flags
Fra:1 Mem:10.89M (Peak 10.89M) | Time:00:00.00 | Mem:0.28M, Peak:0.29M | Scene, ViewLayer | Updating Primitive Offsets
Fra:1 Mem:10.89M (Peak 10.89M) | Time:00:00.00 | Mem:0.28M, Peak:0.29M | Scene, ViewLayer | Updating Images
Fra:1 Mem:10.89M (Peak 10.89M) | Time:00:00.00 | Mem:0.28M, Peak:0.29M | Scene, ViewLayer | Updating Camera Volume
Fra:1 Mem:10.89M (Peak 10.89M) | Time:00:00.00 | Mem:0.28M, Peak:0.29M | Scene, ViewLayer | Updating Lookup Tables
Fra:1 Mem:10.89M (Peak 10.89M) | Time:00:00.00 | Mem:0.36M, Peak:0.36M | Scene, ViewLayer | Updating Lights
Fra:1 Mem:10.89M (Peak 10.89M) | Time:00:00.00 | Mem:0.36M, Peak:0.36M | Scene, ViewLayer | Updating Lights | Computing tree
Fra:1 Mem:10.89M (Peak 10.89M) | Time:00:00.00 | Mem:0.36M, Peak:0.36M | Scene, ViewLayer | Updating Integrator
Fra:1 Mem:10.89M (Peak 10.89M) | Time:00:00.00 | Mem:0.36M, Peak:0.36M | Scene, ViewLayer | Updating Film
Fra:1 Mem:10.89M (Peak 10.89M) | Time:00:00.00 | Mem:0.28M, Peak:0.36M | Scene, ViewLayer | Updating Lookup Tables
Fra:1 Mem:10.89M (Peak 10.89M) | Time:00:00.00 | Mem:0.37M, Peak:0.37M | Scene, ViewLayer | Updating Baking
Fra:1 Mem:10.89M (Peak 10.89M) | Time:00:00.00 | Mem:0.37M, Peak:0.37M | Scene, ViewLayer | Updating Device | Writing constant memory
Fra:1 Mem:10.90M (Peak 10.90M) | Time:00:00.00 | Mem:0.37M, Peak:0.37M | Scene, ViewLayer | Loading denoising kernels (may take a few minutes the first time)
Fra:1 Mem:10.90M (Peak 10.90M) | Time:00:00.00 | Mem:0.37M, Peak:0.37M | Scene, ViewLayer | Sample 0/20
Fra:1 Mem:52.67M (Peak 52.67M) | Time:00:00.12 | Remaining:00:02.31 | Mem:42.11M, Peak:42.11M | Scene, ViewLayer | Sample 1/20
Fra:1 Mem:70.25M (Peak 96.62M) | Time:00:10.42 | Mem:42.11M, Peak:42.11M | Scene, ViewLayer | Sample 20/20
Fra:1 Mem:70.25M (Peak 96.62M) | Time:00:10.42 | Mem:42.11M, Peak:42.11M | Scene, ViewLayer | Finished
Saved: '/workspace/scratch/a29d03198654/Aether/cloud-evidence/cloudsea52h-main-source-v0-20261001T090045Z-khsjhj60/images/sea52h-main-0-side.png'
Time: 00:10.48 (Saving: 00:00.06)

Fra:1 Mem:10.68M (Peak 10.68M) | Time:00:00.00 | Mem:0.00M, Peak:0.00M | Scene, ViewLayer | Synchronizing object | CloudSea52h_v0_main_crown
Fra:1 Mem:10.68M (Peak 10.68M) | Time:00:00.00 | Mem:0.00M, Peak:0.00M | Scene, ViewLayer | Synchronizing object | Sun
Fra:1 Mem:10.84M (Peak 10.84M) | Time:00:00.00 | Mem:0.00M, Peak:0.00M | Scene, ViewLayer | Initializing
Fra:1 Mem:10.65M (Peak 10.84M) | Time:00:00.00 | Mem:0.00M, Peak:0.00M | Scene, ViewLayer | Waiting for render to start
Fra:1 Mem:10.65M (Peak 10.84M) | Time:00:00.00 | Mem:0.00M, Peak:0.00M | Scene, ViewLayer | Updating Scene
Fra:1 Mem:10.65M (Peak 10.84M) | Time:00:00.00 | Mem:0.00M, Peak:0.00M | Scene, ViewLayer | Updating Shaders
Fra:1 Mem:10.65M (Peak 10.84M) | Time:00:00.00 | Mem:0.00M, Peak:0.00M | Scene, ViewLayer | Loading render kernels (may take a few minutes the first time)
Fra:1 Mem:10.74M (Peak 10.84M) | Time:00:00.00 | Mem:0.00M, Peak:0.00M | Scene, ViewLayer | Updating Procedurals
Fra:1 Mem:10.74M (Peak 10.84M) | Time:00:00.00 | Mem:0.00M, Peak:0.00M | Scene, ViewLayer | Updating Background
Fra:1 Mem:10.74M (Peak 10.84M) | Time:00:00.00 | Mem:0.00M, Peak:0.00M | Scene, ViewLayer | Updating Camera
Fra:1 Mem:10.74M (Peak 10.84M) | Time:00:00.00 | Mem:0.00M, Peak:0.00M | Scene, ViewLayer | Updating Meshes Flags
Fra:1 Mem:10.74M (Peak 10.84M) | Time:00:00.00 | Mem:0.00M, Peak:0.00M | Scene, ViewLayer | Updating Objects
Fra:1 Mem:10.74M (Peak 10.84M) | Time:00:00.00 | Mem:0.00M, Peak:0.00M | Scene, ViewLayer | Updating Objects | Copying Transformations to device
Fra:1 Mem:10.74M (Peak 10.84M) | Time:00:00.00 | Mem:0.00M, Peak:0.00M | Scene, ViewLayer | Updating Particle Systems
Fra:1 Mem:10.74M (Peak 10.84M) | Time:00:00.00 | Mem:0.00M, Peak:0.00M | Scene, ViewLayer | Updating Particle Systems | Copying Particles to device
Fra:1 Mem:10.74M (Peak 10.84M) | Time:00:00.00 | Mem:0.00M, Peak:0.00M | Scene, ViewLayer | Updating Meshes
Fra:1 Mem:10.74M (Peak 10.84M) | Time:00:00.00 | Mem:0.00M, Peak:0.00M | Scene, ViewLayer | Updating Objects | Applying Static Transformations
Fra:1 Mem:10.74M (Peak 10.84M) | Time:00:00.00 | Mem:0.00M, Peak:0.00M | Scene, ViewLayer | Updating Mesh | Computing attributes
Fra:1 Mem:10.84M (Peak 10.84M) | Time:00:00.00 | Mem:0.00M, Peak:0.00M | Scene, ViewLayer | Updating Mesh | Copying Attributes to device
Fra:1 Mem:10.84M (Peak 10.84M) | Time:00:00.00 | Mem:0.10M, Peak:0.10M | Scene, ViewLayer | Updating Scene BVH | Building
Fra:1 Mem:10.84M (Peak 10.84M) | Time:00:00.00 | Mem:0.10M, Peak:0.10M | Scene, ViewLayer | Updating Scene BVH | Building BVH
Fra:1 Mem:10.84M (Peak 10.84M) | Time:00:00.00 | Mem:0.16M, Peak:0.16M | Scene, ViewLayer | Updating Scene BVH | Building BVH 0%
Fra:1 Mem:10.84M (Peak 10.84M) | Time:00:00.00 | Mem:0.23M, Peak:0.29M | Scene, ViewLayer | Updating Scene BVH | Copying BVH to device
Fra:1 Mem:10.84M (Peak 10.84M) | Time:00:00.00 | Mem:0.23M, Peak:0.29M | Scene, ViewLayer | Updating Mesh | Computing normals
Fra:1 Mem:10.89M (Peak 10.89M) | Time:00:00.00 | Mem:0.23M, Peak:0.29M | Scene, ViewLayer | Updating Mesh | Copying Mesh to device
Fra:1 Mem:10.89M (Peak 10.89M) | Time:00:00.00 | Mem:0.28M, Peak:0.29M | Scene, ViewLayer | Updating Objects Flags
Fra:1 Mem:10.89M (Peak 10.89M) | Time:00:00.00 | Mem:0.28M, Peak:0.29M | Scene, ViewLayer | Updating Primitive Offsets
Fra:1 Mem:10.89M (Peak 10.89M) | Time:00:00.00 | Mem:0.28M, Peak:0.29M | Scene, ViewLayer | Updating Images
Fra:1 Mem:10.89M (Peak 10.89M) | Time:00:00.00 | Mem:0.28M, Peak:0.29M | Scene, ViewLayer | Updating Camera Volume
Fra:1 Mem:10.89M (Peak 10.89M) | Time:00:00.00 | Mem:0.28M, Peak:0.29M | Scene, ViewLayer | Updating Lookup Tables
Fra:1 Mem:10.89M (Peak 10.89M) | Time:00:00.00 | Mem:0.36M, Peak:0.36M | Scene, ViewLayer | Updating Lights
Fra:1 Mem:10.89M (Peak 10.89M) | Time:00:00.00 | Mem:0.36M, Peak:0.36M | Scene, ViewLayer | Updating Lights | Computing tree
Fra:1 Mem:10.89M (Peak 10.89M) | Time:00:00.00 | Mem:0.36M, Peak:0.36M | Scene, ViewLayer | Updating Integrator
Fra:1 Mem:10.89M (Peak 10.89M) | Time:00:00.00 | Mem:0.36M, Peak:0.36M | Scene, ViewLayer | Updating Film
Fra:1 Mem:10.89M (Peak 10.89M) | Time:00:00.00 | Mem:0.28M, Peak:0.36M | Scene, ViewLayer | Updating Lookup Tables
Fra:1 Mem:10.89M (Peak 10.89M) | Time:00:00.00 | Mem:0.37M, Peak:0.37M | Scene, ViewLayer | Updating Baking
Fra:1 Mem:10.89M (Peak 10.89M) | Time:00:00.00 | Mem:0.37M, Peak:0.37M | Scene, ViewLayer | Updating Device | Writing constant memory
Fra:1 Mem:10.90M (Peak 10.90M) | Time:00:00.00 | Mem:0.37M, Peak:0.37M | Scene, ViewLayer | Loading denoising kernels (may take a few minutes the first time)
Fra:1 Mem:10.90M (Peak 10.90M) | Time:00:00.00 | Mem:0.37M, Peak:0.37M | Scene, ViewLayer | Sample 0/20
Fra:1 Mem:52.67M (Peak 52.67M) | Time:00:00.15 | Remaining:00:02.88 | Mem:42.11M, Peak:42.11M | Scene, ViewLayer | Sample 1/20
Fra:1 Mem:70.25M (Peak 96.62M) | Time:00:08.95 | Mem:42.11M, Peak:42.11M | Scene, ViewLayer | Sample 20/20
Fra:1 Mem:70.25M (Peak 96.62M) | Time:00:08.95 | Mem:42.11M, Peak:42.11M | Scene, ViewLayer | Finished
Saved: '/workspace/scratch/a29d03198654/Aether/cloud-evidence/cloudsea52h-main-source-v0-20261001T090045Z-khsjhj60/images/sea52h-main-0-underside.png'
Time: 00:09.00 (Saving: 00:00.05)

Fra:1 Mem:10.68M (Peak 10.68M) | Time:00:00.00 | Mem:0.00M, Peak:0.00M | Scene, ViewLayer | Synchronizing object | CloudSea52h_v0_main_crown
Fra:1 Mem:10.69M (Peak 10.69M) | Time:00:00.00 | Mem:0.00M, Peak:0.00M | Scene, ViewLayer | Synchronizing object | Sun
Fra:1 Mem:10.84M (Peak 10.84M) | Time:00:00.00 | Mem:0.00M, Peak:0.00M | Scene, ViewLayer | Initializing
Fra:1 Mem:10.65M (Peak 10.84M) | Time:00:00.00 | Mem:0.00M, Peak:0.00M | Scene, ViewLayer | Waiting for render to start
Fra:1 Mem:10.65M (Peak 10.84M) | Time:00:00.00 | Mem:0.00M, Peak:0.00M | Scene, ViewLayer | Updating Scene
Fra:1 Mem:10.65M (Peak 10.84M) | Time:00:00.00 | Mem:0.00M, Peak:0.00M | Scene, ViewLayer | Updating Shaders
Fra:1 Mem:10.65M (Peak 10.84M) | Time:00:00.00 | Mem:0.00M, Peak:0.00M | Scene, ViewLayer | Loading render kernels (may take a few minutes the first time)
Fra:1 Mem:10.74M (Peak 10.84M) | Time:00:00.00 | Mem:0.00M, Peak:0.00M | Scene, ViewLayer | Updating Procedurals
Fra:1 Mem:10.74M (Peak 10.84M) | Time:00:00.00 | Mem:0.00M, Peak:0.00M | Scene, ViewLayer | Updating Background
Fra:1 Mem:10.74M (Peak 10.84M) | Time:00:00.00 | Mem:0.00M, Peak:0.00M | Scene, ViewLayer | Updating Camera
Fra:1 Mem:10.74M (Peak 10.84M) | Time:00:00.00 | Mem:0.00M, Peak:0.00M | Scene, ViewLayer | Updating Meshes Flags
Fra:1 Mem:10.74M (Peak 10.84M) | Time:00:00.00 | Mem:0.00M, Peak:0.00M | Scene, ViewLayer | Updating Objects
Fra:1 Mem:10.74M (Peak 10.84M) | Time:00:00.00 | Mem:0.00M, Peak:0.00M | Scene, ViewLayer | Updating Objects | Copying Transformations to device
Fra:1 Mem:10.74M (Peak 10.84M) | Time:00:00.00 | Mem:0.00M, Peak:0.00M | Scene, ViewLayer | Updating Particle Systems
Fra:1 Mem:10.74M (Peak 10.84M) | Time:00:00.00 | Mem:0.00M, Peak:0.00M | Scene, ViewLayer | Updating Particle Systems | Copying Particles to device
Fra:1 Mem:10.74M (Peak 10.84M) | Time:00:00.00 | Mem:0.00M, Peak:0.00M | Scene, ViewLayer | Updating Meshes
Fra:1 Mem:10.74M (Peak 10.84M) | Time:00:00.00 | Mem:0.00M, Peak:0.00M | Scene, ViewLayer | Updating Objects | Applying Static Transformations
Fra:1 Mem:10.74M (Peak 10.84M) | Time:00:00.00 | Mem:0.00M, Peak:0.00M | Scene, ViewLayer | Updating Mesh | Computing attributes
Fra:1 Mem:10.84M (Peak 10.84M) | Time:00:00.00 | Mem:0.00M, Peak:0.00M | Scene, ViewLayer | Updating Mesh | Copying Attributes to device
Fra:1 Mem:10.84M (Peak 10.84M) | Time:00:00.00 | Mem:0.10M, Peak:0.10M | Scene, ViewLayer | Updating Scene BVH | Building
Fra:1 Mem:10.84M (Peak 10.84M) | Time:00:00.00 | Mem:0.10M, Peak:0.10M | Scene, ViewLayer | Updating Scene BVH | Building BVH
Fra:1 Mem:10.84M (Peak 10.84M) | Time:00:00.00 | Mem:0.16M, Peak:0.16M | Scene, ViewLayer | Updating Scene BVH | Building BVH 0%
Fra:1 Mem:10.84M (Peak 10.84M) | Time:00:00.00 | Mem:0.23M, Peak:0.29M | Scene, ViewLayer | Updating Scene BVH | Copying BVH to device
Fra:1 Mem:10.84M (Peak 10.84M) | Time:00:00.00 | Mem:0.23M, Peak:0.29M | Scene, ViewLayer | Updating Mesh | Computing normals
Fra:1 Mem:10.89M (Peak 10.89M) | Time:00:00.00 | Mem:0.23M, Peak:0.29M | Scene, ViewLayer | Updating Mesh | Copying Mesh to device
Fra:1 Mem:10.89M (Peak 10.89M) | Time:00:00.00 | Mem:0.28M, Peak:0.29M | Scene, ViewLayer | Updating Objects Flags
Fra:1 Mem:10.89M (Peak 10.89M) | Time:00:00.00 | Mem:0.28M, Peak:0.29M | Scene, ViewLayer | Updating Primitive Offsets
Fra:1 Mem:10.89M (Peak 10.89M) | Time:00:00.00 | Mem:0.28M, Peak:0.29M | Scene, ViewLayer | Updating Images
Fra:1 Mem:10.89M (Peak 10.89M) | Time:00:00.00 | Mem:0.28M, Peak:0.29M | Scene, ViewLayer | Updating Camera Volume
Fra:1 Mem:10.89M (Peak 10.89M) | Time:00:00.00 | Mem:0.28M, Peak:0.29M | Scene, ViewLayer | Updating Lookup Tables
Fra:1 Mem:10.89M (Peak 10.89M) | Time:00:00.00 | Mem:0.36M, Peak:0.36M | Scene, ViewLayer | Updating Lights
Fra:1 Mem:10.89M (Peak 10.89M) | Time:00:00.00 | Mem:0.36M, Peak:0.36M | Scene, ViewLayer | Updating Lights | Computing tree
Fra:1 Mem:10.89M (Peak 10.89M) | Time:00:00.00 | Mem:0.36M, Peak:0.36M | Scene, ViewLayer | Updating Integrator
Fra:1 Mem:10.89M (Peak 10.89M) | Time:00:00.00 | Mem:0.36M, Peak:0.36M | Scene, ViewLayer | Updating Film
Fra:1 Mem:10.89M (Peak 10.89M) | Time:00:00.00 | Mem:0.28M, Peak:0.36M | Scene, ViewLayer | Updating Lookup Tables
Fra:1 Mem:10.89M (Peak 10.89M) | Time:00:00.00 | Mem:0.37M, Peak:0.37M | Scene, ViewLayer | Updating Baking
Fra:1 Mem:10.89M (Peak 10.89M) | Time:00:00.00 | Mem:0.37M, Peak:0.37M | Scene, ViewLayer | Updating Device | Writing constant memory
Fra:1 Mem:10.90M (Peak 10.90M) | Time:00:00.00 | Mem:0.37M, Peak:0.37M | Scene, ViewLayer | Loading denoising kernels (may take a few minutes the first time)
Fra:1 Mem:10.90M (Peak 10.90M) | Time:00:00.00 | Mem:0.37M, Peak:0.37M | Scene, ViewLayer | Sample 0/20
Fra:1 Mem:52.67M (Peak 52.67M) | Time:00:00.19 | Remaining:00:03.65 | Mem:42.11M, Peak:42.11M | Scene, ViewLayer | Sample 1/20
Fra:1 Mem:70.25M (Peak 96.62M) | Time:00:10.43 | Mem:42.11M, Peak:42.11M | Scene, ViewLayer | Sample 20/20
Fra:1 Mem:70.25M (Peak 96.62M) | Time:00:10.43 | Mem:42.11M, Peak:42.11M | Scene, ViewLayer | Finished
Saved: '/workspace/scratch/a29d03198654/Aether/cloud-evidence/cloudsea52h-main-source-v0-20261001T090045Z-khsjhj60/images/sea52h-main-0-top.png'
Time: 00:10.52 (Saving: 00:00.08)


Blender quit
