Godot Engine v4.5.1.stable.official.f62fdbde1 - https://godotengine.org
OpenGL API 3.3.0 NVIDIA 582.66 - Compatibility - Using Device: NVIDIA - NVIDIA GeForce GTX 970

WORLD READY: 208 independent terrain scenes, 54797 saved scatter instances, 169 scene landmarks, 6 scene ports
storm35 configured
rig_fill injected into 8 shaders
rendered 1343 (0.0, 145.0, 250.0) -> (0.0, 83.837, -750.0)
rendered 1131 (600.0, 560.0, -900.0) -> (1300.0, 255.1165, -2700.0)
rendered 1347 (1900.0, 668.2384, -1200.0) -> (1100.0, 425.3185, -2700.0)
rendered 1218 (-400.0, 488.0986, 600.0) -> (300.0, 19.44671, -1200.0)
rendered 1344 (700.0, 274.9998, -1300.0) -> (1100.0, 166.6502, -2600.0)
rendered 1217 (1260.0, 116.8166, 940.0) -> (640.0, 54.27493, 240.0)
rendered 1220 (420.0, 181.1552, 720.0) -> (-300.0, 0.0, -150.0)
rendered 1135 (150.0, 25.62382, 512.0) -> (110.0, 21.6062, 470.0)
rendered 1126 (-2200.0, 70.0, -1450.0) -> (-2400.0, 30.0, -1700.0)
rendered 1332 (-2100.0, 240.0, -1400.0) -> (-2600.0, 20.0, -2100.0)
rendered 1342 (-2278.0, 60.0, -1632.0) -> (-2848.0, 55.0, -2453.0)
rendered 1125 (-2250.0, 250.0, -1870.0) -> (-3040.0, 120.0, -3580.0)
rendered 1341 (-2400.0, 220.0, -2100.0) -> (-3300.0, 60.0, -3800.0)
rendered 1128 (1000.0, 37.0, -1750.0) -> (1250.0, 258.3406, -2800.0)
rendered 1129 (1150.0, 28.52792, -1700.0) -> (1300.0, 223.283, -2800.0)
rendered 1276 (1150.0, 294.8504, -2100.0) -> (1250.0, 255.6625, -3200.0)
rendered 1275 (1130.0, 205.8366, -2750.0) -> (900.0, 53.22877, -3100.0)
rendered 1274 (3200.8, 931.55, 3001.9) -> (3197.8, 931.2, 2998.6)
rendered 1278 (3351.3, 961.75, 3697.7) -> (3348.2, 961.1, 3701.4)
rendered 1216 (3000.0, 1150.0, 4300.0) -> (4700.0, 760.0, 2700.0)
ERROR: Texture with GL ID of 21: leaked 349524 bytes.
   at: ~Utilities (drivers/gles3/storage/utilities.cpp:77)
ERROR: Texture with GL ID of 22: leaked 349524 bytes.
   at: ~Utilities (drivers/gles3/storage/utilities.cpp:77)
