Blender 4.5.14 LTS (hash 62c1db4208e8 built 2026-09-15 01:31:19)
Read blend: "/workspace/scratch/a29d03198654/Aether/source-assets/cloud-sea52e/cloud_sea52e.blend"
Fra:1 Mem:13.62M (Peak 13.62M) | Time:00:00.00 | Mem:0.00M, Peak:0.00M | Scene, ViewLayer | Synchronizing object | CloudSea52e_v2_main_ridge
Fra:1 Mem:13.62M (Peak 13.62M) | Time:00:00.00 | Mem:0.00M, Peak:0.00M | Scene, ViewLayer | Synchronizing object | Sun
Fra:1 Mem:13.95M (Peak 13.95M) | Time:00:00.00 | Mem:0.00M, Peak:0.00M | Scene, ViewLayer | Initializing
Fra:1 Mem:13.69M (Peak 13.95M) | Time:00:00.00 | Mem:0.00M, Peak:0.00M | Scene, ViewLayer | Waiting for render to start
Fra:1 Mem:13.69M (Peak 13.95M) | Time:00:00.00 | Mem:0.00M, Peak:0.00M | Scene, ViewLayer | Updating Scene
Fra:1 Mem:13.69M (Peak 13.95M) | Time:00:00.00 | Mem:0.00M, Peak:0.00M | Scene, ViewLayer | Updating Shaders
Fra:1 Mem:13.69M (Peak 13.95M) | Time:00:00.00 | Mem:0.00M, Peak:0.00M | Scene, ViewLayer | Loading render kernels (may take a few minutes the first time)
Fra:1 Mem:13.77M (Peak 13.95M) | Time:00:00.00 | Mem:0.00M, Peak:0.00M | Scene, ViewLayer | Updating Procedurals
Fra:1 Mem:13.77M (Peak 13.95M) | Time:00:00.00 | Mem:0.00M, Peak:0.00M | Scene, ViewLayer | Updating Background
Fra:1 Mem:13.77M (Peak 13.95M) | Time:00:00.00 | Mem:0.00M, Peak:0.00M | Scene, ViewLayer | Updating Camera
Fra:1 Mem:13.77M (Peak 13.95M) | Time:00:00.00 | Mem:0.00M, Peak:0.00M | Scene, ViewLayer | Updating Meshes Flags
Fra:1 Mem:13.77M (Peak 13.95M) | Time:00:00.00 | Mem:0.00M, Peak:0.00M | Scene, ViewLayer | Updating Objects
Fra:1 Mem:13.77M (Peak 13.95M) | Time:00:00.00 | Mem:0.00M, Peak:0.00M | Scene, ViewLayer | Updating Objects | Copying Transformations to device
Fra:1 Mem:13.77M (Peak 13.95M) | Time:00:00.00 | Mem:0.00M, Peak:0.00M | Scene, ViewLayer | Updating Particle Systems
Fra:1 Mem:13.77M (Peak 13.95M) | Time:00:00.00 | Mem:0.00M, Peak:0.00M | Scene, ViewLayer | Updating Particle Systems | Copying Particles to device
Fra:1 Mem:13.77M (Peak 13.95M) | Time:00:00.00 | Mem:0.00M, Peak:0.00M | Scene, ViewLayer | Updating Meshes
Fra:1 Mem:13.77M (Peak 13.95M) | Time:00:00.00 | Mem:0.00M, Peak:0.00M | Scene, ViewLayer | Updating Objects | Applying Static Transformations
Fra:1 Mem:13.77M (Peak 13.95M) | Time:00:00.00 | Mem:0.00M, Peak:0.00M | Scene, ViewLayer | Updating Mesh | Computing attributes
Fra:1 Mem:13.90M (Peak 13.95M) | Time:00:00.00 | Mem:0.00M, Peak:0.00M | Scene, ViewLayer | Updating Mesh | Copying Attributes to device
Fra:1 Mem:13.90M (Peak 13.95M) | Time:00:00.00 | Mem:0.13M, Peak:0.13M | Scene, ViewLayer | Updating Scene BVH | Building
Fra:1 Mem:13.90M (Peak 13.95M) | Time:00:00.00 | Mem:0.13M, Peak:0.13M | Scene, ViewLayer | Updating Scene BVH | Building BVH
Fra:1 Mem:13.90M (Peak 13.95M) | Time:00:00.00 | Mem:0.21M, Peak:0.21M | Scene, ViewLayer | Updating Scene BVH | Building BVH 0%
Fra:1 Mem:13.90M (Peak 13.95M) | Time:00:00.00 | Mem:0.30M, Peak:0.38M | Scene, ViewLayer | Updating Scene BVH | Copying BVH to device
Fra:1 Mem:13.90M (Peak 13.95M) | Time:00:00.00 | Mem:0.30M, Peak:0.38M | Scene, ViewLayer | Updating Mesh | Computing normals
Fra:1 Mem:13.97M (Peak 13.97M) | Time:00:00.00 | Mem:0.30M, Peak:0.38M | Scene, ViewLayer | Updating Mesh | Copying Mesh to device
Fra:1 Mem:13.97M (Peak 13.97M) | Time:00:00.00 | Mem:0.37M, Peak:0.38M | Scene, ViewLayer | Updating Objects Flags
Fra:1 Mem:13.97M (Peak 13.97M) | Time:00:00.00 | Mem:0.37M, Peak:0.38M | Scene, ViewLayer | Updating Primitive Offsets
Fra:1 Mem:13.97M (Peak 13.97M) | Time:00:00.00 | Mem:0.37M, Peak:0.38M | Scene, ViewLayer | Updating Images
Fra:1 Mem:13.97M (Peak 13.97M) | Time:00:00.00 | Mem:0.37M, Peak:0.38M | Scene, ViewLayer | Updating Camera Volume
Fra:1 Mem:13.97M (Peak 13.97M) | Time:00:00.00 | Mem:0.37M, Peak:0.38M | Scene, ViewLayer | Updating Lookup Tables
Fra:1 Mem:13.97M (Peak 13.97M) | Time:00:00.00 | Mem:0.45M, Peak:0.45M | Scene, ViewLayer | Updating Lights
Fra:1 Mem:13.97M (Peak 13.97M) | Time:00:00.00 | Mem:0.45M, Peak:0.45M | Scene, ViewLayer | Updating Lights | Computing tree
Fra:1 Mem:13.97M (Peak 13.97M) | Time:00:00.00 | Mem:0.45M, Peak:0.45M | Scene, ViewLayer | Updating Integrator
Fra:1 Mem:13.97M (Peak 13.97M) | Time:00:00.00 | Mem:0.45M, Peak:0.45M | Scene, ViewLayer | Updating Film
Fra:1 Mem:13.97M (Peak 13.97M) | Time:00:00.00 | Mem:0.37M, Peak:0.45M | Scene, ViewLayer | Updating Lookup Tables
Fra:1 Mem:13.97M (Peak 13.97M) | Time:00:00.00 | Mem:0.46M, Peak:0.46M | Scene, ViewLayer | Updating Baking
Fra:1 Mem:13.97M (Peak 13.97M) | Time:00:00.00 | Mem:0.46M, Peak:0.46M | Scene, ViewLayer | Updating Device | Writing constant memory
Fra:1 Mem:13.98M (Peak 13.98M) | Time:00:00.00 | Mem:0.46M, Peak:0.46M | Scene, ViewLayer | Loading denoising kernels (may take a few minutes the first time)
Fra:1 Mem:13.98M (Peak 13.98M) | Time:00:00.00 | Mem:0.46M, Peak:0.46M | Scene, ViewLayer | Sample 0/20
Fra:1 Mem:55.77M (Peak 55.77M) | Time:00:00.07 | Remaining:00:01.28 | Mem:42.20M, Peak:42.20M | Scene, ViewLayer | Sample 1/20
Fra:1 Mem:73.35M (Peak 99.72M) | Time:00:04.28 | Mem:42.20M, Peak:42.20M | Scene, ViewLayer | Sample 20/20
Fra:1 Mem:73.35M (Peak 99.72M) | Time:00:04.28 | Mem:42.20M, Peak:42.20M | Scene, ViewLayer | Finished
Saved: '/workspace/scratch/a29d03198654/Aether/cloud-evidence/cloudsea52e-source-v2-20261001T045040Z-0j154s8s/images/sea52e-2-front.png'
Time: 00:04.40 (Saving: 00:00.11)

Fra:1 Mem:13.74M (Peak 13.74M) | Time:00:00.00 | Mem:0.00M, Peak:0.00M | Scene, ViewLayer | Synchronizing object | CloudSea52e_v2_main_ridge
Fra:1 Mem:13.74M (Peak 13.74M) | Time:00:00.00 | Mem:0.00M, Peak:0.00M | Scene, ViewLayer | Synchronizing object | Sun
Fra:1 Mem:13.95M (Peak 13.95M) | Time:00:00.00 | Mem:0.00M, Peak:0.00M | Scene, ViewLayer | Initializing
Fra:1 Mem:13.69M (Peak 13.95M) | Time:00:00.00 | Mem:0.00M, Peak:0.00M | Scene, ViewLayer | Waiting for render to start
Fra:1 Mem:13.69M (Peak 13.95M) | Time:00:00.00 | Mem:0.00M, Peak:0.00M | Scene, ViewLayer | Updating Scene
Fra:1 Mem:13.69M (Peak 13.95M) | Time:00:00.00 | Mem:0.00M, Peak:0.00M | Scene, ViewLayer | Updating Shaders
Fra:1 Mem:13.69M (Peak 13.95M) | Time:00:00.00 | Mem:0.00M, Peak:0.00M | Scene, ViewLayer | Loading render kernels (may take a few minutes the first time)
Fra:1 Mem:13.77M (Peak 13.95M) | Time:00:00.00 | Mem:0.00M, Peak:0.00M | Scene, ViewLayer | Updating Procedurals
Fra:1 Mem:13.77M (Peak 13.95M) | Time:00:00.00 | Mem:0.00M, Peak:0.00M | Scene, ViewLayer | Updating Background
Fra:1 Mem:13.77M (Peak 13.95M) | Time:00:00.00 | Mem:0.00M, Peak:0.00M | Scene, ViewLayer | Updating Camera
Fra:1 Mem:13.77M (Peak 13.95M) | Time:00:00.00 | Mem:0.00M, Peak:0.00M | Scene, ViewLayer | Updating Meshes Flags
Fra:1 Mem:13.77M (Peak 13.95M) | Time:00:00.00 | Mem:0.00M, Peak:0.00M | Scene, ViewLayer | Updating Objects
Fra:1 Mem:13.77M (Peak 13.95M) | Time:00:00.00 | Mem:0.00M, Peak:0.00M | Scene, ViewLayer | Updating Objects | Copying Transformations to device
Fra:1 Mem:13.77M (Peak 13.95M) | Time:00:00.00 | Mem:0.00M, Peak:0.00M | Scene, ViewLayer | Updating Particle Systems
Fra:1 Mem:13.77M (Peak 13.95M) | Time:00:00.00 | Mem:0.00M, Peak:0.00M | Scene, ViewLayer | Updating Particle Systems | Copying Particles to device
Fra:1 Mem:13.77M (Peak 13.95M) | Time:00:00.00 | Mem:0.00M, Peak:0.00M | Scene, ViewLayer | Updating Meshes
Fra:1 Mem:13.77M (Peak 13.95M) | Time:00:00.00 | Mem:0.00M, Peak:0.00M | Scene, ViewLayer | Updating Objects | Applying Static Transformations
Fra:1 Mem:13.77M (Peak 13.95M) | Time:00:00.00 | Mem:0.00M, Peak:0.00M | Scene, ViewLayer | Updating Mesh | Computing attributes
Fra:1 Mem:13.90M (Peak 13.95M) | Time:00:00.00 | Mem:0.00M, Peak:0.00M | Scene, ViewLayer | Updating Mesh | Copying Attributes to device
Fra:1 Mem:13.90M (Peak 13.95M) | Time:00:00.00 | Mem:0.13M, Peak:0.13M | Scene, ViewLayer | Updating Scene BVH | Building
Fra:1 Mem:13.90M (Peak 13.95M) | Time:00:00.00 | Mem:0.13M, Peak:0.13M | Scene, ViewLayer | Updating Scene BVH | Building BVH
Fra:1 Mem:13.90M (Peak 13.95M) | Time:00:00.00 | Mem:0.21M, Peak:0.21M | Scene, ViewLayer | Updating Scene BVH | Building BVH 0%
Fra:1 Mem:13.90M (Peak 13.95M) | Time:00:00.00 | Mem:0.30M, Peak:0.38M | Scene, ViewLayer | Updating Scene BVH | Copying BVH to device
Fra:1 Mem:13.90M (Peak 13.95M) | Time:00:00.00 | Mem:0.30M, Peak:0.38M | Scene, ViewLayer | Updating Mesh | Computing normals
Fra:1 Mem:13.97M (Peak 13.97M) | Time:00:00.00 | Mem:0.30M, Peak:0.38M | Scene, ViewLayer | Updating Mesh | Copying Mesh to device
Fra:1 Mem:13.97M (Peak 13.97M) | Time:00:00.00 | Mem:0.37M, Peak:0.38M | Scene, ViewLayer | Updating Objects Flags
Fra:1 Mem:13.97M (Peak 13.97M) | Time:00:00.00 | Mem:0.37M, Peak:0.38M | Scene, ViewLayer | Updating Primitive Offsets
Fra:1 Mem:13.97M (Peak 13.97M) | Time:00:00.00 | Mem:0.37M, Peak:0.38M | Scene, ViewLayer | Updating Images
Fra:1 Mem:13.97M (Peak 13.97M) | Time:00:00.00 | Mem:0.37M, Peak:0.38M | Scene, ViewLayer | Updating Camera Volume
Fra:1 Mem:13.97M (Peak 13.97M) | Time:00:00.00 | Mem:0.37M, Peak:0.38M | Scene, ViewLayer | Updating Lookup Tables
Fra:1 Mem:13.97M (Peak 13.97M) | Time:00:00.00 | Mem:0.45M, Peak:0.45M | Scene, ViewLayer | Updating Lights
Fra:1 Mem:13.97M (Peak 13.97M) | Time:00:00.00 | Mem:0.45M, Peak:0.45M | Scene, ViewLayer | Updating Lights | Computing tree
Fra:1 Mem:13.97M (Peak 13.97M) | Time:00:00.00 | Mem:0.45M, Peak:0.45M | Scene, ViewLayer | Updating Integrator
Fra:1 Mem:13.97M (Peak 13.97M) | Time:00:00.00 | Mem:0.45M, Peak:0.45M | Scene, ViewLayer | Updating Film
Fra:1 Mem:13.97M (Peak 13.97M) | Time:00:00.00 | Mem:0.37M, Peak:0.45M | Scene, ViewLayer | Updating Lookup Tables
Fra:1 Mem:13.97M (Peak 13.97M) | Time:00:00.00 | Mem:0.46M, Peak:0.46M | Scene, ViewLayer | Updating Baking
Fra:1 Mem:13.97M (Peak 13.97M) | Time:00:00.00 | Mem:0.46M, Peak:0.46M | Scene, ViewLayer | Updating Device | Writing constant memory
Fra:1 Mem:13.98M (Peak 13.98M) | Time:00:00.00 | Mem:0.46M, Peak:0.46M | Scene, ViewLayer | Loading denoising kernels (may take a few minutes the first time)
Fra:1 Mem:13.98M (Peak 13.98M) | Time:00:00.00 | Mem:0.46M, Peak:0.46M | Scene, ViewLayer | Sample 0/20
Fra:1 Mem:55.77M (Peak 55.77M) | Time:00:00.06 | Remaining:00:01.08 | Mem:42.20M, Peak:42.20M | Scene, ViewLayer | Sample 1/20
Fra:1 Mem:73.35M (Peak 99.72M) | Time:00:04.58 | Mem:42.20M, Peak:42.20M | Scene, ViewLayer | Sample 20/20
Fra:1 Mem:73.35M (Peak 99.72M) | Time:00:04.58 | Mem:42.20M, Peak:42.20M | Scene, ViewLayer | Finished
Saved: '/workspace/scratch/a29d03198654/Aether/cloud-evidence/cloudsea52e-source-v2-20261001T045040Z-0j154s8s/images/sea52e-2-back.png'
Time: 00:04.65 (Saving: 00:00.05)

Fra:1 Mem:13.74M (Peak 13.74M) | Time:00:00.00 | Mem:0.00M, Peak:0.00M | Scene, ViewLayer | Synchronizing object | CloudSea52e_v2_main_ridge
Fra:1 Mem:13.74M (Peak 13.74M) | Time:00:00.00 | Mem:0.00M, Peak:0.00M | Scene, ViewLayer | Synchronizing object | Sun
Fra:1 Mem:13.74M (Peak 13.74M) | Time:00:00.00 | Mem:0.00M, Peak:0.00M | Scene, ViewLayer | Synchronizing object | CloudSea52e_v2_low_tail
Fra:1 Mem:13.95M (Peak 13.95M) | Time:00:00.00 | Mem:0.00M, Peak:0.00M | Scene, ViewLayer | Initializing
Fra:1 Mem:13.69M (Peak 13.95M) | Time:00:00.00 | Mem:0.00M, Peak:0.00M | Scene, ViewLayer | Waiting for render to start
Fra:1 Mem:13.69M (Peak 13.95M) | Time:00:00.00 | Mem:0.00M, Peak:0.00M | Scene, ViewLayer | Updating Scene
Fra:1 Mem:13.69M (Peak 13.95M) | Time:00:00.00 | Mem:0.00M, Peak:0.00M | Scene, ViewLayer | Updating Shaders
Fra:1 Mem:13.69M (Peak 13.95M) | Time:00:00.00 | Mem:0.00M, Peak:0.00M | Scene, ViewLayer | Loading render kernels (may take a few minutes the first time)
Fra:1 Mem:13.77M (Peak 13.95M) | Time:00:00.00 | Mem:0.00M, Peak:0.00M | Scene, ViewLayer | Updating Procedurals
Fra:1 Mem:13.77M (Peak 13.95M) | Time:00:00.00 | Mem:0.00M, Peak:0.00M | Scene, ViewLayer | Updating Background
Fra:1 Mem:13.77M (Peak 13.95M) | Time:00:00.00 | Mem:0.00M, Peak:0.00M | Scene, ViewLayer | Updating Camera
Fra:1 Mem:13.77M (Peak 13.95M) | Time:00:00.00 | Mem:0.00M, Peak:0.00M | Scene, ViewLayer | Updating Meshes Flags
Fra:1 Mem:13.77M (Peak 13.95M) | Time:00:00.00 | Mem:0.00M, Peak:0.00M | Scene, ViewLayer | Updating Objects
Fra:1 Mem:13.77M (Peak 13.95M) | Time:00:00.00 | Mem:0.00M, Peak:0.00M | Scene, ViewLayer | Updating Objects | Copying Transformations to device
Fra:1 Mem:13.77M (Peak 13.95M) | Time:00:00.00 | Mem:0.00M, Peak:0.00M | Scene, ViewLayer | Updating Particle Systems
Fra:1 Mem:13.77M (Peak 13.95M) | Time:00:00.00 | Mem:0.00M, Peak:0.00M | Scene, ViewLayer | Updating Particle Systems | Copying Particles to device
Fra:1 Mem:13.77M (Peak 13.95M) | Time:00:00.00 | Mem:0.00M, Peak:0.00M | Scene, ViewLayer | Updating Meshes
Fra:1 Mem:13.77M (Peak 13.95M) | Time:00:00.00 | Mem:0.00M, Peak:0.00M | Scene, ViewLayer | Updating Objects | Applying Static Transformations
Fra:1 Mem:13.77M (Peak 13.95M) | Time:00:00.00 | Mem:0.00M, Peak:0.00M | Scene, ViewLayer | Updating Mesh | Computing attributes
Fra:1 Mem:13.90M (Peak 13.95M) | Time:00:00.00 | Mem:0.00M, Peak:0.00M | Scene, ViewLayer | Updating Mesh | Copying Attributes to device
Fra:1 Mem:13.90M (Peak 13.95M) | Time:00:00.00 | Mem:0.13M, Peak:0.13M | Scene, ViewLayer | Updating Scene BVH | Building
Fra:1 Mem:13.90M (Peak 13.95M) | Time:00:00.00 | Mem:0.13M, Peak:0.13M | Scene, ViewLayer | Updating Scene BVH | Building BVH
Fra:1 Mem:13.90M (Peak 13.95M) | Time:00:00.00 | Mem:0.21M, Peak:0.21M | Scene, ViewLayer | Updating Scene BVH | Building BVH 0%
Fra:1 Mem:13.90M (Peak 13.95M) | Time:00:00.00 | Mem:0.30M, Peak:0.38M | Scene, ViewLayer | Updating Scene BVH | Copying BVH to device
Fra:1 Mem:13.90M (Peak 13.95M) | Time:00:00.00 | Mem:0.30M, Peak:0.38M | Scene, ViewLayer | Updating Mesh | Computing normals
Fra:1 Mem:13.97M (Peak 13.97M) | Time:00:00.00 | Mem:0.30M, Peak:0.38M | Scene, ViewLayer | Updating Mesh | Copying Mesh to device
Fra:1 Mem:13.97M (Peak 13.97M) | Time:00:00.00 | Mem:0.37M, Peak:0.38M | Scene, ViewLayer | Updating Objects Flags
Fra:1 Mem:13.97M (Peak 13.97M) | Time:00:00.00 | Mem:0.37M, Peak:0.38M | Scene, ViewLayer | Updating Primitive Offsets
Fra:1 Mem:13.97M (Peak 13.97M) | Time:00:00.00 | Mem:0.37M, Peak:0.38M | Scene, ViewLayer | Updating Images
Fra:1 Mem:13.97M (Peak 13.97M) | Time:00:00.00 | Mem:0.37M, Peak:0.38M | Scene, ViewLayer | Updating Camera Volume
Fra:1 Mem:13.97M (Peak 13.97M) | Time:00:00.00 | Mem:0.37M, Peak:0.38M | Scene, ViewLayer | Updating Lookup Tables
Fra:1 Mem:13.97M (Peak 13.97M) | Time:00:00.00 | Mem:0.45M, Peak:0.45M | Scene, ViewLayer | Updating Lights
Fra:1 Mem:13.97M (Peak 13.97M) | Time:00:00.00 | Mem:0.45M, Peak:0.45M | Scene, ViewLayer | Updating Lights | Computing tree
Fra:1 Mem:13.97M (Peak 13.97M) | Time:00:00.00 | Mem:0.45M, Peak:0.45M | Scene, ViewLayer | Updating Integrator
Fra:1 Mem:13.97M (Peak 13.97M) | Time:00:00.00 | Mem:0.45M, Peak:0.45M | Scene, ViewLayer | Updating Film
Fra:1 Mem:13.97M (Peak 13.97M) | Time:00:00.00 | Mem:0.37M, Peak:0.45M | Scene, ViewLayer | Updating Lookup Tables
Fra:1 Mem:13.97M (Peak 13.97M) | Time:00:00.00 | Mem:0.46M, Peak:0.46M | Scene, ViewLayer | Updating Baking
Fra:1 Mem:13.97M (Peak 13.97M) | Time:00:00.00 | Mem:0.46M, Peak:0.46M | Scene, ViewLayer | Updating Device | Writing constant memory
Fra:1 Mem:13.98M (Peak 13.98M) | Time:00:00.00 | Mem:0.46M, Peak:0.46M | Scene, ViewLayer | Loading denoising kernels (may take a few minutes the first time)
Fra:1 Mem:13.98M (Peak 13.98M) | Time:00:00.00 | Mem:0.46M, Peak:0.46M | Scene, ViewLayer | Sample 0/20
Fra:1 Mem:55.77M (Peak 55.77M) | Time:00:00.06 | Remaining:00:01.09 | Mem:42.20M, Peak:42.20M | Scene, ViewLayer | Sample 1/20
Fra:1 Mem:73.35M (Peak 99.72M) | Time:00:04.49 | Mem:42.20M, Peak:42.20M | Scene, ViewLayer | Sample 20/20
Fra:1 Mem:73.35M (Peak 99.72M) | Time:00:04.49 | Mem:42.20M, Peak:42.20M | Scene, ViewLayer | Finished
Saved: '/workspace/scratch/a29d03198654/Aether/cloud-evidence/cloudsea52e-source-v2-20261001T045040Z-0j154s8s/images/sea52e-2-side.png'
Time: 00:04.55 (Saving: 00:00.05)

Fra:1 Mem:13.74M (Peak 13.74M) | Time:00:00.00 | Mem:0.00M, Peak:0.00M | Scene, ViewLayer | Synchronizing object | CloudSea52e_v2_main_ridge
Fra:1 Mem:13.74M (Peak 13.74M) | Time:00:00.00 | Mem:0.00M, Peak:0.00M | Scene, ViewLayer | Synchronizing object | Sun
Fra:1 Mem:13.95M (Peak 13.95M) | Time:00:00.00 | Mem:0.00M, Peak:0.00M | Scene, ViewLayer | Initializing
Fra:1 Mem:13.69M (Peak 13.95M) | Time:00:00.00 | Mem:0.00M, Peak:0.00M | Scene, ViewLayer | Waiting for render to start
Fra:1 Mem:13.69M (Peak 13.95M) | Time:00:00.00 | Mem:0.00M, Peak:0.00M | Scene, ViewLayer | Updating Scene
Fra:1 Mem:13.69M (Peak 13.95M) | Time:00:00.00 | Mem:0.00M, Peak:0.00M | Scene, ViewLayer | Updating Shaders
Fra:1 Mem:13.69M (Peak 13.95M) | Time:00:00.00 | Mem:0.00M, Peak:0.00M | Scene, ViewLayer | Loading render kernels (may take a few minutes the first time)
Fra:1 Mem:13.77M (Peak 13.95M) | Time:00:00.00 | Mem:0.00M, Peak:0.00M | Scene, ViewLayer | Updating Procedurals
Fra:1 Mem:13.77M (Peak 13.95M) | Time:00:00.00 | Mem:0.00M, Peak:0.00M | Scene, ViewLayer | Updating Background
Fra:1 Mem:13.77M (Peak 13.95M) | Time:00:00.00 | Mem:0.00M, Peak:0.00M | Scene, ViewLayer | Updating Camera
Fra:1 Mem:13.77M (Peak 13.95M) | Time:00:00.00 | Mem:0.00M, Peak:0.00M | Scene, ViewLayer | Updating Meshes Flags
Fra:1 Mem:13.77M (Peak 13.95M) | Time:00:00.00 | Mem:0.00M, Peak:0.00M | Scene, ViewLayer | Updating Objects
Fra:1 Mem:13.77M (Peak 13.95M) | Time:00:00.00 | Mem:0.00M, Peak:0.00M | Scene, ViewLayer | Updating Objects | Copying Transformations to device
Fra:1 Mem:13.77M (Peak 13.95M) | Time:00:00.00 | Mem:0.00M, Peak:0.00M | Scene, ViewLayer | Updating Particle Systems
Fra:1 Mem:13.77M (Peak 13.95M) | Time:00:00.00 | Mem:0.00M, Peak:0.00M | Scene, ViewLayer | Updating Particle Systems | Copying Particles to device
Fra:1 Mem:13.77M (Peak 13.95M) | Time:00:00.00 | Mem:0.00M, Peak:0.00M | Scene, ViewLayer | Updating Meshes
Fra:1 Mem:13.77M (Peak 13.95M) | Time:00:00.00 | Mem:0.00M, Peak:0.00M | Scene, ViewLayer | Updating Objects | Applying Static Transformations
Fra:1 Mem:13.77M (Peak 13.95M) | Time:00:00.00 | Mem:0.00M, Peak:0.00M | Scene, ViewLayer | Updating Mesh | Computing attributes
Fra:1 Mem:13.90M (Peak 13.95M) | Time:00:00.00 | Mem:0.00M, Peak:0.00M | Scene, ViewLayer | Updating Mesh | Copying Attributes to device
Fra:1 Mem:13.90M (Peak 13.95M) | Time:00:00.00 | Mem:0.13M, Peak:0.13M | Scene, ViewLayer | Updating Scene BVH | Building
Fra:1 Mem:13.90M (Peak 13.95M) | Time:00:00.00 | Mem:0.13M, Peak:0.13M | Scene, ViewLayer | Updating Scene BVH | Building BVH
Fra:1 Mem:13.90M (Peak 13.95M) | Time:00:00.00 | Mem:0.21M, Peak:0.21M | Scene, ViewLayer | Updating Scene BVH | Building BVH 0%
Fra:1 Mem:13.90M (Peak 13.95M) | Time:00:00.00 | Mem:0.30M, Peak:0.38M | Scene, ViewLayer | Updating Scene BVH | Copying BVH to device
Fra:1 Mem:13.90M (Peak 13.95M) | Time:00:00.00 | Mem:0.30M, Peak:0.38M | Scene, ViewLayer | Updating Mesh | Computing normals
Fra:1 Mem:13.97M (Peak 13.97M) | Time:00:00.00 | Mem:0.30M, Peak:0.38M | Scene, ViewLayer | Updating Mesh | Copying Mesh to device
Fra:1 Mem:13.97M (Peak 13.97M) | Time:00:00.00 | Mem:0.37M, Peak:0.38M | Scene, ViewLayer | Updating Objects Flags
Fra:1 Mem:13.97M (Peak 13.97M) | Time:00:00.00 | Mem:0.37M, Peak:0.38M | Scene, ViewLayer | Updating Primitive Offsets
Fra:1 Mem:13.97M (Peak 13.97M) | Time:00:00.00 | Mem:0.37M, Peak:0.38M | Scene, ViewLayer | Updating Images
Fra:1 Mem:13.97M (Peak 13.97M) | Time:00:00.00 | Mem:0.37M, Peak:0.38M | Scene, ViewLayer | Updating Camera Volume
Fra:1 Mem:13.97M (Peak 13.97M) | Time:00:00.00 | Mem:0.37M, Peak:0.38M | Scene, ViewLayer | Updating Lookup Tables
Fra:1 Mem:13.97M (Peak 13.97M) | Time:00:00.00 | Mem:0.45M, Peak:0.45M | Scene, ViewLayer | Updating Lights
Fra:1 Mem:13.97M (Peak 13.97M) | Time:00:00.00 | Mem:0.45M, Peak:0.45M | Scene, ViewLayer | Updating Lights | Computing tree
Fra:1 Mem:13.97M (Peak 13.97M) | Time:00:00.00 | Mem:0.45M, Peak:0.45M | Scene, ViewLayer | Updating Integrator
Fra:1 Mem:13.97M (Peak 13.97M) | Time:00:00.00 | Mem:0.45M, Peak:0.45M | Scene, ViewLayer | Updating Film
Fra:1 Mem:13.97M (Peak 13.97M) | Time:00:00.00 | Mem:0.37M, Peak:0.45M | Scene, ViewLayer | Updating Lookup Tables
Fra:1 Mem:13.97M (Peak 13.97M) | Time:00:00.00 | Mem:0.46M, Peak:0.46M | Scene, ViewLayer | Updating Baking
Fra:1 Mem:13.97M (Peak 13.97M) | Time:00:00.00 | Mem:0.46M, Peak:0.46M | Scene, ViewLayer | Updating Device | Writing constant memory
Fra:1 Mem:13.98M (Peak 13.98M) | Time:00:00.00 | Mem:0.46M, Peak:0.46M | Scene, ViewLayer | Loading denoising kernels (may take a few minutes the first time)
Fra:1 Mem:13.98M (Peak 13.98M) | Time:00:00.00 | Mem:0.46M, Peak:0.46M | Scene, ViewLayer | Sample 0/20
Fra:1 Mem:55.77M (Peak 55.77M) | Time:00:00.06 | Remaining:00:01.25 | Mem:42.20M, Peak:42.20M | Scene, ViewLayer | Sample 1/20
Fra:1 Mem:73.35M (Peak 99.72M) | Time:00:04.81 | Mem:42.20M, Peak:42.20M | Scene, ViewLayer | Sample 20/20
Fra:1 Mem:73.35M (Peak 99.72M) | Time:00:04.81 | Mem:42.20M, Peak:42.20M | Scene, ViewLayer | Finished
Saved: '/workspace/scratch/a29d03198654/Aether/cloud-evidence/cloudsea52e-source-v2-20261001T045040Z-0j154s8s/images/sea52e-2-underside.png'
Time: 00:04.87 (Saving: 00:00.05)

Fra:1 Mem:13.74M (Peak 13.74M) | Time:00:00.00 | Mem:0.00M, Peak:0.00M | Scene, ViewLayer | Synchronizing object | CloudSea52e_v2_main_ridge
Fra:1 Mem:13.74M (Peak 13.74M) | Time:00:00.00 | Mem:0.00M, Peak:0.00M | Scene, ViewLayer | Synchronizing object | CloudSea52e_v2_low_tail
Fra:1 Mem:13.95M (Peak 13.95M) | Time:00:00.00 | Mem:0.00M, Peak:0.00M | Scene, ViewLayer | Initializing
Fra:1 Mem:13.69M (Peak 13.95M) | Time:00:00.00 | Mem:0.00M, Peak:0.00M | Scene, ViewLayer | Waiting for render to start
Fra:1 Mem:13.69M (Peak 13.95M) | Time:00:00.00 | Mem:0.00M, Peak:0.00M | Scene, ViewLayer | Updating Scene
Fra:1 Mem:13.69M (Peak 13.95M) | Time:00:00.00 | Mem:0.00M, Peak:0.00M | Scene, ViewLayer | Updating Shaders
Fra:1 Mem:13.69M (Peak 13.95M) | Time:00:00.00 | Mem:0.00M, Peak:0.00M | Scene, ViewLayer | Loading render kernels (may take a few minutes the first time)
Fra:1 Mem:13.77M (Peak 13.95M) | Time:00:00.00 | Mem:0.00M, Peak:0.00M | Scene, ViewLayer | Updating Procedurals
Fra:1 Mem:13.77M (Peak 13.95M) | Time:00:00.00 | Mem:0.00M, Peak:0.00M | Scene, ViewLayer | Updating Background
Fra:1 Mem:13.77M (Peak 13.95M) | Time:00:00.00 | Mem:0.00M, Peak:0.00M | Scene, ViewLayer | Updating Camera
Fra:1 Mem:13.77M (Peak 13.95M) | Time:00:00.00 | Mem:0.00M, Peak:0.00M | Scene, ViewLayer | Updating Meshes Flags
Fra:1 Mem:13.77M (Peak 13.95M) | Time:00:00.00 | Mem:0.00M, Peak:0.00M | Scene, ViewLayer | Updating Objects
Fra:1 Mem:13.77M (Peak 13.95M) | Time:00:00.00 | Mem:0.00M, Peak:0.00M | Scene, ViewLayer | Updating Objects | Copying Transformations to device
Fra:1 Mem:13.77M (Peak 13.95M) | Time:00:00.00 | Mem:0.00M, Peak:0.00M | Scene, ViewLayer | Updating Particle Systems
Fra:1 Mem:13.77M (Peak 13.95M) | Time:00:00.00 | Mem:0.00M, Peak:0.00M | Scene, ViewLayer | Updating Particle Systems | Copying Particles to device
Fra:1 Mem:13.77M (Peak 13.95M) | Time:00:00.00 | Mem:0.00M, Peak:0.00M | Scene, ViewLayer | Updating Meshes
Fra:1 Mem:13.77M (Peak 13.95M) | Time:00:00.00 | Mem:0.00M, Peak:0.00M | Scene, ViewLayer | Updating Objects | Applying Static Transformations
Fra:1 Mem:13.77M (Peak 13.95M) | Time:00:00.00 | Mem:0.00M, Peak:0.00M | Scene, ViewLayer | Updating Mesh | Computing attributes
Fra:1 Mem:13.90M (Peak 13.95M) | Time:00:00.00 | Mem:0.00M, Peak:0.00M | Scene, ViewLayer | Updating Mesh | Copying Attributes to device
Fra:1 Mem:13.90M (Peak 13.95M) | Time:00:00.00 | Mem:0.13M, Peak:0.13M | Scene, ViewLayer | Updating Scene BVH | Building
Fra:1 Mem:13.90M (Peak 13.95M) | Time:00:00.00 | Mem:0.13M, Peak:0.13M | Scene, ViewLayer | Updating Scene BVH | Building BVH
Fra:1 Mem:13.90M (Peak 13.95M) | Time:00:00.00 | Mem:0.21M, Peak:0.21M | Scene, ViewLayer | Updating Scene BVH | Building BVH 0%
Fra:1 Mem:13.90M (Peak 13.95M) | Time:00:00.00 | Mem:0.30M, Peak:0.38M | Scene, ViewLayer | Updating Scene BVH | Copying BVH to device
Fra:1 Mem:13.90M (Peak 13.95M) | Time:00:00.00 | Mem:0.30M, Peak:0.38M | Scene, ViewLayer | Updating Mesh | Computing normals
Fra:1 Mem:13.97M (Peak 13.97M) | Time:00:00.00 | Mem:0.30M, Peak:0.38M | Scene, ViewLayer | Updating Mesh | Copying Mesh to device
Fra:1 Mem:13.97M (Peak 13.97M) | Time:00:00.00 | Mem:0.37M, Peak:0.38M | Scene, ViewLayer | Updating Objects Flags
Fra:1 Mem:13.97M (Peak 13.97M) | Time:00:00.00 | Mem:0.37M, Peak:0.38M | Scene, ViewLayer | Updating Primitive Offsets
Fra:1 Mem:13.97M (Peak 13.97M) | Time:00:00.00 | Mem:0.37M, Peak:0.38M | Scene, ViewLayer | Updating Images
Fra:1 Mem:13.97M (Peak 13.97M) | Time:00:00.00 | Mem:0.37M, Peak:0.38M | Scene, ViewLayer | Updating Camera Volume
Fra:1 Mem:13.97M (Peak 13.97M) | Time:00:00.00 | Mem:0.37M, Peak:0.38M | Scene, ViewLayer | Updating Lookup Tables
Fra:1 Mem:13.97M (Peak 13.97M) | Time:00:00.00 | Mem:0.45M, Peak:0.45M | Scene, ViewLayer | Updating Lights
Fra:1 Mem:13.97M (Peak 13.97M) | Time:00:00.00 | Mem:0.45M, Peak:0.45M | Scene, ViewLayer | Updating Lights | Computing tree
Fra:1 Mem:13.97M (Peak 13.97M) | Time:00:00.00 | Mem:0.45M, Peak:0.45M | Scene, ViewLayer | Updating Integrator
Fra:1 Mem:13.97M (Peak 13.97M) | Time:00:00.00 | Mem:0.45M, Peak:0.45M | Scene, ViewLayer | Updating Film
Fra:1 Mem:13.97M (Peak 13.97M) | Time:00:00.00 | Mem:0.37M, Peak:0.45M | Scene, ViewLayer | Updating Lookup Tables
Fra:1 Mem:13.97M (Peak 13.97M) | Time:00:00.00 | Mem:0.46M, Peak:0.46M | Scene, ViewLayer | Updating Baking
Fra:1 Mem:13.97M (Peak 13.97M) | Time:00:00.00 | Mem:0.46M, Peak:0.46M | Scene, ViewLayer | Updating Device | Writing constant memory
Fra:1 Mem:13.98M (Peak 13.98M) | Time:00:00.00 | Mem:0.46M, Peak:0.46M | Scene, ViewLayer | Loading denoising kernels (may take a few minutes the first time)
Fra:1 Mem:13.98M (Peak 13.98M) | Time:00:00.00 | Mem:0.46M, Peak:0.46M | Scene, ViewLayer | Sample 0/20
Fra:1 Mem:55.77M (Peak 55.77M) | Time:00:00.09 | Remaining:00:01.74 | Mem:42.20M, Peak:42.20M | Scene, ViewLayer | Sample 1/20
Fra:1 Mem:73.35M (Peak 99.72M) | Time:00:05.38 | Mem:42.20M, Peak:42.20M | Scene, ViewLayer | Sample 20/20
Fra:1 Mem:73.35M (Peak 99.72M) | Time:00:05.38 | Mem:42.20M, Peak:42.20M | Scene, ViewLayer | Finished
Saved: '/workspace/scratch/a29d03198654/Aether/cloud-evidence/cloudsea52e-source-v2-20261001T045040Z-0j154s8s/images/sea52e-2-top.png'
Time: 00:05.45 (Saving: 00:00.06)


Blender quit
