Godot Engine v4.5.1.stable.official.f62fdbde1 - https://godotengine.org
OpenGL API 4.5 (Core Profile) Mesa 25.0.7-2+deb13u1 - Compatibility - Using Device: Mesa - llvmpipe (LLVM 19.1.7, 256 bits)

WORLD READY: 208 independent terrain scenes, 54797 saved scatter instances, 169 scene landmarks, 6 scene ports
PASS 208 authored terrain tiles retained
PASS Authored scatter count retained
PASS Persisted weather buffer Rain
PASS Persisted weather buffer Snow
PASS Observation camera collision-free boot-controller-original
PASS Rendered image saved boot-controller-original
PASS Unique reference 1278
PASS Same world and environment 1278
PASS Observation camera collision-free reference-1278
PASS Rendered image saved reference-1278
PASS Unique reference 1216
PASS Same world and environment 1216
PASS Observation camera collision-free reference-1216
PASS Rendered image saved reference-1216
PASS Selected overview states 1216/1278 captured; not complete reference coverage
PASS Saved source scene unchanged
PASS Project default unchanged
CURRENT49 OVERVIEW COMPLETE true All captured; visual review and hardware GPU validation remain pending
