{
  "status": "Geometry validation only; visual review pending",
  "part": {
    "name": "CloudSea52g_c_v0_main_crown",
    "vertices": 1102,
    "triangles": 2200,
    "bounds_blender_xyz": [
      [
        -706.3761596679688,
        -625.3018188476562,
        -30.0
      ],
      [
        41.208866119384766,
        -71.82939910888672,
        350.0
      ]
    ],
    "boundary_edges": 0,
    "nonmanifold_edges": 0,
    "components": [
      1102
    ],
    "signed_volume": 49909791.38837975,
    "zero_area_triangles": 0,
    "nonadjacent_triangle_intersections": 0,
    "intersection_pairs": [],
    "triangle_aspect_over_20": 0,
    "triangle_aspect_max": 17.186112881927247
  },
  "axis_mapping": "Blender(x,y,z) -> glTF/Godot(x,z,-y)",
  "axis_error_m": 0.0,
  "attributes": [
    "POSITION",
    "NORMAL",
    "COLOR_0"
  ],
  "editable_control_volume_meshes": 6,
  "editable_region_reference_handles": 0,
  "visual_acceptance": false
}
Blender 4.5.14 LTS (hash 62c1db4208e8 built 2026-09-15 01:31:19)
Read blend: "/workspace/scratch/a29d03198654/Aether/source-assets/cloud-sea52g/revision-c/cloud_sea52g_c_main.blend"

Blender quit
