17:41:30 | INFO: Data are loaded, start creating Blender stuff
17:41:30 | INFO: Blender create Mesh node M_main_native_control.001
17:41:30 | INFO: glTF import finished in 0.01s
{
  "geometry_and_native_readback_passed": true,
  "variants": [
    {
      "name": "CloudSea52hC_v0_main_crown",
      "vertices": 938,
      "triangles": 1872,
      "boundary_edges": 0,
      "nonmanifold_edges": 0,
      "components": [
        938
      ],
      "signed_volume_m3": 44671766.17185955,
      "nonadjacent_triangle_intersections": 0,
      "intersection_pairs": [],
      "zero_area_triangles": 0,
      "triangle_aspect_over20": 0,
      "triangle_aspect_max": 3.5025514750078344,
      "bounds_blender_xyz": [
        [
          -710.5014038085938,
          -597.1937866210938,
          -26.57166290283203
        ],
        [
          -28.84033203125,
          -84.25160217285156,
          367.4417724609375
        ]
      ],
      "dimensions_m": [
        681.6610717773438,
        512.9421844482422,
        394.01343536376953
      ],
      "native_GLBlender_readback": {
        "max_vertex_error_m": 0.0,
        "all_oriented_triangle_correspondence_exact": true,
        "triangles": 1872,
        "axis_bounds_error_m": 0.0,
        "attributes": [
          "POSITION",
          "NORMAL",
          "COLOR_0"
        ]
      },
      "passed": true
    }
  ],
  "authored_controls": [
    {
      "name": "CAGE52hC_M_main",
      "vertices": 21,
      "triangles": 38,
      "boundary_edges": 0,
      "nonmanifold_edges": 0,
      "components": [
        21
      ],
      "signed_volume_m3": 33661571.55532837,
      "nonadjacent_triangle_intersections": 0,
      "intersection_pairs": [],
      "zero_area_triangles": 0,
      "triangle_aspect_over20": 0,
      "triangle_aspect_max": 4.492707015435046,
      "bounds_blender_xyz": [
        [
          -710.0,
          -595.2000122070312,
          -30.0
        ],
        [
          -200.0,
          -141.60000610351562,
          340.0
        ]
      ],
      "dimensions_m": [
        510.0,
        453.6000061035156,
        370.0
      ],
      "coordinate_error_m": 0.0
    },
    {
      "name": "CAGE52hC_S_medium_rear_oblique",
      "vertices": 15,
      "triangles": 26,
      "boundary_edges": 0,
      "nonmanifold_edges": 0,
      "components": [
        15
      ],
      "signed_volume_m3": 8997284.920555115,
      "nonadjacent_triangle_intersections": 0,
      "intersection_pairs": [],
      "zero_area_triangles": 0,
      "triangle_aspect_over20": 0,
      "triangle_aspect_max": 8.239722658396571,
      "bounds_blender_xyz": [
        [
          -446.0,
          -360.0,
          20.0
        ],
        [
          -14.0,
          -85.5999984741211,
          265.0
        ]
      ],
      "dimensions_m": [
        432.0,
        274.4000015258789,
        245.0
      ],
      "coordinate_error_m": 0.0
    },
    {
      "name": "CAGE52hC_T_small_front_fold",
      "vertices": 12,
      "triangles": 20,
      "boundary_edges": 0,
      "nonmanifold_edges": 0,
      "components": [
        12
      ],
      "signed_volume_m3": 3522080.778137206,
      "nonadjacent_triangle_intersections": 0,
      "intersection_pairs": [],
      "zero_area_triangles": 0,
      "triangle_aspect_over20": 0,
      "triangle_aspect_max": 3.379520607090916,
      "bounds_blender_xyz": [
        [
          -386.0,
          -572.7999877929688,
          15.0
        ],
        [
          -98.0,
          -348.79998779296875,
          192.0
        ]
      ],
      "dimensions_m": [
        288.0,
        224.0,
        177.0
      ],
      "coordinate_error_m": 0.0
    },
    {
      "name": "CAGE52hC_P1_main_front_left",
      "vertices": 13,
      "triangles": 22,
      "boundary_edges": 0,
      "nonmanifold_edges": 0,
      "components": [
        13
      ],
      "signed_volume_m3": 823540.7119134461,
      "nonadjacent_triangle_intersections": 0,
      "intersection_pairs": [],
      "zero_area_triangles": 0,
      "triangle_aspect_over20": 0,
      "triangle_aspect_max": 4.608956273078105,
      "bounds_blender_xyz": [
        [
          -611.8560791015625,
          -606.5369873046875,
          138.441162109375
        ],
        [
          -460.76025390625,
          -478.0714111328125,
          266.7908020019531
        ]
      ],
      "dimensions_m": [
        151.0958251953125,
        128.465576171875,
        128.34963989257812
      ],
      "coordinate_error_m": 0.0
    },
    {
      "name": "CAGE52hC_P2_main_front_upper",
      "vertices": 12,
      "triangles": 20,
      "boundary_edges": 0,
      "nonmanifold_edges": 0,
      "components": [
        12
      ],
      "signed_volume_m3": 611809.5452044039,
      "nonadjacent_triangle_intersections": 0,
      "intersection_pairs": [],
      "zero_area_triangles": 0,
      "triangle_aspect_over20": 0,
      "triangle_aspect_max": 2.168768635619452,
      "bounds_blender_xyz": [
        [
          -442.4397888183594,
          -559.4071655273438,
          229.68836975097656
        ],
        [
          -308.58258056640625,
          -437.1875915527344,
          333.2523193359375
        ]
      ],
      "dimensions_m": [
        133.85720825195312,
        122.21957397460938,
        103.56394958496094
      ],
      "coordinate_error_m": 0.0
    },
    {
      "name": "CAGE52hC_P3_main_top_offset",
      "vertices": 13,
      "triangles": 22,
      "boundary_edges": 0,
      "nonmanifold_edges": 0,
      "components": [
        13
      ],
      "signed_volume_m3": 480000.3945497134,
      "nonadjacent_triangle_intersections": 0,
      "intersection_pairs": [],
      "zero_area_triangles": 0,
      "triangle_aspect_over20": 0,
      "triangle_aspect_max": 2.8753566723949158,
      "bounds_blender_xyz": [
        [
          -515.8633422851562,
          -362.81597900390625,
          290.6286926269531
        ],
        [
          -384.17236328125,
          -233.088623046875,
          374.2928771972656
        ]
      ],
      "dimensions_m": [
        131.69097900390625,
        129.72735595703125,
        83.6641845703125
      ],
      "coordinate_error_m": 0.0
    },
    {
      "name": "CAGE52hC_P4_main_outer_left",
      "vertices": 12,
      "triangles": 20,
      "boundary_edges": 0,
      "nonmanifold_edges": 0,
      "components": [
        12
      ],
      "signed_volume_m3": 618356.6511616695,
      "nonadjacent_triangle_intersections": 0,
      "intersection_pairs": [],
      "zero_area_triangles": 0,
      "triangle_aspect_over20": 0,
      "triangle_aspect_max": 2.624837784097611,
      "bounds_blender_xyz": [
        [
          -723.7572631835938,
          -405.9908752441406,
          140.24815368652344
        ],
        [
          -584.1832885742188,
          -284.1952209472656,
          236.5548553466797
        ]
      ],
      "dimensions_m": [
        139.573974609375,
        121.795654296875,
        96.30670166015625
      ],
      "coordinate_error_m": 0.0
    },
    {
      "name": "CAGE52hC_P5_main_rear_short",
      "vertices": 13,
      "triangles": 22,
      "boundary_edges": 0,
      "nonmanifold_edges": 0,
      "components": [
        13
      ],
      "signed_volume_m3": 597656.2506428844,
      "nonadjacent_triangle_intersections": 0,
      "intersection_pairs": [],
      "zero_area_triangles": 0,
      "triangle_aspect_over20": 0,
      "triangle_aspect_max": 4.4674859950289765,
      "bounds_blender_xyz": [
        [
          -485.1962890625,
          -248.33895874023438,
          159.63658142089844
        ],
        [
          -363.96539306640625,
          -123.49786376953125,
          266.4026184082031
        ]
      ],
      "dimensions_m": [
        121.23089599609375,
        124.84109497070312,
        106.76603698730469
      ],
      "coordinate_error_m": 0.0
    },
    {
      "name": "CAGE52hC_P6_medium_forward",
      "vertices": 13,
      "triangles": 22,
      "boundary_edges": 0,
      "nonmanifold_edges": 0,
      "components": [
        13
      ],
      "signed_volume_m3": 219185.14144218375,
      "nonadjacent_triangle_intersections": 0,
      "intersection_pairs": [],
      "zero_area_triangles": 0,
      "triangle_aspect_over20": 0,
      "triangle_aspect_max": 2.8153149979123486,
      "bounds_blender_xyz": [
        [
          -194.8793182373047,
          -305.40081787109375,
          195.7171630859375
        ],
        [
          -89.8322982788086,
          -219.79380798339844,
          262.2354736328125
        ]
      ],
      "dimensions_m": [
        105.0470199584961,
        85.60700988769531,
        66.518310546875
      ],
      "coordinate_error_m": 0.0
    },
    {
      "name": "CAGE52hC_P7_medium_rear",
      "vertices": 12,
      "triangles": 20,
      "boundary_edges": 0,
      "nonmanifold_edges": 0,
      "components": [
        12
      ],
      "signed_volume_m3": 232681.22526951393,
      "nonadjacent_triangle_intersections": 0,
      "intersection_pairs": [],
      "zero_area_triangles": 0,
      "triangle_aspect_over20": 0,
      "triangle_aspect_max": 2.5612984223688033,
      "bounds_blender_xyz": [
        [
          -249.09527587890625,
          -163.4930877685547,
          113.49392700195312
        ],
        [
          -160.25741577148438,
          -76.42894744873047,
          208.33673095703125
        ]
      ],
      "dimensions_m": [
        88.83786010742188,
        87.06414031982422,
        94.84280395507812
      ],
      "coordinate_error_m": 0.0
    },
    {
      "name": "CAGE52hC_P8_small_outer",
      "vertices": 13,
      "triangles": 22,
      "boundary_edges": 0,
      "nonmanifold_edges": 0,
      "components": [
        13
      ],
      "signed_volume_m3": 115718.84827157596,
      "nonadjacent_triangle_intersections": 0,
      "intersection_pairs": [],
      "zero_area_triangles": 0,
      "triangle_aspect_over20": 0,
      "triangle_aspect_max": 3.3909302715065106,
      "bounds_blender_xyz": [
        [
          -209.35507202148438,
          -533.3568115234375,
          120.91710662841797
        ],
        [
          -138.2760009765625,
          -461.15386962890625,
          188.96018981933594
        ]
      ],
      "dimensions_m": [
        71.07907104492188,
        72.20294189453125,
        68.04308319091797
      ],
      "coordinate_error_m": 0.0
    }
  ],
  "source_sha256": {
    "cloud_sea52h_c.blend": "e6228be76ca5d5c81ae767d8e46872cb6801d1bc8eeaa5b2d3ff3f9b539181c6",
    "cloud_sea_52h_c_main_v0.glb": "c97089c811a7fd39c967d2964327362354533c2ef15e9de17e3fcee5c7717071"
  },
  "visual_acceptance": false,
  "world_modified": false,
  "rendered": false
}
Blender 4.5.14 LTS (hash 62c1db4208e8 built 2026-09-15 01:31:19)
Read blend: "/workspace/scratch/a29d03198654/Aether/source-assets/cloud-sea52h-revision-c/cloud_sea52h_c.blend"

Blender quit
