{
  "closed_continuous_controls_passed": true,
  "controls": [
    {
      "name": "CONTROL52hC_exact_positive_union",
      "vertices": 257,
      "triangles": 510,
      "components": [
        257
      ],
      "boundary_edges": 0,
      "nonmanifold_edges": 0,
      "nonadjacent_triangle_intersections": 0,
      "zero_area_triangles": 0
    },
    {
      "name": "CONTROL52hC_continuous_medium_fold_surface",
      "vertices": 12386,
      "triangles": 24768,
      "components": [
        12386
      ],
      "boundary_edges": 0,
      "nonmanifold_edges": 0,
      "nonadjacent_triangle_intersections": 0,
      "zero_area_triangles": 0
    }
  ]
}
Blender 4.5.14 LTS (hash 62c1db4208e8 built 2026-09-15 01:31:19)
Read blend: "/workspace/scratch/a29d03198654/Aether/source-assets/cloud-sea52h-revision-c/cloud_sea52h_c.blend"

Blender quit
