Blender 4.5.14 LTS (hash 62c1db4208e8 built 2026-09-15 01:31:19)
Read blend: "/workspace/scratch/a29d03198654/Aether/source-assets/cloud-bank58/cloud_bank58.blend"
Fra:1 Mem:11.89M (Peak 11.89M) | Time:00:00.00 | Mem:0.00M, Peak:0.00M | Scene, ViewLayer | Synchronizing object | CloudBank58_four_root_continuous_volume
Fra:1 Mem:11.89M (Peak 11.89M) | Time:00:00.00 | Mem:0.00M, Peak:0.00M | Scene, ViewLayer | Synchronizing object | Sun
Fra:1 Mem:11.89M (Peak 11.89M) | Time:00:00.00 | Mem:0.00M, Peak:0.00M | Scene, ViewLayer | Synchronizing object | CloudBank58_upper_far_veil
Fra:1 Mem:12.19M (Peak 12.19M) | Time:00:00.00 | Mem:0.00M, Peak:0.00M | Scene, ViewLayer | Synchronizing object | CloudBank58_upper_east_layer
Fra:1 Mem:12.34M (Peak 12.34M) | Time:00:00.00 | Mem:0.00M, Peak:0.00M | Scene, ViewLayer | Synchronizing object | CloudBank58_upper_west_layer
Fra:1 Mem:12.80M (Peak 12.80M) | Time:00:00.00 | Mem:0.00M, Peak:0.00M | Scene, ViewLayer | Initializing
Fra:1 Mem:12.52M (Peak 12.80M) | Time:00:00.00 | Mem:0.00M, Peak:0.00M | Scene, ViewLayer | Waiting for render to start
Fra:1 Mem:12.52M (Peak 12.80M) | Time:00:00.00 | Mem:0.00M, Peak:0.00M | Scene, ViewLayer | Updating Scene
Fra:1 Mem:12.52M (Peak 12.80M) | Time:00:00.00 | Mem:0.00M, Peak:0.00M | Scene, ViewLayer | Updating Shaders
Fra:1 Mem:12.52M (Peak 12.80M) | Time:00:00.00 | Mem:0.00M, Peak:0.00M | Scene, ViewLayer | Loading render kernels (may take a few minutes the first time)
Fra:1 Mem:12.60M (Peak 12.80M) | Time:00:00.00 | Mem:0.00M, Peak:0.00M | Scene, ViewLayer | Updating Procedurals
Fra:1 Mem:12.60M (Peak 12.80M) | Time:00:00.00 | Mem:0.00M, Peak:0.00M | Scene, ViewLayer | Updating Background
Fra:1 Mem:12.60M (Peak 12.80M) | Time:00:00.00 | Mem:0.00M, Peak:0.00M | Scene, ViewLayer | Updating Camera
Fra:1 Mem:12.60M (Peak 12.80M) | Time:00:00.00 | Mem:0.00M, Peak:0.00M | Scene, ViewLayer | Updating Meshes Flags
Fra:1 Mem:12.60M (Peak 12.80M) | Time:00:00.00 | Mem:0.00M, Peak:0.00M | Scene, ViewLayer | Updating Objects
Fra:1 Mem:12.60M (Peak 12.80M) | Time:00:00.00 | Mem:0.00M, Peak:0.00M | Scene, ViewLayer | Updating Objects | Copying Transformations to device
Fra:1 Mem:12.60M (Peak 12.80M) | Time:00:00.00 | Mem:0.00M, Peak:0.00M | Scene, ViewLayer | Updating Particle Systems
Fra:1 Mem:12.60M (Peak 12.80M) | Time:00:00.00 | Mem:0.00M, Peak:0.00M | Scene, ViewLayer | Updating Particle Systems | Copying Particles to device
Fra:1 Mem:12.60M (Peak 12.80M) | Time:00:00.00 | Mem:0.00M, Peak:0.00M | Scene, ViewLayer | Updating Meshes
Fra:1 Mem:12.60M (Peak 12.80M) | Time:00:00.00 | Mem:0.00M, Peak:0.00M | Scene, ViewLayer | Updating Objects | Applying Static Transformations
Fra:1 Mem:12.60M (Peak 12.80M) | Time:00:00.00 | Mem:0.00M, Peak:0.00M | Scene, ViewLayer | Updating Mesh | Computing attributes
Fra:1 Mem:12.96M (Peak 12.96M) | Time:00:00.00 | Mem:0.00M, Peak:0.00M | Scene, ViewLayer | Updating Mesh | Copying Attributes to device
Fra:1 Mem:12.96M (Peak 12.96M) | Time:00:00.00 | Mem:0.36M, Peak:0.36M | Scene, ViewLayer | Updating Scene BVH | Building
Fra:1 Mem:12.96M (Peak 12.96M) | Time:00:00.00 | Mem:0.36M, Peak:0.36M | Scene, ViewLayer | Updating Scene BVH | Building BVH
Fra:1 Mem:12.96M (Peak 12.96M) | Time:00:00.00 | Mem:0.57M, Peak:0.57M | Scene, ViewLayer | Updating Scene BVH | Building BVH 0%
Fra:1 Mem:12.96M (Peak 12.96M) | Time:00:00.00 | Mem:0.81M, Peak:1.02M | Scene, ViewLayer | Updating Scene BVH | Copying BVH to device
Fra:1 Mem:12.96M (Peak 12.96M) | Time:00:00.00 | Mem:0.81M, Peak:1.02M | Scene, ViewLayer | Updating Mesh | Computing normals
Fra:1 Mem:13.15M (Peak 13.15M) | Time:00:00.00 | Mem:0.81M, Peak:1.02M | Scene, ViewLayer | Updating Mesh | Copying Mesh to device
Fra:1 Mem:13.15M (Peak 13.15M) | Time:00:00.00 | Mem:0.99M, Peak:1.02M | Scene, ViewLayer | Updating Objects Flags
Fra:1 Mem:13.15M (Peak 13.15M) | Time:00:00.00 | Mem:0.99M, Peak:1.02M | Scene, ViewLayer | Updating Primitive Offsets
Fra:1 Mem:13.15M (Peak 13.15M) | Time:00:00.00 | Mem:0.99M, Peak:1.02M | Scene, ViewLayer | Updating Images
Fra:1 Mem:13.15M (Peak 13.15M) | Time:00:00.00 | Mem:0.99M, Peak:1.02M | Scene, ViewLayer | Updating Camera Volume
Fra:1 Mem:13.15M (Peak 13.15M) | Time:00:00.00 | Mem:0.99M, Peak:1.02M | Scene, ViewLayer | Updating Lookup Tables
Fra:1 Mem:13.15M (Peak 13.15M) | Time:00:00.00 | Mem:1.08M, Peak:1.08M | Scene, ViewLayer | Updating Lights
Fra:1 Mem:13.15M (Peak 13.15M) | Time:00:00.00 | Mem:1.08M, Peak:1.08M | Scene, ViewLayer | Updating Lights | Computing tree
Fra:1 Mem:13.15M (Peak 13.15M) | Time:00:00.00 | Mem:1.08M, Peak:1.08M | Scene, ViewLayer | Updating Integrator
Fra:1 Mem:13.15M (Peak 13.15M) | Time:00:00.00 | Mem:1.08M, Peak:1.08M | Scene, ViewLayer | Updating Film
Fra:1 Mem:13.15M (Peak 13.15M) | Time:00:00.00 | Mem:1.00M, Peak:1.08M | Scene, ViewLayer | Updating Lookup Tables
Fra:1 Mem:13.15M (Peak 13.15M) | Time:00:00.00 | Mem:1.08M, Peak:1.08M | Scene, ViewLayer | Updating Baking
Fra:1 Mem:13.15M (Peak 13.15M) | Time:00:00.00 | Mem:1.08M, Peak:1.08M | Scene, ViewLayer | Updating Device | Writing constant memory
Fra:1 Mem:13.16M (Peak 13.16M) | Time:00:00.00 | Mem:1.08M, Peak:1.08M | Scene, ViewLayer | Loading denoising kernels (may take a few minutes the first time)
Fra:1 Mem:13.16M (Peak 13.16M) | Time:00:00.00 | Mem:1.08M, Peak:1.08M | Scene, ViewLayer | Sample 0/16
Fra:1 Mem:63.91M (Peak 63.91M) | Time:00:00.28 | Remaining:00:04.18 | Mem:51.82M, Peak:51.82M | Scene, ViewLayer | Sample 1/16
Fra:1 Mem:85.28M (Peak 117.32M) | Time:00:12.04 | Mem:51.82M, Peak:51.82M | Scene, ViewLayer | Sample 16/16
Fra:1 Mem:85.28M (Peak 117.32M) | Time:00:12.04 | Mem:51.82M, Peak:51.82M | Scene, ViewLayer | Finished
Saved: '/workspace/scratch/a29d03198654/Aether/cloud-evidence/cloudbank58-source-preview-20261001T105910Z-5ogxmtfo/images/cloudbank58-front.png'
Time: 00:12.18 (Saving: 00:00.14)

Fra:1 Mem:12.21M (Peak 12.21M) | Time:00:00.00 | Mem:0.00M, Peak:0.00M | Scene, ViewLayer | Synchronizing object | CloudBank58_four_root_continuous_volume
Fra:1 Mem:12.21M (Peak 12.21M) | Time:00:00.00 | Mem:0.00M, Peak:0.00M | Scene, ViewLayer | Synchronizing object | Sun
Fra:1 Mem:12.21M (Peak 12.21M) | Time:00:00.00 | Mem:0.00M, Peak:0.00M | Scene, ViewLayer | Synchronizing object | CloudBank58_upper_far_veil
Fra:1 Mem:12.48M (Peak 12.48M) | Time:00:00.00 | Mem:0.00M, Peak:0.00M | Scene, ViewLayer | Synchronizing object | CloudBank58_upper_east_layer
Fra:1 Mem:12.78M (Peak 12.78M) | Time:00:00.00 | Mem:0.00M, Peak:0.00M | Scene, ViewLayer | Synchronizing object | CloudBank58_upper_west_layer
Fra:1 Mem:12.81M (Peak 12.81M) | Time:00:00.00 | Mem:0.00M, Peak:0.00M | Scene, ViewLayer | Initializing
Fra:1 Mem:12.52M (Peak 12.81M) | Time:00:00.00 | Mem:0.00M, Peak:0.00M | Scene, ViewLayer | Waiting for render to start
Fra:1 Mem:12.52M (Peak 12.81M) | Time:00:00.00 | Mem:0.00M, Peak:0.00M | Scene, ViewLayer | Updating Scene
Fra:1 Mem:12.52M (Peak 12.81M) | Time:00:00.00 | Mem:0.00M, Peak:0.00M | Scene, ViewLayer | Updating Shaders
Fra:1 Mem:12.52M (Peak 12.81M) | Time:00:00.00 | Mem:0.00M, Peak:0.00M | Scene, ViewLayer | Loading render kernels (may take a few minutes the first time)
Fra:1 Mem:12.60M (Peak 12.81M) | Time:00:00.00 | Mem:0.00M, Peak:0.00M | Scene, ViewLayer | Updating Procedurals
Fra:1 Mem:12.60M (Peak 12.81M) | Time:00:00.00 | Mem:0.00M, Peak:0.00M | Scene, ViewLayer | Updating Background
Fra:1 Mem:12.60M (Peak 12.81M) | Time:00:00.00 | Mem:0.00M, Peak:0.00M | Scene, ViewLayer | Updating Camera
Fra:1 Mem:12.60M (Peak 12.81M) | Time:00:00.00 | Mem:0.00M, Peak:0.00M | Scene, ViewLayer | Updating Meshes Flags
Fra:1 Mem:12.60M (Peak 12.81M) | Time:00:00.00 | Mem:0.00M, Peak:0.00M | Scene, ViewLayer | Updating Objects
Fra:1 Mem:12.60M (Peak 12.81M) | Time:00:00.00 | Mem:0.00M, Peak:0.00M | Scene, ViewLayer | Updating Objects | Copying Transformations to device
Fra:1 Mem:12.60M (Peak 12.81M) | Time:00:00.00 | Mem:0.00M, Peak:0.00M | Scene, ViewLayer | Updating Particle Systems
Fra:1 Mem:12.60M (Peak 12.81M) | Time:00:00.00 | Mem:0.00M, Peak:0.00M | Scene, ViewLayer | Updating Particle Systems | Copying Particles to device
Fra:1 Mem:12.60M (Peak 12.81M) | Time:00:00.00 | Mem:0.00M, Peak:0.00M | Scene, ViewLayer | Updating Meshes
Fra:1 Mem:12.60M (Peak 12.81M) | Time:00:00.00 | Mem:0.00M, Peak:0.00M | Scene, ViewLayer | Updating Objects | Applying Static Transformations
Fra:1 Mem:12.60M (Peak 12.81M) | Time:00:00.00 | Mem:0.00M, Peak:0.00M | Scene, ViewLayer | Updating Mesh | Computing attributes
Fra:1 Mem:12.96M (Peak 12.96M) | Time:00:00.00 | Mem:0.00M, Peak:0.00M | Scene, ViewLayer | Updating Mesh | Copying Attributes to device
Fra:1 Mem:12.96M (Peak 12.96M) | Time:00:00.00 | Mem:0.36M, Peak:0.36M | Scene, ViewLayer | Updating Scene BVH | Building
Fra:1 Mem:12.96M (Peak 12.96M) | Time:00:00.00 | Mem:0.36M, Peak:0.36M | Scene, ViewLayer | Updating Scene BVH | Building BVH
Fra:1 Mem:12.96M (Peak 12.96M) | Time:00:00.00 | Mem:0.57M, Peak:0.57M | Scene, ViewLayer | Updating Scene BVH | Building BVH 0%
Fra:1 Mem:12.96M (Peak 12.96M) | Time:00:00.00 | Mem:0.81M, Peak:1.02M | Scene, ViewLayer | Updating Scene BVH | Copying BVH to device
Fra:1 Mem:12.96M (Peak 12.96M) | Time:00:00.00 | Mem:0.81M, Peak:1.02M | Scene, ViewLayer | Updating Mesh | Computing normals
Fra:1 Mem:13.15M (Peak 13.15M) | Time:00:00.00 | Mem:0.81M, Peak:1.02M | Scene, ViewLayer | Updating Mesh | Copying Mesh to device
Fra:1 Mem:13.15M (Peak 13.15M) | Time:00:00.00 | Mem:0.99M, Peak:1.02M | Scene, ViewLayer | Updating Objects Flags
Fra:1 Mem:13.15M (Peak 13.15M) | Time:00:00.00 | Mem:0.99M, Peak:1.02M | Scene, ViewLayer | Updating Primitive Offsets
Fra:1 Mem:13.15M (Peak 13.15M) | Time:00:00.00 | Mem:0.99M, Peak:1.02M | Scene, ViewLayer | Updating Images
Fra:1 Mem:13.15M (Peak 13.15M) | Time:00:00.00 | Mem:0.99M, Peak:1.02M | Scene, ViewLayer | Updating Camera Volume
Fra:1 Mem:13.15M (Peak 13.15M) | Time:00:00.00 | Mem:0.99M, Peak:1.02M | Scene, ViewLayer | Updating Lookup Tables
Fra:1 Mem:13.15M (Peak 13.15M) | Time:00:00.00 | Mem:1.08M, Peak:1.08M | Scene, ViewLayer | Updating Lights
Fra:1 Mem:13.15M (Peak 13.15M) | Time:00:00.00 | Mem:1.08M, Peak:1.08M | Scene, ViewLayer | Updating Lights | Computing tree
Fra:1 Mem:13.15M (Peak 13.15M) | Time:00:00.00 | Mem:1.08M, Peak:1.08M | Scene, ViewLayer | Updating Integrator
Fra:1 Mem:13.15M (Peak 13.15M) | Time:00:00.00 | Mem:1.08M, Peak:1.08M | Scene, ViewLayer | Updating Film
Fra:1 Mem:13.15M (Peak 13.15M) | Time:00:00.00 | Mem:1.00M, Peak:1.08M | Scene, ViewLayer | Updating Lookup Tables
Fra:1 Mem:13.15M (Peak 13.15M) | Time:00:00.00 | Mem:1.08M, Peak:1.08M | Scene, ViewLayer | Updating Baking
Fra:1 Mem:13.15M (Peak 13.15M) | Time:00:00.00 | Mem:1.08M, Peak:1.08M | Scene, ViewLayer | Updating Device | Writing constant memory
Fra:1 Mem:13.16M (Peak 13.16M) | Time:00:00.00 | Mem:1.08M, Peak:1.08M | Scene, ViewLayer | Loading denoising kernels (may take a few minutes the first time)
Fra:1 Mem:13.16M (Peak 13.16M) | Time:00:00.00 | Mem:1.08M, Peak:1.08M | Scene, ViewLayer | Sample 0/16
Fra:1 Mem:63.91M (Peak 63.91M) | Time:00:00.22 | Remaining:00:03.34 | Mem:51.82M, Peak:51.82M | Scene, ViewLayer | Sample 1/16
Fra:1 Mem:85.28M (Peak 117.32M) | Time:00:10.84 | Mem:51.82M, Peak:51.82M | Scene, ViewLayer | Sample 16/16
Fra:1 Mem:85.28M (Peak 117.32M) | Time:00:10.84 | Mem:51.82M, Peak:51.82M | Scene, ViewLayer | Finished
Saved: '/workspace/scratch/a29d03198654/Aether/cloud-evidence/cloudbank58-source-preview-20261001T105910Z-5ogxmtfo/images/cloudbank58-back.png'
Time: 00:10.92 (Saving: 00:00.06)

Fra:1 Mem:12.21M (Peak 12.21M) | Time:00:00.00 | Mem:0.00M, Peak:0.00M | Scene, ViewLayer | Synchronizing object | Sun
Fra:1 Mem:12.21M (Peak 12.21M) | Time:00:00.00 | Mem:0.00M, Peak:0.00M | Scene, ViewLayer | Synchronizing object | CloudBank58_upper_far_veil
Fra:1 Mem:12.24M (Peak 12.24M) | Time:00:00.00 | Mem:0.00M, Peak:0.00M | Scene, ViewLayer | Synchronizing object | CloudBank58_upper_east_layer
Fra:1 Mem:12.27M (Peak 12.27M) | Time:00:00.00 | Mem:0.00M, Peak:0.00M | Scene, ViewLayer | Synchronizing object | CloudBank58_four_root_continuous_volume
Fra:1 Mem:12.27M (Peak 12.27M) | Time:00:00.00 | Mem:0.00M, Peak:0.00M | Scene, ViewLayer | Synchronizing object | CloudBank58_upper_west_layer
Fra:1 Mem:12.81M (Peak 12.81M) | Time:00:00.00 | Mem:0.00M, Peak:0.00M | Scene, ViewLayer | Initializing
Fra:1 Mem:12.52M (Peak 12.81M) | Time:00:00.00 | Mem:0.00M, Peak:0.00M | Scene, ViewLayer | Waiting for render to start
Fra:1 Mem:12.52M (Peak 12.81M) | Time:00:00.00 | Mem:0.00M, Peak:0.00M | Scene, ViewLayer | Updating Scene
Fra:1 Mem:12.52M (Peak 12.81M) | Time:00:00.00 | Mem:0.00M, Peak:0.00M | Scene, ViewLayer | Updating Shaders
Fra:1 Mem:12.52M (Peak 12.81M) | Time:00:00.00 | Mem:0.00M, Peak:0.00M | Scene, ViewLayer | Loading render kernels (may take a few minutes the first time)
Fra:1 Mem:12.60M (Peak 12.81M) | Time:00:00.00 | Mem:0.00M, Peak:0.00M | Scene, ViewLayer | Updating Procedurals
Fra:1 Mem:12.60M (Peak 12.81M) | Time:00:00.00 | Mem:0.00M, Peak:0.00M | Scene, ViewLayer | Updating Background
Fra:1 Mem:12.60M (Peak 12.81M) | Time:00:00.00 | Mem:0.00M, Peak:0.00M | Scene, ViewLayer | Updating Camera
Fra:1 Mem:12.60M (Peak 12.81M) | Time:00:00.00 | Mem:0.00M, Peak:0.00M | Scene, ViewLayer | Updating Meshes Flags
Fra:1 Mem:12.60M (Peak 12.81M) | Time:00:00.00 | Mem:0.00M, Peak:0.00M | Scene, ViewLayer | Updating Objects
Fra:1 Mem:12.60M (Peak 12.81M) | Time:00:00.00 | Mem:0.00M, Peak:0.00M | Scene, ViewLayer | Updating Objects | Copying Transformations to device
Fra:1 Mem:12.60M (Peak 12.81M) | Time:00:00.00 | Mem:0.00M, Peak:0.00M | Scene, ViewLayer | Updating Particle Systems
Fra:1 Mem:12.60M (Peak 12.81M) | Time:00:00.00 | Mem:0.00M, Peak:0.00M | Scene, ViewLayer | Updating Particle Systems | Copying Particles to device
Fra:1 Mem:12.60M (Peak 12.81M) | Time:00:00.00 | Mem:0.00M, Peak:0.00M | Scene, ViewLayer | Updating Meshes
Fra:1 Mem:12.60M (Peak 12.81M) | Time:00:00.00 | Mem:0.00M, Peak:0.00M | Scene, ViewLayer | Updating Objects | Applying Static Transformations
Fra:1 Mem:12.60M (Peak 12.81M) | Time:00:00.00 | Mem:0.00M, Peak:0.00M | Scene, ViewLayer | Updating Mesh | Computing attributes
Fra:1 Mem:12.96M (Peak 12.96M) | Time:00:00.00 | Mem:0.00M, Peak:0.00M | Scene, ViewLayer | Updating Mesh | Copying Attributes to device
Fra:1 Mem:12.96M (Peak 12.96M) | Time:00:00.00 | Mem:0.36M, Peak:0.36M | Scene, ViewLayer | Updating Scene BVH | Building
Fra:1 Mem:12.96M (Peak 12.96M) | Time:00:00.00 | Mem:0.36M, Peak:0.36M | Scene, ViewLayer | Updating Scene BVH | Building BVH
Fra:1 Mem:12.96M (Peak 12.96M) | Time:00:00.00 | Mem:0.57M, Peak:0.57M | Scene, ViewLayer | Updating Scene BVH | Building BVH 0%
Fra:1 Mem:12.96M (Peak 12.96M) | Time:00:00.00 | Mem:0.81M, Peak:1.02M | Scene, ViewLayer | Updating Scene BVH | Copying BVH to device
Fra:1 Mem:12.96M (Peak 12.96M) | Time:00:00.00 | Mem:0.81M, Peak:1.02M | Scene, ViewLayer | Updating Mesh | Computing normals
Fra:1 Mem:13.15M (Peak 13.15M) | Time:00:00.00 | Mem:0.81M, Peak:1.02M | Scene, ViewLayer | Updating Mesh | Copying Mesh to device
Fra:1 Mem:13.15M (Peak 13.15M) | Time:00:00.00 | Mem:0.99M, Peak:1.02M | Scene, ViewLayer | Updating Objects Flags
Fra:1 Mem:13.15M (Peak 13.15M) | Time:00:00.00 | Mem:0.99M, Peak:1.02M | Scene, ViewLayer | Updating Primitive Offsets
Fra:1 Mem:13.15M (Peak 13.15M) | Time:00:00.00 | Mem:0.99M, Peak:1.02M | Scene, ViewLayer | Updating Images
Fra:1 Mem:13.15M (Peak 13.15M) | Time:00:00.00 | Mem:0.99M, Peak:1.02M | Scene, ViewLayer | Updating Camera Volume
Fra:1 Mem:13.15M (Peak 13.15M) | Time:00:00.00 | Mem:0.99M, Peak:1.02M | Scene, ViewLayer | Updating Lookup Tables
Fra:1 Mem:13.15M (Peak 13.15M) | Time:00:00.00 | Mem:1.08M, Peak:1.08M | Scene, ViewLayer | Updating Lights
Fra:1 Mem:13.15M (Peak 13.15M) | Time:00:00.00 | Mem:1.08M, Peak:1.08M | Scene, ViewLayer | Updating Lights | Computing tree
Fra:1 Mem:13.15M (Peak 13.15M) | Time:00:00.00 | Mem:1.08M, Peak:1.08M | Scene, ViewLayer | Updating Integrator
Fra:1 Mem:13.15M (Peak 13.15M) | Time:00:00.00 | Mem:1.08M, Peak:1.08M | Scene, ViewLayer | Updating Film
Fra:1 Mem:13.15M (Peak 13.15M) | Time:00:00.00 | Mem:1.00M, Peak:1.08M | Scene, ViewLayer | Updating Lookup Tables
Fra:1 Mem:13.15M (Peak 13.15M) | Time:00:00.00 | Mem:1.08M, Peak:1.08M | Scene, ViewLayer | Updating Baking
Fra:1 Mem:13.15M (Peak 13.15M) | Time:00:00.00 | Mem:1.08M, Peak:1.08M | Scene, ViewLayer | Updating Device | Writing constant memory
Fra:1 Mem:13.16M (Peak 13.16M) | Time:00:00.00 | Mem:1.08M, Peak:1.08M | Scene, ViewLayer | Loading denoising kernels (may take a few minutes the first time)
Fra:1 Mem:13.16M (Peak 13.16M) | Time:00:00.00 | Mem:1.08M, Peak:1.08M | Scene, ViewLayer | Sample 0/16
Fra:1 Mem:63.91M (Peak 63.91M) | Time:00:00.23 | Remaining:00:03.37 | Mem:51.82M, Peak:51.82M | Scene, ViewLayer | Sample 1/16
Fra:1 Mem:85.28M (Peak 117.32M) | Time:00:12.04 | Mem:51.82M, Peak:51.82M | Scene, ViewLayer | Sample 16/16
Fra:1 Mem:85.28M (Peak 117.32M) | Time:00:12.04 | Mem:51.82M, Peak:51.82M | Scene, ViewLayer | Finished
Saved: '/workspace/scratch/a29d03198654/Aether/cloud-evidence/cloudbank58-source-preview-20261001T105910Z-5ogxmtfo/images/cloudbank58-side.png'
Time: 00:12.11 (Saving: 00:00.06)

Fra:1 Mem:12.21M (Peak 12.21M) | Time:00:00.00 | Mem:0.00M, Peak:0.00M | Scene, ViewLayer | Synchronizing object | CloudBank58_four_root_continuous_volume
Fra:1 Mem:12.21M (Peak 12.21M) | Time:00:00.00 | Mem:0.00M, Peak:0.00M | Scene, ViewLayer | Synchronizing object | Sun
Fra:1 Mem:12.21M (Peak 12.21M) | Time:00:00.00 | Mem:0.00M, Peak:0.00M | Scene, ViewLayer | Synchronizing object | CloudBank58_upper_far_veil
Fra:1 Mem:12.48M (Peak 12.48M) | Time:00:00.00 | Mem:0.00M, Peak:0.00M | Scene, ViewLayer | Synchronizing object | CloudBank58_upper_east_layer
Fra:1 Mem:12.78M (Peak 12.78M) | Time:00:00.00 | Mem:0.00M, Peak:0.00M | Scene, ViewLayer | Synchronizing object | CloudBank58_upper_west_layer
Fra:1 Mem:12.81M (Peak 12.81M) | Time:00:00.00 | Mem:0.00M, Peak:0.00M | Scene, ViewLayer | Initializing
Fra:1 Mem:12.52M (Peak 12.81M) | Time:00:00.00 | Mem:0.00M, Peak:0.00M | Scene, ViewLayer | Waiting for render to start
Fra:1 Mem:12.52M (Peak 12.81M) | Time:00:00.00 | Mem:0.00M, Peak:0.00M | Scene, ViewLayer | Updating Scene
Fra:1 Mem:12.52M (Peak 12.81M) | Time:00:00.00 | Mem:0.00M, Peak:0.00M | Scene, ViewLayer | Updating Shaders
Fra:1 Mem:12.52M (Peak 12.81M) | Time:00:00.00 | Mem:0.00M, Peak:0.00M | Scene, ViewLayer | Loading render kernels (may take a few minutes the first time)
Fra:1 Mem:12.60M (Peak 12.81M) | Time:00:00.00 | Mem:0.00M, Peak:0.00M | Scene, ViewLayer | Updating Procedurals
Fra:1 Mem:12.60M (Peak 12.81M) | Time:00:00.00 | Mem:0.00M, Peak:0.00M | Scene, ViewLayer | Updating Background
Fra:1 Mem:12.60M (Peak 12.81M) | Time:00:00.00 | Mem:0.00M, Peak:0.00M | Scene, ViewLayer | Updating Camera
Fra:1 Mem:12.60M (Peak 12.81M) | Time:00:00.00 | Mem:0.00M, Peak:0.00M | Scene, ViewLayer | Updating Meshes Flags
Fra:1 Mem:12.60M (Peak 12.81M) | Time:00:00.00 | Mem:0.00M, Peak:0.00M | Scene, ViewLayer | Updating Objects
Fra:1 Mem:12.60M (Peak 12.81M) | Time:00:00.00 | Mem:0.00M, Peak:0.00M | Scene, ViewLayer | Updating Objects | Copying Transformations to device
Fra:1 Mem:12.60M (Peak 12.81M) | Time:00:00.00 | Mem:0.00M, Peak:0.00M | Scene, ViewLayer | Updating Particle Systems
Fra:1 Mem:12.60M (Peak 12.81M) | Time:00:00.00 | Mem:0.00M, Peak:0.00M | Scene, ViewLayer | Updating Particle Systems | Copying Particles to device
Fra:1 Mem:12.60M (Peak 12.81M) | Time:00:00.00 | Mem:0.00M, Peak:0.00M | Scene, ViewLayer | Updating Meshes
Fra:1 Mem:12.60M (Peak 12.81M) | Time:00:00.00 | Mem:0.00M, Peak:0.00M | Scene, ViewLayer | Updating Objects | Applying Static Transformations
Fra:1 Mem:12.60M (Peak 12.81M) | Time:00:00.00 | Mem:0.00M, Peak:0.00M | Scene, ViewLayer | Updating Mesh | Computing attributes
Fra:1 Mem:12.96M (Peak 12.96M) | Time:00:00.00 | Mem:0.00M, Peak:0.00M | Scene, ViewLayer | Updating Mesh | Copying Attributes to device
Fra:1 Mem:12.96M (Peak 12.96M) | Time:00:00.00 | Mem:0.36M, Peak:0.36M | Scene, ViewLayer | Updating Scene BVH | Building
Fra:1 Mem:12.96M (Peak 12.96M) | Time:00:00.00 | Mem:0.36M, Peak:0.36M | Scene, ViewLayer | Updating Scene BVH | Building BVH
Fra:1 Mem:12.96M (Peak 12.96M) | Time:00:00.00 | Mem:0.57M, Peak:0.57M | Scene, ViewLayer | Updating Scene BVH | Building BVH 0%
Fra:1 Mem:12.96M (Peak 12.96M) | Time:00:00.00 | Mem:0.81M, Peak:1.02M | Scene, ViewLayer | Updating Scene BVH | Copying BVH to device
Fra:1 Mem:12.96M (Peak 12.96M) | Time:00:00.00 | Mem:0.81M, Peak:1.02M | Scene, ViewLayer | Updating Mesh | Computing normals
Fra:1 Mem:13.15M (Peak 13.15M) | Time:00:00.00 | Mem:0.81M, Peak:1.02M | Scene, ViewLayer | Updating Mesh | Copying Mesh to device
Fra:1 Mem:13.15M (Peak 13.15M) | Time:00:00.00 | Mem:0.99M, Peak:1.02M | Scene, ViewLayer | Updating Objects Flags
Fra:1 Mem:13.15M (Peak 13.15M) | Time:00:00.00 | Mem:0.99M, Peak:1.02M | Scene, ViewLayer | Updating Primitive Offsets
Fra:1 Mem:13.15M (Peak 13.15M) | Time:00:00.00 | Mem:0.99M, Peak:1.02M | Scene, ViewLayer | Updating Images
Fra:1 Mem:13.15M (Peak 13.15M) | Time:00:00.00 | Mem:0.99M, Peak:1.02M | Scene, ViewLayer | Updating Camera Volume
Fra:1 Mem:13.15M (Peak 13.15M) | Time:00:00.00 | Mem:0.99M, Peak:1.02M | Scene, ViewLayer | Updating Lookup Tables
Fra:1 Mem:13.15M (Peak 13.15M) | Time:00:00.00 | Mem:1.08M, Peak:1.08M | Scene, ViewLayer | Updating Lights
Fra:1 Mem:13.15M (Peak 13.15M) | Time:00:00.00 | Mem:1.08M, Peak:1.08M | Scene, ViewLayer | Updating Lights | Computing tree
Fra:1 Mem:13.15M (Peak 13.15M) | Time:00:00.00 | Mem:1.08M, Peak:1.08M | Scene, ViewLayer | Updating Integrator
Fra:1 Mem:13.15M (Peak 13.15M) | Time:00:00.00 | Mem:1.08M, Peak:1.08M | Scene, ViewLayer | Updating Film
Fra:1 Mem:13.15M (Peak 13.15M) | Time:00:00.00 | Mem:1.00M, Peak:1.08M | Scene, ViewLayer | Updating Lookup Tables
Fra:1 Mem:13.15M (Peak 13.15M) | Time:00:00.00 | Mem:1.08M, Peak:1.08M | Scene, ViewLayer | Updating Baking
Fra:1 Mem:13.15M (Peak 13.15M) | Time:00:00.00 | Mem:1.08M, Peak:1.08M | Scene, ViewLayer | Updating Device | Writing constant memory
Fra:1 Mem:13.16M (Peak 13.16M) | Time:00:00.00 | Mem:1.08M, Peak:1.08M | Scene, ViewLayer | Loading denoising kernels (may take a few minutes the first time)
Fra:1 Mem:13.16M (Peak 13.16M) | Time:00:00.00 | Mem:1.08M, Peak:1.08M | Scene, ViewLayer | Sample 0/16
Fra:1 Mem:63.91M (Peak 63.91M) | Time:00:00.19 | Remaining:00:02.81 | Mem:51.82M, Peak:51.82M | Scene, ViewLayer | Sample 1/16
Fra:1 Mem:85.28M (Peak 117.32M) | Time:00:11.17 | Mem:51.82M, Peak:51.82M | Scene, ViewLayer | Sample 16/16
Fra:1 Mem:85.28M (Peak 117.32M) | Time:00:11.17 | Mem:51.82M, Peak:51.82M | Scene, ViewLayer | Finished
Saved: '/workspace/scratch/a29d03198654/Aether/cloud-evidence/cloudbank58-source-preview-20261001T105910Z-5ogxmtfo/images/cloudbank58-underside.png'
Time: 00:11.24 (Saving: 00:00.06)

Fra:1 Mem:12.21M (Peak 12.21M) | Time:00:00.00 | Mem:0.00M, Peak:0.00M | Scene, ViewLayer | Synchronizing object | CloudBank58_four_root_continuous_volume
Fra:1 Mem:12.21M (Peak 12.21M) | Time:00:00.00 | Mem:0.00M, Peak:0.00M | Scene, ViewLayer | Synchronizing object | Sun
Fra:1 Mem:12.35M (Peak 12.35M) | Time:00:00.00 | Mem:0.00M, Peak:0.00M | Scene, ViewLayer | Synchronizing object | CloudBank58_upper_far_veil
Fra:1 Mem:12.48M (Peak 12.48M) | Time:00:00.00 | Mem:0.00M, Peak:0.00M | Scene, ViewLayer | Synchronizing object | CloudBank58_upper_east_layer
Fra:1 Mem:12.78M (Peak 12.78M) | Time:00:00.00 | Mem:0.00M, Peak:0.00M | Scene, ViewLayer | Synchronizing object | CloudBank58_upper_west_layer
Fra:1 Mem:12.81M (Peak 12.81M) | Time:00:00.00 | Mem:0.00M, Peak:0.00M | Scene, ViewLayer | Initializing
Fra:1 Mem:12.52M (Peak 12.81M) | Time:00:00.00 | Mem:0.00M, Peak:0.00M | Scene, ViewLayer | Waiting for render to start
Fra:1 Mem:12.52M (Peak 12.81M) | Time:00:00.00 | Mem:0.00M, Peak:0.00M | Scene, ViewLayer | Updating Scene
Fra:1 Mem:12.52M (Peak 12.81M) | Time:00:00.00 | Mem:0.00M, Peak:0.00M | Scene, ViewLayer | Updating Shaders
Fra:1 Mem:12.52M (Peak 12.81M) | Time:00:00.00 | Mem:0.00M, Peak:0.00M | Scene, ViewLayer | Loading render kernels (may take a few minutes the first time)
Fra:1 Mem:12.60M (Peak 12.81M) | Time:00:00.00 | Mem:0.00M, Peak:0.00M | Scene, ViewLayer | Updating Procedurals
Fra:1 Mem:12.60M (Peak 12.81M) | Time:00:00.00 | Mem:0.00M, Peak:0.00M | Scene, ViewLayer | Updating Background
Fra:1 Mem:12.60M (Peak 12.81M) | Time:00:00.00 | Mem:0.00M, Peak:0.00M | Scene, ViewLayer | Updating Camera
Fra:1 Mem:12.60M (Peak 12.81M) | Time:00:00.00 | Mem:0.00M, Peak:0.00M | Scene, ViewLayer | Updating Meshes Flags
Fra:1 Mem:12.60M (Peak 12.81M) | Time:00:00.00 | Mem:0.00M, Peak:0.00M | Scene, ViewLayer | Updating Objects
Fra:1 Mem:12.60M (Peak 12.81M) | Time:00:00.00 | Mem:0.00M, Peak:0.00M | Scene, ViewLayer | Updating Objects | Copying Transformations to device
Fra:1 Mem:12.60M (Peak 12.81M) | Time:00:00.00 | Mem:0.00M, Peak:0.00M | Scene, ViewLayer | Updating Particle Systems
Fra:1 Mem:12.60M (Peak 12.81M) | Time:00:00.00 | Mem:0.00M, Peak:0.00M | Scene, ViewLayer | Updating Particle Systems | Copying Particles to device
Fra:1 Mem:12.60M (Peak 12.81M) | Time:00:00.00 | Mem:0.00M, Peak:0.00M | Scene, ViewLayer | Updating Meshes
Fra:1 Mem:12.60M (Peak 12.81M) | Time:00:00.00 | Mem:0.00M, Peak:0.00M | Scene, ViewLayer | Updating Objects | Applying Static Transformations
Fra:1 Mem:12.60M (Peak 12.81M) | Time:00:00.00 | Mem:0.00M, Peak:0.00M | Scene, ViewLayer | Updating Mesh | Computing attributes
Fra:1 Mem:12.96M (Peak 12.96M) | Time:00:00.00 | Mem:0.00M, Peak:0.00M | Scene, ViewLayer | Updating Mesh | Copying Attributes to device
Fra:1 Mem:12.96M (Peak 12.96M) | Time:00:00.00 | Mem:0.36M, Peak:0.36M | Scene, ViewLayer | Updating Scene BVH | Building
Fra:1 Mem:12.96M (Peak 12.96M) | Time:00:00.00 | Mem:0.36M, Peak:0.36M | Scene, ViewLayer | Updating Scene BVH | Building BVH
Fra:1 Mem:12.96M (Peak 12.96M) | Time:00:00.00 | Mem:0.57M, Peak:0.57M | Scene, ViewLayer | Updating Scene BVH | Building BVH 0%
Fra:1 Mem:12.96M (Peak 12.96M) | Time:00:00.00 | Mem:0.81M, Peak:1.02M | Scene, ViewLayer | Updating Scene BVH | Copying BVH to device
Fra:1 Mem:12.96M (Peak 12.96M) | Time:00:00.00 | Mem:0.81M, Peak:1.02M | Scene, ViewLayer | Updating Mesh | Computing normals
Fra:1 Mem:13.15M (Peak 13.15M) | Time:00:00.00 | Mem:0.81M, Peak:1.02M | Scene, ViewLayer | Updating Mesh | Copying Mesh to device
Fra:1 Mem:13.15M (Peak 13.15M) | Time:00:00.00 | Mem:0.99M, Peak:1.02M | Scene, ViewLayer | Updating Objects Flags
Fra:1 Mem:13.15M (Peak 13.15M) | Time:00:00.00 | Mem:0.99M, Peak:1.02M | Scene, ViewLayer | Updating Primitive Offsets
Fra:1 Mem:13.15M (Peak 13.15M) | Time:00:00.00 | Mem:0.99M, Peak:1.02M | Scene, ViewLayer | Updating Images
Fra:1 Mem:13.15M (Peak 13.15M) | Time:00:00.00 | Mem:0.99M, Peak:1.02M | Scene, ViewLayer | Updating Camera Volume
Fra:1 Mem:13.15M (Peak 13.15M) | Time:00:00.00 | Mem:0.99M, Peak:1.02M | Scene, ViewLayer | Updating Lookup Tables
Fra:1 Mem:13.15M (Peak 13.15M) | Time:00:00.00 | Mem:1.08M, Peak:1.08M | Scene, ViewLayer | Updating Lights
Fra:1 Mem:13.15M (Peak 13.15M) | Time:00:00.00 | Mem:1.08M, Peak:1.08M | Scene, ViewLayer | Updating Lights | Computing tree
Fra:1 Mem:13.15M (Peak 13.15M) | Time:00:00.00 | Mem:1.08M, Peak:1.08M | Scene, ViewLayer | Updating Integrator
Fra:1 Mem:13.15M (Peak 13.15M) | Time:00:00.00 | Mem:1.08M, Peak:1.08M | Scene, ViewLayer | Updating Film
Fra:1 Mem:13.15M (Peak 13.15M) | Time:00:00.00 | Mem:1.00M, Peak:1.08M | Scene, ViewLayer | Updating Lookup Tables
Fra:1 Mem:13.15M (Peak 13.15M) | Time:00:00.00 | Mem:1.08M, Peak:1.08M | Scene, ViewLayer | Updating Baking
Fra:1 Mem:13.15M (Peak 13.15M) | Time:00:00.00 | Mem:1.08M, Peak:1.08M | Scene, ViewLayer | Updating Device | Writing constant memory
Fra:1 Mem:13.16M (Peak 13.16M) | Time:00:00.00 | Mem:1.08M, Peak:1.08M | Scene, ViewLayer | Loading denoising kernels (may take a few minutes the first time)
Fra:1 Mem:13.16M (Peak 13.16M) | Time:00:00.00 | Mem:1.08M, Peak:1.08M | Scene, ViewLayer | Sample 0/16
Fra:1 Mem:63.91M (Peak 63.91M) | Time:00:00.38 | Remaining:00:05.72 | Mem:51.82M, Peak:51.82M | Scene, ViewLayer | Sample 1/16
Fra:1 Mem:85.28M (Peak 117.32M) | Time:00:12.75 | Mem:51.82M, Peak:51.82M | Scene, ViewLayer | Sample 16/16
Fra:1 Mem:85.28M (Peak 117.32M) | Time:00:12.75 | Mem:51.82M, Peak:51.82M | Scene, ViewLayer | Finished
Saved: '/workspace/scratch/a29d03198654/Aether/cloud-evidence/cloudbank58-source-preview-20261001T105910Z-5ogxmtfo/images/cloudbank58-top.png'
Time: 00:12.83 (Saving: 00:00.07)

Five complete source faces rendered; no context/world preview or save
