Godot Engine v4.5.1.stable.official.f62fdbde1 - https://godotengine.org
OpenGL API 4.5 (Core Profile) Mesa 25.0.7-2+deb13u1 - Compatibility - Using Device: Mesa - llvmpipe (LLVM 19.1.7, 256 bits)

PASS Canonical47 unmodified double-snapshot control
PASS Fresh candidate equals canonical47 outside exact permitted edits
PASS All 48000 saved weather floats unchanged
PASS Successful build report present
PASS Candidate hash matches successful verified build
PASS Saved edited resources match build fingerprints
PASS Independent asset intact res://assets/lake48/Ground_1_-2.mesh
PASS Independent asset intact res://assets/lake48/Ground_1_-2_collision.res
PASS Independent asset intact res://scenes/lake48/Ground_1_-2.tscn
PASS Independent asset intact res://assets/lake48/Ground_1_-3.mesh
PASS Independent asset intact res://assets/lake48/Ground_1_-3_collision.res
PASS Independent asset intact res://scenes/lake48/Ground_1_-3.tscn
PASS Independent asset intact res://assets/lake48/massif_cirque_wall.mesh
PASS Independent asset intact res://assets/lake48/massif_cirque_wall_collision.res
PASS Independent asset intact res://scenes/lake48/massif_cirque_wall.tscn
PASS Independent asset intact res://assets/lake48/massif_east_foothill.mesh
PASS Independent asset intact res://assets/lake48/massif_east_foothill_collision.res
PASS Independent asset intact res://scenes/lake48/massif_east_foothill.tscn
PASS Independent asset intact res://assets/lake48/Grounded_oak_1_-2.res
PASS Independent asset intact res://assets/lake48/Grounded_poplar_1_-2.res
PASS Independent asset intact res://assets/lake48/Grounded_bush_1_-2.res
PASS Independent asset intact res://assets/lake48/Grounded_rock_1_-2.res
PASS Independent asset intact res://assets/lake48/Grounded_oak_1_-3.res
PASS Independent asset intact res://assets/lake48/Grounded_poplar_1_-3.res
PASS Independent asset intact res://assets/lake48/Grounded_pine_1_-3.res
PASS Independent asset intact res://assets/lake48/Grounded_bush_1_-3.res
PASS Independent asset intact res://assets/lake48/Grounded_rock_1_-3.res
PASS Untouched neighboring terrain boundary support within 3cm
PASS Edited two-tile shared seam within 3cm
WORLD READY: 208 independent terrain scenes, 54797 saved scatter instances, 169 scene landmarks, 6 scene ports
PASS Runtime chunks use current native mesh (1, -2)
PASS Runtime height cache samples current triangles with sea clamp (1, -2)
PASS Runtime terrain_samples exactly match native mesh (1, -2)
PASS Runtime chunks use current native mesh (1, -3)
PASS Runtime height cache samples current triangles with sea clamp (1, -3)
PASS Runtime terrain_samples exactly match native mesh (1, -3)
PASS Runtime prop bookkeeping reads all 500 current saved scatter transforms
PASS Actual rendered capture reference-1128
PASS Camera collision-free reference-1128
PASS Original fixed lake camera retained 1128
PASS Actual rendered capture reference-1128-side
PASS Camera collision-free reference-1128-side
PASS Actual rendered capture reference-1128-back
PASS Camera collision-free reference-1128-back
PASS Actual rendered capture reference-1128-supplemental-lateral-plus150m
PASS Camera collision-free reference-1128-supplemental-lateral-plus150m
PASS Actual rendered capture reference-1128-supplemental-lake-approach200m
PASS Camera collision-free reference-1128-supplemental-lake-approach200m
PASS Same physical world retained 1128
PASS Actual rendered capture reference-1129
PASS Camera collision-free reference-1129
PASS Original fixed lake camera retained 1129
PASS Actual rendered capture reference-1129-side
PASS Camera collision-free reference-1129-side
PASS Actual rendered capture reference-1129-back
PASS Camera collision-free reference-1129-back
PASS Actual rendered capture reference-1129-supplemental-lateral-plus150m
PASS Camera collision-free reference-1129-supplemental-lateral-plus150m
PASS Actual rendered capture reference-1129-supplemental-lake-approach200m
PASS Camera collision-free reference-1129-supplemental-lake-approach200m
PASS Same physical world retained 1129
PASS Actual rendered capture reference-1275
PASS Camera collision-free reference-1275
PASS Same physical world retained 1275
PASS Actual rendered capture reference-1276
PASS Camera collision-free reference-1276
PASS Same physical world retained 1276
PASS Actual rendered capture lake-supplemental-overhead
PASS Camera collision-free lake-supplemental-overhead
PASS Actual rendered capture lake-supplemental-low-water
PASS Camera collision-free lake-supplemental-low-water
PASS Source scene files unchanged by verification
LAKE48 VERIFICATION COMPLETE true
