Blender 4.5.14 LTS (hash 62c1db4208e8 built 2026-09-15 01:31:19)
Read blend: "/workspace/scratch/a29d03198654/Aether/source-assets/cloud-sea52b/cloud_sea52b.blend"
Fra:1 Mem:12.29M (Peak 12.29M) | Time:00:00.00 | Mem:0.00M, Peak:0.00M | Scene, ViewLayer | Synchronizing object | CloudSea52b_v0_crown_scroll
Fra:1 Mem:12.29M (Peak 12.29M) | Time:00:00.00 | Mem:0.00M, Peak:0.00M | Scene, ViewLayer | Synchronizing object | Sun
Fra:1 Mem:12.93M (Peak 12.93M) | Time:00:00.00 | Mem:0.00M, Peak:0.00M | Scene, ViewLayer | Initializing
Fra:1 Mem:12.67M (Peak 12.93M) | Time:00:00.00 | Mem:0.00M, Peak:0.00M | Scene, ViewLayer | Waiting for render to start
Fra:1 Mem:12.67M (Peak 12.93M) | Time:00:00.00 | Mem:0.00M, Peak:0.00M | Scene, ViewLayer | Updating Scene
Fra:1 Mem:12.67M (Peak 12.93M) | Time:00:00.00 | Mem:0.00M, Peak:0.00M | Scene, ViewLayer | Updating Shaders
Fra:1 Mem:12.67M (Peak 12.93M) | Time:00:00.00 | Mem:0.00M, Peak:0.00M | Scene, ViewLayer | Loading render kernels (may take a few minutes the first time)
Fra:1 Mem:12.75M (Peak 12.93M) | Time:00:00.00 | Mem:0.00M, Peak:0.00M | Scene, ViewLayer | Updating Procedurals
Fra:1 Mem:12.75M (Peak 12.93M) | Time:00:00.00 | Mem:0.00M, Peak:0.00M | Scene, ViewLayer | Updating Background
Fra:1 Mem:12.75M (Peak 12.93M) | Time:00:00.00 | Mem:0.00M, Peak:0.00M | Scene, ViewLayer | Updating Camera
Fra:1 Mem:12.75M (Peak 12.93M) | Time:00:00.00 | Mem:0.00M, Peak:0.00M | Scene, ViewLayer | Updating Meshes Flags
Fra:1 Mem:12.75M (Peak 12.93M) | Time:00:00.00 | Mem:0.00M, Peak:0.00M | Scene, ViewLayer | Updating Objects
Fra:1 Mem:12.75M (Peak 12.93M) | Time:00:00.00 | Mem:0.00M, Peak:0.00M | Scene, ViewLayer | Updating Objects | Copying Transformations to device
Fra:1 Mem:12.75M (Peak 12.93M) | Time:00:00.00 | Mem:0.00M, Peak:0.00M | Scene, ViewLayer | Updating Particle Systems
Fra:1 Mem:12.75M (Peak 12.93M) | Time:00:00.00 | Mem:0.00M, Peak:0.00M | Scene, ViewLayer | Updating Particle Systems | Copying Particles to device
Fra:1 Mem:12.75M (Peak 12.93M) | Time:00:00.00 | Mem:0.00M, Peak:0.00M | Scene, ViewLayer | Updating Meshes
Fra:1 Mem:12.75M (Peak 12.93M) | Time:00:00.00 | Mem:0.00M, Peak:0.00M | Scene, ViewLayer | Updating Objects | Applying Static Transformations
Fra:1 Mem:12.75M (Peak 12.93M) | Time:00:00.00 | Mem:0.00M, Peak:0.00M | Scene, ViewLayer | Updating Mesh | Computing attributes
Fra:1 Mem:13.01M (Peak 13.01M) | Time:00:00.00 | Mem:0.00M, Peak:0.00M | Scene, ViewLayer | Updating Mesh | Copying Attributes to device
Fra:1 Mem:13.01M (Peak 13.01M) | Time:00:00.00 | Mem:0.26M, Peak:0.26M | Scene, ViewLayer | Updating Scene BVH | Building
Fra:1 Mem:13.01M (Peak 13.01M) | Time:00:00.00 | Mem:0.26M, Peak:0.26M | Scene, ViewLayer | Updating Scene BVH | Building BVH
Fra:1 Mem:13.01M (Peak 13.01M) | Time:00:00.00 | Mem:0.41M, Peak:0.41M | Scene, ViewLayer | Updating Scene BVH | Building BVH 0%
Fra:1 Mem:13.01M (Peak 13.01M) | Time:00:00.00 | Mem:0.59M, Peak:0.74M | Scene, ViewLayer | Updating Scene BVH | Copying BVH to device
Fra:1 Mem:13.01M (Peak 13.01M) | Time:00:00.00 | Mem:0.59M, Peak:0.74M | Scene, ViewLayer | Updating Mesh | Computing normals
Fra:1 Mem:13.14M (Peak 13.14M) | Time:00:00.00 | Mem:0.59M, Peak:0.74M | Scene, ViewLayer | Updating Mesh | Copying Mesh to device
Fra:1 Mem:13.14M (Peak 13.14M) | Time:00:00.00 | Mem:0.72M, Peak:0.74M | Scene, ViewLayer | Updating Objects Flags
Fra:1 Mem:13.14M (Peak 13.14M) | Time:00:00.00 | Mem:0.72M, Peak:0.74M | Scene, ViewLayer | Updating Primitive Offsets
Fra:1 Mem:13.14M (Peak 13.14M) | Time:00:00.00 | Mem:0.72M, Peak:0.74M | Scene, ViewLayer | Updating Images
Fra:1 Mem:13.14M (Peak 13.14M) | Time:00:00.00 | Mem:0.72M, Peak:0.74M | Scene, ViewLayer | Updating Camera Volume
Fra:1 Mem:13.14M (Peak 13.14M) | Time:00:00.00 | Mem:0.72M, Peak:0.74M | Scene, ViewLayer | Updating Lookup Tables
Fra:1 Mem:13.14M (Peak 13.14M) | Time:00:00.00 | Mem:0.80M, Peak:0.80M | Scene, ViewLayer | Updating Lights
Fra:1 Mem:13.14M (Peak 13.14M) | Time:00:00.00 | Mem:0.80M, Peak:0.80M | Scene, ViewLayer | Updating Lights | Computing tree
Fra:1 Mem:13.14M (Peak 13.14M) | Time:00:00.00 | Mem:0.80M, Peak:0.80M | Scene, ViewLayer | Updating Integrator
Fra:1 Mem:13.14M (Peak 13.14M) | Time:00:00.00 | Mem:0.80M, Peak:0.80M | Scene, ViewLayer | Updating Film
Fra:1 Mem:13.14M (Peak 13.14M) | Time:00:00.00 | Mem:0.72M, Peak:0.80M | Scene, ViewLayer | Updating Lookup Tables
Fra:1 Mem:13.14M (Peak 13.14M) | Time:00:00.00 | Mem:0.81M, Peak:0.81M | Scene, ViewLayer | Updating Baking
Fra:1 Mem:13.14M (Peak 13.14M) | Time:00:00.00 | Mem:0.81M, Peak:0.81M | Scene, ViewLayer | Updating Device | Writing constant memory
Fra:1 Mem:13.14M (Peak 13.14M) | Time:00:00.00 | Mem:0.81M, Peak:0.81M | Scene, ViewLayer | Loading denoising kernels (may take a few minutes the first time)
Fra:1 Mem:13.14M (Peak 13.14M) | Time:00:00.00 | Mem:0.81M, Peak:0.81M | Scene, ViewLayer | Sample 0/20
Fra:1 Mem:54.93M (Peak 54.93M) | Time:00:00.06 | Remaining:00:01.20 | Mem:42.55M, Peak:42.55M | Scene, ViewLayer | Sample 1/20
Fra:1 Mem:72.52M (Peak 98.89M) | Time:00:04.36 | Mem:42.55M, Peak:42.55M | Scene, ViewLayer | Sample 20/20
Fra:1 Mem:72.52M (Peak 98.89M) | Time:00:04.36 | Mem:42.55M, Peak:42.55M | Scene, ViewLayer | Finished
Saved: '/workspace/scratch/a29d03198654/Aether/cloud-evidence/cloudsea52b-source-v0-20261001T042742Z-pbihr2w7/images/sea52b-0-front.png'
Time: 00:04.48 (Saving: 00:00.11)

Fra:1 Mem:12.51M (Peak 12.51M) | Time:00:00.00 | Mem:0.00M, Peak:0.00M | Scene, ViewLayer | Synchronizing object | CloudSea52b_v0_crown_scroll
Fra:1 Mem:12.51M (Peak 12.51M) | Time:00:00.00 | Mem:0.00M, Peak:0.00M | Scene, ViewLayer | Synchronizing object | CloudSea52b_v0_low_winding_tail
Fra:1 Mem:12.59M (Peak 12.59M) | Time:00:00.00 | Mem:0.00M, Peak:0.00M | Scene, ViewLayer | Synchronizing object | Sun
Fra:1 Mem:12.93M (Peak 12.93M) | Time:00:00.00 | Mem:0.00M, Peak:0.00M | Scene, ViewLayer | Initializing
Fra:1 Mem:12.67M (Peak 12.93M) | Time:00:00.00 | Mem:0.00M, Peak:0.00M | Scene, ViewLayer | Waiting for render to start
Fra:1 Mem:12.67M (Peak 12.93M) | Time:00:00.00 | Mem:0.00M, Peak:0.00M | Scene, ViewLayer | Updating Scene
Fra:1 Mem:12.67M (Peak 12.93M) | Time:00:00.00 | Mem:0.00M, Peak:0.00M | Scene, ViewLayer | Updating Shaders
Fra:1 Mem:12.67M (Peak 12.93M) | Time:00:00.00 | Mem:0.00M, Peak:0.00M | Scene, ViewLayer | Loading render kernels (may take a few minutes the first time)
Fra:1 Mem:12.75M (Peak 12.93M) | Time:00:00.00 | Mem:0.00M, Peak:0.00M | Scene, ViewLayer | Updating Procedurals
Fra:1 Mem:12.75M (Peak 12.93M) | Time:00:00.00 | Mem:0.00M, Peak:0.00M | Scene, ViewLayer | Updating Background
Fra:1 Mem:12.75M (Peak 12.93M) | Time:00:00.00 | Mem:0.00M, Peak:0.00M | Scene, ViewLayer | Updating Camera
Fra:1 Mem:12.75M (Peak 12.93M) | Time:00:00.00 | Mem:0.00M, Peak:0.00M | Scene, ViewLayer | Updating Meshes Flags
Fra:1 Mem:12.75M (Peak 12.93M) | Time:00:00.00 | Mem:0.00M, Peak:0.00M | Scene, ViewLayer | Updating Objects
Fra:1 Mem:12.75M (Peak 12.93M) | Time:00:00.00 | Mem:0.00M, Peak:0.00M | Scene, ViewLayer | Updating Objects | Copying Transformations to device
Fra:1 Mem:12.75M (Peak 12.93M) | Time:00:00.00 | Mem:0.00M, Peak:0.00M | Scene, ViewLayer | Updating Particle Systems
Fra:1 Mem:12.75M (Peak 12.93M) | Time:00:00.00 | Mem:0.00M, Peak:0.00M | Scene, ViewLayer | Updating Particle Systems | Copying Particles to device
Fra:1 Mem:12.75M (Peak 12.93M) | Time:00:00.00 | Mem:0.00M, Peak:0.00M | Scene, ViewLayer | Updating Meshes
Fra:1 Mem:12.75M (Peak 12.93M) | Time:00:00.00 | Mem:0.00M, Peak:0.00M | Scene, ViewLayer | Updating Objects | Applying Static Transformations
Fra:1 Mem:12.75M (Peak 12.93M) | Time:00:00.00 | Mem:0.00M, Peak:0.00M | Scene, ViewLayer | Updating Mesh | Computing attributes
Fra:1 Mem:13.01M (Peak 13.01M) | Time:00:00.00 | Mem:0.00M, Peak:0.00M | Scene, ViewLayer | Updating Mesh | Copying Attributes to device
Fra:1 Mem:13.01M (Peak 13.01M) | Time:00:00.00 | Mem:0.26M, Peak:0.26M | Scene, ViewLayer | Updating Scene BVH | Building
Fra:1 Mem:13.01M (Peak 13.01M) | Time:00:00.00 | Mem:0.26M, Peak:0.26M | Scene, ViewLayer | Updating Scene BVH | Building BVH
Fra:1 Mem:13.01M (Peak 13.01M) | Time:00:00.00 | Mem:0.41M, Peak:0.41M | Scene, ViewLayer | Updating Scene BVH | Building BVH 0%
Fra:1 Mem:13.01M (Peak 13.01M) | Time:00:00.00 | Mem:0.59M, Peak:0.74M | Scene, ViewLayer | Updating Scene BVH | Copying BVH to device
Fra:1 Mem:13.01M (Peak 13.01M) | Time:00:00.00 | Mem:0.59M, Peak:0.74M | Scene, ViewLayer | Updating Mesh | Computing normals
Fra:1 Mem:13.14M (Peak 13.14M) | Time:00:00.00 | Mem:0.59M, Peak:0.74M | Scene, ViewLayer | Updating Mesh | Copying Mesh to device
Fra:1 Mem:13.14M (Peak 13.14M) | Time:00:00.00 | Mem:0.72M, Peak:0.74M | Scene, ViewLayer | Updating Objects Flags
Fra:1 Mem:13.14M (Peak 13.14M) | Time:00:00.00 | Mem:0.72M, Peak:0.74M | Scene, ViewLayer | Updating Primitive Offsets
Fra:1 Mem:13.14M (Peak 13.14M) | Time:00:00.00 | Mem:0.72M, Peak:0.74M | Scene, ViewLayer | Updating Images
Fra:1 Mem:13.14M (Peak 13.14M) | Time:00:00.00 | Mem:0.72M, Peak:0.74M | Scene, ViewLayer | Updating Camera Volume
Fra:1 Mem:13.14M (Peak 13.14M) | Time:00:00.00 | Mem:0.72M, Peak:0.74M | Scene, ViewLayer | Updating Lookup Tables
Fra:1 Mem:13.14M (Peak 13.14M) | Time:00:00.00 | Mem:0.80M, Peak:0.80M | Scene, ViewLayer | Updating Lights
Fra:1 Mem:13.14M (Peak 13.14M) | Time:00:00.00 | Mem:0.80M, Peak:0.80M | Scene, ViewLayer | Updating Lights | Computing tree
Fra:1 Mem:13.14M (Peak 13.14M) | Time:00:00.00 | Mem:0.80M, Peak:0.80M | Scene, ViewLayer | Updating Integrator
Fra:1 Mem:13.14M (Peak 13.14M) | Time:00:00.00 | Mem:0.80M, Peak:0.80M | Scene, ViewLayer | Updating Film
Fra:1 Mem:13.14M (Peak 13.14M) | Time:00:00.00 | Mem:0.72M, Peak:0.80M | Scene, ViewLayer | Updating Lookup Tables
Fra:1 Mem:13.14M (Peak 13.14M) | Time:00:00.00 | Mem:0.81M, Peak:0.81M | Scene, ViewLayer | Updating Baking
Fra:1 Mem:13.14M (Peak 13.14M) | Time:00:00.00 | Mem:0.81M, Peak:0.81M | Scene, ViewLayer | Updating Device | Writing constant memory
Fra:1 Mem:13.15M (Peak 13.15M) | Time:00:00.00 | Mem:0.81M, Peak:0.81M | Scene, ViewLayer | Loading denoising kernels (may take a few minutes the first time)
Fra:1 Mem:13.15M (Peak 13.15M) | Time:00:00.00 | Mem:0.81M, Peak:0.81M | Scene, ViewLayer | Sample 0/20
Fra:1 Mem:54.93M (Peak 54.93M) | Time:00:00.05 | Remaining:00:01.04 | Mem:42.55M, Peak:42.55M | Scene, ViewLayer | Sample 1/20
Fra:1 Mem:72.52M (Peak 98.89M) | Time:00:04.65 | Mem:42.55M, Peak:42.55M | Scene, ViewLayer | Sample 20/20
Fra:1 Mem:72.52M (Peak 98.89M) | Time:00:04.65 | Mem:42.55M, Peak:42.55M | Scene, ViewLayer | Finished
Saved: '/workspace/scratch/a29d03198654/Aether/cloud-evidence/cloudsea52b-source-v0-20261001T042742Z-pbihr2w7/images/sea52b-0-back.png'
Time: 00:04.71 (Saving: 00:00.05)

Fra:1 Mem:12.51M (Peak 12.51M) | Time:00:00.00 | Mem:0.00M, Peak:0.00M | Scene, ViewLayer | Synchronizing object | CloudSea52b_v0_crown_scroll
Fra:1 Mem:12.51M (Peak 12.51M) | Time:00:00.00 | Mem:0.00M, Peak:0.00M | Scene, ViewLayer | Synchronizing object | Sun
Fra:1 Mem:12.93M (Peak 12.93M) | Time:00:00.00 | Mem:0.00M, Peak:0.00M | Scene, ViewLayer | Initializing
Fra:1 Mem:12.67M (Peak 12.93M) | Time:00:00.00 | Mem:0.00M, Peak:0.00M | Scene, ViewLayer | Waiting for render to start
Fra:1 Mem:12.67M (Peak 12.93M) | Time:00:00.00 | Mem:0.00M, Peak:0.00M | Scene, ViewLayer | Updating Scene
Fra:1 Mem:12.67M (Peak 12.93M) | Time:00:00.00 | Mem:0.00M, Peak:0.00M | Scene, ViewLayer | Updating Shaders
Fra:1 Mem:12.67M (Peak 12.93M) | Time:00:00.00 | Mem:0.00M, Peak:0.00M | Scene, ViewLayer | Loading render kernels (may take a few minutes the first time)
Fra:1 Mem:12.75M (Peak 12.93M) | Time:00:00.00 | Mem:0.00M, Peak:0.00M | Scene, ViewLayer | Updating Procedurals
Fra:1 Mem:12.75M (Peak 12.93M) | Time:00:00.00 | Mem:0.00M, Peak:0.00M | Scene, ViewLayer | Updating Background
Fra:1 Mem:12.75M (Peak 12.93M) | Time:00:00.00 | Mem:0.00M, Peak:0.00M | Scene, ViewLayer | Updating Camera
Fra:1 Mem:12.75M (Peak 12.93M) | Time:00:00.00 | Mem:0.00M, Peak:0.00M | Scene, ViewLayer | Updating Meshes Flags
Fra:1 Mem:12.75M (Peak 12.93M) | Time:00:00.00 | Mem:0.00M, Peak:0.00M | Scene, ViewLayer | Updating Objects
Fra:1 Mem:12.75M (Peak 12.93M) | Time:00:00.00 | Mem:0.00M, Peak:0.00M | Scene, ViewLayer | Updating Objects | Copying Transformations to device
Fra:1 Mem:12.75M (Peak 12.93M) | Time:00:00.00 | Mem:0.00M, Peak:0.00M | Scene, ViewLayer | Updating Particle Systems
Fra:1 Mem:12.75M (Peak 12.93M) | Time:00:00.00 | Mem:0.00M, Peak:0.00M | Scene, ViewLayer | Updating Particle Systems | Copying Particles to device
Fra:1 Mem:12.75M (Peak 12.93M) | Time:00:00.00 | Mem:0.00M, Peak:0.00M | Scene, ViewLayer | Updating Meshes
Fra:1 Mem:12.75M (Peak 12.93M) | Time:00:00.00 | Mem:0.00M, Peak:0.00M | Scene, ViewLayer | Updating Objects | Applying Static Transformations
Fra:1 Mem:12.75M (Peak 12.93M) | Time:00:00.00 | Mem:0.00M, Peak:0.00M | Scene, ViewLayer | Updating Mesh | Computing attributes
Fra:1 Mem:13.01M (Peak 13.01M) | Time:00:00.00 | Mem:0.00M, Peak:0.00M | Scene, ViewLayer | Updating Mesh | Copying Attributes to device
Fra:1 Mem:13.01M (Peak 13.01M) | Time:00:00.00 | Mem:0.26M, Peak:0.26M | Scene, ViewLayer | Updating Scene BVH | Building
Fra:1 Mem:13.01M (Peak 13.01M) | Time:00:00.00 | Mem:0.26M, Peak:0.26M | Scene, ViewLayer | Updating Scene BVH | Building BVH
Fra:1 Mem:13.01M (Peak 13.01M) | Time:00:00.00 | Mem:0.41M, Peak:0.41M | Scene, ViewLayer | Updating Scene BVH | Building BVH 0%
Fra:1 Mem:13.01M (Peak 13.01M) | Time:00:00.00 | Mem:0.59M, Peak:0.74M | Scene, ViewLayer | Updating Scene BVH | Copying BVH to device
Fra:1 Mem:13.01M (Peak 13.01M) | Time:00:00.00 | Mem:0.59M, Peak:0.74M | Scene, ViewLayer | Updating Mesh | Computing normals
Fra:1 Mem:13.14M (Peak 13.14M) | Time:00:00.00 | Mem:0.59M, Peak:0.74M | Scene, ViewLayer | Updating Mesh | Copying Mesh to device
Fra:1 Mem:13.14M (Peak 13.14M) | Time:00:00.00 | Mem:0.72M, Peak:0.74M | Scene, ViewLayer | Updating Objects Flags
Fra:1 Mem:13.14M (Peak 13.14M) | Time:00:00.00 | Mem:0.72M, Peak:0.74M | Scene, ViewLayer | Updating Primitive Offsets
Fra:1 Mem:13.14M (Peak 13.14M) | Time:00:00.00 | Mem:0.72M, Peak:0.74M | Scene, ViewLayer | Updating Images
Fra:1 Mem:13.14M (Peak 13.14M) | Time:00:00.00 | Mem:0.72M, Peak:0.74M | Scene, ViewLayer | Updating Camera Volume
Fra:1 Mem:13.14M (Peak 13.14M) | Time:00:00.00 | Mem:0.72M, Peak:0.74M | Scene, ViewLayer | Updating Lookup Tables
Fra:1 Mem:13.14M (Peak 13.14M) | Time:00:00.00 | Mem:0.80M, Peak:0.80M | Scene, ViewLayer | Updating Lights
Fra:1 Mem:13.14M (Peak 13.14M) | Time:00:00.00 | Mem:0.80M, Peak:0.80M | Scene, ViewLayer | Updating Lights | Computing tree
Fra:1 Mem:13.14M (Peak 13.14M) | Time:00:00.00 | Mem:0.80M, Peak:0.80M | Scene, ViewLayer | Updating Integrator
Fra:1 Mem:13.14M (Peak 13.14M) | Time:00:00.00 | Mem:0.80M, Peak:0.80M | Scene, ViewLayer | Updating Film
Fra:1 Mem:13.14M (Peak 13.14M) | Time:00:00.00 | Mem:0.72M, Peak:0.80M | Scene, ViewLayer | Updating Lookup Tables
Fra:1 Mem:13.14M (Peak 13.14M) | Time:00:00.00 | Mem:0.81M, Peak:0.81M | Scene, ViewLayer | Updating Baking
Fra:1 Mem:13.14M (Peak 13.14M) | Time:00:00.00 | Mem:0.81M, Peak:0.81M | Scene, ViewLayer | Updating Device | Writing constant memory
Fra:1 Mem:13.15M (Peak 13.15M) | Time:00:00.00 | Mem:0.81M, Peak:0.81M | Scene, ViewLayer | Loading denoising kernels (may take a few minutes the first time)
Fra:1 Mem:13.15M (Peak 13.15M) | Time:00:00.00 | Mem:0.81M, Peak:0.81M | Scene, ViewLayer | Sample 0/20
Fra:1 Mem:54.93M (Peak 54.93M) | Time:00:00.06 | Remaining:00:01.08 | Mem:42.55M, Peak:42.55M | Scene, ViewLayer | Sample 1/20
Fra:1 Mem:72.52M (Peak 98.89M) | Time:00:04.39 | Mem:42.55M, Peak:42.55M | Scene, ViewLayer | Sample 20/20
Fra:1 Mem:72.52M (Peak 98.89M) | Time:00:04.39 | Mem:42.55M, Peak:42.55M | Scene, ViewLayer | Finished
Saved: '/workspace/scratch/a29d03198654/Aether/cloud-evidence/cloudsea52b-source-v0-20261001T042742Z-pbihr2w7/images/sea52b-0-side.png'
Time: 00:04.44 (Saving: 00:00.05)

Fra:1 Mem:12.51M (Peak 12.51M) | Time:00:00.00 | Mem:0.00M, Peak:0.00M | Scene, ViewLayer | Synchronizing object | CloudSea52b_v0_crown_scroll
Fra:1 Mem:12.53M (Peak 12.53M) | Time:00:00.00 | Mem:0.00M, Peak:0.00M | Scene, ViewLayer | Synchronizing object | CloudSea52b_v0_notched_shoulder
Fra:1 Mem:12.93M (Peak 12.93M) | Time:00:00.00 | Mem:0.00M, Peak:0.00M | Scene, ViewLayer | Initializing
Fra:1 Mem:12.67M (Peak 12.93M) | Time:00:00.00 | Mem:0.00M, Peak:0.00M | Scene, ViewLayer | Waiting for render to start
Fra:1 Mem:12.67M (Peak 12.93M) | Time:00:00.00 | Mem:0.00M, Peak:0.00M | Scene, ViewLayer | Updating Scene
Fra:1 Mem:12.67M (Peak 12.93M) | Time:00:00.00 | Mem:0.00M, Peak:0.00M | Scene, ViewLayer | Updating Shaders
Fra:1 Mem:12.67M (Peak 12.93M) | Time:00:00.00 | Mem:0.00M, Peak:0.00M | Scene, ViewLayer | Loading render kernels (may take a few minutes the first time)
Fra:1 Mem:12.75M (Peak 12.93M) | Time:00:00.00 | Mem:0.00M, Peak:0.00M | Scene, ViewLayer | Updating Procedurals
Fra:1 Mem:12.75M (Peak 12.93M) | Time:00:00.00 | Mem:0.00M, Peak:0.00M | Scene, ViewLayer | Updating Background
Fra:1 Mem:12.75M (Peak 12.93M) | Time:00:00.00 | Mem:0.00M, Peak:0.00M | Scene, ViewLayer | Updating Camera
Fra:1 Mem:12.75M (Peak 12.93M) | Time:00:00.00 | Mem:0.00M, Peak:0.00M | Scene, ViewLayer | Updating Meshes Flags
Fra:1 Mem:12.75M (Peak 12.93M) | Time:00:00.00 | Mem:0.00M, Peak:0.00M | Scene, ViewLayer | Updating Objects
Fra:1 Mem:12.75M (Peak 12.93M) | Time:00:00.00 | Mem:0.00M, Peak:0.00M | Scene, ViewLayer | Updating Objects | Copying Transformations to device
Fra:1 Mem:12.75M (Peak 12.93M) | Time:00:00.00 | Mem:0.00M, Peak:0.00M | Scene, ViewLayer | Updating Particle Systems
Fra:1 Mem:12.75M (Peak 12.93M) | Time:00:00.00 | Mem:0.00M, Peak:0.00M | Scene, ViewLayer | Updating Particle Systems | Copying Particles to device
Fra:1 Mem:12.75M (Peak 12.93M) | Time:00:00.00 | Mem:0.00M, Peak:0.00M | Scene, ViewLayer | Updating Meshes
Fra:1 Mem:12.75M (Peak 12.93M) | Time:00:00.00 | Mem:0.00M, Peak:0.00M | Scene, ViewLayer | Updating Objects | Applying Static Transformations
Fra:1 Mem:12.75M (Peak 12.93M) | Time:00:00.00 | Mem:0.00M, Peak:0.00M | Scene, ViewLayer | Updating Mesh | Computing attributes
Fra:1 Mem:13.01M (Peak 13.01M) | Time:00:00.00 | Mem:0.00M, Peak:0.00M | Scene, ViewLayer | Updating Mesh | Copying Attributes to device
Fra:1 Mem:13.01M (Peak 13.01M) | Time:00:00.00 | Mem:0.26M, Peak:0.26M | Scene, ViewLayer | Updating Scene BVH | Building
Fra:1 Mem:13.01M (Peak 13.01M) | Time:00:00.00 | Mem:0.26M, Peak:0.26M | Scene, ViewLayer | Updating Scene BVH | Building BVH
Fra:1 Mem:13.01M (Peak 13.01M) | Time:00:00.00 | Mem:0.41M, Peak:0.41M | Scene, ViewLayer | Updating Scene BVH | Building BVH 0%
Fra:1 Mem:13.01M (Peak 13.01M) | Time:00:00.00 | Mem:0.59M, Peak:0.74M | Scene, ViewLayer | Updating Scene BVH | Copying BVH to device
Fra:1 Mem:13.01M (Peak 13.01M) | Time:00:00.00 | Mem:0.59M, Peak:0.74M | Scene, ViewLayer | Updating Mesh | Computing normals
Fra:1 Mem:13.14M (Peak 13.14M) | Time:00:00.00 | Mem:0.59M, Peak:0.74M | Scene, ViewLayer | Updating Mesh | Copying Mesh to device
Fra:1 Mem:13.14M (Peak 13.14M) | Time:00:00.00 | Mem:0.72M, Peak:0.74M | Scene, ViewLayer | Updating Objects Flags
Fra:1 Mem:13.14M (Peak 13.14M) | Time:00:00.00 | Mem:0.72M, Peak:0.74M | Scene, ViewLayer | Updating Primitive Offsets
Fra:1 Mem:13.14M (Peak 13.14M) | Time:00:00.00 | Mem:0.72M, Peak:0.74M | Scene, ViewLayer | Updating Images
Fra:1 Mem:13.14M (Peak 13.14M) | Time:00:00.00 | Mem:0.72M, Peak:0.74M | Scene, ViewLayer | Updating Camera Volume
Fra:1 Mem:13.14M (Peak 13.14M) | Time:00:00.00 | Mem:0.72M, Peak:0.74M | Scene, ViewLayer | Updating Lookup Tables
Fra:1 Mem:13.14M (Peak 13.14M) | Time:00:00.00 | Mem:0.80M, Peak:0.80M | Scene, ViewLayer | Updating Lights
Fra:1 Mem:13.14M (Peak 13.14M) | Time:00:00.00 | Mem:0.80M, Peak:0.80M | Scene, ViewLayer | Updating Lights | Computing tree
Fra:1 Mem:13.14M (Peak 13.14M) | Time:00:00.00 | Mem:0.80M, Peak:0.80M | Scene, ViewLayer | Updating Integrator
Fra:1 Mem:13.14M (Peak 13.14M) | Time:00:00.00 | Mem:0.80M, Peak:0.80M | Scene, ViewLayer | Updating Film
Fra:1 Mem:13.14M (Peak 13.14M) | Time:00:00.00 | Mem:0.72M, Peak:0.80M | Scene, ViewLayer | Updating Lookup Tables
Fra:1 Mem:13.14M (Peak 13.14M) | Time:00:00.00 | Mem:0.81M, Peak:0.81M | Scene, ViewLayer | Updating Baking
Fra:1 Mem:13.14M (Peak 13.14M) | Time:00:00.00 | Mem:0.81M, Peak:0.81M | Scene, ViewLayer | Updating Device | Writing constant memory
Fra:1 Mem:13.15M (Peak 13.15M) | Time:00:00.00 | Mem:0.81M, Peak:0.81M | Scene, ViewLayer | Loading denoising kernels (may take a few minutes the first time)
Fra:1 Mem:13.15M (Peak 13.15M) | Time:00:00.00 | Mem:0.81M, Peak:0.81M | Scene, ViewLayer | Sample 0/20
Fra:1 Mem:54.93M (Peak 54.93M) | Time:00:00.07 | Remaining:00:01.31 | Mem:42.55M, Peak:42.55M | Scene, ViewLayer | Sample 1/20
Fra:1 Mem:72.52M (Peak 98.89M) | Time:00:05.38 | Mem:42.55M, Peak:42.55M | Scene, ViewLayer | Sample 20/20
Fra:1 Mem:72.52M (Peak 98.89M) | Time:00:05.38 | Mem:42.55M, Peak:42.55M | Scene, ViewLayer | Finished
Saved: '/workspace/scratch/a29d03198654/Aether/cloud-evidence/cloudsea52b-source-v0-20261001T042742Z-pbihr2w7/images/sea52b-0-underside.png'
Time: 00:05.43 (Saving: 00:00.05)

Fra:1 Mem:12.51M (Peak 12.51M) | Time:00:00.00 | Mem:0.00M, Peak:0.00M | Scene, ViewLayer | Synchronizing object | CloudSea52b_v0_crown_scroll
Fra:1 Mem:12.53M (Peak 12.53M) | Time:00:00.00 | Mem:0.00M, Peak:0.00M | Scene, ViewLayer | Synchronizing object | CloudSea52b_v0_notched_shoulder
Fra:1 Mem:12.71M (Peak 12.71M) | Time:00:00.00 | Mem:0.00M, Peak:0.00M | Scene, ViewLayer | Synchronizing object | CloudSea52b_v0_low_winding_tail
Fra:1 Mem:12.79M (Peak 12.79M) | Time:00:00.00 | Mem:0.00M, Peak:0.00M | Scene, ViewLayer | Synchronizing object | Sun
Fra:1 Mem:12.93M (Peak 12.93M) | Time:00:00.00 | Mem:0.00M, Peak:0.00M | Scene, ViewLayer | Initializing
Fra:1 Mem:12.67M (Peak 12.93M) | Time:00:00.00 | Mem:0.00M, Peak:0.00M | Scene, ViewLayer | Waiting for render to start
Fra:1 Mem:12.67M (Peak 12.93M) | Time:00:00.00 | Mem:0.00M, Peak:0.00M | Scene, ViewLayer | Updating Scene
Fra:1 Mem:12.67M (Peak 12.93M) | Time:00:00.00 | Mem:0.00M, Peak:0.00M | Scene, ViewLayer | Updating Shaders
Fra:1 Mem:12.67M (Peak 12.93M) | Time:00:00.00 | Mem:0.00M, Peak:0.00M | Scene, ViewLayer | Loading render kernels (may take a few minutes the first time)
Fra:1 Mem:12.75M (Peak 12.93M) | Time:00:00.00 | Mem:0.00M, Peak:0.00M | Scene, ViewLayer | Updating Procedurals
Fra:1 Mem:12.75M (Peak 12.93M) | Time:00:00.00 | Mem:0.00M, Peak:0.00M | Scene, ViewLayer | Updating Background
Fra:1 Mem:12.75M (Peak 12.93M) | Time:00:00.00 | Mem:0.00M, Peak:0.00M | Scene, ViewLayer | Updating Camera
Fra:1 Mem:12.75M (Peak 12.93M) | Time:00:00.00 | Mem:0.00M, Peak:0.00M | Scene, ViewLayer | Updating Meshes Flags
Fra:1 Mem:12.75M (Peak 12.93M) | Time:00:00.00 | Mem:0.00M, Peak:0.00M | Scene, ViewLayer | Updating Objects
Fra:1 Mem:12.75M (Peak 12.93M) | Time:00:00.00 | Mem:0.00M, Peak:0.00M | Scene, ViewLayer | Updating Objects | Copying Transformations to device
Fra:1 Mem:12.75M (Peak 12.93M) | Time:00:00.00 | Mem:0.00M, Peak:0.00M | Scene, ViewLayer | Updating Particle Systems
Fra:1 Mem:12.75M (Peak 12.93M) | Time:00:00.00 | Mem:0.00M, Peak:0.00M | Scene, ViewLayer | Updating Particle Systems | Copying Particles to device
Fra:1 Mem:12.75M (Peak 12.93M) | Time:00:00.00 | Mem:0.00M, Peak:0.00M | Scene, ViewLayer | Updating Meshes
Fra:1 Mem:12.75M (Peak 12.93M) | Time:00:00.00 | Mem:0.00M, Peak:0.00M | Scene, ViewLayer | Updating Objects | Applying Static Transformations
Fra:1 Mem:12.75M (Peak 12.93M) | Time:00:00.00 | Mem:0.00M, Peak:0.00M | Scene, ViewLayer | Updating Mesh | Computing attributes
Fra:1 Mem:13.01M (Peak 13.01M) | Time:00:00.00 | Mem:0.00M, Peak:0.00M | Scene, ViewLayer | Updating Mesh | Copying Attributes to device
Fra:1 Mem:13.01M (Peak 13.01M) | Time:00:00.00 | Mem:0.26M, Peak:0.26M | Scene, ViewLayer | Updating Scene BVH | Building
Fra:1 Mem:13.01M (Peak 13.01M) | Time:00:00.00 | Mem:0.26M, Peak:0.26M | Scene, ViewLayer | Updating Scene BVH | Building BVH
Fra:1 Mem:13.01M (Peak 13.01M) | Time:00:00.00 | Mem:0.41M, Peak:0.41M | Scene, ViewLayer | Updating Scene BVH | Building BVH 0%
Fra:1 Mem:13.01M (Peak 13.01M) | Time:00:00.00 | Mem:0.59M, Peak:0.74M | Scene, ViewLayer | Updating Scene BVH | Copying BVH to device
Fra:1 Mem:13.01M (Peak 13.01M) | Time:00:00.00 | Mem:0.59M, Peak:0.74M | Scene, ViewLayer | Updating Mesh | Computing normals
Fra:1 Mem:13.14M (Peak 13.14M) | Time:00:00.00 | Mem:0.59M, Peak:0.74M | Scene, ViewLayer | Updating Mesh | Copying Mesh to device
Fra:1 Mem:13.14M (Peak 13.14M) | Time:00:00.00 | Mem:0.72M, Peak:0.74M | Scene, ViewLayer | Updating Objects Flags
Fra:1 Mem:13.14M (Peak 13.14M) | Time:00:00.00 | Mem:0.72M, Peak:0.74M | Scene, ViewLayer | Updating Primitive Offsets
Fra:1 Mem:13.14M (Peak 13.14M) | Time:00:00.00 | Mem:0.72M, Peak:0.74M | Scene, ViewLayer | Updating Images
Fra:1 Mem:13.14M (Peak 13.14M) | Time:00:00.00 | Mem:0.72M, Peak:0.74M | Scene, ViewLayer | Updating Camera Volume
Fra:1 Mem:13.14M (Peak 13.14M) | Time:00:00.00 | Mem:0.72M, Peak:0.74M | Scene, ViewLayer | Updating Lookup Tables
Fra:1 Mem:13.14M (Peak 13.14M) | Time:00:00.00 | Mem:0.80M, Peak:0.80M | Scene, ViewLayer | Updating Lights
Fra:1 Mem:13.14M (Peak 13.14M) | Time:00:00.00 | Mem:0.80M, Peak:0.80M | Scene, ViewLayer | Updating Lights | Computing tree
Fra:1 Mem:13.14M (Peak 13.14M) | Time:00:00.00 | Mem:0.80M, Peak:0.80M | Scene, ViewLayer | Updating Integrator
Fra:1 Mem:13.14M (Peak 13.14M) | Time:00:00.00 | Mem:0.80M, Peak:0.80M | Scene, ViewLayer | Updating Film
Fra:1 Mem:13.14M (Peak 13.14M) | Time:00:00.00 | Mem:0.72M, Peak:0.80M | Scene, ViewLayer | Updating Lookup Tables
Fra:1 Mem:13.14M (Peak 13.14M) | Time:00:00.00 | Mem:0.81M, Peak:0.81M | Scene, ViewLayer | Updating Baking
Fra:1 Mem:13.14M (Peak 13.14M) | Time:00:00.00 | Mem:0.81M, Peak:0.81M | Scene, ViewLayer | Updating Device | Writing constant memory
Fra:1 Mem:13.15M (Peak 13.15M) | Time:00:00.00 | Mem:0.81M, Peak:0.81M | Scene, ViewLayer | Loading denoising kernels (may take a few minutes the first time)
Fra:1 Mem:13.15M (Peak 13.15M) | Time:00:00.00 | Mem:0.81M, Peak:0.81M | Scene, ViewLayer | Sample 0/20
Fra:1 Mem:54.93M (Peak 54.93M) | Time:00:00.09 | Remaining:00:01.71 | Mem:42.55M, Peak:42.55M | Scene, ViewLayer | Sample 1/20
Fra:1 Mem:72.52M (Peak 98.89M) | Time:00:04.97 | Mem:42.55M, Peak:42.55M | Scene, ViewLayer | Sample 20/20
Fra:1 Mem:72.52M (Peak 98.89M) | Time:00:04.97 | Mem:42.55M, Peak:42.55M | Scene, ViewLayer | Finished
Saved: '/workspace/scratch/a29d03198654/Aether/cloud-evidence/cloudsea52b-source-v0-20261001T042742Z-pbihr2w7/images/sea52b-0-top.png'
Time: 00:05.03 (Saving: 00:00.05)


Blender quit
