INFO Draco mesh compression is available, use library at D:\test6\.tools\blender\blender-4.5.0-windows-x64\4.5\scripts\addons_core\io_scene_gltf2\extern_draco.dll
14:43:07 | INFO: Starting glTF 2.0 export
14:43:07 | INFO: Extracting primitive: Belt stitching 1
14:43:07 | INFO: Primitives created: 1
14:43:07 | INFO: Extracting primitive: Belt stitching 2
14:43:07 | INFO: Primitives created: 1
14:43:07 | INFO: Extracting primitive: Belt stitching 3
14:43:07 | INFO: Primitives created: 1
14:43:07 | INFO: Extracting primitive: Boiler chimney
14:43:07 | INFO: Primitives created: 1
14:43:07 | INFO: Extracting primitive: Cube.007
14:43:07 | INFO: Primitives created: 1
14:43:07 | INFO: Extracting primitive: Cube.008
14:43:07 | INFO: Primitives created: 1
14:43:07 | INFO: Extracting primitive: Cube.001
14:43:07 | INFO: Primitives created: 1
14:43:07 | INFO: Extracting primitive: Cube.003
14:43:07 | INFO: Primitives created: 1
14:43:07 | INFO: Extracting primitive: Cube.005
14:43:07 | INFO: Primitives created: 1
14:43:07 | INFO: Extracting primitive: Cube.026
14:43:07 | INFO: Primitives created: 1
14:43:07 | INFO: Extracting primitive: Hand modeled mesh
14:43:07 | INFO: Primitives created: 1
14:43:07 | INFO: Extracting primitive: Cube.024
14:43:07 | INFO: Primitives created: 1
14:43:07 | INFO: Extracting primitive: Cube.023
14:43:07 | INFO: Primitives created: 1
14:43:07 | INFO: Extracting primitive: Cube.022
14:43:07 | INFO: Primitives created: 1
14:43:07 | INFO: Extracting primitive: Cube.021
14:43:07 | INFO: Primitives created: 1
14:43:07 | INFO: Extracting primitive: Cube.020
14:43:07 | INFO: Primitives created: 1
14:43:07 | INFO: Extracting primitive: Cube.019
14:43:07 | INFO: Primitives created: 1
14:43:07 | INFO: Extracting primitive: Cube.018
14:43:07 | INFO: Primitives created: 1
14:43:07 | INFO: Extracting primitive: Icosphere
14:43:07 | INFO: Primitives created: 1
14:43:07 | INFO: Extracting primitive: FlagMesh
14:43:07 | INFO: Primitives created: 1
14:43:07 | INFO: Extracting primitive: Flagstaff
14:43:07 | INFO: Primitives created: 1
14:43:07 | INFO: Extracting primitive: GondolaMesh
14:43:07 | INFO: Primitives created: 1
14:43:07 | INFO: Extracting primitive: Lantern suspension
14:43:07 | INFO: Primitives created: 1
14:43:07 | INFO: Extracting primitive: Leather belt 1
14:43:07 | INFO: Primitives created: 1
14:43:07 | INFO: Extracting primitive: Leather belt 2
14:43:07 | INFO: Primitives created: 1
14:43:07 | INFO: Extracting primitive: Leather belt 3
14:43:07 | INFO: Primitives created: 1
14:43:07 | INFO: Extracting primitive: Cube.025
14:43:07 | INFO: Primitives created: 1
14:43:07 | INFO: Extracting primitive: Rear propeller axle
14:43:07 | INFO: Primitives created: 1
14:43:07 | INFO: Extracting primitive: RiggingMesh
14:43:07 | INFO: Primitives created: 1
14:43:07 | INFO: Extracting primitive: Cube.012
14:43:07 | INFO: Primitives created: 1
14:43:07 | INFO: Extracting primitive: Cube.011
14:43:07 | INFO: Primitives created: 1
14:43:07 | INFO: Extracting primitive: Cube.010
14:43:07 | INFO: Primitives created: 1
14:43:07 | INFO: Extracting primitive: Cube.009
14:43:07 | INFO: Primitives created: 1
14:43:07 | INFO: Extracting primitive: Cube.013
14:43:07 | INFO: Primitives created: 1
14:43:07 | INFO: Extracting primitive: Cube.014
14:43:07 | INFO: Primitives created: 1
14:43:07 | INFO: Extracting primitive: Cube.015
14:43:07 | INFO: Primitives created: 1
14:43:07 | INFO: Extracting primitive: Cube.016
14:43:07 | INFO: Primitives created: 1
14:43:07 | INFO: Extracting primitive: Cube.017
14:43:07 | INFO: Primitives created: 1
14:43:07 | INFO: Extracting primitive: Rope swag -1_-1.45
14:43:07 | INFO: Primitives created: 1
14:43:07 | INFO: Extracting primitive: Rope swag -1_-2.75
14:43:07 | INFO: Primitives created: 1
14:43:07 | INFO: Extracting primitive: Rope swag -1_0.1
14:43:07 | INFO: Primitives created: 1
14:43:07 | INFO: Extracting primitive: Rope swag -1_1.5
14:43:07 | INFO: Primitives created: 1
14:43:07 | INFO: Extracting primitive: Rope swag 1_-1.45
14:43:07 | INFO: Primitives created: 1
14:43:07 | INFO: Extracting primitive: Rope swag 1_-2.75
14:43:07 | INFO: Primitives created: 1
14:43:07 | INFO: Extracting primitive: Rope swag 1_0.1
14:43:07 | INFO: Primitives created: 1
14:43:07 | INFO: Extracting primitive: Rope swag 1_1.5
14:43:07 | INFO: Primitives created: 1
14:43:07 | INFO: Extracting primitive: Tension cable 0_-1
14:43:07 | INFO: Primitives created: 1
14:43:07 | INFO: Extracting primitive: Tension cable 0_1
14:43:07 | INFO: Primitives created: 1
14:43:07 | INFO: Extracting primitive: Tension cable 1_-1
14:43:07 | INFO: Primitives created: 1
14:43:07 | INFO: Extracting primitive: Tension cable 1_1
14:43:07 | INFO: Primitives created: 1
14:43:07 | INFO: Extracting primitive: Upper gunwale -1
14:43:07 | INFO: Primitives created: 1
14:43:07 | INFO: Extracting primitive: Upper gunwale 1
14:43:07 | INFO: Primitives created: 1
14:43:07 | INFO: Extracting primitive: Cube.002
14:43:07 | INFO: Primitives created: 1
14:43:07 | INFO: Extracting primitive: Cube.004
14:43:07 | INFO: Primitives created: 1
14:43:07 | INFO: Extracting primitive: Cube.006
14:43:07 | INFO: Primitives created: 1
14:43:07 | INFO: Finished glTF 2.0 export in 0.08955121040344238 s

14:43:07 | INFO: Starting glTF 2.0 export
14:43:07 | INFO: Extracting primitive: PropellerMesh
14:43:07 | INFO: Primitives created: 1
14:43:07 | INFO: Finished glTF 2.0 export in 0.004988908767700195 s

14:43:07 | INFO: Starting glTF 2.0 export
14:43:07 | INFO: Extracting primitive: oakGeometry
14:43:07 | INFO: Primitives created: 1
14:43:07 | INFO: Finished glTF 2.0 export in 0.005508899688720703 s

ASSET oak 273 faces
14:43:07 | INFO: Starting glTF 2.0 export
14:43:07 | INFO: Extracting primitive: poplarGeometry
14:43:07 | INFO: Primitives created: 1
14:43:07 | INFO: Finished glTF 2.0 export in 0.010859966278076172 s

ASSET poplar 109 faces
14:43:07 | INFO: Starting glTF 2.0 export
14:43:07 | INFO: Extracting primitive: pineGeometry
14:43:07 | INFO: Primitives created: 1
14:43:07 | INFO: Finished glTF 2.0 export in 0.005330562591552734 s

ASSET pine 32 faces
14:43:07 | INFO: Starting glTF 2.0 export
14:43:07 | INFO: Extracting primitive: bushGeometry
14:43:07 | INFO: Primitives created: 1
14:43:07 | INFO: Finished glTF 2.0 export in 0.007580280303955078 s

ASSET bush 40 faces
14:43:07 | INFO: Starting glTF 2.0 export
14:43:07 | INFO: Extracting primitive: rockGeometry
14:43:07 | INFO: Primitives created: 1
14:43:07 | INFO: Finished glTF 2.0 export in 0.007979393005371094 s

ASSET rock 40 faces
14:43:08 | INFO: Starting glTF 2.0 export
14:43:08 | INFO: Extracting primitive: cottageGeometry
14:43:08 | INFO: Primitives created: 1
14:43:08 | INFO: Finished glTF 2.0 export in 0.005983591079711914 s

ASSET cottage 143 faces
14:43:08 | INFO: Starting glTF 2.0 export
14:43:08 | INFO: Extracting primitive: millGeometry
14:43:08 | INFO: Primitives created: 1
14:43:08 | INFO: Finished glTF 2.0 export in 0.0045680999755859375 s

ASSET mill 39 faces
14:43:08 | INFO: Starting glTF 2.0 export
14:43:08 | INFO: Extracting primitive: mill_rotorGeometry
14:43:08 | INFO: Primitives created: 1
14:43:08 | INFO: Finished glTF 2.0 export in 0.0054531097412109375 s

ASSET mill_rotor 64 faces
14:43:08 | INFO: Starting glTF 2.0 export
14:43:08 | INFO: Extracting primitive: lighthouseGeometry
14:43:08 | INFO: Primitives created: 1
14:43:08 | INFO: Finished glTF 2.0 export in 0.005129575729370117 s

ASSET lighthouse 419 faces
14:43:09 | INFO: Starting glTF 2.0 export
14:43:09 | INFO: Extracting primitive: castleGeometry
14:43:09 | INFO: Primitives created: 1
14:43:09 | INFO: Finished glTF 2.0 export in 0.006853342056274414 s

ASSET castle 636 faces
14:43:09 | INFO: Starting glTF 2.0 export
14:43:09 | INFO: Extracting primitive: observatoryGeometry
14:43:09 | INFO: Primitives created: 1
14:43:09 | INFO: Finished glTF 2.0 export in 0.0039937496185302734 s

ASSET observatory 134 faces
14:43:09 | INFO: Starting glTF 2.0 export
14:43:09 | INFO: Extracting primitive: ruinsGeometry
14:43:09 | INFO: Primitives created: 1
14:43:09 | INFO: Finished glTF 2.0 export in 0.006609678268432617 s

ASSET ruins 164 faces
14:43:10 | INFO: Starting glTF 2.0 export
14:43:10 | INFO: Extracting primitive: dockGeometry
14:43:10 | INFO: Primitives created: 1
14:43:10 | INFO: Finished glTF 2.0 export in 0.005984306335449219 s

ASSET dock 322 faces
14:43:10 | INFO: Starting glTF 2.0 export
14:43:10 | INFO: Extracting primitive: crateGeometry
14:43:10 | INFO: Primitives created: 1
14:43:10 | INFO: Finished glTF 2.0 export in 0.007324695587158203 s

ASSET crate 50 faces
14:43:10 | INFO: Starting glTF 2.0 export
14:43:10 | INFO: Extracting primitive: cloudGeometry
14:43:10 | INFO: Primitives created: 1
14:43:10 | INFO: Finished glTF 2.0 export in 0.008320331573486328 s

ASSET cloud 400 faces
Warning: No mesh data to join
14:43:10 | INFO: Starting glTF 2.0 export
14:43:10 | INFO: Extracting primitive: sky_ringGeometry
14:43:10 | INFO: Primitives created: 1
14:43:10 | INFO: Finished glTF 2.0 export in 0.007381916046142578 s

ASSET sky_ring 192 faces
Blender 4.5.0 (hash 8cb6b388974a built 2025-07-15 01:36:24)
Read blend: "D:\test6\blender\Aether.blend"
Fra:1 Mem:81.48M (Peak 81.48M) | Time:00:00.80 | Rendering 1 / 64 samples
Fra:1 Mem:81.48M (Peak 81.48M) | Time:00:00.80 | Rendering 25 / 64 samples
Fra:1 Mem:81.48M (Peak 81.48M) | Time:00:00.81 | Rendering 50 / 64 samples
Fra:1 Mem:81.48M (Peak 81.48M) | Time:00:00.81 | Rendering 64 / 64 samples
Saved: 'D:\test6\captures\asset-library.png'
Time: 00:01.09 (Saving: 00:00.17)

Info: Saved as "Assets.blend"
ASSET LIBRARY COMPLETE 16 MODELS

Blender quit
