MODELED Terrain 6035 vertices
MODELED Groves 8068 vertices
MODELED Hamlets 2479 vertices
MODELED Paths 1660 vertices
MODELED Clouds 602 vertices
MODELED SnowRange 736 vertices
MODELED ForegroundCliffs 424 vertices
MODELED Water 3711 vertices
MODELED Rigging 3535 vertices
MODELED Gondola 282 vertices
MODELED Flag 7 vertices
MODELED Propeller.001 37 vertices
INFO Draco mesh compression is available, use library at D:\test6\.tools\blender\blender-4.5.0-windows-x64\4.5\scripts\addons_core\io_scene_gltf2\extern_draco.dll
12:35:10 | INFO: Starting glTF 2.0 export
12:35:10 | INFO: Extracting primitive: CloudsMesh
12:35:10 | INFO: Primitives created: 1
12:35:10 | INFO: Extracting primitive: ForegroundCliffsMesh
12:35:11 | INFO: Primitives created: 1
12:35:11 | INFO: Extracting primitive: GrovesMesh
12:35:11 | INFO: Primitives created: 1
12:35:11 | INFO: Extracting primitive: HamletsMesh
12:35:11 | INFO: Primitives created: 1
12:35:11 | INFO: Extracting primitive: Plane
12:35:11 | INFO: Primitives created: 1
12:35:11 | INFO: Extracting primitive: PathsMesh
12:35:11 | INFO: Primitives created: 1
12:35:11 | INFO: Extracting primitive: SnowRangeMesh
12:35:11 | INFO: Primitives created: 1
12:35:11 | INFO: Extracting primitive: TerrainMesh
12:35:11 | INFO: Primitives created: 1
12:35:11 | INFO: Extracting primitive: WaterMesh
12:35:11 | INFO: Primitives created: 1
12:35:11 | INFO: Finished glTF 2.0 export in 0.1399216651916504 s

12:35:11 | INFO: Starting glTF 2.0 export
12:35:11 | INFO: Extracting primitive: Belt stitching 1
12:35:11 | INFO: Primitives created: 1
12:35:11 | INFO: Extracting primitive: Belt stitching 2
12:35:11 | INFO: Primitives created: 1
12:35:11 | INFO: Extracting primitive: Belt stitching 3
12:35:11 | INFO: Primitives created: 1
12:35:11 | INFO: Extracting primitive: Boiler chimney
12:35:11 | INFO: Primitives created: 1
12:35:11 | INFO: Extracting primitive: Cube.007
12:35:11 | INFO: Primitives created: 1
12:35:11 | INFO: Extracting primitive: Cube.008
12:35:11 | INFO: Primitives created: 1
12:35:11 | INFO: Extracting primitive: Cube.001
12:35:11 | INFO: Primitives created: 1
12:35:11 | INFO: Extracting primitive: Cube.003
12:35:11 | INFO: Primitives created: 1
12:35:11 | INFO: Extracting primitive: Cube.005
12:35:11 | INFO: Primitives created: 1
12:35:11 | INFO: Extracting primitive: Cube.026
12:35:11 | INFO: Primitives created: 1
12:35:11 | INFO: Extracting primitive: Cube.024
12:35:11 | INFO: Primitives created: 1
12:35:11 | INFO: Extracting primitive: Cube.023
12:35:11 | INFO: Primitives created: 1
12:35:11 | INFO: Extracting primitive: Cube.022
12:35:11 | INFO: Primitives created: 1
12:35:11 | INFO: Extracting primitive: Cube.021
12:35:11 | INFO: Primitives created: 1
12:35:11 | INFO: Extracting primitive: Cube.020
12:35:11 | INFO: Primitives created: 1
12:35:11 | INFO: Extracting primitive: Cube.019
12:35:11 | INFO: Primitives created: 1
12:35:11 | INFO: Extracting primitive: Cube.018
12:35:11 | INFO: Primitives created: 1
12:35:11 | INFO: Extracting primitive: Icosphere
12:35:11 | INFO: Primitives created: 1
12:35:11 | INFO: Extracting primitive: FlagMesh
12:35:11 | INFO: Primitives created: 1
12:35:11 | INFO: Extracting primitive: Flagstaff
12:35:11 | INFO: Primitives created: 1
12:35:11 | INFO: Extracting primitive: GondolaMesh
12:35:11 | INFO: Primitives created: 1
12:35:11 | INFO: Extracting primitive: Lantern suspension
12:35:11 | INFO: Primitives created: 1
12:35:11 | INFO: Extracting primitive: Leather belt 1
12:35:11 | INFO: Primitives created: 1
12:35:11 | INFO: Extracting primitive: Leather belt 2
12:35:11 | INFO: Primitives created: 1
12:35:11 | INFO: Extracting primitive: Leather belt 3
12:35:11 | INFO: Primitives created: 1
12:35:11 | INFO: Extracting primitive: Cube.025
12:35:11 | INFO: Primitives created: 1
12:35:11 | INFO: Extracting primitive: Rear propeller axle
12:35:11 | INFO: Primitives created: 1
12:35:11 | INFO: Extracting primitive: RiggingMesh
12:35:11 | INFO: Primitives created: 1
12:35:11 | INFO: Extracting primitive: Cube.012
12:35:11 | INFO: Primitives created: 1
12:35:11 | INFO: Extracting primitive: Cube.011
12:35:11 | INFO: Primitives created: 1
12:35:11 | INFO: Extracting primitive: Cube.010
12:35:11 | INFO: Primitives created: 1
12:35:11 | INFO: Extracting primitive: Cube.009
12:35:11 | INFO: Primitives created: 1
12:35:11 | INFO: Extracting primitive: Cube.013
12:35:11 | INFO: Primitives created: 1
12:35:11 | INFO: Extracting primitive: Cube.014
12:35:11 | INFO: Primitives created: 1
12:35:11 | INFO: Extracting primitive: Cube.015
12:35:11 | INFO: Primitives created: 1
12:35:11 | INFO: Extracting primitive: Cube.016
12:35:11 | INFO: Primitives created: 1
12:35:11 | INFO: Extracting primitive: Cube.017
12:35:11 | INFO: Primitives created: 1
12:35:11 | INFO: Extracting primitive: Rope swag -1_-1.45
12:35:11 | INFO: Primitives created: 1
12:35:11 | INFO: Extracting primitive: Rope swag -1_-2.75
12:35:11 | INFO: Primitives created: 1
12:35:11 | INFO: Extracting primitive: Rope swag -1_0.1
12:35:11 | INFO: Primitives created: 1
12:35:11 | INFO: Extracting primitive: Rope swag -1_1.5
12:35:11 | INFO: Primitives created: 1
12:35:11 | INFO: Extracting primitive: Rope swag 1_-1.45
12:35:11 | INFO: Primitives created: 1
12:35:11 | INFO: Extracting primitive: Rope swag 1_-2.75
12:35:11 | INFO: Primitives created: 1
12:35:11 | INFO: Extracting primitive: Rope swag 1_0.1
12:35:11 | INFO: Primitives created: 1
12:35:11 | INFO: Extracting primitive: Rope swag 1_1.5
12:35:11 | INFO: Primitives created: 1
12:35:11 | INFO: Extracting primitive: Tension cable 0_-1
12:35:11 | INFO: Primitives created: 1
12:35:11 | INFO: Extracting primitive: Tension cable 0_1
12:35:11 | INFO: Primitives created: 1
12:35:11 | INFO: Extracting primitive: Tension cable 1_-1
12:35:11 | INFO: Primitives created: 1
12:35:11 | INFO: Extracting primitive: Tension cable 1_1
12:35:11 | INFO: Primitives created: 1
12:35:11 | INFO: Extracting primitive: Upper gunwale -1
12:35:11 | INFO: Primitives created: 1
12:35:11 | INFO: Extracting primitive: Upper gunwale 1
12:35:11 | INFO: Primitives created: 1
12:35:11 | INFO: Extracting primitive: Cube.002
12:35:11 | INFO: Primitives created: 1
12:35:11 | INFO: Extracting primitive: Cube.004
12:35:11 | INFO: Primitives created: 1
12:35:11 | INFO: Extracting primitive: Cube.006
12:35:11 | INFO: Primitives created: 1
12:35:11 | INFO: Finished glTF 2.0 export in 0.1266613006591797 s

12:35:11 | INFO: Starting glTF 2.0 export
12:35:11 | INFO: Extracting primitive: PropellerMesh
12:35:11 | INFO: Primitives created: 1
12:35:11 | INFO: Finished glTF 2.0 export in 0.004987001419067383 s

Info: Packed 1 file(s)
Info: Saved as "Aether.blend"
BLENDER AUTHORING COMPLETE 4.5.0 Objects: 69
Blender 4.5.0 (hash 8cb6b388974a built 2025-07-15 01:36:24)

Blender quit
