Info: Saved as "moon.blend"
INFO Draco mesh compression is available, use library at E:\FeiTing\.tools\blender\blender-4.5.0-windows-x64\4.5\scripts\addons_core\io_scene_gltf2\extern_draco.dll
18:14:54 | INFO: Starting glTF 2.0 export
18:14:54 | INFO: Extracting primitive: Icosphere
18:14:54 | INFO: Primitives created: 5
18:14:54 | INFO: Finished glTF 2.0 export in 0.01628422737121582 s

Info: Saved as "cloud_bank_0.blend"
18:14:54 | INFO: Starting glTF 2.0 export
18:14:54 | INFO: Extracting primitive: Cloud bank 0 joined vapor lobe 00
18:14:54 | INFO: Primitives created: 1
18:14:54 | INFO: Extracting primitive: Cloud bank 0 joined vapor lobe 01
18:14:54 | INFO: Primitives created: 1
18:14:54 | INFO: Extracting primitive: Cloud bank 0 joined vapor lobe 02
18:14:54 | INFO: Primitives created: 1
18:14:54 | INFO: Finished glTF 2.0 export in 0.012045621871948242 s

Info: Saved as "cloud_bank_1.blend"
18:14:54 | INFO: Starting glTF 2.0 export
18:14:54 | INFO: Extracting primitive: Cloud bank 1 joined vapor lobe 00
18:14:54 | INFO: Primitives created: 1
18:14:54 | INFO: Extracting primitive: Cloud bank 1 joined vapor lobe 01
18:14:54 | INFO: Primitives created: 1
18:14:54 | INFO: Extracting primitive: Cloud bank 1 joined vapor lobe 02
18:14:54 | INFO: Primitives created: 1
18:14:54 | INFO: Extracting primitive: Cloud bank 1 joined vapor lobe 03
18:14:54 | INFO: Primitives created: 1
18:14:54 | INFO: Extracting primitive: Cloud bank 1 joined vapor lobe 04
18:14:54 | INFO: Primitives created: 1
18:14:54 | INFO: Finished glTF 2.0 export in 0.01522684097290039 s

Info: Saved as "cloud_bank_2.blend"
18:14:54 | INFO: Starting glTF 2.0 export
18:14:54 | INFO: Extracting primitive: Cloud bank 2 joined vapor lobe 00
18:14:54 | INFO: Primitives created: 1
18:14:54 | INFO: Extracting primitive: Cloud bank 2 joined vapor lobe 01
18:14:54 | INFO: Primitives created: 1
18:14:54 | INFO: Extracting primitive: Cloud bank 2 joined vapor lobe 02
18:14:54 | INFO: Primitives created: 1
18:14:54 | INFO: Extracting primitive: Cloud bank 2 joined vapor lobe 03
18:14:54 | INFO: Primitives created: 1
18:14:54 | INFO: Finished glTF 2.0 export in 0.012859106063842773 s

COASTAL SKY ASSETS BUILT 4
Blender 4.5.0 (hash 8cb6b388974a built 2025-07-15 01:36:24)

Blender quit
