Info: Saved as "cloud_bank_0.blend"
INFO Draco mesh compression is available, use library at E:\FeiTing\.tools\blender\blender-4.5.0-windows-x64\4.5\scripts\addons_core\io_scene_gltf2\extern_draco.dll
23:08:24 | INFO: Starting glTF 2.0 export
23:08:24 | INFO: Extracting primitive: Cloud bank 0 joined vapor lobe 00
23:08:24 | INFO: Primitives created: 1
23:08:24 | INFO: Extracting primitive: Cloud bank 0 joined vapor lobe 01
23:08:24 | INFO: Primitives created: 1
23:08:24 | INFO: Extracting primitive: Cloud bank 0 joined vapor lobe 02
23:08:24 | INFO: Primitives created: 1
23:08:24 | INFO: Finished glTF 2.0 export in 0.012490510940551758 s

Info: Saved as "cloud_bank_1.blend"
23:08:24 | INFO: Starting glTF 2.0 export
23:08:24 | INFO: Extracting primitive: Cloud bank 1 joined vapor lobe 00
23:08:24 | INFO: Primitives created: 1
23:08:24 | INFO: Extracting primitive: Cloud bank 1 joined vapor lobe 01
23:08:24 | INFO: Primitives created: 1
23:08:24 | INFO: Extracting primitive: Cloud bank 1 joined vapor lobe 02
23:08:24 | INFO: Primitives created: 1
23:08:24 | INFO: Extracting primitive: Cloud bank 1 joined vapor lobe 03
23:08:24 | INFO: Primitives created: 1
23:08:24 | INFO: Extracting primitive: Cloud bank 1 joined vapor lobe 04
23:08:24 | INFO: Primitives created: 1
23:08:24 | INFO: Finished glTF 2.0 export in 0.016294479370117188 s

Info: Saved as "cloud_bank_2.blend"
23:08:24 | INFO: Starting glTF 2.0 export
23:08:24 | INFO: Extracting primitive: Cloud bank 2 joined vapor lobe 00
23:08:24 | INFO: Primitives created: 1
23:08:24 | INFO: Extracting primitive: Cloud bank 2 joined vapor lobe 01
23:08:24 | INFO: Primitives created: 1
23:08:24 | INFO: Extracting primitive: Cloud bank 2 joined vapor lobe 02
23:08:24 | INFO: Primitives created: 1
23:08:24 | INFO: Extracting primitive: Cloud bank 2 joined vapor lobe 03
23:08:24 | INFO: Primitives created: 1
23:08:24 | INFO: Finished glTF 2.0 export in 0.011947393417358398 s

COASTAL SKY ASSETS BUILT 4
Blender 4.5.0 (hash 8cb6b388974a built 2025-07-15 01:36:24)

Blender quit
