Info: Saved as "castle.blend"
INFO Draco mesh compression is available, use library at E:\FeiTing\.tools\blender\blender-4.5.0-windows-x64\4.5\scripts\addons_core\io_scene_gltf2\extern_draco.dll
11:28:25 | INFO: Starting glTF 2.0 export
11:28:25 | INFO: Extracting primitive: Cube.013
11:28:25 | INFO: Primitives created: 1
11:28:25 | INFO: Extracting primitive: Hand modeled mesh
11:28:25 | INFO: Primitives created: 1
11:28:25 | INFO: Extracting primitive: Cube.014
11:28:25 | INFO: Primitives created: 1
11:28:25 | INFO: Extracting primitive: Hand modeled mesh.001
11:28:25 | INFO: Primitives created: 1
11:28:25 | INFO: Extracting primitive: Cube.015
11:28:25 | INFO: Primitives created: 1
11:28:25 | INFO: Extracting primitive: Hand modeled mesh.002
11:28:25 | INFO: Primitives created: 1
11:28:25 | INFO: Extracting primitive: Cube.017
11:28:25 | INFO: Primitives created: 1
11:28:25 | INFO: Extracting primitive: Hand modeled mesh.003
11:28:25 | INFO: Primitives created: 1
11:28:25 | INFO: Extracting primitive: Cube.019
11:28:25 | INFO: Primitives created: 1
11:28:25 | INFO: Extracting primitive: Hand modeled mesh.004
11:28:25 | INFO: Primitives created: 1
11:28:25 | INFO: Extracting primitive: Cube.021
11:28:25 | INFO: Primitives created: 1
11:28:25 | INFO: Extracting primitive: Hand modeled mesh.005
11:28:25 | INFO: Primitives created: 1
11:28:25 | INFO: Extracting primitive: Cube.023
11:28:25 | INFO: Primitives created: 1
11:28:25 | INFO: Extracting primitive: Hand modeled mesh.006
11:28:25 | INFO: Primitives created: 1
11:28:25 | INFO: Extracting primitive: Cube.025
11:28:25 | INFO: Primitives created: 1
11:28:25 | INFO: Extracting primitive: Hand modeled mesh.007
11:28:25 | INFO: Primitives created: 1
11:28:25 | INFO: Extracting primitive: Cube.027
11:28:25 | INFO: Primitives created: 1
11:28:25 | INFO: Extracting primitive: Hand modeled mesh.008
11:28:25 | INFO: Primitives created: 1
11:28:25 | INFO: Extracting primitive: Cube.029
11:28:25 | INFO: Primitives created: 1
11:28:25 | INFO: Extracting primitive: Hand modeled mesh.009
11:28:25 | INFO: Primitives created: 1
11:28:25 | INFO: Extracting primitive: Cube.031
11:28:25 | INFO: Primitives created: 1
11:28:25 | INFO: Extracting primitive: Hand modeled mesh.010
11:28:25 | INFO: Primitives created: 1
11:28:25 | INFO: Extracting primitive: Hand modeled mesh.011
11:28:25 | INFO: Primitives created: 1
11:28:25 | INFO: Extracting primitive: Hand modeled mesh.013
11:28:25 | INFO: Primitives created: 1
11:28:25 | INFO: Extracting primitive: Cube
11:28:25 | INFO: Primitives created: 1
11:28:25 | INFO: Extracting primitive: Cube.083
11:28:25 | INFO: Primitives created: 1
11:28:25 | INFO: Extracting primitive: Hand modeled mesh.015
11:28:25 | INFO: Primitives created: 1
11:28:25 | INFO: Extracting primitive: Cube.084
11:28:25 | INFO: Primitives created: 1
11:28:25 | INFO: Extracting primitive: Cube.085
11:28:25 | INFO: Primitives created: 1
11:28:25 | INFO: Extracting primitive: Hand modeled mesh.017
11:28:25 | INFO: Primitives created: 1
11:28:25 | INFO: Extracting primitive: Cube.086
11:28:25 | INFO: Primitives created: 1
11:28:25 | INFO: Extracting primitive: Cube.087
11:28:25 | INFO: Primitives created: 1
11:28:25 | INFO: Extracting primitive: Hand modeled mesh.019
11:28:25 | INFO: Primitives created: 1
11:28:25 | INFO: Extracting primitive: Cube.088
11:28:25 | INFO: Primitives created: 1
11:28:25 | INFO: Extracting primitive: Cube.089
11:28:25 | INFO: Primitives created: 1
11:28:25 | INFO: Extracting primitive: Hand modeled mesh.021
11:28:25 | INFO: Primitives created: 1
11:28:25 | INFO: Extracting primitive: Cube.090
11:28:25 | INFO: Primitives created: 1
11:28:25 | INFO: Extracting primitive: Cube.091
11:28:25 | INFO: Primitives created: 1
11:28:25 | INFO: Extracting primitive: Hand modeled mesh.023
11:28:25 | INFO: Primitives created: 1
11:28:25 | INFO: Extracting primitive: Cube.092
11:28:25 | INFO: Primitives created: 1
11:28:25 | INFO: Extracting primitive: Cube.093
11:28:25 | INFO: Primitives created: 1
11:28:25 | INFO: Extracting primitive: Hand modeled mesh.025
11:28:25 | INFO: Primitives created: 1
11:28:25 | INFO: Extracting primitive: Cube.094
11:28:25 | INFO: Primitives created: 1
11:28:25 | INFO: Extracting primitive: Cube.095
11:28:25 | INFO: Primitives created: 1
11:28:25 | INFO: Extracting primitive: Hand modeled mesh.027
11:28:25 | INFO: Primitives created: 1
11:28:25 | INFO: Extracting primitive: Cube.096
11:28:25 | INFO: Primitives created: 1
11:28:25 | INFO: Extracting primitive: Cube.097
11:28:25 | INFO: Primitives created: 1
11:28:25 | INFO: Extracting primitive: Hand modeled mesh.029
11:28:25 | INFO: Primitives created: 1
11:28:25 | INFO: Extracting primitive: Cube.098
11:28:25 | INFO: Primitives created: 1
11:28:25 | INFO: Extracting primitive: Cube.099
11:28:25 | INFO: Primitives created: 1
11:28:25 | INFO: Extracting primitive: Hand modeled mesh.031
11:28:25 | INFO: Primitives created: 1
11:28:25 | INFO: Extracting primitive: Cube.100
11:28:25 | INFO: Primitives created: 1
11:28:25 | INFO: Extracting primitive: Cube.101
11:28:25 | INFO: Primitives created: 1
11:28:25 | INFO: Extracting primitive: Hand modeled mesh.033
11:28:25 | INFO: Primitives created: 1
11:28:25 | INFO: Extracting primitive: Cube.102
11:28:25 | INFO: Primitives created: 1
11:28:25 | INFO: Extracting primitive: Cube.103
11:28:25 | INFO: Primitives created: 1
11:28:25 | INFO: Extracting primitive: Hand modeled mesh.035
11:28:25 | INFO: Primitives created: 1
11:28:25 | INFO: Extracting primitive: Cube.104
11:28:25 | INFO: Primitives created: 1
11:28:25 | INFO: Extracting primitive: Cube.105
11:28:25 | INFO: Primitives created: 1
11:28:25 | INFO: Extracting primitive: Hand modeled mesh.036
11:28:25 | INFO: Primitives created: 1
11:28:25 | INFO: Extracting primitive: Hand modeled mesh.037
11:28:25 | INFO: Primitives created: 1
11:28:25 | INFO: Extracting primitive: Hand modeled mesh.038
11:28:25 | INFO: Primitives created: 1
11:28:25 | INFO: Extracting primitive: Cone.024
11:28:25 | INFO: Primitives created: 1
11:28:25 | INFO: Extracting primitive: Hand modeled mesh.039
11:28:25 | INFO: Primitives created: 1
11:28:25 | INFO: Extracting primitive: Hand modeled mesh.041
11:28:25 | INFO: Primitives created: 1
11:28:25 | INFO: Extracting primitive: Cube.106
11:28:25 | INFO: Primitives created: 1
11:28:25 | INFO: Extracting primitive: Cube.107
11:28:25 | INFO: Primitives created: 1
11:28:25 | INFO: Extracting primitive: Hand modeled mesh.043
11:28:25 | INFO: Primitives created: 1
11:28:25 | INFO: Extracting primitive: Cube.108
11:28:25 | INFO: Primitives created: 1
11:28:25 | INFO: Extracting primitive: Cube.109
11:28:25 | INFO: Primitives created: 1
11:28:25 | INFO: Extracting primitive: Hand modeled mesh.045
11:28:25 | INFO: Primitives created: 1
11:28:25 | INFO: Extracting primitive: Cube.110
11:28:25 | INFO: Primitives created: 1
11:28:25 | INFO: Extracting primitive: Cube.111
11:28:25 | INFO: Primitives created: 1
11:28:25 | INFO: Extracting primitive: Hand modeled mesh.047
11:28:25 | INFO: Primitives created: 1
11:28:25 | INFO: Extracting primitive: Cube.112
11:28:25 | INFO: Primitives created: 1
11:28:25 | INFO: Extracting primitive: Cube.113
11:28:25 | INFO: Primitives created: 1
11:28:25 | INFO: Extracting primitive: Hand modeled mesh.049
11:28:25 | INFO: Primitives created: 1
11:28:25 | INFO: Extracting primitive: Cube.114
11:28:25 | INFO: Primitives created: 1
11:28:25 | INFO: Extracting primitive: Cube.115
11:28:25 | INFO: Primitives created: 1
11:28:25 | INFO: Extracting primitive: Hand modeled mesh.051
11:28:25 | INFO: Primitives created: 1
11:28:25 | INFO: Extracting primitive: Cube.116
11:28:25 | INFO: Primitives created: 1
11:28:25 | INFO: Extracting primitive: Cube.117
11:28:25 | INFO: Primitives created: 1
11:28:25 | INFO: Extracting primitive: Hand modeled mesh.053
11:28:25 | INFO: Primitives created: 1
11:28:25 | INFO: Extracting primitive: Cube.118
11:28:25 | INFO: Primitives created: 1
11:28:25 | INFO: Extracting primitive: Cube.119
11:28:25 | INFO: Primitives created: 1
11:28:25 | INFO: Extracting primitive: Hand modeled mesh.055
11:28:25 | INFO: Primitives created: 1
11:28:25 | INFO: Extracting primitive: Cube.120
11:28:25 | INFO: Primitives created: 1
11:28:25 | INFO: Extracting primitive: Cube.121
11:28:25 | INFO: Primitives created: 1
11:28:25 | INFO: Extracting primitive: Hand modeled mesh.057
11:28:25 | INFO: Primitives created: 1
11:28:25 | INFO: Extracting primitive: Cube.122
11:28:25 | INFO: Primitives created: 1
11:28:25 | INFO: Extracting primitive: Cube.123
11:28:25 | INFO: Primitives created: 1
11:28:25 | INFO: Extracting primitive: Hand modeled mesh.059
11:28:25 | INFO: Primitives created: 1
11:28:25 | INFO: Extracting primitive: Cube.124
11:28:25 | INFO: Primitives created: 1
11:28:25 | INFO: Extracting primitive: Cube.125
11:28:25 | INFO: Primitives created: 1
11:28:25 | INFO: Extracting primitive: Hand modeled mesh.061
11:28:25 | INFO: Primitives created: 1
11:28:25 | INFO: Extracting primitive: Cube.126
11:28:25 | INFO: Primitives created: 1
11:28:25 | INFO: Extracting primitive: Cube.127
11:28:25 | INFO: Primitives created: 1
11:28:25 | INFO: Extracting primitive: Hand modeled mesh.063
11:28:25 | INFO: Primitives created: 1
11:28:25 | INFO: Extracting primitive: Cube.128
11:28:25 | INFO: Primitives created: 1
11:28:25 | INFO: Extracting primitive: Cube.129
11:28:25 | INFO: Primitives created: 1
11:28:25 | INFO: Extracting primitive: Hand modeled mesh.064
11:28:25 | INFO: Primitives created: 1
11:28:25 | INFO: Extracting primitive: Hand modeled mesh.065
11:28:25 | INFO: Primitives created: 1
11:28:25 | INFO: Extracting primitive: Hand modeled mesh.066
11:28:25 | INFO: Primitives created: 1
11:28:25 | INFO: Extracting primitive: Cube.130
11:28:25 | INFO: Primitives created: 1
11:28:25 | INFO: Extracting primitive: Cube.131
11:28:25 | INFO: Primitives created: 1
11:28:25 | INFO: Extracting primitive: Cube.132
11:28:25 | INFO: Primitives created: 1
11:28:25 | INFO: Extracting primitive: Cube.133
11:28:25 | INFO: Primitives created: 1
11:28:25 | INFO: Extracting primitive: Cube.134
11:28:25 | INFO: Primitives created: 1
11:28:25 | INFO: Extracting primitive: Cube.135
11:28:25 | INFO: Primitives created: 1
11:28:25 | INFO: Extracting primitive: Cube.136
11:28:25 | INFO: Primitives created: 1
11:28:25 | INFO: Extracting primitive: Cube.137
11:28:25 | INFO: Primitives created: 1
11:28:25 | INFO: Extracting primitive: Cone.025
11:28:25 | INFO: Primitives created: 1
11:28:25 | INFO: Extracting primitive: Hand modeled mesh.067
11:28:25 | INFO: Primitives created: 1
11:28:25 | INFO: Extracting primitive: Hand modeled mesh.069
11:28:25 | INFO: Primitives created: 1
11:28:25 | INFO: Extracting primitive: Cube.138
11:28:25 | INFO: Primitives created: 1
11:28:25 | INFO: Extracting primitive: Cube.139
11:28:25 | INFO: Primitives created: 1
11:28:25 | INFO: Extracting primitive: Hand modeled mesh.071
11:28:25 | INFO: Primitives created: 1
11:28:25 | INFO: Extracting primitive: Cube.140
11:28:25 | INFO: Primitives created: 1
11:28:25 | INFO: Extracting primitive: Cube.141
11:28:25 | INFO: Primitives created: 1
11:28:25 | INFO: Extracting primitive: Hand modeled mesh.073
11:28:25 | INFO: Primitives created: 1
11:28:25 | INFO: Extracting primitive: Cube.142
11:28:25 | INFO: Primitives created: 1
11:28:25 | INFO: Extracting primitive: Cube.143
11:28:25 | INFO: Primitives created: 1
11:28:25 | INFO: Extracting primitive: Hand modeled mesh.075
11:28:25 | INFO: Primitives created: 1
11:28:25 | INFO: Extracting primitive: Cube.144
11:28:25 | INFO: Primitives created: 1
11:28:25 | INFO: Extracting primitive: Cube.145
11:28:25 | INFO: Primitives created: 1
11:28:25 | INFO: Extracting primitive: Hand modeled mesh.077
11:28:25 | INFO: Primitives created: 1
11:28:25 | INFO: Extracting primitive: Cube.146
11:28:25 | INFO: Primitives created: 1
11:28:25 | INFO: Extracting primitive: Cube.147
11:28:25 | INFO: Primitives created: 1
11:28:25 | INFO: Extracting primitive: Hand modeled mesh.079
11:28:25 | INFO: Primitives created: 1
11:28:25 | INFO: Extracting primitive: Cube.148
11:28:25 | INFO: Primitives created: 1
11:28:25 | INFO: Extracting primitive: Cube.149
11:28:25 | INFO: Primitives created: 1
11:28:25 | INFO: Extracting primitive: Hand modeled mesh.081
11:28:25 | INFO: Primitives created: 1
11:28:25 | INFO: Extracting primitive: Cube.150
11:28:25 | INFO: Primitives created: 1
11:28:25 | INFO: Extracting primitive: Cube.151
11:28:25 | INFO: Primitives created: 1
11:28:25 | INFO: Extracting primitive: Hand modeled mesh.083
11:28:25 | INFO: Primitives created: 1
11:28:25 | INFO: Extracting primitive: Cube.152
11:28:25 | INFO: Primitives created: 1
11:28:25 | INFO: Extracting primitive: Cube.153
11:28:25 | INFO: Primitives created: 1
11:28:25 | INFO: Extracting primitive: Hand modeled mesh.085
11:28:25 | INFO: Primitives created: 1
11:28:25 | INFO: Extracting primitive: Cube.154
11:28:25 | INFO: Primitives created: 1
11:28:25 | INFO: Extracting primitive: Cube.155
11:28:25 | INFO: Primitives created: 1
11:28:25 | INFO: Extracting primitive: Hand modeled mesh.087
11:28:25 | INFO: Primitives created: 1
11:28:25 | INFO: Extracting primitive: Cube.156
11:28:25 | INFO: Primitives created: 1
11:28:25 | INFO: Extracting primitive: Cube.157
11:28:25 | INFO: Primitives created: 1
11:28:25 | INFO: Extracting primitive: Hand modeled mesh.089
11:28:25 | INFO: Primitives created: 1
11:28:25 | INFO: Extracting primitive: Cube.158
11:28:25 | INFO: Primitives created: 1
11:28:25 | INFO: Extracting primitive: Cube.159
11:28:25 | INFO: Primitives created: 1
11:28:25 | INFO: Extracting primitive: Hand modeled mesh.091
11:28:25 | INFO: Primitives created: 1
11:28:25 | INFO: Extracting primitive: Cube.160
11:28:25 | INFO: Primitives created: 1
11:28:25 | INFO: Extracting primitive: Cube.161
11:28:25 | INFO: Primitives created: 1
11:28:25 | INFO: Extracting primitive: Hand modeled mesh.092
11:28:25 | INFO: Primitives created: 1
11:28:25 | INFO: Extracting primitive: Hand modeled mesh.093
11:28:25 | INFO: Primitives created: 1
11:28:25 | INFO: Extracting primitive: Hand modeled mesh.094
11:28:25 | INFO: Primitives created: 1
11:28:25 | INFO: Extracting primitive: Cone.026
11:28:25 | INFO: Primitives created: 1
11:28:25 | INFO: Extracting primitive: Hand modeled mesh.095
11:28:25 | INFO: Primitives created: 1
11:28:25 | INFO: Extracting primitive: Hand modeled mesh.097
11:28:25 | INFO: Primitives created: 1
11:28:25 | INFO: Extracting primitive: Cube.162
11:28:25 | INFO: Primitives created: 1
11:28:25 | INFO: Extracting primitive: Cube.163
11:28:25 | INFO: Primitives created: 1
11:28:25 | INFO: Extracting primitive: Hand modeled mesh.099
11:28:25 | INFO: Primitives created: 1
11:28:25 | INFO: Extracting primitive: Cube.164
11:28:25 | INFO: Primitives created: 1
11:28:25 | INFO: Extracting primitive: Cube.165
11:28:25 | INFO: Primitives created: 1
11:28:25 | INFO: Extracting primitive: Hand modeled mesh.101
11:28:25 | INFO: Primitives created: 1
11:28:25 | INFO: Extracting primitive: Cube.166
11:28:25 | INFO: Primitives created: 1
11:28:25 | INFO: Extracting primitive: Cube.167
11:28:25 | INFO: Primitives created: 1
11:28:25 | INFO: Extracting primitive: Hand modeled mesh.103
11:28:25 | INFO: Primitives created: 1
11:28:25 | INFO: Extracting primitive: Cube.168
11:28:25 | INFO: Primitives created: 1
11:28:25 | INFO: Extracting primitive: Cube.169
11:28:25 | INFO: Primitives created: 1
11:28:25 | INFO: Extracting primitive: Hand modeled mesh.105
11:28:25 | INFO: Primitives created: 1
11:28:25 | INFO: Extracting primitive: Cube.170
11:28:25 | INFO: Primitives created: 1
11:28:25 | INFO: Extracting primitive: Cube.171
11:28:25 | INFO: Primitives created: 1
11:28:25 | INFO: Extracting primitive: Hand modeled mesh.107
11:28:25 | INFO: Primitives created: 1
11:28:25 | INFO: Extracting primitive: Cube.172
11:28:25 | INFO: Primitives created: 1
11:28:25 | INFO: Extracting primitive: Cube.173
11:28:25 | INFO: Primitives created: 1
11:28:25 | INFO: Extracting primitive: Hand modeled mesh.109
11:28:25 | INFO: Primitives created: 1
11:28:25 | INFO: Extracting primitive: Cube.174
11:28:25 | INFO: Primitives created: 1
11:28:25 | INFO: Extracting primitive: Cube.175
11:28:25 | INFO: Primitives created: 1
11:28:25 | INFO: Extracting primitive: Hand modeled mesh.111
11:28:25 | INFO: Primitives created: 1
11:28:25 | INFO: Extracting primitive: Cube.176
11:28:25 | INFO: Primitives created: 1
11:28:25 | INFO: Extracting primitive: Cube.177
11:28:25 | INFO: Primitives created: 1
11:28:25 | INFO: Extracting primitive: Hand modeled mesh.113
11:28:25 | INFO: Primitives created: 1
11:28:25 | INFO: Extracting primitive: Cube.178
11:28:25 | INFO: Primitives created: 1
11:28:25 | INFO: Extracting primitive: Cube.179
11:28:25 | INFO: Primitives created: 1
11:28:25 | INFO: Extracting primitive: Hand modeled mesh.115
11:28:25 | INFO: Primitives created: 1
11:28:25 | INFO: Extracting primitive: Cube.180
11:28:25 | INFO: Primitives created: 1
11:28:25 | INFO: Extracting primitive: Cube.181
11:28:25 | INFO: Primitives created: 1
11:28:25 | INFO: Extracting primitive: Hand modeled mesh.117
11:28:25 | INFO: Primitives created: 1
11:28:25 | INFO: Extracting primitive: Cube.182
11:28:25 | INFO: Primitives created: 1
11:28:25 | INFO: Extracting primitive: Cube.183
11:28:25 | INFO: Primitives created: 1
11:28:25 | INFO: Extracting primitive: Hand modeled mesh.119
11:28:25 | INFO: Primitives created: 1
11:28:25 | INFO: Extracting primitive: Cube.184
11:28:25 | INFO: Primitives created: 1
11:28:25 | INFO: Extracting primitive: Cube.185
11:28:25 | INFO: Primitives created: 1
11:28:25 | INFO: Extracting primitive: Hand modeled mesh.120
11:28:25 | INFO: Primitives created: 1
11:28:25 | INFO: Extracting primitive: Hand modeled mesh.121
11:28:25 | INFO: Primitives created: 1
11:28:25 | INFO: Extracting primitive: Hand modeled mesh.122
11:28:25 | INFO: Primitives created: 1
11:28:25 | INFO: Extracting primitive: Cone.027
11:28:25 | INFO: Primitives created: 1
11:28:25 | INFO: Extracting primitive: Hand modeled mesh.123
11:28:25 | INFO: Primitives created: 1
11:28:25 | INFO: Extracting primitive: Hand modeled mesh.125
11:28:25 | INFO: Primitives created: 1
11:28:25 | INFO: Extracting primitive: Cube.186
11:28:25 | INFO: Primitives created: 1
11:28:25 | INFO: Extracting primitive: Cube.187
11:28:25 | INFO: Primitives created: 1
11:28:25 | INFO: Extracting primitive: Hand modeled mesh.127
11:28:25 | INFO: Primitives created: 1
11:28:25 | INFO: Extracting primitive: Cube.188
11:28:25 | INFO: Primitives created: 1
11:28:25 | INFO: Extracting primitive: Cube.189
11:28:25 | INFO: Primitives created: 1
11:28:25 | INFO: Extracting primitive: Hand modeled mesh.129
11:28:25 | INFO: Primitives created: 1
11:28:25 | INFO: Extracting primitive: Cube.190
11:28:25 | INFO: Primitives created: 1
11:28:25 | INFO: Extracting primitive: Cube.191
11:28:25 | INFO: Primitives created: 1
11:28:25 | INFO: Extracting primitive: Hand modeled mesh.131
11:28:25 | INFO: Primitives created: 1
11:28:25 | INFO: Extracting primitive: Cube.192
11:28:25 | INFO: Primitives created: 1
11:28:25 | INFO: Extracting primitive: Cube.193
11:28:25 | INFO: Primitives created: 1
11:28:25 | INFO: Extracting primitive: Hand modeled mesh.133
11:28:25 | INFO: Primitives created: 1
11:28:25 | INFO: Extracting primitive: Cube.194
11:28:25 | INFO: Primitives created: 1
11:28:25 | INFO: Extracting primitive: Cube.195
11:28:25 | INFO: Primitives created: 1
11:28:25 | INFO: Extracting primitive: Hand modeled mesh.135
11:28:25 | INFO: Primitives created: 1
11:28:25 | INFO: Extracting primitive: Cube.196
11:28:25 | INFO: Primitives created: 1
11:28:25 | INFO: Extracting primitive: Cube.197
11:28:25 | INFO: Primitives created: 1
11:28:25 | INFO: Extracting primitive: Hand modeled mesh.137
11:28:25 | INFO: Primitives created: 1
11:28:25 | INFO: Extracting primitive: Cube.198
11:28:25 | INFO: Primitives created: 1
11:28:25 | INFO: Extracting primitive: Cube.199
11:28:25 | INFO: Primitives created: 1
11:28:25 | INFO: Extracting primitive: Hand modeled mesh.139
11:28:25 | INFO: Primitives created: 1
11:28:25 | INFO: Extracting primitive: Cube.200
11:28:25 | INFO: Primitives created: 1
11:28:25 | INFO: Extracting primitive: Cube.201
11:28:25 | INFO: Primitives created: 1
11:28:25 | INFO: Extracting primitive: Hand modeled mesh.141
11:28:25 | INFO: Primitives created: 1
11:28:25 | INFO: Extracting primitive: Cube.202
11:28:25 | INFO: Primitives created: 1
11:28:25 | INFO: Extracting primitive: Cube.203
11:28:25 | INFO: Primitives created: 1
11:28:25 | INFO: Extracting primitive: Hand modeled mesh.143
11:28:25 | INFO: Primitives created: 1
11:28:25 | INFO: Extracting primitive: Cube.204
11:28:25 | INFO: Primitives created: 1
11:28:25 | INFO: Extracting primitive: Cube.205
11:28:25 | INFO: Primitives created: 1
11:28:25 | INFO: Extracting primitive: Hand modeled mesh.145
11:28:25 | INFO: Primitives created: 1
11:28:25 | INFO: Extracting primitive: Cube.206
11:28:25 | INFO: Primitives created: 1
11:28:25 | INFO: Extracting primitive: Cube.207
11:28:25 | INFO: Primitives created: 1
11:28:25 | INFO: Extracting primitive: Hand modeled mesh.147
11:28:25 | INFO: Primitives created: 1
11:28:25 | INFO: Extracting primitive: Cube.208
11:28:25 | INFO: Primitives created: 1
11:28:25 | INFO: Extracting primitive: Cube.209
11:28:25 | INFO: Primitives created: 1
11:28:25 | INFO: Extracting primitive: Hand modeled mesh.148
11:28:25 | INFO: Primitives created: 1
11:28:25 | INFO: Extracting primitive: Hand modeled mesh.149
11:28:25 | INFO: Primitives created: 1
11:28:25 | INFO: Extracting primitive: Hand modeled mesh.150
11:28:25 | INFO: Primitives created: 1
11:28:25 | INFO: Extracting primitive: Cone.028
11:28:25 | INFO: Primitives created: 1
11:28:25 | INFO: Extracting primitive: Hand modeled mesh.151
11:28:25 | INFO: Primitives created: 1
11:28:25 | INFO: Extracting primitive: Hand modeled mesh.153
11:28:25 | INFO: Primitives created: 1
11:28:25 | INFO: Extracting primitive: Cube.210
11:28:25 | INFO: Primitives created: 1
11:28:25 | INFO: Extracting primitive: Cube.211
11:28:25 | INFO: Primitives created: 1
11:28:25 | INFO: Extracting primitive: Hand modeled mesh.155
11:28:25 | INFO: Primitives created: 1
11:28:25 | INFO: Extracting primitive: Cube.212
11:28:25 | INFO: Primitives created: 1
11:28:25 | INFO: Extracting primitive: Cube.213
11:28:25 | INFO: Primitives created: 1
11:28:25 | INFO: Extracting primitive: Hand modeled mesh.157
11:28:25 | INFO: Primitives created: 1
11:28:25 | INFO: Extracting primitive: Cube.214
11:28:25 | INFO: Primitives created: 1
11:28:25 | INFO: Extracting primitive: Cube.215
11:28:25 | INFO: Primitives created: 1
11:28:25 | INFO: Extracting primitive: Hand modeled mesh.159
11:28:25 | INFO: Primitives created: 1
11:28:25 | INFO: Extracting primitive: Cube.216
11:28:25 | INFO: Primitives created: 1
11:28:25 | INFO: Extracting primitive: Cube.217
11:28:25 | INFO: Primitives created: 1
11:28:25 | INFO: Extracting primitive: Hand modeled mesh.161
11:28:25 | INFO: Primitives created: 1
11:28:25 | INFO: Extracting primitive: Cube.218
11:28:25 | INFO: Primitives created: 1
11:28:25 | INFO: Extracting primitive: Cube.219
11:28:26 | INFO: Primitives created: 1
11:28:26 | INFO: Extracting primitive: Hand modeled mesh.163
11:28:26 | INFO: Primitives created: 1
11:28:26 | INFO: Extracting primitive: Cube.220
11:28:26 | INFO: Primitives created: 1
11:28:26 | INFO: Extracting primitive: Cube.221
11:28:26 | INFO: Primitives created: 1
11:28:26 | INFO: Extracting primitive: Hand modeled mesh.165
11:28:26 | INFO: Primitives created: 1
11:28:26 | INFO: Extracting primitive: Cube.222
11:28:26 | INFO: Primitives created: 1
11:28:26 | INFO: Extracting primitive: Cube.223
11:28:26 | INFO: Primitives created: 1
11:28:26 | INFO: Extracting primitive: Hand modeled mesh.167
11:28:26 | INFO: Primitives created: 1
11:28:26 | INFO: Extracting primitive: Cube.224
11:28:26 | INFO: Primitives created: 1
11:28:26 | INFO: Extracting primitive: Cube.225
11:28:26 | INFO: Primitives created: 1
11:28:26 | INFO: Extracting primitive: Hand modeled mesh.169
11:28:26 | INFO: Primitives created: 1
11:28:26 | INFO: Extracting primitive: Cube.226
11:28:26 | INFO: Primitives created: 1
11:28:26 | INFO: Extracting primitive: Cube.227
11:28:26 | INFO: Primitives created: 1
11:28:26 | INFO: Extracting primitive: Hand modeled mesh.171
11:28:26 | INFO: Primitives created: 1
11:28:26 | INFO: Extracting primitive: Cube.228
11:28:26 | INFO: Primitives created: 1
11:28:26 | INFO: Extracting primitive: Cube.229
11:28:26 | INFO: Primitives created: 1
11:28:26 | INFO: Extracting primitive: Hand modeled mesh.173
11:28:26 | INFO: Primitives created: 1
11:28:26 | INFO: Extracting primitive: Cube.230
11:28:26 | INFO: Primitives created: 1
11:28:26 | INFO: Extracting primitive: Cube.231
11:28:26 | INFO: Primitives created: 1
11:28:26 | INFO: Extracting primitive: Hand modeled mesh.175
11:28:26 | INFO: Primitives created: 1
11:28:26 | INFO: Extracting primitive: Cube.232
11:28:26 | INFO: Primitives created: 1
11:28:26 | INFO: Extracting primitive: Cube.233
11:28:26 | INFO: Primitives created: 1
11:28:26 | INFO: Extracting primitive: Hand modeled mesh.176
11:28:26 | INFO: Primitives created: 1
11:28:26 | INFO: Extracting primitive: Hand modeled mesh.177
11:28:26 | INFO: Primitives created: 1
11:28:26 | INFO: Extracting primitive: Hand modeled mesh.178
11:28:26 | INFO: Primitives created: 1
11:28:26 | INFO: Extracting primitive: Cube.234
11:28:26 | INFO: Primitives created: 1
11:28:26 | INFO: Extracting primitive: Cube.235
11:28:26 | INFO: Primitives created: 1
11:28:26 | INFO: Extracting primitive: Cube.236
11:28:26 | INFO: Primitives created: 1
11:28:26 | INFO: Extracting primitive: Cube.237
11:28:26 | INFO: Primitives created: 1
11:28:26 | INFO: Extracting primitive: Cube.238
11:28:26 | INFO: Primitives created: 1
11:28:26 | INFO: Extracting primitive: Cube.239
11:28:26 | INFO: Primitives created: 1
11:28:26 | INFO: Extracting primitive: Cube.240
11:28:26 | INFO: Primitives created: 1
11:28:26 | INFO: Extracting primitive: Cube.241
11:28:26 | INFO: Primitives created: 1
11:28:26 | INFO: Extracting primitive: Cone.029
11:28:26 | INFO: Primitives created: 1
11:28:26 | INFO: Extracting primitive: Hand modeled mesh.180
11:28:26 | INFO: Primitives created: 1
11:28:26 | INFO: Extracting primitive: Cube.242
11:28:26 | INFO: Primitives created: 1
11:28:26 | INFO: Extracting primitive: Cube.243
11:28:26 | INFO: Primitives created: 1
11:28:26 | INFO: Extracting primitive: Hand modeled mesh.182
11:28:26 | INFO: Primitives created: 1
11:28:26 | INFO: Extracting primitive: Cube.244
11:28:26 | INFO: Primitives created: 1
11:28:26 | INFO: Extracting primitive: Cube.245
11:28:26 | INFO: Primitives created: 1
11:28:26 | INFO: Extracting primitive: Hand modeled mesh.184
11:28:26 | INFO: Primitives created: 1
11:28:26 | INFO: Extracting primitive: Cube.246
11:28:26 | INFO: Primitives created: 1
11:28:26 | INFO: Extracting primitive: Cube.247
11:28:26 | INFO: Primitives created: 1
11:28:26 | INFO: Extracting primitive: Cube.248
11:28:26 | INFO: Primitives created: 1
11:28:26 | INFO: Extracting primitive: Cube.249
11:28:26 | INFO: Primitives created: 1
11:28:26 | INFO: Extracting primitive: Hand modeled mesh.186
11:28:26 | INFO: Primitives created: 1
11:28:26 | INFO: Extracting primitive: Cube.250
11:28:26 | INFO: Primitives created: 1
11:28:26 | INFO: Extracting primitive: Cube.251
11:28:26 | INFO: Primitives created: 1
11:28:26 | INFO: Extracting primitive: Hand modeled mesh.188
11:28:26 | INFO: Primitives created: 1
11:28:26 | INFO: Extracting primitive: Cube.252
11:28:26 | INFO: Primitives created: 1
11:28:26 | INFO: Extracting primitive: Cube.253
11:28:26 | INFO: Primitives created: 1
11:28:26 | INFO: Extracting primitive: Hand modeled mesh.190
11:28:26 | INFO: Primitives created: 1
11:28:26 | INFO: Extracting primitive: Cube.254
11:28:26 | INFO: Primitives created: 1
11:28:26 | INFO: Extracting primitive: Cube.255
11:28:26 | INFO: Primitives created: 1
11:28:26 | INFO: Extracting primitive: Cube.256
11:28:26 | INFO: Primitives created: 1
11:28:26 | INFO: Extracting primitive: Cube.257
11:28:26 | INFO: Primitives created: 1
11:28:26 | INFO: Extracting primitive: Hand modeled mesh.192
11:28:26 | INFO: Primitives created: 1
11:28:26 | INFO: Extracting primitive: Cube.258
11:28:26 | INFO: Primitives created: 1
11:28:26 | INFO: Extracting primitive: Cube.259
11:28:26 | INFO: Primitives created: 1
11:28:26 | INFO: Extracting primitive: Hand modeled mesh.194
11:28:26 | INFO: Primitives created: 1
11:28:26 | INFO: Extracting primitive: Cube.260
11:28:26 | INFO: Primitives created: 1
11:28:26 | INFO: Extracting primitive: Cube.261
11:28:26 | INFO: Primitives created: 1
11:28:26 | INFO: Extracting primitive: Hand modeled mesh.196
11:28:26 | INFO: Primitives created: 1
11:28:26 | INFO: Extracting primitive: Cube.262
11:28:26 | INFO: Primitives created: 1
11:28:26 | INFO: Extracting primitive: Cube.263
11:28:26 | INFO: Primitives created: 1
11:28:26 | INFO: Extracting primitive: Cube.264
11:28:26 | INFO: Primitives created: 1
11:28:26 | INFO: Extracting primitive: Cube.265
11:28:26 | INFO: Primitives created: 1
11:28:26 | INFO: Extracting primitive: Cube.266
11:28:26 | INFO: Primitives created: 1
11:28:26 | INFO: Extracting primitive: Cube.267
11:28:26 | INFO: Primitives created: 1
11:28:26 | INFO: Extracting primitive: Hand modeled mesh.198
11:28:26 | INFO: Primitives created: 1
11:28:26 | INFO: Extracting primitive: Cube.268
11:28:26 | INFO: Primitives created: 1
11:28:26 | INFO: Extracting primitive: Cube.269
11:28:26 | INFO: Primitives created: 1
11:28:26 | INFO: Extracting primitive: Hand modeled mesh.200
11:28:26 | INFO: Primitives created: 1
11:28:26 | INFO: Extracting primitive: Cube.270
11:28:26 | INFO: Primitives created: 1
11:28:26 | INFO: Extracting primitive: Cube.271
11:28:26 | INFO: Primitives created: 1
11:28:26 | INFO: Extracting primitive: Hand modeled mesh.202
11:28:26 | INFO: Primitives created: 1
11:28:26 | INFO: Extracting primitive: Cube.272
11:28:26 | INFO: Primitives created: 1
11:28:26 | INFO: Extracting primitive: Cube.273
11:28:26 | INFO: Primitives created: 1
11:28:26 | INFO: Extracting primitive: Cube.274
11:28:26 | INFO: Primitives created: 1
11:28:26 | INFO: Extracting primitive: Cube.275
11:28:26 | INFO: Primitives created: 1
11:28:26 | INFO: Extracting primitive: Cube.276
11:28:26 | INFO: Primitives created: 1
11:28:26 | INFO: Extracting primitive: Cube.277
11:28:26 | INFO: Primitives created: 1
11:28:26 | INFO: Extracting primitive: Hand modeled mesh.204
11:28:26 | INFO: Primitives created: 1
11:28:26 | INFO: Extracting primitive: Cube.278
11:28:26 | INFO: Primitives created: 1
11:28:26 | INFO: Extracting primitive: Cube.279
11:28:26 | INFO: Primitives created: 1
11:28:26 | INFO: Extracting primitive: Hand modeled mesh.206
11:28:26 | INFO: Primitives created: 1
11:28:26 | INFO: Extracting primitive: Cube.280
11:28:26 | INFO: Primitives created: 1
11:28:26 | INFO: Extracting primitive: Cube.281
11:28:26 | INFO: Primitives created: 1
11:28:26 | INFO: Extracting primitive: Hand modeled mesh.208
11:28:26 | INFO: Primitives created: 1
11:28:26 | INFO: Extracting primitive: Cube.282
11:28:26 | INFO: Primitives created: 1
11:28:26 | INFO: Extracting primitive: Cube.283
11:28:26 | INFO: Primitives created: 1
11:28:26 | INFO: Extracting primitive: Cube.284
11:28:26 | INFO: Primitives created: 1
11:28:26 | INFO: Extracting primitive: Cube.285
11:28:26 | INFO: Primitives created: 1
11:28:26 | INFO: Extracting primitive: Cube.286
11:28:26 | INFO: Primitives created: 1
11:28:26 | INFO: Extracting primitive: Cube.287
11:28:26 | INFO: Primitives created: 1
11:28:26 | INFO: Extracting primitive: Hand modeled mesh.210
11:28:26 | INFO: Primitives created: 1
11:28:26 | INFO: Extracting primitive: Cube.288
11:28:26 | INFO: Primitives created: 1
11:28:26 | INFO: Extracting primitive: Cube.289
11:28:26 | INFO: Primitives created: 1
11:28:26 | INFO: Extracting primitive: Hand modeled mesh.212
11:28:26 | INFO: Primitives created: 1
11:28:26 | INFO: Extracting primitive: Cube.290
11:28:26 | INFO: Primitives created: 1
11:28:26 | INFO: Extracting primitive: Cube.291
11:28:26 | INFO: Primitives created: 1
11:28:26 | INFO: Extracting primitive: Hand modeled mesh.214
11:28:26 | INFO: Primitives created: 1
11:28:26 | INFO: Extracting primitive: Cube.292
11:28:26 | INFO: Primitives created: 1
11:28:26 | INFO: Extracting primitive: Cube.293
11:28:26 | INFO: Primitives created: 1
11:28:26 | INFO: Extracting primitive: Cube.294
11:28:26 | INFO: Primitives created: 1
11:28:26 | INFO: Extracting primitive: Cube.295
11:28:26 | INFO: Primitives created: 1
11:28:26 | INFO: Extracting primitive: Cube.296
11:28:26 | INFO: Primitives created: 1
11:28:26 | INFO: Extracting primitive: Cube.297
11:28:26 | INFO: Primitives created: 1
11:28:26 | INFO: Extracting primitive: Hand modeled mesh.216
11:28:26 | INFO: Primitives created: 1
11:28:26 | INFO: Extracting primitive: Cube.298
11:28:26 | INFO: Primitives created: 1
11:28:26 | INFO: Extracting primitive: Cube.299
11:28:26 | INFO: Primitives created: 1
11:28:26 | INFO: Extracting primitive: Hand modeled mesh.218
11:28:26 | INFO: Primitives created: 1
11:28:26 | INFO: Extracting primitive: Cube.300
11:28:26 | INFO: Primitives created: 1
11:28:26 | INFO: Extracting primitive: Cube.301
11:28:26 | INFO: Primitives created: 1
11:28:26 | INFO: Extracting primitive: Hand modeled mesh.220
11:28:26 | INFO: Primitives created: 1
11:28:26 | INFO: Extracting primitive: Cube.302
11:28:26 | INFO: Primitives created: 1
11:28:26 | INFO: Extracting primitive: Cube.303
11:28:26 | INFO: Primitives created: 1
11:28:26 | INFO: Extracting primitive: Cube.304
11:28:26 | INFO: Primitives created: 1
11:28:26 | INFO: Extracting primitive: Cube.305
11:28:26 | INFO: Primitives created: 1
11:28:26 | INFO: Extracting primitive: Cube.306
11:28:26 | INFO: Primitives created: 1
11:28:26 | INFO: Extracting primitive: Cube.307
11:28:26 | INFO: Primitives created: 1
11:28:26 | INFO: Extracting primitive: Hand modeled mesh.222
11:28:26 | INFO: Primitives created: 1
11:28:26 | INFO: Extracting primitive: Cube.308
11:28:26 | INFO: Primitives created: 1
11:28:26 | INFO: Extracting primitive: Cube.309
11:28:26 | INFO: Primitives created: 1
11:28:26 | INFO: Extracting primitive: Hand modeled mesh.224
11:28:26 | INFO: Primitives created: 1
11:28:26 | INFO: Extracting primitive: Cube.310
11:28:26 | INFO: Primitives created: 1
11:28:26 | INFO: Extracting primitive: Cube.311
11:28:26 | INFO: Primitives created: 1
11:28:26 | INFO: Extracting primitive: Hand modeled mesh.226
11:28:26 | INFO: Primitives created: 1
11:28:26 | INFO: Extracting primitive: Cube.312
11:28:26 | INFO: Primitives created: 1
11:28:26 | INFO: Extracting primitive: Cube.313
11:28:26 | INFO: Primitives created: 1
11:28:26 | INFO: Extracting primitive: Cube.314
11:28:26 | INFO: Primitives created: 1
11:28:26 | INFO: Extracting primitive: Cube.315
11:28:26 | INFO: Primitives created: 1
11:28:26 | INFO: Extracting primitive: Cube.316
11:28:26 | INFO: Primitives created: 1
11:28:26 | INFO: Extracting primitive: Cube.317
11:28:26 | INFO: Primitives created: 1
11:28:26 | INFO: Extracting primitive: Hand modeled mesh.228
11:28:26 | INFO: Primitives created: 1
11:28:26 | INFO: Extracting primitive: Cube.318
11:28:26 | INFO: Primitives created: 1
11:28:26 | INFO: Extracting primitive: Cube.319
11:28:26 | INFO: Primitives created: 1
11:28:26 | INFO: Extracting primitive: Hand modeled mesh.230
11:28:26 | INFO: Primitives created: 1
11:28:26 | INFO: Extracting primitive: Cube.320
11:28:26 | INFO: Primitives created: 1
11:28:26 | INFO: Extracting primitive: Cube.321
11:28:26 | INFO: Primitives created: 1
11:28:26 | INFO: Extracting primitive: Hand modeled mesh.232
11:28:26 | INFO: Primitives created: 1
11:28:26 | INFO: Extracting primitive: Cube.322
11:28:26 | INFO: Primitives created: 1
11:28:26 | INFO: Extracting primitive: Cube.323
11:28:26 | INFO: Primitives created: 1
11:28:26 | INFO: Extracting primitive: Cube.324
11:28:26 | INFO: Primitives created: 1
11:28:26 | INFO: Extracting primitive: Cube.325
11:28:26 | INFO: Primitives created: 1
11:28:26 | INFO: Extracting primitive: Cube.326
11:28:26 | INFO: Primitives created: 1
11:28:26 | INFO: Extracting primitive: Cube.327
11:28:26 | INFO: Primitives created: 1
11:28:26 | INFO: Extracting primitive: Hand modeled mesh.234
11:28:26 | INFO: Primitives created: 1
11:28:26 | INFO: Extracting primitive: Cube.328
11:28:26 | INFO: Primitives created: 1
11:28:26 | INFO: Extracting primitive: Cube.329
11:28:26 | INFO: Primitives created: 1
11:28:26 | INFO: Extracting primitive: Hand modeled mesh.236
11:28:26 | INFO: Primitives created: 1
11:28:26 | INFO: Extracting primitive: Cube.330
11:28:26 | INFO: Primitives created: 1
11:28:26 | INFO: Extracting primitive: Cube.331
11:28:26 | INFO: Primitives created: 1
11:28:26 | INFO: Extracting primitive: Hand modeled mesh.238
11:28:26 | INFO: Primitives created: 1
11:28:26 | INFO: Extracting primitive: Cube.332
11:28:26 | INFO: Primitives created: 1
11:28:26 | INFO: Extracting primitive: Cube.333
11:28:26 | INFO: Primitives created: 1
11:28:26 | INFO: Extracting primitive: Cube.334
11:28:26 | INFO: Primitives created: 1
11:28:26 | INFO: Extracting primitive: Cube.335
11:28:26 | INFO: Primitives created: 1
11:28:26 | INFO: Extracting primitive: Cube.336
11:28:26 | INFO: Primitives created: 1
11:28:26 | INFO: Extracting primitive: Cube.337
11:28:26 | INFO: Primitives created: 1
11:28:26 | INFO: Extracting primitive: Hand modeled mesh.240
11:28:26 | INFO: Primitives created: 1
11:28:26 | INFO: Extracting primitive: Cube.338
11:28:26 | INFO: Primitives created: 1
11:28:26 | INFO: Extracting primitive: Cube.339
11:28:26 | INFO: Primitives created: 1
11:28:26 | INFO: Extracting primitive: Hand modeled mesh.242
11:28:26 | INFO: Primitives created: 1
11:28:26 | INFO: Extracting primitive: Cube.340
11:28:26 | INFO: Primitives created: 1
11:28:26 | INFO: Extracting primitive: Cube.341
11:28:26 | INFO: Primitives created: 1
11:28:26 | INFO: Extracting primitive: Hand modeled mesh.244
11:28:26 | INFO: Primitives created: 1
11:28:26 | INFO: Extracting primitive: Cube.342
11:28:26 | INFO: Primitives created: 1
11:28:26 | INFO: Extracting primitive: Cube.343
11:28:26 | INFO: Primitives created: 1
11:28:26 | INFO: Extracting primitive: Cube.344
11:28:26 | INFO: Primitives created: 1
11:28:26 | INFO: Extracting primitive: Cube.345
11:28:26 | INFO: Primitives created: 1
11:28:26 | INFO: Extracting primitive: Cube.346
11:28:26 | INFO: Primitives created: 1
11:28:26 | INFO: Extracting primitive: Cube.347
11:28:26 | INFO: Primitives created: 1
11:28:26 | INFO: Extracting primitive: Hand modeled mesh.245
11:28:26 | INFO: Primitives created: 1
11:28:26 | INFO: Extracting primitive: Hand modeled mesh.246
11:28:26 | INFO: Primitives created: 1
11:28:26 | INFO: Extracting primitive: Hand modeled mesh.247
11:28:26 | INFO: Primitives created: 1
11:28:26 | INFO: Extracting primitive: Cube.348
11:28:26 | INFO: Primitives created: 1
11:28:26 | INFO: Extracting primitive: Cube.349
11:28:26 | INFO: Primitives created: 1
11:28:26 | INFO: Extracting primitive: Cube.350
11:28:26 | INFO: Primitives created: 1
11:28:26 | INFO: Extracting primitive: Cube.351
11:28:26 | INFO: Primitives created: 1
11:28:26 | INFO: Extracting primitive: Cube.352
11:28:26 | INFO: Primitives created: 1
11:28:26 | INFO: Extracting primitive: Cube.353
11:28:26 | INFO: Primitives created: 1
11:28:26 | INFO: Extracting primitive: Cube.354
11:28:26 | INFO: Primitives created: 1
11:28:26 | INFO: Extracting primitive: Cube.355
11:28:26 | INFO: Primitives created: 1
11:28:26 | INFO: Extracting primitive: Cube.356
11:28:26 | INFO: Primitives created: 1
11:28:26 | INFO: Extracting primitive: Cube.357
11:28:26 | INFO: Primitives created: 1
11:28:26 | INFO: Extracting primitive: Cube.358
11:28:26 | INFO: Primitives created: 1
11:28:26 | INFO: Extracting primitive: Cube.359
11:28:26 | INFO: Primitives created: 1
11:28:26 | INFO: Extracting primitive: Cube.360
11:28:26 | INFO: Primitives created: 1
11:28:26 | INFO: Extracting primitive: Cube.361
11:28:26 | INFO: Primitives created: 1
11:28:26 | INFO: Extracting primitive: Cube.362
11:28:26 | INFO: Primitives created: 1
11:28:26 | INFO: Extracting primitive: Cube.363
11:28:26 | INFO: Primitives created: 1
11:28:26 | INFO: Extracting primitive: Cube.364
11:28:26 | INFO: Primitives created: 1
11:28:26 | INFO: Extracting primitive: Cube.365
11:28:26 | INFO: Primitives created: 1
11:28:26 | INFO: Extracting primitive: Cube.366
11:28:26 | INFO: Primitives created: 1
11:28:26 | INFO: Extracting primitive: Cube.367
11:28:26 | INFO: Primitives created: 1
11:28:26 | INFO: Extracting primitive: Cube.368
11:28:26 | INFO: Primitives created: 1
11:28:26 | INFO: Extracting primitive: Cube.369
11:28:26 | INFO: Primitives created: 1
11:28:26 | INFO: Extracting primitive: Cube.370
11:28:26 | INFO: Primitives created: 1
11:28:26 | INFO: Extracting primitive: Cube.371
11:28:26 | INFO: Primitives created: 1
11:28:26 | INFO: Extracting primitive: Cube.372
11:28:26 | INFO: Primitives created: 1
11:28:26 | INFO: Extracting primitive: Cube.373
11:28:26 | INFO: Primitives created: 1
11:28:26 | INFO: Extracting primitive: Cube.374
11:28:26 | INFO: Primitives created: 1
11:28:26 | INFO: Extracting primitive: Cube.375
11:28:26 | INFO: Primitives created: 1
11:28:26 | INFO: Extracting primitive: Cube.376
11:28:26 | INFO: Primitives created: 1
11:28:26 | INFO: Extracting primitive: Cube.377
11:28:26 | INFO: Primitives created: 1
11:28:26 | INFO: Extracting primitive: Cube.378
11:28:26 | INFO: Primitives created: 1
11:28:26 | INFO: Extracting primitive: Cube.379
11:28:26 | INFO: Primitives created: 1
11:28:26 | INFO: Extracting primitive: Cube.380
11:28:26 | INFO: Primitives created: 1
11:28:26 | INFO: Extracting primitive: Cube.381
11:28:26 | INFO: Primitives created: 1
11:28:26 | INFO: Extracting primitive: Cube.382
11:28:26 | INFO: Primitives created: 1
11:28:26 | INFO: Extracting primitive: Cube.383
11:28:26 | INFO: Primitives created: 1
11:28:26 | INFO: Extracting primitive: Cube.384
11:28:26 | INFO: Primitives created: 1
11:28:26 | INFO: Extracting primitive: Cube.385
11:28:26 | INFO: Primitives created: 1
11:28:26 | INFO: Extracting primitive: Cube.386
11:28:26 | INFO: Primitives created: 1
11:28:26 | INFO: Extracting primitive: Cube.387
11:28:26 | INFO: Primitives created: 1
11:28:26 | INFO: Extracting primitive: Cube.388
11:28:26 | INFO: Primitives created: 1
11:28:26 | INFO: Extracting primitive: Cube.389
11:28:26 | INFO: Primitives created: 1
11:28:26 | INFO: Extracting primitive: Cube.390
11:28:26 | INFO: Primitives created: 1
11:28:26 | INFO: Extracting primitive: Cube.391
11:28:26 | INFO: Primitives created: 1
11:28:26 | INFO: Extracting primitive: Cube.392
11:28:26 | INFO: Primitives created: 1
11:28:26 | INFO: Extracting primitive: Cube.393
11:28:26 | INFO: Primitives created: 1
11:28:26 | INFO: Extracting primitive: Cube.394
11:28:26 | INFO: Primitives created: 1
11:28:26 | INFO: Extracting primitive: Cube.395
11:28:26 | INFO: Primitives created: 1
11:28:26 | INFO: Extracting primitive: Cube.396
11:28:26 | INFO: Primitives created: 1
11:28:26 | INFO: Extracting primitive: Cube.397
11:28:26 | INFO: Primitives created: 1
11:28:26 | INFO: Extracting primitive: Cube.398
11:28:26 | INFO: Primitives created: 1
11:28:26 | INFO: Extracting primitive: Cube.399
11:28:26 | INFO: Primitives created: 1
11:28:26 | INFO: Extracting primitive: Cube.400
11:28:26 | INFO: Primitives created: 1
11:28:26 | INFO: Extracting primitive: Cube.401
11:28:26 | INFO: Primitives created: 1
11:28:26 | INFO: Extracting primitive: Cube.402
11:28:26 | INFO: Primitives created: 1
11:28:26 | INFO: Extracting primitive: Cube.403
11:28:26 | INFO: Primitives created: 1
11:28:26 | INFO: Extracting primitive: Cube.404
11:28:26 | INFO: Primitives created: 1
11:28:26 | INFO: Extracting primitive: Cube.405
11:28:26 | INFO: Primitives created: 1
11:28:26 | INFO: Extracting primitive: Cube.406
11:28:26 | INFO: Primitives created: 1
11:28:26 | INFO: Extracting primitive: Cube.407
11:28:26 | INFO: Primitives created: 1
11:28:26 | INFO: Extracting primitive: Cube.408
11:28:26 | INFO: Primitives created: 1
11:28:26 | INFO: Extracting primitive: Cube.409
11:28:26 | INFO: Primitives created: 1
11:28:26 | INFO: Extracting primitive: Cube.410
11:28:26 | INFO: Primitives created: 1
11:28:26 | INFO: Extracting primitive: Cube.411
11:28:26 | INFO: Primitives created: 1
11:28:26 | INFO: Extracting primitive: Cube.412
11:28:26 | INFO: Primitives created: 1
11:28:26 | INFO: Extracting primitive: Cube.413
11:28:26 | INFO: Primitives created: 1
11:28:26 | INFO: Extracting primitive: Cube.414
11:28:26 | INFO: Primitives created: 1
11:28:26 | INFO: Extracting primitive: Cube.415
11:28:26 | INFO: Primitives created: 1
11:28:26 | INFO: Extracting primitive: Cube.416
11:28:26 | INFO: Primitives created: 1
11:28:26 | INFO: Extracting primitive: Cube.417
11:28:26 | INFO: Primitives created: 1
11:28:26 | INFO: Extracting primitive: Cube.418
11:28:26 | INFO: Primitives created: 1
11:28:26 | INFO: Extracting primitive: Cube.419
11:28:26 | INFO: Primitives created: 1
11:28:26 | INFO: Extracting primitive: Cube.420
11:28:26 | INFO: Primitives created: 1
11:28:26 | INFO: Extracting primitive: Cube.421
11:28:26 | INFO: Primitives created: 1
11:28:26 | INFO: Extracting primitive: Cube.422
11:28:26 | INFO: Primitives created: 1
11:28:26 | INFO: Extracting primitive: Cube.423
11:28:26 | INFO: Primitives created: 1
11:28:26 | INFO: Extracting primitive: Cube.424
11:28:26 | INFO: Primitives created: 1
11:28:26 | INFO: Extracting primitive: Cube.425
11:28:26 | INFO: Primitives created: 1
11:28:26 | INFO: Extracting primitive: Cube.426
11:28:26 | INFO: Primitives created: 1
11:28:26 | INFO: Extracting primitive: Cube.427
11:28:26 | INFO: Primitives created: 1
11:28:26 | INFO: Extracting primitive: Cube.428
11:28:26 | INFO: Primitives created: 1
11:28:26 | INFO: Extracting primitive: Cube.429
11:28:26 | INFO: Primitives created: 1
11:28:26 | INFO: Extracting primitive: Cube.430
11:28:26 | INFO: Primitives created: 1
11:28:26 | INFO: Extracting primitive: Cube.431
11:28:26 | INFO: Primitives created: 1
11:28:26 | INFO: Extracting primitive: Cube.432
11:28:26 | INFO: Primitives created: 1
11:28:26 | INFO: Extracting primitive: Cube.433
11:28:26 | INFO: Primitives created: 1
11:28:26 | INFO: Extracting primitive: Cube.434
11:28:26 | INFO: Primitives created: 1
11:28:26 | INFO: Extracting primitive: Hand modeled mesh.248
11:28:26 | INFO: Primitives created: 1
11:28:26 | INFO: Extracting primitive: Hand modeled mesh.249
11:28:26 | INFO: Primitives created: 1
11:28:26 | INFO: Extracting primitive: Hand modeled mesh.250
11:28:26 | INFO: Primitives created: 1
11:28:26 | INFO: Extracting primitive: Hand modeled mesh.251
11:28:26 | INFO: Primitives created: 1
11:28:26 | INFO: Extracting primitive: Hand modeled mesh.252
11:28:26 | INFO: Primitives created: 1
11:28:26 | INFO: Extracting primitive: Hand modeled mesh.253
11:28:26 | INFO: Primitives created: 1
11:28:26 | INFO: Extracting primitive: Hand modeled mesh.254
11:28:26 | INFO: Primitives created: 1
11:28:26 | INFO: Extracting primitive: Hand modeled mesh.255
11:28:26 | INFO: Primitives created: 1
11:28:26 | INFO: Extracting primitive: Hand modeled mesh.256
11:28:26 | INFO: Primitives created: 1
11:28:26 | INFO: Extracting primitive: Hand modeled mesh.257
11:28:26 | INFO: Primitives created: 1
11:28:26 | INFO: Extracting primitive: Hand modeled mesh.258
11:28:26 | INFO: Primitives created: 1
11:28:26 | INFO: Extracting primitive: Hand modeled mesh.259
11:28:26 | INFO: Primitives created: 1
11:28:26 | INFO: Extracting primitive: Hand modeled mesh.260
11:28:26 | INFO: Primitives created: 1
11:28:26 | INFO: Extracting primitive: Cube.435
11:28:26 | INFO: Primitives created: 1
11:28:26 | INFO: Extracting primitive: Cube.436
11:28:26 | INFO: Primitives created: 1
11:28:26 | INFO: Extracting primitive: Cube.437
11:28:26 | INFO: Primitives created: 1
11:28:26 | INFO: Extracting primitive: Cube.438
11:28:26 | INFO: Primitives created: 1
11:28:26 | INFO: Extracting primitive: Cube.439
11:28:26 | INFO: Primitives created: 1
11:28:26 | INFO: Extracting primitive: Cube.440
11:28:26 | INFO: Primitives created: 1
11:28:26 | INFO: Extracting primitive: Cube.441
11:28:26 | INFO: Primitives created: 1
11:28:26 | INFO: Extracting primitive: Cube.442
11:28:26 | INFO: Primitives created: 1
11:28:26 | INFO: Extracting primitive: Cube.443
11:28:26 | INFO: Primitives created: 1
11:28:26 | INFO: Extracting primitive: Cube.444
11:28:26 | INFO: Primitives created: 1
11:28:26 | INFO: Extracting primitive: Cube.445
11:28:26 | INFO: Primitives created: 1
11:28:26 | INFO: Extracting primitive: Cube.446
11:28:26 | INFO: Primitives created: 1
11:28:26 | INFO: Extracting primitive: Cube.447
11:28:26 | INFO: Primitives created: 1
11:28:26 | INFO: Extracting primitive: Cube.448
11:28:26 | INFO: Primitives created: 1
11:28:26 | INFO: Extracting primitive: Cube.449
11:28:26 | INFO: Primitives created: 1
11:28:26 | INFO: Extracting primitive: Cube.450
11:28:26 | INFO: Primitives created: 1
11:28:26 | INFO: Extracting primitive: Cube.451
11:28:26 | INFO: Primitives created: 1
11:28:26 | INFO: Extracting primitive: Cube.452
11:28:26 | INFO: Primitives created: 1
11:28:26 | INFO: Extracting primitive: Cube.453
11:28:26 | INFO: Primitives created: 1
11:28:26 | INFO: Extracting primitive: Cube.454
11:28:26 | INFO: Primitives created: 1
11:28:26 | INFO: Extracting primitive: Cube.455
11:28:26 | INFO: Primitives created: 1
11:28:26 | INFO: Extracting primitive: Cube.456
11:28:26 | INFO: Primitives created: 1
11:28:26 | INFO: Extracting primitive: Cube.457
11:28:26 | INFO: Primitives created: 1
11:28:26 | INFO: Extracting primitive: Cube.458
11:28:26 | INFO: Primitives created: 1
11:28:26 | INFO: Extracting primitive: Cube.459
11:28:26 | INFO: Primitives created: 1
11:28:26 | INFO: Extracting primitive: Cube.460
11:28:26 | INFO: Primitives created: 1
11:28:26 | INFO: Extracting primitive: Cube.461
11:28:26 | INFO: Primitives created: 1
11:28:26 | INFO: Extracting primitive: Cube.462
11:28:26 | INFO: Primitives created: 1
11:28:26 | INFO: Extracting primitive: Cube.463
11:28:26 | INFO: Primitives created: 1
11:28:26 | INFO: Extracting primitive: Cube.464
11:28:26 | INFO: Primitives created: 1
11:28:26 | INFO: Extracting primitive: Cube.465
11:28:26 | INFO: Primitives created: 1
11:28:26 | INFO: Extracting primitive: Cube.466
11:28:26 | INFO: Primitives created: 1
11:28:26 | INFO: Extracting primitive: Cube.467
11:28:26 | INFO: Primitives created: 1
11:28:26 | INFO: Extracting primitive: Cube.468
11:28:26 | INFO: Primitives created: 1
11:28:26 | INFO: Extracting primitive: Cube.469
11:28:26 | INFO: Primitives created: 1
11:28:26 | INFO: Extracting primitive: Cube.470
11:28:26 | INFO: Primitives created: 1
11:28:26 | INFO: Extracting primitive: Cube.471
11:28:26 | INFO: Primitives created: 1
11:28:26 | INFO: Extracting primitive: Cube.472
11:28:26 | INFO: Primitives created: 1
11:28:26 | INFO: Extracting primitive: Cube.473
11:28:26 | INFO: Primitives created: 1
11:28:26 | INFO: Extracting primitive: Cube.474
11:28:26 | INFO: Primitives created: 1
11:28:26 | INFO: Extracting primitive: Cube.475
11:28:26 | INFO: Primitives created: 1
11:28:26 | INFO: Extracting primitive: Cube.476
11:28:26 | INFO: Primitives created: 1
11:28:26 | INFO: Extracting primitive: Cube.477
11:28:26 | INFO: Primitives created: 1
11:28:26 | INFO: Extracting primitive: Cube.478
11:28:26 | INFO: Primitives created: 1
11:28:26 | INFO: Extracting primitive: Cube.479
11:28:26 | INFO: Primitives created: 1
11:28:26 | INFO: Extracting primitive: Cube.480
11:28:26 | INFO: Primitives created: 1
11:28:26 | INFO: Extracting primitive: Cube.481
11:28:26 | INFO: Primitives created: 1
11:28:26 | INFO: Extracting primitive: Cube.482
11:28:26 | INFO: Primitives created: 1
11:28:26 | INFO: Extracting primitive: Cube.483
11:28:26 | INFO: Primitives created: 1
11:28:26 | INFO: Extracting primitive: Cube.484
11:28:26 | INFO: Primitives created: 1
11:28:26 | INFO: Extracting primitive: Cube.001
11:28:26 | INFO: Primitives created: 1
11:28:26 | INFO: Extracting primitive: Cube.002
11:28:26 | INFO: Primitives created: 1
11:28:26 | INFO: Extracting primitive: Cube.003
11:28:26 | INFO: Primitives created: 1
11:28:26 | INFO: Extracting primitive: Cube.004
11:28:26 | INFO: Primitives created: 1
11:28:26 | INFO: Extracting primitive: Cube.005
11:28:26 | INFO: Primitives created: 1
11:28:26 | INFO: Extracting primitive: Cube.006
11:28:26 | INFO: Primitives created: 1
11:28:26 | INFO: Extracting primitive: Cube.007
11:28:26 | INFO: Primitives created: 1
11:28:26 | INFO: Extracting primitive: Cube.008
11:28:26 | INFO: Primitives created: 1
11:28:26 | INFO: Extracting primitive: Cube.009
11:28:26 | INFO: Primitives created: 1
11:28:26 | INFO: Extracting primitive: Cube.010
11:28:26 | INFO: Primitives created: 1
11:28:26 | INFO: Extracting primitive: Cube.011
11:28:26 | INFO: Primitives created: 1
11:28:26 | INFO: Extracting primitive: Cube.012
11:28:26 | INFO: Primitives created: 1
11:28:26 | INFO: Extracting primitive: Hand modeled mesh.012
11:28:26 | INFO: Primitives created: 1
11:28:26 | INFO: Extracting primitive: Cone
11:28:26 | INFO: Primitives created: 1
11:28:26 | INFO: Extracting primitive: Cone.001
11:28:26 | INFO: Primitives created: 1
11:28:26 | INFO: Extracting primitive: Cube.016
11:28:26 | INFO: Primitives created: 1
11:28:26 | INFO: Extracting primitive: Cube.018
11:28:26 | INFO: Primitives created: 1
11:28:26 | INFO: Extracting primitive: Cube.020
11:28:26 | INFO: Primitives created: 1
11:28:26 | INFO: Extracting primitive: Cube.022
11:28:26 | INFO: Primitives created: 1
11:28:26 | INFO: Extracting primitive: Hand modeled mesh.014
11:28:26 | INFO: Primitives created: 1
11:28:26 | INFO: Extracting primitive: Cube.024
11:28:26 | INFO: Primitives created: 1
11:28:26 | INFO: Extracting primitive: Cube.026
11:28:26 | INFO: Primitives created: 1
11:28:26 | INFO: Extracting primitive: Cube.028
11:28:26 | INFO: Primitives created: 1
11:28:26 | INFO: Extracting primitive: Cube.030
11:28:26 | INFO: Primitives created: 1
11:28:26 | INFO: Extracting primitive: Cube.032
11:28:26 | INFO: Primitives created: 1
11:28:26 | INFO: Extracting primitive: Hand modeled mesh.016
11:28:26 | INFO: Primitives created: 1
11:28:26 | INFO: Extracting primitive: Cube.033
11:28:26 | INFO: Primitives created: 1
11:28:26 | INFO: Extracting primitive: Cube.034
11:28:26 | INFO: Primitives created: 1
11:28:26 | INFO: Extracting primitive: Cube.035
11:28:26 | INFO: Primitives created: 1
11:28:26 | INFO: Extracting primitive: Cube.036
11:28:26 | INFO: Primitives created: 1
11:28:26 | INFO: Extracting primitive: Cube.037
11:28:26 | INFO: Primitives created: 1
11:28:26 | INFO: Extracting primitive: Hand modeled mesh.018
11:28:26 | INFO: Primitives created: 1
11:28:26 | INFO: Extracting primitive: Cube.038
11:28:26 | INFO: Primitives created: 1
11:28:26 | INFO: Extracting primitive: Cube.039
11:28:26 | INFO: Primitives created: 1
11:28:26 | INFO: Extracting primitive: Cube.040
11:28:26 | INFO: Primitives created: 1
11:28:26 | INFO: Extracting primitive: Cube.041
11:28:26 | INFO: Primitives created: 1
11:28:26 | INFO: Finished glTF 2.0 export in 0.999924898147583 s

CROWNREACH37B SAVED 612
Blender 4.5.0 (hash 8cb6b388974a built 2025-07-15 01:36:24)
Read blend: "E:\FeiTing\captures\crownreach_study_37a\castle.blend"

Blender quit
