ERROR: Unrecognized UID: "uid://c3qahognpyp17".
   at: get_id_path (core/io/resource_uid.cpp:199)
ERROR: Unrecognized UID: "uid://iam5icqumoj6".
   at: get_id_path (core/io/resource_uid.cpp:199)
ERROR: Unrecognized UID: "uid://h6f811m50brr".
   at: get_id_path (core/io/resource_uid.cpp:199)
ERROR: Unrecognized UID: "uid://dys05lwo5nb3y".
   at: get_id_path (core/io/resource_uid.cpp:199)
ERROR: Unrecognized UID: "uid://djmxd43fyog8i".
   at: get_id_path (core/io/resource_uid.cpp:199)
ERROR: Unrecognized UID: "uid://c4sdk8v00l55s".
   at: get_id_path (core/io/resource_uid.cpp:199)
ERROR: Unrecognized UID: "uid://dgup722fedewb".
   at: get_id_path (core/io/resource_uid.cpp:199)
ERROR: Unrecognized UID: "uid://c3vijkq5rlo4x".
   at: get_id_path (core/io/resource_uid.cpp:199)
ERROR: Unrecognized UID: "uid://bglj2e3jsla5d".
   at: get_id_path (core/io/resource_uid.cpp:199)
ERROR: Unrecognized UID: "uid://bpfcjdrh1k8ed".
   at: get_id_path (core/io/resource_uid.cpp:199)
ERROR: Unrecognized UID: "uid://bu6sdq654evto".
   at: get_id_path (core/io/resource_uid.cpp:199)
ERROR: Unrecognized UID: "uid://cp33qxq6uxcua".
   at: get_id_path (core/io/resource_uid.cpp:199)
ERROR: Unrecognized UID: "uid://becra75y3nysv".
   at: get_id_path (core/io/resource_uid.cpp:199)
ERROR: Unrecognized UID: "uid://cpq5ih2pwky4i".
   at: get_id_path (core/io/resource_uid.cpp:199)
ERROR: Unrecognized UID: "uid://b8cqnladco3i2".
   at: get_id_path (core/io/resource_uid.cpp:199)
ERROR: Unrecognized UID: "uid://cmxu6vrh3imwp".
   at: get_id_path (core/io/resource_uid.cpp:199)
ERROR: Unrecognized UID: "uid://gifqyicbjfa3".
   at: get_id_path (core/io/resource_uid.cpp:199)
ERROR: Unrecognized UID: "uid://bs1uvw3ts372y".
   at: get_id_path (core/io/resource_uid.cpp:199)
ERROR: Unrecognized UID: "uid://c5o2sh0ymmxuj".
   at: get_id_path (core/io/resource_uid.cpp:199)
ERROR: Unrecognized UID: "uid://bdt4w6wsv2quf".
   at: get_id_path (core/io/resource_uid.cpp:199)
ERROR: Unrecognized UID: "uid://dlyqkojvwfdpx".
   at: get_id_path (core/io/resource_uid.cpp:199)
ERROR: Unrecognized UID: "uid://c4bkqr00jma5r".
   at: get_id_path (core/io/resource_uid.cpp:199)
ERROR: Unrecognized UID: "uid://s5cqkbhsgffi".
   at: get_id_path (core/io/resource_uid.cpp:199)
ERROR: Unrecognized UID: "uid://c08ordmuq3r4v".
   at: get_id_path (core/io/resource_uid.cpp:199)
ERROR: Unrecognized UID: "uid://bfygm4ppsyj4i".
   at: get_id_path (core/io/resource_uid.cpp:199)
ERROR: Unrecognized UID: "uid://dwhel0ka8mmxa".
   at: get_id_path (core/io/resource_uid.cpp:199)
ERROR: Parameter "common_parent" is null.
   at: get_path_to (scene/main/node.cpp:2309)
ERROR: Parameter "common_parent" is null.
   at: get_path_to (scene/main/node.cpp:2309)
ERROR: Parameter "common_parent" is null.
   at: get_path_to (scene/main/node.cpp:2309)
ERROR: Parameter "common_parent" is null.
   at: get_path_to (scene/main/node.cpp:2309)
ERROR: Parameter "common_parent" is null.
   at: get_path_to (scene/main/node.cpp:2309)
ERROR: Parameter "common_parent" is null.
   at: get_path_to (scene/main/node.cpp:2309)
ERROR: Parameter "common_parent" is null.
   at: get_path_to (scene/main/node.cpp:2309)
ERROR: Parameter "common_parent" is null.
   at: get_path_to (scene/main/node.cpp:2309)
ERROR: Parameter "common_parent" is null.
   at: get_path_to (scene/main/node.cpp:2309)
ERROR: Parameter "common_parent" is null.
   at: get_path_to (scene/main/node.cpp:2309)
ERROR: Parameter "common_parent" is null.
   at: get_path_to (scene/main/node.cpp:2309)
ERROR: Parameter "common_parent" is null.
   at: get_path_to (scene/main/node.cpp:2309)
ERROR: Parameter "common_parent" is null.
   at: get_path_to (scene/main/node.cpp:2309)
ERROR: Parameter "common_parent" is null.
   at: get_path_to (scene/main/node.cpp:2309)
ERROR: Parameter "common_parent" is null.
   at: get_path_to (scene/main/node.cpp:2309)
ERROR: Parameter "common_parent" is null.
   at: get_path_to (scene/main/node.cpp:2309)
ERROR: Parameter "common_parent" is null.
   at: get_path_to (scene/main/node.cpp:2309)
ERROR: Parameter "common_parent" is null.
   at: get_path_to (scene/main/node.cpp:2309)
ERROR: Parameter "common_parent" is null.
   at: get_path_to (scene/main/node.cpp:2309)
ERROR: Parameter "common_parent" is null.
   at: get_path_to (scene/main/node.cpp:2309)
ERROR: Parameter "common_parent" is null.
   at: get_path_to (scene/main/node.cpp:2309)
ERROR: Parameter "common_parent" is null.
   at: get_path_to (scene/main/node.cpp:2309)
ERROR: Instance count must be 0 to change the transform format.
   at: set_transform_format (scene/resources/multimesh.cpp:352)
ERROR: Instance count must be 0 to toggle whether colors are used.
   at: set_use_colors (scene/resources/multimesh.cpp:334)
ERROR: Instance count must be 0 to toggle whether custom data is used.
   at: set_use_custom_data (scene/resources/multimesh.cpp:343)
ERROR: Instance count must be 0 to change the transform format.
   at: set_transform_format (scene/resources/multimesh.cpp:352)
ERROR: Instance count must be 0 to toggle whether colors are used.
   at: set_use_colors (scene/resources/multimesh.cpp:334)
ERROR: Instance count must be 0 to toggle whether custom data is used.
   at: set_use_custom_data (scene/resources/multimesh.cpp:343)
ERROR: Instance count must be 0 to change the transform format.
   at: set_transform_format (scene/resources/multimesh.cpp:352)
ERROR: Instance count must be 0 to toggle whether colors are used.
   at: set_use_colors (scene/resources/multimesh.cpp:334)
ERROR: Instance count must be 0 to toggle whether custom data is used.
   at: set_use_custom_data (scene/resources/multimesh.cpp:343)
ERROR: Instance count must be 0 to change the transform format.
   at: set_transform_format (scene/resources/multimesh.cpp:352)
ERROR: Instance count must be 0 to toggle whether colors are used.
   at: set_use_colors (scene/resources/multimesh.cpp:334)
ERROR: Instance count must be 0 to toggle whether custom data is used.
   at: set_use_custom_data (scene/resources/multimesh.cpp:343)
ERROR: Instance count must be 0 to change the transform format.
   at: set_transform_format (scene/resources/multimesh.cpp:352)
ERROR: Instance count must be 0 to toggle whether colors are used.
   at: set_use_colors (scene/resources/multimesh.cpp:334)
ERROR: Instance count must be 0 to toggle whether custom data is used.
   at: set_use_custom_data (scene/resources/multimesh.cpp:343)
ERROR: Instance count must be 0 to change the transform format.
   at: set_transform_format (scene/resources/multimesh.cpp:352)
ERROR: Instance count must be 0 to toggle whether colors are used.
   at: set_use_colors (scene/resources/multimesh.cpp:334)
ERROR: Instance count must be 0 to toggle whether custom data is used.
   at: set_use_custom_data (scene/resources/multimesh.cpp:343)
ERROR: Instance count must be 0 to change the transform format.
   at: set_transform_format (scene/resources/multimesh.cpp:352)
ERROR: Instance count must be 0 to toggle whether colors are used.
   at: set_use_colors (scene/resources/multimesh.cpp:334)
ERROR: Instance count must be 0 to toggle whether custom data is used.
   at: set_use_custom_data (scene/resources/multimesh.cpp:343)
ERROR: Instance count must be 0 to change the transform format.
   at: set_transform_format (scene/resources/multimesh.cpp:352)
ERROR: Instance count must be 0 to toggle whether colors are used.
   at: set_use_colors (scene/resources/multimesh.cpp:334)
ERROR: Instance count must be 0 to toggle whether custom data is used.
   at: set_use_custom_data (scene/resources/multimesh.cpp:343)
ERROR: Unrecognized UID: "uid://hyqv1k35pq8k".
   at: get_id_path (core/io/resource_uid.cpp:199)
ERROR: Unrecognized UID: "uid://88hal2y7id3o".
   at: get_id_path (core/io/resource_uid.cpp:199)
ERROR: Unrecognized UID: "uid://nkx04ihtni8x".
   at: get_id_path (core/io/resource_uid.cpp:199)
ERROR: Unrecognized UID: "uid://ypiyhxydmnpi".
   at: get_id_path (core/io/resource_uid.cpp:199)
ERROR: Unrecognized UID: "uid://c3uq34v3etvkd".
   at: get_id_path (core/io/resource_uid.cpp:199)
ERROR: Unrecognized UID: "uid://bijnvc8bhxd71".
   at: get_id_path (core/io/resource_uid.cpp:199)
ERROR: Unrecognized UID: "uid://pktf5gv3lhyl".
   at: get_id_path (core/io/resource_uid.cpp:199)
ERROR: Instance count must be 0 to change the transform format.
   at: set_transform_format (scene/resources/multimesh.cpp:352)
ERROR: Instance count must be 0 to toggle whether colors are used.
   at: set_use_colors (scene/resources/multimesh.cpp:334)
ERROR: Instance count must be 0 to toggle whether custom data is used.
   at: set_use_custom_data (scene/resources/multimesh.cpp:343)
ERROR: Instance count must be 0 to change the transform format.
   at: set_transform_format (scene/resources/multimesh.cpp:352)
ERROR: Instance count must be 0 to toggle whether colors are used.
   at: set_use_colors (scene/resources/multimesh.cpp:334)
ERROR: Instance count must be 0 to toggle whether custom data is used.
   at: set_use_custom_data (scene/resources/multimesh.cpp:343)
ERROR: Instance count must be 0 to change the transform format.
   at: set_transform_format (scene/resources/multimesh.cpp:352)
ERROR: Instance count must be 0 to toggle whether colors are used.
   at: set_use_colors (scene/resources/multimesh.cpp:334)
ERROR: Instance count must be 0 to toggle whether custom data is used.
   at: set_use_custom_data (scene/resources/multimesh.cpp:343)
ERROR: Instance count must be 0 to change the transform format.
   at: set_transform_format (scene/resources/multimesh.cpp:352)
ERROR: Instance count must be 0 to toggle whether colors are used.
   at: set_use_colors (scene/resources/multimesh.cpp:334)
ERROR: Instance count must be 0 to toggle whether custom data is used.
   at: set_use_custom_data (scene/resources/multimesh.cpp:343)
ERROR: Instance count must be 0 to change the transform format.
   at: set_transform_format (scene/resources/multimesh.cpp:352)
ERROR: Instance count must be 0 to toggle whether colors are used.
   at: set_use_colors (scene/resources/multimesh.cpp:334)
ERROR: Instance count must be 0 to toggle whether custom data is used.
   at: set_use_custom_data (scene/resources/multimesh.cpp:343)
ERROR: Instance count must be 0 to change the transform format.
   at: set_transform_format (scene/resources/multimesh.cpp:352)
ERROR: Instance count must be 0 to toggle whether colors are used.
   at: set_use_colors (scene/resources/multimesh.cpp:334)
ERROR: Instance count must be 0 to toggle whether custom data is used.
   at: set_use_custom_data (scene/resources/multimesh.cpp:343)
ERROR: Instance count must be 0 to change the transform format.
   at: set_transform_format (scene/resources/multimesh.cpp:352)
ERROR: Instance count must be 0 to toggle whether colors are used.
   at: set_use_colors (scene/resources/multimesh.cpp:334)
ERROR: Instance count must be 0 to toggle whether custom data is used.
   at: set_use_custom_data (scene/resources/multimesh.cpp:343)
ERROR: Instance count must be 0 to change the transform format.
   at: set_transform_format (scene/resources/multimesh.cpp:352)
ERROR: Instance count must be 0 to toggle whether colors are used.
   at: set_use_colors (scene/resources/multimesh.cpp:334)
ERROR: Instance count must be 0 to toggle whether custom data is used.
   at: set_use_custom_data (scene/resources/multimesh.cpp:343)
ERROR: Instance count must be 0 to change the transform format.
   at: set_transform_format (scene/resources/multimesh.cpp:352)
ERROR: Instance count must be 0 to toggle whether colors are used.
   at: set_use_colors (scene/resources/multimesh.cpp:334)
ERROR: Instance count must be 0 to toggle whether custom data is used.
   at: set_use_custom_data (scene/resources/multimesh.cpp:343)
ERROR: Instance count must be 0 to change the transform format.
   at: set_transform_format (scene/resources/multimesh.cpp:352)
ERROR: Instance count must be 0 to toggle whether colors are used.
   at: set_use_colors (scene/resources/multimesh.cpp:334)
ERROR: Instance count must be 0 to toggle whether custom data is used.
   at: set_use_custom_data (scene/resources/multimesh.cpp:343)
ERROR: Instance count must be 0 to change the transform format.
   at: set_transform_format (scene/resources/multimesh.cpp:352)
ERROR: Instance count must be 0 to toggle whether colors are used.
   at: set_use_colors (scene/resources/multimesh.cpp:334)
ERROR: Instance count must be 0 to toggle whether custom data is used.
   at: set_use_custom_data (scene/resources/multimesh.cpp:343)
ERROR: Instance count must be 0 to change the transform format.
   at: set_transform_format (scene/resources/multimesh.cpp:352)
ERROR: Instance count must be 0 to toggle whether colors are used.
   at: set_use_colors (scene/resources/multimesh.cpp:334)
ERROR: Instance count must be 0 to toggle whether custom data is used.
   at: set_use_custom_data (scene/resources/multimesh.cpp:343)
ERROR: Instance count must be 0 to change the transform format.
   at: set_transform_format (scene/resources/multimesh.cpp:352)
ERROR: Instance count must be 0 to toggle whether colors are used.
   at: set_use_colors (scene/resources/multimesh.cpp:334)
ERROR: Instance count must be 0 to toggle whether custom data is used.
   at: set_use_custom_data (scene/resources/multimesh.cpp:343)
ERROR: Instance count must be 0 to change the transform format.
   at: set_transform_format (scene/resources/multimesh.cpp:352)
ERROR: Instance count must be 0 to toggle whether colors are used.
   at: set_use_colors (scene/resources/multimesh.cpp:334)
ERROR: Instance count must be 0 to toggle whether custom data is used.
   at: set_use_custom_data (scene/resources/multimesh.cpp:343)
ERROR: Instance count must be 0 to change the transform format.
   at: set_transform_format (scene/resources/multimesh.cpp:352)
ERROR: Instance count must be 0 to toggle whether colors are used.
   at: set_use_colors (scene/resources/multimesh.cpp:334)
ERROR: Instance count must be 0 to toggle whether custom data is used.
   at: set_use_custom_data (scene/resources/multimesh.cpp:343)
ERROR: Instance count must be 0 to change the transform format.
   at: set_transform_format (scene/resources/multimesh.cpp:352)
ERROR: Instance count must be 0 to toggle whether colors are used.
   at: set_use_colors (scene/resources/multimesh.cpp:334)
ERROR: Instance count must be 0 to toggle whether custom data is used.
   at: set_use_custom_data (scene/resources/multimesh.cpp:343)
ERROR: Instance count must be 0 to change the transform format.
   at: set_transform_format (scene/resources/multimesh.cpp:352)
ERROR: Instance count must be 0 to toggle whether colors are used.
   at: set_use_colors (scene/resources/multimesh.cpp:334)
ERROR: Instance count must be 0 to toggle whether custom data is used.
   at: set_use_custom_data (scene/resources/multimesh.cpp:343)
ERROR: Instance count must be 0 to change the transform format.
   at: set_transform_format (scene/resources/multimesh.cpp:352)
ERROR: Instance count must be 0 to toggle whether colors are used.
   at: set_use_colors (scene/resources/multimesh.cpp:334)
ERROR: Instance count must be 0 to toggle whether custom data is used.
   at: set_use_custom_data (scene/resources/multimesh.cpp:343)
ERROR: Instance count must be 0 to change the transform format.
   at: set_transform_format (scene/resources/multimesh.cpp:352)
ERROR: Instance count must be 0 to toggle whether colors are used.
   at: set_use_colors (scene/resources/multimesh.cpp:334)
ERROR: Instance count must be 0 to toggle whether custom data is used.
   at: set_use_custom_data (scene/resources/multimesh.cpp:343)
ERROR: Instance count must be 0 to change the transform format.
   at: set_transform_format (scene/resources/multimesh.cpp:352)
ERROR: Instance count must be 0 to toggle whether colors are used.
   at: set_use_colors (scene/resources/multimesh.cpp:334)
ERROR: Instance count must be 0 to toggle whether custom data is used.
   at: set_use_custom_data (scene/resources/multimesh.cpp:343)
ERROR: Instance count must be 0 to change the transform format.
   at: set_transform_format (scene/resources/multimesh.cpp:352)
ERROR: Instance count must be 0 to toggle whether colors are used.
   at: set_use_colors (scene/resources/multimesh.cpp:334)
ERROR: Instance count must be 0 to toggle whether custom data is used.
   at: set_use_custom_data (scene/resources/multimesh.cpp:343)
ERROR: Instance count must be 0 to change the transform format.
   at: set_transform_format (scene/resources/multimesh.cpp:352)
ERROR: Instance count must be 0 to toggle whether colors are used.
   at: set_use_colors (scene/resources/multimesh.cpp:334)
ERROR: Instance count must be 0 to toggle whether custom data is used.
   at: set_use_custom_data (scene/resources/multimesh.cpp:343)
ERROR: Instance count must be 0 to change the transform format.
   at: set_transform_format (scene/resources/multimesh.cpp:352)
ERROR: Instance count must be 0 to toggle whether colors are used.
   at: set_use_colors (scene/resources/multimesh.cpp:334)
ERROR: Instance count must be 0 to toggle whether custom data is used.
   at: set_use_custom_data (scene/resources/multimesh.cpp:343)
ERROR: Instance count must be 0 to change the transform format.
   at: set_transform_format (scene/resources/multimesh.cpp:352)
ERROR: Instance count must be 0 to toggle whether colors are used.
   at: set_use_colors (scene/resources/multimesh.cpp:334)
ERROR: Instance count must be 0 to toggle whether custom data is used.
   at: set_use_custom_data (scene/resources/multimesh.cpp:343)
ERROR: Instance count must be 0 to change the transform format.
   at: set_transform_format (scene/resources/multimesh.cpp:352)
ERROR: Instance count must be 0 to toggle whether colors are used.
   at: set_use_colors (scene/resources/multimesh.cpp:334)
ERROR: Instance count must be 0 to toggle whether custom data is used.
   at: set_use_custom_data (scene/resources/multimesh.cpp:343)
ERROR: Instance count must be 0 to change the transform format.
   at: set_transform_format (scene/resources/multimesh.cpp:352)
ERROR: Instance count must be 0 to toggle whether colors are used.
   at: set_use_colors (scene/resources/multimesh.cpp:334)
ERROR: Instance count must be 0 to toggle whether custom data is used.
   at: set_use_custom_data (scene/resources/multimesh.cpp:343)
ERROR: Instance count must be 0 to change the transform format.
   at: set_transform_format (scene/resources/multimesh.cpp:352)
ERROR: Instance count must be 0 to toggle whether colors are used.
   at: set_use_colors (scene/resources/multimesh.cpp:334)
ERROR: Instance count must be 0 to toggle whether custom data is used.
   at: set_use_custom_data (scene/resources/multimesh.cpp:343)
ERROR: Instance count must be 0 to change the transform format.
   at: set_transform_format (scene/resources/multimesh.cpp:352)
ERROR: Instance count must be 0 to toggle whether colors are used.
   at: set_use_colors (scene/resources/multimesh.cpp:334)
ERROR: Instance count must be 0 to toggle whether custom data is used.
   at: set_use_custom_data (scene/resources/multimesh.cpp:343)
ERROR: Instance count must be 0 to change the transform format.
   at: set_transform_format (scene/resources/multimesh.cpp:352)
ERROR: Instance count must be 0 to toggle whether colors are used.
   at: set_use_colors (scene/resources/multimesh.cpp:334)
ERROR: Instance count must be 0 to toggle whether custom data is used.
   at: set_use_custom_data (scene/resources/multimesh.cpp:343)
ERROR: Instance count must be 0 to change the transform format.
   at: set_transform_format (scene/resources/multimesh.cpp:352)
ERROR: Instance count must be 0 to toggle whether colors are used.
   at: set_use_colors (scene/resources/multimesh.cpp:334)
ERROR: Instance count must be 0 to toggle whether custom data is used.
   at: set_use_custom_data (scene/resources/multimesh.cpp:343)
ERROR: Instance count must be 0 to change the transform format.
   at: set_transform_format (scene/resources/multimesh.cpp:352)
ERROR: Instance count must be 0 to toggle whether colors are used.
   at: set_use_colors (scene/resources/multimesh.cpp:334)
ERROR: Instance count must be 0 to toggle whether custom data is used.
   at: set_use_custom_data (scene/resources/multimesh.cpp:343)
ERROR: Instance count must be 0 to change the transform format.
   at: set_transform_format (scene/resources/multimesh.cpp:352)
ERROR: Instance count must be 0 to toggle whether colors are used.
   at: set_use_colors (scene/resources/multimesh.cpp:334)
ERROR: Instance count must be 0 to toggle whether custom data is used.
   at: set_use_custom_data (scene/resources/multimesh.cpp:343)
ERROR: Instance count must be 0 to change the transform format.
   at: set_transform_format (scene/resources/multimesh.cpp:352)
ERROR: Instance count must be 0 to toggle whether colors are used.
   at: set_use_colors (scene/resources/multimesh.cpp:334)
ERROR: Instance count must be 0 to toggle whether custom data is used.
   at: set_use_custom_data (scene/resources/multimesh.cpp:343)
ERROR: Instance count must be 0 to change the transform format.
   at: set_transform_format (scene/resources/multimesh.cpp:352)
ERROR: Instance count must be 0 to toggle whether colors are used.
   at: set_use_colors (scene/resources/multimesh.cpp:334)
ERROR: Instance count must be 0 to toggle whether custom data is used.
   at: set_use_custom_data (scene/resources/multimesh.cpp:343)
ERROR: Instance count must be 0 to change the transform format.
   at: set_transform_format (scene/resources/multimesh.cpp:352)
ERROR: Instance count must be 0 to toggle whether colors are used.
   at: set_use_colors (scene/resources/multimesh.cpp:334)
ERROR: Instance count must be 0 to toggle whether custom data is used.
   at: set_use_custom_data (scene/resources/multimesh.cpp:343)
ERROR: Instance count must be 0 to change the transform format.
   at: set_transform_format (scene/resources/multimesh.cpp:352)
ERROR: Instance count must be 0 to toggle whether colors are used.
   at: set_use_colors (scene/resources/multimesh.cpp:334)
ERROR: Instance count must be 0 to toggle whether custom data is used.
   at: set_use_custom_data (scene/resources/multimesh.cpp:343)
ERROR: Instance count must be 0 to change the transform format.
   at: set_transform_format (scene/resources/multimesh.cpp:352)
ERROR: Instance count must be 0 to toggle whether colors are used.
   at: set_use_colors (scene/resources/multimesh.cpp:334)
ERROR: Instance count must be 0 to toggle whether custom data is used.
   at: set_use_custom_data (scene/resources/multimesh.cpp:343)
ERROR: Instance count must be 0 to change the transform format.
   at: set_transform_format (scene/resources/multimesh.cpp:352)
ERROR: Instance count must be 0 to toggle whether colors are used.
   at: set_use_colors (scene/resources/multimesh.cpp:334)
ERROR: Instance count must be 0 to toggle whether custom data is used.
   at: set_use_custom_data (scene/resources/multimesh.cpp:343)
ERROR: Instance count must be 0 to change the transform format.
   at: set_transform_format (scene/resources/multimesh.cpp:352)
ERROR: Instance count must be 0 to toggle whether colors are used.
   at: set_use_colors (scene/resources/multimesh.cpp:334)
ERROR: Instance count must be 0 to toggle whether custom data is used.
   at: set_use_custom_data (scene/resources/multimesh.cpp:343)
ERROR: Instance count must be 0 to change the transform format.
   at: set_transform_format (scene/resources/multimesh.cpp:352)
ERROR: Instance count must be 0 to toggle whether colors are used.
   at: set_use_colors (scene/resources/multimesh.cpp:334)
ERROR: Instance count must be 0 to toggle whether custom data is used.
   at: set_use_custom_data (scene/resources/multimesh.cpp:343)
ERROR: Instance count must be 0 to change the transform format.
   at: set_transform_format (scene/resources/multimesh.cpp:352)
ERROR: Instance count must be 0 to toggle whether colors are used.
   at: set_use_colors (scene/resources/multimesh.cpp:334)
ERROR: Instance count must be 0 to toggle whether custom data is used.
   at: set_use_custom_data (scene/resources/multimesh.cpp:343)
ERROR: Instance count must be 0 to change the transform format.
   at: set_transform_format (scene/resources/multimesh.cpp:352)
ERROR: Instance count must be 0 to toggle whether colors are used.
   at: set_use_colors (scene/resources/multimesh.cpp:334)
ERROR: Instance count must be 0 to toggle whether custom data is used.
   at: set_use_custom_data (scene/resources/multimesh.cpp:343)
ERROR: Instance count must be 0 to change the transform format.
   at: set_transform_format (scene/resources/multimesh.cpp:352)
ERROR: Instance count must be 0 to toggle whether colors are used.
   at: set_use_colors (scene/resources/multimesh.cpp:334)
ERROR: Instance count must be 0 to toggle whether custom data is used.
   at: set_use_custom_data (scene/resources/multimesh.cpp:343)
ERROR: Instance count must be 0 to change the transform format.
   at: set_transform_format (scene/resources/multimesh.cpp:352)
ERROR: Instance count must be 0 to toggle whether colors are used.
   at: set_use_colors (scene/resources/multimesh.cpp:334)
ERROR: Instance count must be 0 to toggle whether custom data is used.
   at: set_use_custom_data (scene/resources/multimesh.cpp:343)
ERROR: Instance count must be 0 to change the transform format.
   at: set_transform_format (scene/resources/multimesh.cpp:352)
ERROR: Instance count must be 0 to toggle whether colors are used.
   at: set_use_colors (scene/resources/multimesh.cpp:334)
ERROR: Instance count must be 0 to toggle whether custom data is used.
   at: set_use_custom_data (scene/resources/multimesh.cpp:343)
ERROR: Instance count must be 0 to change the transform format.
   at: set_transform_format (scene/resources/multimesh.cpp:352)
ERROR: Instance count must be 0 to toggle whether colors are used.
   at: set_use_colors (scene/resources/multimesh.cpp:334)
ERROR: Instance count must be 0 to toggle whether custom data is used.
   at: set_use_custom_data (scene/resources/multimesh.cpp:343)
ERROR: Instance count must be 0 to change the transform format.
   at: set_transform_format (scene/resources/multimesh.cpp:352)
ERROR: Instance count must be 0 to toggle whether colors are used.
   at: set_use_colors (scene/resources/multimesh.cpp:334)
ERROR: Instance count must be 0 to toggle whether custom data is used.
   at: set_use_custom_data (scene/resources/multimesh.cpp:343)
ERROR: Instance count must be 0 to change the transform format.
   at: set_transform_format (scene/resources/multimesh.cpp:352)
ERROR: Instance count must be 0 to toggle whether colors are used.
   at: set_use_colors (scene/resources/multimesh.cpp:334)
ERROR: Instance count must be 0 to toggle whether custom data is used.
   at: set_use_custom_data (scene/resources/multimesh.cpp:343)
ERROR: Instance count must be 0 to change the transform format.
   at: set_transform_format (scene/resources/multimesh.cpp:352)
ERROR: Instance count must be 0 to toggle whether colors are used.
   at: set_use_colors (scene/resources/multimesh.cpp:334)
ERROR: Instance count must be 0 to toggle whether custom data is used.
   at: set_use_custom_data (scene/resources/multimesh.cpp:343)
ERROR: Instance count must be 0 to change the transform format.
   at: set_transform_format (scene/resources/multimesh.cpp:352)
ERROR: Instance count must be 0 to toggle whether colors are used.
   at: set_use_colors (scene/resources/multimesh.cpp:334)
ERROR: Instance count must be 0 to toggle whether custom data is used.
   at: set_use_custom_data (scene/resources/multimesh.cpp:343)
ERROR: Instance count must be 0 to change the transform format.
   at: set_transform_format (scene/resources/multimesh.cpp:352)
ERROR: Instance count must be 0 to toggle whether colors are used.
   at: set_use_colors (scene/resources/multimesh.cpp:334)
ERROR: Instance count must be 0 to toggle whether custom data is used.
   at: set_use_custom_data (scene/resources/multimesh.cpp:343)
ERROR: Instance count must be 0 to change the transform format.
   at: set_transform_format (scene/resources/multimesh.cpp:352)
ERROR: Instance count must be 0 to toggle whether colors are used.
   at: set_use_colors (scene/resources/multimesh.cpp:334)
ERROR: Instance count must be 0 to toggle whether custom data is used.
   at: set_use_custom_data (scene/resources/multimesh.cpp:343)
ERROR: Instance count must be 0 to change the transform format.
   at: set_transform_format (scene/resources/multimesh.cpp:352)
ERROR: Instance count must be 0 to toggle whether colors are used.
   at: set_use_colors (scene/resources/multimesh.cpp:334)
ERROR: Instance count must be 0 to toggle whether custom data is used.
   at: set_use_custom_data (scene/resources/multimesh.cpp:343)
ERROR: Instance count must be 0 to change the transform format.
   at: set_transform_format (scene/resources/multimesh.cpp:352)
ERROR: Instance count must be 0 to toggle whether colors are used.
   at: set_use_colors (scene/resources/multimesh.cpp:334)
ERROR: Instance count must be 0 to toggle whether custom data is used.
   at: set_use_custom_data (scene/resources/multimesh.cpp:343)
ERROR: Instance count must be 0 to change the transform format.
   at: set_transform_format (scene/resources/multimesh.cpp:352)
ERROR: Instance count must be 0 to toggle whether colors are used.
   at: set_use_colors (scene/resources/multimesh.cpp:334)
ERROR: Instance count must be 0 to toggle whether custom data is used.
   at: set_use_custom_data (scene/resources/multimesh.cpp:343)
ERROR: Parameter "common_parent" is null.
   at: get_path_to (scene/main/node.cpp:2309)
ERROR: Parameter "common_parent" is null.
   at: get_path_to (scene/main/node.cpp:2309)
ERROR: Parameter "common_parent" is null.
   at: get_path_to (scene/main/node.cpp:2309)
ERROR: Parameter "common_parent" is null.
   at: get_path_to (scene/main/node.cpp:2309)
ERROR: Parameter "common_parent" is null.
   at: get_path_to (scene/main/node.cpp:2309)
ERROR: Parameter "common_parent" is null.
   at: get_path_to (scene/main/node.cpp:2309)
ERROR: Parameter "common_parent" is null.
   at: get_path_to (scene/main/node.cpp:2309)
ERROR: Parameter "common_parent" is null.
   at: get_path_to (scene/main/node.cpp:2309)
ERROR: Parameter "common_parent" is null.
   at: get_path_to (scene/main/node.cpp:2309)
ERROR: Parameter "common_parent" is null.
   at: get_path_to (scene/main/node.cpp:2309)
ERROR: Parameter "common_parent" is null.
   at: get_path_to (scene/main/node.cpp:2309)
ERROR: Parameter "common_parent" is null.
   at: get_path_to (scene/main/node.cpp:2309)
ERROR: Parameter "common_parent" is null.
   at: get_path_to (scene/main/node.cpp:2309)
ERROR: Parameter "common_parent" is null.
   at: get_path_to (scene/main/node.cpp:2309)
ERROR: Parameter "common_parent" is null.
   at: get_path_to (scene/main/node.cpp:2309)
ERROR: Parameter "common_parent" is null.
   at: get_path_to (scene/main/node.cpp:2309)
ERROR: Parameter "common_parent" is null.
   at: get_path_to (scene/main/node.cpp:2309)
ERROR: Parameter "common_parent" is null.
   at: get_path_to (scene/main/node.cpp:2309)
ERROR: Parameter "common_parent" is null.
   at: get_path_to (scene/main/node.cpp:2309)
ERROR: Parameter "common_parent" is null.
   at: get_path_to (scene/main/node.cpp:2309)
ERROR: Parameter "common_parent" is null.
   at: get_path_to (scene/main/node.cpp:2309)
ERROR: Parameter "common_parent" is null.
   at: get_path_to (scene/main/node.cpp:2309)
ERROR: Parameter "common_parent" is null.
   at: get_path_to (scene/main/node.cpp:2309)
ERROR: Parameter "common_parent" is null.
   at: get_path_to (scene/main/node.cpp:2309)
ERROR: Instance count must be 0 to change the transform format.
   at: set_transform_format (scene/resources/multimesh.cpp:352)
ERROR: Instance count must be 0 to toggle whether colors are used.
   at: set_use_colors (scene/resources/multimesh.cpp:334)
ERROR: Instance count must be 0 to toggle whether custom data is used.
   at: set_use_custom_data (scene/resources/multimesh.cpp:343)
ERROR: Instance count must be 0 to change the transform format.
   at: set_transform_format (scene/resources/multimesh.cpp:352)
ERROR: Instance count must be 0 to toggle whether colors are used.
   at: set_use_colors (scene/resources/multimesh.cpp:334)
ERROR: Instance count must be 0 to toggle whether custom data is used.
   at: set_use_custom_data (scene/resources/multimesh.cpp:343)
ERROR: Instance count must be 0 to change the transform format.
   at: set_transform_format (scene/resources/multimesh.cpp:352)
ERROR: Instance count must be 0 to toggle whether colors are used.
   at: set_use_colors (scene/resources/multimesh.cpp:334)
ERROR: Instance count must be 0 to toggle whether custom data is used.
   at: set_use_custom_data (scene/resources/multimesh.cpp:343)
ERROR: Instance count must be 0 to change the transform format.
   at: set_transform_format (scene/resources/multimesh.cpp:352)
ERROR: Instance count must be 0 to toggle whether colors are used.
   at: set_use_colors (scene/resources/multimesh.cpp:334)
ERROR: Instance count must be 0 to toggle whether custom data is used.
   at: set_use_custom_data (scene/resources/multimesh.cpp:343)
ERROR: Instance count must be 0 to change the transform format.
   at: set_transform_format (scene/resources/multimesh.cpp:352)
ERROR: Instance count must be 0 to toggle whether colors are used.
   at: set_use_colors (scene/resources/multimesh.cpp:334)
ERROR: Instance count must be 0 to toggle whether custom data is used.
   at: set_use_custom_data (scene/resources/multimesh.cpp:343)
ERROR: Instance count must be 0 to change the transform format.
   at: set_transform_format (scene/resources/multimesh.cpp:352)
ERROR: Instance count must be 0 to toggle whether colors are used.
   at: set_use_colors (scene/resources/multimesh.cpp:334)
ERROR: Instance count must be 0 to toggle whether custom data is used.
   at: set_use_custom_data (scene/resources/multimesh.cpp:343)
ERROR: Instance count must be 0 to change the transform format.
   at: set_transform_format (scene/resources/multimesh.cpp:352)
ERROR: Instance count must be 0 to toggle whether colors are used.
   at: set_use_colors (scene/resources/multimesh.cpp:334)
ERROR: Instance count must be 0 to toggle whether custom data is used.
   at: set_use_custom_data (scene/resources/multimesh.cpp:343)
ERROR: Instance count must be 0 to change the transform format.
   at: set_transform_format (scene/resources/multimesh.cpp:352)
ERROR: Instance count must be 0 to toggle whether colors are used.
   at: set_use_colors (scene/resources/multimesh.cpp:334)
ERROR: Instance count must be 0 to toggle whether custom data is used.
   at: set_use_custom_data (scene/resources/multimesh.cpp:343)
ERROR: Instance count must be 0 to change the transform format.
   at: set_transform_format (scene/resources/multimesh.cpp:352)
ERROR: Instance count must be 0 to toggle whether colors are used.
   at: set_use_colors (scene/resources/multimesh.cpp:334)
ERROR: Instance count must be 0 to toggle whether custom data is used.
   at: set_use_custom_data (scene/resources/multimesh.cpp:343)
ERROR: Instance count must be 0 to change the transform format.
   at: set_transform_format (scene/resources/multimesh.cpp:352)
ERROR: Instance count must be 0 to toggle whether colors are used.
   at: set_use_colors (scene/resources/multimesh.cpp:334)
ERROR: Instance count must be 0 to toggle whether custom data is used.
   at: set_use_custom_data (scene/resources/multimesh.cpp:343)
ERROR: Instance count must be 0 to change the transform format.
   at: set_transform_format (scene/resources/multimesh.cpp:352)
ERROR: Instance count must be 0 to toggle whether colors are used.
   at: set_use_colors (scene/resources/multimesh.cpp:334)
ERROR: Instance count must be 0 to toggle whether custom data is used.
   at: set_use_custom_data (scene/resources/multimesh.cpp:343)
ERROR: Instance count must be 0 to change the transform format.
   at: set_transform_format (scene/resources/multimesh.cpp:352)
ERROR: Instance count must be 0 to toggle whether colors are used.
   at: set_use_colors (scene/resources/multimesh.cpp:334)
ERROR: Instance count must be 0 to toggle whether custom data is used.
   at: set_use_custom_data (scene/resources/multimesh.cpp:343)
ERROR: Instance count must be 0 to change the transform format.
   at: set_transform_format (scene/resources/multimesh.cpp:352)
ERROR: Instance count must be 0 to toggle whether colors are used.
   at: set_use_colors (scene/resources/multimesh.cpp:334)
ERROR: Instance count must be 0 to toggle whether custom data is used.
   at: set_use_custom_data (scene/resources/multimesh.cpp:343)
ERROR: Instance count must be 0 to change the transform format.
   at: set_transform_format (scene/resources/multimesh.cpp:352)
ERROR: Instance count must be 0 to toggle whether colors are used.
   at: set_use_colors (scene/resources/multimesh.cpp:334)
ERROR: Instance count must be 0 to toggle whether custom data is used.
   at: set_use_custom_data (scene/resources/multimesh.cpp:343)
ERROR: Instance count must be 0 to change the transform format.
   at: set_transform_format (scene/resources/multimesh.cpp:352)
ERROR: Instance count must be 0 to toggle whether colors are used.
   at: set_use_colors (scene/resources/multimesh.cpp:334)
ERROR: Instance count must be 0 to toggle whether custom data is used.
   at: set_use_custom_data (scene/resources/multimesh.cpp:343)
ERROR: Instance count must be 0 to change the transform format.
   at: set_transform_format (scene/resources/multimesh.cpp:352)
ERROR: Instance count must be 0 to toggle whether colors are used.
   at: set_use_colors (scene/resources/multimesh.cpp:334)
ERROR: Instance count must be 0 to toggle whether custom data is used.
   at: set_use_custom_data (scene/resources/multimesh.cpp:343)
ERROR: Instance count must be 0 to change the transform format.
   at: set_transform_format (scene/resources/multimesh.cpp:352)
ERROR: Instance count must be 0 to toggle whether colors are used.
   at: set_use_colors (scene/resources/multimesh.cpp:334)
ERROR: Instance count must be 0 to toggle whether custom data is used.
   at: set_use_custom_data (scene/resources/multimesh.cpp:343)
ERROR: Instance count must be 0 to change the transform format.
   at: set_transform_format (scene/resources/multimesh.cpp:352)
ERROR: Instance count must be 0 to toggle whether colors are used.
   at: set_use_colors (scene/resources/multimesh.cpp:334)
ERROR: Instance count must be 0 to toggle whether custom data is used.
   at: set_use_custom_data (scene/resources/multimesh.cpp:343)
ERROR: Instance count must be 0 to change the transform format.
   at: set_transform_format (scene/resources/multimesh.cpp:352)
ERROR: Instance count must be 0 to toggle whether colors are used.
   at: set_use_colors (scene/resources/multimesh.cpp:334)
ERROR: Instance count must be 0 to toggle whether custom data is used.
   at: set_use_custom_data (scene/resources/multimesh.cpp:343)
ERROR: Instance count must be 0 to change the transform format.
   at: set_transform_format (scene/resources/multimesh.cpp:352)
ERROR: Instance count must be 0 to toggle whether colors are used.
   at: set_use_colors (scene/resources/multimesh.cpp:334)
ERROR: Instance count must be 0 to toggle whether custom data is used.
   at: set_use_custom_data (scene/resources/multimesh.cpp:343)
ERROR: Instance count must be 0 to change the transform format.
   at: set_transform_format (scene/resources/multimesh.cpp:352)
ERROR: Instance count must be 0 to toggle whether colors are used.
   at: set_use_colors (scene/resources/multimesh.cpp:334)
ERROR: Instance count must be 0 to toggle whether custom data is used.
   at: set_use_custom_data (scene/resources/multimesh.cpp:343)
ERROR: Instance count must be 0 to change the transform format.
   at: set_transform_format (scene/resources/multimesh.cpp:352)
ERROR: Instance count must be 0 to toggle whether colors are used.
   at: set_use_colors (scene/resources/multimesh.cpp:334)
ERROR: Instance count must be 0 to toggle whether custom data is used.
   at: set_use_custom_data (scene/resources/multimesh.cpp:343)
ERROR: Instance count must be 0 to change the transform format.
   at: set_transform_format (scene/resources/multimesh.cpp:352)
ERROR: Instance count must be 0 to toggle whether colors are used.
   at: set_use_colors (scene/resources/multimesh.cpp:334)
ERROR: Instance count must be 0 to toggle whether custom data is used.
   at: set_use_custom_data (scene/resources/multimesh.cpp:343)
ERROR: Instance count must be 0 to change the transform format.
   at: set_transform_format (scene/resources/multimesh.cpp:352)
ERROR: Instance count must be 0 to toggle whether colors are used.
   at: set_use_colors (scene/resources/multimesh.cpp:334)
ERROR: Instance count must be 0 to toggle whether custom data is used.
   at: set_use_custom_data (scene/resources/multimesh.cpp:343)
ERROR: Instance count must be 0 to change the transform format.
   at: set_transform_format (scene/resources/multimesh.cpp:352)
ERROR: Instance count must be 0 to toggle whether colors are used.
   at: set_use_colors (scene/resources/multimesh.cpp:334)
ERROR: Instance count must be 0 to toggle whether custom data is used.
   at: set_use_custom_data (scene/resources/multimesh.cpp:343)
ERROR: Instance count must be 0 to change the transform format.
   at: set_transform_format (scene/resources/multimesh.cpp:352)
ERROR: Instance count must be 0 to toggle whether colors are used.
   at: set_use_colors (scene/resources/multimesh.cpp:334)
ERROR: Instance count must be 0 to toggle whether custom data is used.
   at: set_use_custom_data (scene/resources/multimesh.cpp:343)
ERROR: Instance count must be 0 to change the transform format.
   at: set_transform_format (scene/resources/multimesh.cpp:352)
ERROR: Instance count must be 0 to toggle whether colors are used.
   at: set_use_colors (scene/resources/multimesh.cpp:334)
ERROR: Instance count must be 0 to toggle whether custom data is used.
   at: set_use_custom_data (scene/resources/multimesh.cpp:343)
ERROR: Instance count must be 0 to change the transform format.
   at: set_transform_format (scene/resources/multimesh.cpp:352)
ERROR: Instance count must be 0 to toggle whether colors are used.
   at: set_use_colors (scene/resources/multimesh.cpp:334)
ERROR: Instance count must be 0 to toggle whether custom data is used.
   at: set_use_custom_data (scene/resources/multimesh.cpp:343)
ERROR: Instance count must be 0 to change the transform format.
   at: set_transform_format (scene/resources/multimesh.cpp:352)
ERROR: Instance count must be 0 to toggle whether colors are used.
   at: set_use_colors (scene/resources/multimesh.cpp:334)
ERROR: Instance count must be 0 to toggle whether custom data is used.
   at: set_use_custom_data (scene/resources/multimesh.cpp:343)
ERROR: Instance count must be 0 to change the transform format.
   at: set_transform_format (scene/resources/multimesh.cpp:352)
ERROR: Instance count must be 0 to toggle whether colors are used.
   at: set_use_colors (scene/resources/multimesh.cpp:334)
ERROR: Instance count must be 0 to toggle whether custom data is used.
   at: set_use_custom_data (scene/resources/multimesh.cpp:343)
ERROR: Instance count must be 0 to change the transform format.
   at: set_transform_format (scene/resources/multimesh.cpp:352)
ERROR: Instance count must be 0 to toggle whether colors are used.
   at: set_use_colors (scene/resources/multimesh.cpp:334)
ERROR: Instance count must be 0 to toggle whether custom data is used.
   at: set_use_custom_data (scene/resources/multimesh.cpp:343)
ERROR: Instance count must be 0 to change the transform format.
   at: set_transform_format (scene/resources/multimesh.cpp:352)
ERROR: Instance count must be 0 to toggle whether colors are used.
   at: set_use_colors (scene/resources/multimesh.cpp:334)
ERROR: Instance count must be 0 to toggle whether custom data is used.
   at: set_use_custom_data (scene/resources/multimesh.cpp:343)
ERROR: Instance count must be 0 to change the transform format.
   at: set_transform_format (scene/resources/multimesh.cpp:352)
ERROR: Instance count must be 0 to toggle whether colors are used.
   at: set_use_colors (scene/resources/multimesh.cpp:334)
ERROR: Instance count must be 0 to toggle whether custom data is used.
   at: set_use_custom_data (scene/resources/multimesh.cpp:343)
ERROR: Instance count must be 0 to change the transform format.
   at: set_transform_format (scene/resources/multimesh.cpp:352)
ERROR: Instance count must be 0 to toggle whether colors are used.
   at: set_use_colors (scene/resources/multimesh.cpp:334)
ERROR: Instance count must be 0 to toggle whether custom data is used.
   at: set_use_custom_data (scene/resources/multimesh.cpp:343)
ERROR: Instance count must be 0 to change the transform format.
   at: set_transform_format (scene/resources/multimesh.cpp:352)
ERROR: Instance count must be 0 to toggle whether colors are used.
   at: set_use_colors (scene/resources/multimesh.cpp:334)
ERROR: Instance count must be 0 to toggle whether custom data is used.
   at: set_use_custom_data (scene/resources/multimesh.cpp:343)
ERROR: Instance count must be 0 to change the transform format.
   at: set_transform_format (scene/resources/multimesh.cpp:352)
ERROR: Instance count must be 0 to toggle whether colors are used.
   at: set_use_colors (scene/resources/multimesh.cpp:334)
ERROR: Instance count must be 0 to toggle whether custom data is used.
   at: set_use_custom_data (scene/resources/multimesh.cpp:343)
ERROR: Instance count must be 0 to change the transform format.
   at: set_transform_format (scene/resources/multimesh.cpp:352)
ERROR: Instance count must be 0 to toggle whether colors are used.
   at: set_use_colors (scene/resources/multimesh.cpp:334)
ERROR: Instance count must be 0 to toggle whether custom data is used.
   at: set_use_custom_data (scene/resources/multimesh.cpp:343)
ERROR: Instance count must be 0 to change the transform format.
   at: set_transform_format (scene/resources/multimesh.cpp:352)
ERROR: Instance count must be 0 to toggle whether colors are used.
   at: set_use_colors (scene/resources/multimesh.cpp:334)
ERROR: Instance count must be 0 to toggle whether custom data is used.
   at: set_use_custom_data (scene/resources/multimesh.cpp:343)
ERROR: Instance count must be 0 to change the transform format.
   at: set_transform_format (scene/resources/multimesh.cpp:352)
ERROR: Instance count must be 0 to toggle whether colors are used.
   at: set_use_colors (scene/resources/multimesh.cpp:334)
ERROR: Instance count must be 0 to toggle whether custom data is used.
   at: set_use_custom_data (scene/resources/multimesh.cpp:343)
ERROR: Instance count must be 0 to change the transform format.
   at: set_transform_format (scene/resources/multimesh.cpp:352)
ERROR: Instance count must be 0 to toggle whether colors are used.
   at: set_use_colors (scene/resources/multimesh.cpp:334)
ERROR: Instance count must be 0 to toggle whether custom data is used.
   at: set_use_custom_data (scene/resources/multimesh.cpp:343)
ERROR: Instance count must be 0 to change the transform format.
   at: set_transform_format (scene/resources/multimesh.cpp:352)
ERROR: Instance count must be 0 to toggle whether colors are used.
   at: set_use_colors (scene/resources/multimesh.cpp:334)
ERROR: Instance count must be 0 to toggle whether custom data is used.
   at: set_use_custom_data (scene/resources/multimesh.cpp:343)
ERROR: Instance count must be 0 to change the transform format.
   at: set_transform_format (scene/resources/multimesh.cpp:352)
ERROR: Instance count must be 0 to toggle whether colors are used.
   at: set_use_colors (scene/resources/multimesh.cpp:334)
ERROR: Instance count must be 0 to toggle whether custom data is used.
   at: set_use_custom_data (scene/resources/multimesh.cpp:343)
ERROR: Instance count must be 0 to change the transform format.
   at: set_transform_format (scene/resources/multimesh.cpp:352)
ERROR: Instance count must be 0 to toggle whether colors are used.
   at: set_use_colors (scene/resources/multimesh.cpp:334)
ERROR: Instance count must be 0 to toggle whether custom data is used.
   at: set_use_custom_data (scene/resources/multimesh.cpp:343)
ERROR: Instance count must be 0 to change the transform format.
   at: set_transform_format (scene/resources/multimesh.cpp:352)
ERROR: Instance count must be 0 to toggle whether colors are used.
   at: set_use_colors (scene/resources/multimesh.cpp:334)
ERROR: Instance count must be 0 to toggle whether custom data is used.
   at: set_use_custom_data (scene/resources/multimesh.cpp:343)
ERROR: Instance count must be 0 to change the transform format.
   at: set_transform_format (scene/resources/multimesh.cpp:352)
ERROR: Instance count must be 0 to toggle whether colors are used.
   at: set_use_colors (scene/resources/multimesh.cpp:334)
ERROR: Instance count must be 0 to toggle whether custom data is used.
   at: set_use_custom_data (scene/resources/multimesh.cpp:343)
ERROR: Instance count must be 0 to change the transform format.
   at: set_transform_format (scene/resources/multimesh.cpp:352)
ERROR: Instance count must be 0 to toggle whether colors are used.
   at: set_use_colors (scene/resources/multimesh.cpp:334)
ERROR: Instance count must be 0 to toggle whether custom data is used.
   at: set_use_custom_data (scene/resources/multimesh.cpp:343)
ERROR: Instance count must be 0 to change the transform format.
   at: set_transform_format (scene/resources/multimesh.cpp:352)
ERROR: Instance count must be 0 to toggle whether colors are used.
   at: set_use_colors (scene/resources/multimesh.cpp:334)
ERROR: Instance count must be 0 to toggle whether custom data is used.
   at: set_use_custom_data (scene/resources/multimesh.cpp:343)
ERROR: Instance count must be 0 to change the transform format.
   at: set_transform_format (scene/resources/multimesh.cpp:352)
ERROR: Instance count must be 0 to toggle whether colors are used.
   at: set_use_colors (scene/resources/multimesh.cpp:334)
ERROR: Instance count must be 0 to toggle whether custom data is used.
   at: set_use_custom_data (scene/resources/multimesh.cpp:343)
ERROR: Instance count must be 0 to change the transform format.
   at: set_transform_format (scene/resources/multimesh.cpp:352)
ERROR: Instance count must be 0 to toggle whether colors are used.
   at: set_use_colors (scene/resources/multimesh.cpp:334)
ERROR: Instance count must be 0 to toggle whether custom data is used.
   at: set_use_custom_data (scene/resources/multimesh.cpp:343)
ERROR: Instance count must be 0 to change the transform format.
   at: set_transform_format (scene/resources/multimesh.cpp:352)
ERROR: Instance count must be 0 to toggle whether colors are used.
   at: set_use_colors (scene/resources/multimesh.cpp:334)
ERROR: Instance count must be 0 to toggle whether custom data is used.
   at: set_use_custom_data (scene/resources/multimesh.cpp:343)
ERROR: Instance count must be 0 to change the transform format.
   at: set_transform_format (scene/resources/multimesh.cpp:352)
ERROR: Instance count must be 0 to toggle whether colors are used.
   at: set_use_colors (scene/resources/multimesh.cpp:334)
ERROR: Instance count must be 0 to toggle whether custom data is used.
   at: set_use_custom_data (scene/resources/multimesh.cpp:343)
ERROR: Instance count must be 0 to change the transform format.
   at: set_transform_format (scene/resources/multimesh.cpp:352)
ERROR: Instance count must be 0 to toggle whether colors are used.
   at: set_use_colors (scene/resources/multimesh.cpp:334)
ERROR: Instance count must be 0 to toggle whether custom data is used.
   at: set_use_custom_data (scene/resources/multimesh.cpp:343)
ERROR: Instance count must be 0 to change the transform format.
   at: set_transform_format (scene/resources/multimesh.cpp:352)
ERROR: Instance count must be 0 to toggle whether colors are used.
   at: set_use_colors (scene/resources/multimesh.cpp:334)
ERROR: Instance count must be 0 to toggle whether custom data is used.
   at: set_use_custom_data (scene/resources/multimesh.cpp:343)
ERROR: Instance count must be 0 to change the transform format.
   at: set_transform_format (scene/resources/multimesh.cpp:352)
ERROR: Instance count must be 0 to toggle whether colors are used.
   at: set_use_colors (scene/resources/multimesh.cpp:334)
ERROR: Instance count must be 0 to toggle whether custom data is used.
   at: set_use_custom_data (scene/resources/multimesh.cpp:343)
ERROR: Instance count must be 0 to change the transform format.
   at: set_transform_format (scene/resources/multimesh.cpp:352)
ERROR: Instance count must be 0 to toggle whether colors are used.
   at: set_use_colors (scene/resources/multimesh.cpp:334)
ERROR: Instance count must be 0 to toggle whether custom data is used.
   at: set_use_custom_data (scene/resources/multimesh.cpp:343)
ERROR: Instance count must be 0 to change the transform format.
   at: set_transform_format (scene/resources/multimesh.cpp:352)
ERROR: Instance count must be 0 to toggle whether colors are used.
   at: set_use_colors (scene/resources/multimesh.cpp:334)
ERROR: Instance count must be 0 to toggle whether custom data is used.
   at: set_use_custom_data (scene/resources/multimesh.cpp:343)
ERROR: Instance count must be 0 to change the transform format.
   at: set_transform_format (scene/resources/multimesh.cpp:352)
ERROR: Instance count must be 0 to toggle whether colors are used.
   at: set_use_colors (scene/resources/multimesh.cpp:334)
ERROR: Instance count must be 0 to toggle whether custom data is used.
   at: set_use_custom_data (scene/resources/multimesh.cpp:343)
ERROR: Instance count must be 0 to change the transform format.
   at: set_transform_format (scene/resources/multimesh.cpp:352)
ERROR: Instance count must be 0 to toggle whether colors are used.
   at: set_use_colors (scene/resources/multimesh.cpp:334)
ERROR: Instance count must be 0 to toggle whether custom data is used.
   at: set_use_custom_data (scene/resources/multimesh.cpp:343)
ERROR: Instance count must be 0 to change the transform format.
   at: set_transform_format (scene/resources/multimesh.cpp:352)
ERROR: Instance count must be 0 to toggle whether colors are used.
   at: set_use_colors (scene/resources/multimesh.cpp:334)
ERROR: Instance count must be 0 to toggle whether custom data is used.
   at: set_use_custom_data (scene/resources/multimesh.cpp:343)
ERROR: Instance count must be 0 to change the transform format.
   at: set_transform_format (scene/resources/multimesh.cpp:352)
ERROR: Instance count must be 0 to toggle whether colors are used.
   at: set_use_colors (scene/resources/multimesh.cpp:334)
ERROR: Instance count must be 0 to toggle whether custom data is used.
   at: set_use_custom_data (scene/resources/multimesh.cpp:343)
ERROR: Instance count must be 0 to change the transform format.
   at: set_transform_format (scene/resources/multimesh.cpp:352)
ERROR: Instance count must be 0 to toggle whether colors are used.
   at: set_use_colors (scene/resources/multimesh.cpp:334)
ERROR: Instance count must be 0 to toggle whether custom data is used.
   at: set_use_custom_data (scene/resources/multimesh.cpp:343)
ERROR: Instance count must be 0 to change the transform format.
   at: set_transform_format (scene/resources/multimesh.cpp:352)
ERROR: Instance count must be 0 to toggle whether colors are used.
   at: set_use_colors (scene/resources/multimesh.cpp:334)
ERROR: Instance count must be 0 to toggle whether custom data is used.
   at: set_use_custom_data (scene/resources/multimesh.cpp:343)
ERROR: Instance count must be 0 to change the transform format.
   at: set_transform_format (scene/resources/multimesh.cpp:352)
ERROR: Instance count must be 0 to toggle whether colors are used.
   at: set_use_colors (scene/resources/multimesh.cpp:334)
ERROR: Instance count must be 0 to toggle whether custom data is used.
   at: set_use_custom_data (scene/resources/multimesh.cpp:343)
ERROR: Parameter "common_parent" is null.
   at: get_path_to (scene/main/node.cpp:2309)
ERROR: Parameter "common_parent" is null.
   at: get_path_to (scene/main/node.cpp:2309)
ERROR: Parameter "common_parent" is null.
   at: get_path_to (scene/main/node.cpp:2309)
ERROR: Parameter "common_parent" is null.
   at: get_path_to (scene/main/node.cpp:2309)
ERROR: Parameter "common_parent" is null.
   at: get_path_to (scene/main/node.cpp:2309)
ERROR: Parameter "common_parent" is null.
   at: get_path_to (scene/main/node.cpp:2309)
ERROR: Parameter "common_parent" is null.
   at: get_path_to (scene/main/node.cpp:2309)
ERROR: Parameter "common_parent" is null.
   at: get_path_to (scene/main/node.cpp:2309)
ERROR: Parameter "common_parent" is null.
   at: get_path_to (scene/main/node.cpp:2309)
ERROR: Parameter "common_parent" is null.
   at: get_path_to (scene/main/node.cpp:2309)
ERROR: Parameter "common_parent" is null.
   at: get_path_to (scene/main/node.cpp:2309)
ERROR: Parameter "common_parent" is null.
   at: get_path_to (scene/main/node.cpp:2309)
ERROR: Parameter "common_parent" is null.
   at: get_path_to (scene/main/node.cpp:2309)
ERROR: Parameter "common_parent" is null.
   at: get_path_to (scene/main/node.cpp:2309)
ERROR: Parameter "common_parent" is null.
   at: get_path_to (scene/main/node.cpp:2309)
ERROR: Parameter "common_parent" is null.
   at: get_path_to (scene/main/node.cpp:2309)
ERROR: Parameter "common_parent" is null.
   at: get_path_to (scene/main/node.cpp:2309)
ERROR: Parameter "common_parent" is null.
   at: get_path_to (scene/main/node.cpp:2309)
ERROR: Parameter "common_parent" is null.
   at: get_path_to (scene/main/node.cpp:2309)
ERROR: Parameter "common_parent" is null.
   at: get_path_to (scene/main/node.cpp:2309)
ERROR: Parameter "common_parent" is null.
   at: get_path_to (scene/main/node.cpp:2309)
ERROR: Parameter "common_parent" is null.
   at: get_path_to (scene/main/node.cpp:2309)
