Godot Engine v4.5.1.stable.official.f62fdbde1 - https://godotengine.org

[   0% ] [90m[1mfirst_scan_filesystem[22m | Started 项目初始化 (5 steps)[39m[0m
[   0% ] [90m[1mfirst_scan_filesystem[22m | 正在扫描文件结构……[39m[0m
[  16% ] [90m[1mfirst_scan_filesystem[22m | 正在加载全局类名……[39m[0m
[  33% ] [90m[1mfirst_scan_filesystem[22m | 正在校验 GDExtension……[39m[0m
[  50% ] [90m[1mfirst_scan_filesystem[22m | 正在创建自动加载脚本……[39m[0m
[  66% ] [90m[1mfirst_scan_filesystem[22m | 正在初始化插件……[39m[0m
[  83% ] [90m[1mfirst_scan_filesystem[22m | 正在启动文件扫描……[39m[0m
[92m[ DONE ][39m [1mfirst_scan_filesystem[22m
[0m
[   0% ] [90m[1mupdate_scripts_classes[22m | Started 正在注册全局类…… (5 steps)[39m[0m
[   0% ] [90m[1mupdate_scripts_classes[22m | [39m[0m
[  16% ] [90m[1mupdate_scripts_classes[22m | [39m[0m
[  33% ] [90m[1mupdate_scripts_classes[22m | [39m[0m
[  50% ] [90m[1mupdate_scripts_classes[22m | [39m[0m
[  66% ] [90m[1mupdate_scripts_classes[22m | [39m[0m
[92m[ DONE ][39m [1mupdate_scripts_classes[22m
[0m
[   0% ] [90m[1msavepack[22m | Started 打包中 (102 steps)[39m[0m
[   1% ] [90m[1msavepack[22m | 保存文件：res://.godot/imported/bush.glb-1587d984bb2980c95c9efb865b64ffca.scn[39m[0m
[   1% ] [90m[1msavepack[22m | 保存文件：res://assets/models/bush.glb.import[39m[0m
[   3% ] [90m[1msavepack[22m | 保存文件：res://.godot/imported/castle.glb-9bf00907677421234aff041f354cc14c.scn[39m[0m
[   3% ] [90m[1msavepack[22m | 保存文件：res://assets/models/castle.glb.import[39m[0m
[   5% ] [90m[1msavepack[22m | 保存文件：res://.godot/imported/cloud.glb-03f089e8b2ad35bb2d732b68fc5d5526.scn[39m[0m
[   5% ] [90m[1msavepack[22m | 保存文件：res://assets/models/cloud.glb.import[39m[0m
[   8% ] [90m[1msavepack[22m | 保存文件：res://.godot/imported/cottage.glb-a4a867597c79f900e871b540cda48cf8.scn[39m[0m
[   8% ] [90m[1msavepack[22m | 保存文件：res://assets/models/cottage.glb.import[39m[0m
[  10% ] [90m[1msavepack[22m | 保存文件：res://.godot/imported/crate.glb-777ae592992aa36d562d41ba67f2641a.scn[39m[0m
[  10% ] [90m[1msavepack[22m | 保存文件：res://assets/models/crate.glb.import[39m[0m
[  13% ] [90m[1msavepack[22m | 保存文件：res://.godot/imported/dock.glb-d4982e743c16c8d5ace3776884bccdf3.scn[39m[0m
[  13% ] [90m[1msavepack[22m | 保存文件：res://assets/models/dock.glb.import[39m[0m
[  15% ] [90m[1msavepack[22m | 保存文件：res://.godot/imported/lighthouse.glb-c702aad87d1a0b3cc0fec262dff905fa.scn[39m[0m
[  15% ] [90m[1msavepack[22m | 保存文件：res://assets/models/lighthouse.glb.import[39m[0m
[  18% ] [90m[1msavepack[22m | 保存文件：res://.godot/imported/mill.glb-21f7ef176088e3db9c1669513b6d4ff8.scn[39m[0m
[  18% ] [90m[1msavepack[22m | 保存文件：res://assets/models/mill.glb.import[39m[0m
[  20% ] [90m[1msavepack[22m | 保存文件：res://.godot/imported/mill_rotor.glb-88793a053a88cd5643045475701fbdeb.scn[39m[0m
[  20% ] [90m[1msavepack[22m | 保存文件：res://assets/models/mill_rotor.glb.import[39m[0m
[  22% ] [90m[1msavepack[22m | 保存文件：res://.godot/imported/oak.glb-12865b0f25ca82b0c511a32d161d0671.scn[39m[0m
[  22% ] [90m[1msavepack[22m | 保存文件：res://assets/models/oak.glb.import[39m[0m
[  25% ] [90m[1msavepack[22m | 保存文件：res://.godot/imported/observatory.glb-2382a401bf72294eb184dd95fad9992f.scn[39m[0m
[  25% ] [90m[1msavepack[22m | 保存文件：res://assets/models/observatory.glb.import[39m[0m
[  27% ] [90m[1msavepack[22m | 保存文件：res://.godot/imported/pine.glb-fd733693478dc652a5f570d10c98217e.scn[39m[0m
[  27% ] [90m[1msavepack[22m | 保存文件：res://assets/models/pine.glb.import[39m[0m
[  30% ] [90m[1msavepack[22m | 保存文件：res://.godot/imported/poplar.glb-8386d326e6b0620c1917bf931c4d7aab.scn[39m[0m
[  30% ] [90m[1msavepack[22m | 保存文件：res://assets/models/poplar.glb.import[39m[0m
[  32% ] [90m[1msavepack[22m | 保存文件：res://.godot/imported/rock.glb-9fe9ded640b9e8b845c59e36f0f83d1b.scn[39m[0m
[  32% ] [90m[1msavepack[22m | 保存文件：res://assets/models/rock.glb.import[39m[0m
[  34% ] [90m[1msavepack[22m | 保存文件：res://.godot/imported/ruins.glb-7a1e9276cb5018d6c4f736396a47afd6.scn[39m[0m
[  34% ] [90m[1msavepack[22m | 保存文件：res://assets/models/ruins.glb.import[39m[0m
[  36% ] [90m[1msavepack[22m | 保存文件：res://.godot/imported/sky_ring.glb-e1f86b10bd99d29a4b59522c9c2c2627.scn[39m[0m
[  36% ] [90m[1msavepack[22m | 保存文件：res://assets/models/sky_ring.glb.import[39m[0m
[  39% ] [90m[1msavepack[22m | 保存文件：res://.godot/imported/airship.glb-aa95d3ba35a9c071b8af008dcc2837fa.scn[39m[0m
[  39% ] [90m[1msavepack[22m | 保存文件：res://assets/airship.glb.import[39m[0m
[  41% ] [90m[1msavepack[22m | 保存文件：res://assets/asset_catalog.json[39m[0m
[  43% ] [90m[1msavepack[22m | 保存文件：res://scripts/open_water.gdshader[39m[0m
[  46% ] [90m[1msavepack[22m | 保存文件：res://.godot/imported/open_world.glb-baa3d2510135eed8d58a5aeb9055d298.scn[39m[0m
[  46% ] [90m[1msavepack[22m | 保存文件：res://assets/open_world.glb.import[39m[0m
[  48% ] [90m[1msavepack[22m | 保存文件：res://.godot/imported/propeller.glb-5aeda7cecc9fb16355f3011e59aadfeb.scn[39m[0m
[  48% ] [90m[1msavepack[22m | 保存文件：res://assets/propeller.glb.import[39m[0m
[  51% ] [90m[1msavepack[22m | 保存文件：res://.godot/imported/reference.jpg-041f5ce428dd4a9fb4bfe0a131dc8ea0.ctex[39m[0m
[  51% ] [90m[1msavepack[22m | 保存文件：res://assets/reference.jpg.import[39m[0m
[  53% ] [90m[1msavepack[22m | 保存文件：res://scripts/open_world.gdc[39m[0m
[  56% ] [90m[1msavepack[22m | 保存文件：res://assets/world_layout.json[39m[0m
[  58% ] [90m[1msavepack[22m | 保存文件：res://.godot/imported/world_occluded_color_reference.png-63eb7885f910ab8195a9fb19dba1f46c.ctex[39m[0m
[  58% ] [90m[1msavepack[22m | 保存文件：res://assets/world_occluded_color_reference.png.import[39m[0m
[  60% ] [90m[1msavepack[22m | 保存文件：res://.godot/exported/133200997/export-25e060344a13299f1f9884ee5ca4d545-cloud.res[39m[0m
[  63% ] [90m[1msavepack[22m | 保存文件：res://.godot/exported/133200997/export-f9833e17aa097c1d3695c0cfa1c9b157-flag.res[39m[0m
[  65% ] [90m[1msavepack[22m | 保存文件：res://.godot/exported/133200997/export-3857a9537547bde0e4cf353d743acc06-ship.res[39m[0m
[  67% ] [90m[1msavepack[22m | 保存文件：res://.godot/exported/133200997/export-7464ebe1522da0379b87b717fe4e4b23-world.res[39m[0m
[  69% ] [90m[1msavepack[22m | 保存文件：res://.godot/exported/133200997/export-c2a7af834e91ff64325daddf58e45dc0-game.scn[39m[0m
[  72% ] [90m[1msavepack[22m | 保存文件：res://scripts/world_surface.gdshader[39m[0m
[  74% ] [90m[1msavepack[22m | 保存文件：res://scripts/world_math.gdc[39m[0m
[  77% ] [90m[1msavepack[22m | 保存文件：res://scripts/flight_tour_test.gdc[39m[0m
[  79% ] [90m[1msavepack[22m | 保存文件：res://scripts/game.gdc[39m[0m
[  81% ] [90m[1msavepack[22m | 保存文件：res://scripts/game_hud.gdc[39m[0m
[  84% ] [90m[1msavepack[22m | 保存文件：res://scripts/game_tests.gdc[39m[0m
[  86% ] [90m[1msavepack[22m | 保存文件：res://scripts/hud.gdc[39m[0m
[  89% ] [90m[1msavepack[22m | 保存文件：res://scripts/hud_atlas.gdshader[39m[0m
[  91% ] [90m[1msavepack[22m | 保存文件：res://scripts/stream_flight_test.gdc[39m[0m
[  94% ] [90m[1msavepack[22m | 保存文件：res://scripts/ship_surface.gdshader[39m[0m
[  96% ] [90m[1msavepack[22m | 保存文件：res://scripts/open_sky.gdshader[39m[0m
[  96% ] [90m[1msavepack[22m | 保存文件：res://scripts/open_world.gd.remap[39m[0m
[  96% ] [90m[1msavepack[22m | 保存文件：res://materials/cloud.tres.remap[39m[0m
[  96% ] [90m[1msavepack[22m | 保存文件：res://materials/flag.tres.remap[39m[0m
[  96% ] [90m[1msavepack[22m | 保存文件：res://materials/ship.tres.remap[39m[0m
[  96% ] [90m[1msavepack[22m | 保存文件：res://materials/world.tres.remap[39m[0m
[  96% ] [90m[1msavepack[22m | 保存文件：res://scenes/game.tscn.remap[39m[0m
[  96% ] [90m[1msavepack[22m | 保存文件：res://scripts/world_math.gd.remap[39m[0m
[  96% ] [90m[1msavepack[22m | 保存文件：res://scripts/flight_tour_test.gd.remap[39m[0m
[  96% ] [90m[1msavepack[22m | 保存文件：res://scripts/game.gd.remap[39m[0m
[  96% ] [90m[1msavepack[22m | 保存文件：res://scripts/game_hud.gd.remap[39m[0m
[  96% ] [90m[1msavepack[22m | 保存文件：res://scripts/game_tests.gd.remap[39m[0m
[  96% ] [90m[1msavepack[22m | 保存文件：res://scripts/hud.gd.remap[39m[0m
[  96% ] [90m[1msavepack[22m | 保存文件：res://scripts/stream_flight_test.gd.remap[39m[0m
[  96% ] [90m[1msavepack[22m | 保存文件：res://.godot/global_script_class_cache.cfg[39m[0m
[  96% ] [90m[1msavepack[22m | 保存文件：res://.godot/uid_cache.bin[39m[0m
[  96% ] [90m[1msavepack[22m | 保存文件：res://project.binary[39m[0m
[92m[ DONE ][39m [1msavepack[22m
[0m
