RESHAPED island_a grass and exposed rock terrain 5980 11956
RESHAPED island_a faulted bedrock 3818 7632
RESHAPED island_a cliff outcrop 00 32 60
RESHAPED island_a cliff outcrop 01 41 78
RESHAPED island_a cliff outcrop 02 38 72
RESHAPED island_a low shore ledge 00 32 60
RESHAPED island_a low shore ledge 01 32 60
RESHAPED island_a low shore ledge 02 40 76
RESHAPED island_a low shore ledge 03 43 82
RESHAPED island_a low shore ledge 04 38 72
Info: Saved as "island_a.blend"
INFO Draco mesh compression is available, use library at E:\FeiTing\.tools\blender\blender-4.5.0-windows-x64\4.5\scripts\addons_core\io_scene_gltf2\extern_draco.dll
06:10:57 | INFO: Starting glTF 2.0 export
06:10:57 | INFO: Extracting primitive: island_a grass and exposed rock terrain
06:10:57 | INFO: Primitives created: 3
06:10:57 | INFO: Extracting primitive: island_a faulted bedrock
06:10:57 | INFO: Primitives created: 3
06:10:57 | INFO: Extracting primitive: island_a cliff outcrop 00
06:10:57 | INFO: Primitives created: 3
06:10:57 | INFO: Extracting primitive: island_a cliff outcrop 01
06:10:57 | INFO: Primitives created: 3
06:10:57 | INFO: Extracting primitive: island_a cliff outcrop 02
06:10:57 | INFO: Primitives created: 3
06:10:57 | INFO: Extracting primitive: island_a low shore ledge 00
06:10:57 | INFO: Primitives created: 3
06:10:57 | INFO: Extracting primitive: island_a low shore ledge 01
06:10:57 | INFO: Primitives created: 3
06:10:57 | INFO: Extracting primitive: island_a low shore ledge 02
06:10:57 | INFO: Primitives created: 3
06:10:57 | INFO: Extracting primitive: island_a low shore ledge 03
06:10:57 | INFO: Primitives created: 3
06:10:57 | INFO: Extracting primitive: island_a low shore ledge 04
06:10:57 | INFO: Primitives created: 2
06:10:57 | INFO: Extracting primitive: 32b terrain fitted path mesh
06:10:57 | INFO: Primitives created: 1
06:10:57 | INFO: Finished glTF 2.0 export in 0.08647370338439941 s

32b FOREGROUND SAVED {"scope": "32b authored local A composition design: contract camera-facing rock/grass envelope through coherent positive piecewise XY cage, regrade two new actual house pads and replace old orphan routes with full terrain-fitted paths. Tower position is retained and its complete terrain pad is protected explicitly.32a failed because the new house falloff modified its footing; all failure evidence retained. Other world regions retained. Coordinates are authored choices informed by current projection, not known reference geography. Actual visual, detailed grade and full-flight acceptance pending.", "source_basis_sha256": "6b19a42b34fb670f46ed7887ad6d7ee33f4b4f456f88cdb71aa5158683ce0bd2", "native": [{"name": "island_a grass and exposed rock terrain", "vertices": 5980, "faces": 11956, "volume_m3": 3467.3275499605047, "nonmanifold_edges": 0, "tiny_faces": 0}, {"name": "island_a faulted bedrock", "vertices": 3818, "faces": 7632, "volume_m3": 167304.24845755278, "nonmanifold_edges": 0, "tiny_faces": 0}, {"name": "island_a cliff outcrop 00", "vertices": 32, "faces": 60, "volume_m3": 826.6757961619458, "nonmanifold_edges": 0, "tiny_faces": 0}, {"name": "island_a cliff outcrop 01", "vertices": 41, "faces": 78, "volume_m3": 2642.627335146025, "nonmanifold_edges": 0, "tiny_faces": 0}, {"name": "island_a cliff outcrop 02", "vertices": 38, "faces": 72, "volume_m3": 1521.2154316179397, "nonmanifold_edges": 0, "tiny_faces": 0}, {"name": "island_a low shore ledge 00", "vertices": 32, "faces": 60, "volume_m3": 249.86019749540267, "nonmanifold_edges": 0, "tiny_faces": 0}, {"name": "island_a low shore ledge 01", "vertices": 32, "faces": 60, "volume_m3": 414.3381381617785, "nonmanifold_edges": 0, "tiny_faces": 0}, {"name": "island_a low shore ledge 02", "vertices": 40, "faces": 76, "volume_m3": 156.9527568389492, "nonmanifold_edges": 0, "tiny_faces": 0}, {"name": "island_a low shore ledge 03", "vertices": 43, "faces": 82, "volume_m3": 278.15902642303575, "nonmanifold_edges": 0, "tiny_faces": 0}, {"name": "island_a low shore ledge 04", "vertices": 38, "faces": 72, "volume_m3": 578.0980133949469, "nonmanifold_edges": 0, "tiny_faces": 0}, {"name": "island_a terrain fitted keeper paths", "vertices": 1900, "faces": 3199, "volume_m3": 54.51991646720813, "nonmanifold_edges": 0, "tiny_faces": 0}], "defects": [], "sites": [{"id": "left_house", "samples": [{"xy": [-27.4, -3.1500000000000004], "z": 27.99999237060547, "error": -7.62939453125e-06}, {"xy": [-27.4, 3.0], "z": 28.0, "error": 0.0}, {"xy": [-27.4, 9.15], "z": 28.00000762939453, "error": 7.62939453125e-06}, {"xy": [-23.0, -3.1500000000000004], "z": 28.00000762939453, "error": 7.62939453125e-06}, {"xy": [-23.0, 3.0], "z": 28.0, "error": 0.0}, {"xy": [-23.0, 9.15], "z": 28.00000762939453, "error": 7.62939453125e-06}, {"xy": [-18.6, -3.1500000000000004], "z": 28.0, "error": 0.0}, {"xy": [-18.6, 3.0], "z": 28.0, "error": 0.0}, {"xy": [-18.6, 9.15], "z": 28.0, "error": 0.0}], "max_error": 7.62939453125e-06}, {"id": "right_house", "samples": [{"xy": [-12.549352198267036, 14.327378190338653], "z": 28.500015258789062, "error": 1.52587890625e-05}, {"xy": [-11.75733009615696, 19.567864903399677], "z": 28.5, "error": 0.0}, {"xy": [-10.965307994046883, 24.8083516164607], "z": 28.50000762939453, "error": 7.62939453125e-06}, {"xy": [-8.792022102110076, 13.759513286938976], "z": 28.5, "error": 0.0}, {"xy": [-8.0, 19.0], "z": 28.5, "error": 0.0}, {"xy": [-7.207977897889924, 24.240486713061024], "z": 28.5, "error": 0.0}, {"xy": [-5.034692005953116, 13.191648383539299], "z": 28.5, "error": 0.0}, {"xy": [-4.24266990384304, 18.432135096600323], "z": 28.49999237060547, "error": -7.62939453125e-06}, {"xy": [-3.450647801732964, 23.672621809661347], "z": 28.5, "error": 0.0}], "max_error": 1.52587890625e-05}, {"id": "tower", "samples": [{"xy": [-6.066410965438518, 0.8306553808980368], "z": 30.062095642089844, "error": -7.629394556118996e-06}, {"xy": [-7.1178777922702405, 4.948533173168277], "z": 30.062103271484375, "error": -2.4868995751603507e-14}, {"xy": [-8.169344619101963, 9.066410965438518], "z": 30.062118530273438, "error": 1.5258789037631004e-05}, {"xy": [-1.9485331731682776, 1.8821222077297595], "z": 30.062103271484375, "error": -2.4868995751603507e-14}, {"xy": [-3.0, 6.0], "z": 30.062103271484375, "error": -2.4868995751603507e-14}, {"xy": [-4.051466826831723, 10.11787779227024], "z": 30.062103271484375, "error": -2.4868995751603507e-14}, {"xy": [2.169344619101963, 2.933589034561482], "z": 30.06212615966797, "error": 2.2888183568881004e-05}, {"xy": [1.1178777922702405, 7.051466826831723], "z": 30.062103271484375, "error": -2.4868995751603507e-14}, {"xy": [0.0664109654385181, 11.169344619101963], "z": 30.062103271484375, "error": -2.4868995751603507e-14}], "max_error": 2.2888183568881004e-05}], "passed": true, "before": {"island_a grass and exposed rock terrain": {"vertices": 2140, "faces": 4252}, "island_a faulted bedrock": {"vertices": 1166, "faces": 2307}, "island_a cliff outcrop 00": {"vertices": 32, "faces": 26}, "island_a cliff outcrop 01": {"vertices": 32, "faces": 26}, "island_a cliff outcrop 02": {"vertices": 32, "faces": 26}, "island_a low shore ledge 00": {"vertices": 32, "faces": 26}, "island_a low shore ledge 01": {"vertices": 32, "faces": 26}, "island_a low shore ledge 02": {"vertices": 32, "faces": 26}, "island_a low shore ledge 03": {"vertices": 32, "faces": 26}, "island_a low shore ledge 04": {"vertices": 32, "faces": 26}}, "source_sha256": "2714e9a66d52b766c0d574e8cbf175ab3a5481c8903dc40277428771aeb24a1d", "glb_sha256": "5a7abd745f84ac7b33b2d82cb5e98ef883eb22104d2f890596ee2fe7a94c34c0"}
Blender 4.5.0 (hash 8cb6b388974a built 2025-07-15 01:36:24)
Read blend: "E:\FeiTing\captures\lantern_islands_study_20l\island_a.blend"

Blender quit
