[
  {
    "name": "island_a grass and exposed rock terrain",
    "vertices": 2140,
    "faces": 4252,
    "bounds": [
      [
        -84.5999984741211,
        -60.20000076293945,
        2.4500315189361572
      ],
      [
        88.3499984741211,
        55.040000915527344,
        33.35297775268555
      ]
    ],
    "volume_m3": 9060.250066890025,
    "closed": true
  },
  {
    "name": "island_a faulted bedrock",
    "vertices": 1166,
    "faces": 2307,
    "bounds": [
      [
        -99.0,
        -77.0,
        -9.0
      ],
      [
        104.5,
        70.4000015258789,
        32.70297622680664
      ]
    ],
    "volume_m3": 461071.14562035963,
    "closed": true
  },
  {
    "name": "island_a cliff outcrop 00",
    "vertices": 32,
    "faces": 26,
    "bounds": [
      [
        48.9921989440918,
        -53.70866775512695,
        -7.0
      ],
      [
        81.43095397949219,
        -20.954967498779297,
        23.200000762939453
      ]
    ],
    "volume_m3": 12606.080954442552,
    "closed": true
  },
  {
    "name": "island_a cliff outcrop 01",
    "vertices": 32,
    "faces": 26,
    "bounds": [
      [
        62.44963836669922,
        15.137533187866211,
        -8.399999618530273
      ],
      [
        89.92862701416016,
        52.19449234008789,
        27.84000015258789
      ]
    ],
    "volume_m3": 14836.388187300108,
    "closed": true
  },
  {
    "name": "island_a cliff outcrop 02",
    "vertices": 32,
    "faces": 26,
    "bounds": [
      [
        1.9336286783218384,
        34.51382064819336,
        -4.900000095367432
      ],
      [
        49.3780517578125,
        61.70143508911133,
        16.239999771118164
      ]
    ],
    "volume_m3": 9333.34811517357,
    "closed": true
  },
  {
    "name": "island_a low shore ledge 00",
    "vertices": 32,
    "faces": 26,
    "bounds": [
      [
        -100.55999755859375,
        -53.06399917602539,
        -1.725000023841858
      ],
      [
        -71.44000244140625,
        -36.040000915527344,
        3.559999942779541
      ]
    ],
    "volume_m3": 1103.0320390937566,
    "closed": true
  },
  {
    "name": "island_a low shore ledge 01",
    "vertices": 32,
    "faces": 26,
    "bounds": [
      [
        -82.73751831054688,
        -78.09363555908203,
        -1.899999976158142
      ],
      [
        -50.79558563232422,
        -54.41889953613281,
        4.139999866485596
      ]
    ],
    "volume_m3": 1818.1847575239603,
    "closed": true
  },
  {
    "name": "island_a low shore ledge 02",
    "vertices": 32,
    "faces": 26,
    "bounds": [
      [
        -1.3797520399093628,
        -70.289306640625,
        -1.899999976158142
      ],
      [
        23.149246215820312,
        -41.36469650268555,
        4.139999866485596
      ]
    ],
    "volume_m3": 1272.729208448331,
    "closed": true
  },
  {
    "name": "island_a low shore ledge 03",
    "vertices": 32,
    "faces": 26,
    "bounds": [
      [
        81.89253234863281,
        21.84195899963379,
        -2.5999999046325684
      ],
      [
        100.61042785644531,
        44.683509826660156,
        6.460000038146973
      ]
    ],
    "volume_m3": 1636.3661470306647,
    "closed": true
  },
  {
    "name": "island_a low shore ledge 04",
    "vertices": 32,
    "faces": 26,
    "bounds": [
      [
        -73.6236572265625,
        28.724647521972656,
        -1.5499999523162842
      ],
      [
        -47.372432708740234,
        51.47513961791992,
        2.9800000190734863
      ]
    ],
    "volume_m3": 1090.911013398714,
    "closed": true
  },
  {
    "name": "island_a terrain fitted keeper paths",
    "vertices": 1324,
    "faces": 2135,
    "bounds": [
      [
        -69.24424743652344,
        -37.814151763916016,
        7.518563270568848
      ],
      [
        18.597373962402344,
        9.728869438171387,
        30.10751724243164
      ]
    ],
    "volume_m3": 69.767792849404,
    "closed": true
  }
]
Blender 4.5.0 (hash 8cb6b388974a built 2025-07-15 01:36:24)
Read blend: "E:\FeiTing\captures\lantern_islands_study_20l\island_a.blend"

Blender quit
