Info: Saved as "timber_pier.blend"
INFO Draco mesh compression is available, use library at E:\FeiTing\.tools\blender\blender-4.5.0-windows-x64\4.5\scripts\addons_core\io_scene_gltf2\extern_draco.dll
18:49:09 | INFO: Starting glTF 2.0 export
18:49:09 | INFO: Extracting primitive: Deck crossboard 00
18:49:09 | INFO: Primitives created: 1
18:49:09 | INFO: Extracting primitive: Flush deck nail 00 -1.8800000000000001
18:49:09 | INFO: Primitives created: 1
18:49:09 | INFO: Extracting primitive: Deck crossboard 01
18:49:09 | INFO: Primitives created: 1
18:49:09 | INFO: Extracting primitive: Deck crossboard 02
18:49:09 | INFO: Primitives created: 1
18:49:09 | INFO: Extracting primitive: Deck crossboard 03
18:49:09 | INFO: Primitives created: 1
18:49:09 | INFO: Extracting primitive: Pile end cap -1 00
18:49:09 | INFO: Primitives created: 1
18:49:09 | INFO: Extracting primitive: Sagging hand rope -1 0 span 00
18:49:09 | INFO: Primitives created: 1
18:49:09 | INFO: Finished glTF 2.0 export in 0.029048919677734375 s

Info: Saved as "pier_landing.blend"
18:49:09 | INFO: Starting glTF 2.0 export
18:49:09 | INFO: Extracting primitive: Deck crossboard 00.001
18:49:09 | INFO: Primitives created: 1
18:49:09 | INFO: Extracting primitive: Flush deck nail 00 -5.08
18:49:09 | INFO: Primitives created: 1
18:49:09 | INFO: Extracting primitive: Deck crossboard 01.001
18:49:09 | INFO: Primitives created: 1
18:49:09 | INFO: Extracting primitive: Deck crossboard 02.001
18:49:09 | INFO: Primitives created: 1
18:49:09 | INFO: Extracting primitive: Deck crossboard 03.001
18:49:09 | INFO: Primitives created: 1
18:49:09 | INFO: Extracting primitive: Pile end cap -1 00.001
18:49:09 | INFO: Primitives created: 1
18:49:09 | INFO: Extracting primitive: Sagging hand rope -1 0 span 00.001
18:49:09 | INFO: Primitives created: 1
18:49:09 | INFO: Finished glTF 2.0 export in 0.02202439308166504 s

HARBOR KIT BUILT22b 504
Blender 4.5.0 (hash 8cb6b388974a built 2025-07-15 01:36:24)

Blender quit
