Info: Saved as "harbor_stair_0.blend"
INFO Draco mesh compression is available, use library at E:\FeiTing\.tools\blender\blender-4.5.0-windows-x64\4.5\scripts\addons_core\io_scene_gltf2\extern_draco.dll
19:12:45 | INFO: Starting glTF 2.0 export
19:12:45 | INFO: Extracting primitive: Buried stone foundation 000
19:12:45 | INFO: Primitives created: 1
19:12:45 | INFO: Extracting primitive: Worn tread 000 stone 0
19:12:45 | INFO: Primitives created: 1
19:12:45 | INFO: Extracting primitive: Worn tread 000 stone 1
19:12:45 | INFO: Primitives created: 1
19:12:45 | INFO: Extracting primitive: Worn tread 000 stone 2
19:12:45 | INFO: Primitives created: 1
19:12:45 | INFO: Extracting primitive: Dressed stair edge 000 side -1
19:12:45 | INFO: Primitives created: 1
19:12:45 | INFO: Extracting primitive: Worn tread 001 stone 0
19:12:45 | INFO: Primitives created: 1
19:12:45 | INFO: Finished glTF 2.0 export in 0.06348252296447754 s

Info: Saved as "harbor_stair_1.blend"
19:12:46 | INFO: Starting glTF 2.0 export
19:12:46 | INFO: Extracting primitive: Buried stone foundation 000.001
19:12:46 | INFO: Primitives created: 1
19:12:46 | INFO: Extracting primitive: Worn tread 000 stone 0.001
19:12:46 | INFO: Primitives created: 1
19:12:46 | INFO: Extracting primitive: Worn tread 000 stone 1.001
19:12:46 | INFO: Primitives created: 1
19:12:46 | INFO: Extracting primitive: Worn tread 000 stone 2.001
19:12:46 | INFO: Primitives created: 1
19:12:46 | INFO: Extracting primitive: Dressed stair edge 000 side -1.001
19:12:46 | INFO: Primitives created: 1
19:12:46 | INFO: Extracting primitive: Worn tread 001 stone 0.001
19:12:46 | INFO: Primitives created: 1
19:12:46 | INFO: Finished glTF 2.0 export in 0.03185868263244629 s

Info: Saved as "harbor_stair_2.blend"
19:12:48 | INFO: Starting glTF 2.0 export
19:12:48 | INFO: Extracting primitive: Buried stone foundation 000.002
19:12:48 | INFO: Primitives created: 1
19:12:48 | INFO: Extracting primitive: Worn tread 000 stone 0.002
19:12:48 | INFO: Primitives created: 1
19:12:48 | INFO: Extracting primitive: Worn tread 000 stone 1.002
19:12:48 | INFO: Primitives created: 1
19:12:48 | INFO: Extracting primitive: Worn tread 000 stone 2.002
19:12:48 | INFO: Primitives created: 1
19:12:48 | INFO: Extracting primitive: Dressed stair edge 000 side -1.002
19:12:48 | INFO: Primitives created: 1
19:12:48 | INFO: Extracting primitive: Worn tread 001 stone 0.002
19:12:48 | INFO: Primitives created: 1
19:12:48 | INFO: Finished glTF 2.0 export in 0.04915881156921387 s
Blender 4.5.0 (hash 8cb6b388974a built 2025-07-15 01:36:24)


Blender quit
