Info: Saved as "timber_pier.blend"
INFO Draco mesh compression is available, use library at E:\FeiTing\.tools\blender\blender-4.5.0-windows-x64\4.5\scripts\addons_core\io_scene_gltf2\extern_draco.dll
18:34:36 | INFO: Starting glTF 2.0 export
18:34:36 | INFO: Extracting primitive: Deck crossboard 00
18:34:36 | INFO: Primitives created: 1
18:34:36 | INFO: Extracting primitive: Recessed nail 00 -1.8800000000000001
18:34:36 | INFO: Primitives created: 1
18:34:36 | INFO: Extracting primitive: Deck crossboard 01
18:34:36 | INFO: Primitives created: 1
18:34:36 | INFO: Extracting primitive: Deck crossboard 02
18:34:36 | INFO: Primitives created: 1
18:34:36 | INFO: Extracting primitive: Deck crossboard 03
18:34:36 | INFO: Primitives created: 1
18:34:36 | INFO: Extracting primitive: Pile end cap -1 00
18:34:36 | INFO: Primitives created: 1
18:34:36 | INFO: Extracting primitive: Sagging hand rope -1 0 span 00
18:34:36 | INFO: Primitives created: 1
18:34:36 | INFO: Finished glTF 2.0 export in 0.045148372650146484 s

Info: Saved as "pier_landing.blend"
18:34:36 | INFO: Starting glTF 2.0 export
18:34:36 | INFO: Extracting primitive: Deck crossboard 00.001
18:34:36 | INFO: Primitives created: 1
18:34:36 | INFO: Extracting primitive: Recessed nail 00 -5.08
18:34:36 | INFO: Primitives created: 1
18:34:36 | INFO: Extracting primitive: Deck crossboard 01.001
18:34:36 | INFO: Primitives created: 1
18:34:36 | INFO: Extracting primitive: Deck crossboard 02.001
18:34:36 | INFO: Primitives created: 1
18:34:36 | INFO: Extracting primitive: Deck crossboard 03.001
18:34:36 | INFO: Primitives created: 1
18:34:36 | INFO: Extracting primitive: Pile end cap -1 00.001
18:34:36 | INFO: Primitives created: 1
18:34:36 | INFO: Extracting primitive: Sagging hand rope -1 0 span 00.001
18:34:36 | INFO: Primitives created: 1
18:34:36 | INFO: Finished glTF 2.0 export in 0.020621538162231445 s

Info: Saved as "repair_awning.blend"
18:34:37 | INFO: Starting glTF 2.0 export
18:34:37 | INFO: Extracting primitive: Awning upright
18:34:37 | INFO: Primitives created: 1
18:34:37 | INFO: Extracting primitive: Hemp post lashing
18:34:37 | INFO: Primitives created: 1
18:34:37 | INFO: Extracting primitive: Upright angled knee
18:34:37 | INFO: Primitives created: 1
18:34:37 | INFO: Extracting primitive: Awning cross lintel
18:34:37 | INFO: Primitives created: 1
18:34:37 | INFO: Extracting primitive: Thick tensioned red canvas
18:34:37 | INFO: Primitives created: 1
18:34:37 | INFO: Extracting primitive: Workbench top board 3
18:34:37 | INFO: Primitives created: 1
18:34:37 | INFO: Extracting primitive: Iron vise fixed jaw
18:34:37 | INFO: Primitives created: 1
18:34:37 | INFO: Finished glTF 2.0 export in 0.02159595489501953 s

Info: Saved as "harbor_lantern.blend"
18:34:37 | INFO: Starting glTF 2.0 export
18:34:37 | INFO: Extracting primitive: Lantern tall square post
18:34:37 | INFO: Primitives created: 1
18:34:37 | INFO: Extracting primitive: Lantern post foot shoe
18:34:37 | INFO: Primitives created: 1
18:34:37 | INFO: Extracting primitive: Lantern suspension arm
18:34:37 | INFO: Primitives created: 1
18:34:37 | INFO: Extracting primitive: Lantern arm brace
18:34:37 | INFO: Primitives created: 1
18:34:37 | INFO: Extracting primitive: Lantern hanging link span 00
18:34:37 | INFO: Primitives created: 1
18:34:37 | INFO: Extracting primitive: Lantern front rear glass
18:34:37 | INFO: Primitives created: 1
18:34:37 | INFO: Extracting primitive: Lantern glass flame
18:34:37 | INFO: Primitives created: 1
18:34:37 | INFO: Finished glTF 2.0 export in 0.01956343650817871 s

Info: Saved as "harbor_cargo.blend"
18:34:37 | INFO: Starting glTF 2.0 export
18:34:37 | INFO: Extracting primitive: Large dock barrel oak stave 00
18:34:37 | INFO: Primitives created: 1
18:34:37 | INFO: Extracting primitive: Large dock barrel oak stave 01
18:34:37 | INFO: Primitives created: 1
18:34:37 | INFO: Extracting primitive: Large dock barrel oak stave 02
18:34:37 | INFO: Primitives created: 1
18:34:37 | INFO: Extracting primitive: Large dock barrel oak stave 03
18:34:37 | INFO: Primitives created: 1
18:34:37 | INFO: Extracting primitive: Large dock barrel iron hoop
18:34:37 | INFO: Primitives created: 1
18:34:37 | INFO: Finished glTF 2.0 export in 0.015904903411865234 s

Info: Saved as "moored_fishing_boat.blend"
18:34:37 | INFO: Starting glTF 2.0 export
18:34:37 | INFO: Extracting primitive: Open planked fishing hull
18:34:37 | INFO: Primitives created: 1
18:34:37 | INFO: Extracting primitive: Continuous gunwale -1 0
18:34:37 | INFO: Primitives created: 1
18:34:37 | INFO: Extracting primitive: Hull strake seam -1 0.25 0
18:34:37 | INFO: Primitives created: 1
18:34:37 | INFO: Extracting primitive: Crosswise seat thwart
18:34:37 | INFO: Primitives created: 1
18:34:37 | INFO: Extracting primitive: Boat interior sole
18:34:37 | INFO: Primitives created: 1
18:34:37 | INFO: Extracting primitive: Three-dimensional tensioned flax sail
18:34:37 | INFO: Primitives created: 1
18:34:37 | INFO: Extracting primitive: Mast forward stay span 00
18:34:37 | INFO: Primitives created: 1
18:34:37 | INFO: Finished glTF 2.0 export in 0.019843339920043945 s

HARBOR KIT BUILT {"assets": 6, "parts": 504}
Blender 4.5.0 (hash 8cb6b388974a built 2025-07-15 01:36:24)

Blender quit
