Info: Saved as "mainland_headland.blend"
INFO Draco mesh compression is available, use library at E:\FeiTing\.tools\blender\blender-4.5.0-windows-x64\4.5\scripts\addons_core\io_scene_gltf2\extern_draco.dll
20:15:35 | INFO: Starting glTF 2.0 export
20:15:35 | INFO: Extracting primitive: Mainland headland continuous bedrock and grass terraces
20:15:35 | INFO: Primitives created: 5
20:15:35 | INFO: Finished glTF 2.0 export in 0.02138996124267578 s

Info: Saved as "fisher_cottage.blend"
20:15:35 | INFO: Starting glTF 2.0 export
20:15:35 | INFO: Extracting primitive: fisher_cottage rubble footing
20:15:35 | INFO: Primitives created: 1
20:15:35 | INFO: Extracting primitive: fisher_cottage oak raised floor
20:15:35 | INFO: Primitives created: 1
20:15:35 | INFO: Extracting primitive: fisher_cottage front solid cut masonry
20:15:35 | INFO: Primitives created: 1
20:15:35 | INFO: Extracting primitive: fisher_cottage front door hinge strap
20:15:35 | INFO: Primitives created: 1
20:15:35 | INFO: Extracting primitive: fisher_cottage front window glazing 1
20:15:35 | INFO: Primitives created: 1
20:15:35 | INFO: Extracting primitive: fisher_cottage separate thick roof tile
20:15:35 | INFO: Primitives created: 1
20:15:35 | INFO: Extracting primitive: Fisher recessed chimney opening
20:15:35 | INFO: Primitives created: 1
20:15:35 | INFO: Finished glTF 2.0 export in 0.02610325813293457 s

Info: Saved as "quay_workshop.blend"
20:15:35 | INFO: Starting glTF 2.0 export
20:15:35 | INFO: Extracting primitive: quay_workshop rubble footing
20:15:35 | INFO: Primitives created: 1
20:15:35 | INFO: Extracting primitive: quay_workshop oak raised floor
20:15:35 | INFO: Primitives created: 1
20:15:35 | INFO: Extracting primitive: quay_workshop front solid cut masonry
20:15:35 | INFO: Primitives created: 1
20:15:35 | INFO: Extracting primitive: quay_workshop front door hinge strap
20:15:35 | INFO: Primitives created: 1
20:15:35 | INFO: Extracting primitive: quay_workshop front window glazing 1
20:15:35 | INFO: Primitives created: 1
20:15:35 | INFO: Extracting primitive: quay_workshop separate thick roof tile
20:15:35 | INFO: Primitives created: 1
20:15:35 | INFO: Finished glTF 2.0 export in 0.02253890037536621 s

HEADLAND KIT BUILT 3 ASSETS
Blender 4.5.0 (hash 8cb6b388974a built 2025-07-15 01:36:24)

Blender quit
