Info: Saved as "island_c.blend"
INFO Draco mesh compression is available, use library at E:\FeiTing\.tools\blender\blender-4.5.0-windows-x64\4.5\scripts\addons_core\io_scene_gltf2\extern_draco.dll
05:26:30 | INFO: Starting glTF 2.0 export
05:26:30 | INFO: Extracting primitive: 31g continuous broad rear shell
05:26:30 | INFO: Primitives created: 6
05:26:30 | INFO: Extracting primitive: island_c terrain fitted keeper paths 30a topology
05:26:30 | INFO: Primitives created: 1
05:26:30 | INFO: Extracting primitive: West broken shoulder authored fracture
05:26:30 | INFO: Primitives created: 3
05:26:30 | INFO: Finished glTF 2.0 export in 0.02654290199279785 s

31h MATERIAL REVISION SAVED 84 72 ['Coast short olive grass', 'Coast grass soil edge', 'Coast exposed fracture', 'Coast blue grey bedrock', 'Coast tidal dark stone', 'Coast blue grey bedrock', 'Coast exposed fracture', 'Coast tidal dark stone']
Warning: Library file, loading empty scene
31h NATIVE REOPEN PASSED
Info: Saved as "shoulder_authoring.blend"
31h NORMAL AUTHORING WORKSPACE REOPENED
Blender 4.5.0 (hash 8cb6b388974a built 2025-07-15 01:36:24)
Read blend: "E:\FeiTing\captures\lantern_island_study_31g\island_c.blend"
Read blend: "E:\FeiTing\captures\lantern_island_study_31h\shoulder_operands.blend"
Read blend: "E:\FeiTing\captures\lantern_island_study_31h\island_c.blend"
Read blend: "E:\FeiTing\captures\lantern_island_study_31h\shoulder_authoring.blend"

Blender quit
