Info: Saved as "island_a.blend"
INFO Draco mesh compression is available, use library at E:\FeiTing\.tools\blender\blender-4.5.0-windows-x64\4.5\scripts\addons_core\io_scene_gltf2\extern_draco.dll
17:38:43 | INFO: Starting glTF 2.0 export
17:38:43 | INFO: Extracting primitive: island_a grass and exposed rock terrain
17:38:43 | INFO: Primitives created: 3
17:38:43 | INFO: Extracting primitive: island_a faulted bedrock
17:38:43 | INFO: Primitives created: 3
17:38:43 | INFO: Extracting primitive: island_a terrain fitted keeper paths
17:38:43 | INFO: Primitives created: 1
17:38:43 | INFO: Finished glTF 2.0 export in 0.03951311111450195 s

Info: Saved as "island_b.blend"
17:38:43 | INFO: Starting glTF 2.0 export
17:38:43 | INFO: Extracting primitive: island_b grass and exposed rock terrain
17:38:43 | INFO: Primitives created: 3
17:38:43 | INFO: Extracting primitive: island_b faulted bedrock
17:38:43 | INFO: Primitives created: 3
17:38:43 | INFO: Extracting primitive: island_b terrain fitted keeper paths
17:38:43 | INFO: Primitives created: 1
17:38:43 | INFO: Finished glTF 2.0 export in 0.024765491485595703 s

Info: Saved as "island_c.blend"
17:38:44 | INFO: Starting glTF 2.0 export
17:38:44 | INFO: Extracting primitive: island_c grass and exposed rock terrain
17:38:44 | INFO: Primitives created: 3
17:38:44 | INFO: Extracting primitive: island_c faulted bedrock
17:38:44 | INFO: Primitives created: 3
17:38:44 | INFO: Extracting primitive: island_c terrain fitted keeper paths
17:38:44 | INFO: Primitives created: 1
17:38:44 | INFO: Finished glTF 2.0 export in 0.03253960609436035 s

LANTERN COAST KIT BUILT {"assets": 7, "parts": 374, "all_native_solids_passed": true}
Blender 4.5.0 (hash 8cb6b388974a built 2025-07-15 01:36:24)

Blender quit
