Info: Saved as "island_c.blend"
INFO Draco mesh compression is available, use library at E:\FeiTing\.tools\blender\blender-4.5.0-windows-x64\4.5\scripts\addons_core\io_scene_gltf2\extern_draco.dll
17:16:53 | INFO: Starting glTF 2.0 export
17:16:53 | INFO: Extracting primitive: island_c sculpted grass terrain
17:16:53 | INFO: Primitives created: 2
17:16:53 | INFO: Extracting primitive: island_c faulted bedrock
17:16:53 | INFO: Primitives created: 3
17:16:53 | INFO: Finished glTF 2.0 export in 0.01862359046936035 s

Info: Saved as "keeper_house.blend"
17:16:54 | INFO: Starting glTF 2.0 export
17:16:54 | INFO: Extracting primitive: Keeper broad masonry footing
17:16:54 | INFO: Primitives created: 1
17:16:54 | INFO: Extracting primitive: Keeper raised floor
17:16:54 | INFO: Primitives created: 1
17:16:54 | INFO: Extracting primitive: Keeper front solid cut masonry
17:16:54 | INFO: Primitives created: 1
17:16:54 | INFO: Extracting primitive: Keeper front door hinge strap
17:16:54 | INFO: Primitives created: 1
17:16:54 | INFO: Extracting primitive: Keeper front window glazing 1
17:16:54 | INFO: Primitives created: 1
17:16:54 | INFO: Extracting primitive: Keeper staggered roof tile -1 0 0
17:16:54 | INFO: Primitives created: 1
17:16:54 | INFO: Extracting primitive: Keeper corner quoin
17:16:54 | INFO: Primitives created: 1
17:16:54 | INFO: Extracting primitive: Keeper chimney dark recessed flue
17:16:54 | INFO: Primitives created: 1
17:16:54 | INFO: Finished glTF 2.0 export in 0.0323944091796875 s

LANTERN COAST KIT BUILT {"assets": 7, "parts": 371, "all_native_solids_passed": true}
Blender 4.5.0 (hash 8cb6b388974a built 2025-07-15 01:36:24)

Blender quit
