Info: Saved as "island_a.blend"
INFO Draco mesh compression is available, use library at E:\FeiTing\.tools\blender\blender-4.5.0-windows-x64\4.5\scripts\addons_core\io_scene_gltf2\extern_draco.dll
16:42:57 | INFO: Starting glTF 2.0 export
16:42:57 | INFO: Extracting primitive: island_a layered bedrock mass
16:42:57 | INFO: Primitives created: 3
16:42:57 | INFO: Extracting primitive: island_a thick grassy shoulder
16:42:57 | INFO: Primitives created: 2
16:42:57 | INFO: Finished glTF 2.0 export in 0.01624131202697754 s

Info: Saved as "island_b.blend"
16:42:58 | INFO: Starting glTF 2.0 export
16:42:58 | INFO: Extracting primitive: island_b layered bedrock mass
16:42:58 | INFO: Primitives created: 3
16:42:58 | INFO: Extracting primitive: island_b thick grassy shoulder
16:42:58 | INFO: Primitives created: 2
16:42:58 | INFO: Finished glTF 2.0 export in 0.014146566390991211 s

Info: Saved as "island_c.blend"
16:42:58 | INFO: Starting glTF 2.0 export
16:42:58 | INFO: Extracting primitive: island_c layered bedrock mass
16:42:58 | INFO: Primitives created: 3
16:42:58 | INFO: Extracting primitive: island_c thick grassy shoulder
16:42:58 | INFO: Primitives created: 2
16:42:58 | INFO: Finished glTF 2.0 export in 0.012531042098999023 s

Info: Saved as "reef_low.blend"
16:42:58 | INFO: Starting glTF 2.0 export
16:42:58 | INFO: Extracting primitive: reef_low main fracture
16:42:58 | INFO: Primitives created: 3
16:42:58 | INFO: Finished glTF 2.0 export in 0.007839202880859375 s

Info: Saved as "reef_spire.blend"
16:42:58 | INFO: Starting glTF 2.0 export
16:42:58 | INFO: Extracting primitive: reef_spire main fracture
16:42:58 | INFO: Primitives created: 3
16:42:58 | INFO: Finished glTF 2.0 export in 0.007534027099609375 s

Info: Saved as "reef_ridge.blend"
16:42:58 | INFO: Starting glTF 2.0 export
16:42:58 | INFO: Extracting primitive: reef_ridge main fracture
16:42:58 | INFO: Primitives created: 3
16:42:58 | INFO: Finished glTF 2.0 export in 0.0074977874755859375 s

Info: Saved as "keeper_house.blend"
16:42:58 | INFO: Starting glTF 2.0 export
16:42:58 | INFO: Extracting primitive: Keeper broad masonry footing
16:42:58 | INFO: Primitives created: 1
16:42:58 | INFO: Extracting primitive: Keeper raised floor
16:42:58 | INFO: Primitives created: 1
16:42:58 | INFO: Extracting primitive: Keeper front solid cut masonry
16:42:58 | INFO: Primitives created: 1
16:42:58 | INFO: Extracting primitive: Keeper front door hinge strap
16:42:58 | INFO: Primitives created: 1
16:42:58 | INFO: Extracting primitive: Keeper front window glazing 1
16:42:58 | INFO: Primitives created: 1
16:42:58 | INFO: Extracting primitive: Keeper roof thick tile course -1 0
16:42:58 | INFO: Primitives created: 1
16:42:58 | INFO: Extracting primitive: Keeper roof horizontal lap -1 0
16:42:58 | INFO: Primitives created: 1
16:42:58 | INFO: Extracting primitive: Keeper chimney dark recessed flue
16:42:58 | INFO: Primitives created: 1
16:42:58 | INFO: Finished glTF 2.0 export in 0.02502274513244629 s

LANTERN COAST KIT BUILT {"assets": 7, "parts": 225, "all_native_solids_passed": true}
Blender 4.5.0 (hash 8cb6b388974a built 2025-07-15 01:36:24)

Blender quit
