Info: Saved as "keeper_house.blend"
INFO Draco mesh compression is available, use library at E:\FeiTing\.tools\blender\blender-4.5.0-windows-x64\4.5\scripts\addons_core\io_scene_gltf2\extern_draco.dll
16:45:32 | INFO: Starting glTF 2.0 export
16:45:32 | INFO: Extracting primitive: Keeper broad masonry footing
16:45:32 | INFO: Primitives created: 1
16:45:32 | INFO: Extracting primitive: Keeper raised floor
16:45:32 | INFO: Primitives created: 1
16:45:32 | INFO: Extracting primitive: Keeper front solid cut masonry
16:45:32 | INFO: Primitives created: 1
16:45:32 | INFO: Extracting primitive: Keeper front door hinge strap
16:45:32 | INFO: Primitives created: 1
16:45:32 | INFO: Extracting primitive: Keeper front window glazing 1
16:45:32 | INFO: Primitives created: 1
16:45:32 | INFO: Extracting primitive: Keeper roof thick tile course -1 0
16:45:32 | INFO: Primitives created: 1
16:45:32 | INFO: Extracting primitive: Keeper roof horizontal lap -1 0
16:45:32 | INFO: Primitives created: 1
16:45:32 | INFO: Extracting primitive: Keeper chimney dark recessed flue
16:45:32 | INFO: Primitives created: 1
16:45:32 | INFO: Finished glTF 2.0 export in 0.029944896697998047 s

LANTERN COAST KIT BUILT {"assets": 7, "parts": 225, "all_native_solids_passed": true}
Blender 4.5.0 (hash 8cb6b388974a built 2025-07-15 01:36:24)

Blender quit
