Info: Saved as "island_a.blend"
INFO Draco mesh compression is available, use library at E:\FeiTing\.tools\blender\blender-4.5.0-windows-x64\4.5\scripts\addons_core\io_scene_gltf2\extern_draco.dll
16:58:23 | INFO: Starting glTF 2.0 export
16:58:23 | INFO: Extracting primitive: island_a sculpted grass terrain
16:58:23 | INFO: Primitives created: 2
16:58:23 | INFO: Extracting primitive: island_a faulted bedrock
16:58:23 | INFO: Primitives created: 3
16:58:23 | INFO: Finished glTF 2.0 export in 0.021725893020629883 s

Info: Saved as "island_b.blend"
16:58:23 | INFO: Starting glTF 2.0 export
16:58:23 | INFO: Extracting primitive: island_b sculpted grass terrain
16:58:23 | INFO: Primitives created: 2
16:58:23 | INFO: Extracting primitive: island_b faulted bedrock
16:58:23 | INFO: Primitives created: 3
16:58:23 | INFO: Finished glTF 2.0 export in 0.01814579963684082 s

Info: Saved as "island_c.blend"
16:58:23 | INFO: Starting glTF 2.0 export
16:58:23 | INFO: Extracting primitive: island_c sculpted grass terrain
16:58:23 | INFO: Primitives created: 2
16:58:23 | INFO: Extracting primitive: island_c faulted bedrock
16:58:23 | INFO: Primitives created: 3
16:58:23 | INFO: Finished glTF 2.0 export in 0.018694639205932617 s

Info: Saved as "reef_low.blend"
16:58:23 | INFO: Starting glTF 2.0 export
16:58:23 | INFO: Extracting primitive: reef_low main fracture
16:58:23 | INFO: Primitives created: 3
16:58:23 | INFO: Finished glTF 2.0 export in 0.00892186164855957 s

Info: Saved as "reef_spire.blend"
16:58:23 | INFO: Starting glTF 2.0 export
16:58:23 | INFO: Extracting primitive: reef_spire main fracture
16:58:23 | INFO: Primitives created: 3
16:58:23 | INFO: Finished glTF 2.0 export in 0.008579730987548828 s

Info: Saved as "reef_ridge.blend"
16:58:23 | INFO: Starting glTF 2.0 export
16:58:23 | INFO: Extracting primitive: reef_ridge main fracture
16:58:23 | INFO: Primitives created: 3
16:58:23 | INFO: Finished glTF 2.0 export in 0.008371114730834961 s

LANTERN COAST KIT BUILT {"assets": 7, "parts": 213, "all_native_solids_passed": true}
Blender 4.5.0 (hash 8cb6b388974a built 2025-07-15 01:36:24)

Blender quit
