Info: Saved as "keeper_house.blend"
INFO Draco mesh compression is available, use library at E:\FeiTing\.tools\blender\blender-4.5.0-windows-x64\4.5\scripts\addons_core\io_scene_gltf2\extern_draco.dll
17:22:27 | INFO: Starting glTF 2.0 export
17:22:27 | INFO: Extracting primitive: Keeper broad masonry footing
17:22:27 | INFO: Primitives created: 1
17:22:27 | INFO: Extracting primitive: Keeper raised floor
17:22:27 | INFO: Primitives created: 1
17:22:27 | INFO: Extracting primitive: Keeper front solid cut masonry
17:22:27 | INFO: Primitives created: 1
17:22:27 | INFO: Extracting primitive: Keeper front door hinge strap
17:22:27 | INFO: Primitives created: 1
17:22:27 | INFO: Extracting primitive: Keeper front window glazing 1
17:22:27 | INFO: Primitives created: 1
17:22:27 | INFO: Extracting primitive: Keeper staggered roof tile -1 0 0
17:22:27 | INFO: Primitives created: 1
17:22:27 | INFO: Extracting primitive: Keeper corner quoin
17:22:27 | INFO: Primitives created: 1
17:22:27 | INFO: Extracting primitive: Keeper chimney dark recessed flue
17:22:27 | INFO: Primitives created: 1
17:22:27 | INFO: Finished glTF 2.0 export in 0.060209035873413086 s

LANTERN COAST KIT BUILT {"assets": 7, "parts": 371, "all_native_solids_passed": true}
Blender 4.5.0 (hash 8cb6b388974a built 2025-07-15 01:36:24)

Blender quit
