Info: Saved as "island_a.blend"
INFO Draco mesh compression is available, use library at E:\FeiTing\.tools\blender\blender-4.5.0-windows-x64\4.5\scripts\addons_core\io_scene_gltf2\extern_draco.dll
17:09:39 | INFO: Starting glTF 2.0 export
17:09:39 | INFO: Extracting primitive: island_a sculpted grass terrain
17:09:39 | INFO: Primitives created: 2
17:09:39 | INFO: Extracting primitive: island_a faulted bedrock
17:09:39 | INFO: Primitives created: 3
17:09:39 | INFO: Finished glTF 2.0 export in 0.02038431167602539 s

Info: Saved as "island_b.blend"
17:09:39 | INFO: Starting glTF 2.0 export
17:09:39 | INFO: Extracting primitive: island_b sculpted grass terrain
17:09:39 | INFO: Primitives created: 2
17:09:39 | INFO: Extracting primitive: island_b faulted bedrock
17:09:39 | INFO: Primitives created: 3
17:09:39 | INFO: Finished glTF 2.0 export in 0.01802992820739746 s

Info: Saved as "island_c.blend"
17:09:39 | INFO: Starting glTF 2.0 export
17:09:39 | INFO: Extracting primitive: island_c sculpted grass terrain
17:09:39 | INFO: Primitives created: 2
17:09:39 | INFO: Extracting primitive: island_c faulted bedrock
17:09:39 | INFO: Primitives created: 3
17:09:39 | INFO: Finished glTF 2.0 export in 0.016200542449951172 s

Info: Saved as "reef_low.blend"
17:09:39 | INFO: Starting glTF 2.0 export
17:09:39 | INFO: Extracting primitive: Low reef broad sloping slab
17:09:39 | INFO: Primitives created: 2
17:09:39 | INFO: Finished glTF 2.0 export in 0.005006074905395508 s

Info: Saved as "reef_spire.blend"
17:09:39 | INFO: Starting glTF 2.0 export
17:09:39 | INFO: Extracting primitive: Spire leaning broken pinnacle
17:09:39 | INFO: Primitives created: 3
17:09:39 | INFO: Finished glTF 2.0 export in 0.006964206695556641 s

Info: Saved as "reef_ridge.blend"
17:09:39 | INFO: Starting glTF 2.0 export
17:09:39 | INFO: Extracting primitive: Ridge long oblique fin
17:09:39 | INFO: Primitives created: 3
17:09:39 | INFO: Finished glTF 2.0 export in 0.0067005157470703125 s

LANTERN COAST KIT BUILT {"assets": 7, "parts": 203, "all_native_solids_passed": true}
Blender 4.5.0 (hash 8cb6b388974a built 2025-07-15 01:36:24)

Blender quit
