Info: Saved as "lighthouse.blend"
INFO Draco mesh compression is available, use library at E:\FeiTing\.tools\blender\blender-4.5.0-windows-x64\4.5\scripts\addons_core\io_scene_gltf2\extern_draco.dll
15:17:51 | INFO: Starting glTF 2.0 export
15:17:51 | INFO: Extracting primitive: Cone
15:17:51 | INFO: Primitives created: 1
15:17:51 | INFO: Extracting primitive: Cone.001
15:17:51 | INFO: Primitives created: 1
15:17:51 | INFO: Extracting primitive: Stone opening course 0 facet 0
15:17:51 | INFO: Primitives created: 1
15:17:51 | INFO: Extracting primitive: Recessed oak door
15:17:51 | INFO: Primitives created: 1
15:17:51 | INFO: Extracting primitive: Cone.002
15:17:51 | INFO: Primitives created: 1
15:17:51 | INFO: Extracting primitive: Shaft course 0 facet 2
15:17:51 | INFO: Primitives created: 1
15:17:51 | INFO: Extracting primitive: Shaft course 0 facet 3
15:17:51 | INFO: Primitives created: 1
15:17:51 | INFO: Extracting primitive: Dark slit interior 0 4
15:17:51 | INFO: Primitives created: 1
15:17:51 | INFO: Extracting primitive: Lantern glazed panel 0
15:17:51 | INFO: Primitives created: 1
15:17:51 | INFO: Extracting primitive: Lantern glazed panel 1
15:17:51 | INFO: Primitives created: 1
15:17:51 | INFO: Extracting primitive: Lantern glazed panel 2
15:17:51 | INFO: Primitives created: 1
15:17:51 | INFO: Extracting primitive: Lantern glazed panel 3
15:17:51 | INFO: Primitives created: 1
15:17:51 | INFO: Extracting primitive: Lantern glazed panel 4
15:17:51 | INFO: Primitives created: 1
15:17:51 | INFO: Extracting primitive: Lantern glazed panel 5
15:17:51 | INFO: Primitives created: 1
15:17:51 | INFO: Extracting primitive: Lantern glazed panel 6
15:17:51 | INFO: Primitives created: 1
15:17:51 | INFO: Extracting primitive: Lantern glazed panel 7
15:17:51 | INFO: Primitives created: 1
15:17:51 | INFO: Extracting primitive: Cone.076
15:17:51 | INFO: Primitives created: 1
15:17:51 | INFO: Extracting primitive: Cone.079
15:17:51 | INFO: Primitives created: 1
15:17:51 | INFO: Extracting primitive: Cone.080
15:17:51 | INFO: Primitives created: 1
15:17:51 | INFO: Extracting primitive: Cone.081
15:17:51 | INFO: Primitives created: 1
15:17:51 | INFO: Extracting primitive: Cone.082
15:17:51 | INFO: Primitives created: 1
15:17:51 | INFO: Extracting primitive: Cone.083
15:17:51 | INFO: Primitives created: 1
15:17:51 | INFO: Extracting primitive: Cone.090
15:17:51 | INFO: Primitives created: 1
15:17:51 | INFO: Extracting primitive: Cone.156
15:17:51 | INFO: Primitives created: 1
15:17:51 | INFO: Finished glTF 2.0 export in 0.06946969032287598 s

LIGHTHOUSE CANDIDATE BUILT {"parts": 225, "vertices": 2500, "polygons": 1596, "export_mesh_nodes": 24, "height_m": 24.5, "foundation_width_m": 8.03, "production_modified": false, "scope": "Tower architecture study only; island, keeper houses, fog, beam and night not completed.", "materials": ["Clear optical lens glass", "Clear slightly amber lantern glass", "Dark forged bronze", "Deep weathered gallery corbel stone", "Lamp core", "Limestone 0", "Limestone 1", "Limestone 2", "Limestone 3", "Material", "Oak door boards", "Oxidised terracotta roof", "Unlit window recess", "Weathered sandstone edges"]}
Blender 4.5.0 (hash 8cb6b388974a built 2025-07-15 01:36:24)

Blender quit
