Info: Saved as "lighthouse.blend"
INFO Draco mesh compression is available, use library at E:\FeiTing\.tools\blender\blender-4.5.0-windows-x64\4.5\scripts\addons_core\io_scene_gltf2\extern_draco.dll
15:02:17 | INFO: Starting glTF 2.0 export
15:02:17 | INFO: Extracting primitive: Cone
15:02:17 | INFO: Primitives created: 1
15:02:17 | INFO: Extracting primitive: Cone.001
15:02:17 | INFO: Primitives created: 1
15:02:17 | INFO: Extracting primitive: Stone opening course 0 facet 0
15:02:17 | INFO: Primitives created: 1
15:02:17 | INFO: Extracting primitive: Deep stone jamb 0 0
15:02:17 | INFO: Primitives created: 1
15:02:17 | INFO: Extracting primitive: Recessed oak door
15:02:17 | INFO: Primitives created: 1
15:02:17 | INFO: Extracting primitive: Cone.002
15:02:17 | INFO: Primitives created: 1
15:02:17 | INFO: Extracting primitive: Cone.003
15:02:17 | INFO: Primitives created: 1
15:02:17 | INFO: Extracting primitive: Cone.004
15:02:17 | INFO: Primitives created: 1
15:02:17 | INFO: Extracting primitive: Cone.005
15:02:17 | INFO: Primitives created: 1
15:02:17 | INFO: Extracting primitive: Cone.006
15:02:17 | INFO: Primitives created: 1
15:02:17 | INFO: Extracting primitive: Cone.007
15:02:17 | INFO: Primitives created: 1
15:02:17 | INFO: Extracting primitive: Cone.008
15:02:17 | INFO: Primitives created: 1
15:02:17 | INFO: Extracting primitive: Shaft course 0 facet 1
15:02:17 | INFO: Primitives created: 1
15:02:17 | INFO: Extracting primitive: Shaft course 0 facet 2
15:02:17 | INFO: Primitives created: 1
15:02:17 | INFO: Extracting primitive: Shaft course 0 facet 3
15:02:17 | INFO: Primitives created: 1
15:02:17 | INFO: Extracting primitive: Stone opening course 0 facet 4
15:02:17 | INFO: Primitives created: 1
15:02:17 | INFO: Extracting primitive: Deep stone jamb 0 4
15:02:17 | INFO: Primitives created: 1
15:02:17 | INFO: Extracting primitive: Dark slit interior 0 4
15:02:17 | INFO: Primitives created: 1
15:02:17 | INFO: Extracting primitive: Cone.009
15:02:17 | INFO: Primitives created: 1
15:02:17 | INFO: Extracting primitive: Shaft course 0 facet 5
15:02:17 | INFO: Primitives created: 1
15:02:17 | INFO: Extracting primitive: Shaft course 0 facet 6
15:02:17 | INFO: Primitives created: 1
15:02:17 | INFO: Extracting primitive: Shaft course 0 facet 7
15:02:17 | INFO: Primitives created: 1
15:02:17 | INFO: Extracting primitive: Shaft course 1 facet 0
15:02:17 | INFO: Primitives created: 1
15:02:17 | INFO: Extracting primitive: Shaft course 1 facet 1
15:02:17 | INFO: Primitives created: 1
15:02:17 | INFO: Extracting primitive: Shaft course 1 facet 2
15:02:17 | INFO: Primitives created: 1
15:02:17 | INFO: Extracting primitive: Stone opening course 1 facet 3
15:02:17 | INFO: Primitives created: 1
15:02:17 | INFO: Extracting primitive: Deep stone jamb 1 3
15:02:17 | INFO: Primitives created: 1
15:02:17 | INFO: Extracting primitive: Dark slit interior 1 3
15:02:17 | INFO: Primitives created: 1
15:02:17 | INFO: Extracting primitive: Cone.010
15:02:17 | INFO: Primitives created: 1
15:02:17 | INFO: Extracting primitive: Shaft course 1 facet 4
15:02:17 | INFO: Primitives created: 1
15:02:17 | INFO: Extracting primitive: Shaft course 1 facet 5
15:02:17 | INFO: Primitives created: 1
15:02:17 | INFO: Extracting primitive: Shaft course 1 facet 6
15:02:17 | INFO: Primitives created: 1
15:02:17 | INFO: Extracting primitive: Stone opening course 1 facet 7
15:02:17 | INFO: Primitives created: 1
15:02:17 | INFO: Extracting primitive: Deep stone jamb 1 7
15:02:17 | INFO: Primitives created: 1
15:02:17 | INFO: Extracting primitive: Dark slit interior 1 7
15:02:17 | INFO: Primitives created: 1
15:02:17 | INFO: Extracting primitive: Cone.011
15:02:17 | INFO: Primitives created: 1
15:02:17 | INFO: Extracting primitive: Shaft course 2 facet 0
15:02:17 | INFO: Primitives created: 1
15:02:17 | INFO: Extracting primitive: Shaft course 2 facet 1
15:02:17 | INFO: Primitives created: 1
15:02:17 | INFO: Extracting primitive: Stone opening course 2 facet 2
15:02:17 | INFO: Primitives created: 1
15:02:17 | INFO: Extracting primitive: Deep stone jamb 2 2
15:02:17 | INFO: Primitives created: 1
15:02:17 | INFO: Extracting primitive: Dark slit interior 2 2
15:02:17 | INFO: Primitives created: 1
15:02:17 | INFO: Extracting primitive: Cone.012
15:02:17 | INFO: Primitives created: 1
15:02:17 | INFO: Extracting primitive: Shaft course 2 facet 3
15:02:17 | INFO: Primitives created: 1
15:02:17 | INFO: Extracting primitive: Shaft course 2 facet 4
15:02:17 | INFO: Primitives created: 1
15:02:17 | INFO: Extracting primitive: Shaft course 2 facet 5
15:02:17 | INFO: Primitives created: 1
15:02:17 | INFO: Extracting primitive: Stone opening course 2 facet 6
15:02:17 | INFO: Primitives created: 1
15:02:17 | INFO: Extracting primitive: Deep stone jamb 2 6
15:02:17 | INFO: Primitives created: 1
15:02:17 | INFO: Extracting primitive: Dark slit interior 2 6
15:02:17 | INFO: Primitives created: 1
15:02:17 | INFO: Extracting primitive: Cone.013
15:02:17 | INFO: Primitives created: 1
15:02:17 | INFO: Extracting primitive: Shaft course 2 facet 7
15:02:17 | INFO: Primitives created: 1
15:02:17 | INFO: Extracting primitive: Shaft course 3 facet 0
15:02:17 | INFO: Primitives created: 1
15:02:17 | INFO: Extracting primitive: Stone opening course 3 facet 1
15:02:17 | INFO: Primitives created: 1
15:02:17 | INFO: Extracting primitive: Deep stone jamb 3 1
15:02:17 | INFO: Primitives created: 1
15:02:17 | INFO: Extracting primitive: Dark slit interior 3 1
15:02:17 | INFO: Primitives created: 1
15:02:17 | INFO: Extracting primitive: Cone.014
15:02:17 | INFO: Primitives created: 1
15:02:17 | INFO: Extracting primitive: Shaft course 3 facet 2
15:02:17 | INFO: Primitives created: 1
15:02:17 | INFO: Extracting primitive: Shaft course 3 facet 3
15:02:17 | INFO: Primitives created: 1
15:02:17 | INFO: Extracting primitive: Shaft course 3 facet 4
15:02:17 | INFO: Primitives created: 1
15:02:17 | INFO: Extracting primitive: Stone opening course 3 facet 5
15:02:17 | INFO: Primitives created: 1
15:02:17 | INFO: Extracting primitive: Deep stone jamb 3 5
15:02:17 | INFO: Primitives created: 1
15:02:17 | INFO: Extracting primitive: Dark slit interior 3 5
15:02:17 | INFO: Primitives created: 1
15:02:17 | INFO: Extracting primitive: Cone.015
15:02:17 | INFO: Primitives created: 1
15:02:17 | INFO: Extracting primitive: Shaft course 3 facet 6
15:02:17 | INFO: Primitives created: 1
15:02:17 | INFO: Extracting primitive: Shaft course 3 facet 7
15:02:17 | INFO: Primitives created: 1
15:02:17 | INFO: Extracting primitive: Cone.016
15:02:17 | INFO: Primitives created: 1
15:02:17 | INFO: Extracting primitive: Cone.017
15:02:17 | INFO: Primitives created: 1
15:02:17 | INFO: Extracting primitive: Cone.018
15:02:17 | INFO: Primitives created: 1
15:02:17 | INFO: Extracting primitive: Cone.019
15:02:17 | INFO: Primitives created: 1
15:02:17 | INFO: Extracting primitive: Cone.020
15:02:17 | INFO: Primitives created: 1
15:02:17 | INFO: Extracting primitive: Cone.021
15:02:17 | INFO: Primitives created: 1
15:02:17 | INFO: Extracting primitive: Cone.022
15:02:17 | INFO: Primitives created: 1
15:02:17 | INFO: Extracting primitive: Cone.023
15:02:17 | INFO: Primitives created: 1
15:02:17 | INFO: Extracting primitive: Cone.024
15:02:17 | INFO: Primitives created: 1
15:02:17 | INFO: Extracting primitive: Cone.025
15:02:17 | INFO: Primitives created: 1
15:02:17 | INFO: Extracting primitive: Cone.026
15:02:17 | INFO: Primitives created: 1
15:02:17 | INFO: Extracting primitive: Cone.027
15:02:17 | INFO: Primitives created: 1
15:02:17 | INFO: Extracting primitive: Cone.028
15:02:17 | INFO: Primitives created: 1
15:02:17 | INFO: Extracting primitive: Cone.029
15:02:17 | INFO: Primitives created: 1
15:02:17 | INFO: Extracting primitive: Cone.030
15:02:17 | INFO: Primitives created: 1
15:02:17 | INFO: Extracting primitive: Cone.031
15:02:17 | INFO: Primitives created: 1
15:02:17 | INFO: Extracting primitive: Cone.032
15:02:17 | INFO: Primitives created: 1
15:02:17 | INFO: Extracting primitive: Cone.033
15:02:17 | INFO: Primitives created: 1
15:02:17 | INFO: Extracting primitive: Cone.034
15:02:17 | INFO: Primitives created: 1
15:02:17 | INFO: Extracting primitive: Cone.035
15:02:17 | INFO: Primitives created: 1
15:02:17 | INFO: Extracting primitive: Cone.036
15:02:17 | INFO: Primitives created: 1
15:02:17 | INFO: Extracting primitive: Cone.037
15:02:17 | INFO: Primitives created: 1
15:02:17 | INFO: Extracting primitive: Cone.038
15:02:17 | INFO: Primitives created: 1
15:02:17 | INFO: Extracting primitive: Cone.039
15:02:17 | INFO: Primitives created: 1
15:02:17 | INFO: Extracting primitive: Cone.040
15:02:17 | INFO: Primitives created: 1
15:02:17 | INFO: Extracting primitive: Cone.041
15:02:17 | INFO: Primitives created: 1
15:02:17 | INFO: Extracting primitive: Cone.042
15:02:17 | INFO: Primitives created: 1
15:02:17 | INFO: Extracting primitive: Cone.043
15:02:17 | INFO: Primitives created: 1
15:02:17 | INFO: Extracting primitive: Cone.044
15:02:17 | INFO: Primitives created: 1
15:02:17 | INFO: Extracting primitive: Cone.045
15:02:17 | INFO: Primitives created: 1
15:02:17 | INFO: Extracting primitive: Cone.046
15:02:17 | INFO: Primitives created: 1
15:02:17 | INFO: Extracting primitive: Cone.047
15:02:17 | INFO: Primitives created: 1
15:02:17 | INFO: Extracting primitive: Cone.048
15:02:17 | INFO: Primitives created: 1
15:02:17 | INFO: Extracting primitive: Cone.049
15:02:17 | INFO: Primitives created: 1
15:02:17 | INFO: Extracting primitive: Cone.050
15:02:17 | INFO: Primitives created: 1
15:02:17 | INFO: Extracting primitive: Cone.051
15:02:17 | INFO: Primitives created: 1
15:02:17 | INFO: Extracting primitive: Cone.052
15:02:17 | INFO: Primitives created: 1
15:02:17 | INFO: Extracting primitive: Cone.053
15:02:17 | INFO: Primitives created: 1
15:02:17 | INFO: Extracting primitive: Cone.054
15:02:17 | INFO: Primitives created: 1
15:02:17 | INFO: Extracting primitive: Cone.055
15:02:17 | INFO: Primitives created: 1
15:02:17 | INFO: Extracting primitive: Cone.056
15:02:17 | INFO: Primitives created: 1
15:02:17 | INFO: Extracting primitive: Cone.057
15:02:17 | INFO: Primitives created: 1
15:02:17 | INFO: Extracting primitive: Cone.058
15:02:17 | INFO: Primitives created: 1
15:02:17 | INFO: Extracting primitive: Cone.059
15:02:17 | INFO: Primitives created: 1
15:02:17 | INFO: Extracting primitive: Cone.060
15:02:17 | INFO: Primitives created: 1
15:02:17 | INFO: Extracting primitive: Cone.061
15:02:17 | INFO: Primitives created: 1
15:02:17 | INFO: Extracting primitive: Cone.062
15:02:17 | INFO: Primitives created: 1
15:02:17 | INFO: Extracting primitive: Cone.063
15:02:17 | INFO: Primitives created: 1
15:02:17 | INFO: Extracting primitive: Cone.064
15:02:17 | INFO: Primitives created: 1
15:02:17 | INFO: Extracting primitive: Cone.065
15:02:17 | INFO: Primitives created: 1
15:02:17 | INFO: Extracting primitive: Cone.066
15:02:17 | INFO: Primitives created: 1
15:02:17 | INFO: Extracting primitive: Cone.067
15:02:17 | INFO: Primitives created: 1
15:02:17 | INFO: Extracting primitive: Cone.068
15:02:17 | INFO: Primitives created: 1
15:02:17 | INFO: Extracting primitive: Lantern glazed panel 0
15:02:17 | INFO: Primitives created: 1
15:02:17 | INFO: Extracting primitive: Cone.069
15:02:17 | INFO: Primitives created: 1
15:02:17 | INFO: Extracting primitive: Lantern glazed panel 1
15:02:17 | INFO: Primitives created: 1
15:02:17 | INFO: Extracting primitive: Cone.070
15:02:17 | INFO: Primitives created: 1
15:02:17 | INFO: Extracting primitive: Lantern glazed panel 2
15:02:17 | INFO: Primitives created: 1
15:02:17 | INFO: Extracting primitive: Cone.071
15:02:17 | INFO: Primitives created: 1
15:02:17 | INFO: Extracting primitive: Lantern glazed panel 3
15:02:17 | INFO: Primitives created: 1
15:02:17 | INFO: Extracting primitive: Cone.072
15:02:17 | INFO: Primitives created: 1
15:02:17 | INFO: Extracting primitive: Lantern glazed panel 4
15:02:17 | INFO: Primitives created: 1
15:02:17 | INFO: Extracting primitive: Cone.073
15:02:17 | INFO: Primitives created: 1
15:02:17 | INFO: Extracting primitive: Lantern glazed panel 5
15:02:17 | INFO: Primitives created: 1
15:02:17 | INFO: Extracting primitive: Cone.074
15:02:17 | INFO: Primitives created: 1
15:02:17 | INFO: Extracting primitive: Lantern glazed panel 6
15:02:17 | INFO: Primitives created: 1
15:02:17 | INFO: Extracting primitive: Cone.075
15:02:17 | INFO: Primitives created: 1
15:02:17 | INFO: Extracting primitive: Lantern glazed panel 7
15:02:17 | INFO: Primitives created: 1
15:02:17 | INFO: Extracting primitive: Cone.076
15:02:17 | INFO: Primitives created: 1
15:02:17 | INFO: Extracting primitive: Cone.077
15:02:17 | INFO: Primitives created: 1
15:02:17 | INFO: Extracting primitive: Cone.078
15:02:17 | INFO: Primitives created: 1
15:02:17 | INFO: Extracting primitive: Cone.079
15:02:17 | INFO: Primitives created: 1
15:02:17 | INFO: Extracting primitive: Cone.080
15:02:17 | INFO: Primitives created: 1
15:02:17 | INFO: Extracting primitive: Cone.081
15:02:17 | INFO: Primitives created: 1
15:02:17 | INFO: Extracting primitive: Cone.082
15:02:17 | INFO: Primitives created: 1
15:02:17 | INFO: Extracting primitive: Cone.083
15:02:17 | INFO: Primitives created: 1
15:02:17 | INFO: Extracting primitive: Cone.084
15:02:17 | INFO: Primitives created: 1
15:02:17 | INFO: Extracting primitive: Cone.085
15:02:17 | INFO: Primitives created: 1
15:02:17 | INFO: Extracting primitive: Cone.086
15:02:17 | INFO: Primitives created: 1
15:02:17 | INFO: Extracting primitive: Cone.087
15:02:17 | INFO: Primitives created: 1
15:02:17 | INFO: Extracting primitive: Cone.088
15:02:17 | INFO: Primitives created: 1
15:02:17 | INFO: Extracting primitive: Cone.089
15:02:17 | INFO: Primitives created: 1
15:02:17 | INFO: Extracting primitive: Cone.090
15:02:17 | INFO: Primitives created: 1
15:02:17 | INFO: Extracting primitive: Cone.091
15:02:17 | INFO: Primitives created: 1
15:02:17 | INFO: Extracting primitive: Cone.092
15:02:17 | INFO: Primitives created: 1
15:02:17 | INFO: Extracting primitive: Cone.093
15:02:17 | INFO: Primitives created: 1
15:02:17 | INFO: Extracting primitive: Cone.094
15:02:17 | INFO: Primitives created: 1
15:02:17 | INFO: Extracting primitive: Cone.095
15:02:17 | INFO: Primitives created: 1
15:02:17 | INFO: Extracting primitive: Cone.096
15:02:17 | INFO: Primitives created: 1
15:02:17 | INFO: Extracting primitive: Cone.097
15:02:17 | INFO: Primitives created: 1
15:02:17 | INFO: Extracting primitive: Cone.098
15:02:17 | INFO: Primitives created: 1
15:02:17 | INFO: Extracting primitive: Cone.099
15:02:17 | INFO: Primitives created: 1
15:02:17 | INFO: Extracting primitive: Cone.100
15:02:17 | INFO: Primitives created: 1
15:02:17 | INFO: Extracting primitive: Cone.101
15:02:17 | INFO: Primitives created: 1
15:02:17 | INFO: Extracting primitive: Cone.102
15:02:17 | INFO: Primitives created: 1
15:02:17 | INFO: Extracting primitive: Cone.103
15:02:17 | INFO: Primitives created: 1
15:02:17 | INFO: Extracting primitive: Cone.104
15:02:17 | INFO: Primitives created: 1
15:02:17 | INFO: Extracting primitive: Cone.105
15:02:17 | INFO: Primitives created: 1
15:02:17 | INFO: Extracting primitive: Cone.106
15:02:17 | INFO: Primitives created: 1
15:02:17 | INFO: Extracting primitive: Cone.107
15:02:17 | INFO: Primitives created: 1
15:02:17 | INFO: Extracting primitive: Cone.108
15:02:17 | INFO: Primitives created: 1
15:02:17 | INFO: Extracting primitive: Cone.109
15:02:17 | INFO: Primitives created: 1
15:02:17 | INFO: Extracting primitive: Cone.110
15:02:17 | INFO: Primitives created: 1
15:02:17 | INFO: Extracting primitive: Cone.111
15:02:17 | INFO: Primitives created: 1
15:02:17 | INFO: Extracting primitive: Cone.112
15:02:17 | INFO: Primitives created: 1
15:02:17 | INFO: Extracting primitive: Cone.113
15:02:17 | INFO: Primitives created: 1
15:02:17 | INFO: Extracting primitive: Cone.114
15:02:17 | INFO: Primitives created: 1
15:02:17 | INFO: Extracting primitive: Cone.115
15:02:17 | INFO: Primitives created: 1
15:02:17 | INFO: Extracting primitive: Cone.116
15:02:17 | INFO: Primitives created: 1
15:02:17 | INFO: Extracting primitive: Cone.117
15:02:17 | INFO: Primitives created: 1
15:02:17 | INFO: Extracting primitive: Cone.118
15:02:17 | INFO: Primitives created: 1
15:02:17 | INFO: Extracting primitive: Cone.119
15:02:17 | INFO: Primitives created: 1
15:02:17 | INFO: Extracting primitive: Cone.120
15:02:17 | INFO: Primitives created: 1
15:02:17 | INFO: Extracting primitive: Cone.121
15:02:17 | INFO: Primitives created: 1
15:02:17 | INFO: Extracting primitive: Cone.122
15:02:17 | INFO: Primitives created: 1
15:02:17 | INFO: Extracting primitive: Cone.123
15:02:17 | INFO: Primitives created: 1
15:02:17 | INFO: Extracting primitive: Cone.124
15:02:17 | INFO: Primitives created: 1
15:02:17 | INFO: Extracting primitive: Cone.125
15:02:17 | INFO: Primitives created: 1
15:02:17 | INFO: Extracting primitive: Cone.126
15:02:17 | INFO: Primitives created: 1
15:02:17 | INFO: Extracting primitive: Cone.127
15:02:17 | INFO: Primitives created: 1
15:02:17 | INFO: Extracting primitive: Cone.128
15:02:17 | INFO: Primitives created: 1
15:02:17 | INFO: Extracting primitive: Cone.129
15:02:17 | INFO: Primitives created: 1
15:02:17 | INFO: Extracting primitive: Cone.130
15:02:17 | INFO: Primitives created: 1
15:02:17 | INFO: Extracting primitive: Cone.131
15:02:17 | INFO: Primitives created: 1
15:02:17 | INFO: Extracting primitive: Cone.132
15:02:17 | INFO: Primitives created: 1
15:02:17 | INFO: Extracting primitive: Cone.133
15:02:17 | INFO: Primitives created: 1
15:02:17 | INFO: Extracting primitive: Cone.134
15:02:17 | INFO: Primitives created: 1
15:02:17 | INFO: Extracting primitive: Cone.135
15:02:17 | INFO: Primitives created: 1
15:02:17 | INFO: Extracting primitive: Cone.136
15:02:17 | INFO: Primitives created: 1
15:02:17 | INFO: Extracting primitive: Cone.137
15:02:17 | INFO: Primitives created: 1
15:02:17 | INFO: Extracting primitive: Cone.138
15:02:17 | INFO: Primitives created: 1
15:02:17 | INFO: Extracting primitive: Cone.139
15:02:17 | INFO: Primitives created: 1
15:02:17 | INFO: Extracting primitive: Cone.140
15:02:17 | INFO: Primitives created: 1
15:02:17 | INFO: Extracting primitive: Cone.141
15:02:17 | INFO: Primitives created: 1
15:02:17 | INFO: Extracting primitive: Cone.142
15:02:17 | INFO: Primitives created: 1
15:02:17 | INFO: Extracting primitive: Cone.143
15:02:17 | INFO: Primitives created: 1
15:02:17 | INFO: Extracting primitive: Cone.144
15:02:17 | INFO: Primitives created: 1
15:02:17 | INFO: Extracting primitive: Cone.145
15:02:17 | INFO: Primitives created: 1
15:02:17 | INFO: Extracting primitive: Cone.146
15:02:17 | INFO: Primitives created: 1
15:02:17 | INFO: Extracting primitive: Cone.147
15:02:17 | INFO: Primitives created: 1
15:02:17 | INFO: Extracting primitive: Cone.148
15:02:17 | INFO: Primitives created: 1
15:02:17 | INFO: Extracting primitive: Cone.149
15:02:17 | INFO: Primitives created: 1
15:02:17 | INFO: Extracting primitive: Cone.150
15:02:17 | INFO: Primitives created: 1
15:02:17 | INFO: Extracting primitive: Cone.151
15:02:17 | INFO: Primitives created: 1
15:02:17 | INFO: Extracting primitive: Cone.152
15:02:17 | INFO: Primitives created: 1
15:02:17 | INFO: Extracting primitive: Cone.153
15:02:17 | INFO: Primitives created: 1
15:02:17 | INFO: Extracting primitive: Cone.154
15:02:17 | INFO: Primitives created: 1
15:02:17 | INFO: Extracting primitive: Cone.155
15:02:17 | INFO: Primitives created: 1
15:02:17 | INFO: Extracting primitive: Cone.156
15:02:17 | INFO: Primitives created: 1
15:02:17 | INFO: Extracting primitive: Cone.157
15:02:17 | INFO: Primitives created: 1
15:02:17 | INFO: Extracting primitive: Cone.158
15:02:17 | INFO: Primitives created: 1
15:02:17 | INFO: Extracting primitive: Cone.159
15:02:17 | INFO: Primitives created: 1
15:02:17 | INFO: Extracting primitive: Cone.160
15:02:17 | INFO: Primitives created: 1
15:02:17 | INFO: Extracting primitive: Cone.161
15:02:17 | INFO: Primitives created: 1
15:02:17 | INFO: Finished glTF 2.0 export in 0.3699977397918701 s

LIGHTHOUSE CANDIDATE BUILT {"parts": 218, "vertices": 2476, "polygons": 1522, "height_m": 24.5, "base_width_m": 8.03, "production_modified": false, "scope": "Tower architecture study only; island, keeper houses, fog, beam and night not completed.", "materials": ["Clear slightly amber lantern glass", "Dark forged bronze", "Deep weathered gallery corbel stone", "Lamp core", "Limestone 0", "Limestone 1", "Limestone 2", "Limestone 3", "Material", "Oak door boards", "Oxidised terracotta roof", "Unlit window recess", "Weathered sandstone edges"]}
Blender 4.5.0 (hash 8cb6b388974a built 2025-07-15 01:36:24)

Blender quit
