Info: Saved as "lighthouse.blend"
INFO Draco mesh compression is available, use library at E:\FeiTing\.tools\blender\blender-4.5.0-windows-x64\4.5\scripts\addons_core\io_scene_gltf2\extern_draco.dll
14:58:23 | INFO: Starting glTF 2.0 export
14:58:23 | INFO: Extracting primitive: Cone
14:58:23 | INFO: Primitives created: 1
14:58:23 | INFO: Extracting primitive: Cone.001
14:58:23 | INFO: Primitives created: 1
14:58:23 | INFO: Extracting primitive: Stone opening course 0 facet 0
14:58:23 | INFO: Primitives created: 1
14:58:23 | INFO: Extracting primitive: Deep stone jamb 0 0
14:58:23 | INFO: Primitives created: 1
14:58:23 | INFO: Extracting primitive: Recessed oak door
14:58:23 | INFO: Primitives created: 1
14:58:23 | INFO: Extracting primitive: Cone.002
14:58:23 | INFO: Primitives created: 1
14:58:23 | INFO: Extracting primitive: Cone.003
14:58:23 | INFO: Primitives created: 1
14:58:23 | INFO: Extracting primitive: Cone.004
14:58:23 | INFO: Primitives created: 1
14:58:23 | INFO: Extracting primitive: Cone.005
14:58:23 | INFO: Primitives created: 1
14:58:23 | INFO: Extracting primitive: Cone.006
14:58:23 | INFO: Primitives created: 1
14:58:23 | INFO: Extracting primitive: Cone.007
14:58:23 | INFO: Primitives created: 1
14:58:23 | INFO: Extracting primitive: Cone.008
14:58:23 | INFO: Primitives created: 1
14:58:23 | INFO: Extracting primitive: Shaft course 0 facet 1
14:58:23 | INFO: Primitives created: 1
14:58:23 | INFO: Extracting primitive: Shaft course 0 facet 2
14:58:23 | INFO: Primitives created: 1
14:58:23 | INFO: Extracting primitive: Shaft course 0 facet 3
14:58:23 | INFO: Primitives created: 1
14:58:23 | INFO: Extracting primitive: Stone opening course 0 facet 4
14:58:23 | INFO: Primitives created: 1
14:58:23 | INFO: Extracting primitive: Deep stone jamb 0 4
14:58:23 | INFO: Primitives created: 1
14:58:23 | INFO: Extracting primitive: Dark slit interior 0 4
14:58:23 | INFO: Primitives created: 1
14:58:23 | INFO: Extracting primitive: Cone.009
14:58:23 | INFO: Primitives created: 1
14:58:23 | INFO: Extracting primitive: Shaft course 0 facet 5
14:58:23 | INFO: Primitives created: 1
14:58:23 | INFO: Extracting primitive: Shaft course 0 facet 6
14:58:23 | INFO: Primitives created: 1
14:58:23 | INFO: Extracting primitive: Shaft course 0 facet 7
14:58:23 | INFO: Primitives created: 1
14:58:23 | INFO: Extracting primitive: Shaft course 1 facet 0
14:58:23 | INFO: Primitives created: 1
14:58:23 | INFO: Extracting primitive: Shaft course 1 facet 1
14:58:23 | INFO: Primitives created: 1
14:58:23 | INFO: Extracting primitive: Shaft course 1 facet 2
14:58:23 | INFO: Primitives created: 1
14:58:23 | INFO: Extracting primitive: Stone opening course 1 facet 3
14:58:23 | INFO: Primitives created: 1
14:58:23 | INFO: Extracting primitive: Deep stone jamb 1 3
14:58:23 | INFO: Primitives created: 1
14:58:23 | INFO: Extracting primitive: Dark slit interior 1 3
14:58:23 | INFO: Primitives created: 1
14:58:23 | INFO: Extracting primitive: Cone.010
14:58:23 | INFO: Primitives created: 1
14:58:23 | INFO: Extracting primitive: Shaft course 1 facet 4
14:58:23 | INFO: Primitives created: 1
14:58:23 | INFO: Extracting primitive: Shaft course 1 facet 5
14:58:23 | INFO: Primitives created: 1
14:58:23 | INFO: Extracting primitive: Shaft course 1 facet 6
14:58:23 | INFO: Primitives created: 1
14:58:23 | INFO: Extracting primitive: Stone opening course 1 facet 7
14:58:23 | INFO: Primitives created: 1
14:58:23 | INFO: Extracting primitive: Deep stone jamb 1 7
14:58:23 | INFO: Primitives created: 1
14:58:23 | INFO: Extracting primitive: Dark slit interior 1 7
14:58:23 | INFO: Primitives created: 1
14:58:23 | INFO: Extracting primitive: Cone.011
14:58:23 | INFO: Primitives created: 1
14:58:23 | INFO: Extracting primitive: Shaft course 2 facet 0
14:58:23 | INFO: Primitives created: 1
14:58:23 | INFO: Extracting primitive: Shaft course 2 facet 1
14:58:23 | INFO: Primitives created: 1
14:58:23 | INFO: Extracting primitive: Stone opening course 2 facet 2
14:58:23 | INFO: Primitives created: 1
14:58:23 | INFO: Extracting primitive: Deep stone jamb 2 2
14:58:23 | INFO: Primitives created: 1
14:58:23 | INFO: Extracting primitive: Dark slit interior 2 2
14:58:23 | INFO: Primitives created: 1
14:58:23 | INFO: Extracting primitive: Cone.012
14:58:23 | INFO: Primitives created: 1
14:58:23 | INFO: Extracting primitive: Shaft course 2 facet 3
14:58:23 | INFO: Primitives created: 1
14:58:23 | INFO: Extracting primitive: Shaft course 2 facet 4
14:58:23 | INFO: Primitives created: 1
14:58:23 | INFO: Extracting primitive: Shaft course 2 facet 5
14:58:23 | INFO: Primitives created: 1
14:58:23 | INFO: Extracting primitive: Stone opening course 2 facet 6
14:58:23 | INFO: Primitives created: 1
14:58:23 | INFO: Extracting primitive: Deep stone jamb 2 6
14:58:23 | INFO: Primitives created: 1
14:58:23 | INFO: Extracting primitive: Dark slit interior 2 6
14:58:23 | INFO: Primitives created: 1
14:58:23 | INFO: Extracting primitive: Cone.013
14:58:23 | INFO: Primitives created: 1
14:58:23 | INFO: Extracting primitive: Shaft course 2 facet 7
14:58:23 | INFO: Primitives created: 1
14:58:23 | INFO: Extracting primitive: Shaft course 3 facet 0
14:58:23 | INFO: Primitives created: 1
14:58:23 | INFO: Extracting primitive: Stone opening course 3 facet 1
14:58:23 | INFO: Primitives created: 1
14:58:23 | INFO: Extracting primitive: Deep stone jamb 3 1
14:58:23 | INFO: Primitives created: 1
14:58:23 | INFO: Extracting primitive: Dark slit interior 3 1
14:58:23 | INFO: Primitives created: 1
14:58:23 | INFO: Extracting primitive: Cone.014
14:58:23 | INFO: Primitives created: 1
14:58:23 | INFO: Extracting primitive: Shaft course 3 facet 2
14:58:23 | INFO: Primitives created: 1
14:58:23 | INFO: Extracting primitive: Shaft course 3 facet 3
14:58:23 | INFO: Primitives created: 1
14:58:23 | INFO: Extracting primitive: Shaft course 3 facet 4
14:58:23 | INFO: Primitives created: 1
14:58:23 | INFO: Extracting primitive: Stone opening course 3 facet 5
14:58:23 | INFO: Primitives created: 1
14:58:23 | INFO: Extracting primitive: Deep stone jamb 3 5
14:58:23 | INFO: Primitives created: 1
14:58:23 | INFO: Extracting primitive: Dark slit interior 3 5
14:58:23 | INFO: Primitives created: 1
14:58:23 | INFO: Extracting primitive: Cone.015
14:58:23 | INFO: Primitives created: 1
14:58:23 | INFO: Extracting primitive: Shaft course 3 facet 6
14:58:23 | INFO: Primitives created: 1
14:58:23 | INFO: Extracting primitive: Shaft course 3 facet 7
14:58:23 | INFO: Primitives created: 1
14:58:23 | INFO: Extracting primitive: Cone.016
14:58:23 | INFO: Primitives created: 1
14:58:23 | INFO: Extracting primitive: Cone.017
14:58:23 | INFO: Primitives created: 1
14:58:23 | INFO: Extracting primitive: Cone.018
14:58:23 | INFO: Primitives created: 1
14:58:23 | INFO: Extracting primitive: Cone.019
14:58:23 | INFO: Primitives created: 1
14:58:23 | INFO: Extracting primitive: Cone.020
14:58:23 | INFO: Primitives created: 1
14:58:23 | INFO: Extracting primitive: Cone.021
14:58:23 | INFO: Primitives created: 1
14:58:23 | INFO: Extracting primitive: Cone.022
14:58:23 | INFO: Primitives created: 1
14:58:23 | INFO: Extracting primitive: Cone.023
14:58:23 | INFO: Primitives created: 1
14:58:23 | INFO: Extracting primitive: Cone.024
14:58:23 | INFO: Primitives created: 1
14:58:23 | INFO: Extracting primitive: Cone.025
14:58:23 | INFO: Primitives created: 1
14:58:23 | INFO: Extracting primitive: Cone.026
14:58:23 | INFO: Primitives created: 1
14:58:23 | INFO: Extracting primitive: Cone.027
14:58:23 | INFO: Primitives created: 1
14:58:23 | INFO: Extracting primitive: Cone.028
14:58:23 | INFO: Primitives created: 1
14:58:23 | INFO: Extracting primitive: Cone.029
14:58:23 | INFO: Primitives created: 1
14:58:23 | INFO: Extracting primitive: Cone.030
14:58:23 | INFO: Primitives created: 1
14:58:23 | INFO: Extracting primitive: Cone.031
14:58:23 | INFO: Primitives created: 1
14:58:23 | INFO: Extracting primitive: Cone.032
14:58:23 | INFO: Primitives created: 1
14:58:23 | INFO: Extracting primitive: Cone.033
14:58:23 | INFO: Primitives created: 1
14:58:23 | INFO: Extracting primitive: Cone.034
14:58:23 | INFO: Primitives created: 1
14:58:23 | INFO: Extracting primitive: Cone.035
14:58:23 | INFO: Primitives created: 1
14:58:23 | INFO: Extracting primitive: Cone.036
14:58:23 | INFO: Primitives created: 1
14:58:23 | INFO: Extracting primitive: Cone.037
14:58:23 | INFO: Primitives created: 1
14:58:23 | INFO: Extracting primitive: Cone.038
14:58:23 | INFO: Primitives created: 1
14:58:23 | INFO: Extracting primitive: Cone.039
14:58:23 | INFO: Primitives created: 1
14:58:23 | INFO: Extracting primitive: Cone.040
14:58:23 | INFO: Primitives created: 1
14:58:23 | INFO: Extracting primitive: Cone.041
14:58:23 | INFO: Primitives created: 1
14:58:23 | INFO: Extracting primitive: Cone.042
14:58:23 | INFO: Primitives created: 1
14:58:23 | INFO: Extracting primitive: Cone.043
14:58:23 | INFO: Primitives created: 1
14:58:23 | INFO: Extracting primitive: Cone.044
14:58:23 | INFO: Primitives created: 1
14:58:23 | INFO: Extracting primitive: Cone.045
14:58:23 | INFO: Primitives created: 1
14:58:23 | INFO: Extracting primitive: Cone.046
14:58:23 | INFO: Primitives created: 1
14:58:23 | INFO: Extracting primitive: Cone.047
14:58:23 | INFO: Primitives created: 1
14:58:23 | INFO: Extracting primitive: Cone.048
14:58:23 | INFO: Primitives created: 1
14:58:23 | INFO: Extracting primitive: Cone.049
14:58:23 | INFO: Primitives created: 1
14:58:23 | INFO: Extracting primitive: Cone.050
14:58:23 | INFO: Primitives created: 1
14:58:23 | INFO: Extracting primitive: Cone.051
14:58:23 | INFO: Primitives created: 1
14:58:23 | INFO: Extracting primitive: Cone.052
14:58:23 | INFO: Primitives created: 1
14:58:23 | INFO: Extracting primitive: Cone.053
14:58:23 | INFO: Primitives created: 1
14:58:23 | INFO: Extracting primitive: Cone.054
14:58:23 | INFO: Primitives created: 1
14:58:23 | INFO: Extracting primitive: Cone.055
14:58:23 | INFO: Primitives created: 1
14:58:23 | INFO: Extracting primitive: Cone.056
14:58:23 | INFO: Primitives created: 1
14:58:23 | INFO: Extracting primitive: Cone.057
14:58:23 | INFO: Primitives created: 1
14:58:23 | INFO: Extracting primitive: Cone.058
14:58:23 | INFO: Primitives created: 1
14:58:23 | INFO: Extracting primitive: Cone.059
14:58:23 | INFO: Primitives created: 1
14:58:23 | INFO: Extracting primitive: Cone.060
14:58:23 | INFO: Primitives created: 1
14:58:23 | INFO: Extracting primitive: Cone.061
14:58:23 | INFO: Primitives created: 1
14:58:23 | INFO: Extracting primitive: Cone.062
14:58:23 | INFO: Primitives created: 1
14:58:23 | INFO: Extracting primitive: Cone.063
14:58:23 | INFO: Primitives created: 1
14:58:23 | INFO: Extracting primitive: Cone.064
14:58:23 | INFO: Primitives created: 1
14:58:23 | INFO: Extracting primitive: Cone.065
14:58:23 | INFO: Primitives created: 1
14:58:23 | INFO: Extracting primitive: Cone.066
14:58:23 | INFO: Primitives created: 1
14:58:23 | INFO: Extracting primitive: Cone.067
14:58:23 | INFO: Primitives created: 1
14:58:23 | INFO: Extracting primitive: Cone.068
14:58:23 | INFO: Primitives created: 1
14:58:23 | INFO: Extracting primitive: Lantern glazed panel 0
14:58:23 | INFO: Primitives created: 1
14:58:23 | INFO: Extracting primitive: Cone.069
14:58:23 | INFO: Primitives created: 1
14:58:23 | INFO: Extracting primitive: Lantern glazed panel 1
14:58:23 | INFO: Primitives created: 1
14:58:23 | INFO: Extracting primitive: Cone.070
14:58:23 | INFO: Primitives created: 1
14:58:23 | INFO: Extracting primitive: Lantern glazed panel 2
14:58:23 | INFO: Primitives created: 1
14:58:23 | INFO: Extracting primitive: Cone.071
14:58:23 | INFO: Primitives created: 1
14:58:23 | INFO: Extracting primitive: Lantern glazed panel 3
14:58:23 | INFO: Primitives created: 1
14:58:23 | INFO: Extracting primitive: Cone.072
14:58:23 | INFO: Primitives created: 1
14:58:23 | INFO: Extracting primitive: Lantern glazed panel 4
14:58:23 | INFO: Primitives created: 1
14:58:23 | INFO: Extracting primitive: Cone.073
14:58:23 | INFO: Primitives created: 1
14:58:23 | INFO: Extracting primitive: Lantern glazed panel 5
14:58:23 | INFO: Primitives created: 1
14:58:23 | INFO: Extracting primitive: Cone.074
14:58:23 | INFO: Primitives created: 1
14:58:23 | INFO: Extracting primitive: Lantern glazed panel 6
14:58:23 | INFO: Primitives created: 1
14:58:23 | INFO: Extracting primitive: Cone.075
14:58:23 | INFO: Primitives created: 1
14:58:23 | INFO: Extracting primitive: Lantern glazed panel 7
14:58:23 | INFO: Primitives created: 1
14:58:23 | INFO: Extracting primitive: Cone.076
14:58:23 | INFO: Primitives created: 1
14:58:23 | INFO: Extracting primitive: Cone.077
14:58:23 | INFO: Primitives created: 1
14:58:23 | INFO: Extracting primitive: Cone.078
14:58:23 | INFO: Primitives created: 1
14:58:23 | INFO: Extracting primitive: Cone.079
14:58:23 | INFO: Primitives created: 1
14:58:23 | INFO: Extracting primitive: Cone.080
14:58:23 | INFO: Primitives created: 1
14:58:23 | INFO: Extracting primitive: Cone.081
14:58:23 | INFO: Primitives created: 1
14:58:23 | INFO: Extracting primitive: Cone.082
14:58:23 | INFO: Primitives created: 1
14:58:23 | INFO: Extracting primitive: Cone.083
14:58:23 | INFO: Primitives created: 1
14:58:23 | INFO: Extracting primitive: Cone.084
14:58:23 | INFO: Primitives created: 1
14:58:23 | INFO: Extracting primitive: Cone.085
14:58:23 | INFO: Primitives created: 1
14:58:23 | INFO: Extracting primitive: Cone.086
14:58:23 | INFO: Primitives created: 1
14:58:23 | INFO: Extracting primitive: Cone.087
14:58:23 | INFO: Primitives created: 1
14:58:23 | INFO: Extracting primitive: Cone.088
14:58:23 | INFO: Primitives created: 1
14:58:23 | INFO: Extracting primitive: Cone.089
14:58:23 | INFO: Primitives created: 1
14:58:23 | INFO: Extracting primitive: Cone.090
14:58:23 | INFO: Primitives created: 1
14:58:23 | INFO: Extracting primitive: Cone.091
14:58:23 | INFO: Primitives created: 1
14:58:23 | INFO: Extracting primitive: Cone.092
14:58:23 | INFO: Primitives created: 1
14:58:23 | INFO: Extracting primitive: Cone.093
14:58:23 | INFO: Primitives created: 1
14:58:23 | INFO: Extracting primitive: Cone.094
14:58:23 | INFO: Primitives created: 1
14:58:23 | INFO: Extracting primitive: Cone.095
14:58:23 | INFO: Primitives created: 1
14:58:23 | INFO: Extracting primitive: Cone.096
14:58:23 | INFO: Primitives created: 1
14:58:23 | INFO: Extracting primitive: Cone.097
14:58:23 | INFO: Primitives created: 1
14:58:23 | INFO: Extracting primitive: Cone.098
14:58:23 | INFO: Primitives created: 1
14:58:23 | INFO: Extracting primitive: Cone.099
14:58:23 | INFO: Primitives created: 1
14:58:23 | INFO: Extracting primitive: Cone.100
14:58:23 | INFO: Primitives created: 1
14:58:23 | INFO: Extracting primitive: Cone.101
14:58:23 | INFO: Primitives created: 1
14:58:23 | INFO: Extracting primitive: Cone.102
14:58:23 | INFO: Primitives created: 1
14:58:23 | INFO: Extracting primitive: Cone.103
14:58:23 | INFO: Primitives created: 1
14:58:23 | INFO: Extracting primitive: Cone.104
14:58:23 | INFO: Primitives created: 1
14:58:23 | INFO: Extracting primitive: Cone.105
14:58:23 | INFO: Primitives created: 1
14:58:23 | INFO: Extracting primitive: Cone.106
14:58:23 | INFO: Primitives created: 1
14:58:23 | INFO: Extracting primitive: Cone.107
14:58:23 | INFO: Primitives created: 1
14:58:23 | INFO: Extracting primitive: Cone.108
14:58:23 | INFO: Primitives created: 1
14:58:23 | INFO: Extracting primitive: Cone.109
14:58:23 | INFO: Primitives created: 1
14:58:23 | INFO: Extracting primitive: Cone.110
14:58:23 | INFO: Primitives created: 1
14:58:23 | INFO: Extracting primitive: Cone.111
14:58:23 | INFO: Primitives created: 1
14:58:23 | INFO: Extracting primitive: Cone.112
14:58:23 | INFO: Primitives created: 1
14:58:23 | INFO: Extracting primitive: Cone.113
14:58:23 | INFO: Primitives created: 1
14:58:23 | INFO: Extracting primitive: Cone.114
14:58:23 | INFO: Primitives created: 1
14:58:23 | INFO: Extracting primitive: Cone.115
14:58:23 | INFO: Primitives created: 1
14:58:23 | INFO: Extracting primitive: Cone.116
14:58:23 | INFO: Primitives created: 1
14:58:23 | INFO: Extracting primitive: Cone.117
14:58:23 | INFO: Primitives created: 1
14:58:23 | INFO: Extracting primitive: Cone.118
14:58:23 | INFO: Primitives created: 1
14:58:23 | INFO: Extracting primitive: Cone.119
14:58:23 | INFO: Primitives created: 1
14:58:23 | INFO: Extracting primitive: Cone.120
14:58:23 | INFO: Primitives created: 1
14:58:23 | INFO: Extracting primitive: Cone.121
14:58:23 | INFO: Primitives created: 1
14:58:23 | INFO: Extracting primitive: Cone.122
14:58:23 | INFO: Primitives created: 1
14:58:23 | INFO: Extracting primitive: Cone.123
14:58:23 | INFO: Primitives created: 1
14:58:23 | INFO: Extracting primitive: Cone.124
14:58:23 | INFO: Primitives created: 1
14:58:23 | INFO: Extracting primitive: Cone.125
14:58:23 | INFO: Primitives created: 1
14:58:23 | INFO: Extracting primitive: Cone.126
14:58:23 | INFO: Primitives created: 1
14:58:23 | INFO: Extracting primitive: Cone.127
14:58:23 | INFO: Primitives created: 1
14:58:23 | INFO: Extracting primitive: Cone.128
14:58:23 | INFO: Primitives created: 1
14:58:23 | INFO: Extracting primitive: Cone.129
14:58:23 | INFO: Primitives created: 1
14:58:23 | INFO: Extracting primitive: Cone.130
14:58:23 | INFO: Primitives created: 1
14:58:23 | INFO: Extracting primitive: Cone.131
14:58:23 | INFO: Primitives created: 1
14:58:23 | INFO: Extracting primitive: Cone.132
14:58:23 | INFO: Primitives created: 1
14:58:23 | INFO: Extracting primitive: Cone.133
14:58:23 | INFO: Primitives created: 1
14:58:23 | INFO: Extracting primitive: Cone.134
14:58:23 | INFO: Primitives created: 1
14:58:23 | INFO: Extracting primitive: Cone.135
14:58:23 | INFO: Primitives created: 1
14:58:23 | INFO: Extracting primitive: Cone.136
14:58:23 | INFO: Primitives created: 1
14:58:23 | INFO: Extracting primitive: Cone.137
14:58:23 | INFO: Primitives created: 1
14:58:23 | INFO: Extracting primitive: Cone.138
14:58:23 | INFO: Primitives created: 1
14:58:23 | INFO: Extracting primitive: Cone.139
14:58:23 | INFO: Primitives created: 1
14:58:23 | INFO: Extracting primitive: Cone.140
14:58:23 | INFO: Primitives created: 1
14:58:23 | INFO: Extracting primitive: Cone.141
14:58:23 | INFO: Primitives created: 1
14:58:23 | INFO: Extracting primitive: Cone.142
14:58:23 | INFO: Primitives created: 1
14:58:23 | INFO: Extracting primitive: Cone.143
14:58:23 | INFO: Primitives created: 1
14:58:23 | INFO: Extracting primitive: Cone.144
14:58:23 | INFO: Primitives created: 1
14:58:23 | INFO: Extracting primitive: Cone.145
14:58:23 | INFO: Primitives created: 1
14:58:23 | INFO: Extracting primitive: Cone.146
14:58:23 | INFO: Primitives created: 1
14:58:23 | INFO: Extracting primitive: Cone.147
14:58:23 | INFO: Primitives created: 1
14:58:23 | INFO: Extracting primitive: Cone.148
14:58:23 | INFO: Primitives created: 1
14:58:23 | INFO: Extracting primitive: Cone.149
14:58:23 | INFO: Primitives created: 1
14:58:23 | INFO: Extracting primitive: Cone.150
14:58:23 | INFO: Primitives created: 1
14:58:23 | INFO: Extracting primitive: Cone.151
14:58:23 | INFO: Primitives created: 1
14:58:23 | INFO: Extracting primitive: Cone.152
14:58:23 | INFO: Primitives created: 1
14:58:23 | INFO: Extracting primitive: Cone.153
14:58:23 | INFO: Primitives created: 1
14:58:23 | INFO: Extracting primitive: Cone.154
14:58:23 | INFO: Primitives created: 1
14:58:23 | INFO: Extracting primitive: Cone.155
14:58:23 | INFO: Primitives created: 1
14:58:23 | INFO: Extracting primitive: Cone.156
14:58:23 | INFO: Primitives created: 1
14:58:23 | INFO: Extracting primitive: Cone.157
14:58:23 | INFO: Primitives created: 1
14:58:23 | INFO: Extracting primitive: Cone.158
14:58:23 | INFO: Primitives created: 1
14:58:23 | INFO: Extracting primitive: Cone.159
14:58:23 | INFO: Primitives created: 1
14:58:23 | INFO: Extracting primitive: Cone.160
14:58:23 | INFO: Primitives created: 1
14:58:23 | INFO: Extracting primitive: Cone.161
14:58:23 | INFO: Primitives created: 1
14:58:23 | INFO: Finished glTF 2.0 export in 0.6656787395477295 s

LIGHTHOUSE CANDIDATE BUILT {"parts": 218, "vertices": 2476, "polygons": 1522, "height_m": 24.5, "base_width_m": 8.03, "production_modified": false, "scope": "Tower architecture study only; island, keeper houses, fog, beam and night not completed.", "materials": ["Clear slightly amber lantern glass", "Dark forged bronze", "Deep weathered gallery corbel stone", "Lamp core", "Limestone 0", "Limestone 1", "Limestone 2", "Limestone 3", "Material", "Oak door boards", "Oxidised terracotta roof", "Unlit window recess", "Weathered sandstone edges"]}
Blender 4.5.0 (hash 8cb6b388974a built 2025-07-15 01:36:24)

Blender quit
