[
  {
    "name": "Mainland headland continuous bedrock and grass terraces",
    "vertices": 8192,
    "triangles": 16380,
    "polygons": 16272,
    "volume_m3": 2902465.644601425,
    "nonmanifold_edges": 0,
    "bounds": [
      [
        -94.0,
        -190.0,
        -10.000030517578125
      ],
      [
        190.0,
        220.0,
        44.48181915283203
      ]
    ]
  },
  {
    "name": "Broad tidal buttress 0",
    "vertices": 9,
    "triangles": 14,
    "polygons": 14,
    "volume_m3": 2819.9629759156023,
    "nonmanifold_edges": 0,
    "bounds": [
      [
        -103.06004333496094,
        -96.75259399414062,
        -10.0
      ],
      [
        -82.69126892089844,
        -80.49176025390625,
        5.400000095367432
      ]
    ]
  },
  {
    "name": "Broad tidal buttress 1",
    "vertices": 9,
    "triangles": 14,
    "polygons": 14,
    "volume_m3": 3477.951545495364,
    "nonmanifold_edges": 0,
    "bounds": [
      [
        -103.03793334960938,
        -77.81405639648438,
        -10.0
      ],
      [
        -81.84867858886719,
        -53.436893463134766,
        5.800000190734863
      ]
    ]
  },
  {
    "name": "Broad tidal buttress 2",
    "vertices": 9,
    "triangles": 14,
    "polygons": 14,
    "volume_m3": 2924.397462671082,
    "nonmanifold_edges": 0,
    "bounds": [
      [
        -92.62588500976562,
        -52.31516647338867,
        -10.0
      ],
      [
        -69.22687530517578,
        -34.832366943359375,
        7.0
      ]
    ]
  },
  {
    "name": "Broad tidal buttress 3",
    "vertices": 9,
    "triangles": 14,
    "polygons": 14,
    "volume_m3": 2278.6039198911985,
    "nonmanifold_edges": 0,
    "bounds": [
      [
        -72.1126937866211,
        -32.07209396362305,
        -10.0
      ],
      [
        -48.21797561645508,
        -16.623083114624023,
        4.599999904632568
      ]
    ]
  },
  {
    "name": "Broad tidal buttress 4",
    "vertices": 9,
    "triangles": 14,
    "polygons": 14,
    "volume_m3": 1858.540633223194,
    "nonmanifold_edges": 0,
    "bounds": [
      [
        -31.704471588134766,
        -10.947064399719238,
        -10.0
      ],
      [
        -16.397918701171875,
        5.63516902923584,
        3.200000047683716
      ]
    ]
  },
  {
    "name": "Broad tidal buttress 5",
    "vertices": 9,
    "triangles": 14,
    "polygons": 14,
    "volume_m3": 1919.3317973797728,
    "nonmanifold_edges": 0,
    "bounds": [
      [
        -54.27169418334961,
        10.16242504119873,
        -10.0
      ],
      [
        -32.82672119140625,
        27.349885940551758,
        3.5999999046325684
      ]
    ]
  },
  {
    "name": "Broad tidal buttress 6",
    "vertices": 9,
    "triangles": 14,
    "polygons": 14,
    "volume_m3": 2067.962039737152,
    "nonmanifold_edges": 0,
    "bounds": [
      [
        -79.04790496826172,
        23.809612274169922,
        -10.0
      ],
      [
        -59.87266159057617,
        43.50880432128906,
        4.199999809265137
      ]
    ]
  },
  {
    "name": "Broad tidal buttress 7",
    "vertices": 9,
    "triangles": 14,
    "polygons": 14,
    "volume_m3": 2903.5202103561855,
    "nonmanifold_edges": 0,
    "bounds": [
      [
        -83.97900390625,
        44.7903938293457,
        -10.0
      ],
      [
        -66.98404693603516,
        63.53765869140625,
        4.900000095367432
      ]
    ]
  },
  {
    "name": "Broad tidal buttress 8",
    "vertices": 9,
    "triangles": 14,
    "polygons": 14,
    "volume_m3": 2854.7677406311777,
    "nonmanifold_edges": 0,
    "bounds": [
      [
        -68.34297180175781,
        67.27820587158203,
        -10.0
      ],
      [
        -46.54634094238281,
        86.11436462402344,
        7.400000095367432
      ]
    ]
  },
  {
    "name": "Broad tidal buttress 9",
    "vertices": 9,
    "triangles": 14,
    "polygons": 14,
    "volume_m3": 2271.6362851158146,
    "nonmanifold_edges": 0,
    "bounds": [
      [
        -54.77040100097656,
        100.45146179199219,
        -10.0
      ],
      [
        -36.87208938598633,
        118.5448989868164,
        5.5
      ]
    ]
  },
  {
    "name": "Broad tidal buttress 10",
    "vertices": 9,
    "triangles": 14,
    "polygons": 14,
    "volume_m3": 3237.728891545513,
    "nonmanifold_edges": 0,
    "bounds": [
      [
        -88.81355285644531,
        149.38172912597656,
        -10.0
      ],
      [
        -71.17174530029297,
        169.05345153808594,
        6.5
      ]
    ]
  }
]
Blender 4.5.0 (hash 8cb6b388974a built 2025-07-15 01:36:24)
Read blend: "E:\FeiTing\captures\village_grading_study_26b\mainland_headland.blend"

Blender quit
