INFO Draco mesh compression is available, use library at D:\test6\.tools\blender\blender-4.5.0-windows-x64\4.5\scripts\addons_core\io_scene_gltf2\extern_draco.dll
23:30:47 | INFO: Starting glTF 2.0 export
23:30:47 | INFO: Extracting primitive: cliff_crownGeometry
23:30:47 | INFO: Primitives created: 1
23:30:47 | INFO: Finished glTF 2.0 export in 0.05791783332824707 s

Info: Saved as "cliff_crown.blend"
CLOSED CLIFF MODULE cliff_crown 173 342 784689.552369391
23:30:47 | INFO: Starting glTF 2.0 export
23:30:47 | INFO: Extracting primitive: cliff_western_slabGeometry
23:30:47 | INFO: Primitives created: 1
23:30:47 | INFO: Finished glTF 2.0 export in 0.008183956146240234 s

Info: Saved as "cliff_western_slab.blend"
CLOSED CLIFF MODULE cliff_western_slab 155 306 577125.3279541284
23:30:47 | INFO: Starting glTF 2.0 export
23:30:47 | INFO: Extracting primitive: cliff_front_columnsGeometry
23:30:47 | INFO: Primitives created: 1
23:30:47 | INFO: Finished glTF 2.0 export in 0.008720874786376953 s

Info: Saved as "cliff_front_columns.blend"
CLOSED CLIFF MODULE cliff_front_columns 147 290 424364.8412288949
23:30:47 | INFO: Starting glTF 2.0 export
23:30:47 | INFO: Extracting primitive: cliff_eastern_plateauGeometry
23:30:47 | INFO: Primitives created: 1
23:30:47 | INFO: Finished glTF 2.0 export in 0.012965202331542969 s

Info: Saved as "cliff_eastern_plateau.blend"
CLOSED CLIFF MODULE cliff_eastern_plateau 184 364 822871.8638012423
23:30:47 | INFO: Starting glTF 2.0 export
23:30:47 | INFO: Extracting primitive: cliff_shadow_buttressGeometry
23:30:47 | INFO: Primitives created: 1
23:30:47 | INFO: Finished glTF 2.0 export in 0.007281064987182617 s

Info: Saved as "cliff_shadow_buttress.blend"
CLOSED CLIFF MODULE cliff_shadow_buttress 175 346 588333.6329304354
23:30:48 | INFO: Starting glTF 2.0 export
23:30:48 | INFO: Extracting primitive: cliff_central_wallGeometry
23:30:48 | INFO: Primitives created: 1
23:30:48 | INFO: Finished glTF 2.0 export in 0.0061724185943603516 s

Info: Saved as "cliff_central_wall.blend"
CLOSED CLIFF MODULE cliff_central_wall 159 314 482396.2706068876
23:30:48 | INFO: Starting glTF 2.0 export
23:30:48 | INFO: Extracting primitive: cliff_western_mesaGeometry
23:30:48 | INFO: Primitives created: 1
23:30:48 | INFO: Finished glTF 2.0 export in 0.008975505828857422 s

Info: Saved as "cliff_western_mesa.blend"
CLOSED CLIFF MODULE cliff_western_mesa 175 346 472191.3913328222
Blender 4.5.0 (hash 8cb6b388974a built 2025-07-15 01:36:24)

Blender quit
