INFO Draco mesh compression is available, use library at D:\test6\.tools\blender\blender-4.5.0-windows-x64\4.5\scripts\addons_core\io_scene_gltf2\extern_draco.dll
23:11:41 | INFO: Starting glTF 2.0 export
23:11:41 | INFO: Extracting primitive: cliff_crownGeometry
23:11:41 | INFO: Primitives created: 1
23:11:41 | INFO: Finished glTF 2.0 export in 0.04892325401306152 s

Info: Saved as "cliff_crown.blend"
CLOSED CLIFF MODULE cliff_crown 173 342 784689.552369391
23:11:41 | INFO: Starting glTF 2.0 export
23:11:41 | INFO: Extracting primitive: cliff_western_slabGeometry
23:11:41 | INFO: Primitives created: 1
23:11:41 | INFO: Finished glTF 2.0 export in 0.00659942626953125 s

Info: Saved as "cliff_western_slab.blend"
CLOSED CLIFF MODULE cliff_western_slab 155 306 577125.3279541284
23:11:42 | INFO: Starting glTF 2.0 export
23:11:42 | INFO: Extracting primitive: cliff_front_columnsGeometry
23:11:42 | INFO: Primitives created: 1
23:11:42 | INFO: Finished glTF 2.0 export in 0.007978677749633789 s

Info: Saved as "cliff_front_columns.blend"
CLOSED CLIFF MODULE cliff_front_columns 147 290 424364.8412288949
23:11:42 | INFO: Starting glTF 2.0 export
23:11:42 | INFO: Extracting primitive: cliff_eastern_plateauGeometry
23:11:42 | INFO: Primitives created: 1
23:11:42 | INFO: Finished glTF 2.0 export in 0.023227453231811523 s

Info: Saved as "cliff_eastern_plateau.blend"
CLOSED CLIFF MODULE cliff_eastern_plateau 184 364 822871.8638012423
23:11:42 | INFO: Starting glTF 2.0 export
23:11:42 | INFO: Extracting primitive: cliff_shadow_buttressGeometry
23:11:42 | INFO: Primitives created: 1
23:11:42 | INFO: Finished glTF 2.0 export in 0.005982875823974609 s

Info: Saved as "cliff_shadow_buttress.blend"
CLOSED CLIFF MODULE cliff_shadow_buttress 175 346 588333.6329304354
23:11:42 | INFO: Starting glTF 2.0 export
23:11:42 | INFO: Extracting primitive: cliff_central_wallGeometry
23:11:42 | INFO: Primitives created: 1
23:11:42 | INFO: Finished glTF 2.0 export in 0.007978677749633789 s

Info: Saved as "cliff_central_wall.blend"
CLOSED CLIFF MODULE cliff_central_wall 159 314 482396.2706068876
23:11:43 | INFO: Starting glTF 2.0 export
23:11:43 | INFO: Extracting primitive: cliff_western_mesaGeometry
23:11:43 | INFO: Primitives created: 1
23:11:44 | INFO: Finished glTF 2.0 export in 0.019950389862060547 s

Info: Saved as "cliff_western_mesa.blend"
CLOSED CLIFF MODULE cliff_western_mesa 175 346 498294.9673466996
Blender 4.5.0 (hash 8cb6b388974a built 2025-07-15 01:36:24)

Blender quit
