17:20:07 | INFO: Data are loaded, start creating Blender stuff
17:20:07 | INFO: Blender create Mesh node Ground_-6_-10Geometry
17:20:07 | INFO: Blender create Mesh node Ground_-5_-10Geometry
17:20:07 | INFO: Blender create Mesh node Ground_-4_-10Geometry
17:20:07 | INFO: Blender create Mesh node Ground_-3_-10Geometry
17:20:07 | INFO: Blender create Mesh node Ground_-2_-10Geometry
17:20:07 | INFO: Blender create Mesh node Ground_-1_-10Geometry
17:20:07 | INFO: Blender create Mesh node Ground_0_-10Geometry
17:20:07 | INFO: Blender create Mesh node Ground_1_-10Geometry
17:20:07 | INFO: Blender create Mesh node Ground_2_-10Geometry
17:20:07 | INFO: Blender create Mesh node Ground_3_-10Geometry
17:20:07 | INFO: Blender create Mesh node Ground_4_-10Geometry
17:20:07 | INFO: Blender create Mesh node Ground_5_-10Geometry
17:20:07 | INFO: Blender create Mesh node Ground_6_-10Geometry
17:20:07 | INFO: Blender create Mesh node Ground_-6_-9Geometry
17:20:07 | INFO: Blender create Mesh node Ground_-5_-9Geometry
17:20:07 | INFO: Blender create Mesh node Ground_-4_-9Geometry
17:20:07 | INFO: Blender create Mesh node Ground_-3_-9Geometry
17:20:07 | INFO: Blender create Mesh node Ground_-2_-9Geometry
17:20:07 | INFO: Blender create Mesh node Ground_-1_-9Geometry
17:20:07 | INFO: Blender create Mesh node Ground_0_-9Geometry
17:20:07 | INFO: Blender create Mesh node Ground_1_-9Geometry
17:20:07 | INFO: Blender create Mesh node Ground_2_-9Geometry
17:20:07 | INFO: Blender create Mesh node Ground_3_-9Geometry
17:20:07 | INFO: Blender create Mesh node Ground_4_-9Geometry
17:20:07 | INFO: Blender create Mesh node Ground_5_-9Geometry
17:20:07 | INFO: Blender create Mesh node Ground_6_-9Geometry
17:20:07 | INFO: Blender create Mesh node Ground_-6_-8Geometry
17:20:07 | INFO: Blender create Mesh node Ground_-5_-8Geometry
17:20:07 | INFO: Blender create Mesh node Ground_-4_-8Geometry
17:20:07 | INFO: Blender create Mesh node Ground_-3_-8Geometry
17:20:07 | INFO: Blender create Mesh node Ground_-2_-8Geometry
17:20:07 | INFO: Blender create Mesh node Ground_-1_-8Geometry
17:20:07 | INFO: Blender create Mesh node Ground_0_-8Geometry
17:20:07 | INFO: Blender create Mesh node Ground_1_-8Geometry
17:20:07 | INFO: Blender create Mesh node Ground_2_-8Geometry
17:20:07 | INFO: Blender create Mesh node Ground_3_-8Geometry
17:20:07 | INFO: Blender create Mesh node Ground_4_-8Geometry
17:20:07 | INFO: Blender create Mesh node Ground_5_-8Geometry
17:20:07 | INFO: Blender create Mesh node Ground_6_-8Geometry
17:20:07 | INFO: Blender create Mesh node Ground_-6_-7Geometry
17:20:07 | INFO: Blender create Mesh node Ground_-5_-7Geometry
17:20:07 | INFO: Blender create Mesh node Ground_-4_-7Geometry
17:20:07 | INFO: Blender create Mesh node Ground_-3_-7Geometry
17:20:07 | INFO: Blender create Mesh node Ground_-2_-7Geometry
17:20:07 | INFO: Blender create Mesh node Ground_-1_-7Geometry
17:20:07 | INFO: Blender create Mesh node Ground_0_-7Geometry
17:20:07 | INFO: Blender create Mesh node Ground_1_-7Geometry
17:20:07 | INFO: Blender create Mesh node Ground_2_-7Geometry
17:20:07 | INFO: Blender create Mesh node Ground_3_-7Geometry
17:20:07 | INFO: Blender create Mesh node Ground_4_-7Geometry
17:20:07 | INFO: Blender create Mesh node Ground_5_-7Geometry
17:20:07 | INFO: Blender create Mesh node Ground_6_-7Geometry
17:20:07 | INFO: Blender create Mesh node Ground_-6_-6Geometry
17:20:07 | INFO: Blender create Mesh node Ground_-5_-6Geometry
17:20:07 | INFO: Blender create Mesh node Ground_-4_-6Geometry
17:20:07 | INFO: Blender create Mesh node Ground_-3_-6Geometry
17:20:07 | INFO: Blender create Mesh node Ground_-2_-6Geometry
17:20:07 | INFO: Blender create Mesh node Ground_-1_-6Geometry
17:20:07 | INFO: Blender create Mesh node Ground_0_-6Geometry
17:20:07 | INFO: Blender create Mesh node Ground_1_-6Geometry
17:20:07 | INFO: Blender create Mesh node Ground_2_-6Geometry
17:20:07 | INFO: Blender create Mesh node Ground_3_-6Geometry
17:20:07 | INFO: Blender create Mesh node Ground_4_-6Geometry
17:20:07 | INFO: Blender create Mesh node Ground_5_-6Geometry
17:20:07 | INFO: Blender create Mesh node Ground_6_-6Geometry
17:20:07 | INFO: Blender create Mesh node Ground_-6_-5Geometry
17:20:08 | INFO: Blender create Mesh node Ground_-5_-5Geometry
17:20:08 | INFO: Blender create Mesh node Ground_-4_-5Geometry
17:20:08 | INFO: Blender create Mesh node Ground_-3_-5Geometry
17:20:08 | INFO: Blender create Mesh node Ground_-2_-5Geometry
17:20:08 | INFO: Blender create Mesh node Ground_-1_-5Geometry
17:20:08 | INFO: Blender create Mesh node Ground_0_-5Geometry
17:20:08 | INFO: Blender create Mesh node Ground_1_-5Geometry
17:20:08 | INFO: Blender create Mesh node Ground_2_-5Geometry
17:20:08 | INFO: Blender create Mesh node Ground_3_-5Geometry
17:20:08 | INFO: Blender create Mesh node Ground_4_-5Geometry
17:20:08 | INFO: Blender create Mesh node Ground_5_-5Geometry
17:20:08 | INFO: Blender create Mesh node Ground_6_-5Geometry
17:20:08 | INFO: Blender create Mesh node Ground_-6_-4Geometry
17:20:08 | INFO: Blender create Mesh node Ground_-5_-4Geometry
17:20:08 | INFO: Blender create Mesh node Ground_-4_-4Geometry
17:20:08 | INFO: Blender create Mesh node Ground_-3_-4Geometry
17:20:08 | INFO: Blender create Mesh node Ground_-2_-4Geometry
17:20:08 | INFO: Blender create Mesh node Ground_-1_-4Geometry
17:20:08 | INFO: Blender create Mesh node Ground_0_-4Geometry
17:20:08 | INFO: Blender create Mesh node Ground_1_-4Geometry
17:20:08 | INFO: Blender create Mesh node Ground_2_-4Geometry
17:20:08 | INFO: Blender create Mesh node Ground_3_-4Geometry
17:20:08 | INFO: Blender create Mesh node Ground_4_-4Geometry
17:20:08 | INFO: Blender create Mesh node Ground_5_-4Geometry
17:20:08 | INFO: Blender create Mesh node Ground_6_-4Geometry
17:20:08 | INFO: Blender create Mesh node Ground_-6_-3Geometry
17:20:08 | INFO: Blender create Mesh node Ground_-5_-3Geometry
17:20:08 | INFO: Blender create Mesh node Ground_-4_-3Geometry
17:20:08 | INFO: Blender create Mesh node Ground_-3_-3Geometry
17:20:08 | INFO: Blender create Mesh node Ground_-2_-3Geometry
17:20:08 | INFO: Blender create Mesh node Ground_-1_-3Geometry
17:20:08 | INFO: Blender create Mesh node Ground_0_-3Geometry
17:20:08 | INFO: Blender create Mesh node Ground_1_-3Geometry
17:20:08 | INFO: Blender create Mesh node Ground_2_-3Geometry
17:20:08 | INFO: Blender create Mesh node Ground_3_-3Geometry
17:20:08 | INFO: Blender create Mesh node Ground_4_-3Geometry
17:20:08 | INFO: Blender create Mesh node Ground_5_-3Geometry
17:20:08 | INFO: Blender create Mesh node Ground_6_-3Geometry
17:20:08 | INFO: Blender create Mesh node Ground_-6_-2Geometry
17:20:08 | INFO: Blender create Mesh node Ground_-5_-2Geometry
17:20:08 | INFO: Blender create Mesh node Ground_-4_-2Geometry
17:20:08 | INFO: Blender create Mesh node Ground_-3_-2Geometry
17:20:08 | INFO: Blender create Mesh node Ground_-2_-2Geometry
17:20:08 | INFO: Blender create Mesh node Ground_-1_-2Geometry
17:20:08 | INFO: Blender create Mesh node Ground_0_-2Geometry
17:20:08 | INFO: Blender create Mesh node Ground_1_-2Geometry
17:20:08 | INFO: Blender create Mesh node Ground_2_-2Geometry
17:20:08 | INFO: Blender create Mesh node Ground_3_-2Geometry
17:20:08 | INFO: Blender create Mesh node Ground_4_-2Geometry
17:20:08 | INFO: Blender create Mesh node Ground_5_-2Geometry
17:20:08 | INFO: Blender create Mesh node Ground_6_-2Geometry
17:20:08 | INFO: Blender create Mesh node Ground_-6_-1Geometry
17:20:08 | INFO: Blender create Mesh node Ground_-5_-1Geometry
17:20:08 | INFO: Blender create Mesh node Ground_-4_-1Geometry
17:20:08 | INFO: Blender create Mesh node Ground_-3_-1Geometry
17:20:08 | INFO: Blender create Mesh node Ground_-2_-1Geometry
17:20:08 | INFO: Blender create Mesh node Ground_-1_-1Geometry
17:20:08 | INFO: Blender create Mesh node Ground_0_-1Geometry
17:20:09 | INFO: Blender create Mesh node Ground_1_-1Geometry
17:20:09 | INFO: Blender create Mesh node Ground_2_-1Geometry
17:20:09 | INFO: Blender create Mesh node Ground_3_-1Geometry
17:20:09 | INFO: Blender create Mesh node Ground_4_-1Geometry
17:20:09 | INFO: Blender create Mesh node Ground_5_-1Geometry
17:20:09 | INFO: Blender create Mesh node Ground_6_-1Geometry
17:20:09 | INFO: Blender create Mesh node Ground_-6_0Geometry
17:20:09 | INFO: Blender create Mesh node Ground_-5_0Geometry
17:20:09 | INFO: Blender create Mesh node Ground_-4_0Geometry
17:20:09 | INFO: Blender create Mesh node Ground_-3_0Geometry
17:20:09 | INFO: Blender create Mesh node Ground_-2_0Geometry
17:20:09 | INFO: Blender create Mesh node Ground_-1_0Geometry
17:20:09 | INFO: Blender create Mesh node Ground_0_0Geometry
17:20:09 | INFO: Blender create Mesh node Ground_1_0Geometry
17:20:09 | INFO: Blender create Mesh node Ground_2_0Geometry
17:20:09 | INFO: Blender create Mesh node Ground_3_0Geometry
17:20:09 | INFO: Blender create Mesh node Ground_4_0Geometry
17:20:09 | INFO: Blender create Mesh node Ground_5_0Geometry
17:20:09 | INFO: Blender create Mesh node Ground_6_0Geometry
17:20:09 | INFO: Blender create Mesh node Ground_-6_1Geometry
17:20:09 | INFO: Blender create Mesh node Ground_-5_1Geometry
17:20:09 | INFO: Blender create Mesh node Ground_-4_1Geometry
17:20:09 | INFO: Blender create Mesh node Ground_-3_1Geometry
17:20:09 | INFO: Blender create Mesh node Ground_-2_1Geometry
17:20:09 | INFO: Blender create Mesh node Ground_-1_1Geometry
17:20:09 | INFO: Blender create Mesh node Ground_0_1Geometry
17:20:09 | INFO: Blender create Mesh node Ground_1_1Geometry
17:20:09 | INFO: Blender create Mesh node Ground_2_1Geometry
17:20:09 | INFO: Blender create Mesh node Ground_3_1Geometry
17:20:09 | INFO: Blender create Mesh node Ground_4_1Geometry
17:20:09 | INFO: Blender create Mesh node Ground_5_1Geometry
17:20:09 | INFO: Blender create Mesh node Ground_6_1Geometry
17:20:09 | INFO: Blender create Mesh node Ground_-6_2Geometry
17:20:09 | INFO: Blender create Mesh node Ground_-5_2Geometry
17:20:09 | INFO: Blender create Mesh node Ground_-4_2Geometry
17:20:09 | INFO: Blender create Mesh node Ground_-3_2Geometry
17:20:09 | INFO: Blender create Mesh node Ground_-2_2Geometry
17:20:09 | INFO: Blender create Mesh node Ground_-1_2Geometry
17:20:09 | INFO: Blender create Mesh node Ground_0_2Geometry
17:20:09 | INFO: Blender create Mesh node Ground_1_2Geometry
17:20:09 | INFO: Blender create Mesh node Ground_2_2Geometry
17:20:09 | INFO: Blender create Mesh node Ground_3_2Geometry
17:20:09 | INFO: Blender create Mesh node Ground_4_2Geometry
17:20:09 | INFO: Blender create Mesh node Ground_5_2Geometry
17:20:09 | INFO: Blender create Mesh node Ground_6_2Geometry
17:20:09 | INFO: Blender create Mesh node Ground_-6_3Geometry
17:20:09 | INFO: Blender create Mesh node Ground_-5_3Geometry
17:20:09 | INFO: Blender create Mesh node Ground_-4_3Geometry
17:20:09 | INFO: Blender create Mesh node Ground_-3_3Geometry
17:20:09 | INFO: Blender create Mesh node Ground_-2_3Geometry
17:20:09 | INFO: Blender create Mesh node Ground_-1_3Geometry
17:20:09 | INFO: Blender create Mesh node Ground_0_3Geometry
17:20:09 | INFO: Blender create Mesh node Ground_1_3Geometry
17:20:09 | INFO: Blender create Mesh node Ground_2_3Geometry
17:20:09 | INFO: Blender create Mesh node Ground_3_3Geometry
17:20:09 | INFO: Blender create Mesh node Ground_4_3Geometry
17:20:09 | INFO: Blender create Mesh node Ground_5_3Geometry
17:20:09 | INFO: Blender create Mesh node Ground_6_3Geometry
17:20:09 | INFO: Blender create Mesh node Ground_-6_4Geometry
17:20:09 | INFO: Blender create Mesh node Ground_-5_4Geometry
17:20:09 | INFO: Blender create Mesh node Ground_-4_4Geometry
17:20:09 | INFO: Blender create Mesh node Ground_-3_4Geometry
17:20:09 | INFO: Blender create Mesh node Ground_-2_4Geometry
17:20:09 | INFO: Blender create Mesh node Ground_-1_4Geometry
17:20:09 | INFO: Blender create Mesh node Ground_0_4Geometry
17:20:09 | INFO: Blender create Mesh node Ground_1_4Geometry
17:20:09 | INFO: Blender create Mesh node Ground_2_4Geometry
17:20:09 | INFO: Blender create Mesh node Ground_3_4Geometry
17:20:10 | INFO: Blender create Mesh node Ground_4_4Geometry
17:20:10 | INFO: Blender create Mesh node Ground_5_4Geometry
17:20:10 | INFO: Blender create Mesh node Ground_6_4Geometry
17:20:10 | INFO: Blender create Mesh node Ground_-6_5Geometry
17:20:10 | INFO: Blender create Mesh node Ground_-5_5Geometry
17:20:10 | INFO: Blender create Mesh node Ground_-4_5Geometry
17:20:10 | INFO: Blender create Mesh node Ground_-3_5Geometry
17:20:10 | INFO: Blender create Mesh node Ground_-2_5Geometry
17:20:10 | INFO: Blender create Mesh node Ground_-1_5Geometry
17:20:10 | INFO: Blender create Mesh node Ground_0_5Geometry
17:20:10 | INFO: Blender create Mesh node Ground_1_5Geometry
17:20:10 | INFO: Blender create Mesh node Ground_2_5Geometry
17:20:10 | INFO: Blender create Mesh node Ground_3_5Geometry
17:20:10 | INFO: Blender create Mesh node Ground_4_5Geometry
17:20:10 | INFO: Blender create Mesh node Ground_5_5Geometry
17:20:10 | INFO: Blender create Mesh node Ground_6_5Geometry
17:20:10 | INFO: Blender create Mesh node RoadsGeometry
17:20:10 | INFO: Blender create Mesh node Field_0Geometry
17:20:10 | INFO: Blender create Mesh node Field_1Geometry
17:20:10 | INFO: Blender create Mesh node Field_2Geometry
17:20:10 | INFO: Blender create Mesh node Field_3Geometry
17:20:10 | INFO: Blender create Mesh node Field_4Geometry
17:20:10 | INFO: Blender create Mesh node Field_5Geometry
17:20:10 | INFO: Blender create Mesh node Field_6Geometry
17:20:10 | INFO: Blender create Mesh node Field_7Geometry
17:20:10 | INFO: Blender create Mesh node Field_8Geometry
17:20:10 | INFO: Blender create Mesh node Field_9Geometry
17:20:10 | INFO: Blender create Mesh node Field_10Geometry
17:20:10 | INFO: Blender create Mesh node Field_11Geometry
17:20:10 | INFO: glTF import finished in 3.31s
INFO Draco mesh compression is available, use library at D:\test6\.tools\blender\blender-4.5.0-windows-x64\4.5\scripts\addons_core\io_scene_gltf2\extern_draco.dll
17:20:10 | INFO: Starting glTF 2.0 export
17:20:10 | INFO: Extracting primitive: Ground_-6_-10Geometry
17:20:10 | INFO: Primitives created: 1
17:20:10 | INFO: Finished glTF 2.0 export in 0.02792501449584961 s

EXPORTED MODULE 0 / 221
17:20:10 | INFO: Starting glTF 2.0 export
17:20:10 | INFO: Extracting primitive: Ground_-5_-10Geometry
17:20:10 | INFO: Primitives created: 1
17:20:10 | INFO: Finished glTF 2.0 export in 0.018210411071777344 s

17:20:10 | INFO: Starting glTF 2.0 export
17:20:10 | INFO: Extracting primitive: Ground_-4_-10Geometry
17:20:10 | INFO: Primitives created: 1
17:20:10 | INFO: Finished glTF 2.0 export in 0.02000117301940918 s

17:20:10 | INFO: Starting glTF 2.0 export
17:20:10 | INFO: Extracting primitive: Ground_-3_-10Geometry
17:20:10 | INFO: Primitives created: 1
17:20:10 | INFO: Finished glTF 2.0 export in 0.01821756362915039 s

17:20:10 | INFO: Starting glTF 2.0 export
17:20:10 | INFO: Extracting primitive: Ground_-2_-10Geometry
17:20:10 | INFO: Primitives created: 1
17:20:10 | INFO: Finished glTF 2.0 export in 0.016988754272460938 s

17:20:10 | INFO: Starting glTF 2.0 export
17:20:10 | INFO: Extracting primitive: Ground_-1_-10Geometry
17:20:10 | INFO: Primitives created: 1
17:20:10 | INFO: Finished glTF 2.0 export in 0.03020024299621582 s

17:20:10 | INFO: Starting glTF 2.0 export
17:20:10 | INFO: Extracting primitive: Ground_0_-10Geometry
17:20:10 | INFO: Primitives created: 1
17:20:10 | INFO: Finished glTF 2.0 export in 0.024504423141479492 s

17:20:10 | INFO: Starting glTF 2.0 export
17:20:10 | INFO: Extracting primitive: Ground_1_-10Geometry
17:20:10 | INFO: Primitives created: 1
17:20:10 | INFO: Finished glTF 2.0 export in 0.024161338806152344 s

17:20:10 | INFO: Starting glTF 2.0 export
17:20:10 | INFO: Extracting primitive: Ground_2_-10Geometry
17:20:10 | INFO: Primitives created: 1
17:20:10 | INFO: Finished glTF 2.0 export in 0.026631832122802734 s

17:20:10 | INFO: Starting glTF 2.0 export
17:20:10 | INFO: Extracting primitive: Ground_3_-10Geometry
17:20:10 | INFO: Primitives created: 1
17:20:10 | INFO: Finished glTF 2.0 export in 0.02294015884399414 s

17:20:10 | INFO: Starting glTF 2.0 export
17:20:10 | INFO: Extracting primitive: Ground_4_-10Geometry
17:20:10 | INFO: Primitives created: 1
17:20:10 | INFO: Finished glTF 2.0 export in 0.019943714141845703 s

17:20:10 | INFO: Starting glTF 2.0 export
17:20:10 | INFO: Extracting primitive: Ground_5_-10Geometry
17:20:10 | INFO: Primitives created: 1
17:20:10 | INFO: Finished glTF 2.0 export in 0.030707597732543945 s

17:20:10 | INFO: Starting glTF 2.0 export
17:20:10 | INFO: Extracting primitive: Ground_6_-10Geometry
17:20:10 | INFO: Primitives created: 1
17:20:10 | INFO: Finished glTF 2.0 export in 0.019013166427612305 s

17:20:10 | INFO: Starting glTF 2.0 export
17:20:10 | INFO: Extracting primitive: Ground_-6_-9Geometry
17:20:10 | INFO: Primitives created: 1
17:20:10 | INFO: Finished glTF 2.0 export in 0.025444507598876953 s

17:20:10 | INFO: Starting glTF 2.0 export
17:20:10 | INFO: Extracting primitive: Ground_-5_-9Geometry
17:20:10 | INFO: Primitives created: 1
17:20:10 | INFO: Finished glTF 2.0 export in 0.02045583724975586 s

17:20:10 | INFO: Starting glTF 2.0 export
17:20:10 | INFO: Extracting primitive: Ground_-4_-9Geometry
17:20:10 | INFO: Primitives created: 1
17:20:10 | INFO: Finished glTF 2.0 export in 0.022413015365600586 s

17:20:10 | INFO: Starting glTF 2.0 export
17:20:10 | INFO: Extracting primitive: Ground_-3_-9Geometry
17:20:10 | INFO: Primitives created: 1
17:20:10 | INFO: Finished glTF 2.0 export in 0.017358779907226562 s

17:20:11 | INFO: Starting glTF 2.0 export
17:20:11 | INFO: Extracting primitive: Ground_-2_-9Geometry
17:20:11 | INFO: Primitives created: 1
17:20:11 | INFO: Finished glTF 2.0 export in 0.020933866500854492 s

17:20:11 | INFO: Starting glTF 2.0 export
17:20:11 | INFO: Extracting primitive: Ground_-1_-9Geometry
17:20:11 | INFO: Primitives created: 1
17:20:11 | INFO: Finished glTF 2.0 export in 0.018244504928588867 s

17:20:11 | INFO: Starting glTF 2.0 export
17:20:11 | INFO: Extracting primitive: Ground_0_-9Geometry
17:20:11 | INFO: Primitives created: 1
17:20:11 | INFO: Finished glTF 2.0 export in 0.020975828170776367 s

17:20:11 | INFO: Starting glTF 2.0 export
17:20:11 | INFO: Extracting primitive: Ground_1_-9Geometry
17:20:11 | INFO: Primitives created: 1
17:20:11 | INFO: Finished glTF 2.0 export in 0.026502609252929688 s

17:20:11 | INFO: Starting glTF 2.0 export
17:20:11 | INFO: Extracting primitive: Ground_2_-9Geometry
17:20:11 | INFO: Primitives created: 1
17:20:11 | INFO: Finished glTF 2.0 export in 0.021799564361572266 s

17:20:11 | INFO: Starting glTF 2.0 export
17:20:11 | INFO: Extracting primitive: Ground_3_-9Geometry
17:20:11 | INFO: Primitives created: 1
17:20:11 | INFO: Finished glTF 2.0 export in 0.025252819061279297 s

17:20:11 | INFO: Starting glTF 2.0 export
17:20:11 | INFO: Extracting primitive: Ground_4_-9Geometry
17:20:11 | INFO: Primitives created: 1
17:20:11 | INFO: Finished glTF 2.0 export in 0.029398441314697266 s

17:20:11 | INFO: Starting glTF 2.0 export
17:20:11 | INFO: Extracting primitive: Ground_5_-9Geometry
17:20:11 | INFO: Primitives created: 1
17:20:11 | INFO: Finished glTF 2.0 export in 0.030895471572875977 s

17:20:11 | INFO: Starting glTF 2.0 export
17:20:11 | INFO: Extracting primitive: Ground_6_-9Geometry
17:20:11 | INFO: Primitives created: 1
17:20:11 | INFO: Finished glTF 2.0 export in 0.021159887313842773 s

17:20:11 | INFO: Starting glTF 2.0 export
17:20:11 | INFO: Extracting primitive: Ground_-6_-8Geometry
17:20:11 | INFO: Primitives created: 1
17:20:11 | INFO: Finished glTF 2.0 export in 0.01804041862487793 s

17:20:11 | INFO: Starting glTF 2.0 export
17:20:11 | INFO: Extracting primitive: Ground_-5_-8Geometry
17:20:11 | INFO: Primitives created: 1
17:20:11 | INFO: Finished glTF 2.0 export in 0.01746392250061035 s

17:20:11 | INFO: Starting glTF 2.0 export
17:20:11 | INFO: Extracting primitive: Ground_-4_-8Geometry
17:20:11 | INFO: Primitives created: 1
17:20:11 | INFO: Finished glTF 2.0 export in 0.030270099639892578 s

17:20:11 | INFO: Starting glTF 2.0 export
17:20:11 | INFO: Extracting primitive: Ground_-3_-8Geometry
17:20:11 | INFO: Primitives created: 1
17:20:11 | INFO: Finished glTF 2.0 export in 0.018949270248413086 s

17:20:11 | INFO: Starting glTF 2.0 export
17:20:11 | INFO: Extracting primitive: Ground_-2_-8Geometry
17:20:11 | INFO: Primitives created: 1
17:20:11 | INFO: Finished glTF 2.0 export in 0.020338058471679688 s

17:20:11 | INFO: Starting glTF 2.0 export
17:20:11 | INFO: Extracting primitive: Ground_-1_-8Geometry
17:20:11 | INFO: Primitives created: 1
17:20:11 | INFO: Finished glTF 2.0 export in 0.02494025230407715 s

17:20:11 | INFO: Starting glTF 2.0 export
17:20:11 | INFO: Extracting primitive: Ground_0_-8Geometry
17:20:11 | INFO: Primitives created: 1
17:20:11 | INFO: Finished glTF 2.0 export in 0.02554154396057129 s

EXPORTED MODULE 32 / 221
17:20:11 | INFO: Starting glTF 2.0 export
17:20:11 | INFO: Extracting primitive: Ground_1_-8Geometry
17:20:11 | INFO: Primitives created: 1
17:20:11 | INFO: Finished glTF 2.0 export in 0.028708934783935547 s

17:20:11 | INFO: Starting glTF 2.0 export
17:20:11 | INFO: Extracting primitive: Ground_2_-8Geometry
17:20:11 | INFO: Primitives created: 1
17:20:11 | INFO: Finished glTF 2.0 export in 0.035924673080444336 s

17:20:11 | INFO: Starting glTF 2.0 export
17:20:11 | INFO: Extracting primitive: Ground_3_-8Geometry
17:20:11 | INFO: Primitives created: 1
17:20:11 | INFO: Finished glTF 2.0 export in 0.027515649795532227 s

17:20:11 | INFO: Starting glTF 2.0 export
17:20:11 | INFO: Extracting primitive: Ground_4_-8Geometry
17:20:11 | INFO: Primitives created: 1
17:20:11 | INFO: Finished glTF 2.0 export in 0.026837825775146484 s

17:20:11 | INFO: Starting glTF 2.0 export
17:20:11 | INFO: Extracting primitive: Ground_5_-8Geometry
17:20:11 | INFO: Primitives created: 1
17:20:11 | INFO: Finished glTF 2.0 export in 0.09275341033935547 s

17:20:11 | INFO: Starting glTF 2.0 export
17:20:11 | INFO: Extracting primitive: Ground_6_-8Geometry
17:20:11 | INFO: Primitives created: 1
17:20:11 | INFO: Finished glTF 2.0 export in 0.023832082748413086 s

17:20:11 | INFO: Starting glTF 2.0 export
17:20:11 | INFO: Extracting primitive: Ground_-6_-7Geometry
17:20:11 | INFO: Primitives created: 1
17:20:11 | INFO: Finished glTF 2.0 export in 0.02763986587524414 s

17:20:11 | INFO: Starting glTF 2.0 export
17:20:11 | INFO: Extracting primitive: Ground_-5_-7Geometry
17:20:11 | INFO: Primitives created: 1
17:20:11 | INFO: Finished glTF 2.0 export in 0.028927087783813477 s

17:20:11 | INFO: Starting glTF 2.0 export
17:20:11 | INFO: Extracting primitive: Ground_-4_-7Geometry
17:20:11 | INFO: Primitives created: 1
17:20:11 | INFO: Finished glTF 2.0 export in 0.022691726684570312 s

17:20:11 | INFO: Starting glTF 2.0 export
17:20:12 | INFO: Extracting primitive: Ground_-3_-7Geometry
17:20:12 | INFO: Primitives created: 1
17:20:12 | INFO: Finished glTF 2.0 export in 0.035954952239990234 s

17:20:12 | INFO: Starting glTF 2.0 export
17:20:12 | INFO: Extracting primitive: Ground_-2_-7Geometry
17:20:12 | INFO: Primitives created: 1
17:20:12 | INFO: Finished glTF 2.0 export in 0.02145695686340332 s

17:20:12 | INFO: Starting glTF 2.0 export
17:20:12 | INFO: Extracting primitive: Ground_-1_-7Geometry
17:20:12 | INFO: Primitives created: 1
17:20:12 | INFO: Finished glTF 2.0 export in 0.028933286666870117 s

17:20:12 | INFO: Starting glTF 2.0 export
17:20:12 | INFO: Extracting primitive: Ground_0_-7Geometry
17:20:12 | INFO: Primitives created: 1
17:20:12 | INFO: Finished glTF 2.0 export in 0.0278165340423584 s

17:20:12 | INFO: Starting glTF 2.0 export
17:20:12 | INFO: Extracting primitive: Ground_1_-7Geometry
17:20:12 | INFO: Primitives created: 1
17:20:12 | INFO: Finished glTF 2.0 export in 0.019819259643554688 s

17:20:12 | INFO: Starting glTF 2.0 export
17:20:12 | INFO: Extracting primitive: Ground_2_-7Geometry
17:20:12 | INFO: Primitives created: 1
17:20:12 | INFO: Finished glTF 2.0 export in 0.03291177749633789 s

17:20:12 | INFO: Starting glTF 2.0 export
17:20:12 | INFO: Extracting primitive: Ground_3_-7Geometry
17:20:12 | INFO: Primitives created: 1
17:20:12 | INFO: Finished glTF 2.0 export in 0.023901939392089844 s

17:20:12 | INFO: Starting glTF 2.0 export
17:20:12 | INFO: Extracting primitive: Ground_4_-7Geometry
17:20:12 | INFO: Primitives created: 1
17:20:12 | INFO: Finished glTF 2.0 export in 0.022891521453857422 s

17:20:12 | INFO: Starting glTF 2.0 export
17:20:12 | INFO: Extracting primitive: Ground_5_-7Geometry
17:20:12 | INFO: Primitives created: 1
17:20:12 | INFO: Finished glTF 2.0 export in 0.019484758377075195 s

17:20:12 | INFO: Starting glTF 2.0 export
17:20:12 | INFO: Extracting primitive: Ground_6_-7Geometry
17:20:12 | INFO: Primitives created: 1
17:20:12 | INFO: Finished glTF 2.0 export in 0.021342039108276367 s

17:20:12 | INFO: Starting glTF 2.0 export
17:20:12 | INFO: Extracting primitive: Ground_-6_-6Geometry
17:20:12 | INFO: Primitives created: 1
17:20:12 | INFO: Finished glTF 2.0 export in 0.0286712646484375 s

17:20:12 | INFO: Starting glTF 2.0 export
17:20:12 | INFO: Extracting primitive: Ground_-5_-6Geometry
17:20:12 | INFO: Primitives created: 1
17:20:12 | INFO: Finished glTF 2.0 export in 0.020943641662597656 s

17:20:12 | INFO: Starting glTF 2.0 export
17:20:12 | INFO: Extracting primitive: Ground_-4_-6Geometry
17:20:12 | INFO: Primitives created: 1
17:20:12 | INFO: Finished glTF 2.0 export in 0.01712632179260254 s

17:20:12 | INFO: Starting glTF 2.0 export
17:20:12 | INFO: Extracting primitive: Ground_-3_-6Geometry
17:20:12 | INFO: Primitives created: 1
17:20:12 | INFO: Finished glTF 2.0 export in 0.01548147201538086 s

17:20:12 | INFO: Starting glTF 2.0 export
17:20:12 | INFO: Extracting primitive: Ground_-2_-6Geometry
17:20:12 | INFO: Primitives created: 1
17:20:12 | INFO: Finished glTF 2.0 export in 0.026673316955566406 s

17:20:12 | INFO: Starting glTF 2.0 export
17:20:12 | INFO: Extracting primitive: Ground_-1_-6Geometry
17:20:12 | INFO: Primitives created: 1
17:20:12 | INFO: Finished glTF 2.0 export in 0.02525162696838379 s

17:20:12 | INFO: Starting glTF 2.0 export
17:20:12 | INFO: Extracting primitive: Ground_0_-6Geometry
17:20:12 | INFO: Primitives created: 1
17:20:12 | INFO: Finished glTF 2.0 export in 0.016571760177612305 s

17:20:12 | INFO: Starting glTF 2.0 export
17:20:12 | INFO: Extracting primitive: Ground_1_-6Geometry
17:20:12 | INFO: Primitives created: 1
17:20:12 | INFO: Finished glTF 2.0 export in 0.020404577255249023 s

17:20:12 | INFO: Starting glTF 2.0 export
17:20:12 | INFO: Extracting primitive: Ground_2_-6Geometry
17:20:12 | INFO: Primitives created: 1
17:20:12 | INFO: Finished glTF 2.0 export in 0.023971080780029297 s

17:20:12 | INFO: Starting glTF 2.0 export
17:20:12 | INFO: Extracting primitive: Ground_3_-6Geometry
17:20:12 | INFO: Primitives created: 1
17:20:12 | INFO: Finished glTF 2.0 export in 0.028934717178344727 s

17:20:12 | INFO: Starting glTF 2.0 export
17:20:12 | INFO: Extracting primitive: Ground_4_-6Geometry
17:20:12 | INFO: Primitives created: 1
17:20:12 | INFO: Finished glTF 2.0 export in 0.021939992904663086 s

17:20:12 | INFO: Starting glTF 2.0 export
17:20:12 | INFO: Extracting primitive: Ground_5_-6Geometry
17:20:12 | INFO: Primitives created: 1
17:20:12 | INFO: Finished glTF 2.0 export in 0.019945859909057617 s

17:20:12 | INFO: Starting glTF 2.0 export
17:20:12 | INFO: Extracting primitive: Ground_6_-6Geometry
17:20:12 | INFO: Primitives created: 1
17:20:12 | INFO: Finished glTF 2.0 export in 0.035451650619506836 s

EXPORTED MODULE 64 / 221
17:20:12 | INFO: Starting glTF 2.0 export
17:20:12 | INFO: Extracting primitive: Ground_-6_-5Geometry
17:20:12 | INFO: Primitives created: 1
17:20:12 | INFO: Finished glTF 2.0 export in 0.027978897094726562 s

17:20:12 | INFO: Starting glTF 2.0 export
17:20:12 | INFO: Extracting primitive: Ground_-5_-5Geometry
17:20:12 | INFO: Primitives created: 1
17:20:12 | INFO: Finished glTF 2.0 export in 0.028104066848754883 s

17:20:12 | INFO: Starting glTF 2.0 export
17:20:12 | INFO: Extracting primitive: Ground_-4_-5Geometry
17:20:12 | INFO: Primitives created: 1
17:20:12 | INFO: Finished glTF 2.0 export in 0.028269052505493164 s

17:20:12 | INFO: Starting glTF 2.0 export
17:20:12 | INFO: Extracting primitive: Ground_-3_-5Geometry
17:20:12 | INFO: Primitives created: 1
17:20:12 | INFO: Finished glTF 2.0 export in 0.02932000160217285 s

17:20:12 | INFO: Starting glTF 2.0 export
17:20:13 | INFO: Extracting primitive: Ground_-2_-5Geometry
17:20:13 | INFO: Primitives created: 1
17:20:13 | INFO: Finished glTF 2.0 export in 0.025722503662109375 s

17:20:13 | INFO: Starting glTF 2.0 export
17:20:13 | INFO: Extracting primitive: Ground_-1_-5Geometry
17:20:13 | INFO: Primitives created: 1
17:20:13 | INFO: Finished glTF 2.0 export in 0.020946025848388672 s

17:20:13 | INFO: Starting glTF 2.0 export
17:20:13 | INFO: Extracting primitive: Ground_0_-5Geometry
17:20:13 | INFO: Primitives created: 1
17:20:13 | INFO: Finished glTF 2.0 export in 0.019850730895996094 s

17:20:13 | INFO: Starting glTF 2.0 export
17:20:13 | INFO: Extracting primitive: Ground_1_-5Geometry
17:20:13 | INFO: Primitives created: 1
17:20:13 | INFO: Finished glTF 2.0 export in 0.021941661834716797 s

17:20:13 | INFO: Starting glTF 2.0 export
17:20:13 | INFO: Extracting primitive: Ground_2_-5Geometry
17:20:13 | INFO: Primitives created: 1
17:20:13 | INFO: Finished glTF 2.0 export in 0.026926517486572266 s

17:20:13 | INFO: Starting glTF 2.0 export
17:20:13 | INFO: Extracting primitive: Ground_3_-5Geometry
17:20:13 | INFO: Primitives created: 1
17:20:13 | INFO: Finished glTF 2.0 export in 0.020641565322875977 s

17:20:13 | INFO: Starting glTF 2.0 export
17:20:13 | INFO: Extracting primitive: Ground_4_-5Geometry
17:20:13 | INFO: Primitives created: 1
17:20:13 | INFO: Finished glTF 2.0 export in 0.019457340240478516 s

17:20:13 | INFO: Starting glTF 2.0 export
17:20:13 | INFO: Extracting primitive: Ground_5_-5Geometry
17:20:13 | INFO: Primitives created: 1
17:20:13 | INFO: Finished glTF 2.0 export in 0.026218175888061523 s

17:20:13 | INFO: Starting glTF 2.0 export
17:20:13 | INFO: Extracting primitive: Ground_6_-5Geometry
17:20:13 | INFO: Primitives created: 1
17:20:13 | INFO: Finished glTF 2.0 export in 0.03375983238220215 s

17:20:13 | INFO: Starting glTF 2.0 export
17:20:13 | INFO: Extracting primitive: Ground_-6_-4Geometry
17:20:13 | INFO: Primitives created: 1
17:20:13 | INFO: Finished glTF 2.0 export in 0.029858827590942383 s

17:20:13 | INFO: Starting glTF 2.0 export
17:20:13 | INFO: Extracting primitive: Ground_-5_-4Geometry
17:20:13 | INFO: Primitives created: 1
17:20:13 | INFO: Finished glTF 2.0 export in 0.023937225341796875 s

17:20:13 | INFO: Starting glTF 2.0 export
17:20:13 | INFO: Extracting primitive: Ground_-4_-4Geometry
17:20:13 | INFO: Primitives created: 1
17:20:13 | INFO: Finished glTF 2.0 export in 0.03142952919006348 s

17:20:13 | INFO: Starting glTF 2.0 export
17:20:13 | INFO: Extracting primitive: Ground_-3_-4Geometry
17:20:13 | INFO: Primitives created: 1
17:20:13 | INFO: Finished glTF 2.0 export in 0.017666339874267578 s

17:20:13 | INFO: Starting glTF 2.0 export
17:20:13 | INFO: Extracting primitive: Ground_-2_-4Geometry
17:20:13 | INFO: Primitives created: 1
17:20:13 | INFO: Finished glTF 2.0 export in 0.02131342887878418 s

17:20:13 | INFO: Starting glTF 2.0 export
17:20:13 | INFO: Extracting primitive: Ground_-1_-4Geometry
17:20:13 | INFO: Primitives created: 1
17:20:13 | INFO: Finished glTF 2.0 export in 0.02608466148376465 s

17:20:13 | INFO: Starting glTF 2.0 export
17:20:13 | INFO: Extracting primitive: Ground_0_-4Geometry
17:20:13 | INFO: Primitives created: 1
17:20:13 | INFO: Finished glTF 2.0 export in 0.021275043487548828 s

17:20:13 | INFO: Starting glTF 2.0 export
17:20:13 | INFO: Extracting primitive: Ground_1_-4Geometry
17:20:13 | INFO: Primitives created: 1
17:20:13 | INFO: Finished glTF 2.0 export in 0.018882274627685547 s

17:20:13 | INFO: Starting glTF 2.0 export
17:20:13 | INFO: Extracting primitive: Ground_2_-4Geometry
17:20:13 | INFO: Primitives created: 1
17:20:13 | INFO: Finished glTF 2.0 export in 0.0189511775970459 s

17:20:13 | INFO: Starting glTF 2.0 export
17:20:13 | INFO: Extracting primitive: Ground_3_-4Geometry
17:20:13 | INFO: Primitives created: 1
17:20:13 | INFO: Finished glTF 2.0 export in 0.017624378204345703 s

17:20:13 | INFO: Starting glTF 2.0 export
17:20:13 | INFO: Extracting primitive: Ground_4_-4Geometry
17:20:13 | INFO: Primitives created: 1
17:20:13 | INFO: Finished glTF 2.0 export in 0.02596759796142578 s

17:20:13 | INFO: Starting glTF 2.0 export
17:20:13 | INFO: Extracting primitive: Ground_5_-4Geometry
17:20:13 | INFO: Primitives created: 1
17:20:13 | INFO: Finished glTF 2.0 export in 0.0174105167388916 s

17:20:13 | INFO: Starting glTF 2.0 export
17:20:13 | INFO: Extracting primitive: Ground_6_-4Geometry
17:20:13 | INFO: Primitives created: 1
17:20:13 | INFO: Finished glTF 2.0 export in 0.02396082878112793 s

17:20:13 | INFO: Starting glTF 2.0 export
17:20:13 | INFO: Extracting primitive: Ground_-6_-3Geometry
17:20:13 | INFO: Primitives created: 1
17:20:13 | INFO: Finished glTF 2.0 export in 0.02992081642150879 s

17:20:13 | INFO: Starting glTF 2.0 export
17:20:13 | INFO: Extracting primitive: Ground_-5_-3Geometry
17:20:13 | INFO: Primitives created: 1
17:20:13 | INFO: Finished glTF 2.0 export in 0.03312206268310547 s

17:20:13 | INFO: Starting glTF 2.0 export
17:20:13 | INFO: Extracting primitive: Ground_-4_-3Geometry
17:20:13 | INFO: Primitives created: 1
17:20:13 | INFO: Finished glTF 2.0 export in 0.02294158935546875 s

17:20:13 | INFO: Starting glTF 2.0 export
17:20:13 | INFO: Extracting primitive: Ground_-3_-3Geometry
17:20:13 | INFO: Primitives created: 1
17:20:13 | INFO: Finished glTF 2.0 export in 0.034294843673706055 s

17:20:13 | INFO: Starting glTF 2.0 export
17:20:13 | INFO: Extracting primitive: Ground_-2_-3Geometry
17:20:13 | INFO: Primitives created: 1
17:20:13 | INFO: Finished glTF 2.0 export in 0.023534774780273438 s

17:20:13 | INFO: Starting glTF 2.0 export
17:20:13 | INFO: Extracting primitive: Ground_-1_-3Geometry
17:20:14 | INFO: Primitives created: 1
17:20:14 | INFO: Finished glTF 2.0 export in 0.03910636901855469 s

EXPORTED MODULE 96 / 221
17:20:14 | INFO: Starting glTF 2.0 export
17:20:14 | INFO: Extracting primitive: Ground_0_-3Geometry
17:20:14 | INFO: Primitives created: 1
17:20:14 | INFO: Finished glTF 2.0 export in 0.01895737648010254 s

17:20:14 | INFO: Starting glTF 2.0 export
17:20:14 | INFO: Extracting primitive: Ground_1_-3Geometry
17:20:14 | INFO: Primitives created: 1
17:20:14 | INFO: Finished glTF 2.0 export in 0.023932695388793945 s

17:20:14 | INFO: Starting glTF 2.0 export
17:20:14 | INFO: Extracting primitive: Ground_2_-3Geometry
17:20:14 | INFO: Primitives created: 1
17:20:14 | INFO: Finished glTF 2.0 export in 0.022747278213500977 s

17:20:14 | INFO: Starting glTF 2.0 export
17:20:14 | INFO: Extracting primitive: Ground_3_-3Geometry
17:20:14 | INFO: Primitives created: 1
17:20:14 | INFO: Finished glTF 2.0 export in 0.02344346046447754 s

17:20:14 | INFO: Starting glTF 2.0 export
17:20:14 | INFO: Extracting primitive: Ground_4_-3Geometry
17:20:14 | INFO: Primitives created: 1
17:20:14 | INFO: Finished glTF 2.0 export in 0.013964414596557617 s

17:20:14 | INFO: Starting glTF 2.0 export
17:20:14 | INFO: Extracting primitive: Ground_5_-3Geometry
17:20:14 | INFO: Primitives created: 1
17:20:14 | INFO: Finished glTF 2.0 export in 0.02282881736755371 s

17:20:14 | INFO: Starting glTF 2.0 export
17:20:14 | INFO: Extracting primitive: Ground_6_-3Geometry
17:20:14 | INFO: Primitives created: 1
17:20:14 | INFO: Finished glTF 2.0 export in 0.02153325080871582 s

17:20:14 | INFO: Starting glTF 2.0 export
17:20:14 | INFO: Extracting primitive: Ground_-6_-2Geometry
17:20:14 | INFO: Primitives created: 1
17:20:14 | INFO: Finished glTF 2.0 export in 0.025927305221557617 s

17:20:14 | INFO: Starting glTF 2.0 export
17:20:14 | INFO: Extracting primitive: Ground_-5_-2Geometry
17:20:14 | INFO: Primitives created: 1
17:20:14 | INFO: Finished glTF 2.0 export in 0.02692580223083496 s

17:20:14 | INFO: Starting glTF 2.0 export
17:20:14 | INFO: Extracting primitive: Ground_-4_-2Geometry
17:20:14 | INFO: Primitives created: 1
17:20:14 | INFO: Finished glTF 2.0 export in 0.03042769432067871 s

17:20:14 | INFO: Starting glTF 2.0 export
17:20:14 | INFO: Extracting primitive: Ground_-3_-2Geometry
17:20:14 | INFO: Primitives created: 1
17:20:14 | INFO: Finished glTF 2.0 export in 0.02597212791442871 s

17:20:14 | INFO: Starting glTF 2.0 export
17:20:14 | INFO: Extracting primitive: Ground_-2_-2Geometry
17:20:14 | INFO: Primitives created: 1
17:20:14 | INFO: Finished glTF 2.0 export in 0.02871108055114746 s

17:20:14 | INFO: Starting glTF 2.0 export
17:20:14 | INFO: Extracting primitive: Ground_-1_-2Geometry
17:20:14 | INFO: Primitives created: 1
17:20:14 | INFO: Finished glTF 2.0 export in 0.04057931900024414 s

17:20:14 | INFO: Starting glTF 2.0 export
17:20:14 | INFO: Extracting primitive: Ground_0_-2Geometry
17:20:14 | INFO: Primitives created: 1
17:20:14 | INFO: Finished glTF 2.0 export in 0.04498910903930664 s

17:20:14 | INFO: Starting glTF 2.0 export
17:20:14 | INFO: Extracting primitive: Ground_1_-2Geometry
17:20:14 | INFO: Primitives created: 1
17:20:14 | INFO: Finished glTF 2.0 export in 0.05361175537109375 s

17:20:14 | INFO: Starting glTF 2.0 export
17:20:14 | INFO: Extracting primitive: Ground_2_-2Geometry
17:20:14 | INFO: Primitives created: 1
17:20:14 | INFO: Finished glTF 2.0 export in 0.024326324462890625 s

17:20:14 | INFO: Starting glTF 2.0 export
17:20:14 | INFO: Extracting primitive: Ground_3_-2Geometry
17:20:14 | INFO: Primitives created: 1
17:20:14 | INFO: Finished glTF 2.0 export in 0.025929927825927734 s

17:20:14 | INFO: Starting glTF 2.0 export
17:20:14 | INFO: Extracting primitive: Ground_4_-2Geometry
17:20:14 | INFO: Primitives created: 1
17:20:14 | INFO: Finished glTF 2.0 export in 0.02299976348876953 s

17:20:14 | INFO: Starting glTF 2.0 export
17:20:14 | INFO: Extracting primitive: Ground_5_-2Geometry
17:20:14 | INFO: Primitives created: 1
17:20:14 | INFO: Finished glTF 2.0 export in 0.021943330764770508 s

17:20:14 | INFO: Starting glTF 2.0 export
17:20:14 | INFO: Extracting primitive: Ground_6_-2Geometry
17:20:14 | INFO: Primitives created: 1
17:20:14 | INFO: Finished glTF 2.0 export in 0.020276546478271484 s

17:20:14 | INFO: Starting glTF 2.0 export
17:20:14 | INFO: Extracting primitive: Ground_-6_-1Geometry
17:20:14 | INFO: Primitives created: 1
17:20:14 | INFO: Finished glTF 2.0 export in 0.026375293731689453 s

17:20:14 | INFO: Starting glTF 2.0 export
17:20:14 | INFO: Extracting primitive: Ground_-5_-1Geometry
17:20:14 | INFO: Primitives created: 1
17:20:14 | INFO: Finished glTF 2.0 export in 0.030412912368774414 s

17:20:14 | INFO: Starting glTF 2.0 export
17:20:14 | INFO: Extracting primitive: Ground_-4_-1Geometry
17:20:14 | INFO: Primitives created: 1
17:20:14 | INFO: Finished glTF 2.0 export in 0.022938251495361328 s

17:20:14 | INFO: Starting glTF 2.0 export
17:20:14 | INFO: Extracting primitive: Ground_-3_-1Geometry
17:20:14 | INFO: Primitives created: 1
17:20:14 | INFO: Finished glTF 2.0 export in 0.019426584243774414 s

17:20:14 | INFO: Starting glTF 2.0 export
17:20:14 | INFO: Extracting primitive: Ground_-2_-1Geometry
17:20:14 | INFO: Primitives created: 1
17:20:14 | INFO: Finished glTF 2.0 export in 0.018633127212524414 s

17:20:15 | INFO: Starting glTF 2.0 export
17:20:15 | INFO: Extracting primitive: Ground_-1_-1Geometry
17:20:15 | INFO: Primitives created: 1
17:20:15 | INFO: Finished glTF 2.0 export in 0.06040072441101074 s

17:20:15 | INFO: Starting glTF 2.0 export
17:20:15 | INFO: Extracting primitive: Ground_0_-1Geometry
17:20:15 | INFO: Primitives created: 1
17:20:15 | INFO: Finished glTF 2.0 export in 0.046961069107055664 s

17:20:15 | INFO: Starting glTF 2.0 export
17:20:15 | INFO: Extracting primitive: Ground_1_-1Geometry
17:20:15 | INFO: Primitives created: 1
17:20:15 | INFO: Finished glTF 2.0 export in 0.030918598175048828 s

17:20:15 | INFO: Starting glTF 2.0 export
17:20:15 | INFO: Extracting primitive: Ground_2_-1Geometry
17:20:15 | INFO: Primitives created: 1
17:20:15 | INFO: Finished glTF 2.0 export in 0.023917198181152344 s

17:20:15 | INFO: Starting glTF 2.0 export
17:20:15 | INFO: Extracting primitive: Ground_3_-1Geometry
17:20:15 | INFO: Primitives created: 1
17:20:15 | INFO: Finished glTF 2.0 export in 0.02358269691467285 s

17:20:15 | INFO: Starting glTF 2.0 export
17:20:15 | INFO: Extracting primitive: Ground_4_-1Geometry
17:20:15 | INFO: Primitives created: 1
17:20:15 | INFO: Finished glTF 2.0 export in 0.025622844696044922 s

17:20:15 | INFO: Starting glTF 2.0 export
17:20:15 | INFO: Extracting primitive: Ground_5_-1Geometry
17:20:15 | INFO: Primitives created: 1
17:20:15 | INFO: Finished glTF 2.0 export in 0.016476154327392578 s

EXPORTED MODULE 128 / 221
17:20:15 | INFO: Starting glTF 2.0 export
17:20:15 | INFO: Extracting primitive: Ground_6_-1Geometry
17:20:15 | INFO: Primitives created: 1
17:20:15 | INFO: Finished glTF 2.0 export in 0.02914595603942871 s

17:20:15 | INFO: Starting glTF 2.0 export
17:20:15 | INFO: Extracting primitive: Ground_-6_0Geometry
17:20:15 | INFO: Primitives created: 1
17:20:15 | INFO: Finished glTF 2.0 export in 0.01695537567138672 s

17:20:15 | INFO: Starting glTF 2.0 export
17:20:15 | INFO: Extracting primitive: Ground_-5_0Geometry
17:20:15 | INFO: Primitives created: 1
17:20:15 | INFO: Finished glTF 2.0 export in 0.020091533660888672 s

17:20:15 | INFO: Starting glTF 2.0 export
17:20:15 | INFO: Extracting primitive: Ground_-4_0Geometry
17:20:15 | INFO: Primitives created: 1
17:20:15 | INFO: Finished glTF 2.0 export in 0.019837141036987305 s

17:20:15 | INFO: Starting glTF 2.0 export
17:20:15 | INFO: Extracting primitive: Ground_-3_0Geometry
17:20:15 | INFO: Primitives created: 1
17:20:15 | INFO: Finished glTF 2.0 export in 0.021863698959350586 s

17:20:15 | INFO: Starting glTF 2.0 export
17:20:15 | INFO: Extracting primitive: Ground_-2_0Geometry
17:20:15 | INFO: Primitives created: 1
17:20:15 | INFO: Finished glTF 2.0 export in 0.020944833755493164 s

17:20:15 | INFO: Starting glTF 2.0 export
17:20:15 | INFO: Extracting primitive: Ground_-1_0Geometry
17:20:15 | INFO: Primitives created: 1
17:20:15 | INFO: Finished glTF 2.0 export in 0.049654483795166016 s

17:20:15 | INFO: Starting glTF 2.0 export
17:20:15 | INFO: Extracting primitive: Ground_0_0Geometry
17:20:15 | INFO: Primitives created: 1
17:20:15 | INFO: Finished glTF 2.0 export in 0.0468754768371582 s

17:20:15 | INFO: Starting glTF 2.0 export
17:20:15 | INFO: Extracting primitive: Ground_1_0Geometry
17:20:15 | INFO: Primitives created: 1
17:20:15 | INFO: Finished glTF 2.0 export in 0.041808128356933594 s

17:20:15 | INFO: Starting glTF 2.0 export
17:20:15 | INFO: Extracting primitive: Ground_2_0Geometry
17:20:15 | INFO: Primitives created: 1
17:20:15 | INFO: Finished glTF 2.0 export in 0.025573253631591797 s

17:20:15 | INFO: Starting glTF 2.0 export
17:20:15 | INFO: Extracting primitive: Ground_3_0Geometry
17:20:15 | INFO: Primitives created: 1
17:20:15 | INFO: Finished glTF 2.0 export in 0.023935794830322266 s

17:20:15 | INFO: Starting glTF 2.0 export
17:20:15 | INFO: Extracting primitive: Ground_4_0Geometry
17:20:15 | INFO: Primitives created: 1
17:20:15 | INFO: Finished glTF 2.0 export in 0.030042648315429688 s

17:20:15 | INFO: Starting glTF 2.0 export
17:20:15 | INFO: Extracting primitive: Ground_5_0Geometry
17:20:15 | INFO: Primitives created: 1
17:20:15 | INFO: Finished glTF 2.0 export in 0.015954256057739258 s

17:20:15 | INFO: Starting glTF 2.0 export
17:20:15 | INFO: Extracting primitive: Ground_6_0Geometry
17:20:15 | INFO: Primitives created: 1
17:20:15 | INFO: Finished glTF 2.0 export in 0.02720808982849121 s

17:20:15 | INFO: Starting glTF 2.0 export
17:20:15 | INFO: Extracting primitive: Ground_-6_1Geometry
17:20:15 | INFO: Primitives created: 1
17:20:15 | INFO: Finished glTF 2.0 export in 0.03290724754333496 s

17:20:15 | INFO: Starting glTF 2.0 export
17:20:15 | INFO: Extracting primitive: Ground_-5_1Geometry
17:20:15 | INFO: Primitives created: 1
17:20:15 | INFO: Finished glTF 2.0 export in 0.01948857307434082 s

17:20:15 | INFO: Starting glTF 2.0 export
17:20:15 | INFO: Extracting primitive: Ground_-4_1Geometry
17:20:15 | INFO: Primitives created: 1
17:20:15 | INFO: Finished glTF 2.0 export in 0.025663137435913086 s

17:20:15 | INFO: Starting glTF 2.0 export
17:20:15 | INFO: Extracting primitive: Ground_-3_1Geometry
17:20:15 | INFO: Primitives created: 1
17:20:15 | INFO: Finished glTF 2.0 export in 0.03190469741821289 s

17:20:16 | INFO: Starting glTF 2.0 export
17:20:16 | INFO: Extracting primitive: Ground_-2_1Geometry
17:20:16 | INFO: Primitives created: 1
17:20:16 | INFO: Finished glTF 2.0 export in 0.022925376892089844 s

17:20:16 | INFO: Starting glTF 2.0 export
17:20:16 | INFO: Extracting primitive: Ground_-1_1Geometry
17:20:16 | INFO: Primitives created: 1
17:20:16 | INFO: Finished glTF 2.0 export in 0.026105642318725586 s

17:20:16 | INFO: Starting glTF 2.0 export
17:20:16 | INFO: Extracting primitive: Ground_0_1Geometry
17:20:16 | INFO: Primitives created: 1
17:20:16 | INFO: Finished glTF 2.0 export in 0.026458740234375 s

17:20:16 | INFO: Starting glTF 2.0 export
17:20:16 | INFO: Extracting primitive: Ground_1_1Geometry
17:20:16 | INFO: Primitives created: 1
17:20:16 | INFO: Finished glTF 2.0 export in 0.021554946899414062 s

17:20:16 | INFO: Starting glTF 2.0 export
17:20:16 | INFO: Extracting primitive: Ground_2_1Geometry
17:20:16 | INFO: Primitives created: 1
17:20:16 | INFO: Finished glTF 2.0 export in 0.024682998657226562 s

17:20:16 | INFO: Starting glTF 2.0 export
17:20:16 | INFO: Extracting primitive: Ground_3_1Geometry
17:20:16 | INFO: Primitives created: 1
17:20:16 | INFO: Finished glTF 2.0 export in 0.022399187088012695 s

17:20:16 | INFO: Starting glTF 2.0 export
17:20:16 | INFO: Extracting primitive: Ground_4_1Geometry
17:20:16 | INFO: Primitives created: 1
17:20:16 | INFO: Finished glTF 2.0 export in 0.022728919982910156 s

17:20:16 | INFO: Starting glTF 2.0 export
17:20:16 | INFO: Extracting primitive: Ground_5_1Geometry
17:20:16 | INFO: Primitives created: 1
17:20:16 | INFO: Finished glTF 2.0 export in 0.02020883560180664 s

17:20:16 | INFO: Starting glTF 2.0 export
17:20:16 | INFO: Extracting primitive: Ground_6_1Geometry
17:20:16 | INFO: Primitives created: 1
17:20:16 | INFO: Finished glTF 2.0 export in 0.021171092987060547 s

17:20:16 | INFO: Starting glTF 2.0 export
17:20:16 | INFO: Extracting primitive: Ground_-6_2Geometry
17:20:16 | INFO: Primitives created: 1
17:20:16 | INFO: Finished glTF 2.0 export in 0.02154397964477539 s

17:20:16 | INFO: Starting glTF 2.0 export
17:20:16 | INFO: Extracting primitive: Ground_-5_2Geometry
17:20:16 | INFO: Primitives created: 1
17:20:16 | INFO: Finished glTF 2.0 export in 0.022963285446166992 s

17:20:16 | INFO: Starting glTF 2.0 export
17:20:16 | INFO: Extracting primitive: Ground_-4_2Geometry
17:20:16 | INFO: Primitives created: 1
17:20:16 | INFO: Finished glTF 2.0 export in 0.02188253402709961 s

17:20:16 | INFO: Starting glTF 2.0 export
17:20:16 | INFO: Extracting primitive: Ground_-3_2Geometry
17:20:16 | INFO: Primitives created: 1
17:20:16 | INFO: Finished glTF 2.0 export in 0.02721405029296875 s

17:20:16 | INFO: Starting glTF 2.0 export
17:20:16 | INFO: Extracting primitive: Ground_-2_2Geometry
17:20:16 | INFO: Primitives created: 1
17:20:16 | INFO: Finished glTF 2.0 export in 0.031594038009643555 s

EXPORTED MODULE 160 / 221
17:20:16 | INFO: Starting glTF 2.0 export
17:20:16 | INFO: Extracting primitive: Ground_-1_2Geometry
17:20:16 | INFO: Primitives created: 1
17:20:16 | INFO: Finished glTF 2.0 export in 0.02791118621826172 s

17:20:16 | INFO: Starting glTF 2.0 export
17:20:16 | INFO: Extracting primitive: Ground_0_2Geometry
17:20:16 | INFO: Primitives created: 1
17:20:16 | INFO: Finished glTF 2.0 export in 0.023322343826293945 s

17:20:16 | INFO: Starting glTF 2.0 export
17:20:16 | INFO: Extracting primitive: Ground_1_2Geometry
17:20:16 | INFO: Primitives created: 1
17:20:16 | INFO: Finished glTF 2.0 export in 0.028922080993652344 s

17:20:16 | INFO: Starting glTF 2.0 export
17:20:16 | INFO: Extracting primitive: Ground_2_2Geometry
17:20:16 | INFO: Primitives created: 1
17:20:16 | INFO: Finished glTF 2.0 export in 0.0242617130279541 s

17:20:16 | INFO: Starting glTF 2.0 export
17:20:16 | INFO: Extracting primitive: Ground_3_2Geometry
17:20:16 | INFO: Primitives created: 1
17:20:16 | INFO: Finished glTF 2.0 export in 0.025892019271850586 s

17:20:16 | INFO: Starting glTF 2.0 export
17:20:16 | INFO: Extracting primitive: Ground_4_2Geometry
17:20:16 | INFO: Primitives created: 1
17:20:16 | INFO: Finished glTF 2.0 export in 0.026091575622558594 s

17:20:16 | INFO: Starting glTF 2.0 export
17:20:16 | INFO: Extracting primitive: Ground_5_2Geometry
17:20:16 | INFO: Primitives created: 1
17:20:16 | INFO: Finished glTF 2.0 export in 0.02393484115600586 s

17:20:16 | INFO: Starting glTF 2.0 export
17:20:16 | INFO: Extracting primitive: Ground_6_2Geometry
17:20:16 | INFO: Primitives created: 1
17:20:16 | INFO: Finished glTF 2.0 export in 0.0277864933013916 s

17:20:16 | INFO: Starting glTF 2.0 export
17:20:16 | INFO: Extracting primitive: Ground_-6_3Geometry
17:20:16 | INFO: Primitives created: 1
17:20:16 | INFO: Finished glTF 2.0 export in 0.025353670120239258 s

17:20:16 | INFO: Starting glTF 2.0 export
17:20:16 | INFO: Extracting primitive: Ground_-5_3Geometry
17:20:16 | INFO: Primitives created: 1
17:20:16 | INFO: Finished glTF 2.0 export in 0.030402183532714844 s

17:20:16 | INFO: Starting glTF 2.0 export
17:20:16 | INFO: Extracting primitive: Ground_-4_3Geometry
17:20:16 | INFO: Primitives created: 1
17:20:16 | INFO: Finished glTF 2.0 export in 0.025243043899536133 s

17:20:16 | INFO: Starting glTF 2.0 export
17:20:16 | INFO: Extracting primitive: Ground_-3_3Geometry
17:20:16 | INFO: Primitives created: 1
17:20:16 | INFO: Finished glTF 2.0 export in 0.02570176124572754 s

17:20:16 | INFO: Starting glTF 2.0 export
17:20:17 | INFO: Extracting primitive: Ground_-2_3Geometry
17:20:17 | INFO: Primitives created: 1
17:20:17 | INFO: Finished glTF 2.0 export in 0.029648303985595703 s

17:20:17 | INFO: Starting glTF 2.0 export
17:20:17 | INFO: Extracting primitive: Ground_-1_3Geometry
17:20:17 | INFO: Primitives created: 1
17:20:17 | INFO: Finished glTF 2.0 export in 0.030997276306152344 s

17:20:17 | INFO: Starting glTF 2.0 export
17:20:17 | INFO: Extracting primitive: Ground_0_3Geometry
17:20:17 | INFO: Primitives created: 1
17:20:17 | INFO: Finished glTF 2.0 export in 0.03006601333618164 s

17:20:17 | INFO: Starting glTF 2.0 export
17:20:17 | INFO: Extracting primitive: Ground_1_3Geometry
17:20:17 | INFO: Primitives created: 1
17:20:17 | INFO: Finished glTF 2.0 export in 0.02696371078491211 s

17:20:17 | INFO: Starting glTF 2.0 export
17:20:17 | INFO: Extracting primitive: Ground_2_3Geometry
17:20:17 | INFO: Primitives created: 1
17:20:17 | INFO: Finished glTF 2.0 export in 0.02386331558227539 s

17:20:17 | INFO: Starting glTF 2.0 export
17:20:17 | INFO: Extracting primitive: Ground_3_3Geometry
17:20:17 | INFO: Primitives created: 1
17:20:17 | INFO: Finished glTF 2.0 export in 0.019621849060058594 s

17:20:17 | INFO: Starting glTF 2.0 export
17:20:17 | INFO: Extracting primitive: Ground_4_3Geometry
17:20:17 | INFO: Primitives created: 1
17:20:17 | INFO: Finished glTF 2.0 export in 0.021409988403320312 s

17:20:17 | INFO: Starting glTF 2.0 export
17:20:17 | INFO: Extracting primitive: Ground_5_3Geometry
17:20:17 | INFO: Primitives created: 1
17:20:17 | INFO: Finished glTF 2.0 export in 0.0185544490814209 s

17:20:17 | INFO: Starting glTF 2.0 export
17:20:17 | INFO: Extracting primitive: Ground_6_3Geometry
17:20:17 | INFO: Primitives created: 1
17:20:17 | INFO: Finished glTF 2.0 export in 0.017993688583374023 s

17:20:17 | INFO: Starting glTF 2.0 export
17:20:17 | INFO: Extracting primitive: Ground_-6_4Geometry
17:20:17 | INFO: Primitives created: 1
17:20:17 | INFO: Finished glTF 2.0 export in 0.021928071975708008 s

17:20:17 | INFO: Starting glTF 2.0 export
17:20:17 | INFO: Extracting primitive: Ground_-5_4Geometry
17:20:17 | INFO: Primitives created: 1
17:20:17 | INFO: Finished glTF 2.0 export in 0.02151942253112793 s

17:20:17 | INFO: Starting glTF 2.0 export
17:20:17 | INFO: Extracting primitive: Ground_-4_4Geometry
17:20:17 | INFO: Primitives created: 1
17:20:17 | INFO: Finished glTF 2.0 export in 0.01967477798461914 s

17:20:17 | INFO: Starting glTF 2.0 export
17:20:17 | INFO: Extracting primitive: Ground_-3_4Geometry
17:20:17 | INFO: Primitives created: 1
17:20:17 | INFO: Finished glTF 2.0 export in 0.022938966751098633 s

17:20:17 | INFO: Starting glTF 2.0 export
17:20:17 | INFO: Extracting primitive: Ground_-2_4Geometry
17:20:17 | INFO: Primitives created: 1
17:20:17 | INFO: Finished glTF 2.0 export in 0.024266481399536133 s

17:20:17 | INFO: Starting glTF 2.0 export
17:20:17 | INFO: Extracting primitive: Ground_-1_4Geometry
17:20:17 | INFO: Primitives created: 1
17:20:17 | INFO: Finished glTF 2.0 export in 0.029726028442382812 s

17:20:17 | INFO: Starting glTF 2.0 export
17:20:17 | INFO: Extracting primitive: Ground_0_4Geometry
17:20:17 | INFO: Primitives created: 1
17:20:17 | INFO: Finished glTF 2.0 export in 0.017383575439453125 s

17:20:17 | INFO: Starting glTF 2.0 export
17:20:17 | INFO: Extracting primitive: Ground_1_4Geometry
17:20:17 | INFO: Primitives created: 1
17:20:17 | INFO: Finished glTF 2.0 export in 0.029033184051513672 s

17:20:17 | INFO: Starting glTF 2.0 export
17:20:17 | INFO: Extracting primitive: Ground_2_4Geometry
17:20:17 | INFO: Primitives created: 1
17:20:17 | INFO: Finished glTF 2.0 export in 0.01587367057800293 s

17:20:17 | INFO: Starting glTF 2.0 export
17:20:17 | INFO: Extracting primitive: Ground_3_4Geometry
17:20:17 | INFO: Primitives created: 1
17:20:17 | INFO: Finished glTF 2.0 export in 0.025022506713867188 s

17:20:17 | INFO: Starting glTF 2.0 export
17:20:17 | INFO: Extracting primitive: Ground_4_4Geometry
17:20:17 | INFO: Primitives created: 1
17:20:17 | INFO: Finished glTF 2.0 export in 0.017476320266723633 s

EXPORTED MODULE 192 / 221
17:20:17 | INFO: Starting glTF 2.0 export
17:20:17 | INFO: Extracting primitive: Ground_5_4Geometry
17:20:17 | INFO: Primitives created: 1
17:20:17 | INFO: Finished glTF 2.0 export in 0.015793800354003906 s

17:20:17 | INFO: Starting glTF 2.0 export
17:20:17 | INFO: Extracting primitive: Ground_6_4Geometry
17:20:17 | INFO: Primitives created: 1
17:20:17 | INFO: Finished glTF 2.0 export in 0.016949892044067383 s

17:20:17 | INFO: Starting glTF 2.0 export
17:20:17 | INFO: Extracting primitive: Ground_-6_5Geometry
17:20:17 | INFO: Primitives created: 1
17:20:17 | INFO: Finished glTF 2.0 export in 0.024574995040893555 s

17:20:17 | INFO: Starting glTF 2.0 export
17:20:17 | INFO: Extracting primitive: Ground_-5_5Geometry
17:20:17 | INFO: Primitives created: 1
17:20:17 | INFO: Finished glTF 2.0 export in 0.02612924575805664 s

17:20:17 | INFO: Starting glTF 2.0 export
17:20:17 | INFO: Extracting primitive: Ground_-4_5Geometry
17:20:17 | INFO: Primitives created: 1
17:20:17 | INFO: Finished glTF 2.0 export in 0.021943330764770508 s

17:20:17 | INFO: Starting glTF 2.0 export
17:20:17 | INFO: Extracting primitive: Ground_-3_5Geometry
17:20:17 | INFO: Primitives created: 1
17:20:17 | INFO: Finished glTF 2.0 export in 0.029614686965942383 s

17:20:17 | INFO: Starting glTF 2.0 export
17:20:17 | INFO: Extracting primitive: Ground_-2_5Geometry
17:20:17 | INFO: Primitives created: 1
17:20:17 | INFO: Finished glTF 2.0 export in 0.023792743682861328 s

17:20:17 | INFO: Starting glTF 2.0 export
17:20:17 | INFO: Extracting primitive: Ground_-1_5Geometry
17:20:17 | INFO: Primitives created: 1
17:20:17 | INFO: Finished glTF 2.0 export in 0.03505396842956543 s

17:20:17 | INFO: Starting glTF 2.0 export
17:20:17 | INFO: Extracting primitive: Ground_0_5Geometry
17:20:17 | INFO: Primitives created: 1
17:20:17 | INFO: Finished glTF 2.0 export in 0.027089834213256836 s

17:20:17 | INFO: Starting glTF 2.0 export
17:20:17 | INFO: Extracting primitive: Ground_1_5Geometry
17:20:17 | INFO: Primitives created: 1
17:20:17 | INFO: Finished glTF 2.0 export in 0.016955137252807617 s

17:20:18 | INFO: Starting glTF 2.0 export
17:20:18 | INFO: Extracting primitive: Ground_2_5Geometry
17:20:18 | INFO: Primitives created: 1
17:20:18 | INFO: Finished glTF 2.0 export in 0.017950773239135742 s

17:20:18 | INFO: Starting glTF 2.0 export
17:20:18 | INFO: Extracting primitive: Ground_3_5Geometry
17:20:18 | INFO: Primitives created: 1
17:20:18 | INFO: Finished glTF 2.0 export in 0.0261232852935791 s

17:20:18 | INFO: Starting glTF 2.0 export
17:20:18 | INFO: Extracting primitive: Ground_4_5Geometry
17:20:18 | INFO: Primitives created: 1
17:20:18 | INFO: Finished glTF 2.0 export in 0.018421649932861328 s

17:20:18 | INFO: Starting glTF 2.0 export
17:20:18 | INFO: Extracting primitive: Ground_5_5Geometry
17:20:18 | INFO: Primitives created: 1
17:20:18 | INFO: Finished glTF 2.0 export in 0.021988868713378906 s

17:20:18 | INFO: Starting glTF 2.0 export
17:20:18 | INFO: Extracting primitive: Ground_6_5Geometry
17:20:18 | INFO: Primitives created: 1
17:20:18 | INFO: Finished glTF 2.0 export in 0.018949270248413086 s

17:20:18 | INFO: Starting glTF 2.0 export
17:20:18 | INFO: Extracting primitive: RoadsGeometry
17:20:18 | INFO: Primitives created: 1
17:20:18 | INFO: Finished glTF 2.0 export in 0.013976335525512695 s

17:20:18 | INFO: Starting glTF 2.0 export
17:20:18 | INFO: Extracting primitive: Field_0Geometry
17:20:18 | INFO: Primitives created: 1
17:20:18 | INFO: Finished glTF 2.0 export in 0.022367477416992188 s

17:20:18 | INFO: Starting glTF 2.0 export
17:20:18 | INFO: Extracting primitive: Field_1Geometry
17:20:18 | INFO: Primitives created: 1
17:20:18 | INFO: Finished glTF 2.0 export in 0.014960289001464844 s

17:20:18 | INFO: Starting glTF 2.0 export
17:20:18 | INFO: Extracting primitive: Field_2Geometry
17:20:18 | INFO: Primitives created: 1
17:20:18 | INFO: Finished glTF 2.0 export in 0.011967658996582031 s

17:20:18 | INFO: Starting glTF 2.0 export
17:20:18 | INFO: Extracting primitive: Field_3Geometry
17:20:18 | INFO: Primitives created: 1
17:20:18 | INFO: Finished glTF 2.0 export in 0.010781049728393555 s

17:20:18 | INFO: Starting glTF 2.0 export
17:20:18 | INFO: Extracting primitive: Field_4Geometry
17:20:18 | INFO: Primitives created: 1
17:20:18 | INFO: Finished glTF 2.0 export in 0.010957717895507812 s

17:20:18 | INFO: Starting glTF 2.0 export
17:20:18 | INFO: Extracting primitive: Field_5Geometry
17:20:18 | INFO: Primitives created: 1
17:20:18 | INFO: Finished glTF 2.0 export in 0.01802539825439453 s

17:20:18 | INFO: Starting glTF 2.0 export
17:20:18 | INFO: Extracting primitive: Field_6Geometry
17:20:18 | INFO: Primitives created: 1
17:20:18 | INFO: Finished glTF 2.0 export in 0.015887737274169922 s

17:20:18 | INFO: Starting glTF 2.0 export
17:20:18 | INFO: Extracting primitive: Field_7Geometry
17:20:18 | INFO: Primitives created: 1
17:20:18 | INFO: Finished glTF 2.0 export in 0.01652979850769043 s

17:20:18 | INFO: Starting glTF 2.0 export
17:20:18 | INFO: Extracting primitive: Field_8Geometry
17:20:18 | INFO: Primitives created: 1
17:20:18 | INFO: Finished glTF 2.0 export in 0.01851963996887207 s

17:20:18 | INFO: Starting glTF 2.0 export
17:20:18 | INFO: Extracting primitive: Field_9Geometry
17:20:18 | INFO: Primitives created: 1
17:20:18 | INFO: Finished glTF 2.0 export in 0.018948793411254883 s

17:20:18 | INFO: Starting glTF 2.0 export
17:20:18 | INFO: Extracting primitive: Field_10Geometry
17:20:18 | INFO: Primitives created: 1
17:20:18 | INFO: Finished glTF 2.0 export in 0.013778924942016602 s

17:20:18 | INFO: Starting glTF 2.0 export
17:20:18 | INFO: Extracting primitive: Field_11Geometry
17:20:18 | INFO: Primitives created: 1
17:20:18 | INFO: Finished glTF 2.0 export in 0.016045808792114258 s

INDEPENDENT WORLD MODULES 221
Blender 4.5.0 (hash 8cb6b388974a built 2025-07-15 01:36:24)

Blender quit
