INFO Draco mesh compression is available, use library at D:\test6\.tools\blender\blender-4.5.0-windows-x64\4.5\scripts\addons_core\io_scene_gltf2\extern_draco.dll
18:39:31 | INFO: Starting glTF 2.0 export
18:39:31 | INFO: Extracting primitive: Belt stitching 1
18:39:31 | INFO: Primitives created: 1
18:39:31 | INFO: Extracting primitive: Hand modeled mesh.002
18:39:31 | INFO: Primitives created: 1
18:39:31 | INFO: Extracting primitive: Belt stitching 3
18:39:31 | INFO: Primitives created: 1
18:39:31 | INFO: Extracting primitive: Boiler chimney
18:39:31 | INFO: Primitives created: 1
18:39:31 | INFO: Extracting primitive: Cube.007
18:39:31 | INFO: Primitives created: 1
18:39:31 | INFO: Extracting primitive: Cube.008
18:39:31 | INFO: Primitives created: 1
18:39:31 | INFO: Extracting primitive: Cube.001
18:39:31 | INFO: Primitives created: 1
18:39:31 | INFO: Extracting primitive: Cube.003
18:39:31 | INFO: Primitives created: 1
18:39:31 | INFO: Extracting primitive: Cube.005
18:39:31 | INFO: Primitives created: 1
18:39:31 | INFO: Extracting primitive: Cube.026
18:39:31 | INFO: Primitives created: 1
18:39:31 | INFO: Extracting primitive: Hand modeled mesh
18:39:31 | INFO: Primitives created: 1
18:39:31 | INFO: Extracting primitive: Cube.024
18:39:31 | INFO: Primitives created: 1
18:39:31 | INFO: Extracting primitive: Cube.023
18:39:31 | INFO: Primitives created: 1
18:39:31 | INFO: Extracting primitive: Cube.022
18:39:31 | INFO: Primitives created: 1
18:39:31 | INFO: Extracting primitive: Cube.021
18:39:31 | INFO: Primitives created: 1
18:39:31 | INFO: Extracting primitive: Cube.020
18:39:31 | INFO: Primitives created: 1
18:39:31 | INFO: Extracting primitive: Cube.019
18:39:31 | INFO: Primitives created: 1
18:39:31 | INFO: Extracting primitive: Cube.018
18:39:31 | INFO: Primitives created: 1
18:39:31 | INFO: Extracting primitive: Icosphere
18:39:31 | INFO: Primitives created: 1
18:39:31 | INFO: Extracting primitive: FlagMesh
18:39:31 | INFO: Primitives created: 1
18:39:31 | INFO: Extracting primitive: Flagstaff
18:39:31 | INFO: Primitives created: 1
18:39:31 | INFO: Extracting primitive: GondolaMesh
18:39:31 | INFO: Primitives created: 1
18:39:31 | INFO: Extracting primitive: Hand modeled mesh.003
18:39:31 | INFO: Primitives created: 1
18:39:31 | INFO: Extracting primitive: Hand modeled mesh.004
18:39:31 | INFO: Primitives created: 1
18:39:31 | INFO: Extracting primitive: Hand modeled mesh.005
18:39:31 | INFO: Primitives created: 1
18:39:31 | INFO: Extracting primitive: Hand modeled mesh.006
18:39:31 | INFO: Primitives created: 1
18:39:31 | INFO: Extracting primitive: Hand modeled mesh.007
18:39:31 | INFO: Primitives created: 1
18:39:31 | INFO: Extracting primitive: Hand modeled mesh.008
18:39:31 | INFO: Primitives created: 1
18:39:31 | INFO: Extracting primitive: Hand modeled mesh.009
18:39:31 | INFO: Primitives created: 1
18:39:31 | INFO: Extracting primitive: Hand modeled mesh.010
18:39:31 | INFO: Primitives created: 1
18:39:31 | INFO: Extracting primitive: Hand modeled mesh.011
18:39:31 | INFO: Primitives created: 1
18:39:31 | INFO: Extracting primitive: Hand modeled mesh.012
18:39:31 | INFO: Primitives created: 1
18:39:31 | INFO: Extracting primitive: Hand modeled mesh.013
18:39:31 | INFO: Primitives created: 1
18:39:31 | INFO: Extracting primitive: Hand modeled mesh.014
18:39:31 | INFO: Primitives created: 1
18:39:31 | INFO: Extracting primitive: Hand modeled mesh.015
18:39:31 | INFO: Primitives created: 1
18:39:31 | INFO: Extracting primitive: Hand modeled mesh.016
18:39:31 | INFO: Primitives created: 1
18:39:31 | INFO: Extracting primitive: Hand modeled mesh.017
18:39:31 | INFO: Primitives created: 1
18:39:31 | INFO: Extracting primitive: Hand modeled mesh.018
18:39:31 | INFO: Primitives created: 1
18:39:31 | INFO: Extracting primitive: Hand modeled mesh.019
18:39:31 | INFO: Primitives created: 1
18:39:31 | INFO: Extracting primitive: Hand modeled mesh.020
18:39:31 | INFO: Primitives created: 1
18:39:31 | INFO: Extracting primitive: Hand modeled mesh.021
18:39:31 | INFO: Primitives created: 1
18:39:31 | INFO: Extracting primitive: Hand modeled mesh.022
18:39:31 | INFO: Primitives created: 1
18:39:31 | INFO: Extracting primitive: Hand modeled mesh.023
18:39:31 | INFO: Primitives created: 1
18:39:31 | INFO: Extracting primitive: Hand modeled mesh.024
18:39:31 | INFO: Primitives created: 1
18:39:31 | INFO: Extracting primitive: Hand modeled mesh.025
18:39:31 | INFO: Primitives created: 1
18:39:31 | INFO: Extracting primitive: Hand modeled mesh.026
18:39:31 | INFO: Primitives created: 1
18:39:31 | INFO: Extracting primitive: Hand modeled mesh.027
18:39:31 | INFO: Primitives created: 1
18:39:31 | INFO: Extracting primitive: Hand modeled mesh.028
18:39:31 | INFO: Primitives created: 1
18:39:31 | INFO: Extracting primitive: Hand modeled mesh.029
18:39:31 | INFO: Primitives created: 1
18:39:31 | INFO: Extracting primitive: Hand modeled mesh.030
18:39:31 | INFO: Primitives created: 1
18:39:31 | INFO: Extracting primitive: Hand modeled mesh.031
18:39:31 | INFO: Primitives created: 1
18:39:31 | INFO: Extracting primitive: Hand modeled mesh.032
18:39:31 | INFO: Primitives created: 1
18:39:31 | INFO: Extracting primitive: Hand modeled mesh.033
18:39:31 | INFO: Primitives created: 1
18:39:31 | INFO: Extracting primitive: Hand modeled mesh.034
18:39:31 | INFO: Primitives created: 1
18:39:31 | INFO: Extracting primitive: Hand modeled mesh.035
18:39:31 | INFO: Primitives created: 1
18:39:31 | INFO: Extracting primitive: Hand modeled mesh.036
18:39:31 | INFO: Primitives created: 1
18:39:31 | INFO: Extracting primitive: Hand modeled mesh.037
18:39:31 | INFO: Primitives created: 1
18:39:31 | INFO: Extracting primitive: Hand modeled mesh.038
18:39:31 | INFO: Primitives created: 1
18:39:31 | INFO: Extracting primitive: Hand modeled mesh.039
18:39:31 | INFO: Primitives created: 1
18:39:31 | INFO: Extracting primitive: Hand modeled mesh.040
18:39:31 | INFO: Primitives created: 1
18:39:31 | INFO: Extracting primitive: Hand modeled mesh.041
18:39:31 | INFO: Primitives created: 1
18:39:31 | INFO: Extracting primitive: Hand modeled mesh.042
18:39:31 | INFO: Primitives created: 1
18:39:31 | INFO: Extracting primitive: Hand modeled mesh.043
18:39:31 | INFO: Primitives created: 1
18:39:31 | INFO: Extracting primitive: Hand modeled mesh.044
18:39:31 | INFO: Primitives created: 1
18:39:31 | INFO: Extracting primitive: Hand modeled mesh.045
18:39:31 | INFO: Primitives created: 1
18:39:31 | INFO: Extracting primitive: Hand modeled mesh.046
18:39:31 | INFO: Primitives created: 1
18:39:31 | INFO: Extracting primitive: Hand modeled mesh.047
18:39:31 | INFO: Primitives created: 1
18:39:31 | INFO: Extracting primitive: Hand modeled mesh.048
18:39:31 | INFO: Primitives created: 1
18:39:31 | INFO: Extracting primitive: Hand modeled mesh.049
18:39:31 | INFO: Primitives created: 1
18:39:31 | INFO: Extracting primitive: Hand modeled mesh.050
18:39:31 | INFO: Primitives created: 1
18:39:31 | INFO: Extracting primitive: Hand modeled mesh.051
18:39:31 | INFO: Primitives created: 1
18:39:31 | INFO: Extracting primitive: Hand modeled mesh.052
18:39:31 | INFO: Primitives created: 1
18:39:31 | INFO: Extracting primitive: Hand modeled mesh.053
18:39:32 | INFO: Primitives created: 1
18:39:32 | INFO: Extracting primitive: Hand modeled mesh.054
18:39:32 | INFO: Primitives created: 1
18:39:32 | INFO: Extracting primitive: Hand modeled mesh.055
18:39:32 | INFO: Primitives created: 1
18:39:32 | INFO: Extracting primitive: Hand modeled mesh.056
18:39:32 | INFO: Primitives created: 1
18:39:32 | INFO: Extracting primitive: Hand modeled mesh.057
18:39:32 | INFO: Primitives created: 1
18:39:32 | INFO: Extracting primitive: Hand modeled mesh.058
18:39:32 | INFO: Primitives created: 1
18:39:32 | INFO: Extracting primitive: Hand modeled mesh.059
18:39:32 | INFO: Primitives created: 1
18:39:32 | INFO: Extracting primitive: Hand modeled mesh.060
18:39:32 | INFO: Primitives created: 1
18:39:32 | INFO: Extracting primitive: Hand modeled mesh.061
18:39:32 | INFO: Primitives created: 1
18:39:32 | INFO: Extracting primitive: Hand modeled mesh.062
18:39:32 | INFO: Primitives created: 1
18:39:32 | INFO: Extracting primitive: Lantern suspension
18:39:32 | INFO: Primitives created: 1
18:39:32 | INFO: Extracting primitive: Leather belt 1
18:39:32 | INFO: Primitives created: 1
18:39:32 | INFO: Extracting primitive: Hand modeled mesh.001
18:39:32 | INFO: Primitives created: 1
18:39:32 | INFO: Extracting primitive: Leather belt 3
18:39:32 | INFO: Primitives created: 1
18:39:32 | INFO: Extracting primitive: Cube.025
18:39:32 | INFO: Primitives created: 1
18:39:32 | INFO: Extracting primitive: Rear propeller axle
18:39:32 | INFO: Primitives created: 1
18:39:32 | INFO: Extracting primitive: RiggingMesh
18:39:32 | INFO: Primitives created: 1
18:39:32 | INFO: Extracting primitive: Cube.012
18:39:32 | INFO: Primitives created: 1
18:39:32 | INFO: Extracting primitive: Cube.011
18:39:32 | INFO: Primitives created: 1
18:39:32 | INFO: Extracting primitive: Cube.010
18:39:32 | INFO: Primitives created: 1
18:39:32 | INFO: Extracting primitive: Cube.009
18:39:32 | INFO: Primitives created: 1
18:39:32 | INFO: Extracting primitive: Cube.013
18:39:32 | INFO: Primitives created: 1
18:39:32 | INFO: Extracting primitive: Cube.014
18:39:32 | INFO: Primitives created: 1
18:39:32 | INFO: Extracting primitive: Cube.015
18:39:32 | INFO: Primitives created: 1
18:39:32 | INFO: Extracting primitive: Cube.016
18:39:32 | INFO: Primitives created: 1
18:39:32 | INFO: Extracting primitive: Cube.017
18:39:32 | INFO: Primitives created: 1
18:39:32 | INFO: Extracting primitive: Rope swag -1_-1.45
18:39:32 | INFO: Primitives created: 1
18:39:32 | INFO: Extracting primitive: Rope swag -1_-2.75
18:39:32 | INFO: Primitives created: 1
18:39:32 | INFO: Extracting primitive: Rope swag -1_0.1
18:39:32 | INFO: Primitives created: 1
18:39:32 | INFO: Extracting primitive: Rope swag -1_1.5
18:39:32 | INFO: Primitives created: 1
18:39:32 | INFO: Extracting primitive: Rope swag 1_-1.45
18:39:32 | INFO: Primitives created: 1
18:39:32 | INFO: Extracting primitive: Rope swag 1_-2.75
18:39:32 | INFO: Primitives created: 1
18:39:32 | INFO: Extracting primitive: Rope swag 1_0.1
18:39:32 | INFO: Primitives created: 1
18:39:32 | INFO: Extracting primitive: Rope swag 1_1.5
18:39:32 | INFO: Primitives created: 1
18:39:32 | INFO: Extracting primitive: Tension cable 0_-1
18:39:32 | INFO: Primitives created: 1
18:39:32 | INFO: Extracting primitive: Tension cable 0_1
18:39:32 | INFO: Primitives created: 1
18:39:32 | INFO: Extracting primitive: Tension cable 1_-1
18:39:32 | INFO: Primitives created: 1
18:39:32 | INFO: Extracting primitive: Tension cable 1_1
18:39:32 | INFO: Primitives created: 1
18:39:32 | INFO: Extracting primitive: Upper gunwale -1
18:39:32 | INFO: Primitives created: 1
18:39:32 | INFO: Extracting primitive: Upper gunwale 1
18:39:32 | INFO: Primitives created: 1
18:39:32 | INFO: Extracting primitive: Cube.002
18:39:32 | INFO: Primitives created: 1
18:39:32 | INFO: Extracting primitive: Cube.004
18:39:32 | INFO: Primitives created: 1
18:39:32 | INFO: Extracting primitive: Cube.006
18:39:32 | INFO: Primitives created: 1
18:39:32 | INFO: Finished glTF 2.0 export in 0.2365705966949463 s

18:39:32 | INFO: Starting glTF 2.0 export
18:39:32 | INFO: Extracting primitive: cloud_primaryGeometry
18:39:32 | INFO: Primitives created: 1
18:39:32 | INFO: Finished glTF 2.0 export in 0.01592540740966797 s

18:39:32 | INFO: Starting glTF 2.0 export
18:39:32 | INFO: Extracting primitive: cloud_middleGeometry
18:39:32 | INFO: Primitives created: 1
18:39:32 | INFO: Finished glTF 2.0 export in 0.034416913986206055 s

18:39:32 | INFO: Starting glTF 2.0 export
18:39:32 | INFO: Extracting primitive: cloud_lowGeometry
18:39:32 | INFO: Primitives created: 1
18:39:32 | INFO: Finished glTF 2.0 export in 0.012964487075805664 s

18:39:32 | INFO: Starting glTF 2.0 export
18:39:32 | INFO: Extracting primitive: cloud_edgeGeometry
18:39:32 | INFO: Primitives created: 1
18:39:32 | INFO: Finished glTF 2.0 export in 0.009973764419555664 s

Info: Saved as "Assets.blend"
UPDATED AIRSHIP CLOTH AND FOUR COMPLETE CLOUD ASSETS
Blender 4.5.0 (hash 8cb6b388974a built 2025-07-15 01:36:24)
Read blend: "D:\test6\blender\Assets.blend"

Blender quit
