INFO Draco mesh compression is available, use library at D:\test6\.tools\blender\blender-4.5.0-windows-x64\4.5\scripts\addons_core\io_scene_gltf2\extern_draco.dll
21:45:35 | INFO: Starting glTF 2.0 export
21:45:35 | INFO: Extracting primitive: massif_frost_crownGeometry
21:45:35 | INFO: Primitives created: 1
21:45:35 | INFO: Finished glTF 2.0 export in 0.0059871673583984375 s

Info: Saved as "massif_frost_crown.blend"
COMPLETE ALPINE MODULE massif_frost_crown 74 144
21:45:35 | INFO: Starting glTF 2.0 export
21:45:35 | INFO: Extracting primitive: massif_west_summitGeometry
21:45:35 | INFO: Primitives created: 1
21:45:35 | INFO: Finished glTF 2.0 export in 0.004323244094848633 s

Info: Saved as "massif_west_summit.blend"
COMPLETE ALPINE MODULE massif_west_summit 74 144
21:45:35 | INFO: Starting glTF 2.0 export
21:45:35 | INFO: Extracting primitive: massif_needle_ridgeGeometry
21:45:35 | INFO: Primitives created: 1
21:45:35 | INFO: Finished glTF 2.0 export in 0.004986763000488281 s

Info: Saved as "massif_needle_ridge.blend"
COMPLETE ALPINE MODULE massif_needle_ridge 74 144
21:45:35 | INFO: Starting glTF 2.0 export
21:45:35 | INFO: Extracting primitive: massif_east_summitGeometry
21:45:35 | INFO: Primitives created: 1
21:45:35 | INFO: Finished glTF 2.0 export in 0.005815982818603516 s

Info: Saved as "massif_east_summit.blend"
COMPLETE ALPINE MODULE massif_east_summit 74 144
21:45:35 | INFO: Starting glTF 2.0 export
21:45:35 | INFO: Extracting primitive: massif_east_spurGeometry
21:45:35 | INFO: Primitives created: 1
21:45:35 | INFO: Finished glTF 2.0 export in 0.0049877166748046875 s

Info: Saved as "massif_east_spur.blend"
COMPLETE ALPINE MODULE massif_east_spur 76 148
21:45:35 | INFO: Starting glTF 2.0 export
21:45:35 | INFO: Extracting primitive: massif_west_spurGeometry
21:45:35 | INFO: Primitives created: 1
21:45:35 | INFO: Finished glTF 2.0 export in 0.0053141117095947266 s

Info: Saved as "massif_west_spur.blend"
COMPLETE ALPINE MODULE massif_west_spur 74 144
21:45:35 | INFO: Starting glTF 2.0 export
21:45:35 | INFO: Extracting primitive: massif_cirque_wallGeometry
21:45:35 | INFO: Primitives created: 1
21:45:35 | INFO: Finished glTF 2.0 export in 0.004981517791748047 s

Info: Saved as "massif_cirque_wall.blend"
COMPLETE ALPINE MODULE massif_cirque_wall 74 144
21:45:35 | INFO: Starting glTF 2.0 export
21:45:35 | INFO: Extracting primitive: massif_east_foothillGeometry
21:45:35 | INFO: Primitives created: 1
21:45:35 | INFO: Finished glTF 2.0 export in 0.0039904117584228516 s

Info: Saved as "massif_east_foothill.blend"
COMPLETE ALPINE MODULE massif_east_foothill 75 146
21:45:35 | INFO: Starting glTF 2.0 export
21:45:35 | INFO: Extracting primitive: massif_blue_buttressGeometry
21:45:35 | INFO: Primitives created: 1
21:45:35 | INFO: Finished glTF 2.0 export in 0.005990028381347656 s

Info: Saved as "massif_blue_buttress.blend"
COMPLETE ALPINE MODULE massif_blue_buttress 74 144
21:45:35 | INFO: Starting glTF 2.0 export
21:45:35 | INFO: Extracting primitive: massif_valley_guardGeometry
21:45:35 | INFO: Primitives created: 1
21:45:35 | INFO: Finished glTF 2.0 export in 0.003989219665527344 s

Info: Saved as "massif_valley_guard.blend"
COMPLETE ALPINE MODULE massif_valley_guard 74 144
21:45:35 | INFO: Starting glTF 2.0 export
21:45:35 | INFO: Extracting primitive: massif_west_foothillGeometry
21:45:35 | INFO: Primitives created: 1
21:45:35 | INFO: Finished glTF 2.0 export in 0.004955768585205078 s

Info: Saved as "massif_west_foothill.blend"
COMPLETE ALPINE MODULE massif_west_foothill 74 144
Blender 4.5.0 (hash 8cb6b388974a built 2025-07-15 01:36:24)

Blender quit
