INFO Draco mesh compression is available, use library at D:\test6\.tools\blender\blender-4.5.0-windows-x64\4.5\scripts\addons_core\io_scene_gltf2\extern_draco.dll
21:22:16 | INFO: Starting glTF 2.0 export
21:22:16 | INFO: Extracting primitive: Ground_-6_-10Geometry
21:22:16 | INFO: Primitives created: 1
21:22:16 | INFO: Finished glTF 2.0 export in 0.012338399887084961 s

Info: Saved as "Ground_-6_-10.blend"
UPDATED TERRAIN MODULE Ground_-6_-10 2048
21:22:16 | INFO: Starting glTF 2.0 export
21:22:16 | INFO: Extracting primitive: Ground_-5_-10Geometry
21:22:16 | INFO: Primitives created: 1
21:22:16 | INFO: Finished glTF 2.0 export in 0.006290435791015625 s

Info: Saved as "Ground_-5_-10.blend"
UPDATED TERRAIN MODULE Ground_-5_-10 2048
21:22:17 | INFO: Starting glTF 2.0 export
21:22:17 | INFO: Extracting primitive: Ground_-4_-10Geometry
21:22:17 | INFO: Primitives created: 1
21:22:17 | INFO: Finished glTF 2.0 export in 0.009895801544189453 s

Info: Saved as "Ground_-4_-10.blend"
UPDATED TERRAIN MODULE Ground_-4_-10 2048
21:22:17 | INFO: Starting glTF 2.0 export
21:22:17 | INFO: Extracting primitive: Ground_-3_-10Geometry
21:22:17 | INFO: Primitives created: 1
21:22:17 | INFO: Finished glTF 2.0 export in 0.008391380310058594 s

Info: Saved as "Ground_-3_-10.blend"
UPDATED TERRAIN MODULE Ground_-3_-10 2048
21:22:17 | INFO: Starting glTF 2.0 export
21:22:17 | INFO: Extracting primitive: Ground_-2_-10Geometry
21:22:17 | INFO: Primitives created: 1
21:22:17 | INFO: Finished glTF 2.0 export in 0.008948326110839844 s

Info: Saved as "Ground_-2_-10.blend"
UPDATED TERRAIN MODULE Ground_-2_-10 2048
21:22:18 | INFO: Starting glTF 2.0 export
21:22:18 | INFO: Extracting primitive: Ground_-1_-10Geometry
21:22:18 | INFO: Primitives created: 1
21:22:18 | INFO: Finished glTF 2.0 export in 0.013664722442626953 s

Info: Saved as "Ground_-1_-10.blend"
UPDATED TERRAIN MODULE Ground_-1_-10 2048
21:22:18 | INFO: Starting glTF 2.0 export
21:22:18 | INFO: Extracting primitive: Ground_0_-10Geometry
21:22:18 | INFO: Primitives created: 1
21:22:18 | INFO: Finished glTF 2.0 export in 0.015331745147705078 s

Info: Saved as "Ground_0_-10.blend"
UPDATED TERRAIN MODULE Ground_0_-10 2048
21:22:18 | INFO: Starting glTF 2.0 export
21:22:18 | INFO: Extracting primitive: Ground_1_-10Geometry
21:22:18 | INFO: Primitives created: 1
21:22:18 | INFO: Finished glTF 2.0 export in 0.006984233856201172 s

Info: Saved as "Ground_1_-10.blend"
UPDATED TERRAIN MODULE Ground_1_-10 2048
21:22:19 | INFO: Starting glTF 2.0 export
21:22:19 | INFO: Extracting primitive: Ground_2_-10Geometry
21:22:19 | INFO: Primitives created: 1
21:22:19 | INFO: Finished glTF 2.0 export in 0.009787321090698242 s

Info: Saved as "Ground_2_-10.blend"
UPDATED TERRAIN MODULE Ground_2_-10 2048
21:22:19 | INFO: Starting glTF 2.0 export
21:22:19 | INFO: Extracting primitive: Ground_3_-10Geometry
21:22:19 | INFO: Primitives created: 1
21:22:19 | INFO: Finished glTF 2.0 export in 0.011172771453857422 s

Info: Saved as "Ground_3_-10.blend"
UPDATED TERRAIN MODULE Ground_3_-10 2048
21:22:19 | INFO: Starting glTF 2.0 export
21:22:19 | INFO: Extracting primitive: Ground_4_-10Geometry
21:22:19 | INFO: Primitives created: 1
21:22:19 | INFO: Finished glTF 2.0 export in 0.006778717041015625 s

Info: Saved as "Ground_4_-10.blend"
UPDATED TERRAIN MODULE Ground_4_-10 2048
21:22:20 | INFO: Starting glTF 2.0 export
21:22:20 | INFO: Extracting primitive: Ground_5_-10Geometry
21:22:20 | INFO: Primitives created: 1
21:22:20 | INFO: Finished glTF 2.0 export in 0.009157180786132812 s

Info: Saved as "Ground_5_-10.blend"
UPDATED TERRAIN MODULE Ground_5_-10 2048
21:22:20 | INFO: Starting glTF 2.0 export
21:22:20 | INFO: Extracting primitive: Ground_6_-10Geometry
21:22:20 | INFO: Primitives created: 1
21:22:20 | INFO: Finished glTF 2.0 export in 0.009928226470947266 s

Info: Saved as "Ground_6_-10.blend"
UPDATED TERRAIN MODULE Ground_6_-10 2048
21:22:21 | INFO: Starting glTF 2.0 export
21:22:21 | INFO: Extracting primitive: Ground_-6_-9Geometry
21:22:21 | INFO: Primitives created: 1
21:22:21 | INFO: Finished glTF 2.0 export in 0.008208036422729492 s

Info: Saved as "Ground_-6_-9.blend"
UPDATED TERRAIN MODULE Ground_-6_-9 2048
21:22:21 | INFO: Starting glTF 2.0 export
21:22:21 | INFO: Extracting primitive: Ground_-5_-9Geometry
21:22:21 | INFO: Primitives created: 1
21:22:21 | INFO: Finished glTF 2.0 export in 0.007987260818481445 s

Info: Saved as "Ground_-5_-9.blend"
UPDATED TERRAIN MODULE Ground_-5_-9 2048
21:22:21 | INFO: Starting glTF 2.0 export
21:22:21 | INFO: Extracting primitive: Ground_-4_-9Geometry
21:22:21 | INFO: Primitives created: 1
21:22:21 | INFO: Finished glTF 2.0 export in 0.010986328125 s

Info: Saved as "Ground_-4_-9.blend"
UPDATED TERRAIN MODULE Ground_-4_-9 2048
21:22:21 | INFO: Starting glTF 2.0 export
21:22:21 | INFO: Extracting primitive: Ground_-3_-9Geometry
21:22:21 | INFO: Primitives created: 1
21:22:21 | INFO: Finished glTF 2.0 export in 0.008432388305664062 s

Info: Saved as "Ground_-3_-9.blend"
UPDATED TERRAIN MODULE Ground_-3_-9 2048
21:22:21 | INFO: Starting glTF 2.0 export
21:22:21 | INFO: Extracting primitive: Ground_-2_-9Geometry
21:22:21 | INFO: Primitives created: 1
21:22:21 | INFO: Finished glTF 2.0 export in 0.013340234756469727 s

Info: Saved as "Ground_-2_-9.blend"
UPDATED TERRAIN MODULE Ground_-2_-9 2048
21:22:21 | INFO: Starting glTF 2.0 export
21:22:22 | INFO: Extracting primitive: Ground_-1_-9Geometry
21:22:22 | INFO: Primitives created: 1
21:22:22 | INFO: Finished glTF 2.0 export in 0.009011268615722656 s

Info: Saved as "Ground_-1_-9.blend"
UPDATED TERRAIN MODULE Ground_-1_-9 2048
21:22:22 | INFO: Starting glTF 2.0 export
21:22:22 | INFO: Extracting primitive: Ground_0_-9Geometry
21:22:22 | INFO: Primitives created: 1
21:22:22 | INFO: Finished glTF 2.0 export in 0.008532285690307617 s

Info: Saved as "Ground_0_-9.blend"
UPDATED TERRAIN MODULE Ground_0_-9 2048
21:22:22 | INFO: Starting glTF 2.0 export
21:22:22 | INFO: Extracting primitive: Ground_1_-9Geometry
21:22:22 | INFO: Primitives created: 1
21:22:22 | INFO: Finished glTF 2.0 export in 0.0069844722747802734 s

Info: Saved as "Ground_1_-9.blend"
UPDATED TERRAIN MODULE Ground_1_-9 2048
21:22:22 | INFO: Starting glTF 2.0 export
21:22:22 | INFO: Extracting primitive: Ground_2_-9Geometry
21:22:22 | INFO: Primitives created: 1
21:22:22 | INFO: Finished glTF 2.0 export in 0.009153604507446289 s

Info: Saved as "Ground_2_-9.blend"
UPDATED TERRAIN MODULE Ground_2_-9 2048
21:22:22 | INFO: Starting glTF 2.0 export
21:22:22 | INFO: Extracting primitive: Ground_3_-9Geometry
21:22:22 | INFO: Primitives created: 1
21:22:22 | INFO: Finished glTF 2.0 export in 0.017788410186767578 s

Info: Saved as "Ground_3_-9.blend"
UPDATED TERRAIN MODULE Ground_3_-9 2048
21:22:22 | INFO: Starting glTF 2.0 export
21:22:22 | INFO: Extracting primitive: Ground_4_-9Geometry
21:22:22 | INFO: Primitives created: 1
21:22:22 | INFO: Finished glTF 2.0 export in 0.009496927261352539 s

Info: Saved as "Ground_4_-9.blend"
UPDATED TERRAIN MODULE Ground_4_-9 2048
21:22:23 | INFO: Starting glTF 2.0 export
21:22:23 | INFO: Extracting primitive: Ground_5_-9Geometry
21:22:23 | INFO: Primitives created: 1
21:22:23 | INFO: Finished glTF 2.0 export in 0.00856161117553711 s

Info: Saved as "Ground_5_-9.blend"
UPDATED TERRAIN MODULE Ground_5_-9 2048
21:22:23 | INFO: Starting glTF 2.0 export
21:22:23 | INFO: Extracting primitive: Ground_6_-9Geometry
21:22:23 | INFO: Primitives created: 1
21:22:23 | INFO: Finished glTF 2.0 export in 0.00882863998413086 s

Info: Saved as "Ground_6_-9.blend"
UPDATED TERRAIN MODULE Ground_6_-9 2048
21:22:23 | INFO: Starting glTF 2.0 export
21:22:23 | INFO: Extracting primitive: Ground_-6_-8Geometry
21:22:23 | INFO: Primitives created: 1
21:22:23 | INFO: Finished glTF 2.0 export in 0.012994050979614258 s

Info: Saved as "Ground_-6_-8.blend"
UPDATED TERRAIN MODULE Ground_-6_-8 2736
21:22:23 | INFO: Starting glTF 2.0 export
21:22:23 | INFO: Extracting primitive: Ground_-5_-8Geometry
21:22:23 | INFO: Primitives created: 1
21:22:23 | INFO: Finished glTF 2.0 export in 0.010081052780151367 s

Info: Saved as "Ground_-5_-8.blend"
UPDATED TERRAIN MODULE Ground_-5_-8 2048
21:22:24 | INFO: Starting glTF 2.0 export
21:22:24 | INFO: Extracting primitive: Ground_-4_-8Geometry
21:22:24 | INFO: Primitives created: 1
21:22:24 | INFO: Finished glTF 2.0 export in 0.00765228271484375 s

Info: Saved as "Ground_-4_-8.blend"
UPDATED TERRAIN MODULE Ground_-4_-8 2048
21:22:24 | INFO: Starting glTF 2.0 export
21:22:24 | INFO: Extracting primitive: Ground_-3_-8Geometry
21:22:24 | INFO: Primitives created: 1
21:22:24 | INFO: Finished glTF 2.0 export in 0.009452104568481445 s

Info: Saved as "Ground_-3_-8.blend"
UPDATED TERRAIN MODULE Ground_-3_-8 2048
21:22:24 | INFO: Starting glTF 2.0 export
21:22:24 | INFO: Extracting primitive: Ground_-2_-8Geometry
21:22:24 | INFO: Primitives created: 1
21:22:24 | INFO: Finished glTF 2.0 export in 0.009317159652709961 s

Info: Saved as "Ground_-2_-8.blend"
UPDATED TERRAIN MODULE Ground_-2_-8 2048
21:22:24 | INFO: Starting glTF 2.0 export
21:22:24 | INFO: Extracting primitive: Ground_-1_-8Geometry
21:22:24 | INFO: Primitives created: 1
21:22:24 | INFO: Finished glTF 2.0 export in 0.006978034973144531 s

Info: Saved as "Ground_-1_-8.blend"
UPDATED TERRAIN MODULE Ground_-1_-8 2048
21:22:24 | INFO: Starting glTF 2.0 export
21:22:24 | INFO: Extracting primitive: Ground_0_-8Geometry
21:22:24 | INFO: Primitives created: 1
21:22:24 | INFO: Finished glTF 2.0 export in 0.009016036987304688 s

Info: Saved as "Ground_0_-8.blend"
UPDATED TERRAIN MODULE Ground_0_-8 2048
21:22:24 | INFO: Starting glTF 2.0 export
21:22:24 | INFO: Extracting primitive: Ground_1_-8Geometry
21:22:25 | INFO: Primitives created: 1
21:22:25 | INFO: Finished glTF 2.0 export in 0.009461641311645508 s

Info: Saved as "Ground_1_-8.blend"
UPDATED TERRAIN MODULE Ground_1_-8 2048
21:22:25 | INFO: Starting glTF 2.0 export
21:22:25 | INFO: Extracting primitive: Ground_2_-8Geometry
21:22:25 | INFO: Primitives created: 1
21:22:25 | INFO: Finished glTF 2.0 export in 0.009975671768188477 s

Info: Saved as "Ground_2_-8.blend"
UPDATED TERRAIN MODULE Ground_2_-8 2048
21:22:25 | INFO: Starting glTF 2.0 export
21:22:25 | INFO: Extracting primitive: Ground_3_-8Geometry
21:22:25 | INFO: Primitives created: 1
21:22:25 | INFO: Finished glTF 2.0 export in 0.009212493896484375 s

Info: Saved as "Ground_3_-8.blend"
UPDATED TERRAIN MODULE Ground_3_-8 2048
21:22:25 | INFO: Starting glTF 2.0 export
21:22:25 | INFO: Extracting primitive: Ground_4_-8Geometry
21:22:25 | INFO: Primitives created: 1
21:22:25 | INFO: Finished glTF 2.0 export in 0.007285594940185547 s

Info: Saved as "Ground_4_-8.blend"
UPDATED TERRAIN MODULE Ground_4_-8 2048
21:22:25 | INFO: Starting glTF 2.0 export
21:22:25 | INFO: Extracting primitive: Ground_5_-8Geometry
21:22:25 | INFO: Primitives created: 1
21:22:25 | INFO: Finished glTF 2.0 export in 0.0069427490234375 s

Info: Saved as "Ground_5_-8.blend"
UPDATED TERRAIN MODULE Ground_5_-8 2048
21:22:26 | INFO: Starting glTF 2.0 export
21:22:26 | INFO: Extracting primitive: Ground_6_-8Geometry
21:22:26 | INFO: Primitives created: 1
21:22:26 | INFO: Finished glTF 2.0 export in 0.006014585494995117 s

Info: Saved as "Ground_6_-8.blend"
UPDATED TERRAIN MODULE Ground_6_-8 2048
21:22:26 | INFO: Starting glTF 2.0 export
21:22:26 | INFO: Extracting primitive: Ground_-6_-7Geometry
21:22:26 | INFO: Primitives created: 1
21:22:26 | INFO: Finished glTF 2.0 export in 0.008560657501220703 s

Info: Saved as "Ground_-6_-7.blend"
UPDATED TERRAIN MODULE Ground_-6_-7 3166
21:22:26 | INFO: Starting glTF 2.0 export
21:22:26 | INFO: Extracting primitive: Ground_-5_-7Geometry
21:22:26 | INFO: Primitives created: 1
21:22:26 | INFO: Finished glTF 2.0 export in 0.006558895111083984 s

Info: Saved as "Ground_-5_-7.blend"
UPDATED TERRAIN MODULE Ground_-5_-7 2048
21:22:26 | INFO: Starting glTF 2.0 export
21:22:26 | INFO: Extracting primitive: Ground_-4_-7Geometry
21:22:26 | INFO: Primitives created: 1
21:22:26 | INFO: Finished glTF 2.0 export in 0.008045196533203125 s

Info: Saved as "Ground_-4_-7.blend"
UPDATED TERRAIN MODULE Ground_-4_-7 2048
21:22:27 | INFO: Starting glTF 2.0 export
21:22:27 | INFO: Extracting primitive: Ground_-3_-7Geometry
21:22:27 | INFO: Primitives created: 1
21:22:27 | INFO: Finished glTF 2.0 export in 0.008974552154541016 s

Info: Saved as "Ground_-3_-7.blend"
UPDATED TERRAIN MODULE Ground_-3_-7 2048
21:22:27 | INFO: Starting glTF 2.0 export
21:22:27 | INFO: Extracting primitive: Ground_-2_-7Geometry
21:22:27 | INFO: Primitives created: 1
21:22:27 | INFO: Finished glTF 2.0 export in 0.012561798095703125 s

Info: Saved as "Ground_-2_-7.blend"
UPDATED TERRAIN MODULE Ground_-2_-7 2048
21:22:27 | INFO: Starting glTF 2.0 export
21:22:27 | INFO: Extracting primitive: Ground_-1_-7Geometry
21:22:27 | INFO: Primitives created: 1
21:22:27 | INFO: Finished glTF 2.0 export in 0.00843667984008789 s

Info: Saved as "Ground_-1_-7.blend"
UPDATED TERRAIN MODULE Ground_-1_-7 2048
21:22:27 | INFO: Starting glTF 2.0 export
21:22:27 | INFO: Extracting primitive: Ground_0_-7Geometry
21:22:27 | INFO: Primitives created: 1
21:22:27 | INFO: Finished glTF 2.0 export in 0.008635997772216797 s

Info: Saved as "Ground_0_-7.blend"
UPDATED TERRAIN MODULE Ground_0_-7 2048
21:22:27 | INFO: Starting glTF 2.0 export
21:22:27 | INFO: Extracting primitive: Ground_1_-7Geometry
21:22:27 | INFO: Primitives created: 1
21:22:27 | INFO: Finished glTF 2.0 export in 0.013019084930419922 s

Info: Saved as "Ground_1_-7.blend"
UPDATED TERRAIN MODULE Ground_1_-7 2048
21:22:27 | INFO: Starting glTF 2.0 export
21:22:27 | INFO: Extracting primitive: Ground_2_-7Geometry
21:22:27 | INFO: Primitives created: 1
21:22:27 | INFO: Finished glTF 2.0 export in 0.009023189544677734 s

Info: Saved as "Ground_2_-7.blend"
UPDATED TERRAIN MODULE Ground_2_-7 2048
21:22:28 | INFO: Starting glTF 2.0 export
21:22:28 | INFO: Extracting primitive: Ground_3_-7Geometry
21:22:28 | INFO: Primitives created: 1
21:22:28 | INFO: Finished glTF 2.0 export in 0.008993148803710938 s

Info: Saved as "Ground_3_-7.blend"
UPDATED TERRAIN MODULE Ground_3_-7 2048
21:22:28 | INFO: Starting glTF 2.0 export
21:22:28 | INFO: Extracting primitive: Ground_4_-7Geometry
21:22:28 | INFO: Primitives created: 1
21:22:28 | INFO: Finished glTF 2.0 export in 0.016513347625732422 s

Info: Saved as "Ground_4_-7.blend"
UPDATED TERRAIN MODULE Ground_4_-7 2048
21:22:28 | INFO: Starting glTF 2.0 export
21:22:28 | INFO: Extracting primitive: Ground_5_-7Geometry
21:22:28 | INFO: Primitives created: 1
21:22:28 | INFO: Finished glTF 2.0 export in 0.006493091583251953 s

Info: Saved as "Ground_5_-7.blend"
UPDATED TERRAIN MODULE Ground_5_-7 2048
21:22:28 | INFO: Starting glTF 2.0 export
21:22:28 | INFO: Extracting primitive: Ground_6_-7Geometry
21:22:28 | INFO: Primitives created: 1
21:22:28 | INFO: Finished glTF 2.0 export in 0.007941246032714844 s

Info: Saved as "Ground_6_-7.blend"
UPDATED TERRAIN MODULE Ground_6_-7 2048
21:22:29 | INFO: Starting glTF 2.0 export
21:22:29 | INFO: Extracting primitive: Ground_-6_-6Geometry
21:22:29 | INFO: Primitives created: 1
21:22:29 | INFO: Finished glTF 2.0 export in 0.0180356502532959 s

Info: Saved as "Ground_-6_-6.blend"
UPDATED TERRAIN MODULE Ground_-6_-6 2270
21:22:29 | INFO: Starting glTF 2.0 export
21:22:29 | INFO: Extracting primitive: Ground_-5_-6Geometry
21:22:29 | INFO: Primitives created: 1
21:22:29 | INFO: Finished glTF 2.0 export in 0.012264013290405273 s

Info: Saved as "Ground_-5_-6.blend"
UPDATED TERRAIN MODULE Ground_-5_-6 2986
21:22:29 | INFO: Starting glTF 2.0 export
21:22:29 | INFO: Extracting primitive: Ground_-4_-6Geometry
21:22:29 | INFO: Primitives created: 1
21:22:29 | INFO: Finished glTF 2.0 export in 0.014793634414672852 s

Info: Saved as "Ground_-4_-6.blend"
UPDATED TERRAIN MODULE Ground_-4_-6 2048
21:22:30 | INFO: Starting glTF 2.0 export
21:22:30 | INFO: Extracting primitive: Ground_-3_-6Geometry
21:22:30 | INFO: Primitives created: 1
21:22:30 | INFO: Finished glTF 2.0 export in 0.01003122329711914 s

Info: Saved as "Ground_-3_-6.blend"
UPDATED TERRAIN MODULE Ground_-3_-6 2048
21:22:30 | INFO: Starting glTF 2.0 export
21:22:30 | INFO: Extracting primitive: Ground_-2_-6Geometry
21:22:30 | INFO: Primitives created: 1
21:22:30 | INFO: Finished glTF 2.0 export in 0.026926279067993164 s

Info: Saved as "Ground_-2_-6.blend"
UPDATED TERRAIN MODULE Ground_-2_-6 2048
21:22:30 | INFO: Starting glTF 2.0 export
21:22:30 | INFO: Extracting primitive: Ground_-1_-6Geometry
21:22:30 | INFO: Primitives created: 1
21:22:30 | INFO: Finished glTF 2.0 export in 0.0069828033447265625 s

Info: Saved as "Ground_-1_-6.blend"
UPDATED TERRAIN MODULE Ground_-1_-6 2048
21:22:31 | INFO: Starting glTF 2.0 export
21:22:31 | INFO: Extracting primitive: Ground_0_-6Geometry
21:22:31 | INFO: Primitives created: 1
21:22:31 | INFO: Finished glTF 2.0 export in 0.05130887031555176 s

Info: Saved as "Ground_0_-6.blend"
UPDATED TERRAIN MODULE Ground_0_-6 2048
21:22:31 | INFO: Starting glTF 2.0 export
21:22:31 | INFO: Extracting primitive: Ground_1_-6Geometry
21:22:31 | INFO: Primitives created: 1
21:22:31 | INFO: Finished glTF 2.0 export in 0.012965679168701172 s

Info: Saved as "Ground_1_-6.blend"
UPDATED TERRAIN MODULE Ground_1_-6 2048
21:22:32 | INFO: Starting glTF 2.0 export
21:22:32 | INFO: Extracting primitive: Ground_2_-6Geometry
21:22:32 | INFO: Primitives created: 1
21:22:32 | INFO: Finished glTF 2.0 export in 0.012482166290283203 s

Info: Saved as "Ground_2_-6.blend"
UPDATED TERRAIN MODULE Ground_2_-6 2048
21:22:32 | INFO: Starting glTF 2.0 export
21:22:32 | INFO: Extracting primitive: Ground_3_-6Geometry
21:22:32 | INFO: Primitives created: 1
21:22:32 | INFO: Finished glTF 2.0 export in 0.012965679168701172 s

Info: Saved as "Ground_3_-6.blend"
UPDATED TERRAIN MODULE Ground_3_-6 2048
21:22:32 | INFO: Starting glTF 2.0 export
21:22:32 | INFO: Extracting primitive: Ground_4_-6Geometry
21:22:32 | INFO: Primitives created: 1
21:22:32 | INFO: Finished glTF 2.0 export in 0.011358022689819336 s

Info: Saved as "Ground_4_-6.blend"
UPDATED TERRAIN MODULE Ground_4_-6 2048
21:22:33 | INFO: Starting glTF 2.0 export
21:22:33 | INFO: Extracting primitive: Ground_5_-6Geometry
21:22:33 | INFO: Primitives created: 1
21:22:33 | INFO: Finished glTF 2.0 export in 0.01650094985961914 s

Info: Saved as "Ground_5_-6.blend"
UPDATED TERRAIN MODULE Ground_5_-6 2048
21:22:33 | INFO: Starting glTF 2.0 export
21:22:33 | INFO: Extracting primitive: Ground_6_-6Geometry
21:22:33 | INFO: Primitives created: 1
21:22:33 | INFO: Finished glTF 2.0 export in 0.009812593460083008 s

Info: Saved as "Ground_6_-6.blend"
UPDATED TERRAIN MODULE Ground_6_-6 2048
21:22:34 | INFO: Starting glTF 2.0 export
21:22:34 | INFO: Extracting primitive: Ground_-6_-5Geometry
21:22:34 | INFO: Primitives created: 1
21:22:34 | INFO: Finished glTF 2.0 export in 0.013011455535888672 s

Info: Saved as "Ground_-6_-5.blend"
UPDATED TERRAIN MODULE Ground_-6_-5 2048
21:22:34 | INFO: Starting glTF 2.0 export
21:22:34 | INFO: Extracting primitive: Ground_-5_-5Geometry
21:22:34 | INFO: Primitives created: 1
21:22:34 | INFO: Finished glTF 2.0 export in 0.011968135833740234 s

Info: Saved as "Ground_-5_-5.blend"
UPDATED TERRAIN MODULE Ground_-5_-5 2870
21:22:34 | INFO: Starting glTF 2.0 export
21:22:34 | INFO: Extracting primitive: Ground_-4_-5Geometry
21:22:34 | INFO: Primitives created: 1
21:22:34 | INFO: Finished glTF 2.0 export in 0.031184911727905273 s

Info: Saved as "Ground_-4_-5.blend"
UPDATED TERRAIN MODULE Ground_-4_-5 2386
21:22:35 | INFO: Starting glTF 2.0 export
21:22:35 | INFO: Extracting primitive: Ground_-3_-5Geometry
21:22:35 | INFO: Primitives created: 1
21:22:35 | INFO: Finished glTF 2.0 export in 0.012020349502563477 s

Info: Saved as "Ground_-3_-5.blend"
UPDATED TERRAIN MODULE Ground_-3_-5 2080
21:22:35 | INFO: Starting glTF 2.0 export
21:22:35 | INFO: Extracting primitive: Ground_-2_-5Geometry
21:22:35 | INFO: Primitives created: 1
21:22:35 | INFO: Finished glTF 2.0 export in 0.008484840393066406 s

Info: Saved as "Ground_-2_-5.blend"
UPDATED TERRAIN MODULE Ground_-2_-5 2048
21:22:35 | INFO: Starting glTF 2.0 export
21:22:35 | INFO: Extracting primitive: Ground_-1_-5Geometry
21:22:35 | INFO: Primitives created: 1
21:22:35 | INFO: Finished glTF 2.0 export in 0.01045846939086914 s

Info: Saved as "Ground_-1_-5.blend"
UPDATED TERRAIN MODULE Ground_-1_-5 2048
21:22:36 | INFO: Starting glTF 2.0 export
21:22:36 | INFO: Extracting primitive: Ground_0_-5Geometry
21:22:36 | INFO: Primitives created: 1
21:22:36 | INFO: Finished glTF 2.0 export in 0.0075075626373291016 s

Info: Saved as "Ground_0_-5.blend"
UPDATED TERRAIN MODULE Ground_0_-5 2048
21:22:36 | INFO: Starting glTF 2.0 export
21:22:36 | INFO: Extracting primitive: Ground_1_-5Geometry
21:22:36 | INFO: Primitives created: 1
21:22:36 | INFO: Finished glTF 2.0 export in 0.03881669044494629 s

Info: Saved as "Ground_1_-5.blend"
UPDATED TERRAIN MODULE Ground_1_-5 2112
21:22:36 | INFO: Starting glTF 2.0 export
21:22:36 | INFO: Extracting primitive: Ground_2_-5Geometry
21:22:36 | INFO: Primitives created: 1
21:22:36 | INFO: Finished glTF 2.0 export in 0.010970592498779297 s

Info: Saved as "Ground_2_-5.blend"
UPDATED TERRAIN MODULE Ground_2_-5 2048
21:22:36 | INFO: Starting glTF 2.0 export
21:22:36 | INFO: Extracting primitive: Ground_3_-5Geometry
21:22:36 | INFO: Primitives created: 1
21:22:36 | INFO: Finished glTF 2.0 export in 0.02048778533935547 s

Info: Saved as "Ground_3_-5.blend"
UPDATED TERRAIN MODULE Ground_3_-5 2048
21:22:37 | INFO: Starting glTF 2.0 export
21:22:37 | INFO: Extracting primitive: Ground_4_-5Geometry
21:22:37 | INFO: Primitives created: 1
21:22:37 | INFO: Finished glTF 2.0 export in 0.013962745666503906 s

Info: Saved as "Ground_4_-5.blend"
UPDATED TERRAIN MODULE Ground_4_-5 2048
21:22:37 | INFO: Starting glTF 2.0 export
21:22:37 | INFO: Extracting primitive: Ground_5_-5Geometry
21:22:37 | INFO: Primitives created: 1
21:22:37 | INFO: Finished glTF 2.0 export in 0.008462667465209961 s

Info: Saved as "Ground_5_-5.blend"
UPDATED TERRAIN MODULE Ground_5_-5 2048
21:22:37 | INFO: Starting glTF 2.0 export
21:22:37 | INFO: Extracting primitive: Ground_6_-5Geometry
21:22:37 | INFO: Primitives created: 1
21:22:37 | INFO: Finished glTF 2.0 export in 0.01097416877746582 s

Info: Saved as "Ground_6_-5.blend"
UPDATED TERRAIN MODULE Ground_6_-5 2048
21:22:38 | INFO: Starting glTF 2.0 export
21:22:38 | INFO: Extracting primitive: Ground_-6_-4Geometry
21:22:38 | INFO: Primitives created: 1
21:22:38 | INFO: Finished glTF 2.0 export in 0.01019597053527832 s

Info: Saved as "Ground_-6_-4.blend"
UPDATED TERRAIN MODULE Ground_-6_-4 2048
21:22:38 | INFO: Starting glTF 2.0 export
21:22:38 | INFO: Extracting primitive: Ground_-5_-4Geometry
21:22:38 | INFO: Primitives created: 1
21:22:38 | INFO: Finished glTF 2.0 export in 0.013219833374023438 s

Info: Saved as "Ground_-5_-4.blend"
UPDATED TERRAIN MODULE Ground_-5_-4 2048
21:22:38 | INFO: Starting glTF 2.0 export
21:22:38 | INFO: Extracting primitive: Ground_-4_-4Geometry
21:22:38 | INFO: Primitives created: 1
21:22:38 | INFO: Finished glTF 2.0 export in 0.020452022552490234 s

Info: Saved as "Ground_-4_-4.blend"
UPDATED TERRAIN MODULE Ground_-4_-4 3198
21:22:39 | INFO: Starting glTF 2.0 export
21:22:39 | INFO: Extracting primitive: Ground_-3_-4Geometry
21:22:39 | INFO: Primitives created: 1
21:22:39 | INFO: Finished glTF 2.0 export in 0.01956796646118164 s

Info: Saved as "Ground_-3_-4.blend"
UPDATED TERRAIN MODULE Ground_-3_-4 2048
21:22:39 | INFO: Starting glTF 2.0 export
21:22:39 | INFO: Extracting primitive: Ground_-2_-4Geometry
21:22:39 | INFO: Primitives created: 1
21:22:39 | INFO: Finished glTF 2.0 export in 0.010877609252929688 s

Info: Saved as "Ground_-2_-4.blend"
UPDATED TERRAIN MODULE Ground_-2_-4 2048
21:22:39 | INFO: Starting glTF 2.0 export
21:22:39 | INFO: Extracting primitive: Ground_-1_-4Geometry
21:22:39 | INFO: Primitives created: 1
21:22:39 | INFO: Finished glTF 2.0 export in 0.008131265640258789 s

Info: Saved as "Ground_-1_-4.blend"
UPDATED TERRAIN MODULE Ground_-1_-4 2048
21:22:40 | INFO: Starting glTF 2.0 export
21:22:40 | INFO: Extracting primitive: Ground_0_-4Geometry
21:22:40 | INFO: Primitives created: 1
21:22:40 | INFO: Finished glTF 2.0 export in 0.010834217071533203 s

Info: Saved as "Ground_0_-4.blend"
UPDATED TERRAIN MODULE Ground_0_-4 2065
21:22:40 | INFO: Starting glTF 2.0 export
21:22:40 | INFO: Extracting primitive: Ground_1_-4Geometry
21:22:40 | INFO: Primitives created: 1
21:22:40 | INFO: Finished glTF 2.0 export in 0.011984109878540039 s

Info: Saved as "Ground_1_-4.blend"
UPDATED TERRAIN MODULE Ground_1_-4 2644
21:22:40 | INFO: Starting glTF 2.0 export
21:22:40 | INFO: Extracting primitive: Ground_2_-4Geometry
21:22:40 | INFO: Primitives created: 1
21:22:40 | INFO: Finished glTF 2.0 export in 0.01000356674194336 s

Info: Saved as "Ground_2_-4.blend"
UPDATED TERRAIN MODULE Ground_2_-4 2226
21:22:40 | INFO: Starting glTF 2.0 export
21:22:40 | INFO: Extracting primitive: Ground_3_-4Geometry
21:22:40 | INFO: Primitives created: 1
21:22:40 | INFO: Finished glTF 2.0 export in 0.009502649307250977 s

Info: Saved as "Ground_3_-4.blend"
UPDATED TERRAIN MODULE Ground_3_-4 2048
21:22:41 | INFO: Starting glTF 2.0 export
21:22:41 | INFO: Extracting primitive: Ground_4_-4Geometry
21:22:41 | INFO: Primitives created: 1
21:22:41 | INFO: Finished glTF 2.0 export in 0.012213945388793945 s

Info: Saved as "Ground_4_-4.blend"
UPDATED TERRAIN MODULE Ground_4_-4 2048
21:22:41 | INFO: Starting glTF 2.0 export
21:22:41 | INFO: Extracting primitive: Ground_5_-4Geometry
21:22:41 | INFO: Primitives created: 1
21:22:41 | INFO: Finished glTF 2.0 export in 0.013010025024414062 s

Info: Saved as "Ground_5_-4.blend"
UPDATED TERRAIN MODULE Ground_5_-4 2050
21:22:41 | INFO: Starting glTF 2.0 export
21:22:41 | INFO: Extracting primitive: Ground_6_-4Geometry
21:22:42 | INFO: Primitives created: 1
21:22:42 | INFO: Finished glTF 2.0 export in 0.010971307754516602 s

Info: Saved as "Ground_6_-4.blend"
UPDATED TERRAIN MODULE Ground_6_-4 2048
21:22:42 | INFO: Starting glTF 2.0 export
21:22:42 | INFO: Extracting primitive: Ground_-6_-3Geometry
21:22:42 | INFO: Primitives created: 1
21:22:42 | INFO: Finished glTF 2.0 export in 0.024059772491455078 s

Info: Saved as "Ground_-6_-3.blend"
UPDATED TERRAIN MODULE Ground_-6_-3 2048
21:22:42 | INFO: Starting glTF 2.0 export
21:22:42 | INFO: Extracting primitive: Ground_-5_-3Geometry
21:22:42 | INFO: Primitives created: 1
21:22:42 | INFO: Finished glTF 2.0 export in 0.012964725494384766 s

Info: Saved as "Ground_-5_-3.blend"
UPDATED TERRAIN MODULE Ground_-5_-3 2048
21:22:43 | INFO: Starting glTF 2.0 export
21:22:43 | INFO: Extracting primitive: Ground_-4_-3Geometry
21:22:43 | INFO: Primitives created: 1
21:22:43 | INFO: Finished glTF 2.0 export in 0.013962030410766602 s

Info: Saved as "Ground_-4_-3.blend"
UPDATED TERRAIN MODULE Ground_-4_-3 2320
21:22:43 | INFO: Starting glTF 2.0 export
21:22:43 | INFO: Extracting primitive: Ground_-3_-3Geometry
21:22:43 | INFO: Primitives created: 1
21:22:43 | INFO: Finished glTF 2.0 export in 0.028081178665161133 s

Info: Saved as "Ground_-3_-3.blend"
UPDATED TERRAIN MODULE Ground_-3_-3 2936
21:22:43 | INFO: Starting glTF 2.0 export
21:22:43 | INFO: Extracting primitive: Ground_-2_-3Geometry
21:22:43 | INFO: Primitives created: 1
21:22:43 | INFO: Finished glTF 2.0 export in 0.013800859451293945 s

Info: Saved as "Ground_-2_-3.blend"
UPDATED TERRAIN MODULE Ground_-2_-3 2048
21:22:44 | INFO: Starting glTF 2.0 export
21:22:44 | INFO: Extracting primitive: Ground_-1_-3Geometry
21:22:44 | INFO: Primitives created: 1
21:22:44 | INFO: Finished glTF 2.0 export in 0.010508298873901367 s

Info: Saved as "Ground_-1_-3.blend"
UPDATED TERRAIN MODULE Ground_-1_-3 2052
21:22:44 | INFO: Starting glTF 2.0 export
21:22:44 | INFO: Extracting primitive: Ground_0_-3Geometry
21:22:44 | INFO: Primitives created: 1
21:22:44 | INFO: Finished glTF 2.0 export in 0.020323753356933594 s

Info: Saved as "Ground_0_-3.blend"
UPDATED TERRAIN MODULE Ground_0_-3 2303
21:22:44 | INFO: Starting glTF 2.0 export
21:22:44 | INFO: Extracting primitive: Ground_1_-3Geometry
21:22:44 | INFO: Primitives created: 1
21:22:44 | INFO: Finished glTF 2.0 export in 0.014098882675170898 s

Info: Saved as "Ground_1_-3.blend"
UPDATED TERRAIN MODULE Ground_1_-3 2142
21:22:44 | INFO: Starting glTF 2.0 export
21:22:44 | INFO: Extracting primitive: Ground_2_-3Geometry
21:22:44 | INFO: Primitives created: 1
21:22:44 | INFO: Finished glTF 2.0 export in 0.010976552963256836 s

Info: Saved as "Ground_2_-3.blend"
UPDATED TERRAIN MODULE Ground_2_-3 2100
21:22:45 | INFO: Starting glTF 2.0 export
21:22:45 | INFO: Extracting primitive: Ground_3_-3Geometry
21:22:45 | INFO: Primitives created: 1
21:22:45 | INFO: Finished glTF 2.0 export in 0.007978439331054688 s

Info: Saved as "Ground_3_-3.blend"
UPDATED TERRAIN MODULE Ground_3_-3 2048
21:22:45 | INFO: Starting glTF 2.0 export
21:22:45 | INFO: Extracting primitive: Ground_4_-3Geometry
21:22:45 | INFO: Primitives created: 1
21:22:45 | INFO: Finished glTF 2.0 export in 0.008978128433227539 s

Info: Saved as "Ground_4_-3.blend"
UPDATED TERRAIN MODULE Ground_4_-3 2048
21:22:45 | INFO: Starting glTF 2.0 export
21:22:45 | INFO: Extracting primitive: Ground_5_-3Geometry
21:22:45 | INFO: Primitives created: 1
21:22:45 | INFO: Finished glTF 2.0 export in 0.0069844722747802734 s

Info: Saved as "Ground_5_-3.blend"
UPDATED TERRAIN MODULE Ground_5_-3 2048
21:22:46 | INFO: Starting glTF 2.0 export
21:22:46 | INFO: Extracting primitive: Ground_6_-3Geometry
21:22:46 | INFO: Primitives created: 1
21:22:46 | INFO: Finished glTF 2.0 export in 0.009876489639282227 s

Info: Saved as "Ground_6_-3.blend"
UPDATED TERRAIN MODULE Ground_6_-3 2048
21:22:46 | INFO: Starting glTF 2.0 export
21:22:46 | INFO: Extracting primitive: Ground_-6_-2Geometry
21:22:46 | INFO: Primitives created: 1
21:22:46 | INFO: Finished glTF 2.0 export in 0.008975028991699219 s

Info: Saved as "Ground_-6_-2.blend"
UPDATED TERRAIN MODULE Ground_-6_-2 2048
21:22:46 | INFO: Starting glTF 2.0 export
21:22:46 | INFO: Extracting primitive: Ground_-5_-2Geometry
21:22:46 | INFO: Primitives created: 1
21:22:46 | INFO: Finished glTF 2.0 export in 0.007979154586791992 s

Info: Saved as "Ground_-5_-2.blend"
UPDATED TERRAIN MODULE Ground_-5_-2 2048
21:22:47 | INFO: Starting glTF 2.0 export
21:22:47 | INFO: Extracting primitive: Ground_-4_-2Geometry
21:22:47 | INFO: Primitives created: 1
21:22:47 | INFO: Finished glTF 2.0 export in 0.009073257446289062 s

Info: Saved as "Ground_-4_-2.blend"
UPDATED TERRAIN MODULE Ground_-4_-2 2048
21:22:47 | INFO: Starting glTF 2.0 export
21:22:47 | INFO: Extracting primitive: Ground_-3_-2Geometry
21:22:47 | INFO: Primitives created: 1
21:22:47 | INFO: Finished glTF 2.0 export in 0.012511730194091797 s

Info: Saved as "Ground_-3_-2.blend"
UPDATED TERRAIN MODULE Ground_-3_-2 2744
21:22:47 | INFO: Starting glTF 2.0 export
21:22:47 | INFO: Extracting primitive: Ground_-2_-2Geometry
21:22:47 | INFO: Primitives created: 1
21:22:47 | INFO: Finished glTF 2.0 export in 0.01195836067199707 s

Info: Saved as "Ground_-2_-2.blend"
UPDATED TERRAIN MODULE Ground_-2_-2 2764
21:22:48 | INFO: Starting glTF 2.0 export
21:22:48 | INFO: Extracting primitive: Ground_-1_-2Geometry
21:22:48 | INFO: Primitives created: 1
21:22:48 | INFO: Finished glTF 2.0 export in 0.02493453025817871 s

Info: Saved as "Ground_-1_-2.blend"
UPDATED TERRAIN MODULE Ground_-1_-2 8272
21:22:50 | INFO: Starting glTF 2.0 export
21:22:50 | INFO: Extracting primitive: Ground_0_-2Geometry
21:22:50 | INFO: Primitives created: 1
21:22:50 | INFO: Finished glTF 2.0 export in 0.05060434341430664 s

Info: Saved as "Ground_0_-2.blend"
UPDATED TERRAIN MODULE Ground_0_-2 11766
21:22:51 | INFO: Starting glTF 2.0 export
21:22:51 | INFO: Extracting primitive: Ground_1_-2Geometry
21:22:51 | INFO: Primitives created: 1
21:22:51 | INFO: Finished glTF 2.0 export in 0.044263601303100586 s

Info: Saved as "Ground_1_-2.blend"
UPDATED TERRAIN MODULE Ground_1_-2 11593
21:22:52 | INFO: Starting glTF 2.0 export
21:22:52 | INFO: Extracting primitive: Ground_2_-2Geometry
21:22:52 | INFO: Primitives created: 1
21:22:52 | INFO: Finished glTF 2.0 export in 0.010971307754516602 s

Info: Saved as "Ground_2_-2.blend"
UPDATED TERRAIN MODULE Ground_2_-2 2048
21:22:52 | INFO: Starting glTF 2.0 export
21:22:52 | INFO: Extracting primitive: Ground_3_-2Geometry
21:22:52 | INFO: Primitives created: 1
21:22:52 | INFO: Finished glTF 2.0 export in 0.00881338119506836 s

Info: Saved as "Ground_3_-2.blend"
UPDATED TERRAIN MODULE Ground_3_-2 2048
21:22:52 | INFO: Starting glTF 2.0 export
21:22:52 | INFO: Extracting primitive: Ground_4_-2Geometry
21:22:52 | INFO: Primitives created: 1
21:22:52 | INFO: Finished glTF 2.0 export in 0.008593082427978516 s

Info: Saved as "Ground_4_-2.blend"
UPDATED TERRAIN MODULE Ground_4_-2 2048
21:22:52 | INFO: Starting glTF 2.0 export
21:22:52 | INFO: Extracting primitive: Ground_5_-2Geometry
21:22:52 | INFO: Primitives created: 1
21:22:52 | INFO: Finished glTF 2.0 export in 0.008261442184448242 s

Info: Saved as "Ground_5_-2.blend"
UPDATED TERRAIN MODULE Ground_5_-2 2048
21:22:53 | INFO: Starting glTF 2.0 export
21:22:53 | INFO: Extracting primitive: Ground_6_-2Geometry
21:22:53 | INFO: Primitives created: 1
21:22:53 | INFO: Finished glTF 2.0 export in 0.010000228881835938 s

Info: Saved as "Ground_6_-2.blend"
UPDATED TERRAIN MODULE Ground_6_-2 2048
21:22:53 | INFO: Starting glTF 2.0 export
21:22:53 | INFO: Extracting primitive: Ground_-6_-1Geometry
21:22:53 | INFO: Primitives created: 1
21:22:53 | INFO: Finished glTF 2.0 export in 0.0069887638092041016 s

Info: Saved as "Ground_-6_-1.blend"
UPDATED TERRAIN MODULE Ground_-6_-1 2048
21:22:53 | INFO: Starting glTF 2.0 export
21:22:53 | INFO: Extracting primitive: Ground_-5_-1Geometry
21:22:53 | INFO: Primitives created: 1
21:22:53 | INFO: Finished glTF 2.0 export in 0.009974479675292969 s

Info: Saved as "Ground_-5_-1.blend"
UPDATED TERRAIN MODULE Ground_-5_-1 2048
21:22:54 | INFO: Starting glTF 2.0 export
21:22:54 | INFO: Extracting primitive: Ground_-4_-1Geometry
21:22:54 | INFO: Primitives created: 1
21:22:54 | INFO: Finished glTF 2.0 export in 0.010988473892211914 s

Info: Saved as "Ground_-4_-1.blend"
UPDATED TERRAIN MODULE Ground_-4_-1 2048
21:22:54 | INFO: Starting glTF 2.0 export
21:22:54 | INFO: Extracting primitive: Ground_-3_-1Geometry
21:22:54 | INFO: Primitives created: 1
21:22:54 | INFO: Finished glTF 2.0 export in 0.008974790573120117 s

Info: Saved as "Ground_-3_-1.blend"
UPDATED TERRAIN MODULE Ground_-3_-1 2048
21:22:54 | INFO: Starting glTF 2.0 export
21:22:54 | INFO: Extracting primitive: Ground_-2_-1Geometry
21:22:54 | INFO: Primitives created: 1
21:22:54 | INFO: Finished glTF 2.0 export in 0.01413273811340332 s

Info: Saved as "Ground_-2_-1.blend"
UPDATED TERRAIN MODULE Ground_-2_-1 2602
21:22:56 | INFO: Starting glTF 2.0 export
21:22:56 | INFO: Extracting primitive: Ground_-1_-1Geometry
21:22:56 | INFO: Primitives created: 1
21:22:56 | INFO: Finished glTF 2.0 export in 0.03125333786010742 s

Info: Saved as "Ground_-1_-1.blend"
UPDATED TERRAIN MODULE Ground_-1_-1 13305
21:22:58 | INFO: Starting glTF 2.0 export
21:22:58 | INFO: Extracting primitive: Ground_0_-1Geometry
21:22:58 | INFO: Primitives created: 1
21:22:58 | INFO: Finished glTF 2.0 export in 0.032885074615478516 s

Info: Saved as "Ground_0_-1.blend"
UPDATED TERRAIN MODULE Ground_0_-1 14480
21:22:58 | INFO: Starting glTF 2.0 export
21:22:58 | INFO: Extracting primitive: Ground_1_-1Geometry
21:22:58 | INFO: Primitives created: 1
21:22:58 | INFO: Finished glTF 2.0 export in 0.028333663940429688 s

Info: Saved as "Ground_1_-1.blend"
UPDATED TERRAIN MODULE Ground_1_-1 8553
21:22:59 | INFO: Starting glTF 2.0 export
21:22:59 | INFO: Extracting primitive: Ground_2_-1Geometry
21:22:59 | INFO: Primitives created: 1
21:22:59 | INFO: Finished glTF 2.0 export in 0.008188486099243164 s

Info: Saved as "Ground_2_-1.blend"
UPDATED TERRAIN MODULE Ground_2_-1 2048
21:22:59 | INFO: Starting glTF 2.0 export
21:22:59 | INFO: Extracting primitive: Ground_3_-1Geometry
21:22:59 | INFO: Primitives created: 1
21:22:59 | INFO: Finished glTF 2.0 export in 0.008064746856689453 s

Info: Saved as "Ground_3_-1.blend"
UPDATED TERRAIN MODULE Ground_3_-1 2048
21:22:59 | INFO: Starting glTF 2.0 export
21:22:59 | INFO: Extracting primitive: Ground_4_-1Geometry
21:22:59 | INFO: Primitives created: 1
21:22:59 | INFO: Finished glTF 2.0 export in 0.009973764419555664 s

Info: Saved as "Ground_4_-1.blend"
UPDATED TERRAIN MODULE Ground_4_-1 2048
21:22:59 | INFO: Starting glTF 2.0 export
21:22:59 | INFO: Extracting primitive: Ground_5_-1Geometry
21:22:59 | INFO: Primitives created: 1
21:22:59 | INFO: Finished glTF 2.0 export in 0.008494138717651367 s

Info: Saved as "Ground_5_-1.blend"
UPDATED TERRAIN MODULE Ground_5_-1 2048
21:23:00 | INFO: Starting glTF 2.0 export
21:23:00 | INFO: Extracting primitive: Ground_6_-1Geometry
21:23:00 | INFO: Primitives created: 1
21:23:00 | INFO: Finished glTF 2.0 export in 0.015070676803588867 s

Info: Saved as "Ground_6_-1.blend"
UPDATED TERRAIN MODULE Ground_6_-1 2048
21:23:00 | INFO: Starting glTF 2.0 export
21:23:00 | INFO: Extracting primitive: Ground_-6_0Geometry
21:23:00 | INFO: Primitives created: 1
21:23:00 | INFO: Finished glTF 2.0 export in 0.008580207824707031 s

Info: Saved as "Ground_-6_0.blend"
UPDATED TERRAIN MODULE Ground_-6_0 2048
21:23:01 | INFO: Starting glTF 2.0 export
21:23:01 | INFO: Extracting primitive: Ground_-5_0Geometry
21:23:01 | INFO: Primitives created: 1
21:23:01 | INFO: Finished glTF 2.0 export in 0.008106470108032227 s

Info: Saved as "Ground_-5_0.blend"
UPDATED TERRAIN MODULE Ground_-5_0 2048
21:23:01 | INFO: Starting glTF 2.0 export
21:23:01 | INFO: Extracting primitive: Ground_-4_0Geometry
21:23:01 | INFO: Primitives created: 1
21:23:01 | INFO: Finished glTF 2.0 export in 0.011266231536865234 s

Info: Saved as "Ground_-4_0.blend"
UPDATED TERRAIN MODULE Ground_-4_0 2048
21:23:01 | INFO: Starting glTF 2.0 export
21:23:01 | INFO: Extracting primitive: Ground_-3_0Geometry
21:23:01 | INFO: Primitives created: 1
21:23:01 | INFO: Finished glTF 2.0 export in 0.010361909866333008 s

Info: Saved as "Ground_-3_0.blend"
UPDATED TERRAIN MODULE Ground_-3_0 2048
21:23:01 | INFO: Starting glTF 2.0 export
21:23:01 | INFO: Extracting primitive: Ground_-2_0Geometry
21:23:01 | INFO: Primitives created: 1
21:23:01 | INFO: Finished glTF 2.0 export in 0.013665199279785156 s

Info: Saved as "Ground_-2_0.blend"
UPDATED TERRAIN MODULE Ground_-2_0 2048
21:23:02 | INFO: Starting glTF 2.0 export
21:23:02 | INFO: Extracting primitive: Ground_-1_0Geometry
21:23:02 | INFO: Primitives created: 1
21:23:02 | INFO: Finished glTF 2.0 export in 0.025249481201171875 s

Info: Saved as "Ground_-1_0.blend"
UPDATED TERRAIN MODULE Ground_-1_0 9212
21:23:03 | INFO: Starting glTF 2.0 export
21:23:03 | INFO: Extracting primitive: Ground_0_0Geometry
21:23:03 | INFO: Primitives created: 1
21:23:03 | INFO: Finished glTF 2.0 export in 0.02337169647216797 s

Info: Saved as "Ground_0_0.blend"
UPDATED TERRAIN MODULE Ground_0_0 8405
21:23:04 | INFO: Starting glTF 2.0 export
21:23:04 | INFO: Extracting primitive: Ground_1_0Geometry
21:23:04 | INFO: Primitives created: 1
21:23:04 | INFO: Finished glTF 2.0 export in 0.021942138671875 s

Info: Saved as "Ground_1_0.blend"
UPDATED TERRAIN MODULE Ground_1_0 8064
21:23:04 | INFO: Starting glTF 2.0 export
21:23:04 | INFO: Extracting primitive: Ground_2_0Geometry
21:23:04 | INFO: Primitives created: 1
21:23:04 | INFO: Finished glTF 2.0 export in 0.013061761856079102 s

Info: Saved as "Ground_2_0.blend"
UPDATED TERRAIN MODULE Ground_2_0 2048
21:23:05 | INFO: Starting glTF 2.0 export
21:23:05 | INFO: Extracting primitive: Ground_3_0Geometry
21:23:05 | INFO: Primitives created: 1
21:23:05 | INFO: Finished glTF 2.0 export in 0.01396322250366211 s

Info: Saved as "Ground_3_0.blend"
UPDATED TERRAIN MODULE Ground_3_0 2048
21:23:05 | INFO: Starting glTF 2.0 export
21:23:05 | INFO: Extracting primitive: Ground_4_0Geometry
21:23:05 | INFO: Primitives created: 1
21:23:05 | INFO: Finished glTF 2.0 export in 0.00797891616821289 s

Info: Saved as "Ground_4_0.blend"
UPDATED TERRAIN MODULE Ground_4_0 2048
21:23:05 | INFO: Starting glTF 2.0 export
21:23:05 | INFO: Extracting primitive: Ground_5_0Geometry
21:23:05 | INFO: Primitives created: 1
21:23:05 | INFO: Finished glTF 2.0 export in 0.008712530136108398 s

Info: Saved as "Ground_5_0.blend"
UPDATED TERRAIN MODULE Ground_5_0 2048
21:23:05 | INFO: Starting glTF 2.0 export
21:23:05 | INFO: Extracting primitive: Ground_6_0Geometry
21:23:05 | INFO: Primitives created: 1
21:23:05 | INFO: Finished glTF 2.0 export in 0.010384321212768555 s

Info: Saved as "Ground_6_0.blend"
UPDATED TERRAIN MODULE Ground_6_0 2048
21:23:06 | INFO: Starting glTF 2.0 export
21:23:06 | INFO: Extracting primitive: Ground_-6_1Geometry
21:23:06 | INFO: Primitives created: 1
21:23:06 | INFO: Finished glTF 2.0 export in 0.009233713150024414 s

Info: Saved as "Ground_-6_1.blend"
UPDATED TERRAIN MODULE Ground_-6_1 2048
21:23:06 | INFO: Starting glTF 2.0 export
21:23:06 | INFO: Extracting primitive: Ground_-5_1Geometry
21:23:06 | INFO: Primitives created: 1
21:23:06 | INFO: Finished glTF 2.0 export in 0.012966394424438477 s

Info: Saved as "Ground_-5_1.blend"
UPDATED TERRAIN MODULE Ground_-5_1 2048
21:23:06 | INFO: Starting glTF 2.0 export
21:23:06 | INFO: Extracting primitive: Ground_-4_1Geometry
21:23:06 | INFO: Primitives created: 1
21:23:06 | INFO: Finished glTF 2.0 export in 0.0069811344146728516 s

Info: Saved as "Ground_-4_1.blend"
UPDATED TERRAIN MODULE Ground_-4_1 2048
21:23:07 | INFO: Starting glTF 2.0 export
21:23:07 | INFO: Extracting primitive: Ground_-3_1Geometry
21:23:07 | INFO: Primitives created: 1
21:23:07 | INFO: Finished glTF 2.0 export in 0.01075601577758789 s

Info: Saved as "Ground_-3_1.blend"
UPDATED TERRAIN MODULE Ground_-3_1 2048
21:23:07 | INFO: Starting glTF 2.0 export
21:23:07 | INFO: Extracting primitive: Ground_-2_1Geometry
21:23:07 | INFO: Primitives created: 1
21:23:07 | INFO: Finished glTF 2.0 export in 0.011816024780273438 s

Info: Saved as "Ground_-2_1.blend"
UPDATED TERRAIN MODULE Ground_-2_1 2488
21:23:07 | INFO: Starting glTF 2.0 export
21:23:07 | INFO: Extracting primitive: Ground_-1_1Geometry
21:23:07 | INFO: Primitives created: 1
21:23:07 | INFO: Finished glTF 2.0 export in 0.011642694473266602 s

Info: Saved as "Ground_-1_1.blend"
UPDATED TERRAIN MODULE Ground_-1_1 2720
21:23:08 | INFO: Starting glTF 2.0 export
21:23:08 | INFO: Extracting primitive: Ground_0_1Geometry
21:23:08 | INFO: Primitives created: 1
21:23:08 | INFO: Finished glTF 2.0 export in 0.011551856994628906 s

Info: Saved as "Ground_0_1.blend"
UPDATED TERRAIN MODULE Ground_0_1 2048
21:23:08 | INFO: Starting glTF 2.0 export
21:23:08 | INFO: Extracting primitive: Ground_1_1Geometry
21:23:08 | INFO: Primitives created: 1
21:23:08 | INFO: Finished glTF 2.0 export in 0.03451132774353027 s

Info: Saved as "Ground_1_1.blend"
UPDATED TERRAIN MODULE Ground_1_1 2048
21:23:08 | INFO: Starting glTF 2.0 export
21:23:08 | INFO: Extracting primitive: Ground_2_1Geometry
21:23:08 | INFO: Primitives created: 1
21:23:08 | INFO: Finished glTF 2.0 export in 0.008975982666015625 s

Info: Saved as "Ground_2_1.blend"
UPDATED TERRAIN MODULE Ground_2_1 2048
21:23:08 | INFO: Starting glTF 2.0 export
21:23:08 | INFO: Extracting primitive: Ground_3_1Geometry
21:23:08 | INFO: Primitives created: 1
21:23:08 | INFO: Finished glTF 2.0 export in 0.010553836822509766 s

Info: Saved as "Ground_3_1.blend"
UPDATED TERRAIN MODULE Ground_3_1 2050
21:23:08 | INFO: Starting glTF 2.0 export
21:23:08 | INFO: Extracting primitive: Ground_4_1Geometry
21:23:08 | INFO: Primitives created: 1
21:23:08 | INFO: Finished glTF 2.0 export in 0.008975744247436523 s

Info: Saved as "Ground_4_1.blend"
UPDATED TERRAIN MODULE Ground_4_1 2048
21:23:09 | INFO: Starting glTF 2.0 export
21:23:09 | INFO: Extracting primitive: Ground_5_1Geometry
21:23:09 | INFO: Primitives created: 1
21:23:09 | INFO: Finished glTF 2.0 export in 0.01822829246520996 s

Info: Saved as "Ground_5_1.blend"
UPDATED TERRAIN MODULE Ground_5_1 2048
21:23:09 | INFO: Starting glTF 2.0 export
21:23:09 | INFO: Extracting primitive: Ground_6_1Geometry
21:23:09 | INFO: Primitives created: 1
21:23:09 | INFO: Finished glTF 2.0 export in 0.01023244857788086 s

Info: Saved as "Ground_6_1.blend"
UPDATED TERRAIN MODULE Ground_6_1 2048
21:23:10 | INFO: Starting glTF 2.0 export
21:23:10 | INFO: Extracting primitive: Ground_-6_2Geometry
21:23:10 | INFO: Primitives created: 1
21:23:10 | INFO: Finished glTF 2.0 export in 0.008802175521850586 s

Info: Saved as "Ground_-6_2.blend"
UPDATED TERRAIN MODULE Ground_-6_2 2048
21:23:10 | INFO: Starting glTF 2.0 export
21:23:10 | INFO: Extracting primitive: Ground_-5_2Geometry
21:23:10 | INFO: Primitives created: 1
21:23:10 | INFO: Finished glTF 2.0 export in 0.011851787567138672 s

Info: Saved as "Ground_-5_2.blend"
UPDATED TERRAIN MODULE Ground_-5_2 2048
21:23:10 | INFO: Starting glTF 2.0 export
21:23:10 | INFO: Extracting primitive: Ground_-4_2Geometry
21:23:10 | INFO: Primitives created: 1
21:23:10 | INFO: Finished glTF 2.0 export in 0.008203983306884766 s

Info: Saved as "Ground_-4_2.blend"
UPDATED TERRAIN MODULE Ground_-4_2 2048
21:23:10 | INFO: Starting glTF 2.0 export
21:23:10 | INFO: Extracting primitive: Ground_-3_2Geometry
21:23:10 | INFO: Primitives created: 1
21:23:10 | INFO: Finished glTF 2.0 export in 0.008224964141845703 s

Info: Saved as "Ground_-3_2.blend"
UPDATED TERRAIN MODULE Ground_-3_2 2048
21:23:11 | INFO: Starting glTF 2.0 export
21:23:11 | INFO: Extracting primitive: Ground_-2_2Geometry
21:23:11 | INFO: Primitives created: 1
21:23:11 | INFO: Finished glTF 2.0 export in 0.012864828109741211 s

Info: Saved as "Ground_-2_2.blend"
UPDATED TERRAIN MODULE Ground_-2_2 3158
21:23:11 | INFO: Starting glTF 2.0 export
21:23:11 | INFO: Extracting primitive: Ground_-1_2Geometry
21:23:11 | INFO: Primitives created: 1
21:23:11 | INFO: Finished glTF 2.0 export in 0.011517763137817383 s

Info: Saved as "Ground_-1_2.blend"
UPDATED TERRAIN MODULE Ground_-1_2 2048
21:23:11 | INFO: Starting glTF 2.0 export
21:23:11 | INFO: Extracting primitive: Ground_0_2Geometry
21:23:11 | INFO: Primitives created: 1
21:23:11 | INFO: Finished glTF 2.0 export in 0.009971857070922852 s

Info: Saved as "Ground_0_2.blend"
UPDATED TERRAIN MODULE Ground_0_2 2048
21:23:11 | INFO: Starting glTF 2.0 export
21:23:11 | INFO: Extracting primitive: Ground_1_2Geometry
21:23:11 | INFO: Primitives created: 1
21:23:11 | INFO: Finished glTF 2.0 export in 0.010970354080200195 s

Info: Saved as "Ground_1_2.blend"
UPDATED TERRAIN MODULE Ground_1_2 2048
21:23:12 | INFO: Starting glTF 2.0 export
21:23:12 | INFO: Extracting primitive: Ground_2_2Geometry
21:23:12 | INFO: Primitives created: 1
21:23:12 | INFO: Finished glTF 2.0 export in 0.01237940788269043 s

Info: Saved as "Ground_2_2.blend"
UPDATED TERRAIN MODULE Ground_2_2 2048
21:23:12 | INFO: Starting glTF 2.0 export
21:23:12 | INFO: Extracting primitive: Ground_3_2Geometry
21:23:12 | INFO: Primitives created: 1
21:23:12 | INFO: Finished glTF 2.0 export in 0.010172128677368164 s

Info: Saved as "Ground_3_2.blend"
UPDATED TERRAIN MODULE Ground_3_2 2048
21:23:12 | INFO: Starting glTF 2.0 export
21:23:12 | INFO: Extracting primitive: Ground_4_2Geometry
21:23:12 | INFO: Primitives created: 1
21:23:12 | INFO: Finished glTF 2.0 export in 0.008496522903442383 s

Info: Saved as "Ground_4_2.blend"
UPDATED TERRAIN MODULE Ground_4_2 2050
21:23:12 | INFO: Starting glTF 2.0 export
21:23:12 | INFO: Extracting primitive: Ground_5_2Geometry
21:23:12 | INFO: Primitives created: 1
21:23:12 | INFO: Finished glTF 2.0 export in 0.008977174758911133 s

Info: Saved as "Ground_5_2.blend"
UPDATED TERRAIN MODULE Ground_5_2 2048
21:23:13 | INFO: Starting glTF 2.0 export
21:23:13 | INFO: Extracting primitive: Ground_6_2Geometry
21:23:13 | INFO: Primitives created: 1
21:23:13 | INFO: Finished glTF 2.0 export in 0.008789539337158203 s

Info: Saved as "Ground_6_2.blend"
UPDATED TERRAIN MODULE Ground_6_2 2048
21:23:13 | INFO: Starting glTF 2.0 export
21:23:13 | INFO: Extracting primitive: Ground_-6_3Geometry
21:23:13 | INFO: Primitives created: 1
21:23:13 | INFO: Finished glTF 2.0 export in 0.007979393005371094 s

Info: Saved as "Ground_-6_3.blend"
UPDATED TERRAIN MODULE Ground_-6_3 2048
21:23:13 | INFO: Starting glTF 2.0 export
21:23:13 | INFO: Extracting primitive: Ground_-5_3Geometry
21:23:13 | INFO: Primitives created: 1
21:23:13 | INFO: Finished glTF 2.0 export in 0.016633272171020508 s

Info: Saved as "Ground_-5_3.blend"
UPDATED TERRAIN MODULE Ground_-5_3 2048
21:23:14 | INFO: Starting glTF 2.0 export
21:23:14 | INFO: Extracting primitive: Ground_-4_3Geometry
21:23:14 | INFO: Primitives created: 1
21:23:14 | INFO: Finished glTF 2.0 export in 0.010772466659545898 s

Info: Saved as "Ground_-4_3.blend"
UPDATED TERRAIN MODULE Ground_-4_3 2048
21:23:14 | INFO: Starting glTF 2.0 export
21:23:14 | INFO: Extracting primitive: Ground_-3_3Geometry
21:23:14 | INFO: Primitives created: 1
21:23:14 | INFO: Finished glTF 2.0 export in 0.008910417556762695 s

Info: Saved as "Ground_-3_3.blend"
UPDATED TERRAIN MODULE Ground_-3_3 2746
21:23:14 | INFO: Starting glTF 2.0 export
21:23:14 | INFO: Extracting primitive: Ground_-2_3Geometry
21:23:14 | INFO: Primitives created: 1
21:23:14 | INFO: Finished glTF 2.0 export in 0.00897836685180664 s

Info: Saved as "Ground_-2_3.blend"
UPDATED TERRAIN MODULE Ground_-2_3 2468
21:23:15 | INFO: Starting glTF 2.0 export
21:23:15 | INFO: Extracting primitive: Ground_-1_3Geometry
21:23:15 | INFO: Primitives created: 1
21:23:15 | INFO: Finished glTF 2.0 export in 0.026928424835205078 s

Info: Saved as "Ground_-1_3.blend"
UPDATED TERRAIN MODULE Ground_-1_3 2048
21:23:15 | INFO: Starting glTF 2.0 export
21:23:15 | INFO: Extracting primitive: Ground_0_3Geometry
21:23:15 | INFO: Primitives created: 1
21:23:15 | INFO: Finished glTF 2.0 export in 0.019109010696411133 s

Info: Saved as "Ground_0_3.blend"
UPDATED TERRAIN MODULE Ground_0_3 2048
21:23:15 | INFO: Starting glTF 2.0 export
21:23:15 | INFO: Extracting primitive: Ground_1_3Geometry
21:23:15 | INFO: Primitives created: 1
21:23:15 | INFO: Finished glTF 2.0 export in 0.009569883346557617 s

Info: Saved as "Ground_1_3.blend"
UPDATED TERRAIN MODULE Ground_1_3 2048
21:23:15 | INFO: Starting glTF 2.0 export
21:23:15 | INFO: Extracting primitive: Ground_2_3Geometry
21:23:15 | INFO: Primitives created: 1
21:23:15 | INFO: Finished glTF 2.0 export in 0.011967658996582031 s

Info: Saved as "Ground_2_3.blend"
UPDATED TERRAIN MODULE Ground_2_3 2048
21:23:16 | INFO: Starting glTF 2.0 export
21:23:16 | INFO: Extracting primitive: Ground_3_3Geometry
21:23:16 | INFO: Primitives created: 1
21:23:16 | INFO: Finished glTF 2.0 export in 0.016953706741333008 s

Info: Saved as "Ground_3_3.blend"
UPDATED TERRAIN MODULE Ground_3_3 2048
21:23:16 | INFO: Starting glTF 2.0 export
21:23:16 | INFO: Extracting primitive: Ground_4_3Geometry
21:23:16 | INFO: Primitives created: 1
21:23:16 | INFO: Finished glTF 2.0 export in 0.010313987731933594 s

Info: Saved as "Ground_4_3.blend"
UPDATED TERRAIN MODULE Ground_4_3 2048
21:23:16 | INFO: Starting glTF 2.0 export
21:23:16 | INFO: Extracting primitive: Ground_5_3Geometry
21:23:16 | INFO: Primitives created: 1
21:23:16 | INFO: Finished glTF 2.0 export in 0.006980419158935547 s

Info: Saved as "Ground_5_3.blend"
UPDATED TERRAIN MODULE Ground_5_3 2048
21:23:17 | INFO: Starting glTF 2.0 export
21:23:17 | INFO: Extracting primitive: Ground_6_3Geometry
21:23:17 | INFO: Primitives created: 1
21:23:17 | INFO: Finished glTF 2.0 export in 0.008340597152709961 s

Info: Saved as "Ground_6_3.blend"
UPDATED TERRAIN MODULE Ground_6_3 2048
21:23:17 | INFO: Starting glTF 2.0 export
21:23:17 | INFO: Extracting primitive: Ground_-6_4Geometry
21:23:17 | INFO: Primitives created: 1
21:23:17 | INFO: Finished glTF 2.0 export in 0.01146554946899414 s

Info: Saved as "Ground_-6_4.blend"
UPDATED TERRAIN MODULE Ground_-6_4 2048
21:23:17 | INFO: Starting glTF 2.0 export
21:23:17 | INFO: Extracting primitive: Ground_-5_4Geometry
21:23:17 | INFO: Primitives created: 1
21:23:17 | INFO: Finished glTF 2.0 export in 0.008106708526611328 s

Info: Saved as "Ground_-5_4.blend"
UPDATED TERRAIN MODULE Ground_-5_4 2048
21:23:18 | INFO: Starting glTF 2.0 export
21:23:18 | INFO: Extracting primitive: Ground_-4_4Geometry
21:23:18 | INFO: Primitives created: 1
21:23:18 | INFO: Finished glTF 2.0 export in 0.01506805419921875 s

Info: Saved as "Ground_-4_4.blend"
UPDATED TERRAIN MODULE Ground_-4_4 2048
21:23:18 | INFO: Starting glTF 2.0 export
21:23:18 | INFO: Extracting primitive: Ground_-3_4Geometry
21:23:18 | INFO: Primitives created: 1
21:23:18 | INFO: Finished glTF 2.0 export in 0.011775016784667969 s

Info: Saved as "Ground_-3_4.blend"
UPDATED TERRAIN MODULE Ground_-3_4 3096
21:23:18 | INFO: Starting glTF 2.0 export
21:23:18 | INFO: Extracting primitive: Ground_-2_4Geometry
21:23:18 | INFO: Primitives created: 1
21:23:18 | INFO: Finished glTF 2.0 export in 0.05588817596435547 s

Info: Saved as "Ground_-2_4.blend"
UPDATED TERRAIN MODULE Ground_-2_4 2048
21:23:19 | INFO: Starting glTF 2.0 export
21:23:19 | INFO: Extracting primitive: Ground_-1_4Geometry
21:23:19 | INFO: Primitives created: 1
21:23:19 | INFO: Finished glTF 2.0 export in 0.023035526275634766 s

Info: Saved as "Ground_-1_4.blend"
UPDATED TERRAIN MODULE Ground_-1_4 2048
21:23:19 | INFO: Starting glTF 2.0 export
21:23:19 | INFO: Extracting primitive: Ground_0_4Geometry
21:23:19 | INFO: Primitives created: 1
21:23:19 | INFO: Finished glTF 2.0 export in 0.011967897415161133 s

Info: Saved as "Ground_0_4.blend"
UPDATED TERRAIN MODULE Ground_0_4 2048
21:23:19 | INFO: Starting glTF 2.0 export
21:23:19 | INFO: Extracting primitive: Ground_1_4Geometry
21:23:19 | INFO: Primitives created: 1
21:23:19 | INFO: Finished glTF 2.0 export in 0.0189511775970459 s

Info: Saved as "Ground_1_4.blend"
UPDATED TERRAIN MODULE Ground_1_4 2048
21:23:20 | INFO: Starting glTF 2.0 export
21:23:20 | INFO: Extracting primitive: Ground_2_4Geometry
21:23:20 | INFO: Primitives created: 1
21:23:20 | INFO: Finished glTF 2.0 export in 0.010516881942749023 s

Info: Saved as "Ground_2_4.blend"
UPDATED TERRAIN MODULE Ground_2_4 2048
21:23:20 | INFO: Starting glTF 2.0 export
21:23:20 | INFO: Extracting primitive: Ground_3_4Geometry
21:23:20 | INFO: Primitives created: 1
21:23:20 | INFO: Finished glTF 2.0 export in 0.01251220703125 s

Info: Saved as "Ground_3_4.blend"
UPDATED TERRAIN MODULE Ground_3_4 2048
21:23:20 | INFO: Starting glTF 2.0 export
21:23:20 | INFO: Extracting primitive: Ground_4_4Geometry
21:23:20 | INFO: Primitives created: 1
21:23:20 | INFO: Finished glTF 2.0 export in 0.02025580406188965 s

Info: Saved as "Ground_4_4.blend"
UPDATED TERRAIN MODULE Ground_4_4 2048
21:23:20 | INFO: Starting glTF 2.0 export
21:23:20 | INFO: Extracting primitive: Ground_5_4Geometry
21:23:20 | INFO: Primitives created: 1
21:23:20 | INFO: Finished glTF 2.0 export in 0.009116411209106445 s

Info: Saved as "Ground_5_4.blend"
UPDATED TERRAIN MODULE Ground_5_4 2048
21:23:21 | INFO: Starting glTF 2.0 export
21:23:21 | INFO: Extracting primitive: Ground_6_4Geometry
21:23:21 | INFO: Primitives created: 1
21:23:21 | INFO: Finished glTF 2.0 export in 0.011476755142211914 s

Info: Saved as "Ground_6_4.blend"
UPDATED TERRAIN MODULE Ground_6_4 2048
21:23:22 | INFO: Starting glTF 2.0 export
21:23:22 | INFO: Extracting primitive: Ground_-6_5Geometry
21:23:22 | INFO: Primitives created: 1
21:23:22 | INFO: Finished glTF 2.0 export in 0.010972261428833008 s

Info: Saved as "Ground_-6_5.blend"
UPDATED TERRAIN MODULE Ground_-6_5 2048
21:23:22 | INFO: Starting glTF 2.0 export
21:23:22 | INFO: Extracting primitive: Ground_-5_5Geometry
21:23:22 | INFO: Primitives created: 1
21:23:22 | INFO: Finished glTF 2.0 export in 0.009073257446289062 s

Info: Saved as "Ground_-5_5.blend"
UPDATED TERRAIN MODULE Ground_-5_5 2048
21:23:23 | INFO: Starting glTF 2.0 export
21:23:23 | INFO: Extracting primitive: Ground_-4_5Geometry
21:23:23 | INFO: Primitives created: 1
21:23:23 | INFO: Finished glTF 2.0 export in 0.008911609649658203 s

Info: Saved as "Ground_-4_5.blend"
UPDATED TERRAIN MODULE Ground_-4_5 2048
21:23:23 | INFO: Starting glTF 2.0 export
21:23:23 | INFO: Extracting primitive: Ground_-3_5Geometry
21:23:23 | INFO: Primitives created: 1
21:23:23 | INFO: Finished glTF 2.0 export in 0.015958070755004883 s

Info: Saved as "Ground_-3_5.blend"
UPDATED TERRAIN MODULE Ground_-3_5 3038
21:23:24 | INFO: Starting glTF 2.0 export
21:23:24 | INFO: Extracting primitive: Ground_-2_5Geometry
21:23:24 | INFO: Primitives created: 1
21:23:24 | INFO: Finished glTF 2.0 export in 0.010965585708618164 s

Info: Saved as "Ground_-2_5.blend"
UPDATED TERRAIN MODULE Ground_-2_5 2048
21:23:24 | INFO: Starting glTF 2.0 export
21:23:24 | INFO: Extracting primitive: Ground_-1_5Geometry
21:23:24 | INFO: Primitives created: 1
21:23:24 | INFO: Finished glTF 2.0 export in 0.0107574462890625 s

Info: Saved as "Ground_-1_5.blend"
UPDATED TERRAIN MODULE Ground_-1_5 2048
21:23:25 | INFO: Starting glTF 2.0 export
21:23:25 | INFO: Extracting primitive: Ground_0_5Geometry
21:23:25 | INFO: Primitives created: 1
21:23:25 | INFO: Finished glTF 2.0 export in 0.013085365295410156 s

Info: Saved as "Ground_0_5.blend"
UPDATED TERRAIN MODULE Ground_0_5 2048
21:23:25 | INFO: Starting glTF 2.0 export
21:23:25 | INFO: Extracting primitive: Ground_1_5Geometry
21:23:25 | INFO: Primitives created: 1
21:23:25 | INFO: Finished glTF 2.0 export in 0.007979393005371094 s

Info: Saved as "Ground_1_5.blend"
UPDATED TERRAIN MODULE Ground_1_5 2048
21:23:26 | INFO: Starting glTF 2.0 export
21:23:26 | INFO: Extracting primitive: Ground_2_5Geometry
21:23:26 | INFO: Primitives created: 1
21:23:26 | INFO: Finished glTF 2.0 export in 0.011116504669189453 s

Info: Saved as "Ground_2_5.blend"
UPDATED TERRAIN MODULE Ground_2_5 2048
21:23:26 | INFO: Starting glTF 2.0 export
21:23:26 | INFO: Extracting primitive: Ground_3_5Geometry
21:23:26 | INFO: Primitives created: 1
21:23:26 | INFO: Finished glTF 2.0 export in 0.017287492752075195 s

Info: Saved as "Ground_3_5.blend"
UPDATED TERRAIN MODULE Ground_3_5 2048
21:23:27 | INFO: Starting glTF 2.0 export
21:23:27 | INFO: Extracting primitive: Ground_4_5Geometry
21:23:27 | INFO: Primitives created: 1
21:23:27 | INFO: Finished glTF 2.0 export in 0.008975982666015625 s

Info: Saved as "Ground_4_5.blend"
UPDATED TERRAIN MODULE Ground_4_5 2048
21:23:27 | INFO: Starting glTF 2.0 export
21:23:27 | INFO: Extracting primitive: Ground_5_5Geometry
21:23:27 | INFO: Primitives created: 1
21:23:27 | INFO: Finished glTF 2.0 export in 0.011617183685302734 s

Info: Saved as "Ground_5_5.blend"
UPDATED TERRAIN MODULE Ground_5_5 2048
21:23:28 | INFO: Starting glTF 2.0 export
21:23:28 | INFO: Extracting primitive: Ground_6_5Geometry
21:23:28 | INFO: Primitives created: 1
21:23:28 | INFO: Finished glTF 2.0 export in 0.012965202331542969 s

Info: Saved as "Ground_6_5.blend"
UPDATED TERRAIN MODULE Ground_6_5 2048
Blender 4.5.0 (hash 8cb6b388974a built 2025-07-15 01:36:24)

Blender quit
