INFO Draco mesh compression is available, use library at D:\test6\.tools\blender\blender-4.5.0-windows-x64\4.5\scripts\addons_core\io_scene_gltf2\extern_draco.dll
18:47:22 | INFO: Starting glTF 2.0 export
18:47:22 | INFO: Extracting primitive: cliff_crownGeometry
18:47:22 | INFO: Primitives created: 1
18:47:22 | INFO: Finished glTF 2.0 export in 0.005987644195556641 s

Info: Saved as "cliff_crown.blend"
CLOSED CLIFF MODULE cliff_crown 29 54 752703.8266473385
18:47:22 | INFO: Starting glTF 2.0 export
18:47:22 | INFO: Extracting primitive: cliff_western_slabGeometry
18:47:22 | INFO: Primitives created: 1
18:47:22 | INFO: Finished glTF 2.0 export in 0.004991054534912109 s

Info: Saved as "cliff_western_slab.blend"
CLOSED CLIFF MODULE cliff_western_slab 33 62 252949.50166034987
18:47:22 | INFO: Starting glTF 2.0 export
18:47:22 | INFO: Extracting primitive: cliff_front_columnsGeometry
18:47:22 | INFO: Primitives created: 1
18:47:22 | INFO: Finished glTF 2.0 export in 0.004985809326171875 s

Info: Saved as "cliff_front_columns.blend"
CLOSED CLIFF MODULE cliff_front_columns 26 48 126933.67673161547
18:47:22 | INFO: Starting glTF 2.0 export
18:47:22 | INFO: Extracting primitive: cliff_eastern_plateauGeometry
18:47:22 | INFO: Primitives created: 1
18:47:22 | INFO: Finished glTF 2.0 export in 0.003986358642578125 s

Info: Saved as "cliff_eastern_plateau.blend"
CLOSED CLIFF MODULE cliff_eastern_plateau 31 58 533280.8824469688
18:47:22 | INFO: Starting glTF 2.0 export
18:47:22 | INFO: Extracting primitive: cliff_shadow_buttressGeometry
18:47:22 | INFO: Primitives created: 1
18:47:22 | INFO: Finished glTF 2.0 export in 0.0060193538665771484 s

Info: Saved as "cliff_shadow_buttress.blend"
CLOSED CLIFF MODULE cliff_shadow_buttress 29 54 161458.03846514717
18:47:22 | INFO: Starting glTF 2.0 export
18:47:22 | INFO: Extracting primitive: cliff_central_wallGeometry
18:47:22 | INFO: Primitives created: 1
18:47:22 | INFO: Finished glTF 2.0 export in 0.007407188415527344 s

Info: Saved as "cliff_central_wall.blend"
CLOSED CLIFF MODULE cliff_central_wall 27 50 180062.97706211547
Blender 4.5.0 (hash 8cb6b388974a built 2025-07-15 01:36:24)

Blender quit
