INFO Draco mesh compression is available, use library at D:\test6\.tools\blender\blender-4.5.0-windows-x64\4.5\scripts\addons_core\io_scene_gltf2\extern_draco.dll
19:16:34 | INFO: Starting glTF 2.0 export
19:16:34 | INFO: Extracting primitive: Ground_-1_-2Geometry
19:16:34 | INFO: Primitives created: 1
19:16:34 | INFO: Finished glTF 2.0 export in 0.02193617820739746 s

Info: Saved as "Ground_-1_-2.blend"
UPDATED TERRAIN MODULE Ground_-1_-2 8224
19:16:35 | INFO: Starting glTF 2.0 export
19:16:35 | INFO: Extracting primitive: Ground_-1_-1Geometry
19:16:35 | INFO: Primitives created: 1
19:16:35 | INFO: Finished glTF 2.0 export in 0.0258328914642334 s

Info: Saved as "Ground_-1_-1.blend"
UPDATED TERRAIN MODULE Ground_-1_-1 11658
19:16:35 | INFO: Starting glTF 2.0 export
19:16:35 | INFO: Extracting primitive: Ground_0_-2Geometry
19:16:35 | INFO: Primitives created: 1
19:16:35 | INFO: Finished glTF 2.0 export in 0.02155900001525879 s

Info: Saved as "Ground_0_-2.blend"
UPDATED TERRAIN MODULE Ground_0_-2 10826
19:16:36 | INFO: Starting glTF 2.0 export
19:16:36 | INFO: Extracting primitive: Ground_0_-1Geometry
19:16:36 | INFO: Primitives created: 1
19:16:36 | INFO: Finished glTF 2.0 export in 0.022289037704467773 s

Info: Saved as "Ground_0_-1.blend"
UPDATED TERRAIN MODULE Ground_0_-1 12739
19:16:36 | INFO: Starting glTF 2.0 export
19:16:36 | INFO: Extracting primitive: Ground_1_-2Geometry
19:16:36 | INFO: Primitives created: 1
19:16:36 | INFO: Finished glTF 2.0 export in 0.019272804260253906 s

Info: Saved as "Ground_1_-2.blend"
UPDATED TERRAIN MODULE Ground_1_-2 10827
19:16:36 | INFO: Starting glTF 2.0 export
19:16:36 | INFO: Extracting primitive: Ground_1_-1Geometry
19:16:36 | INFO: Primitives created: 1
19:16:36 | INFO: Finished glTF 2.0 export in 0.017518281936645508 s

Info: Saved as "Ground_1_-1.blend"
UPDATED TERRAIN MODULE Ground_1_-1 8425
19:16:37 | INFO: Starting glTF 2.0 export
19:16:37 | INFO: Extracting primitive: Ground_0_0Geometry
19:16:37 | INFO: Primitives created: 1
19:16:37 | INFO: Finished glTF 2.0 export in 0.018676042556762695 s

Info: Saved as "Ground_0_0.blend"
UPDATED TERRAIN MODULE Ground_0_0 8105
Blender 4.5.0 (hash 8cb6b388974a built 2025-07-15 01:36:24)

Blender quit
