SCRIPT ERROR: Parse Error: Preload file "res://scripts/game_hud.gd" does not exist.
   at: GDScript::reload (res://scripts/game.gd:66)
SCRIPT ERROR: Parse Error: Preload file "res://scripts/game_tests.gd" does not exist.
   at: GDScript::reload (res://scripts/game.gd:75)
SCRIPT ERROR: Parse Error: Preload file "res://scripts/flight_tour_test.gd" does not exist.
   at: GDScript::reload (res://scripts/game.gd:81)
SCRIPT ERROR: Parse Error: Preload file "res://scripts/stream_flight_test.gd" does not exist.
   at: GDScript::reload (res://scripts/game.gd:85)
SCRIPT ERROR: Parse Error: Preload file "res://scripts/cliff_tour_test.gd" does not exist.
   at: GDScript::reload (res://scripts/game.gd:88)
ERROR: Failed to load script "res://scripts/game.gd" with error "Parse error".
   at: load (modules/gdscript/gdscript.cpp:3041)
SCRIPT ERROR: Parse Error: Preload file "res://scripts/world_math.gd" does not exist.
   at: GDScript::reload (res://scripts/open_world.gd:5)
ERROR: Failed to load script "res://scripts/open_world.gd" with error "Parse error".
   at: load (modules/gdscript/gdscript.cpp:3041)
ERROR: No loader found for resource: res://assets/land_details/Trail_Crownreach.glb (expected type: PackedScene)
   at: _load (core/io/resource_loader.cpp:358)
ERROR: Can't load dependency: 'res://assets/land_details/Trail_Crownreach.glb'.
   at: parse_variant (core/io/resource_format_binary.cpp:459)
ERROR: Error when trying to parse Variant.
   at: parse_variant (core/io/resource_format_binary.cpp:503)
ERROR: Error when trying to parse Variant.
   at: parse_variant (core/io/resource_format_binary.cpp:490)
ERROR: Failed loading resource: res://.godot/exported/133200997/export-ee36032dae15debbff0e290fd92d09a5-Trail_Crownreach.scn.
   at: _load (core/io/resource_loader.cpp:343)
ERROR: No loader found for resource: res://assets/land_details/Trail_Amberfield.glb (expected type: PackedScene)
   at: _load (core/io/resource_loader.cpp:358)
ERROR: Can't load dependency: 'res://assets/land_details/Trail_Amberfield.glb'.
   at: parse_variant (core/io/resource_format_binary.cpp:459)
ERROR: Error when trying to parse Variant.
   at: parse_variant (core/io/resource_format_binary.cpp:503)
ERROR: Error when trying to parse Variant.
   at: parse_variant (core/io/resource_format_binary.cpp:490)
ERROR: Failed loading resource: res://.godot/exported/133200997/export-e82757789d301db9ce2256702bf39033-Trail_Amberfield.scn.
   at: _load (core/io/resource_loader.cpp:343)
ERROR: No loader found for resource: res://assets/land_details/Trail_HillHamlet.glb (expected type: PackedScene)
   at: _load (core/io/resource_loader.cpp:358)
ERROR: Can't load dependency: 'res://assets/land_details/Trail_HillHamlet.glb'.
   at: parse_variant (core/io/resource_format_binary.cpp:459)
ERROR: Error when trying to parse Variant.
   at: parse_variant (core/io/resource_format_binary.cpp:503)
ERROR: Error when trying to parse Variant.
   at: parse_variant (core/io/resource_format_binary.cpp:490)
ERROR: Failed loading resource: res://.godot/exported/133200997/export-5072a2d85d57d1f18f817b02e920a1f0-Trail_HillHamlet.scn.
   at: _load (core/io/resource_loader.cpp:343)
ERROR: Cannot load shader: res://scripts/cliff_surface.gdshader
   at: load (scene/resources/shader.cpp:311)
ERROR: Failed loading resource: res://scripts/cliff_surface.gdshader.
   at: _load (core/io/resource_loader.cpp:343)
ERROR: Can't load dependency: 'res://scripts/cliff_surface.gdshader'.
   at: parse_variant (core/io/resource_format_binary.cpp:459)
ERROR: Failed loading resource: res://.godot/exported/133200997/export-5d77789c1ee5bcb6653ce63a440bd7c2-cliff.res.
   at: _load (core/io/resource_loader.cpp:343)
ERROR: Can't load dependency: 'res://materials/cliff.tres'.
   at: parse_variant (core/io/resource_format_binary.cpp:459)
ERROR: Error when trying to parse Variant.
   at: parse_variant (core/io/resource_format_binary.cpp:503)
ERROR: Error when trying to parse Variant.
   at: parse_variant (core/io/resource_format_binary.cpp:490)
ERROR: Failed loading resource: res://.godot/exported/133200997/export-d55a04c4d29287912d38c4e1c4086023-cliff_crown.scn.
   at: _load (core/io/resource_loader.cpp:343)
ERROR: Cannot load shader: res://scripts/cliff_surface.gdshader
   at: load (scene/resources/shader.cpp:311)
ERROR: Failed loading resource: res://scripts/cliff_surface.gdshader.
   at: _load (core/io/resource_loader.cpp:343)
ERROR: Can't load dependency: 'res://scripts/cliff_surface.gdshader'.
   at: parse_variant (core/io/resource_format_binary.cpp:459)
ERROR: Failed loading resource: res://.godot/exported/133200997/export-5d77789c1ee5bcb6653ce63a440bd7c2-cliff.res.
   at: _load (core/io/resource_loader.cpp:343)
ERROR: Can't load dependency: 'res://materials/cliff.tres'.
   at: parse_variant (core/io/resource_format_binary.cpp:459)
ERROR: Error when trying to parse Variant.
   at: parse_variant (core/io/resource_format_binary.cpp:503)
ERROR: Error when trying to parse Variant.
   at: parse_variant (core/io/resource_format_binary.cpp:490)
ERROR: Failed loading resource: res://.godot/exported/133200997/export-6863672f937bded2e2de260c07dca1ec-cliff_western_slab.scn.
   at: _load (core/io/resource_loader.cpp:343)
ERROR: Cannot load shader: res://scripts/cliff_surface.gdshader
   at: load (scene/resources/shader.cpp:311)
ERROR: Failed loading resource: res://scripts/cliff_surface.gdshader.
   at: _load (core/io/resource_loader.cpp:343)
ERROR: Can't load dependency: 'res://scripts/cliff_surface.gdshader'.
   at: parse_variant (core/io/resource_format_binary.cpp:459)
ERROR: Failed loading resource: res://.godot/exported/133200997/export-5d77789c1ee5bcb6653ce63a440bd7c2-cliff.res.
   at: _load (core/io/resource_loader.cpp:343)
ERROR: Can't load dependency: 'res://materials/cliff.tres'.
   at: parse_variant (core/io/resource_format_binary.cpp:459)
ERROR: Error when trying to parse Variant.
   at: parse_variant (core/io/resource_format_binary.cpp:503)
ERROR: Error when trying to parse Variant.
   at: parse_variant (core/io/resource_format_binary.cpp:490)
ERROR: Failed loading resource: res://.godot/exported/133200997/export-ecb45eccf9e4d8df0d5400d935731005-cliff_front_columns.scn.
   at: _load (core/io/resource_loader.cpp:343)
ERROR: Cannot load shader: res://scripts/cliff_surface.gdshader
   at: load (scene/resources/shader.cpp:311)
ERROR: Failed loading resource: res://scripts/cliff_surface.gdshader.
   at: _load (core/io/resource_loader.cpp:343)
ERROR: Can't load dependency: 'res://scripts/cliff_surface.gdshader'.
   at: parse_variant (core/io/resource_format_binary.cpp:459)
ERROR: Failed loading resource: res://.godot/exported/133200997/export-5d77789c1ee5bcb6653ce63a440bd7c2-cliff.res.
   at: _load (core/io/resource_loader.cpp:343)
ERROR: Can't load dependency: 'res://materials/cliff.tres'.
   at: parse_variant (core/io/resource_format_binary.cpp:459)
ERROR: Error when trying to parse Variant.
   at: parse_variant (core/io/resource_format_binary.cpp:503)
ERROR: Error when trying to parse Variant.
   at: parse_variant (core/io/resource_format_binary.cpp:490)
ERROR: Failed loading resource: res://.godot/exported/133200997/export-358b8d9d1054430e31147f402b709e3a-cliff_eastern_plateau.scn.
   at: _load (core/io/resource_loader.cpp:343)
ERROR: Cannot load shader: res://scripts/cliff_surface.gdshader
   at: load (scene/resources/shader.cpp:311)
ERROR: Failed loading resource: res://scripts/cliff_surface.gdshader.
   at: _load (core/io/resource_loader.cpp:343)
ERROR: Can't load dependency: 'res://scripts/cliff_surface.gdshader'.
   at: parse_variant (core/io/resource_format_binary.cpp:459)
ERROR: Failed loading resource: res://.godot/exported/133200997/export-5d77789c1ee5bcb6653ce63a440bd7c2-cliff.res.
   at: _load (core/io/resource_loader.cpp:343)
ERROR: Can't load dependency: 'res://materials/cliff.tres'.
   at: parse_variant (core/io/resource_format_binary.cpp:459)
ERROR: Error when trying to parse Variant.
   at: parse_variant (core/io/resource_format_binary.cpp:503)
ERROR: Error when trying to parse Variant.
   at: parse_variant (core/io/resource_format_binary.cpp:490)
ERROR: Failed loading resource: res://.godot/exported/133200997/export-c2d1d1c711717ca176c19e0c177a81a7-cliff_shadow_buttress.scn.
   at: _load (core/io/resource_loader.cpp:343)
ERROR: Cannot load shader: res://scripts/cliff_surface.gdshader
   at: load (scene/resources/shader.cpp:311)
ERROR: Failed loading resource: res://scripts/cliff_surface.gdshader.
   at: _load (core/io/resource_loader.cpp:343)
ERROR: Can't load dependency: 'res://scripts/cliff_surface.gdshader'.
   at: parse_variant (core/io/resource_format_binary.cpp:459)
ERROR: Failed loading resource: res://.godot/exported/133200997/export-5d77789c1ee5bcb6653ce63a440bd7c2-cliff.res.
   at: _load (core/io/resource_loader.cpp:343)
ERROR: Can't load dependency: 'res://materials/cliff.tres'.
   at: parse_variant (core/io/resource_format_binary.cpp:459)
ERROR: Error when trying to parse Variant.
   at: parse_variant (core/io/resource_format_binary.cpp:503)
ERROR: Error when trying to parse Variant.
   at: parse_variant (core/io/resource_format_binary.cpp:490)
ERROR: Failed loading resource: res://.godot/exported/133200997/export-0c231a3f93e2ee78e6a2435e837d7010-cliff_central_wall.scn.
   at: _load (core/io/resource_loader.cpp:343)
ERROR: Cannot load shader: res://scripts/cliff_surface.gdshader
   at: load (scene/resources/shader.cpp:311)
ERROR: Failed loading resource: res://scripts/cliff_surface.gdshader.
   at: _load (core/io/resource_loader.cpp:343)
ERROR: Can't load dependency: 'res://scripts/cliff_surface.gdshader'.
   at: parse_variant (core/io/resource_format_binary.cpp:459)
ERROR: Failed loading resource: res://.godot/exported/133200997/export-5d77789c1ee5bcb6653ce63a440bd7c2-cliff.res.
   at: _load (core/io/resource_loader.cpp:343)
ERROR: Can't load dependency: 'res://materials/cliff.tres'.
   at: parse_variant (core/io/resource_format_binary.cpp:459)
ERROR: Error when trying to parse Variant.
   at: parse_variant (core/io/resource_format_binary.cpp:503)
ERROR: Error when trying to parse Variant.
   at: parse_variant (core/io/resource_format_binary.cpp:490)
ERROR: Failed loading resource: res://.godot/exported/133200997/export-c6788fa116df9a9ed03cefa1c8398d5c-massif_frost_crown.scn.
   at: _load (core/io/resource_loader.cpp:343)
ERROR: Cannot load shader: res://scripts/cliff_surface.gdshader
   at: load (scene/resources/shader.cpp:311)
ERROR: Failed loading resource: res://scripts/cliff_surface.gdshader.
   at: _load (core/io/resource_loader.cpp:343)
ERROR: Can't load dependency: 'res://scripts/cliff_surface.gdshader'.
   at: parse_variant (core/io/resource_format_binary.cpp:459)
ERROR: Failed loading resource: res://.godot/exported/133200997/export-5d77789c1ee5bcb6653ce63a440bd7c2-cliff.res.
   at: _load (core/io/resource_loader.cpp:343)
ERROR: Can't load dependency: 'res://materials/cliff.tres'.
   at: parse_variant (core/io/resource_format_binary.cpp:459)
ERROR: Error when trying to parse Variant.
   at: parse_variant (core/io/resource_format_binary.cpp:503)
ERROR: Error when trying to parse Variant.
   at: parse_variant (core/io/resource_format_binary.cpp:490)
ERROR: Failed loading resource: res://.godot/exported/133200997/export-b90ad65e22fd69ba0e80b7cb19d13e4a-massif_west_summit.scn.
   at: _load (core/io/resource_loader.cpp:343)
ERROR: Cannot load shader: res://scripts/cliff_surface.gdshader
   at: load (scene/resources/shader.cpp:311)
ERROR: Failed loading resource: res://scripts/cliff_surface.gdshader.
   at: _load (core/io/resource_loader.cpp:343)
ERROR: Can't load dependency: 'res://scripts/cliff_surface.gdshader'.
   at: parse_variant (core/io/resource_format_binary.cpp:459)
ERROR: Failed loading resource: res://.godot/exported/133200997/export-5d77789c1ee5bcb6653ce63a440bd7c2-cliff.res.
   at: _load (core/io/resource_loader.cpp:343)
ERROR: Can't load dependency: 'res://materials/cliff.tres'.
   at: parse_variant (core/io/resource_format_binary.cpp:459)
ERROR: Error when trying to parse Variant.
   at: parse_variant (core/io/resource_format_binary.cpp:503)
ERROR: Error when trying to parse Variant.
   at: parse_variant (core/io/resource_format_binary.cpp:490)
ERROR: Failed loading resource: res://.godot/exported/133200997/export-fa87432379e45c23ab13068632112699-massif_needle_ridge.scn.
   at: _load (core/io/resource_loader.cpp:343)
ERROR: Cannot load shader: res://scripts/cliff_surface.gdshader
   at: load (scene/resources/shader.cpp:311)
ERROR: Failed loading resource: res://scripts/cliff_surface.gdshader.
   at: _load (core/io/resource_loader.cpp:343)
ERROR: Can't load dependency: 'res://scripts/cliff_surface.gdshader'.
   at: parse_variant (core/io/resource_format_binary.cpp:459)
ERROR: Failed loading resource: res://.godot/exported/133200997/export-5d77789c1ee5bcb6653ce63a440bd7c2-cliff.res.
   at: _load (core/io/resource_loader.cpp:343)
ERROR: Can't load dependency: 'res://materials/cliff.tres'.
   at: parse_variant (core/io/resource_format_binary.cpp:459)
ERROR: Error when trying to parse Variant.
   at: parse_variant (core/io/resource_format_binary.cpp:503)
ERROR: Error when trying to parse Variant.
   at: parse_variant (core/io/resource_format_binary.cpp:490)
ERROR: Failed loading resource: res://.godot/exported/133200997/export-dbf6515e9741ab18619489a7076276a2-massif_east_summit.scn.
   at: _load (core/io/resource_loader.cpp:343)
ERROR: Cannot load shader: res://scripts/cliff_surface.gdshader
   at: load (scene/resources/shader.cpp:311)
ERROR: Failed loading resource: res://scripts/cliff_surface.gdshader.
   at: _load (core/io/resource_loader.cpp:343)
ERROR: Can't load dependency: 'res://scripts/cliff_surface.gdshader'.
   at: parse_variant (core/io/resource_format_binary.cpp:459)
ERROR: Failed loading resource: res://.godot/exported/133200997/export-5d77789c1ee5bcb6653ce63a440bd7c2-cliff.res.
   at: _load (core/io/resource_loader.cpp:343)
ERROR: Can't load dependency: 'res://materials/cliff.tres'.
   at: parse_variant (core/io/resource_format_binary.cpp:459)
ERROR: Error when trying to parse Variant.
   at: parse_variant (core/io/resource_format_binary.cpp:503)
ERROR: Error when trying to parse Variant.
   at: parse_variant (core/io/resource_format_binary.cpp:490)
ERROR: Failed loading resource: res://.godot/exported/133200997/export-eedfce82da1bbb16cfc00a53054bb9c7-massif_east_spur.scn.
   at: _load (core/io/resource_loader.cpp:343)
ERROR: Cannot load shader: res://scripts/cliff_surface.gdshader
   at: load (scene/resources/shader.cpp:311)
ERROR: Failed loading resource: res://scripts/cliff_surface.gdshader.
   at: _load (core/io/resource_loader.cpp:343)
ERROR: Can't load dependency: 'res://scripts/cliff_surface.gdshader'.
   at: parse_variant (core/io/resource_format_binary.cpp:459)
ERROR: Failed loading resource: res://.godot/exported/133200997/export-5d77789c1ee5bcb6653ce63a440bd7c2-cliff.res.
   at: _load (core/io/resource_loader.cpp:343)
ERROR: Can't load dependency: 'res://materials/cliff.tres'.
   at: parse_variant (core/io/resource_format_binary.cpp:459)
ERROR: Error when trying to parse Variant.
   at: parse_variant (core/io/resource_format_binary.cpp:503)
ERROR: Error when trying to parse Variant.
   at: parse_variant (core/io/resource_format_binary.cpp:490)
ERROR: Failed loading resource: res://.godot/exported/133200997/export-cfa5f3b718d6ce1be7ee88819b62021b-massif_west_spur.scn.
   at: _load (core/io/resource_loader.cpp:343)
ERROR: Cannot load shader: res://scripts/cliff_surface.gdshader
   at: load (scene/resources/shader.cpp:311)
ERROR: Failed loading resource: res://scripts/cliff_surface.gdshader.
   at: _load (core/io/resource_loader.cpp:343)
ERROR: Can't load dependency: 'res://scripts/cliff_surface.gdshader'.
   at: parse_variant (core/io/resource_format_binary.cpp:459)
ERROR: Failed loading resource: res://.godot/exported/133200997/export-5d77789c1ee5bcb6653ce63a440bd7c2-cliff.res.
   at: _load (core/io/resource_loader.cpp:343)
ERROR: Can't load dependency: 'res://materials/cliff.tres'.
   at: parse_variant (core/io/resource_format_binary.cpp:459)
ERROR: Error when trying to parse Variant.
   at: parse_variant (core/io/resource_format_binary.cpp:503)
ERROR: Error when trying to parse Variant.
   at: parse_variant (core/io/resource_format_binary.cpp:490)
ERROR: Failed loading resource: res://.godot/exported/133200997/export-efea45aaf8443dd933c64777c461424d-massif_cirque_wall.scn.
   at: _load (core/io/resource_loader.cpp:343)
ERROR: Cannot load shader: res://scripts/cliff_surface.gdshader
   at: load (scene/resources/shader.cpp:311)
ERROR: Failed loading resource: res://scripts/cliff_surface.gdshader.
   at: _load (core/io/resource_loader.cpp:343)
ERROR: Can't load dependency: 'res://scripts/cliff_surface.gdshader'.
   at: parse_variant (core/io/resource_format_binary.cpp:459)
ERROR: Failed loading resource: res://.godot/exported/133200997/export-5d77789c1ee5bcb6653ce63a440bd7c2-cliff.res.
   at: _load (core/io/resource_loader.cpp:343)
ERROR: Can't load dependency: 'res://materials/cliff.tres'.
   at: parse_variant (core/io/resource_format_binary.cpp:459)
ERROR: Error when trying to parse Variant.
   at: parse_variant (core/io/resource_format_binary.cpp:503)
ERROR: Error when trying to parse Variant.
   at: parse_variant (core/io/resource_format_binary.cpp:490)
ERROR: Failed loading resource: res://.godot/exported/133200997/export-1d8ca2761e6e482157782209470b7418-massif_east_foothill.scn.
   at: _load (core/io/resource_loader.cpp:343)
ERROR: Cannot load shader: res://scripts/cliff_surface.gdshader
   at: load (scene/resources/shader.cpp:311)
ERROR: Failed loading resource: res://scripts/cliff_surface.gdshader.
   at: _load (core/io/resource_loader.cpp:343)
ERROR: Can't load dependency: 'res://scripts/cliff_surface.gdshader'.
   at: parse_variant (core/io/resource_format_binary.cpp:459)
ERROR: Failed loading resource: res://.godot/exported/133200997/export-5d77789c1ee5bcb6653ce63a440bd7c2-cliff.res.
   at: _load (core/io/resource_loader.cpp:343)
ERROR: Can't load dependency: 'res://materials/cliff.tres'.
   at: parse_variant (core/io/resource_format_binary.cpp:459)
ERROR: Error when trying to parse Variant.
   at: parse_variant (core/io/resource_format_binary.cpp:503)
ERROR: Error when trying to parse Variant.
   at: parse_variant (core/io/resource_format_binary.cpp:490)
ERROR: Failed loading resource: res://.godot/exported/133200997/export-91ca9666b4a42e0495bd886412b20469-massif_blue_buttress.scn.
   at: _load (core/io/resource_loader.cpp:343)
ERROR: Cannot load shader: res://scripts/cliff_surface.gdshader
   at: load (scene/resources/shader.cpp:311)
ERROR: Failed loading resource: res://scripts/cliff_surface.gdshader.
   at: _load (core/io/resource_loader.cpp:343)
ERROR: Can't load dependency: 'res://scripts/cliff_surface.gdshader'.
   at: parse_variant (core/io/resource_format_binary.cpp:459)
ERROR: Failed loading resource: res://.godot/exported/133200997/export-5d77789c1ee5bcb6653ce63a440bd7c2-cliff.res.
   at: _load (core/io/resource_loader.cpp:343)
ERROR: Can't load dependency: 'res://materials/cliff.tres'.
   at: parse_variant (core/io/resource_format_binary.cpp:459)
ERROR: Error when trying to parse Variant.
   at: parse_variant (core/io/resource_format_binary.cpp:503)
ERROR: Error when trying to parse Variant.
   at: parse_variant (core/io/resource_format_binary.cpp:490)
ERROR: Failed loading resource: res://.godot/exported/133200997/export-969a084222cb715c110451cc2f76638c-massif_valley_guard.scn.
   at: _load (core/io/resource_loader.cpp:343)
ERROR: Cannot load shader: res://scripts/cliff_surface.gdshader
   at: load (scene/resources/shader.cpp:311)
ERROR: Failed loading resource: res://scripts/cliff_surface.gdshader.
   at: _load (core/io/resource_loader.cpp:343)
ERROR: Can't load dependency: 'res://scripts/cliff_surface.gdshader'.
   at: parse_variant (core/io/resource_format_binary.cpp:459)
ERROR: Failed loading resource: res://.godot/exported/133200997/export-5d77789c1ee5bcb6653ce63a440bd7c2-cliff.res.
   at: _load (core/io/resource_loader.cpp:343)
ERROR: Can't load dependency: 'res://materials/cliff.tres'.
   at: parse_variant (core/io/resource_format_binary.cpp:459)
ERROR: Error when trying to parse Variant.
   at: parse_variant (core/io/resource_format_binary.cpp:503)
ERROR: Error when trying to parse Variant.
   at: parse_variant (core/io/resource_format_binary.cpp:490)
ERROR: Failed loading resource: res://.godot/exported/133200997/export-cee02b3635845929932387fd0bd73cfe-massif_west_foothill.scn.
   at: _load (core/io/resource_loader.cpp:343)
ERROR: Can't load dependency: 'res://scenes/environment/Trail_Crownreach.tscn'.
   at: parse_variant (core/io/resource_format_binary.cpp:459)
ERROR: Error when trying to parse Variant.
   at: parse_variant (core/io/resource_format_binary.cpp:503)
ERROR: Error when trying to parse Variant.
   at: parse_variant (core/io/resource_format_binary.cpp:490)
ERROR: Failed loading resource: res://.godot/exported/133200997/export-c7db8001466bdbc36a923010fa5ea39c-World.scn.
   at: _load (core/io/resource_loader.cpp:343)
SCRIPT ERROR: Parse Error: Preload file "res://materials/ship.tres" does not exist.
   at: GDScript::reload (res://scripts/airship_body.gd:5)
SCRIPT ERROR: Parse Error: Preload file "res://materials/flag.tres" does not exist.
   at: GDScript::reload (res://scripts/airship_body.gd:6)
ERROR: Failed to load script "res://scripts/airship_body.gd" with error "Parse error".
   at: load (modules/gdscript/gdscript.cpp:3041)
ERROR: Can't load dependency: 'res://scenes/world/World.tscn'.
   at: parse_variant (core/io/resource_format_binary.cpp:459)
ERROR: Error when trying to parse Variant.
   at: parse_variant (core/io/resource_format_binary.cpp:503)
ERROR: Error when trying to parse Variant.
   at: parse_variant (core/io/resource_format_binary.cpp:490)
ERROR: Failed loading resource: res://.godot/exported/133200997/export-c2a7af834e91ff64325daddf58e45dc0-game.scn.
   at: _load (core/io/resource_loader.cpp:343)
ERROR: Failed loading scene: res://scenes/game.tscn.
   at: start (main/main.cpp:4560)
