INFO Draco mesh compression is available, use library at D:\test6\.tools\blender\blender-4.5.0-windows-x64\4.5\scripts\addons_core\io_scene_gltf2\extern_draco.dll
20:17:34 | INFO: Starting glTF 2.0 export
20:17:34 | INFO: Extracting primitive: massif_frost_crownGeometry
20:17:34 | INFO: Primitives created: 1
20:17:34 | INFO: Finished glTF 2.0 export in 0.00519871711730957 s

Info: Saved as "massif_frost_crown.blend"
COMPLETE ALPINE MODULE massif_frost_crown 51 98
20:17:34 | INFO: Starting glTF 2.0 export
20:17:34 | INFO: Extracting primitive: massif_west_summitGeometry
20:17:34 | INFO: Primitives created: 1
20:17:34 | INFO: Finished glTF 2.0 export in 0.005984306335449219 s

Info: Saved as "massif_west_summit.blend"
COMPLETE ALPINE MODULE massif_west_summit 56 108
20:17:34 | INFO: Starting glTF 2.0 export
20:17:34 | INFO: Extracting primitive: massif_needle_ridgeGeometry
20:17:34 | INFO: Primitives created: 1
20:17:34 | INFO: Finished glTF 2.0 export in 0.004986286163330078 s

Info: Saved as "massif_needle_ridge.blend"
COMPLETE ALPINE MODULE massif_needle_ridge 61 118
20:17:34 | INFO: Starting glTF 2.0 export
20:17:34 | INFO: Extracting primitive: massif_east_summitGeometry
20:17:34 | INFO: Primitives created: 1
20:17:34 | INFO: Finished glTF 2.0 export in 0.0039899349212646484 s

Info: Saved as "massif_east_summit.blend"
COMPLETE ALPINE MODULE massif_east_summit 51 98
20:17:34 | INFO: Starting glTF 2.0 export
20:17:34 | INFO: Extracting primitive: massif_east_spurGeometry
20:17:34 | INFO: Primitives created: 1
20:17:34 | INFO: Finished glTF 2.0 export in 0.002992391586303711 s

Info: Saved as "massif_east_spur.blend"
COMPLETE ALPINE MODULE massif_east_spur 56 108
20:17:34 | INFO: Starting glTF 2.0 export
20:17:34 | INFO: Extracting primitive: massif_west_spurGeometry
20:17:34 | INFO: Primitives created: 1
20:17:34 | INFO: Finished glTF 2.0 export in 0.00697779655456543 s

Info: Saved as "massif_west_spur.blend"
COMPLETE ALPINE MODULE massif_west_spur 61 118
20:17:34 | INFO: Starting glTF 2.0 export
20:17:34 | INFO: Extracting primitive: massif_cirque_wallGeometry
20:17:34 | INFO: Primitives created: 1
20:17:34 | INFO: Finished glTF 2.0 export in 0.004985809326171875 s

Info: Saved as "massif_cirque_wall.blend"
COMPLETE ALPINE MODULE massif_cirque_wall 51 98
20:17:34 | INFO: Starting glTF 2.0 export
20:17:34 | INFO: Extracting primitive: massif_east_foothillGeometry
20:17:34 | INFO: Primitives created: 1
20:17:34 | INFO: Finished glTF 2.0 export in 0.0059931278228759766 s

Info: Saved as "massif_east_foothill.blend"
COMPLETE ALPINE MODULE massif_east_foothill 56 108
20:17:34 | INFO: Starting glTF 2.0 export
20:17:34 | INFO: Extracting primitive: massif_blue_buttressGeometry
20:17:34 | INFO: Primitives created: 1
20:17:34 | INFO: Finished glTF 2.0 export in 0.006981611251831055 s

Info: Saved as "massif_blue_buttress.blend"
COMPLETE ALPINE MODULE massif_blue_buttress 61 118
20:17:34 | INFO: Starting glTF 2.0 export
20:17:34 | INFO: Extracting primitive: massif_valley_guardGeometry
20:17:34 | INFO: Primitives created: 1
20:17:34 | INFO: Finished glTF 2.0 export in 0.007978200912475586 s

Info: Saved as "massif_valley_guard.blend"
COMPLETE ALPINE MODULE massif_valley_guard 51 98
20:17:34 | INFO: Starting glTF 2.0 export
20:17:34 | INFO: Extracting primitive: massif_west_foothillGeometry
20:17:34 | INFO: Primitives created: 1
20:17:34 | INFO: Finished glTF 2.0 export in 0.0039975643157958984 s

Info: Saved as "massif_west_foothill.blend"
COMPLETE ALPINE MODULE massif_west_foothill 56 108
Blender 4.5.0 (hash 8cb6b388974a built 2025-07-15 01:36:24)

Blender quit
