INFO Draco mesh compression is available, use library at D:\test6\.tools\blender\blender-4.5.0-windows-x64\4.5\scripts\addons_core\io_scene_gltf2\extern_draco.dll
21:39:06 | INFO: Starting glTF 2.0 export
21:39:06 | INFO: Extracting primitive: cliff_crownGeometry
21:39:06 | INFO: Primitives created: 1
21:39:06 | INFO: Finished glTF 2.0 export in 0.0055065155029296875 s

Info: Saved as "cliff_crown.blend"
CLOSED CLIFF MODULE cliff_crown 39 74 398151.4037140946
21:39:06 | INFO: Starting glTF 2.0 export
21:39:06 | INFO: Extracting primitive: cliff_western_slabGeometry
21:39:06 | INFO: Primitives created: 1
21:39:06 | INFO: Finished glTF 2.0 export in 0.00738215446472168 s

Info: Saved as "cliff_western_slab.blend"
CLOSED CLIFF MODULE cliff_western_slab 38 72 194555.3057169769
21:39:06 | INFO: Starting glTF 2.0 export
21:39:06 | INFO: Extracting primitive: cliff_front_columnsGeometry
21:39:06 | INFO: Primitives created: 1
21:39:06 | INFO: Finished glTF 2.0 export in 0.006614208221435547 s

Info: Saved as "cliff_front_columns.blend"
CLOSED CLIFF MODULE cliff_front_columns 44 84 112239.10337448417
21:39:06 | INFO: Starting glTF 2.0 export
21:39:06 | INFO: Extracting primitive: cliff_eastern_plateauGeometry
21:39:06 | INFO: Primitives created: 1
21:39:06 | INFO: Finished glTF 2.0 export in 0.0059833526611328125 s

Info: Saved as "cliff_eastern_plateau.blend"
CLOSED CLIFF MODULE cliff_eastern_plateau 44 84 435259.5079002324
21:39:06 | INFO: Starting glTF 2.0 export
21:39:06 | INFO: Extracting primitive: cliff_shadow_buttressGeometry
21:39:06 | INFO: Primitives created: 1
21:39:06 | INFO: Finished glTF 2.0 export in 0.0040435791015625 s

Info: Saved as "cliff_shadow_buttress.blend"
CLOSED CLIFF MODULE cliff_shadow_buttress 30 56 192791.6260424541
21:39:06 | INFO: Starting glTF 2.0 export
21:39:06 | INFO: Extracting primitive: cliff_central_wallGeometry
21:39:06 | INFO: Primitives created: 1
21:39:06 | INFO: Finished glTF 2.0 export in 0.003989219665527344 s

Info: Saved as "cliff_central_wall.blend"
CLOSED CLIFF MODULE cliff_central_wall 31 58 103365.57166437058
Blender 4.5.0 (hash 8cb6b388974a built 2025-07-15 01:36:24)

Blender quit
