INFO Draco mesh compression is available, use library at D:\test6\.tools\blender\blender-4.5.0-windows-x64\4.5\scripts\addons_core\io_scene_gltf2\extern_draco.dll
00:10:09 | INFO: Starting glTF 2.0 export
00:10:09 | INFO: Extracting primitive: cliff_crownGeometry
00:10:09 | INFO: Primitives created: 1
00:10:09 | INFO: Finished glTF 2.0 export in 0.022768259048461914 s

Info: Saved as "cliff_crown.blend"
CLOSED CLIFF MODULE cliff_crown 173 342 784689.552369391
00:10:09 | INFO: Starting glTF 2.0 export
00:10:09 | INFO: Extracting primitive: cliff_western_slabGeometry
00:10:09 | INFO: Primitives created: 1
00:10:09 | INFO: Finished glTF 2.0 export in 0.00888967514038086 s

Info: Saved as "cliff_western_slab.blend"
CLOSED CLIFF MODULE cliff_western_slab 155 306 577125.3279541284
00:10:09 | INFO: Starting glTF 2.0 export
00:10:09 | INFO: Extracting primitive: cliff_front_columnsGeometry
00:10:09 | INFO: Primitives created: 1
00:10:09 | INFO: Finished glTF 2.0 export in 0.004987478256225586 s

Info: Saved as "cliff_front_columns.blend"
CLOSED CLIFF MODULE cliff_front_columns 147 290 424364.8412288949
00:10:09 | INFO: Starting glTF 2.0 export
00:10:09 | INFO: Extracting primitive: cliff_eastern_plateauGeometry
00:10:09 | INFO: Primitives created: 1
00:10:09 | INFO: Finished glTF 2.0 export in 0.0056455135345458984 s

Info: Saved as "cliff_eastern_plateau.blend"
CLOSED CLIFF MODULE cliff_eastern_plateau 184 364 822871.8638012423
00:10:09 | INFO: Starting glTF 2.0 export
00:10:09 | INFO: Extracting primitive: cliff_shadow_buttressGeometry
00:10:09 | INFO: Primitives created: 1
00:10:09 | INFO: Finished glTF 2.0 export in 0.00713038444519043 s

Info: Saved as "cliff_shadow_buttress.blend"
CLOSED CLIFF MODULE cliff_shadow_buttress 175 346 588333.6329304354
00:10:10 | INFO: Starting glTF 2.0 export
00:10:10 | INFO: Extracting primitive: cliff_central_wallGeometry
00:10:10 | INFO: Primitives created: 1
00:10:10 | INFO: Finished glTF 2.0 export in 0.0645284652709961 s

Info: Saved as "cliff_central_wall.blend"
CLOSED CLIFF MODULE cliff_central_wall 159 314 482396.2706068876
00:10:10 | INFO: Starting glTF 2.0 export
00:10:11 | INFO: Extracting primitive: cliff_western_mesaGeometry
00:10:11 | INFO: Primitives created: 1
00:10:11 | INFO: Finished glTF 2.0 export in 0.013497352600097656 s

Info: Saved as "cliff_western_mesa.blend"
CLOSED CLIFF MODULE cliff_western_mesa 226 448 435709.44011030556
Blender 4.5.0 (hash 8cb6b388974a built 2025-07-15 01:36:24)

Blender quit
