INFO Draco mesh compression is available, use library at D:\test6\.tools\blender\blender-4.5.0-windows-x64\4.5\scripts\addons_core\io_scene_gltf2\extern_draco.dll
20:58:01 | INFO: Starting glTF 2.0 export
20:58:01 | INFO: Extracting primitive: Ground_-6_-10Geometry
20:58:01 | INFO: Primitives created: 1
20:58:01 | INFO: Finished glTF 2.0 export in 0.033979177474975586 s

Info: Saved as "Ground_-6_-10.blend"
UPDATED TERRAIN MODULE Ground_-6_-10 2048
20:58:03 | INFO: Starting glTF 2.0 export
20:58:03 | INFO: Extracting primitive: Ground_-5_-10Geometry
20:58:03 | INFO: Primitives created: 1
20:58:03 | INFO: Finished glTF 2.0 export in 0.027925491333007812 s

Info: Saved as "Ground_-5_-10.blend"
UPDATED TERRAIN MODULE Ground_-5_-10 2048
20:58:04 | INFO: Starting glTF 2.0 export
20:58:04 | INFO: Extracting primitive: Ground_-4_-10Geometry
20:58:04 | INFO: Primitives created: 1
20:58:04 | INFO: Finished glTF 2.0 export in 0.017952442169189453 s

Info: Saved as "Ground_-4_-10.blend"
UPDATED TERRAIN MODULE Ground_-4_-10 2048
20:58:05 | INFO: Starting glTF 2.0 export
20:58:05 | INFO: Extracting primitive: Ground_-3_-10Geometry
20:58:05 | INFO: Primitives created: 1
20:58:05 | INFO: Finished glTF 2.0 export in 0.030917882919311523 s

Info: Saved as "Ground_-3_-10.blend"
UPDATED TERRAIN MODULE Ground_-3_-10 2048
20:58:06 | INFO: Starting glTF 2.0 export
20:58:06 | INFO: Extracting primitive: Ground_-2_-10Geometry
20:58:06 | INFO: Primitives created: 1
20:58:06 | INFO: Finished glTF 2.0 export in 0.012964963912963867 s

Info: Saved as "Ground_-2_-10.blend"
UPDATED TERRAIN MODULE Ground_-2_-10 2048
20:58:07 | INFO: Starting glTF 2.0 export
20:58:07 | INFO: Extracting primitive: Ground_-1_-10Geometry
20:58:07 | INFO: Primitives created: 1
20:58:07 | INFO: Finished glTF 2.0 export in 0.03092193603515625 s

Info: Saved as "Ground_-1_-10.blend"
UPDATED TERRAIN MODULE Ground_-1_-10 2048
20:58:08 | INFO: Starting glTF 2.0 export
20:58:08 | INFO: Extracting primitive: Ground_0_-10Geometry
20:58:08 | INFO: Primitives created: 1
20:58:08 | INFO: Finished glTF 2.0 export in 0.026430368423461914 s

Info: Saved as "Ground_0_-10.blend"
UPDATED TERRAIN MODULE Ground_0_-10 2048
20:58:09 | INFO: Starting glTF 2.0 export
20:58:09 | INFO: Extracting primitive: Ground_1_-10Geometry
20:58:09 | INFO: Primitives created: 1
20:58:09 | INFO: Finished glTF 2.0 export in 0.01870560646057129 s

Info: Saved as "Ground_1_-10.blend"
UPDATED TERRAIN MODULE Ground_1_-10 2048
20:58:10 | INFO: Starting glTF 2.0 export
20:58:10 | INFO: Extracting primitive: Ground_2_-10Geometry
20:58:10 | INFO: Primitives created: 1
20:58:10 | INFO: Finished glTF 2.0 export in 0.011968374252319336 s

Info: Saved as "Ground_2_-10.blend"
UPDATED TERRAIN MODULE Ground_2_-10 2048
20:58:11 | INFO: Starting glTF 2.0 export
20:58:11 | INFO: Extracting primitive: Ground_3_-10Geometry
20:58:11 | INFO: Primitives created: 1
20:58:11 | INFO: Finished glTF 2.0 export in 0.0194549560546875 s

Info: Saved as "Ground_3_-10.blend"
UPDATED TERRAIN MODULE Ground_3_-10 2048
20:58:12 | INFO: Starting glTF 2.0 export
20:58:12 | INFO: Extracting primitive: Ground_4_-10Geometry
20:58:12 | INFO: Primitives created: 1
20:58:12 | INFO: Finished glTF 2.0 export in 0.013479232788085938 s

Info: Saved as "Ground_4_-10.blend"
UPDATED TERRAIN MODULE Ground_4_-10 2048
20:58:13 | INFO: Starting glTF 2.0 export
20:58:13 | INFO: Extracting primitive: Ground_5_-10Geometry
20:58:13 | INFO: Primitives created: 1
20:58:13 | INFO: Finished glTF 2.0 export in 0.027303695678710938 s

Info: Saved as "Ground_5_-10.blend"
UPDATED TERRAIN MODULE Ground_5_-10 2048
20:58:15 | INFO: Starting glTF 2.0 export
20:58:15 | INFO: Extracting primitive: Ground_6_-10Geometry
20:58:15 | INFO: Primitives created: 1
20:58:15 | INFO: Finished glTF 2.0 export in 0.014958620071411133 s

Info: Saved as "Ground_6_-10.blend"
UPDATED TERRAIN MODULE Ground_6_-10 2048
20:58:16 | INFO: Starting glTF 2.0 export
20:58:16 | INFO: Extracting primitive: Ground_-6_-9Geometry
20:58:16 | INFO: Primitives created: 1
20:58:16 | INFO: Finished glTF 2.0 export in 0.022868871688842773 s

Info: Saved as "Ground_-6_-9.blend"
UPDATED TERRAIN MODULE Ground_-6_-9 2048
20:58:16 | INFO: Starting glTF 2.0 export
20:58:16 | INFO: Extracting primitive: Ground_-5_-9Geometry
20:58:16 | INFO: Primitives created: 1
20:58:16 | INFO: Finished glTF 2.0 export in 0.03103947639465332 s

Info: Saved as "Ground_-5_-9.blend"
UPDATED TERRAIN MODULE Ground_-5_-9 2048
20:58:17 | INFO: Starting glTF 2.0 export
20:58:17 | INFO: Extracting primitive: Ground_-4_-9Geometry
20:58:17 | INFO: Primitives created: 1
20:58:17 | INFO: Finished glTF 2.0 export in 0.057434797286987305 s

Info: Saved as "Ground_-4_-9.blend"
UPDATED TERRAIN MODULE Ground_-4_-9 2048
20:58:17 | INFO: Starting glTF 2.0 export
20:58:18 | INFO: Extracting primitive: Ground_-3_-9Geometry
20:58:18 | INFO: Primitives created: 1
20:58:18 | INFO: Finished glTF 2.0 export in 0.02094125747680664 s

Info: Saved as "Ground_-3_-9.blend"
UPDATED TERRAIN MODULE Ground_-3_-9 2048
20:58:18 | INFO: Starting glTF 2.0 export
20:58:18 | INFO: Extracting primitive: Ground_-2_-9Geometry
20:58:18 | INFO: Primitives created: 1
20:58:18 | INFO: Finished glTF 2.0 export in 0.024950742721557617 s

Info: Saved as "Ground_-2_-9.blend"
UPDATED TERRAIN MODULE Ground_-2_-9 2048
20:58:18 | INFO: Starting glTF 2.0 export
20:58:18 | INFO: Extracting primitive: Ground_-1_-9Geometry
20:58:18 | INFO: Primitives created: 1
20:58:18 | INFO: Finished glTF 2.0 export in 0.014080524444580078 s

Info: Saved as "Ground_-1_-9.blend"
UPDATED TERRAIN MODULE Ground_-1_-9 2048
20:58:19 | INFO: Starting glTF 2.0 export
20:58:19 | INFO: Extracting primitive: Ground_0_-9Geometry
20:58:19 | INFO: Primitives created: 1
20:58:19 | INFO: Finished glTF 2.0 export in 0.015505075454711914 s

Info: Saved as "Ground_0_-9.blend"
UPDATED TERRAIN MODULE Ground_0_-9 2048
20:58:19 | INFO: Starting glTF 2.0 export
20:58:19 | INFO: Extracting primitive: Ground_1_-9Geometry
20:58:19 | INFO: Primitives created: 1
20:58:19 | INFO: Finished glTF 2.0 export in 0.01597905158996582 s

Info: Saved as "Ground_1_-9.blend"
UPDATED TERRAIN MODULE Ground_1_-9 2048
20:58:20 | INFO: Starting glTF 2.0 export
20:58:20 | INFO: Extracting primitive: Ground_2_-9Geometry
20:58:20 | INFO: Primitives created: 1
20:58:20 | INFO: Finished glTF 2.0 export in 0.027946949005126953 s

Info: Saved as "Ground_2_-9.blend"
UPDATED TERRAIN MODULE Ground_2_-9 2048
20:58:20 | INFO: Starting glTF 2.0 export
20:58:20 | INFO: Extracting primitive: Ground_3_-9Geometry
20:58:20 | INFO: Primitives created: 1
20:58:20 | INFO: Finished glTF 2.0 export in 0.024992704391479492 s

Info: Saved as "Ground_3_-9.blend"
UPDATED TERRAIN MODULE Ground_3_-9 2048
20:58:21 | INFO: Starting glTF 2.0 export
20:58:21 | INFO: Extracting primitive: Ground_4_-9Geometry
20:58:21 | INFO: Primitives created: 1
20:58:21 | INFO: Finished glTF 2.0 export in 0.02087998390197754 s

Info: Saved as "Ground_4_-9.blend"
UPDATED TERRAIN MODULE Ground_4_-9 2048
20:58:21 | INFO: Starting glTF 2.0 export
20:58:21 | INFO: Extracting primitive: Ground_5_-9Geometry
20:58:21 | INFO: Primitives created: 1
20:58:21 | INFO: Finished glTF 2.0 export in 0.01717376708984375 s

Info: Saved as "Ground_5_-9.blend"
UPDATED TERRAIN MODULE Ground_5_-9 2048
20:58:22 | INFO: Starting glTF 2.0 export
20:58:22 | INFO: Extracting primitive: Ground_6_-9Geometry
20:58:22 | INFO: Primitives created: 1
20:58:22 | INFO: Finished glTF 2.0 export in 0.029231786727905273 s

Info: Saved as "Ground_6_-9.blend"
UPDATED TERRAIN MODULE Ground_6_-9 2048
20:58:23 | INFO: Starting glTF 2.0 export
20:58:23 | INFO: Extracting primitive: Ground_-6_-8Geometry
20:58:23 | INFO: Primitives created: 1
20:58:23 | INFO: Finished glTF 2.0 export in 0.024111509323120117 s

Info: Saved as "Ground_-6_-8.blend"
UPDATED TERRAIN MODULE Ground_-6_-8 2736
20:58:23 | INFO: Starting glTF 2.0 export
20:58:23 | INFO: Extracting primitive: Ground_-5_-8Geometry
20:58:23 | INFO: Primitives created: 1
20:58:23 | INFO: Finished glTF 2.0 export in 0.013751506805419922 s

Info: Saved as "Ground_-5_-8.blend"
UPDATED TERRAIN MODULE Ground_-5_-8 2048
20:58:24 | INFO: Starting glTF 2.0 export
20:58:24 | INFO: Extracting primitive: Ground_-4_-8Geometry
20:58:24 | INFO: Primitives created: 1
20:58:24 | INFO: Finished glTF 2.0 export in 0.023123741149902344 s

Info: Saved as "Ground_-4_-8.blend"
UPDATED TERRAIN MODULE Ground_-4_-8 2048
20:58:24 | INFO: Starting glTF 2.0 export
20:58:24 | INFO: Extracting primitive: Ground_-3_-8Geometry
20:58:24 | INFO: Primitives created: 1
20:58:24 | INFO: Finished glTF 2.0 export in 0.02641582489013672 s

Info: Saved as "Ground_-3_-8.blend"
UPDATED TERRAIN MODULE Ground_-3_-8 2048
20:58:25 | INFO: Starting glTF 2.0 export
20:58:25 | INFO: Extracting primitive: Ground_-2_-8Geometry
20:58:25 | INFO: Primitives created: 1
20:58:25 | INFO: Finished glTF 2.0 export in 0.05186200141906738 s

Info: Saved as "Ground_-2_-8.blend"
UPDATED TERRAIN MODULE Ground_-2_-8 2048
20:58:26 | INFO: Starting glTF 2.0 export
20:58:26 | INFO: Extracting primitive: Ground_-1_-8Geometry
20:58:26 | INFO: Primitives created: 1
20:58:26 | INFO: Finished glTF 2.0 export in 0.010186195373535156 s

Info: Saved as "Ground_-1_-8.blend"
UPDATED TERRAIN MODULE Ground_-1_-8 2048
20:58:26 | INFO: Starting glTF 2.0 export
20:58:26 | INFO: Extracting primitive: Ground_0_-8Geometry
20:58:26 | INFO: Primitives created: 1
20:58:26 | INFO: Finished glTF 2.0 export in 0.03612875938415527 s

Info: Saved as "Ground_0_-8.blend"
UPDATED TERRAIN MODULE Ground_0_-8 2048
20:58:26 | INFO: Starting glTF 2.0 export
20:58:26 | INFO: Extracting primitive: Ground_1_-8Geometry
20:58:26 | INFO: Primitives created: 1
20:58:26 | INFO: Finished glTF 2.0 export in 0.01795363426208496 s

Info: Saved as "Ground_1_-8.blend"
UPDATED TERRAIN MODULE Ground_1_-8 2048
20:58:27 | INFO: Starting glTF 2.0 export
20:58:27 | INFO: Extracting primitive: Ground_2_-8Geometry
20:58:27 | INFO: Primitives created: 1
20:58:27 | INFO: Finished glTF 2.0 export in 0.012964963912963867 s

Info: Saved as "Ground_2_-8.blend"
UPDATED TERRAIN MODULE Ground_2_-8 2048
20:58:27 | INFO: Starting glTF 2.0 export
20:58:27 | INFO: Extracting primitive: Ground_3_-8Geometry
20:58:27 | INFO: Primitives created: 1
20:58:27 | INFO: Finished glTF 2.0 export in 0.012967348098754883 s

Info: Saved as "Ground_3_-8.blend"
UPDATED TERRAIN MODULE Ground_3_-8 2048
20:58:28 | INFO: Starting glTF 2.0 export
20:58:28 | INFO: Extracting primitive: Ground_4_-8Geometry
20:58:28 | INFO: Primitives created: 1
20:58:28 | INFO: Finished glTF 2.0 export in 0.009997367858886719 s

Info: Saved as "Ground_4_-8.blend"
UPDATED TERRAIN MODULE Ground_4_-8 2048
20:58:28 | INFO: Starting glTF 2.0 export
20:58:28 | INFO: Extracting primitive: Ground_5_-8Geometry
20:58:28 | INFO: Primitives created: 1
20:58:28 | INFO: Finished glTF 2.0 export in 0.016954660415649414 s

Info: Saved as "Ground_5_-8.blend"
UPDATED TERRAIN MODULE Ground_5_-8 2048
20:58:29 | INFO: Starting glTF 2.0 export
20:58:29 | INFO: Extracting primitive: Ground_6_-8Geometry
20:58:29 | INFO: Primitives created: 1
20:58:30 | INFO: Finished glTF 2.0 export in 0.04898476600646973 s

Info: Saved as "Ground_6_-8.blend"
UPDATED TERRAIN MODULE Ground_6_-8 2048
20:58:31 | INFO: Starting glTF 2.0 export
20:58:31 | INFO: Extracting primitive: Ground_-6_-7Geometry
20:58:31 | INFO: Primitives created: 1
20:58:31 | INFO: Finished glTF 2.0 export in 0.09845423698425293 s

Info: Saved as "Ground_-6_-7.blend"
UPDATED TERRAIN MODULE Ground_-6_-7 3166
20:58:32 | INFO: Starting glTF 2.0 export
20:58:32 | INFO: Extracting primitive: Ground_-5_-7Geometry
20:58:32 | INFO: Primitives created: 1
20:58:32 | INFO: Finished glTF 2.0 export in 0.010971307754516602 s

Info: Saved as "Ground_-5_-7.blend"
UPDATED TERRAIN MODULE Ground_-5_-7 2048
20:58:32 | INFO: Starting glTF 2.0 export
20:58:32 | INFO: Extracting primitive: Ground_-4_-7Geometry
20:58:32 | INFO: Primitives created: 1
20:58:32 | INFO: Finished glTF 2.0 export in 0.021942138671875 s

Info: Saved as "Ground_-4_-7.blend"
UPDATED TERRAIN MODULE Ground_-4_-7 2048
20:58:33 | INFO: Starting glTF 2.0 export
20:58:33 | INFO: Extracting primitive: Ground_-3_-7Geometry
20:58:33 | INFO: Primitives created: 1
20:58:33 | INFO: Finished glTF 2.0 export in 0.011966705322265625 s

Info: Saved as "Ground_-3_-7.blend"
UPDATED TERRAIN MODULE Ground_-3_-7 2048
20:58:33 | INFO: Starting glTF 2.0 export
20:58:33 | INFO: Extracting primitive: Ground_-2_-7Geometry
20:58:33 | INFO: Primitives created: 1
20:58:33 | INFO: Finished glTF 2.0 export in 0.030965089797973633 s

Info: Saved as "Ground_-2_-7.blend"
UPDATED TERRAIN MODULE Ground_-2_-7 2048
20:58:34 | INFO: Starting glTF 2.0 export
20:58:34 | INFO: Extracting primitive: Ground_-1_-7Geometry
20:58:34 | INFO: Primitives created: 1
20:58:34 | INFO: Finished glTF 2.0 export in 0.04405856132507324 s

Info: Saved as "Ground_-1_-7.blend"
UPDATED TERRAIN MODULE Ground_-1_-7 2048
20:58:34 | INFO: Starting glTF 2.0 export
20:58:34 | INFO: Extracting primitive: Ground_0_-7Geometry
20:58:34 | INFO: Primitives created: 1
20:58:34 | INFO: Finished glTF 2.0 export in 0.023162841796875 s

Info: Saved as "Ground_0_-7.blend"
UPDATED TERRAIN MODULE Ground_0_-7 2048
20:58:35 | INFO: Starting glTF 2.0 export
20:58:35 | INFO: Extracting primitive: Ground_1_-7Geometry
20:58:35 | INFO: Primitives created: 1
20:58:35 | INFO: Finished glTF 2.0 export in 0.030738353729248047 s

Info: Saved as "Ground_1_-7.blend"
UPDATED TERRAIN MODULE Ground_1_-7 2048
20:58:36 | INFO: Starting glTF 2.0 export
20:58:36 | INFO: Extracting primitive: Ground_2_-7Geometry
20:58:36 | INFO: Primitives created: 1
20:58:36 | INFO: Finished glTF 2.0 export in 0.03694939613342285 s

Info: Saved as "Ground_2_-7.blend"
UPDATED TERRAIN MODULE Ground_2_-7 2048
20:58:36 | INFO: Starting glTF 2.0 export
20:58:36 | INFO: Extracting primitive: Ground_3_-7Geometry
20:58:36 | INFO: Primitives created: 1
20:58:36 | INFO: Finished glTF 2.0 export in 0.028628826141357422 s

Info: Saved as "Ground_3_-7.blend"
UPDATED TERRAIN MODULE Ground_3_-7 2048
20:58:37 | INFO: Starting glTF 2.0 export
20:58:37 | INFO: Extracting primitive: Ground_4_-7Geometry
20:58:37 | INFO: Primitives created: 1
20:58:37 | INFO: Finished glTF 2.0 export in 0.03485441207885742 s

Info: Saved as "Ground_4_-7.blend"
UPDATED TERRAIN MODULE Ground_4_-7 2048
20:58:38 | INFO: Starting glTF 2.0 export
20:58:38 | INFO: Extracting primitive: Ground_5_-7Geometry
20:58:38 | INFO: Primitives created: 1
20:58:38 | INFO: Finished glTF 2.0 export in 0.04358649253845215 s

Info: Saved as "Ground_5_-7.blend"
UPDATED TERRAIN MODULE Ground_5_-7 2048
20:58:39 | INFO: Starting glTF 2.0 export
20:58:39 | INFO: Extracting primitive: Ground_6_-7Geometry
20:58:39 | INFO: Primitives created: 1
20:58:39 | INFO: Finished glTF 2.0 export in 0.05657482147216797 s

Info: Saved as "Ground_6_-7.blend"
UPDATED TERRAIN MODULE Ground_6_-7 2048
20:58:40 | INFO: Starting glTF 2.0 export
20:58:40 | INFO: Extracting primitive: Ground_-6_-6Geometry
20:58:40 | INFO: Primitives created: 1
20:58:40 | INFO: Finished glTF 2.0 export in 0.02505016326904297 s

Info: Saved as "Ground_-6_-6.blend"
UPDATED TERRAIN MODULE Ground_-6_-6 2270
20:58:41 | INFO: Starting glTF 2.0 export
20:58:41 | INFO: Extracting primitive: Ground_-5_-6Geometry
20:58:41 | INFO: Primitives created: 1
20:58:41 | INFO: Finished glTF 2.0 export in 0.03590679168701172 s

Info: Saved as "Ground_-5_-6.blend"
UPDATED TERRAIN MODULE Ground_-5_-6 2986
20:58:41 | INFO: Starting glTF 2.0 export
20:58:41 | INFO: Extracting primitive: Ground_-4_-6Geometry
20:58:41 | INFO: Primitives created: 1
20:58:41 | INFO: Finished glTF 2.0 export in 0.01599574089050293 s

Info: Saved as "Ground_-4_-6.blend"
UPDATED TERRAIN MODULE Ground_-4_-6 2048
20:58:42 | INFO: Starting glTF 2.0 export
20:58:42 | INFO: Extracting primitive: Ground_-3_-6Geometry
20:58:42 | INFO: Primitives created: 1
20:58:42 | INFO: Finished glTF 2.0 export in 0.0109710693359375 s

Info: Saved as "Ground_-3_-6.blend"
UPDATED TERRAIN MODULE Ground_-3_-6 2048
20:58:42 | INFO: Starting glTF 2.0 export
20:58:42 | INFO: Extracting primitive: Ground_-2_-6Geometry
20:58:42 | INFO: Primitives created: 1
20:58:42 | INFO: Finished glTF 2.0 export in 0.044167280197143555 s

Info: Saved as "Ground_-2_-6.blend"
UPDATED TERRAIN MODULE Ground_-2_-6 2048
20:58:43 | INFO: Starting glTF 2.0 export
20:58:43 | INFO: Extracting primitive: Ground_-1_-6Geometry
20:58:43 | INFO: Primitives created: 1
20:58:43 | INFO: Finished glTF 2.0 export in 0.011966943740844727 s

Info: Saved as "Ground_-1_-6.blend"
UPDATED TERRAIN MODULE Ground_-1_-6 2048
20:58:44 | INFO: Starting glTF 2.0 export
20:58:44 | INFO: Extracting primitive: Ground_0_-6Geometry
20:58:44 | INFO: Primitives created: 1
20:58:44 | INFO: Finished glTF 2.0 export in 0.012789249420166016 s

Info: Saved as "Ground_0_-6.blend"
UPDATED TERRAIN MODULE Ground_0_-6 2048
20:58:44 | INFO: Starting glTF 2.0 export
20:58:44 | INFO: Extracting primitive: Ground_1_-6Geometry
20:58:44 | INFO: Primitives created: 1
20:58:44 | INFO: Finished glTF 2.0 export in 0.010604619979858398 s

Info: Saved as "Ground_1_-6.blend"
UPDATED TERRAIN MODULE Ground_1_-6 2048
20:58:45 | INFO: Starting glTF 2.0 export
20:58:45 | INFO: Extracting primitive: Ground_2_-6Geometry
20:58:45 | INFO: Primitives created: 1
20:58:45 | INFO: Finished glTF 2.0 export in 0.024196386337280273 s

Info: Saved as "Ground_2_-6.blend"
UPDATED TERRAIN MODULE Ground_2_-6 2048
20:58:45 | INFO: Starting glTF 2.0 export
20:58:45 | INFO: Extracting primitive: Ground_3_-6Geometry
20:58:45 | INFO: Primitives created: 1
20:58:45 | INFO: Finished glTF 2.0 export in 0.021936655044555664 s

Info: Saved as "Ground_3_-6.blend"
UPDATED TERRAIN MODULE Ground_3_-6 2048
20:58:46 | INFO: Starting glTF 2.0 export
20:58:46 | INFO: Extracting primitive: Ground_4_-6Geometry
20:58:46 | INFO: Primitives created: 1
20:58:46 | INFO: Finished glTF 2.0 export in 0.02593207359313965 s

Info: Saved as "Ground_4_-6.blend"
UPDATED TERRAIN MODULE Ground_4_-6 2048
20:58:46 | INFO: Starting glTF 2.0 export
20:58:46 | INFO: Extracting primitive: Ground_5_-6Geometry
20:58:46 | INFO: Primitives created: 1
20:58:46 | INFO: Finished glTF 2.0 export in 0.02991938591003418 s

Info: Saved as "Ground_5_-6.blend"
UPDATED TERRAIN MODULE Ground_5_-6 2048
20:58:47 | INFO: Starting glTF 2.0 export
20:58:47 | INFO: Extracting primitive: Ground_6_-6Geometry
20:58:47 | INFO: Primitives created: 1
20:58:47 | INFO: Finished glTF 2.0 export in 0.013964653015136719 s

Info: Saved as "Ground_6_-6.blend"
UPDATED TERRAIN MODULE Ground_6_-6 2048
20:58:48 | INFO: Starting glTF 2.0 export
20:58:48 | INFO: Extracting primitive: Ground_-6_-5Geometry
20:58:48 | INFO: Primitives created: 1
20:58:48 | INFO: Finished glTF 2.0 export in 0.01205301284790039 s

Info: Saved as "Ground_-6_-5.blend"
UPDATED TERRAIN MODULE Ground_-6_-5 2048
20:58:49 | INFO: Starting glTF 2.0 export
20:58:49 | INFO: Extracting primitive: Ground_-5_-5Geometry
20:58:49 | INFO: Primitives created: 1
20:58:49 | INFO: Finished glTF 2.0 export in 0.012969493865966797 s

Info: Saved as "Ground_-5_-5.blend"
UPDATED TERRAIN MODULE Ground_-5_-5 2870
20:58:49 | INFO: Starting glTF 2.0 export
20:58:49 | INFO: Extracting primitive: Ground_-4_-5Geometry
20:58:49 | INFO: Primitives created: 1
20:58:49 | INFO: Finished glTF 2.0 export in 0.009972095489501953 s

Info: Saved as "Ground_-4_-5.blend"
UPDATED TERRAIN MODULE Ground_-4_-5 2386
20:58:50 | INFO: Starting glTF 2.0 export
20:58:50 | INFO: Extracting primitive: Ground_-3_-5Geometry
20:58:50 | INFO: Primitives created: 1
20:58:50 | INFO: Finished glTF 2.0 export in 0.019274234771728516 s

Info: Saved as "Ground_-3_-5.blend"
UPDATED TERRAIN MODULE Ground_-3_-5 2080
20:58:50 | INFO: Starting glTF 2.0 export
20:58:50 | INFO: Extracting primitive: Ground_-2_-5Geometry
20:58:50 | INFO: Primitives created: 1
20:58:50 | INFO: Finished glTF 2.0 export in 0.021941661834716797 s

Info: Saved as "Ground_-2_-5.blend"
UPDATED TERRAIN MODULE Ground_-2_-5 2048
20:58:51 | INFO: Starting glTF 2.0 export
20:58:51 | INFO: Extracting primitive: Ground_-1_-5Geometry
20:58:51 | INFO: Primitives created: 1
20:58:51 | INFO: Finished glTF 2.0 export in 0.02555227279663086 s

Info: Saved as "Ground_-1_-5.blend"
UPDATED TERRAIN MODULE Ground_-1_-5 2048
20:58:51 | INFO: Starting glTF 2.0 export
20:58:51 | INFO: Extracting primitive: Ground_0_-5Geometry
20:58:51 | INFO: Primitives created: 1
20:58:51 | INFO: Finished glTF 2.0 export in 0.01415109634399414 s

Info: Saved as "Ground_0_-5.blend"
UPDATED TERRAIN MODULE Ground_0_-5 2048
20:58:52 | INFO: Starting glTF 2.0 export
20:58:52 | INFO: Extracting primitive: Ground_1_-5Geometry
20:58:52 | INFO: Primitives created: 1
20:58:52 | INFO: Finished glTF 2.0 export in 0.05591869354248047 s

Info: Saved as "Ground_1_-5.blend"
UPDATED TERRAIN MODULE Ground_1_-5 2112
20:58:52 | INFO: Starting glTF 2.0 export
20:58:52 | INFO: Extracting primitive: Ground_2_-5Geometry
20:58:52 | INFO: Primitives created: 1
20:58:52 | INFO: Finished glTF 2.0 export in 0.02411174774169922 s

Info: Saved as "Ground_2_-5.blend"
UPDATED TERRAIN MODULE Ground_2_-5 2048
20:58:53 | INFO: Starting glTF 2.0 export
20:58:53 | INFO: Extracting primitive: Ground_3_-5Geometry
20:58:53 | INFO: Primitives created: 1
20:58:53 | INFO: Finished glTF 2.0 export in 0.034203529357910156 s

Info: Saved as "Ground_3_-5.blend"
UPDATED TERRAIN MODULE Ground_3_-5 2048
20:58:53 | INFO: Starting glTF 2.0 export
20:58:53 | INFO: Extracting primitive: Ground_4_-5Geometry
20:58:53 | INFO: Primitives created: 1
20:58:53 | INFO: Finished glTF 2.0 export in 0.015253782272338867 s

Info: Saved as "Ground_4_-5.blend"
UPDATED TERRAIN MODULE Ground_4_-5 2048
20:58:54 | INFO: Starting glTF 2.0 export
20:58:54 | INFO: Extracting primitive: Ground_5_-5Geometry
20:58:54 | INFO: Primitives created: 1
20:58:54 | INFO: Finished glTF 2.0 export in 0.01993107795715332 s

Info: Saved as "Ground_5_-5.blend"
UPDATED TERRAIN MODULE Ground_5_-5 2048
20:58:55 | INFO: Starting glTF 2.0 export
20:58:55 | INFO: Extracting primitive: Ground_6_-5Geometry
20:58:55 | INFO: Primitives created: 1
20:58:55 | INFO: Finished glTF 2.0 export in 0.027900218963623047 s

Info: Saved as "Ground_6_-5.blend"
UPDATED TERRAIN MODULE Ground_6_-5 2048
20:58:56 | INFO: Starting glTF 2.0 export
20:58:56 | INFO: Extracting primitive: Ground_-6_-4Geometry
20:58:56 | INFO: Primitives created: 1
20:58:56 | INFO: Finished glTF 2.0 export in 0.018878936767578125 s

Info: Saved as "Ground_-6_-4.blend"
UPDATED TERRAIN MODULE Ground_-6_-4 2048
20:58:57 | INFO: Starting glTF 2.0 export
20:58:57 | INFO: Extracting primitive: Ground_-5_-4Geometry
20:58:57 | INFO: Primitives created: 1
20:58:57 | INFO: Finished glTF 2.0 export in 0.030215978622436523 s

Info: Saved as "Ground_-5_-4.blend"
UPDATED TERRAIN MODULE Ground_-5_-4 2048
20:58:58 | INFO: Starting glTF 2.0 export
20:58:58 | INFO: Extracting primitive: Ground_-4_-4Geometry
20:58:58 | INFO: Primitives created: 1
20:58:58 | INFO: Finished glTF 2.0 export in 0.039891719818115234 s

Info: Saved as "Ground_-4_-4.blend"
UPDATED TERRAIN MODULE Ground_-4_-4 3198
20:58:58 | INFO: Starting glTF 2.0 export
20:58:58 | INFO: Extracting primitive: Ground_-3_-4Geometry
20:58:58 | INFO: Primitives created: 1
20:58:58 | INFO: Finished glTF 2.0 export in 0.015224695205688477 s

Info: Saved as "Ground_-3_-4.blend"
UPDATED TERRAIN MODULE Ground_-3_-4 2048
20:58:59 | INFO: Starting glTF 2.0 export
20:58:59 | INFO: Extracting primitive: Ground_-2_-4Geometry
20:58:59 | INFO: Primitives created: 1
20:58:59 | INFO: Finished glTF 2.0 export in 0.009974479675292969 s

Info: Saved as "Ground_-2_-4.blend"
UPDATED TERRAIN MODULE Ground_-2_-4 2048
20:58:59 | INFO: Starting glTF 2.0 export
20:58:59 | INFO: Extracting primitive: Ground_-1_-4Geometry
20:58:59 | INFO: Primitives created: 1
20:58:59 | INFO: Finished glTF 2.0 export in 0.031926870346069336 s

Info: Saved as "Ground_-1_-4.blend"
UPDATED TERRAIN MODULE Ground_-1_-4 2048
20:59:00 | INFO: Starting glTF 2.0 export
20:59:00 | INFO: Extracting primitive: Ground_0_-4Geometry
20:59:00 | INFO: Primitives created: 1
20:59:00 | INFO: Finished glTF 2.0 export in 0.02194046974182129 s

Info: Saved as "Ground_0_-4.blend"
UPDATED TERRAIN MODULE Ground_0_-4 2065
20:59:00 | INFO: Starting glTF 2.0 export
20:59:00 | INFO: Extracting primitive: Ground_1_-4Geometry
20:59:00 | INFO: Primitives created: 1
20:59:00 | INFO: Finished glTF 2.0 export in 0.02593088150024414 s

Info: Saved as "Ground_1_-4.blend"
UPDATED TERRAIN MODULE Ground_1_-4 2644
20:59:01 | INFO: Starting glTF 2.0 export
20:59:01 | INFO: Extracting primitive: Ground_2_-4Geometry
20:59:01 | INFO: Primitives created: 1
20:59:01 | INFO: Finished glTF 2.0 export in 0.053601980209350586 s

Info: Saved as "Ground_2_-4.blend"
UPDATED TERRAIN MODULE Ground_2_-4 2226
20:59:01 | INFO: Starting glTF 2.0 export
20:59:01 | INFO: Extracting primitive: Ground_3_-4Geometry
20:59:01 | INFO: Primitives created: 1
20:59:01 | INFO: Finished glTF 2.0 export in 0.01176142692565918 s

Info: Saved as "Ground_3_-4.blend"
UPDATED TERRAIN MODULE Ground_3_-4 2048
20:59:02 | INFO: Starting glTF 2.0 export
20:59:02 | INFO: Extracting primitive: Ground_4_-4Geometry
20:59:02 | INFO: Primitives created: 1
20:59:02 | INFO: Finished glTF 2.0 export in 0.028654098510742188 s

Info: Saved as "Ground_4_-4.blend"
UPDATED TERRAIN MODULE Ground_4_-4 2048
20:59:02 | INFO: Starting glTF 2.0 export
20:59:02 | INFO: Extracting primitive: Ground_5_-4Geometry
20:59:02 | INFO: Primitives created: 1
20:59:02 | INFO: Finished glTF 2.0 export in 0.013962984085083008 s

Info: Saved as "Ground_5_-4.blend"
UPDATED TERRAIN MODULE Ground_5_-4 2050
20:59:03 | INFO: Starting glTF 2.0 export
20:59:03 | INFO: Extracting primitive: Ground_6_-4Geometry
20:59:03 | INFO: Primitives created: 1
20:59:03 | INFO: Finished glTF 2.0 export in 0.012959718704223633 s

Info: Saved as "Ground_6_-4.blend"
UPDATED TERRAIN MODULE Ground_6_-4 2048
20:59:04 | INFO: Starting glTF 2.0 export
20:59:04 | INFO: Extracting primitive: Ground_-6_-3Geometry
20:59:04 | INFO: Primitives created: 1
20:59:04 | INFO: Finished glTF 2.0 export in 0.019666433334350586 s

Info: Saved as "Ground_-6_-3.blend"
UPDATED TERRAIN MODULE Ground_-6_-3 2048
20:59:04 | INFO: Starting glTF 2.0 export
20:59:04 | INFO: Extracting primitive: Ground_-5_-3Geometry
20:59:04 | INFO: Primitives created: 1
20:59:04 | INFO: Finished glTF 2.0 export in 0.00997304916381836 s

Info: Saved as "Ground_-5_-3.blend"
UPDATED TERRAIN MODULE Ground_-5_-3 2048
20:59:05 | INFO: Starting glTF 2.0 export
20:59:05 | INFO: Extracting primitive: Ground_-4_-3Geometry
20:59:05 | INFO: Primitives created: 1
20:59:05 | INFO: Finished glTF 2.0 export in 0.016956329345703125 s

Info: Saved as "Ground_-4_-3.blend"
UPDATED TERRAIN MODULE Ground_-4_-3 2320
20:59:06 | INFO: Starting glTF 2.0 export
20:59:06 | INFO: Extracting primitive: Ground_-3_-3Geometry
20:59:06 | INFO: Primitives created: 1
20:59:06 | INFO: Finished glTF 2.0 export in 0.05249619483947754 s

Info: Saved as "Ground_-3_-3.blend"
UPDATED TERRAIN MODULE Ground_-3_-3 2936
20:59:06 | INFO: Starting glTF 2.0 export
20:59:06 | INFO: Extracting primitive: Ground_-2_-3Geometry
20:59:06 | INFO: Primitives created: 1
20:59:06 | INFO: Finished glTF 2.0 export in 0.022062301635742188 s

Info: Saved as "Ground_-2_-3.blend"
UPDATED TERRAIN MODULE Ground_-2_-3 2048
20:59:07 | INFO: Starting glTF 2.0 export
20:59:07 | INFO: Extracting primitive: Ground_-1_-3Geometry
20:59:07 | INFO: Primitives created: 1
20:59:07 | INFO: Finished glTF 2.0 export in 0.035906076431274414 s

Info: Saved as "Ground_-1_-3.blend"
UPDATED TERRAIN MODULE Ground_-1_-3 2052
20:59:08 | INFO: Starting glTF 2.0 export
20:59:08 | INFO: Extracting primitive: Ground_0_-3Geometry
20:59:08 | INFO: Primitives created: 1
20:59:08 | INFO: Finished glTF 2.0 export in 0.03690028190612793 s

Info: Saved as "Ground_0_-3.blend"
UPDATED TERRAIN MODULE Ground_0_-3 2303
20:59:08 | INFO: Starting glTF 2.0 export
20:59:08 | INFO: Extracting primitive: Ground_1_-3Geometry
20:59:08 | INFO: Primitives created: 1
20:59:08 | INFO: Finished glTF 2.0 export in 0.01595902442932129 s

Info: Saved as "Ground_1_-3.blend"
UPDATED TERRAIN MODULE Ground_1_-3 2142
20:59:09 | INFO: Starting glTF 2.0 export
20:59:09 | INFO: Extracting primitive: Ground_2_-3Geometry
20:59:09 | INFO: Primitives created: 1
20:59:09 | INFO: Finished glTF 2.0 export in 0.02798938751220703 s

Info: Saved as "Ground_2_-3.blend"
UPDATED TERRAIN MODULE Ground_2_-3 2100
20:59:09 | INFO: Starting glTF 2.0 export
20:59:09 | INFO: Extracting primitive: Ground_3_-3Geometry
20:59:09 | INFO: Primitives created: 1
20:59:09 | INFO: Finished glTF 2.0 export in 0.013965606689453125 s

Info: Saved as "Ground_3_-3.blend"
UPDATED TERRAIN MODULE Ground_3_-3 2048
20:59:10 | INFO: Starting glTF 2.0 export
20:59:10 | INFO: Extracting primitive: Ground_4_-3Geometry
20:59:10 | INFO: Primitives created: 1
20:59:10 | INFO: Finished glTF 2.0 export in 0.04152631759643555 s

Info: Saved as "Ground_4_-3.blend"
UPDATED TERRAIN MODULE Ground_4_-3 2048
20:59:11 | INFO: Starting glTF 2.0 export
20:59:11 | INFO: Extracting primitive: Ground_5_-3Geometry
20:59:11 | INFO: Primitives created: 1
20:59:11 | INFO: Finished glTF 2.0 export in 0.01595902442932129 s

Info: Saved as "Ground_5_-3.blend"
UPDATED TERRAIN MODULE Ground_5_-3 2048
20:59:12 | INFO: Starting glTF 2.0 export
20:59:12 | INFO: Extracting primitive: Ground_6_-3Geometry
20:59:12 | INFO: Primitives created: 1
20:59:12 | INFO: Finished glTF 2.0 export in 0.015469789505004883 s

Info: Saved as "Ground_6_-3.blend"
UPDATED TERRAIN MODULE Ground_6_-3 2048
20:59:13 | INFO: Starting glTF 2.0 export
20:59:13 | INFO: Extracting primitive: Ground_-6_-2Geometry
20:59:13 | INFO: Primitives created: 1
20:59:13 | INFO: Finished glTF 2.0 export in 0.026814937591552734 s

Info: Saved as "Ground_-6_-2.blend"
UPDATED TERRAIN MODULE Ground_-6_-2 2048
20:59:13 | INFO: Starting glTF 2.0 export
20:59:13 | INFO: Extracting primitive: Ground_-5_-2Geometry
20:59:13 | INFO: Primitives created: 1
20:59:13 | INFO: Finished glTF 2.0 export in 0.03393363952636719 s

Info: Saved as "Ground_-5_-2.blend"
UPDATED TERRAIN MODULE Ground_-5_-2 2048
20:59:14 | INFO: Starting glTF 2.0 export
20:59:14 | INFO: Extracting primitive: Ground_-4_-2Geometry
20:59:14 | INFO: Primitives created: 1
20:59:14 | INFO: Finished glTF 2.0 export in 0.034604549407958984 s

Info: Saved as "Ground_-4_-2.blend"
UPDATED TERRAIN MODULE Ground_-4_-2 2048
20:59:15 | INFO: Starting glTF 2.0 export
20:59:15 | INFO: Extracting primitive: Ground_-3_-2Geometry
20:59:15 | INFO: Primitives created: 1
20:59:15 | INFO: Finished glTF 2.0 export in 0.06239914894104004 s

Info: Saved as "Ground_-3_-2.blend"
UPDATED TERRAIN MODULE Ground_-3_-2 2744
20:59:16 | INFO: Starting glTF 2.0 export
20:59:16 | INFO: Extracting primitive: Ground_-2_-2Geometry
20:59:16 | INFO: Primitives created: 1
20:59:16 | INFO: Finished glTF 2.0 export in 0.0410001277923584 s

Info: Saved as "Ground_-2_-2.blend"
UPDATED TERRAIN MODULE Ground_-2_-2 2764
20:59:17 | INFO: Starting glTF 2.0 export
20:59:17 | INFO: Extracting primitive: Ground_-1_-2Geometry
20:59:17 | INFO: Primitives created: 1
20:59:17 | INFO: Finished glTF 2.0 export in 0.0693507194519043 s

Info: Saved as "Ground_-1_-2.blend"
UPDATED TERRAIN MODULE Ground_-1_-2 8272
20:59:20 | INFO: Starting glTF 2.0 export
20:59:21 | INFO: Extracting primitive: Ground_0_-2Geometry
20:59:21 | INFO: Primitives created: 1
20:59:21 | INFO: Finished glTF 2.0 export in 0.12077832221984863 s

Info: Saved as "Ground_0_-2.blend"
UPDATED TERRAIN MODULE Ground_0_-2 11766
20:59:23 | INFO: Starting glTF 2.0 export
20:59:23 | INFO: Extracting primitive: Ground_1_-2Geometry
20:59:23 | INFO: Primitives created: 1
20:59:23 | INFO: Finished glTF 2.0 export in 0.1587963104248047 s

Info: Saved as "Ground_1_-2.blend"
UPDATED TERRAIN MODULE Ground_1_-2 11593
20:59:23 | INFO: Starting glTF 2.0 export
20:59:23 | INFO: Extracting primitive: Ground_2_-2Geometry
20:59:23 | INFO: Primitives created: 1
20:59:23 | INFO: Finished glTF 2.0 export in 0.02094411849975586 s

Info: Saved as "Ground_2_-2.blend"
UPDATED TERRAIN MODULE Ground_2_-2 2048
20:59:24 | INFO: Starting glTF 2.0 export
20:59:24 | INFO: Extracting primitive: Ground_3_-2Geometry
20:59:24 | INFO: Primitives created: 1
20:59:24 | INFO: Finished glTF 2.0 export in 0.04150533676147461 s

Info: Saved as "Ground_3_-2.blend"
UPDATED TERRAIN MODULE Ground_3_-2 2048
20:59:24 | INFO: Starting glTF 2.0 export
20:59:24 | INFO: Extracting primitive: Ground_4_-2Geometry
20:59:24 | INFO: Primitives created: 1
20:59:24 | INFO: Finished glTF 2.0 export in 0.037238359451293945 s

Info: Saved as "Ground_4_-2.blend"
UPDATED TERRAIN MODULE Ground_4_-2 2048
20:59:25 | INFO: Starting glTF 2.0 export
20:59:25 | INFO: Extracting primitive: Ground_5_-2Geometry
20:59:25 | INFO: Primitives created: 1
20:59:25 | INFO: Finished glTF 2.0 export in 0.019436359405517578 s

Info: Saved as "Ground_5_-2.blend"
UPDATED TERRAIN MODULE Ground_5_-2 2048
20:59:26 | INFO: Starting glTF 2.0 export
20:59:26 | INFO: Extracting primitive: Ground_6_-2Geometry
20:59:26 | INFO: Primitives created: 1
20:59:26 | INFO: Finished glTF 2.0 export in 0.0324244499206543 s

Info: Saved as "Ground_6_-2.blend"
UPDATED TERRAIN MODULE Ground_6_-2 2048
20:59:27 | INFO: Starting glTF 2.0 export
20:59:27 | INFO: Extracting primitive: Ground_-6_-1Geometry
20:59:27 | INFO: Primitives created: 1
20:59:27 | INFO: Finished glTF 2.0 export in 0.042543888092041016 s

Info: Saved as "Ground_-6_-1.blend"
UPDATED TERRAIN MODULE Ground_-6_-1 2048
20:59:28 | INFO: Starting glTF 2.0 export
20:59:28 | INFO: Extracting primitive: Ground_-5_-1Geometry
20:59:28 | INFO: Primitives created: 1
20:59:28 | INFO: Finished glTF 2.0 export in 0.011477231979370117 s

Info: Saved as "Ground_-5_-1.blend"
UPDATED TERRAIN MODULE Ground_-5_-1 2048
20:59:28 | INFO: Starting glTF 2.0 export
20:59:28 | INFO: Extracting primitive: Ground_-4_-1Geometry
20:59:28 | INFO: Primitives created: 1
20:59:28 | INFO: Finished glTF 2.0 export in 0.020946979522705078 s

Info: Saved as "Ground_-4_-1.blend"
UPDATED TERRAIN MODULE Ground_-4_-1 2048
20:59:29 | INFO: Starting glTF 2.0 export
20:59:29 | INFO: Extracting primitive: Ground_-3_-1Geometry
20:59:29 | INFO: Primitives created: 1
20:59:29 | INFO: Finished glTF 2.0 export in 0.03989839553833008 s

Info: Saved as "Ground_-3_-1.blend"
UPDATED TERRAIN MODULE Ground_-3_-1 2048
20:59:30 | INFO: Starting glTF 2.0 export
20:59:30 | INFO: Extracting primitive: Ground_-2_-1Geometry
20:59:30 | INFO: Primitives created: 1
20:59:30 | INFO: Finished glTF 2.0 export in 0.02885127067565918 s

Info: Saved as "Ground_-2_-1.blend"
UPDATED TERRAIN MODULE Ground_-2_-1 2602
20:59:33 | INFO: Starting glTF 2.0 export
20:59:33 | INFO: Extracting primitive: Ground_-1_-1Geometry
20:59:33 | INFO: Primitives created: 1
20:59:33 | INFO: Finished glTF 2.0 export in 0.08100104331970215 s

Info: Saved as "Ground_-1_-1.blend"
UPDATED TERRAIN MODULE Ground_-1_-1 13249
20:59:37 | INFO: Starting glTF 2.0 export
20:59:37 | INFO: Extracting primitive: Ground_0_-1Geometry
20:59:37 | INFO: Primitives created: 1
20:59:37 | INFO: Finished glTF 2.0 export in 0.06709527969360352 s

Info: Saved as "Ground_0_-1.blend"
UPDATED TERRAIN MODULE Ground_0_-1 14480
20:59:38 | INFO: Starting glTF 2.0 export
20:59:38 | INFO: Extracting primitive: Ground_1_-1Geometry
20:59:38 | INFO: Primitives created: 1
20:59:38 | INFO: Finished glTF 2.0 export in 0.028373241424560547 s

Info: Saved as "Ground_1_-1.blend"
UPDATED TERRAIN MODULE Ground_1_-1 8553
20:59:39 | INFO: Starting glTF 2.0 export
20:59:39 | INFO: Extracting primitive: Ground_2_-1Geometry
20:59:39 | INFO: Primitives created: 1
20:59:39 | INFO: Finished glTF 2.0 export in 0.011010169982910156 s

Info: Saved as "Ground_2_-1.blend"
UPDATED TERRAIN MODULE Ground_2_-1 2048
20:59:39 | INFO: Starting glTF 2.0 export
20:59:39 | INFO: Extracting primitive: Ground_3_-1Geometry
20:59:39 | INFO: Primitives created: 1
20:59:39 | INFO: Finished glTF 2.0 export in 0.021941423416137695 s

Info: Saved as "Ground_3_-1.blend"
UPDATED TERRAIN MODULE Ground_3_-1 2048
20:59:40 | INFO: Starting glTF 2.0 export
20:59:40 | INFO: Extracting primitive: Ground_4_-1Geometry
20:59:40 | INFO: Primitives created: 1
20:59:40 | INFO: Finished glTF 2.0 export in 0.011337041854858398 s

Info: Saved as "Ground_4_-1.blend"
UPDATED TERRAIN MODULE Ground_4_-1 2048
20:59:40 | INFO: Starting glTF 2.0 export
20:59:40 | INFO: Extracting primitive: Ground_5_-1Geometry
20:59:40 | INFO: Primitives created: 1
20:59:40 | INFO: Finished glTF 2.0 export in 0.01795220375061035 s

Info: Saved as "Ground_5_-1.blend"
UPDATED TERRAIN MODULE Ground_5_-1 2048
20:59:41 | INFO: Starting glTF 2.0 export
20:59:41 | INFO: Extracting primitive: Ground_6_-1Geometry
20:59:41 | INFO: Primitives created: 1
20:59:41 | INFO: Finished glTF 2.0 export in 0.08172369003295898 s

Info: Saved as "Ground_6_-1.blend"
UPDATED TERRAIN MODULE Ground_6_-1 2048
20:59:42 | INFO: Starting glTF 2.0 export
20:59:42 | INFO: Extracting primitive: Ground_-6_0Geometry
20:59:42 | INFO: Primitives created: 1
20:59:42 | INFO: Finished glTF 2.0 export in 0.018555402755737305 s

Info: Saved as "Ground_-6_0.blend"
UPDATED TERRAIN MODULE Ground_-6_0 2048
20:59:42 | INFO: Starting glTF 2.0 export
20:59:42 | INFO: Extracting primitive: Ground_-5_0Geometry
20:59:42 | INFO: Primitives created: 1
20:59:42 | INFO: Finished glTF 2.0 export in 0.04242110252380371 s

Info: Saved as "Ground_-5_0.blend"
UPDATED TERRAIN MODULE Ground_-5_0 2048
20:59:43 | INFO: Starting glTF 2.0 export
20:59:43 | INFO: Extracting primitive: Ground_-4_0Geometry
20:59:43 | INFO: Primitives created: 1
20:59:43 | INFO: Finished glTF 2.0 export in 0.011966705322265625 s

Info: Saved as "Ground_-4_0.blend"
UPDATED TERRAIN MODULE Ground_-4_0 2048
20:59:43 | INFO: Starting glTF 2.0 export
20:59:43 | INFO: Extracting primitive: Ground_-3_0Geometry
20:59:43 | INFO: Primitives created: 1
20:59:43 | INFO: Finished glTF 2.0 export in 0.024445056915283203 s

Info: Saved as "Ground_-3_0.blend"
UPDATED TERRAIN MODULE Ground_-3_0 2048
20:59:43 | INFO: Starting glTF 2.0 export
20:59:43 | INFO: Extracting primitive: Ground_-2_0Geometry
20:59:43 | INFO: Primitives created: 1
20:59:43 | INFO: Finished glTF 2.0 export in 0.014497995376586914 s

Info: Saved as "Ground_-2_0.blend"
UPDATED TERRAIN MODULE Ground_-2_0 2048
20:59:45 | INFO: Starting glTF 2.0 export
20:59:45 | INFO: Extracting primitive: Ground_-1_0Geometry
20:59:45 | INFO: Primitives created: 1
20:59:45 | INFO: Finished glTF 2.0 export in 0.03717041015625 s

Info: Saved as "Ground_-1_0.blend"
UPDATED TERRAIN MODULE Ground_-1_0 9200
20:59:47 | INFO: Starting glTF 2.0 export
20:59:47 | INFO: Extracting primitive: Ground_0_0Geometry
20:59:47 | INFO: Primitives created: 1
20:59:47 | INFO: Finished glTF 2.0 export in 0.09232616424560547 s

Info: Saved as "Ground_0_0.blend"
UPDATED TERRAIN MODULE Ground_0_0 8405
20:59:48 | INFO: Starting glTF 2.0 export
20:59:48 | INFO: Extracting primitive: Ground_1_0Geometry
20:59:48 | INFO: Primitives created: 1
20:59:48 | INFO: Finished glTF 2.0 export in 0.09177160263061523 s

Info: Saved as "Ground_1_0.blend"
UPDATED TERRAIN MODULE Ground_1_0 8064
20:59:49 | INFO: Starting glTF 2.0 export
20:59:49 | INFO: Extracting primitive: Ground_2_0Geometry
20:59:49 | INFO: Primitives created: 1
20:59:49 | INFO: Finished glTF 2.0 export in 0.01048421859741211 s

Info: Saved as "Ground_2_0.blend"
UPDATED TERRAIN MODULE Ground_2_0 2048
20:59:49 | INFO: Starting glTF 2.0 export
20:59:49 | INFO: Extracting primitive: Ground_3_0Geometry
20:59:49 | INFO: Primitives created: 1
20:59:49 | INFO: Finished glTF 2.0 export in 0.009976625442504883 s

Info: Saved as "Ground_3_0.blend"
UPDATED TERRAIN MODULE Ground_3_0 2048
20:59:51 | INFO: Starting glTF 2.0 export
20:59:51 | INFO: Extracting primitive: Ground_4_0Geometry
20:59:51 | INFO: Primitives created: 1
20:59:51 | INFO: Finished glTF 2.0 export in 0.03956174850463867 s

Info: Saved as "Ground_4_0.blend"
UPDATED TERRAIN MODULE Ground_4_0 2048
20:59:51 | INFO: Starting glTF 2.0 export
20:59:51 | INFO: Extracting primitive: Ground_5_0Geometry
20:59:51 | INFO: Primitives created: 1
20:59:51 | INFO: Finished glTF 2.0 export in 0.01894855499267578 s

Info: Saved as "Ground_5_0.blend"
UPDATED TERRAIN MODULE Ground_5_0 2048
20:59:52 | INFO: Starting glTF 2.0 export
20:59:52 | INFO: Extracting primitive: Ground_6_0Geometry
20:59:52 | INFO: Primitives created: 1
20:59:52 | INFO: Finished glTF 2.0 export in 0.026437044143676758 s

Info: Saved as "Ground_6_0.blend"
UPDATED TERRAIN MODULE Ground_6_0 2048
20:59:53 | INFO: Starting glTF 2.0 export
20:59:53 | INFO: Extracting primitive: Ground_-6_1Geometry
20:59:53 | INFO: Primitives created: 1
20:59:53 | INFO: Finished glTF 2.0 export in 0.014960050582885742 s

Info: Saved as "Ground_-6_1.blend"
UPDATED TERRAIN MODULE Ground_-6_1 2048
20:59:53 | INFO: Starting glTF 2.0 export
20:59:53 | INFO: Extracting primitive: Ground_-5_1Geometry
20:59:53 | INFO: Primitives created: 1
20:59:53 | INFO: Finished glTF 2.0 export in 0.013963460922241211 s

Info: Saved as "Ground_-5_1.blend"
UPDATED TERRAIN MODULE Ground_-5_1 2048
20:59:53 | INFO: Starting glTF 2.0 export
20:59:53 | INFO: Extracting primitive: Ground_-4_1Geometry
20:59:53 | INFO: Primitives created: 1
20:59:53 | INFO: Finished glTF 2.0 export in 0.013551712036132812 s

Info: Saved as "Ground_-4_1.blend"
UPDATED TERRAIN MODULE Ground_-4_1 2048
20:59:54 | INFO: Starting glTF 2.0 export
20:59:54 | INFO: Extracting primitive: Ground_-3_1Geometry
20:59:54 | INFO: Primitives created: 1
20:59:54 | INFO: Finished glTF 2.0 export in 0.007978677749633789 s

Info: Saved as "Ground_-3_1.blend"
UPDATED TERRAIN MODULE Ground_-3_1 2048
20:59:54 | INFO: Starting glTF 2.0 export
20:59:54 | INFO: Extracting primitive: Ground_-2_1Geometry
20:59:54 | INFO: Primitives created: 1
20:59:54 | INFO: Finished glTF 2.0 export in 0.025429964065551758 s

Info: Saved as "Ground_-2_1.blend"
UPDATED TERRAIN MODULE Ground_-2_1 2488
20:59:55 | INFO: Starting glTF 2.0 export
20:59:55 | INFO: Extracting primitive: Ground_-1_1Geometry
20:59:55 | INFO: Primitives created: 1
20:59:55 | INFO: Finished glTF 2.0 export in 0.020936965942382812 s

Info: Saved as "Ground_-1_1.blend"
UPDATED TERRAIN MODULE Ground_-1_1 2720
20:59:55 | INFO: Starting glTF 2.0 export
20:59:55 | INFO: Extracting primitive: Ground_0_1Geometry
20:59:55 | INFO: Primitives created: 1
20:59:55 | INFO: Finished glTF 2.0 export in 0.010970830917358398 s

Info: Saved as "Ground_0_1.blend"
UPDATED TERRAIN MODULE Ground_0_1 2048
20:59:55 | INFO: Starting glTF 2.0 export
20:59:55 | INFO: Extracting primitive: Ground_1_1Geometry
20:59:55 | INFO: Primitives created: 1
20:59:55 | INFO: Finished glTF 2.0 export in 0.008977174758911133 s

Info: Saved as "Ground_1_1.blend"
UPDATED TERRAIN MODULE Ground_1_1 2048
20:59:56 | INFO: Starting glTF 2.0 export
20:59:56 | INFO: Extracting primitive: Ground_2_1Geometry
20:59:56 | INFO: Primitives created: 1
20:59:56 | INFO: Finished glTF 2.0 export in 0.011968851089477539 s

Info: Saved as "Ground_2_1.blend"
UPDATED TERRAIN MODULE Ground_2_1 2048
20:59:56 | INFO: Starting glTF 2.0 export
20:59:56 | INFO: Extracting primitive: Ground_3_1Geometry
20:59:56 | INFO: Primitives created: 1
20:59:56 | INFO: Finished glTF 2.0 export in 0.011222600936889648 s

Info: Saved as "Ground_3_1.blend"
UPDATED TERRAIN MODULE Ground_3_1 2050
20:59:56 | INFO: Starting glTF 2.0 export
20:59:56 | INFO: Extracting primitive: Ground_4_1Geometry
20:59:56 | INFO: Primitives created: 1
20:59:56 | INFO: Finished glTF 2.0 export in 0.008974790573120117 s

Info: Saved as "Ground_4_1.blend"
UPDATED TERRAIN MODULE Ground_4_1 2048
20:59:57 | INFO: Starting glTF 2.0 export
20:59:57 | INFO: Extracting primitive: Ground_5_1Geometry
20:59:57 | INFO: Primitives created: 1
20:59:57 | INFO: Finished glTF 2.0 export in 0.013963699340820312 s

Info: Saved as "Ground_5_1.blend"
UPDATED TERRAIN MODULE Ground_5_1 2048
20:59:57 | INFO: Starting glTF 2.0 export
20:59:57 | INFO: Extracting primitive: Ground_6_1Geometry
20:59:57 | INFO: Primitives created: 1
20:59:57 | INFO: Finished glTF 2.0 export in 0.027838468551635742 s

Info: Saved as "Ground_6_1.blend"
UPDATED TERRAIN MODULE Ground_6_1 2048
20:59:58 | INFO: Starting glTF 2.0 export
20:59:58 | INFO: Extracting primitive: Ground_-6_2Geometry
20:59:58 | INFO: Primitives created: 1
20:59:58 | INFO: Finished glTF 2.0 export in 0.0075795650482177734 s

Info: Saved as "Ground_-6_2.blend"
UPDATED TERRAIN MODULE Ground_-6_2 2048
20:59:59 | INFO: Starting glTF 2.0 export
20:59:59 | INFO: Extracting primitive: Ground_-5_2Geometry
20:59:59 | INFO: Primitives created: 1
20:59:59 | INFO: Finished glTF 2.0 export in 0.01595759391784668 s

Info: Saved as "Ground_-5_2.blend"
UPDATED TERRAIN MODULE Ground_-5_2 2048
20:59:59 | INFO: Starting glTF 2.0 export
20:59:59 | INFO: Extracting primitive: Ground_-4_2Geometry
20:59:59 | INFO: Primitives created: 1
20:59:59 | INFO: Finished glTF 2.0 export in 0.015187501907348633 s

Info: Saved as "Ground_-4_2.blend"
UPDATED TERRAIN MODULE Ground_-4_2 2048
21:00:00 | INFO: Starting glTF 2.0 export
21:00:00 | INFO: Extracting primitive: Ground_-3_2Geometry
21:00:00 | INFO: Primitives created: 1
21:00:00 | INFO: Finished glTF 2.0 export in 0.028922557830810547 s

Info: Saved as "Ground_-3_2.blend"
UPDATED TERRAIN MODULE Ground_-3_2 2048
21:00:00 | INFO: Starting glTF 2.0 export
21:00:00 | INFO: Extracting primitive: Ground_-2_2Geometry
21:00:00 | INFO: Primitives created: 1
21:00:00 | INFO: Finished glTF 2.0 export in 0.044461965560913086 s

Info: Saved as "Ground_-2_2.blend"
UPDATED TERRAIN MODULE Ground_-2_2 3158
21:00:01 | INFO: Starting glTF 2.0 export
21:00:01 | INFO: Extracting primitive: Ground_-1_2Geometry
21:00:01 | INFO: Primitives created: 1
21:00:01 | INFO: Finished glTF 2.0 export in 0.015286922454833984 s

Info: Saved as "Ground_-1_2.blend"
UPDATED TERRAIN MODULE Ground_-1_2 2048
21:00:02 | INFO: Starting glTF 2.0 export
21:00:02 | INFO: Extracting primitive: Ground_0_2Geometry
21:00:02 | INFO: Primitives created: 1
21:00:02 | INFO: Finished glTF 2.0 export in 0.012879133224487305 s

Info: Saved as "Ground_0_2.blend"
UPDATED TERRAIN MODULE Ground_0_2 2048
21:00:02 | INFO: Starting glTF 2.0 export
21:00:02 | INFO: Extracting primitive: Ground_1_2Geometry
21:00:02 | INFO: Primitives created: 1
21:00:02 | INFO: Finished glTF 2.0 export in 0.038762569427490234 s

Info: Saved as "Ground_1_2.blend"
UPDATED TERRAIN MODULE Ground_1_2 2048
21:00:03 | INFO: Starting glTF 2.0 export
21:00:03 | INFO: Extracting primitive: Ground_2_2Geometry
21:00:03 | INFO: Primitives created: 1
21:00:03 | INFO: Finished glTF 2.0 export in 0.018201589584350586 s

Info: Saved as "Ground_2_2.blend"
UPDATED TERRAIN MODULE Ground_2_2 2048
21:00:04 | INFO: Starting glTF 2.0 export
21:00:04 | INFO: Extracting primitive: Ground_3_2Geometry
21:00:04 | INFO: Primitives created: 1
21:00:04 | INFO: Finished glTF 2.0 export in 0.013799428939819336 s

Info: Saved as "Ground_3_2.blend"
UPDATED TERRAIN MODULE Ground_3_2 2048
21:00:04 | INFO: Starting glTF 2.0 export
21:00:04 | INFO: Extracting primitive: Ground_4_2Geometry
21:00:04 | INFO: Primitives created: 1
21:00:04 | INFO: Finished glTF 2.0 export in 0.08976507186889648 s

Info: Saved as "Ground_4_2.blend"
UPDATED TERRAIN MODULE Ground_4_2 2050
21:00:04 | INFO: Starting glTF 2.0 export
21:00:04 | INFO: Extracting primitive: Ground_5_2Geometry
21:00:04 | INFO: Primitives created: 1
21:00:04 | INFO: Finished glTF 2.0 export in 0.03391432762145996 s

Info: Saved as "Ground_5_2.blend"
UPDATED TERRAIN MODULE Ground_5_2 2048
21:00:05 | INFO: Starting glTF 2.0 export
21:00:05 | INFO: Extracting primitive: Ground_6_2Geometry
21:00:05 | INFO: Primitives created: 1
21:00:05 | INFO: Finished glTF 2.0 export in 0.02533888816833496 s

Info: Saved as "Ground_6_2.blend"
UPDATED TERRAIN MODULE Ground_6_2 2048
21:00:06 | INFO: Starting glTF 2.0 export
21:00:06 | INFO: Extracting primitive: Ground_-6_3Geometry
21:00:06 | INFO: Primitives created: 1
21:00:06 | INFO: Finished glTF 2.0 export in 0.010971784591674805 s

Info: Saved as "Ground_-6_3.blend"
UPDATED TERRAIN MODULE Ground_-6_3 2048
21:00:07 | INFO: Starting glTF 2.0 export
21:00:07 | INFO: Extracting primitive: Ground_-5_3Geometry
21:00:07 | INFO: Primitives created: 1
21:00:07 | INFO: Finished glTF 2.0 export in 0.016954660415649414 s

Info: Saved as "Ground_-5_3.blend"
UPDATED TERRAIN MODULE Ground_-5_3 2048
21:00:08 | INFO: Starting glTF 2.0 export
21:00:08 | INFO: Extracting primitive: Ground_-4_3Geometry
21:00:08 | INFO: Primitives created: 1
21:00:08 | INFO: Finished glTF 2.0 export in 0.013963937759399414 s

Info: Saved as "Ground_-4_3.blend"
UPDATED TERRAIN MODULE Ground_-4_3 2048
21:00:08 | INFO: Starting glTF 2.0 export
21:00:08 | INFO: Extracting primitive: Ground_-3_3Geometry
21:00:08 | INFO: Primitives created: 1
21:00:08 | INFO: Finished glTF 2.0 export in 0.026923656463623047 s

Info: Saved as "Ground_-3_3.blend"
UPDATED TERRAIN MODULE Ground_-3_3 2746
21:00:09 | INFO: Starting glTF 2.0 export
21:00:09 | INFO: Extracting primitive: Ground_-2_3Geometry
21:00:09 | INFO: Primitives created: 1
21:00:09 | INFO: Finished glTF 2.0 export in 0.10893893241882324 s

Info: Saved as "Ground_-2_3.blend"
UPDATED TERRAIN MODULE Ground_-2_3 2468
21:00:09 | INFO: Starting glTF 2.0 export
21:00:09 | INFO: Extracting primitive: Ground_-1_3Geometry
21:00:09 | INFO: Primitives created: 1
21:00:09 | INFO: Finished glTF 2.0 export in 0.052602529525756836 s

Info: Saved as "Ground_-1_3.blend"
UPDATED TERRAIN MODULE Ground_-1_3 2048
21:00:10 | INFO: Starting glTF 2.0 export
21:00:10 | INFO: Extracting primitive: Ground_0_3Geometry
21:00:10 | INFO: Primitives created: 1
21:00:10 | INFO: Finished glTF 2.0 export in 0.014961481094360352 s

Info: Saved as "Ground_0_3.blend"
UPDATED TERRAIN MODULE Ground_0_3 2048
21:00:11 | INFO: Starting glTF 2.0 export
21:00:11 | INFO: Extracting primitive: Ground_1_3Geometry
21:00:11 | INFO: Primitives created: 1
21:00:11 | INFO: Finished glTF 2.0 export in 0.010570049285888672 s

Info: Saved as "Ground_1_3.blend"
UPDATED TERRAIN MODULE Ground_1_3 2048
21:00:12 | INFO: Starting glTF 2.0 export
21:00:12 | INFO: Extracting primitive: Ground_2_3Geometry
21:00:12 | INFO: Primitives created: 1
21:00:12 | INFO: Finished glTF 2.0 export in 0.03744029998779297 s

Info: Saved as "Ground_2_3.blend"
UPDATED TERRAIN MODULE Ground_2_3 2048
21:00:13 | INFO: Starting glTF 2.0 export
21:00:13 | INFO: Extracting primitive: Ground_3_3Geometry
21:00:13 | INFO: Primitives created: 1
21:00:13 | INFO: Finished glTF 2.0 export in 0.010667085647583008 s

Info: Saved as "Ground_3_3.blend"
UPDATED TERRAIN MODULE Ground_3_3 2048
21:00:13 | INFO: Starting glTF 2.0 export
21:00:13 | INFO: Extracting primitive: Ground_4_3Geometry
21:00:13 | INFO: Primitives created: 1
21:00:13 | INFO: Finished glTF 2.0 export in 0.01824808120727539 s

Info: Saved as "Ground_4_3.blend"
UPDATED TERRAIN MODULE Ground_4_3 2048
21:00:14 | INFO: Starting glTF 2.0 export
21:00:14 | INFO: Extracting primitive: Ground_5_3Geometry
21:00:14 | INFO: Primitives created: 1
21:00:14 | INFO: Finished glTF 2.0 export in 0.039774417877197266 s

Info: Saved as "Ground_5_3.blend"
UPDATED TERRAIN MODULE Ground_5_3 2048
21:00:16 | INFO: Starting glTF 2.0 export
21:00:16 | INFO: Extracting primitive: Ground_6_3Geometry
21:00:16 | INFO: Primitives created: 1
21:00:16 | INFO: Finished glTF 2.0 export in 0.01759028434753418 s

Info: Saved as "Ground_6_3.blend"
UPDATED TERRAIN MODULE Ground_6_3 2048
21:00:17 | INFO: Starting glTF 2.0 export
21:00:17 | INFO: Extracting primitive: Ground_-6_4Geometry
21:00:17 | INFO: Primitives created: 1
21:00:17 | INFO: Finished glTF 2.0 export in 0.012989044189453125 s

Info: Saved as "Ground_-6_4.blend"
UPDATED TERRAIN MODULE Ground_-6_4 2048
21:00:17 | INFO: Starting glTF 2.0 export
21:00:17 | INFO: Extracting primitive: Ground_-5_4Geometry
21:00:17 | INFO: Primitives created: 1
21:00:17 | INFO: Finished glTF 2.0 export in 0.10412716865539551 s

Info: Saved as "Ground_-5_4.blend"
UPDATED TERRAIN MODULE Ground_-5_4 2048
21:00:18 | INFO: Starting glTF 2.0 export
21:00:18 | INFO: Extracting primitive: Ground_-4_4Geometry
21:00:18 | INFO: Primitives created: 1
21:00:18 | INFO: Finished glTF 2.0 export in 0.019999980926513672 s

Info: Saved as "Ground_-4_4.blend"
UPDATED TERRAIN MODULE Ground_-4_4 2048
21:00:18 | INFO: Starting glTF 2.0 export
21:00:18 | INFO: Extracting primitive: Ground_-3_4Geometry
21:00:18 | INFO: Primitives created: 1
21:00:18 | INFO: Finished glTF 2.0 export in 0.013962745666503906 s

Info: Saved as "Ground_-3_4.blend"
UPDATED TERRAIN MODULE Ground_-3_4 3096
21:00:19 | INFO: Starting glTF 2.0 export
21:00:19 | INFO: Extracting primitive: Ground_-2_4Geometry
21:00:19 | INFO: Primitives created: 1
21:00:19 | INFO: Finished glTF 2.0 export in 0.09833645820617676 s

Info: Saved as "Ground_-2_4.blend"
UPDATED TERRAIN MODULE Ground_-2_4 2048
21:00:20 | INFO: Starting glTF 2.0 export
21:00:20 | INFO: Extracting primitive: Ground_-1_4Geometry
21:00:20 | INFO: Primitives created: 1
21:00:20 | INFO: Finished glTF 2.0 export in 0.013718128204345703 s

Info: Saved as "Ground_-1_4.blend"
UPDATED TERRAIN MODULE Ground_-1_4 2048
21:00:20 | INFO: Starting glTF 2.0 export
21:00:20 | INFO: Extracting primitive: Ground_0_4Geometry
21:00:20 | INFO: Primitives created: 1
21:00:20 | INFO: Finished glTF 2.0 export in 0.01884293556213379 s

Info: Saved as "Ground_0_4.blend"
UPDATED TERRAIN MODULE Ground_0_4 2048
21:00:21 | INFO: Starting glTF 2.0 export
21:00:21 | INFO: Extracting primitive: Ground_1_4Geometry
21:00:21 | INFO: Primitives created: 1
21:00:21 | INFO: Finished glTF 2.0 export in 0.055580854415893555 s

Info: Saved as "Ground_1_4.blend"
UPDATED TERRAIN MODULE Ground_1_4 2048
21:00:21 | INFO: Starting glTF 2.0 export
21:00:21 | INFO: Extracting primitive: Ground_2_4Geometry
21:00:21 | INFO: Primitives created: 1
21:00:21 | INFO: Finished glTF 2.0 export in 0.030531883239746094 s

Info: Saved as "Ground_2_4.blend"
UPDATED TERRAIN MODULE Ground_2_4 2048
21:00:22 | INFO: Starting glTF 2.0 export
21:00:22 | INFO: Extracting primitive: Ground_3_4Geometry
21:00:22 | INFO: Primitives created: 1
21:00:22 | INFO: Finished glTF 2.0 export in 0.016954421997070312 s

Info: Saved as "Ground_3_4.blend"
UPDATED TERRAIN MODULE Ground_3_4 2048
21:00:22 | INFO: Starting glTF 2.0 export
21:00:22 | INFO: Extracting primitive: Ground_4_4Geometry
21:00:22 | INFO: Primitives created: 1
21:00:22 | INFO: Finished glTF 2.0 export in 0.009636640548706055 s

Info: Saved as "Ground_4_4.blend"
UPDATED TERRAIN MODULE Ground_4_4 2048
21:00:23 | INFO: Starting glTF 2.0 export
21:00:23 | INFO: Extracting primitive: Ground_5_4Geometry
21:00:23 | INFO: Primitives created: 1
21:00:23 | INFO: Finished glTF 2.0 export in 0.030002832412719727 s

Info: Saved as "Ground_5_4.blend"
UPDATED TERRAIN MODULE Ground_5_4 2048
21:00:24 | INFO: Starting glTF 2.0 export
21:00:24 | INFO: Extracting primitive: Ground_6_4Geometry
21:00:24 | INFO: Primitives created: 1
21:00:24 | INFO: Finished glTF 2.0 export in 0.01996922492980957 s

Info: Saved as "Ground_6_4.blend"
UPDATED TERRAIN MODULE Ground_6_4 2048
21:00:26 | INFO: Starting glTF 2.0 export
21:00:26 | INFO: Extracting primitive: Ground_-6_5Geometry
21:00:26 | INFO: Primitives created: 1
21:00:26 | INFO: Finished glTF 2.0 export in 0.046430349349975586 s

Info: Saved as "Ground_-6_5.blend"
UPDATED TERRAIN MODULE Ground_-6_5 2048
21:00:27 | INFO: Starting glTF 2.0 export
21:00:27 | INFO: Extracting primitive: Ground_-5_5Geometry
21:00:27 | INFO: Primitives created: 1
21:00:27 | INFO: Finished glTF 2.0 export in 0.0139617919921875 s

Info: Saved as "Ground_-5_5.blend"
UPDATED TERRAIN MODULE Ground_-5_5 2048
21:00:28 | INFO: Starting glTF 2.0 export
21:00:28 | INFO: Extracting primitive: Ground_-4_5Geometry
21:00:28 | INFO: Primitives created: 1
21:00:28 | INFO: Finished glTF 2.0 export in 0.01296544075012207 s

Info: Saved as "Ground_-4_5.blend"
UPDATED TERRAIN MODULE Ground_-4_5 2048
21:00:29 | INFO: Starting glTF 2.0 export
21:00:29 | INFO: Extracting primitive: Ground_-3_5Geometry
21:00:29 | INFO: Primitives created: 1
21:00:29 | INFO: Finished glTF 2.0 export in 0.014958620071411133 s

Info: Saved as "Ground_-3_5.blend"
UPDATED TERRAIN MODULE Ground_-3_5 3038
21:00:30 | INFO: Starting glTF 2.0 export
21:00:30 | INFO: Extracting primitive: Ground_-2_5Geometry
21:00:30 | INFO: Primitives created: 1
21:00:30 | INFO: Finished glTF 2.0 export in 0.12175416946411133 s

Info: Saved as "Ground_-2_5.blend"
UPDATED TERRAIN MODULE Ground_-2_5 2048
21:00:31 | INFO: Starting glTF 2.0 export
21:00:31 | INFO: Extracting primitive: Ground_-1_5Geometry
21:00:31 | INFO: Primitives created: 1
21:00:31 | INFO: Finished glTF 2.0 export in 0.0316319465637207 s

Info: Saved as "Ground_-1_5.blend"
UPDATED TERRAIN MODULE Ground_-1_5 2048
21:00:33 | INFO: Starting glTF 2.0 export
21:00:33 | INFO: Extracting primitive: Ground_0_5Geometry
21:00:33 | INFO: Primitives created: 1
21:00:33 | INFO: Finished glTF 2.0 export in 0.03674197196960449 s

Info: Saved as "Ground_0_5.blend"
UPDATED TERRAIN MODULE Ground_0_5 2048
21:00:34 | INFO: Starting glTF 2.0 export
21:00:34 | INFO: Extracting primitive: Ground_1_5Geometry
21:00:34 | INFO: Primitives created: 1
21:00:34 | INFO: Finished glTF 2.0 export in 0.013501405715942383 s

Info: Saved as "Ground_1_5.blend"
UPDATED TERRAIN MODULE Ground_1_5 2048
21:00:36 | INFO: Starting glTF 2.0 export
21:00:36 | INFO: Extracting primitive: Ground_2_5Geometry
21:00:36 | INFO: Primitives created: 1
21:00:36 | INFO: Finished glTF 2.0 export in 0.019102811813354492 s

Info: Saved as "Ground_2_5.blend"
UPDATED TERRAIN MODULE Ground_2_5 2048
21:00:37 | INFO: Starting glTF 2.0 export
21:00:37 | INFO: Extracting primitive: Ground_3_5Geometry
21:00:37 | INFO: Primitives created: 1
21:00:37 | INFO: Finished glTF 2.0 export in 0.01944565773010254 s

Info: Saved as "Ground_3_5.blend"
UPDATED TERRAIN MODULE Ground_3_5 2048
21:00:38 | INFO: Starting glTF 2.0 export
21:00:38 | INFO: Extracting primitive: Ground_4_5Geometry
21:00:38 | INFO: Primitives created: 1
21:00:38 | INFO: Finished glTF 2.0 export in 0.011968612670898438 s

Info: Saved as "Ground_4_5.blend"
UPDATED TERRAIN MODULE Ground_4_5 2048
21:00:39 | INFO: Starting glTF 2.0 export
21:00:39 | INFO: Extracting primitive: Ground_5_5Geometry
21:00:39 | INFO: Primitives created: 1
21:00:39 | INFO: Finished glTF 2.0 export in 0.020193815231323242 s

Info: Saved as "Ground_5_5.blend"
UPDATED TERRAIN MODULE Ground_5_5 2048
21:00:41 | INFO: Starting glTF 2.0 export
21:00:41 | INFO: Extracting primitive: Ground_6_5Geometry
21:00:41 | INFO: Primitives created: 1
21:00:41 | INFO: Finished glTF 2.0 export in 0.10956025123596191 s

Info: Saved as "Ground_6_5.blend"
UPDATED TERRAIN MODULE Ground_6_5 2048
Blender 4.5.0 (hash 8cb6b388974a built 2025-07-15 01:36:24)

Blender quit
