TERRAIN ROW -10 / 5
TERRAIN ROW -9 / 5
TERRAIN ROW -8 / 5
TERRAIN ROW -7 / 5
TERRAIN ROW -6 / 5
TERRAIN ROW -5 / 5
TERRAIN ROW -4 / 5
TERRAIN ROW -3 / 5
TERRAIN ROW -2 / 5
TERRAIN ROW -1 / 5
TERRAIN ROW 0 / 5
TERRAIN ROW 1 / 5
TERRAIN ROW 2 / 5
TERRAIN ROW 3 / 5
TERRAIN ROW 4 / 5
TERRAIN ROW 5 / 5
FOREST ROW -10 placements 4736
FOREST ROW -8 placements 13900
FOREST ROW -6 placements 22683
FOREST ROW -4 placements 30007
FOREST ROW -2 placements 36423
FOREST ROW 0 placements 41604
FOREST ROW 2 placements 47446
FOREST ROW 4 placements 53773
INFO Draco mesh compression is available, use library at D:\test6\.tools\blender\blender-4.5.0-windows-x64\4.5\scripts\addons_core\io_scene_gltf2\extern_draco.dll
17:10:10 | INFO: Starting glTF 2.0 export
17:10:10 | INFO: Extracting primitive: Ground_-6_-10Geometry
17:10:10 | INFO: Primitives created: 1
17:10:10 | INFO: Extracting primitive: Ground_-5_-10Geometry
17:10:10 | INFO: Primitives created: 1
17:10:10 | INFO: Extracting primitive: Ground_-4_-10Geometry
17:10:10 | INFO: Primitives created: 1
17:10:10 | INFO: Extracting primitive: Ground_-3_-10Geometry
17:10:10 | INFO: Primitives created: 1
17:10:10 | INFO: Extracting primitive: Ground_-2_-10Geometry
17:10:10 | INFO: Primitives created: 1
17:10:10 | INFO: Extracting primitive: Ground_-1_-10Geometry
17:10:10 | INFO: Primitives created: 1
17:10:10 | INFO: Extracting primitive: Ground_0_-10Geometry
17:10:10 | INFO: Primitives created: 1
17:10:10 | INFO: Extracting primitive: Ground_1_-10Geometry
17:10:10 | INFO: Primitives created: 1
17:10:10 | INFO: Extracting primitive: Ground_2_-10Geometry
17:10:10 | INFO: Primitives created: 1
17:10:10 | INFO: Extracting primitive: Ground_3_-10Geometry
17:10:10 | INFO: Primitives created: 1
17:10:10 | INFO: Extracting primitive: Ground_4_-10Geometry
17:10:10 | INFO: Primitives created: 1
17:10:10 | INFO: Extracting primitive: Ground_5_-10Geometry
17:10:10 | INFO: Primitives created: 1
17:10:10 | INFO: Extracting primitive: Ground_6_-10Geometry
17:10:10 | INFO: Primitives created: 1
17:10:10 | INFO: Extracting primitive: Ground_-6_-9Geometry
17:10:10 | INFO: Primitives created: 1
17:10:10 | INFO: Extracting primitive: Ground_-5_-9Geometry
17:10:10 | INFO: Primitives created: 1
17:10:10 | INFO: Extracting primitive: Ground_-4_-9Geometry
17:10:10 | INFO: Primitives created: 1
17:10:10 | INFO: Extracting primitive: Ground_-3_-9Geometry
17:10:10 | INFO: Primitives created: 1
17:10:10 | INFO: Extracting primitive: Ground_-2_-9Geometry
17:10:10 | INFO: Primitives created: 1
17:10:10 | INFO: Extracting primitive: Ground_-1_-9Geometry
17:10:10 | INFO: Primitives created: 1
17:10:10 | INFO: Extracting primitive: Ground_0_-9Geometry
17:10:10 | INFO: Primitives created: 1
17:10:10 | INFO: Extracting primitive: Ground_1_-9Geometry
17:10:10 | INFO: Primitives created: 1
17:10:10 | INFO: Extracting primitive: Ground_2_-9Geometry
17:10:10 | INFO: Primitives created: 1
17:10:10 | INFO: Extracting primitive: Ground_3_-9Geometry
17:10:10 | INFO: Primitives created: 1
17:10:10 | INFO: Extracting primitive: Ground_4_-9Geometry
17:10:10 | INFO: Primitives created: 1
17:10:10 | INFO: Extracting primitive: Ground_5_-9Geometry
17:10:10 | INFO: Primitives created: 1
17:10:11 | INFO: Extracting primitive: Ground_6_-9Geometry
17:10:11 | INFO: Primitives created: 1
17:10:11 | INFO: Extracting primitive: Ground_-6_-8Geometry
17:10:11 | INFO: Primitives created: 1
17:10:11 | INFO: Extracting primitive: Ground_-5_-8Geometry
17:10:11 | INFO: Primitives created: 1
17:10:11 | INFO: Extracting primitive: Ground_-4_-8Geometry
17:10:11 | INFO: Primitives created: 1
17:10:11 | INFO: Extracting primitive: Ground_-3_-8Geometry
17:10:11 | INFO: Primitives created: 1
17:10:11 | INFO: Extracting primitive: Ground_-2_-8Geometry
17:10:11 | INFO: Primitives created: 1
17:10:11 | INFO: Extracting primitive: Ground_-1_-8Geometry
17:10:11 | INFO: Primitives created: 1
17:10:11 | INFO: Extracting primitive: Ground_0_-8Geometry
17:10:11 | INFO: Primitives created: 1
17:10:11 | INFO: Extracting primitive: Ground_1_-8Geometry
17:10:11 | INFO: Primitives created: 1
17:10:11 | INFO: Extracting primitive: Ground_2_-8Geometry
17:10:11 | INFO: Primitives created: 1
17:10:11 | INFO: Extracting primitive: Ground_3_-8Geometry
17:10:11 | INFO: Primitives created: 1
17:10:11 | INFO: Extracting primitive: Ground_4_-8Geometry
17:10:11 | INFO: Primitives created: 1
17:10:11 | INFO: Extracting primitive: Ground_5_-8Geometry
17:10:11 | INFO: Primitives created: 1
17:10:11 | INFO: Extracting primitive: Ground_6_-8Geometry
17:10:11 | INFO: Primitives created: 1
17:10:11 | INFO: Extracting primitive: Ground_-6_-7Geometry
17:10:11 | INFO: Primitives created: 1
17:10:11 | INFO: Extracting primitive: Ground_-5_-7Geometry
17:10:11 | INFO: Primitives created: 1
17:10:11 | INFO: Extracting primitive: Ground_-4_-7Geometry
17:10:11 | INFO: Primitives created: 1
17:10:11 | INFO: Extracting primitive: Ground_-3_-7Geometry
17:10:11 | INFO: Primitives created: 1
17:10:11 | INFO: Extracting primitive: Ground_-2_-7Geometry
17:10:11 | INFO: Primitives created: 1
17:10:11 | INFO: Extracting primitive: Ground_-1_-7Geometry
17:10:11 | INFO: Primitives created: 1
17:10:11 | INFO: Extracting primitive: Ground_0_-7Geometry
17:10:11 | INFO: Primitives created: 1
17:10:11 | INFO: Extracting primitive: Ground_1_-7Geometry
17:10:11 | INFO: Primitives created: 1
17:10:11 | INFO: Extracting primitive: Ground_2_-7Geometry
17:10:11 | INFO: Primitives created: 1
17:10:11 | INFO: Extracting primitive: Ground_3_-7Geometry
17:10:11 | INFO: Primitives created: 1
17:10:11 | INFO: Extracting primitive: Ground_4_-7Geometry
17:10:11 | INFO: Primitives created: 1
17:10:11 | INFO: Extracting primitive: Ground_5_-7Geometry
17:10:11 | INFO: Primitives created: 1
17:10:11 | INFO: Extracting primitive: Ground_6_-7Geometry
17:10:11 | INFO: Primitives created: 1
17:10:11 | INFO: Extracting primitive: Ground_-6_-6Geometry
17:10:11 | INFO: Primitives created: 1
17:10:11 | INFO: Extracting primitive: Ground_-5_-6Geometry
17:10:11 | INFO: Primitives created: 1
17:10:11 | INFO: Extracting primitive: Ground_-4_-6Geometry
17:10:11 | INFO: Primitives created: 1
17:10:11 | INFO: Extracting primitive: Ground_-3_-6Geometry
17:10:11 | INFO: Primitives created: 1
17:10:11 | INFO: Extracting primitive: Ground_-2_-6Geometry
17:10:11 | INFO: Primitives created: 1
17:10:11 | INFO: Extracting primitive: Ground_-1_-6Geometry
17:10:11 | INFO: Primitives created: 1
17:10:11 | INFO: Extracting primitive: Ground_0_-6Geometry
17:10:11 | INFO: Primitives created: 1
17:10:11 | INFO: Extracting primitive: Ground_1_-6Geometry
17:10:11 | INFO: Primitives created: 1
17:10:11 | INFO: Extracting primitive: Ground_2_-6Geometry
17:10:11 | INFO: Primitives created: 1
17:10:11 | INFO: Extracting primitive: Ground_3_-6Geometry
17:10:11 | INFO: Primitives created: 1
17:10:11 | INFO: Extracting primitive: Ground_4_-6Geometry
17:10:11 | INFO: Primitives created: 1
17:10:11 | INFO: Extracting primitive: Ground_5_-6Geometry
17:10:11 | INFO: Primitives created: 1
17:10:11 | INFO: Extracting primitive: Ground_6_-6Geometry
17:10:11 | INFO: Primitives created: 1
17:10:11 | INFO: Extracting primitive: Ground_-6_-5Geometry
17:10:11 | INFO: Primitives created: 1
17:10:11 | INFO: Extracting primitive: Ground_-5_-5Geometry
17:10:11 | INFO: Primitives created: 1
17:10:11 | INFO: Extracting primitive: Ground_-4_-5Geometry
17:10:11 | INFO: Primitives created: 1
17:10:11 | INFO: Extracting primitive: Ground_-3_-5Geometry
17:10:11 | INFO: Primitives created: 1
17:10:11 | INFO: Extracting primitive: Ground_-2_-5Geometry
17:10:11 | INFO: Primitives created: 1
17:10:11 | INFO: Extracting primitive: Ground_-1_-5Geometry
17:10:11 | INFO: Primitives created: 1
17:10:11 | INFO: Extracting primitive: Ground_0_-5Geometry
17:10:11 | INFO: Primitives created: 1
17:10:11 | INFO: Extracting primitive: Ground_1_-5Geometry
17:10:11 | INFO: Primitives created: 1
17:10:11 | INFO: Extracting primitive: Ground_2_-5Geometry
17:10:11 | INFO: Primitives created: 1
17:10:11 | INFO: Extracting primitive: Ground_3_-5Geometry
17:10:11 | INFO: Primitives created: 1
17:10:11 | INFO: Extracting primitive: Ground_4_-5Geometry
17:10:11 | INFO: Primitives created: 1
17:10:11 | INFO: Extracting primitive: Ground_5_-5Geometry
17:10:11 | INFO: Primitives created: 1
17:10:11 | INFO: Extracting primitive: Ground_6_-5Geometry
17:10:11 | INFO: Primitives created: 1
17:10:11 | INFO: Extracting primitive: Ground_-6_-4Geometry
17:10:11 | INFO: Primitives created: 1
17:10:11 | INFO: Extracting primitive: Ground_-5_-4Geometry
17:10:11 | INFO: Primitives created: 1
17:10:11 | INFO: Extracting primitive: Ground_-4_-4Geometry
17:10:11 | INFO: Primitives created: 1
17:10:11 | INFO: Extracting primitive: Ground_-3_-4Geometry
17:10:11 | INFO: Primitives created: 1
17:10:11 | INFO: Extracting primitive: Ground_-2_-4Geometry
17:10:11 | INFO: Primitives created: 1
17:10:11 | INFO: Extracting primitive: Ground_-1_-4Geometry
17:10:11 | INFO: Primitives created: 1
17:10:11 | INFO: Extracting primitive: Ground_0_-4Geometry
17:10:11 | INFO: Primitives created: 1
17:10:11 | INFO: Extracting primitive: Ground_1_-4Geometry
17:10:11 | INFO: Primitives created: 1
17:10:11 | INFO: Extracting primitive: Ground_2_-4Geometry
17:10:11 | INFO: Primitives created: 1
17:10:11 | INFO: Extracting primitive: Ground_3_-4Geometry
17:10:11 | INFO: Primitives created: 1
17:10:11 | INFO: Extracting primitive: Ground_4_-4Geometry
17:10:11 | INFO: Primitives created: 1
17:10:11 | INFO: Extracting primitive: Ground_5_-4Geometry
17:10:11 | INFO: Primitives created: 1
17:10:11 | INFO: Extracting primitive: Ground_6_-4Geometry
17:10:11 | INFO: Primitives created: 1
17:10:11 | INFO: Extracting primitive: Ground_-6_-3Geometry
17:10:11 | INFO: Primitives created: 1
17:10:11 | INFO: Extracting primitive: Ground_-5_-3Geometry
17:10:11 | INFO: Primitives created: 1
17:10:11 | INFO: Extracting primitive: Ground_-4_-3Geometry
17:10:11 | INFO: Primitives created: 1
17:10:11 | INFO: Extracting primitive: Ground_-3_-3Geometry
17:10:11 | INFO: Primitives created: 1
17:10:11 | INFO: Extracting primitive: Ground_-2_-3Geometry
17:10:11 | INFO: Primitives created: 1
17:10:11 | INFO: Extracting primitive: Ground_-1_-3Geometry
17:10:11 | INFO: Primitives created: 1
17:10:11 | INFO: Extracting primitive: Ground_0_-3Geometry
17:10:11 | INFO: Primitives created: 1
17:10:11 | INFO: Extracting primitive: Ground_1_-3Geometry
17:10:11 | INFO: Primitives created: 1
17:10:11 | INFO: Extracting primitive: Ground_2_-3Geometry
17:10:11 | INFO: Primitives created: 1
17:10:11 | INFO: Extracting primitive: Ground_3_-3Geometry
17:10:11 | INFO: Primitives created: 1
17:10:11 | INFO: Extracting primitive: Ground_4_-3Geometry
17:10:11 | INFO: Primitives created: 1
17:10:11 | INFO: Extracting primitive: Ground_5_-3Geometry
17:10:11 | INFO: Primitives created: 1
17:10:11 | INFO: Extracting primitive: Ground_6_-3Geometry
17:10:11 | INFO: Primitives created: 1
17:10:11 | INFO: Extracting primitive: Ground_-6_-2Geometry
17:10:11 | INFO: Primitives created: 1
17:10:11 | INFO: Extracting primitive: Ground_-5_-2Geometry
17:10:11 | INFO: Primitives created: 1
17:10:11 | INFO: Extracting primitive: Ground_-4_-2Geometry
17:10:11 | INFO: Primitives created: 1
17:10:11 | INFO: Extracting primitive: Ground_-3_-2Geometry
17:10:11 | INFO: Primitives created: 1
17:10:11 | INFO: Extracting primitive: Ground_-2_-2Geometry
17:10:11 | INFO: Primitives created: 1
17:10:11 | INFO: Extracting primitive: Ground_-1_-2Geometry
17:10:11 | INFO: Primitives created: 1
17:10:11 | INFO: Extracting primitive: Ground_0_-2Geometry
17:10:11 | INFO: Primitives created: 1
17:10:11 | INFO: Extracting primitive: Ground_1_-2Geometry
17:10:11 | INFO: Primitives created: 1
17:10:11 | INFO: Extracting primitive: Ground_2_-2Geometry
17:10:11 | INFO: Primitives created: 1
17:10:11 | INFO: Extracting primitive: Ground_3_-2Geometry
17:10:11 | INFO: Primitives created: 1
17:10:11 | INFO: Extracting primitive: Ground_4_-2Geometry
17:10:11 | INFO: Primitives created: 1
17:10:11 | INFO: Extracting primitive: Ground_5_-2Geometry
17:10:11 | INFO: Primitives created: 1
17:10:11 | INFO: Extracting primitive: Ground_6_-2Geometry
17:10:11 | INFO: Primitives created: 1
17:10:11 | INFO: Extracting primitive: Ground_-6_-1Geometry
17:10:11 | INFO: Primitives created: 1
17:10:11 | INFO: Extracting primitive: Ground_-5_-1Geometry
17:10:11 | INFO: Primitives created: 1
17:10:11 | INFO: Extracting primitive: Ground_-4_-1Geometry
17:10:11 | INFO: Primitives created: 1
17:10:11 | INFO: Extracting primitive: Ground_-3_-1Geometry
17:10:11 | INFO: Primitives created: 1
17:10:11 | INFO: Extracting primitive: Ground_-2_-1Geometry
17:10:11 | INFO: Primitives created: 1
17:10:11 | INFO: Extracting primitive: Ground_-1_-1Geometry
17:10:11 | INFO: Primitives created: 1
17:10:11 | INFO: Extracting primitive: Ground_0_-1Geometry
17:10:11 | INFO: Primitives created: 1
17:10:11 | INFO: Extracting primitive: Ground_1_-1Geometry
17:10:11 | INFO: Primitives created: 1
17:10:11 | INFO: Extracting primitive: Ground_2_-1Geometry
17:10:11 | INFO: Primitives created: 1
17:10:11 | INFO: Extracting primitive: Ground_3_-1Geometry
17:10:11 | INFO: Primitives created: 1
17:10:11 | INFO: Extracting primitive: Ground_4_-1Geometry
17:10:11 | INFO: Primitives created: 1
17:10:11 | INFO: Extracting primitive: Ground_5_-1Geometry
17:10:11 | INFO: Primitives created: 1
17:10:11 | INFO: Extracting primitive: Ground_6_-1Geometry
17:10:11 | INFO: Primitives created: 1
17:10:11 | INFO: Extracting primitive: Ground_-6_0Geometry
17:10:11 | INFO: Primitives created: 1
17:10:11 | INFO: Extracting primitive: Ground_-5_0Geometry
17:10:11 | INFO: Primitives created: 1
17:10:11 | INFO: Extracting primitive: Ground_-4_0Geometry
17:10:11 | INFO: Primitives created: 1
17:10:11 | INFO: Extracting primitive: Ground_-3_0Geometry
17:10:11 | INFO: Primitives created: 1
17:10:11 | INFO: Extracting primitive: Ground_-2_0Geometry
17:10:11 | INFO: Primitives created: 1
17:10:11 | INFO: Extracting primitive: Ground_-1_0Geometry
17:10:11 | INFO: Primitives created: 1
17:10:11 | INFO: Extracting primitive: Ground_0_0Geometry
17:10:12 | INFO: Primitives created: 1
17:10:12 | INFO: Extracting primitive: Ground_1_0Geometry
17:10:12 | INFO: Primitives created: 1
17:10:12 | INFO: Extracting primitive: Ground_2_0Geometry
17:10:12 | INFO: Primitives created: 1
17:10:12 | INFO: Extracting primitive: Ground_3_0Geometry
17:10:12 | INFO: Primitives created: 1
17:10:12 | INFO: Extracting primitive: Ground_4_0Geometry
17:10:12 | INFO: Primitives created: 1
17:10:12 | INFO: Extracting primitive: Ground_5_0Geometry
17:10:12 | INFO: Primitives created: 1
17:10:12 | INFO: Extracting primitive: Ground_6_0Geometry
17:10:12 | INFO: Primitives created: 1
17:10:12 | INFO: Extracting primitive: Ground_-6_1Geometry
17:10:12 | INFO: Primitives created: 1
17:10:12 | INFO: Extracting primitive: Ground_-5_1Geometry
17:10:12 | INFO: Primitives created: 1
17:10:12 | INFO: Extracting primitive: Ground_-4_1Geometry
17:10:12 | INFO: Primitives created: 1
17:10:12 | INFO: Extracting primitive: Ground_-3_1Geometry
17:10:12 | INFO: Primitives created: 1
17:10:12 | INFO: Extracting primitive: Ground_-2_1Geometry
17:10:12 | INFO: Primitives created: 1
17:10:12 | INFO: Extracting primitive: Ground_-1_1Geometry
17:10:12 | INFO: Primitives created: 1
17:10:12 | INFO: Extracting primitive: Ground_0_1Geometry
17:10:12 | INFO: Primitives created: 1
17:10:12 | INFO: Extracting primitive: Ground_1_1Geometry
17:10:12 | INFO: Primitives created: 1
17:10:12 | INFO: Extracting primitive: Ground_2_1Geometry
17:10:12 | INFO: Primitives created: 1
17:10:12 | INFO: Extracting primitive: Ground_3_1Geometry
17:10:12 | INFO: Primitives created: 1
17:10:12 | INFO: Extracting primitive: Ground_4_1Geometry
17:10:12 | INFO: Primitives created: 1
17:10:12 | INFO: Extracting primitive: Ground_5_1Geometry
17:10:12 | INFO: Primitives created: 1
17:10:12 | INFO: Extracting primitive: Ground_6_1Geometry
17:10:12 | INFO: Primitives created: 1
17:10:12 | INFO: Extracting primitive: Ground_-6_2Geometry
17:10:12 | INFO: Primitives created: 1
17:10:12 | INFO: Extracting primitive: Ground_-5_2Geometry
17:10:12 | INFO: Primitives created: 1
17:10:12 | INFO: Extracting primitive: Ground_-4_2Geometry
17:10:12 | INFO: Primitives created: 1
17:10:12 | INFO: Extracting primitive: Ground_-3_2Geometry
17:10:12 | INFO: Primitives created: 1
17:10:12 | INFO: Extracting primitive: Ground_-2_2Geometry
17:10:12 | INFO: Primitives created: 1
17:10:12 | INFO: Extracting primitive: Ground_-1_2Geometry
17:10:12 | INFO: Primitives created: 1
17:10:12 | INFO: Extracting primitive: Ground_0_2Geometry
17:10:12 | INFO: Primitives created: 1
17:10:12 | INFO: Extracting primitive: Ground_1_2Geometry
17:10:12 | INFO: Primitives created: 1
17:10:12 | INFO: Extracting primitive: Ground_2_2Geometry
17:10:12 | INFO: Primitives created: 1
17:10:12 | INFO: Extracting primitive: Ground_3_2Geometry
17:10:12 | INFO: Primitives created: 1
17:10:12 | INFO: Extracting primitive: Ground_4_2Geometry
17:10:12 | INFO: Primitives created: 1
17:10:12 | INFO: Extracting primitive: Ground_5_2Geometry
17:10:12 | INFO: Primitives created: 1
17:10:12 | INFO: Extracting primitive: Ground_6_2Geometry
17:10:12 | INFO: Primitives created: 1
17:10:12 | INFO: Extracting primitive: Ground_-6_3Geometry
17:10:12 | INFO: Primitives created: 1
17:10:12 | INFO: Extracting primitive: Ground_-5_3Geometry
17:10:12 | INFO: Primitives created: 1
17:10:12 | INFO: Extracting primitive: Ground_-4_3Geometry
17:10:12 | INFO: Primitives created: 1
17:10:12 | INFO: Extracting primitive: Ground_-3_3Geometry
17:10:12 | INFO: Primitives created: 1
17:10:12 | INFO: Extracting primitive: Ground_-2_3Geometry
17:10:12 | INFO: Primitives created: 1
17:10:12 | INFO: Extracting primitive: Ground_-1_3Geometry
17:10:12 | INFO: Primitives created: 1
17:10:12 | INFO: Extracting primitive: Ground_0_3Geometry
17:10:12 | INFO: Primitives created: 1
17:10:12 | INFO: Extracting primitive: Ground_1_3Geometry
17:10:12 | INFO: Primitives created: 1
17:10:12 | INFO: Extracting primitive: Ground_2_3Geometry
17:10:12 | INFO: Primitives created: 1
17:10:12 | INFO: Extracting primitive: Ground_3_3Geometry
17:10:12 | INFO: Primitives created: 1
17:10:12 | INFO: Extracting primitive: Ground_4_3Geometry
17:10:12 | INFO: Primitives created: 1
17:10:12 | INFO: Extracting primitive: Ground_5_3Geometry
17:10:12 | INFO: Primitives created: 1
17:10:12 | INFO: Extracting primitive: Ground_6_3Geometry
17:10:12 | INFO: Primitives created: 1
17:10:12 | INFO: Extracting primitive: Ground_-6_4Geometry
17:10:12 | INFO: Primitives created: 1
17:10:12 | INFO: Extracting primitive: Ground_-5_4Geometry
17:10:12 | INFO: Primitives created: 1
17:10:12 | INFO: Extracting primitive: Ground_-4_4Geometry
17:10:12 | INFO: Primitives created: 1
17:10:12 | INFO: Extracting primitive: Ground_-3_4Geometry
17:10:12 | INFO: Primitives created: 1
17:10:12 | INFO: Extracting primitive: Ground_-2_4Geometry
17:10:12 | INFO: Primitives created: 1
17:10:12 | INFO: Extracting primitive: Ground_-1_4Geometry
17:10:12 | INFO: Primitives created: 1
17:10:12 | INFO: Extracting primitive: Ground_0_4Geometry
17:10:12 | INFO: Primitives created: 1
17:10:12 | INFO: Extracting primitive: Ground_1_4Geometry
17:10:12 | INFO: Primitives created: 1
17:10:12 | INFO: Extracting primitive: Ground_2_4Geometry
17:10:12 | INFO: Primitives created: 1
17:10:12 | INFO: Extracting primitive: Ground_3_4Geometry
17:10:12 | INFO: Primitives created: 1
17:10:12 | INFO: Extracting primitive: Ground_4_4Geometry
17:10:12 | INFO: Primitives created: 1
17:10:12 | INFO: Extracting primitive: Ground_5_4Geometry
17:10:12 | INFO: Primitives created: 1
17:10:12 | INFO: Extracting primitive: Ground_6_4Geometry
17:10:12 | INFO: Primitives created: 1
17:10:12 | INFO: Extracting primitive: Ground_-6_5Geometry
17:10:12 | INFO: Primitives created: 1
17:10:12 | INFO: Extracting primitive: Ground_-5_5Geometry
17:10:12 | INFO: Primitives created: 1
17:10:12 | INFO: Extracting primitive: Ground_-4_5Geometry
17:10:12 | INFO: Primitives created: 1
17:10:12 | INFO: Extracting primitive: Ground_-3_5Geometry
17:10:12 | INFO: Primitives created: 1
17:10:12 | INFO: Extracting primitive: Ground_-2_5Geometry
17:10:12 | INFO: Primitives created: 1
17:10:12 | INFO: Extracting primitive: Ground_-1_5Geometry
17:10:12 | INFO: Primitives created: 1
17:10:12 | INFO: Extracting primitive: Ground_0_5Geometry
17:10:12 | INFO: Primitives created: 1
17:10:12 | INFO: Extracting primitive: Ground_1_5Geometry
17:10:12 | INFO: Primitives created: 1
17:10:12 | INFO: Extracting primitive: Ground_2_5Geometry
17:10:12 | INFO: Primitives created: 1
17:10:12 | INFO: Extracting primitive: Ground_3_5Geometry
17:10:12 | INFO: Primitives created: 1
17:10:12 | INFO: Extracting primitive: Ground_4_5Geometry
17:10:12 | INFO: Primitives created: 1
17:10:12 | INFO: Extracting primitive: Ground_5_5Geometry
17:10:12 | INFO: Primitives created: 1
17:10:12 | INFO: Extracting primitive: Ground_6_5Geometry
17:10:12 | INFO: Primitives created: 1
17:10:12 | INFO: Extracting primitive: RoadsGeometry
17:10:12 | INFO: Primitives created: 1
17:10:12 | INFO: Extracting primitive: Field_0Geometry
17:10:12 | INFO: Primitives created: 1
17:10:12 | INFO: Extracting primitive: Field_1Geometry
17:10:12 | INFO: Primitives created: 1
17:10:12 | INFO: Extracting primitive: Field_2Geometry
17:10:12 | INFO: Primitives created: 1
17:10:12 | INFO: Extracting primitive: Field_3Geometry
17:10:12 | INFO: Primitives created: 1
17:10:12 | INFO: Extracting primitive: Field_4Geometry
17:10:12 | INFO: Primitives created: 1
17:10:12 | INFO: Extracting primitive: Field_5Geometry
17:10:12 | INFO: Primitives created: 1
17:10:12 | INFO: Extracting primitive: Field_6Geometry
17:10:12 | INFO: Primitives created: 1
17:10:12 | INFO: Extracting primitive: Field_7Geometry
17:10:12 | INFO: Primitives created: 1
17:10:12 | INFO: Extracting primitive: Field_8Geometry
17:10:12 | INFO: Primitives created: 1
17:10:12 | INFO: Extracting primitive: Field_9Geometry
17:10:12 | INFO: Primitives created: 1
17:10:12 | INFO: Extracting primitive: Field_10Geometry
17:10:12 | INFO: Primitives created: 1
17:10:12 | INFO: Extracting primitive: Field_11Geometry
17:10:12 | INFO: Primitives created: 1
17:10:13 | INFO: Finished glTF 2.0 export in 2.7161192893981934 s

OPEN WORLD COMPLETE 208 terrain chunks 57366 model instances 500690 terrain triangles; surface sampling misses 0
Blender 4.5.0 (hash 8cb6b388974a built 2025-07-15 01:36:24)
Read blend: "D:\test6\blender\Assets.blend"

Blender quit
