MODEL STUDY: 176 vertices 348 triangles bad edges 0 degenerate 0 volume 186615.70274684427
INFO Draco mesh compression is available, use library at D:\test6\.tools\blender\blender-4.5.0-windows-x64\4.5\scripts\addons_core\io_scene_gltf2\extern_draco.dll
03:36:31 | INFO: Starting glTF 2.0 export
03:36:31 | INFO: Extracting primitive: front_columns_sections
03:36:31 | INFO: Primitives created: 4
03:36:31 | INFO: Finished glTF 2.0 export in 0.11998653411865234 s

Info: Saved as "cliff_sections_10d_prototype.blend"
MODEL STUDY: 158 vertices 312 triangles bad edges 0 degenerate 0 volume 168163.85873985666
03:36:31 | INFO: Starting glTF 2.0 export
03:36:31 | INFO: Extracting primitive: front_columns_sections.001
03:36:31 | INFO: Primitives created: 4
03:36:31 | INFO: Finished glTF 2.0 export in 0.0835273265838623 s

Info: Saved as "cliff_sections_10d_western_slab.blend"
MODEL STUDY: 284 vertices 564 triangles bad edges 0 degenerate 0 volume 513833.2501641437
03:36:31 | INFO: Starting glTF 2.0 export
03:36:31 | INFO: Extracting primitive: front_columns_sections.002
03:36:31 | INFO: Primitives created: 4
03:36:31 | INFO: Finished glTF 2.0 export in 0.020551681518554688 s

Info: Saved as "cliff_sections_10d_crown.blend"
MODEL STUDY: 182 vertices 360 triangles bad edges 0 degenerate 0 volume 171210.8608911296
03:36:32 | INFO: Starting glTF 2.0 export
03:36:32 | INFO: Extracting primitive: front_columns_sections.003
03:36:32 | INFO: Primitives created: 4
03:36:32 | INFO: Finished glTF 2.0 export in 0.012965202331542969 s

Info: Saved as "cliff_sections_10d_central_wall.blend"
MODEL STUDY: 184 vertices 364 triangles bad edges 0 degenerate 0 volume 196043.91358326687
03:36:32 | INFO: Starting glTF 2.0 export
03:36:32 | INFO: Extracting primitive: front_columns_sections.004
03:36:32 | INFO: Primitives created: 4
03:36:32 | INFO: Finished glTF 2.0 export in 0.020943641662597656 s

Info: Saved as "cliff_sections_10d_shadow_buttress.blend"
03:36:41 | INFO: Starting glTF 2.0 export
03:36:41 | INFO: Extracting primitive: Ground_0_-1Geometry
03:36:41 | INFO: Primitives created: 1
03:36:41 | INFO: Finished glTF 2.0 export in 0.08275151252746582 s

Info: Saved as "round-10d-Ground_0_-1.blend"
UPDATED TERRAIN MODULE Ground_0_-1 14480
03:36:46 | INFO: Starting glTF 2.0 export
03:36:46 | INFO: Extracting primitive: Ground_0_0Geometry
03:36:46 | INFO: Primitives created: 1
03:36:46 | INFO: Finished glTF 2.0 export in 0.030031204223632812 s

Info: Saved as "round-10d-Ground_0_0.blend"
UPDATED TERRAIN MODULE Ground_0_0 8405
Blender 4.5.0 (hash 8cb6b388974a built 2025-07-15 01:36:24)

Blender quit
