INFO Draco mesh compression is available, use library at D:\test6\.tools\blender\blender-4.5.0-windows-x64\4.5\scripts\addons_core\io_scene_gltf2\extern_draco.dll
22:06:45 | INFO: Starting glTF 2.0 export
22:06:45 | INFO: Extracting primitive: cliff_crownGeometry
22:06:45 | INFO: Primitives created: 1
22:06:45 | INFO: Finished glTF 2.0 export in 0.008051872253417969 s

Info: Saved as "cliff_crown.blend"
CLOSED CLIFF MODULE cliff_crown 169 334 399842.4597110685
22:06:45 | INFO: Starting glTF 2.0 export
22:06:45 | INFO: Extracting primitive: cliff_western_slabGeometry
22:06:45 | INFO: Primitives created: 1
22:06:45 | INFO: Finished glTF 2.0 export in 0.00610041618347168 s

Info: Saved as "cliff_western_slab.blend"
CLOSED CLIFF MODULE cliff_western_slab 146 288 188793.75929494115
22:06:46 | INFO: Starting glTF 2.0 export
22:06:46 | INFO: Extracting primitive: cliff_front_columnsGeometry
22:06:46 | INFO: Primitives created: 1
22:06:46 | INFO: Finished glTF 2.0 export in 0.005700588226318359 s

Info: Saved as "cliff_front_columns.blend"
CLOSED CLIFF MODULE cliff_front_columns 134 264 127236.94979965167
22:06:46 | INFO: Starting glTF 2.0 export
22:06:46 | INFO: Extracting primitive: cliff_eastern_plateauGeometry
22:06:46 | INFO: Primitives created: 1
22:06:46 | INFO: Finished glTF 2.0 export in 0.005985736846923828 s

Info: Saved as "cliff_eastern_plateau.blend"
CLOSED CLIFF MODULE cliff_eastern_plateau 182 360 434526.18771372497
22:06:46 | INFO: Starting glTF 2.0 export
22:06:46 | INFO: Extracting primitive: cliff_shadow_buttressGeometry
22:06:46 | INFO: Primitives created: 1
22:06:46 | INFO: Finished glTF 2.0 export in 0.0069255828857421875 s

Info: Saved as "cliff_shadow_buttress.blend"
CLOSED CLIFF MODULE cliff_shadow_buttress 146 288 187140.88902799747
22:06:46 | INFO: Starting glTF 2.0 export
22:06:46 | INFO: Extracting primitive: cliff_central_wallGeometry
22:06:46 | INFO: Primitives created: 1
22:06:46 | INFO: Finished glTF 2.0 export in 0.005984067916870117 s

Info: Saved as "cliff_central_wall.blend"
CLOSED CLIFF MODULE cliff_central_wall 121 238 109582.84874692603
22:06:46 | INFO: Starting glTF 2.0 export
22:06:46 | INFO: Extracting primitive: cliff_western_mesaGeometry
22:06:46 | INFO: Primitives created: 1
22:06:46 | INFO: Finished glTF 2.0 export in 0.005986690521240234 s

Info: Saved as "cliff_western_mesa.blend"
CLOSED CLIFF MODULE cliff_western_mesa 175 346 498294.9673466996
Blender 4.5.0 (hash 8cb6b388974a built 2025-07-15 01:36:24)

Blender quit
