INFO Draco mesh compression is available, use library at D:\test6\.tools\blender\blender-4.5.0-windows-x64\4.5\scripts\addons_core\io_scene_gltf2\extern_draco.dll
19:16:33 | INFO: Starting glTF 2.0 export
19:16:33 | INFO: Extracting primitive: cliff_crownGeometry
19:16:33 | INFO: Primitives created: 1
19:16:33 | INFO: Finished glTF 2.0 export in 0.009035825729370117 s

Info: Saved as "cliff_crown.blend"
CLOSED CLIFF MODULE cliff_crown 23 42 78277.40434924248
19:16:33 | INFO: Starting glTF 2.0 export
19:16:33 | INFO: Extracting primitive: cliff_western_slabGeometry
19:16:33 | INFO: Primitives created: 1
19:16:33 | INFO: Finished glTF 2.0 export in 0.004674673080444336 s

Info: Saved as "cliff_western_slab.blend"
CLOSED CLIFF MODULE cliff_western_slab 16 28 34522.949341396394
19:16:33 | INFO: Starting glTF 2.0 export
19:16:33 | INFO: Extracting primitive: cliff_front_columnsGeometry
19:16:33 | INFO: Primitives created: 1
19:16:33 | INFO: Finished glTF 2.0 export in 0.004073381423950195 s

Info: Saved as "cliff_front_columns.blend"
CLOSED CLIFF MODULE cliff_front_columns 21 38 8219.386907634735
19:16:33 | INFO: Starting glTF 2.0 export
19:16:33 | INFO: Extracting primitive: cliff_eastern_plateauGeometry
19:16:33 | INFO: Primitives created: 1
19:16:33 | INFO: Finished glTF 2.0 export in 0.003330230712890625 s

Info: Saved as "cliff_eastern_plateau.blend"
CLOSED CLIFF MODULE cliff_eastern_plateau 19 34 99936.65198405852
19:16:33 | INFO: Starting glTF 2.0 export
19:16:33 | INFO: Extracting primitive: cliff_shadow_buttressGeometry
19:16:33 | INFO: Primitives created: 1
19:16:33 | INFO: Finished glTF 2.0 export in 0.005763053894042969 s

Info: Saved as "cliff_shadow_buttress.blend"
CLOSED CLIFF MODULE cliff_shadow_buttress 13 22 30604.498449712675
19:16:33 | INFO: Starting glTF 2.0 export
19:16:33 | INFO: Extracting primitive: cliff_central_wallGeometry
19:16:33 | INFO: Primitives created: 1
19:16:33 | INFO: Finished glTF 2.0 export in 0.004013538360595703 s

Info: Saved as "cliff_central_wall.blend"
CLOSED CLIFF MODULE cliff_central_wall 13 22 18128.955921784465
Blender 4.5.0 (hash 8cb6b388974a built 2025-07-15 01:36:24)

Blender quit
