INFO Draco mesh compression is available, use library at D:\test6\.tools\blender\blender-4.5.0-windows-x64\4.5\scripts\addons_core\io_scene_gltf2\extern_draco.dll
22:16:49 | INFO: Starting glTF 2.0 export
22:16:49 | INFO: Extracting primitive: Ground_-6_-10Geometry
22:16:49 | INFO: Primitives created: 1
22:16:49 | INFO: Finished glTF 2.0 export in 0.013468265533447266 s

Info: Saved as "Ground_-6_-10.blend"
UPDATED TERRAIN MODULE Ground_-6_-10 2048
22:16:49 | INFO: Starting glTF 2.0 export
22:16:49 | INFO: Extracting primitive: Ground_-5_-10Geometry
22:16:49 | INFO: Primitives created: 1
22:16:49 | INFO: Finished glTF 2.0 export in 0.011963605880737305 s

Info: Saved as "Ground_-5_-10.blend"
UPDATED TERRAIN MODULE Ground_-5_-10 2048
22:16:50 | INFO: Starting glTF 2.0 export
22:16:50 | INFO: Extracting primitive: Ground_-4_-10Geometry
22:16:50 | INFO: Primitives created: 1
22:16:50 | INFO: Finished glTF 2.0 export in 0.008444786071777344 s

Info: Saved as "Ground_-4_-10.blend"
UPDATED TERRAIN MODULE Ground_-4_-10 2048
22:16:50 | INFO: Starting glTF 2.0 export
22:16:50 | INFO: Extracting primitive: Ground_-3_-10Geometry
22:16:50 | INFO: Primitives created: 1
22:16:50 | INFO: Finished glTF 2.0 export in 0.009972572326660156 s

Info: Saved as "Ground_-3_-10.blend"
UPDATED TERRAIN MODULE Ground_-3_-10 2048
22:16:50 | INFO: Starting glTF 2.0 export
22:16:50 | INFO: Extracting primitive: Ground_-2_-10Geometry
22:16:50 | INFO: Primitives created: 1
22:16:50 | INFO: Finished glTF 2.0 export in 0.010328054428100586 s

Info: Saved as "Ground_-2_-10.blend"
UPDATED TERRAIN MODULE Ground_-2_-10 2048
22:16:51 | INFO: Starting glTF 2.0 export
22:16:51 | INFO: Extracting primitive: Ground_-1_-10Geometry
22:16:51 | INFO: Primitives created: 1
22:16:51 | INFO: Finished glTF 2.0 export in 0.010970830917358398 s

Info: Saved as "Ground_-1_-10.blend"
UPDATED TERRAIN MODULE Ground_-1_-10 2048
22:16:51 | INFO: Starting glTF 2.0 export
22:16:51 | INFO: Extracting primitive: Ground_0_-10Geometry
22:16:51 | INFO: Primitives created: 1
22:16:51 | INFO: Finished glTF 2.0 export in 0.008853435516357422 s

Info: Saved as "Ground_0_-10.blend"
UPDATED TERRAIN MODULE Ground_0_-10 2048
22:16:52 | INFO: Starting glTF 2.0 export
22:16:52 | INFO: Extracting primitive: Ground_1_-10Geometry
22:16:52 | INFO: Primitives created: 1
22:16:52 | INFO: Finished glTF 2.0 export in 0.009973526000976562 s

Info: Saved as "Ground_1_-10.blend"
UPDATED TERRAIN MODULE Ground_1_-10 2048
22:16:52 | INFO: Starting glTF 2.0 export
22:16:52 | INFO: Extracting primitive: Ground_2_-10Geometry
22:16:52 | INFO: Primitives created: 1
22:16:52 | INFO: Finished glTF 2.0 export in 0.008976221084594727 s

Info: Saved as "Ground_2_-10.blend"
UPDATED TERRAIN MODULE Ground_2_-10 2048
22:16:53 | INFO: Starting glTF 2.0 export
22:16:53 | INFO: Extracting primitive: Ground_3_-10Geometry
22:16:53 | INFO: Primitives created: 1
22:16:53 | INFO: Finished glTF 2.0 export in 0.00997161865234375 s

Info: Saved as "Ground_3_-10.blend"
UPDATED TERRAIN MODULE Ground_3_-10 2048
22:16:53 | INFO: Starting glTF 2.0 export
22:16:53 | INFO: Extracting primitive: Ground_4_-10Geometry
22:16:53 | INFO: Primitives created: 1
22:16:53 | INFO: Finished glTF 2.0 export in 0.007858037948608398 s

Info: Saved as "Ground_4_-10.blend"
UPDATED TERRAIN MODULE Ground_4_-10 2048
22:16:54 | INFO: Starting glTF 2.0 export
22:16:54 | INFO: Extracting primitive: Ground_5_-10Geometry
22:16:54 | INFO: Primitives created: 1
22:16:54 | INFO: Finished glTF 2.0 export in 0.00897669792175293 s

Info: Saved as "Ground_5_-10.blend"
UPDATED TERRAIN MODULE Ground_5_-10 2048
22:16:54 | INFO: Starting glTF 2.0 export
22:16:54 | INFO: Extracting primitive: Ground_6_-10Geometry
22:16:54 | INFO: Primitives created: 1
22:16:54 | INFO: Finished glTF 2.0 export in 0.009927988052368164 s

Info: Saved as "Ground_6_-10.blend"
UPDATED TERRAIN MODULE Ground_6_-10 2048
22:16:55 | INFO: Starting glTF 2.0 export
22:16:55 | INFO: Extracting primitive: Ground_-6_-9Geometry
22:16:55 | INFO: Primitives created: 1
22:16:55 | INFO: Finished glTF 2.0 export in 0.009974002838134766 s

Info: Saved as "Ground_-6_-9.blend"
UPDATED TERRAIN MODULE Ground_-6_-9 2048
22:16:55 | INFO: Starting glTF 2.0 export
22:16:55 | INFO: Extracting primitive: Ground_-5_-9Geometry
22:16:55 | INFO: Primitives created: 1
22:16:55 | INFO: Finished glTF 2.0 export in 0.0109710693359375 s

Info: Saved as "Ground_-5_-9.blend"
UPDATED TERRAIN MODULE Ground_-5_-9 2048
22:16:55 | INFO: Starting glTF 2.0 export
22:16:55 | INFO: Extracting primitive: Ground_-4_-9Geometry
22:16:55 | INFO: Primitives created: 1
22:16:55 | INFO: Finished glTF 2.0 export in 0.007978439331054688 s

Info: Saved as "Ground_-4_-9.blend"
UPDATED TERRAIN MODULE Ground_-4_-9 2048
22:16:55 | INFO: Starting glTF 2.0 export
22:16:55 | INFO: Extracting primitive: Ground_-3_-9Geometry
22:16:55 | INFO: Primitives created: 1
22:16:55 | INFO: Finished glTF 2.0 export in 0.011969804763793945 s

Info: Saved as "Ground_-3_-9.blend"
UPDATED TERRAIN MODULE Ground_-3_-9 2048
22:16:56 | INFO: Starting glTF 2.0 export
22:16:56 | INFO: Extracting primitive: Ground_-2_-9Geometry
22:16:56 | INFO: Primitives created: 1
22:16:56 | INFO: Finished glTF 2.0 export in 0.008975982666015625 s

Info: Saved as "Ground_-2_-9.blend"
UPDATED TERRAIN MODULE Ground_-2_-9 2048
22:16:56 | INFO: Starting glTF 2.0 export
22:16:56 | INFO: Extracting primitive: Ground_-1_-9Geometry
22:16:56 | INFO: Primitives created: 1
22:16:56 | INFO: Finished glTF 2.0 export in 0.008975744247436523 s

Info: Saved as "Ground_-1_-9.blend"
UPDATED TERRAIN MODULE Ground_-1_-9 2048
22:16:56 | INFO: Starting glTF 2.0 export
22:16:56 | INFO: Extracting primitive: Ground_0_-9Geometry
22:16:56 | INFO: Primitives created: 1
22:16:56 | INFO: Finished glTF 2.0 export in 0.00797724723815918 s

Info: Saved as "Ground_0_-9.blend"
UPDATED TERRAIN MODULE Ground_0_-9 2048
22:16:56 | INFO: Starting glTF 2.0 export
22:16:56 | INFO: Extracting primitive: Ground_1_-9Geometry
22:16:56 | INFO: Primitives created: 1
22:16:56 | INFO: Finished glTF 2.0 export in 0.008976459503173828 s

Info: Saved as "Ground_1_-9.blend"
UPDATED TERRAIN MODULE Ground_1_-9 2048
22:16:57 | INFO: Starting glTF 2.0 export
22:16:57 | INFO: Extracting primitive: Ground_2_-9Geometry
22:16:57 | INFO: Primitives created: 1
22:16:57 | INFO: Finished glTF 2.0 export in 0.009974002838134766 s

Info: Saved as "Ground_2_-9.blend"
UPDATED TERRAIN MODULE Ground_2_-9 2048
22:16:57 | INFO: Starting glTF 2.0 export
22:16:57 | INFO: Extracting primitive: Ground_3_-9Geometry
22:16:57 | INFO: Primitives created: 1
22:16:57 | INFO: Finished glTF 2.0 export in 0.009972095489501953 s

Info: Saved as "Ground_3_-9.blend"
UPDATED TERRAIN MODULE Ground_3_-9 2048
22:16:57 | INFO: Starting glTF 2.0 export
22:16:57 | INFO: Extracting primitive: Ground_4_-9Geometry
22:16:57 | INFO: Primitives created: 1
22:16:57 | INFO: Finished glTF 2.0 export in 0.007283926010131836 s

Info: Saved as "Ground_4_-9.blend"
UPDATED TERRAIN MODULE Ground_4_-9 2048
22:16:57 | INFO: Starting glTF 2.0 export
22:16:57 | INFO: Extracting primitive: Ground_5_-9Geometry
22:16:57 | INFO: Primitives created: 1
22:16:57 | INFO: Finished glTF 2.0 export in 0.008976459503173828 s

Info: Saved as "Ground_5_-9.blend"
UPDATED TERRAIN MODULE Ground_5_-9 2048
22:16:58 | INFO: Starting glTF 2.0 export
22:16:58 | INFO: Extracting primitive: Ground_6_-9Geometry
22:16:58 | INFO: Primitives created: 1
22:16:58 | INFO: Finished glTF 2.0 export in 0.008888959884643555 s

Info: Saved as "Ground_6_-9.blend"
UPDATED TERRAIN MODULE Ground_6_-9 2048
22:16:58 | INFO: Starting glTF 2.0 export
22:16:58 | INFO: Extracting primitive: Ground_-6_-8Geometry
22:16:58 | INFO: Primitives created: 1
22:16:58 | INFO: Finished glTF 2.0 export in 0.01178431510925293 s

Info: Saved as "Ground_-6_-8.blend"
UPDATED TERRAIN MODULE Ground_-6_-8 2736
22:16:58 | INFO: Starting glTF 2.0 export
22:16:58 | INFO: Extracting primitive: Ground_-5_-8Geometry
22:16:59 | INFO: Primitives created: 1
22:16:59 | INFO: Finished glTF 2.0 export in 0.00857996940612793 s

Info: Saved as "Ground_-5_-8.blend"
UPDATED TERRAIN MODULE Ground_-5_-8 2048
22:16:59 | INFO: Starting glTF 2.0 export
22:16:59 | INFO: Extracting primitive: Ground_-4_-8Geometry
22:16:59 | INFO: Primitives created: 1
22:16:59 | INFO: Finished glTF 2.0 export in 0.010970830917358398 s

Info: Saved as "Ground_-4_-8.blend"
UPDATED TERRAIN MODULE Ground_-4_-8 2048
22:16:59 | INFO: Starting glTF 2.0 export
22:16:59 | INFO: Extracting primitive: Ground_-3_-8Geometry
22:16:59 | INFO: Primitives created: 1
22:16:59 | INFO: Finished glTF 2.0 export in 0.007978439331054688 s

Info: Saved as "Ground_-3_-8.blend"
UPDATED TERRAIN MODULE Ground_-3_-8 2048
22:16:59 | INFO: Starting glTF 2.0 export
22:16:59 | INFO: Extracting primitive: Ground_-2_-8Geometry
22:16:59 | INFO: Primitives created: 1
22:16:59 | INFO: Finished glTF 2.0 export in 0.010755062103271484 s

Info: Saved as "Ground_-2_-8.blend"
UPDATED TERRAIN MODULE Ground_-2_-8 2048
22:16:59 | INFO: Starting glTF 2.0 export
22:16:59 | INFO: Extracting primitive: Ground_-1_-8Geometry
22:16:59 | INFO: Primitives created: 1
22:16:59 | INFO: Finished glTF 2.0 export in 0.011967897415161133 s

Info: Saved as "Ground_-1_-8.blend"
UPDATED TERRAIN MODULE Ground_-1_-8 2048
22:17:00 | INFO: Starting glTF 2.0 export
22:17:00 | INFO: Extracting primitive: Ground_0_-8Geometry
22:17:00 | INFO: Primitives created: 1
22:17:00 | INFO: Finished glTF 2.0 export in 0.012965679168701172 s

Info: Saved as "Ground_0_-8.blend"
UPDATED TERRAIN MODULE Ground_0_-8 2048
22:17:00 | INFO: Starting glTF 2.0 export
22:17:00 | INFO: Extracting primitive: Ground_1_-8Geometry
22:17:00 | INFO: Primitives created: 1
22:17:00 | INFO: Finished glTF 2.0 export in 0.009491920471191406 s

Info: Saved as "Ground_1_-8.blend"
UPDATED TERRAIN MODULE Ground_1_-8 2048
22:17:00 | INFO: Starting glTF 2.0 export
22:17:00 | INFO: Extracting primitive: Ground_2_-8Geometry
22:17:00 | INFO: Primitives created: 1
22:17:00 | INFO: Finished glTF 2.0 export in 0.008975982666015625 s

Info: Saved as "Ground_2_-8.blend"
UPDATED TERRAIN MODULE Ground_2_-8 2048
22:17:00 | INFO: Starting glTF 2.0 export
22:17:00 | INFO: Extracting primitive: Ground_3_-8Geometry
22:17:00 | INFO: Primitives created: 1
22:17:00 | INFO: Finished glTF 2.0 export in 0.008787155151367188 s

Info: Saved as "Ground_3_-8.blend"
UPDATED TERRAIN MODULE Ground_3_-8 2048
22:17:01 | INFO: Starting glTF 2.0 export
22:17:01 | INFO: Extracting primitive: Ground_4_-8Geometry
22:17:01 | INFO: Primitives created: 1
22:17:01 | INFO: Finished glTF 2.0 export in 0.01086115837097168 s

Info: Saved as "Ground_4_-8.blend"
UPDATED TERRAIN MODULE Ground_4_-8 2048
22:17:01 | INFO: Starting glTF 2.0 export
22:17:01 | INFO: Extracting primitive: Ground_5_-8Geometry
22:17:01 | INFO: Primitives created: 1
22:17:01 | INFO: Finished glTF 2.0 export in 0.011031150817871094 s

Info: Saved as "Ground_5_-8.blend"
UPDATED TERRAIN MODULE Ground_5_-8 2048
22:17:01 | INFO: Starting glTF 2.0 export
22:17:01 | INFO: Extracting primitive: Ground_6_-8Geometry
22:17:01 | INFO: Primitives created: 1
22:17:01 | INFO: Finished glTF 2.0 export in 0.0069789886474609375 s

Info: Saved as "Ground_6_-8.blend"
UPDATED TERRAIN MODULE Ground_6_-8 2048
22:17:02 | INFO: Starting glTF 2.0 export
22:17:02 | INFO: Extracting primitive: Ground_-6_-7Geometry
22:17:02 | INFO: Primitives created: 1
22:17:02 | INFO: Finished glTF 2.0 export in 0.013763427734375 s

Info: Saved as "Ground_-6_-7.blend"
UPDATED TERRAIN MODULE Ground_-6_-7 3166
22:17:02 | INFO: Starting glTF 2.0 export
22:17:02 | INFO: Extracting primitive: Ground_-5_-7Geometry
22:17:02 | INFO: Primitives created: 1
22:17:02 | INFO: Finished glTF 2.0 export in 0.012353897094726562 s

Info: Saved as "Ground_-5_-7.blend"
UPDATED TERRAIN MODULE Ground_-5_-7 2048
22:17:02 | INFO: Starting glTF 2.0 export
22:17:02 | INFO: Extracting primitive: Ground_-4_-7Geometry
22:17:02 | INFO: Primitives created: 1
22:17:02 | INFO: Finished glTF 2.0 export in 0.00897526741027832 s

Info: Saved as "Ground_-4_-7.blend"
UPDATED TERRAIN MODULE Ground_-4_-7 2048
22:17:03 | INFO: Starting glTF 2.0 export
22:17:03 | INFO: Extracting primitive: Ground_-3_-7Geometry
22:17:03 | INFO: Primitives created: 1
22:17:03 | INFO: Finished glTF 2.0 export in 0.011967897415161133 s

Info: Saved as "Ground_-3_-7.blend"
UPDATED TERRAIN MODULE Ground_-3_-7 2048
22:17:03 | INFO: Starting glTF 2.0 export
22:17:03 | INFO: Extracting primitive: Ground_-2_-7Geometry
22:17:03 | INFO: Primitives created: 1
22:17:03 | INFO: Finished glTF 2.0 export in 0.012630462646484375 s

Info: Saved as "Ground_-2_-7.blend"
UPDATED TERRAIN MODULE Ground_-2_-7 2048
22:17:03 | INFO: Starting glTF 2.0 export
22:17:03 | INFO: Extracting primitive: Ground_-1_-7Geometry
22:17:03 | INFO: Primitives created: 1
22:17:03 | INFO: Finished glTF 2.0 export in 0.00897669792175293 s

Info: Saved as "Ground_-1_-7.blend"
UPDATED TERRAIN MODULE Ground_-1_-7 2048
22:17:03 | INFO: Starting glTF 2.0 export
22:17:03 | INFO: Extracting primitive: Ground_0_-7Geometry
22:17:03 | INFO: Primitives created: 1
22:17:03 | INFO: Finished glTF 2.0 export in 0.00897526741027832 s

Info: Saved as "Ground_0_-7.blend"
UPDATED TERRAIN MODULE Ground_0_-7 2048
22:17:04 | INFO: Starting glTF 2.0 export
22:17:04 | INFO: Extracting primitive: Ground_1_-7Geometry
22:17:04 | INFO: Primitives created: 1
22:17:04 | INFO: Finished glTF 2.0 export in 0.009479045867919922 s

Info: Saved as "Ground_1_-7.blend"
UPDATED TERRAIN MODULE Ground_1_-7 2048
22:17:04 | INFO: Starting glTF 2.0 export
22:17:04 | INFO: Extracting primitive: Ground_2_-7Geometry
22:17:04 | INFO: Primitives created: 1
22:17:04 | INFO: Finished glTF 2.0 export in 0.010479927062988281 s

Info: Saved as "Ground_2_-7.blend"
UPDATED TERRAIN MODULE Ground_2_-7 2048
22:17:04 | INFO: Starting glTF 2.0 export
22:17:04 | INFO: Extracting primitive: Ground_3_-7Geometry
22:17:04 | INFO: Primitives created: 1
22:17:04 | INFO: Finished glTF 2.0 export in 0.015468835830688477 s

Info: Saved as "Ground_3_-7.blend"
UPDATED TERRAIN MODULE Ground_3_-7 2048
22:17:05 | INFO: Starting glTF 2.0 export
22:17:05 | INFO: Extracting primitive: Ground_4_-7Geometry
22:17:05 | INFO: Primitives created: 1
22:17:05 | INFO: Finished glTF 2.0 export in 0.01396322250366211 s

Info: Saved as "Ground_4_-7.blend"
UPDATED TERRAIN MODULE Ground_4_-7 2048
22:17:05 | INFO: Starting glTF 2.0 export
22:17:05 | INFO: Extracting primitive: Ground_5_-7Geometry
22:17:05 | INFO: Primitives created: 1
22:17:05 | INFO: Finished glTF 2.0 export in 0.006981372833251953 s

Info: Saved as "Ground_5_-7.blend"
UPDATED TERRAIN MODULE Ground_5_-7 2048
22:17:05 | INFO: Starting glTF 2.0 export
22:17:05 | INFO: Extracting primitive: Ground_6_-7Geometry
22:17:05 | INFO: Primitives created: 1
22:17:05 | INFO: Finished glTF 2.0 export in 0.014458894729614258 s

Info: Saved as "Ground_6_-7.blend"
UPDATED TERRAIN MODULE Ground_6_-7 2048
22:17:06 | INFO: Starting glTF 2.0 export
22:17:06 | INFO: Extracting primitive: Ground_-6_-6Geometry
22:17:06 | INFO: Primitives created: 1
22:17:06 | INFO: Finished glTF 2.0 export in 0.010972976684570312 s

Info: Saved as "Ground_-6_-6.blend"
UPDATED TERRAIN MODULE Ground_-6_-6 2270
22:17:07 | INFO: Starting glTF 2.0 export
22:17:07 | INFO: Extracting primitive: Ground_-5_-6Geometry
22:17:07 | INFO: Primitives created: 1
22:17:07 | INFO: Finished glTF 2.0 export in 0.03193044662475586 s

Info: Saved as "Ground_-5_-6.blend"
UPDATED TERRAIN MODULE Ground_-5_-6 2986
22:17:07 | INFO: Starting glTF 2.0 export
22:17:07 | INFO: Extracting primitive: Ground_-4_-6Geometry
22:17:07 | INFO: Primitives created: 1
22:17:07 | INFO: Finished glTF 2.0 export in 0.013523340225219727 s

Info: Saved as "Ground_-4_-6.blend"
UPDATED TERRAIN MODULE Ground_-4_-6 2048
22:17:07 | INFO: Starting glTF 2.0 export
22:17:07 | INFO: Extracting primitive: Ground_-3_-6Geometry
22:17:07 | INFO: Primitives created: 1
22:17:07 | INFO: Finished glTF 2.0 export in 0.025931358337402344 s

Info: Saved as "Ground_-3_-6.blend"
UPDATED TERRAIN MODULE Ground_-3_-6 2048
22:17:08 | INFO: Starting glTF 2.0 export
22:17:08 | INFO: Extracting primitive: Ground_-2_-6Geometry
22:17:08 | INFO: Primitives created: 1
22:17:08 | INFO: Finished glTF 2.0 export in 0.01120448112487793 s

Info: Saved as "Ground_-2_-6.blend"
UPDATED TERRAIN MODULE Ground_-2_-6 2048
22:17:08 | INFO: Starting glTF 2.0 export
22:17:08 | INFO: Extracting primitive: Ground_-1_-6Geometry
22:17:08 | INFO: Primitives created: 1
22:17:08 | INFO: Finished glTF 2.0 export in 0.02154397964477539 s

Info: Saved as "Ground_-1_-6.blend"
UPDATED TERRAIN MODULE Ground_-1_-6 2048
22:17:09 | INFO: Starting glTF 2.0 export
22:17:09 | INFO: Extracting primitive: Ground_0_-6Geometry
22:17:09 | INFO: Primitives created: 1
22:17:09 | INFO: Finished glTF 2.0 export in 0.009975910186767578 s

Info: Saved as "Ground_0_-6.blend"
UPDATED TERRAIN MODULE Ground_0_-6 2048
22:17:09 | INFO: Starting glTF 2.0 export
22:17:09 | INFO: Extracting primitive: Ground_1_-6Geometry
22:17:09 | INFO: Primitives created: 1
22:17:09 | INFO: Finished glTF 2.0 export in 0.009972095489501953 s

Info: Saved as "Ground_1_-6.blend"
UPDATED TERRAIN MODULE Ground_1_-6 2048
22:17:09 | INFO: Starting glTF 2.0 export
22:17:09 | INFO: Extracting primitive: Ground_2_-6Geometry
22:17:09 | INFO: Primitives created: 1
22:17:09 | INFO: Finished glTF 2.0 export in 0.009973764419555664 s

Info: Saved as "Ground_2_-6.blend"
UPDATED TERRAIN MODULE Ground_2_-6 2048
22:17:10 | INFO: Starting glTF 2.0 export
22:17:10 | INFO: Extracting primitive: Ground_3_-6Geometry
22:17:10 | INFO: Primitives created: 1
22:17:10 | INFO: Finished glTF 2.0 export in 0.013960838317871094 s

Info: Saved as "Ground_3_-6.blend"
UPDATED TERRAIN MODULE Ground_3_-6 2048
22:17:10 | INFO: Starting glTF 2.0 export
22:17:10 | INFO: Extracting primitive: Ground_4_-6Geometry
22:17:10 | INFO: Primitives created: 1
22:17:10 | INFO: Finished glTF 2.0 export in 0.009212732315063477 s

Info: Saved as "Ground_4_-6.blend"
UPDATED TERRAIN MODULE Ground_4_-6 2048
22:17:10 | INFO: Starting glTF 2.0 export
22:17:10 | INFO: Extracting primitive: Ground_5_-6Geometry
22:17:10 | INFO: Primitives created: 1
22:17:10 | INFO: Finished glTF 2.0 export in 0.015957355499267578 s

Info: Saved as "Ground_5_-6.blend"
UPDATED TERRAIN MODULE Ground_5_-6 2048
22:17:11 | INFO: Starting glTF 2.0 export
22:17:11 | INFO: Extracting primitive: Ground_6_-6Geometry
22:17:11 | INFO: Primitives created: 1
22:17:11 | INFO: Finished glTF 2.0 export in 0.009974241256713867 s

Info: Saved as "Ground_6_-6.blend"
UPDATED TERRAIN MODULE Ground_6_-6 2048
22:17:11 | INFO: Starting glTF 2.0 export
22:17:11 | INFO: Extracting primitive: Ground_-6_-5Geometry
22:17:11 | INFO: Primitives created: 1
22:17:11 | INFO: Finished glTF 2.0 export in 0.010970115661621094 s

Info: Saved as "Ground_-6_-5.blend"
UPDATED TERRAIN MODULE Ground_-6_-5 2048
22:17:12 | INFO: Starting glTF 2.0 export
22:17:12 | INFO: Extracting primitive: Ground_-5_-5Geometry
22:17:12 | INFO: Primitives created: 1
22:17:12 | INFO: Finished glTF 2.0 export in 0.01684093475341797 s

Info: Saved as "Ground_-5_-5.blend"
UPDATED TERRAIN MODULE Ground_-5_-5 2870
22:17:12 | INFO: Starting glTF 2.0 export
22:17:12 | INFO: Extracting primitive: Ground_-4_-5Geometry
22:17:12 | INFO: Primitives created: 1
22:17:12 | INFO: Finished glTF 2.0 export in 0.014648675918579102 s

Info: Saved as "Ground_-4_-5.blend"
UPDATED TERRAIN MODULE Ground_-4_-5 2386
22:17:13 | INFO: Starting glTF 2.0 export
22:17:13 | INFO: Extracting primitive: Ground_-3_-5Geometry
22:17:13 | INFO: Primitives created: 1
22:17:13 | INFO: Finished glTF 2.0 export in 0.028700590133666992 s

Info: Saved as "Ground_-3_-5.blend"
UPDATED TERRAIN MODULE Ground_-3_-5 2080
22:17:13 | INFO: Starting glTF 2.0 export
22:17:13 | INFO: Extracting primitive: Ground_-2_-5Geometry
22:17:13 | INFO: Primitives created: 1
22:17:13 | INFO: Finished glTF 2.0 export in 0.021756410598754883 s

Info: Saved as "Ground_-2_-5.blend"
UPDATED TERRAIN MODULE Ground_-2_-5 2048
22:17:13 | INFO: Starting glTF 2.0 export
22:17:13 | INFO: Extracting primitive: Ground_-1_-5Geometry
22:17:13 | INFO: Primitives created: 1
22:17:13 | INFO: Finished glTF 2.0 export in 0.009461402893066406 s

Info: Saved as "Ground_-1_-5.blend"
UPDATED TERRAIN MODULE Ground_-1_-5 2048
22:17:14 | INFO: Starting glTF 2.0 export
22:17:14 | INFO: Extracting primitive: Ground_0_-5Geometry
22:17:14 | INFO: Primitives created: 1
22:17:14 | INFO: Finished glTF 2.0 export in 0.010970830917358398 s

Info: Saved as "Ground_0_-5.blend"
UPDATED TERRAIN MODULE Ground_0_-5 2048
22:17:14 | INFO: Starting glTF 2.0 export
22:17:14 | INFO: Extracting primitive: Ground_1_-5Geometry
22:17:14 | INFO: Primitives created: 1
22:17:14 | INFO: Finished glTF 2.0 export in 0.05993509292602539 s

Info: Saved as "Ground_1_-5.blend"
UPDATED TERRAIN MODULE Ground_1_-5 2112
22:17:14 | INFO: Starting glTF 2.0 export
22:17:14 | INFO: Extracting primitive: Ground_2_-5Geometry
22:17:14 | INFO: Primitives created: 1
22:17:14 | INFO: Finished glTF 2.0 export in 0.010970115661621094 s

Info: Saved as "Ground_2_-5.blend"
UPDATED TERRAIN MODULE Ground_2_-5 2048
22:17:15 | INFO: Starting glTF 2.0 export
22:17:15 | INFO: Extracting primitive: Ground_3_-5Geometry
22:17:15 | INFO: Primitives created: 1
22:17:15 | INFO: Finished glTF 2.0 export in 0.009980201721191406 s

Info: Saved as "Ground_3_-5.blend"
UPDATED TERRAIN MODULE Ground_3_-5 2048
22:17:15 | INFO: Starting glTF 2.0 export
22:17:15 | INFO: Extracting primitive: Ground_4_-5Geometry
22:17:15 | INFO: Primitives created: 1
22:17:15 | INFO: Finished glTF 2.0 export in 0.013944387435913086 s

Info: Saved as "Ground_4_-5.blend"
UPDATED TERRAIN MODULE Ground_4_-5 2048
22:17:15 | INFO: Starting glTF 2.0 export
22:17:15 | INFO: Extracting primitive: Ground_5_-5Geometry
22:17:15 | INFO: Primitives created: 1
22:17:15 | INFO: Finished glTF 2.0 export in 0.008238554000854492 s

Info: Saved as "Ground_5_-5.blend"
UPDATED TERRAIN MODULE Ground_5_-5 2048
22:17:16 | INFO: Starting glTF 2.0 export
22:17:16 | INFO: Extracting primitive: Ground_6_-5Geometry
22:17:16 | INFO: Primitives created: 1
22:17:16 | INFO: Finished glTF 2.0 export in 0.014960050582885742 s

Info: Saved as "Ground_6_-5.blend"
UPDATED TERRAIN MODULE Ground_6_-5 2048
22:17:16 | INFO: Starting glTF 2.0 export
22:17:16 | INFO: Extracting primitive: Ground_-6_-4Geometry
22:17:16 | INFO: Primitives created: 1
22:17:16 | INFO: Finished glTF 2.0 export in 0.00675654411315918 s

Info: Saved as "Ground_-6_-4.blend"
UPDATED TERRAIN MODULE Ground_-6_-4 2048
22:17:16 | INFO: Starting glTF 2.0 export
22:17:16 | INFO: Extracting primitive: Ground_-5_-4Geometry
22:17:17 | INFO: Primitives created: 1
22:17:17 | INFO: Finished glTF 2.0 export in 0.011103630065917969 s

Info: Saved as "Ground_-5_-4.blend"
UPDATED TERRAIN MODULE Ground_-5_-4 2048
22:17:17 | INFO: Starting glTF 2.0 export
22:17:17 | INFO: Extracting primitive: Ground_-4_-4Geometry
22:17:17 | INFO: Primitives created: 1
22:17:17 | INFO: Finished glTF 2.0 export in 0.011331558227539062 s

Info: Saved as "Ground_-4_-4.blend"
UPDATED TERRAIN MODULE Ground_-4_-4 3198
22:17:17 | INFO: Starting glTF 2.0 export
22:17:17 | INFO: Extracting primitive: Ground_-3_-4Geometry
22:17:17 | INFO: Primitives created: 1
22:17:17 | INFO: Finished glTF 2.0 export in 0.010971307754516602 s

Info: Saved as "Ground_-3_-4.blend"
UPDATED TERRAIN MODULE Ground_-3_-4 2048
22:17:17 | INFO: Starting glTF 2.0 export
22:17:17 | INFO: Extracting primitive: Ground_-2_-4Geometry
22:17:17 | INFO: Primitives created: 1
22:17:17 | INFO: Finished glTF 2.0 export in 0.021274089813232422 s

Info: Saved as "Ground_-2_-4.blend"
UPDATED TERRAIN MODULE Ground_-2_-4 2048
22:17:18 | INFO: Starting glTF 2.0 export
22:17:18 | INFO: Extracting primitive: Ground_-1_-4Geometry
22:17:18 | INFO: Primitives created: 1
22:17:18 | INFO: Finished glTF 2.0 export in 0.013954401016235352 s

Info: Saved as "Ground_-1_-4.blend"
UPDATED TERRAIN MODULE Ground_-1_-4 2048
22:17:18 | INFO: Starting glTF 2.0 export
22:17:18 | INFO: Extracting primitive: Ground_0_-4Geometry
22:17:18 | INFO: Primitives created: 1
22:17:18 | INFO: Finished glTF 2.0 export in 0.014470338821411133 s

Info: Saved as "Ground_0_-4.blend"
UPDATED TERRAIN MODULE Ground_0_-4 2065
22:17:19 | INFO: Starting glTF 2.0 export
22:17:19 | INFO: Extracting primitive: Ground_1_-4Geometry
22:17:19 | INFO: Primitives created: 1
22:17:19 | INFO: Finished glTF 2.0 export in 0.012111663818359375 s

Info: Saved as "Ground_1_-4.blend"
UPDATED TERRAIN MODULE Ground_1_-4 2644
22:17:19 | INFO: Starting glTF 2.0 export
22:17:19 | INFO: Extracting primitive: Ground_2_-4Geometry
22:17:19 | INFO: Primitives created: 1
22:17:19 | INFO: Finished glTF 2.0 export in 0.011967658996582031 s

Info: Saved as "Ground_2_-4.blend"
UPDATED TERRAIN MODULE Ground_2_-4 2226
22:17:19 | INFO: Starting glTF 2.0 export
22:17:19 | INFO: Extracting primitive: Ground_3_-4Geometry
22:17:19 | INFO: Primitives created: 1
22:17:19 | INFO: Finished glTF 2.0 export in 0.01227569580078125 s

Info: Saved as "Ground_3_-4.blend"
UPDATED TERRAIN MODULE Ground_3_-4 2048
22:17:20 | INFO: Starting glTF 2.0 export
22:17:20 | INFO: Extracting primitive: Ground_4_-4Geometry
22:17:20 | INFO: Primitives created: 1
22:17:20 | INFO: Finished glTF 2.0 export in 0.011968851089477539 s

Info: Saved as "Ground_4_-4.blend"
UPDATED TERRAIN MODULE Ground_4_-4 2048
22:17:20 | INFO: Starting glTF 2.0 export
22:17:20 | INFO: Extracting primitive: Ground_5_-4Geometry
22:17:20 | INFO: Primitives created: 1
22:17:20 | INFO: Finished glTF 2.0 export in 0.022008419036865234 s

Info: Saved as "Ground_5_-4.blend"
UPDATED TERRAIN MODULE Ground_5_-4 2050
22:17:20 | INFO: Starting glTF 2.0 export
22:17:20 | INFO: Extracting primitive: Ground_6_-4Geometry
22:17:20 | INFO: Primitives created: 1
22:17:20 | INFO: Finished glTF 2.0 export in 0.01099085807800293 s

Info: Saved as "Ground_6_-4.blend"
UPDATED TERRAIN MODULE Ground_6_-4 2048
22:17:21 | INFO: Starting glTF 2.0 export
22:17:21 | INFO: Extracting primitive: Ground_-6_-3Geometry
22:17:21 | INFO: Primitives created: 1
22:17:21 | INFO: Finished glTF 2.0 export in 0.011968612670898438 s

Info: Saved as "Ground_-6_-3.blend"
UPDATED TERRAIN MODULE Ground_-6_-3 2048
22:17:21 | INFO: Starting glTF 2.0 export
22:17:21 | INFO: Extracting primitive: Ground_-5_-3Geometry
22:17:21 | INFO: Primitives created: 1
22:17:21 | INFO: Finished glTF 2.0 export in 0.01548457145690918 s

Info: Saved as "Ground_-5_-3.blend"
UPDATED TERRAIN MODULE Ground_-5_-3 2048
22:17:22 | INFO: Starting glTF 2.0 export
22:17:22 | INFO: Extracting primitive: Ground_-4_-3Geometry
22:17:22 | INFO: Primitives created: 1
22:17:22 | INFO: Finished glTF 2.0 export in 0.011968851089477539 s

Info: Saved as "Ground_-4_-3.blend"
UPDATED TERRAIN MODULE Ground_-4_-3 2320
22:17:22 | INFO: Starting glTF 2.0 export
22:17:22 | INFO: Extracting primitive: Ground_-3_-3Geometry
22:17:22 | INFO: Primitives created: 1
22:17:22 | INFO: Finished glTF 2.0 export in 0.013962984085083008 s

Info: Saved as "Ground_-3_-3.blend"
UPDATED TERRAIN MODULE Ground_-3_-3 2936
22:17:22 | INFO: Starting glTF 2.0 export
22:17:22 | INFO: Extracting primitive: Ground_-2_-3Geometry
22:17:22 | INFO: Primitives created: 1
22:17:22 | INFO: Finished glTF 2.0 export in 0.011967897415161133 s

Info: Saved as "Ground_-2_-3.blend"
UPDATED TERRAIN MODULE Ground_-2_-3 2048
22:17:23 | INFO: Starting glTF 2.0 export
22:17:23 | INFO: Extracting primitive: Ground_-1_-3Geometry
22:17:23 | INFO: Primitives created: 1
22:17:23 | INFO: Finished glTF 2.0 export in 0.011969804763793945 s

Info: Saved as "Ground_-1_-3.blend"
UPDATED TERRAIN MODULE Ground_-1_-3 2052
22:17:23 | INFO: Starting glTF 2.0 export
22:17:23 | INFO: Extracting primitive: Ground_0_-3Geometry
22:17:23 | INFO: Primitives created: 1
22:17:23 | INFO: Finished glTF 2.0 export in 0.012966632843017578 s

Info: Saved as "Ground_0_-3.blend"
UPDATED TERRAIN MODULE Ground_0_-3 2303
22:17:24 | INFO: Starting glTF 2.0 export
22:17:24 | INFO: Extracting primitive: Ground_1_-3Geometry
22:17:24 | INFO: Primitives created: 1
22:17:24 | INFO: Finished glTF 2.0 export in 0.011353015899658203 s

Info: Saved as "Ground_1_-3.blend"
UPDATED TERRAIN MODULE Ground_1_-3 2142
22:17:24 | INFO: Starting glTF 2.0 export
22:17:24 | INFO: Extracting primitive: Ground_2_-3Geometry
22:17:24 | INFO: Primitives created: 1
22:17:24 | INFO: Finished glTF 2.0 export in 0.00997471809387207 s

Info: Saved as "Ground_2_-3.blend"
UPDATED TERRAIN MODULE Ground_2_-3 2100
22:17:24 | INFO: Starting glTF 2.0 export
22:17:24 | INFO: Extracting primitive: Ground_3_-3Geometry
22:17:24 | INFO: Primitives created: 1
22:17:24 | INFO: Finished glTF 2.0 export in 0.01244211196899414 s

Info: Saved as "Ground_3_-3.blend"
UPDATED TERRAIN MODULE Ground_3_-3 2048
22:17:24 | INFO: Starting glTF 2.0 export
22:17:24 | INFO: Extracting primitive: Ground_4_-3Geometry
22:17:24 | INFO: Primitives created: 1
22:17:25 | INFO: Finished glTF 2.0 export in 0.017991065979003906 s

Info: Saved as "Ground_4_-3.blend"
UPDATED TERRAIN MODULE Ground_4_-3 2048
22:17:25 | INFO: Starting glTF 2.0 export
22:17:25 | INFO: Extracting primitive: Ground_5_-3Geometry
22:17:25 | INFO: Primitives created: 1
22:17:25 | INFO: Finished glTF 2.0 export in 0.01078939437866211 s

Info: Saved as "Ground_5_-3.blend"
UPDATED TERRAIN MODULE Ground_5_-3 2048
22:17:25 | INFO: Starting glTF 2.0 export
22:17:25 | INFO: Extracting primitive: Ground_6_-3Geometry
22:17:25 | INFO: Primitives created: 1
22:17:25 | INFO: Finished glTF 2.0 export in 0.014959573745727539 s

Info: Saved as "Ground_6_-3.blend"
UPDATED TERRAIN MODULE Ground_6_-3 2048
22:17:26 | INFO: Starting glTF 2.0 export
22:17:26 | INFO: Extracting primitive: Ground_-6_-2Geometry
22:17:26 | INFO: Primitives created: 1
22:17:26 | INFO: Finished glTF 2.0 export in 0.009972572326660156 s

Info: Saved as "Ground_-6_-2.blend"
UPDATED TERRAIN MODULE Ground_-6_-2 2048
22:17:26 | INFO: Starting glTF 2.0 export
22:17:26 | INFO: Extracting primitive: Ground_-5_-2Geometry
22:17:26 | INFO: Primitives created: 1
22:17:26 | INFO: Finished glTF 2.0 export in 0.02178668975830078 s

Info: Saved as "Ground_-5_-2.blend"
UPDATED TERRAIN MODULE Ground_-5_-2 2048
22:17:27 | INFO: Starting glTF 2.0 export
22:17:27 | INFO: Extracting primitive: Ground_-4_-2Geometry
22:17:27 | INFO: Primitives created: 1
22:17:27 | INFO: Finished glTF 2.0 export in 0.012562036514282227 s

Info: Saved as "Ground_-4_-2.blend"
UPDATED TERRAIN MODULE Ground_-4_-2 2048
22:17:27 | INFO: Starting glTF 2.0 export
22:17:27 | INFO: Extracting primitive: Ground_-3_-2Geometry
22:17:27 | INFO: Primitives created: 1
22:17:27 | INFO: Finished glTF 2.0 export in 0.02095770835876465 s

Info: Saved as "Ground_-3_-2.blend"
UPDATED TERRAIN MODULE Ground_-3_-2 2744
22:17:28 | INFO: Starting glTF 2.0 export
22:17:28 | INFO: Extracting primitive: Ground_-2_-2Geometry
22:17:28 | INFO: Primitives created: 1
22:17:28 | INFO: Finished glTF 2.0 export in 0.014612913131713867 s

Info: Saved as "Ground_-2_-2.blend"
UPDATED TERRAIN MODULE Ground_-2_-2 2764
22:17:29 | INFO: Starting glTF 2.0 export
22:17:29 | INFO: Extracting primitive: Ground_-1_-2Geometry
22:17:29 | INFO: Primitives created: 1
22:17:29 | INFO: Finished glTF 2.0 export in 0.026246070861816406 s

Info: Saved as "Ground_-1_-2.blend"
UPDATED TERRAIN MODULE Ground_-1_-2 8272
22:17:31 | INFO: Starting glTF 2.0 export
22:17:31 | INFO: Extracting primitive: Ground_0_-2Geometry
22:17:31 | INFO: Primitives created: 1
22:17:31 | INFO: Finished glTF 2.0 export in 0.04196906089782715 s

Info: Saved as "Ground_0_-2.blend"
UPDATED TERRAIN MODULE Ground_0_-2 11766
22:17:32 | INFO: Starting glTF 2.0 export
22:17:32 | INFO: Extracting primitive: Ground_1_-2Geometry
22:17:32 | INFO: Primitives created: 1
22:17:32 | INFO: Finished glTF 2.0 export in 0.047020912170410156 s

Info: Saved as "Ground_1_-2.blend"
UPDATED TERRAIN MODULE Ground_1_-2 11593
22:17:32 | INFO: Starting glTF 2.0 export
22:17:32 | INFO: Extracting primitive: Ground_2_-2Geometry
22:17:32 | INFO: Primitives created: 1
22:17:33 | INFO: Finished glTF 2.0 export in 0.019141197204589844 s

Info: Saved as "Ground_2_-2.blend"
UPDATED TERRAIN MODULE Ground_2_-2 2048
22:17:33 | INFO: Starting glTF 2.0 export
22:17:33 | INFO: Extracting primitive: Ground_3_-2Geometry
22:17:33 | INFO: Primitives created: 1
22:17:33 | INFO: Finished glTF 2.0 export in 0.01968860626220703 s

Info: Saved as "Ground_3_-2.blend"
UPDATED TERRAIN MODULE Ground_3_-2 2048
22:17:33 | INFO: Starting glTF 2.0 export
22:17:33 | INFO: Extracting primitive: Ground_4_-2Geometry
22:17:33 | INFO: Primitives created: 1
22:17:33 | INFO: Finished glTF 2.0 export in 0.01817178726196289 s

Info: Saved as "Ground_4_-2.blend"
UPDATED TERRAIN MODULE Ground_4_-2 2048
22:17:33 | INFO: Starting glTF 2.0 export
22:17:33 | INFO: Extracting primitive: Ground_5_-2Geometry
22:17:33 | INFO: Primitives created: 1
22:17:33 | INFO: Finished glTF 2.0 export in 0.008976459503173828 s

Info: Saved as "Ground_5_-2.blend"
UPDATED TERRAIN MODULE Ground_5_-2 2048
22:17:34 | INFO: Starting glTF 2.0 export
22:17:34 | INFO: Extracting primitive: Ground_6_-2Geometry
22:17:34 | INFO: Primitives created: 1
22:17:34 | INFO: Finished glTF 2.0 export in 0.034085750579833984 s

Info: Saved as "Ground_6_-2.blend"
UPDATED TERRAIN MODULE Ground_6_-2 2048
22:17:35 | INFO: Starting glTF 2.0 export
22:17:35 | INFO: Extracting primitive: Ground_-6_-1Geometry
22:17:35 | INFO: Primitives created: 1
22:17:35 | INFO: Finished glTF 2.0 export in 0.007978677749633789 s

Info: Saved as "Ground_-6_-1.blend"
UPDATED TERRAIN MODULE Ground_-6_-1 2048
22:17:35 | INFO: Starting glTF 2.0 export
22:17:35 | INFO: Extracting primitive: Ground_-5_-1Geometry
22:17:35 | INFO: Primitives created: 1
22:17:35 | INFO: Finished glTF 2.0 export in 0.017962217330932617 s

Info: Saved as "Ground_-5_-1.blend"
UPDATED TERRAIN MODULE Ground_-5_-1 2048
22:17:35 | INFO: Starting glTF 2.0 export
22:17:35 | INFO: Extracting primitive: Ground_-4_-1Geometry
22:17:35 | INFO: Primitives created: 1
22:17:35 | INFO: Finished glTF 2.0 export in 0.014034271240234375 s

Info: Saved as "Ground_-4_-1.blend"
UPDATED TERRAIN MODULE Ground_-4_-1 2048
22:17:36 | INFO: Starting glTF 2.0 export
22:17:36 | INFO: Extracting primitive: Ground_-3_-1Geometry
22:17:36 | INFO: Primitives created: 1
22:17:36 | INFO: Finished glTF 2.0 export in 0.018559694290161133 s

Info: Saved as "Ground_-3_-1.blend"
UPDATED TERRAIN MODULE Ground_-3_-1 2048
22:17:36 | INFO: Starting glTF 2.0 export
22:17:36 | INFO: Extracting primitive: Ground_-2_-1Geometry
22:17:36 | INFO: Primitives created: 1
22:17:36 | INFO: Finished glTF 2.0 export in 0.021448612213134766 s

Info: Saved as "Ground_-2_-1.blend"
UPDATED TERRAIN MODULE Ground_-2_-1 2602
22:17:38 | INFO: Starting glTF 2.0 export
22:17:38 | INFO: Extracting primitive: Ground_-1_-1Geometry
22:17:38 | INFO: Primitives created: 1
22:17:38 | INFO: Finished glTF 2.0 export in 0.05908513069152832 s

Info: Saved as "Ground_-1_-1.blend"
UPDATED TERRAIN MODULE Ground_-1_-1 13305
22:17:40 | INFO: Starting glTF 2.0 export
22:17:40 | INFO: Extracting primitive: Ground_0_-1Geometry
22:17:40 | INFO: Primitives created: 1
22:17:40 | INFO: Finished glTF 2.0 export in 0.04339170455932617 s

Info: Saved as "Ground_0_-1.blend"
UPDATED TERRAIN MODULE Ground_0_-1 14480
22:17:41 | INFO: Starting glTF 2.0 export
22:17:41 | INFO: Extracting primitive: Ground_1_-1Geometry
22:17:41 | INFO: Primitives created: 1
22:17:41 | INFO: Finished glTF 2.0 export in 0.0507047176361084 s

Info: Saved as "Ground_1_-1.blend"
UPDATED TERRAIN MODULE Ground_1_-1 8553
22:17:42 | INFO: Starting glTF 2.0 export
22:17:42 | INFO: Extracting primitive: Ground_2_-1Geometry
22:17:42 | INFO: Primitives created: 1
22:17:42 | INFO: Finished glTF 2.0 export in 0.01398015022277832 s

Info: Saved as "Ground_2_-1.blend"
UPDATED TERRAIN MODULE Ground_2_-1 2048
22:17:42 | INFO: Starting glTF 2.0 export
22:17:42 | INFO: Extracting primitive: Ground_3_-1Geometry
22:17:42 | INFO: Primitives created: 1
22:17:42 | INFO: Finished glTF 2.0 export in 0.020389318466186523 s

Info: Saved as "Ground_3_-1.blend"
UPDATED TERRAIN MODULE Ground_3_-1 2048
22:17:42 | INFO: Starting glTF 2.0 export
22:17:42 | INFO: Extracting primitive: Ground_4_-1Geometry
22:17:42 | INFO: Primitives created: 1
22:17:42 | INFO: Finished glTF 2.0 export in 0.022939443588256836 s

Info: Saved as "Ground_4_-1.blend"
UPDATED TERRAIN MODULE Ground_4_-1 2048
22:17:42 | INFO: Starting glTF 2.0 export
22:17:42 | INFO: Extracting primitive: Ground_5_-1Geometry
22:17:42 | INFO: Primitives created: 1
22:17:42 | INFO: Finished glTF 2.0 export in 0.012087583541870117 s

Info: Saved as "Ground_5_-1.blend"
UPDATED TERRAIN MODULE Ground_5_-1 2048
22:17:43 | INFO: Starting glTF 2.0 export
22:17:43 | INFO: Extracting primitive: Ground_6_-1Geometry
22:17:43 | INFO: Primitives created: 1
22:17:43 | INFO: Finished glTF 2.0 export in 0.009936809539794922 s

Info: Saved as "Ground_6_-1.blend"
UPDATED TERRAIN MODULE Ground_6_-1 2048
22:17:44 | INFO: Starting glTF 2.0 export
22:17:44 | INFO: Extracting primitive: Ground_-6_0Geometry
22:17:44 | INFO: Primitives created: 1
22:17:44 | INFO: Finished glTF 2.0 export in 0.019946813583374023 s

Info: Saved as "Ground_-6_0.blend"
UPDATED TERRAIN MODULE Ground_-6_0 2048
22:17:44 | INFO: Starting glTF 2.0 export
22:17:44 | INFO: Extracting primitive: Ground_-5_0Geometry
22:17:44 | INFO: Primitives created: 1
22:17:44 | INFO: Finished glTF 2.0 export in 0.012971878051757812 s

Info: Saved as "Ground_-5_0.blend"
UPDATED TERRAIN MODULE Ground_-5_0 2048
22:17:44 | INFO: Starting glTF 2.0 export
22:17:44 | INFO: Extracting primitive: Ground_-4_0Geometry
22:17:44 | INFO: Primitives created: 1
22:17:44 | INFO: Finished glTF 2.0 export in 0.017182350158691406 s

Info: Saved as "Ground_-4_0.blend"
UPDATED TERRAIN MODULE Ground_-4_0 2048
22:17:45 | INFO: Starting glTF 2.0 export
22:17:45 | INFO: Extracting primitive: Ground_-3_0Geometry
22:17:45 | INFO: Primitives created: 1
22:17:45 | INFO: Finished glTF 2.0 export in 0.010065793991088867 s

Info: Saved as "Ground_-3_0.blend"
UPDATED TERRAIN MODULE Ground_-3_0 2048
22:17:45 | INFO: Starting glTF 2.0 export
22:17:45 | INFO: Extracting primitive: Ground_-2_0Geometry
22:17:45 | INFO: Primitives created: 1
22:17:45 | INFO: Finished glTF 2.0 export in 0.009970664978027344 s

Info: Saved as "Ground_-2_0.blend"
UPDATED TERRAIN MODULE Ground_-2_0 2048
22:17:47 | INFO: Starting glTF 2.0 export
22:17:47 | INFO: Extracting primitive: Ground_-1_0Geometry
22:17:47 | INFO: Primitives created: 1
22:17:47 | INFO: Finished glTF 2.0 export in 0.04744243621826172 s

Info: Saved as "Ground_-1_0.blend"
UPDATED TERRAIN MODULE Ground_-1_0 9212
22:17:48 | INFO: Starting glTF 2.0 export
22:17:48 | INFO: Extracting primitive: Ground_0_0Geometry
22:17:48 | INFO: Primitives created: 1
22:17:48 | INFO: Finished glTF 2.0 export in 0.04486989974975586 s

Info: Saved as "Ground_0_0.blend"
UPDATED TERRAIN MODULE Ground_0_0 8405
22:17:49 | INFO: Starting glTF 2.0 export
22:17:49 | INFO: Extracting primitive: Ground_1_0Geometry
22:17:49 | INFO: Primitives created: 1
22:17:49 | INFO: Finished glTF 2.0 export in 0.022749900817871094 s

Info: Saved as "Ground_1_0.blend"
UPDATED TERRAIN MODULE Ground_1_0 8064
22:17:49 | INFO: Starting glTF 2.0 export
22:17:49 | INFO: Extracting primitive: Ground_2_0Geometry
22:17:49 | INFO: Primitives created: 1
22:17:49 | INFO: Finished glTF 2.0 export in 0.010972023010253906 s

Info: Saved as "Ground_2_0.blend"
UPDATED TERRAIN MODULE Ground_2_0 2048
22:17:49 | INFO: Starting glTF 2.0 export
22:17:49 | INFO: Extracting primitive: Ground_3_0Geometry
22:17:49 | INFO: Primitives created: 1
22:17:49 | INFO: Finished glTF 2.0 export in 0.006980419158935547 s

Info: Saved as "Ground_3_0.blend"
UPDATED TERRAIN MODULE Ground_3_0 2048
22:17:49 | INFO: Starting glTF 2.0 export
22:17:49 | INFO: Extracting primitive: Ground_4_0Geometry
22:17:50 | INFO: Primitives created: 1
22:17:50 | INFO: Finished glTF 2.0 export in 0.010477066040039062 s

Info: Saved as "Ground_4_0.blend"
UPDATED TERRAIN MODULE Ground_4_0 2048
22:17:50 | INFO: Starting glTF 2.0 export
22:17:50 | INFO: Extracting primitive: Ground_5_0Geometry
22:17:50 | INFO: Primitives created: 1
22:17:50 | INFO: Finished glTF 2.0 export in 0.00940847396850586 s

Info: Saved as "Ground_5_0.blend"
UPDATED TERRAIN MODULE Ground_5_0 2048
22:17:50 | INFO: Starting glTF 2.0 export
22:17:50 | INFO: Extracting primitive: Ground_6_0Geometry
22:17:50 | INFO: Primitives created: 1
22:17:50 | INFO: Finished glTF 2.0 export in 0.007980823516845703 s

Info: Saved as "Ground_6_0.blend"
UPDATED TERRAIN MODULE Ground_6_0 2048
22:17:51 | INFO: Starting glTF 2.0 export
22:17:51 | INFO: Extracting primitive: Ground_-6_1Geometry
22:17:51 | INFO: Primitives created: 1
22:17:51 | INFO: Finished glTF 2.0 export in 0.01111292839050293 s

Info: Saved as "Ground_-6_1.blend"
UPDATED TERRAIN MODULE Ground_-6_1 2048
22:17:51 | INFO: Starting glTF 2.0 export
22:17:51 | INFO: Extracting primitive: Ground_-5_1Geometry
22:17:51 | INFO: Primitives created: 1
22:17:51 | INFO: Finished glTF 2.0 export in 0.011967897415161133 s

Info: Saved as "Ground_-5_1.blend"
UPDATED TERRAIN MODULE Ground_-5_1 2048
22:17:51 | INFO: Starting glTF 2.0 export
22:17:51 | INFO: Extracting primitive: Ground_-4_1Geometry
22:17:51 | INFO: Primitives created: 1
22:17:51 | INFO: Finished glTF 2.0 export in 0.009974241256713867 s

Info: Saved as "Ground_-4_1.blend"
UPDATED TERRAIN MODULE Ground_-4_1 2048
22:17:51 | INFO: Starting glTF 2.0 export
22:17:51 | INFO: Extracting primitive: Ground_-3_1Geometry
22:17:51 | INFO: Primitives created: 1
22:17:51 | INFO: Finished glTF 2.0 export in 0.009973287582397461 s

Info: Saved as "Ground_-3_1.blend"
UPDATED TERRAIN MODULE Ground_-3_1 2048
22:17:52 | INFO: Starting glTF 2.0 export
22:17:52 | INFO: Extracting primitive: Ground_-2_1Geometry
22:17:52 | INFO: Primitives created: 1
22:17:52 | INFO: Finished glTF 2.0 export in 0.010971546173095703 s

Info: Saved as "Ground_-2_1.blend"
UPDATED TERRAIN MODULE Ground_-2_1 2488
22:17:52 | INFO: Starting glTF 2.0 export
22:17:52 | INFO: Extracting primitive: Ground_-1_1Geometry
22:17:52 | INFO: Primitives created: 1
22:17:52 | INFO: Finished glTF 2.0 export in 0.008975982666015625 s

Info: Saved as "Ground_-1_1.blend"
UPDATED TERRAIN MODULE Ground_-1_1 2720
22:17:52 | INFO: Starting glTF 2.0 export
22:17:52 | INFO: Extracting primitive: Ground_0_1Geometry
22:17:52 | INFO: Primitives created: 1
22:17:52 | INFO: Finished glTF 2.0 export in 0.006506919860839844 s

Info: Saved as "Ground_0_1.blend"
UPDATED TERRAIN MODULE Ground_0_1 2048
22:17:52 | INFO: Starting glTF 2.0 export
22:17:52 | INFO: Extracting primitive: Ground_1_1Geometry
22:17:52 | INFO: Primitives created: 1
22:17:52 | INFO: Finished glTF 2.0 export in 0.029925107955932617 s

Info: Saved as "Ground_1_1.blend"
UPDATED TERRAIN MODULE Ground_1_1 2048
22:17:53 | INFO: Starting glTF 2.0 export
22:17:53 | INFO: Extracting primitive: Ground_2_1Geometry
22:17:53 | INFO: Primitives created: 1
22:17:53 | INFO: Finished glTF 2.0 export in 0.009624481201171875 s

Info: Saved as "Ground_2_1.blend"
UPDATED TERRAIN MODULE Ground_2_1 2048
22:17:53 | INFO: Starting glTF 2.0 export
22:17:53 | INFO: Extracting primitive: Ground_3_1Geometry
22:17:53 | INFO: Primitives created: 1
22:17:53 | INFO: Finished glTF 2.0 export in 0.008975982666015625 s

Info: Saved as "Ground_3_1.blend"
UPDATED TERRAIN MODULE Ground_3_1 2050
22:17:53 | INFO: Starting glTF 2.0 export
22:17:53 | INFO: Extracting primitive: Ground_4_1Geometry
22:17:53 | INFO: Primitives created: 1
22:17:53 | INFO: Finished glTF 2.0 export in 0.009907007217407227 s

Info: Saved as "Ground_4_1.blend"
UPDATED TERRAIN MODULE Ground_4_1 2048
22:17:53 | INFO: Starting glTF 2.0 export
22:17:53 | INFO: Extracting primitive: Ground_5_1Geometry
22:17:53 | INFO: Primitives created: 1
22:17:53 | INFO: Finished glTF 2.0 export in 0.008152246475219727 s

Info: Saved as "Ground_5_1.blend"
UPDATED TERRAIN MODULE Ground_5_1 2048
22:17:54 | INFO: Starting glTF 2.0 export
22:17:54 | INFO: Extracting primitive: Ground_6_1Geometry
22:17:54 | INFO: Primitives created: 1
22:17:54 | INFO: Finished glTF 2.0 export in 0.007978200912475586 s

Info: Saved as "Ground_6_1.blend"
UPDATED TERRAIN MODULE Ground_6_1 2048
22:17:54 | INFO: Starting glTF 2.0 export
22:17:54 | INFO: Extracting primitive: Ground_-6_2Geometry
22:17:54 | INFO: Primitives created: 1
22:17:54 | INFO: Finished glTF 2.0 export in 0.007978439331054688 s

Info: Saved as "Ground_-6_2.blend"
UPDATED TERRAIN MODULE Ground_-6_2 2048
22:17:55 | INFO: Starting glTF 2.0 export
22:17:55 | INFO: Extracting primitive: Ground_-5_2Geometry
22:17:55 | INFO: Primitives created: 1
22:17:55 | INFO: Finished glTF 2.0 export in 0.010970830917358398 s

Info: Saved as "Ground_-5_2.blend"
UPDATED TERRAIN MODULE Ground_-5_2 2048
22:17:55 | INFO: Starting glTF 2.0 export
22:17:55 | INFO: Extracting primitive: Ground_-4_2Geometry
22:17:55 | INFO: Primitives created: 1
22:17:55 | INFO: Finished glTF 2.0 export in 0.014116048812866211 s

Info: Saved as "Ground_-4_2.blend"
UPDATED TERRAIN MODULE Ground_-4_2 2048
22:17:55 | INFO: Starting glTF 2.0 export
22:17:55 | INFO: Extracting primitive: Ground_-3_2Geometry
22:17:55 | INFO: Primitives created: 1
22:17:55 | INFO: Finished glTF 2.0 export in 0.009871244430541992 s

Info: Saved as "Ground_-3_2.blend"
UPDATED TERRAIN MODULE Ground_-3_2 2048
22:17:56 | INFO: Starting glTF 2.0 export
22:17:56 | INFO: Extracting primitive: Ground_-2_2Geometry
22:17:56 | INFO: Primitives created: 1
22:17:56 | INFO: Finished glTF 2.0 export in 0.016965866088867188 s

Info: Saved as "Ground_-2_2.blend"
UPDATED TERRAIN MODULE Ground_-2_2 3158
22:17:56 | INFO: Starting glTF 2.0 export
22:17:56 | INFO: Extracting primitive: Ground_-1_2Geometry
22:17:56 | INFO: Primitives created: 1
22:17:56 | INFO: Finished glTF 2.0 export in 0.008471012115478516 s

Info: Saved as "Ground_-1_2.blend"
UPDATED TERRAIN MODULE Ground_-1_2 2048
22:17:56 | INFO: Starting glTF 2.0 export
22:17:56 | INFO: Extracting primitive: Ground_0_2Geometry
22:17:56 | INFO: Primitives created: 1
22:17:56 | INFO: Finished glTF 2.0 export in 0.009973526000976562 s

Info: Saved as "Ground_0_2.blend"
UPDATED TERRAIN MODULE Ground_0_2 2048
22:17:56 | INFO: Starting glTF 2.0 export
22:17:56 | INFO: Extracting primitive: Ground_1_2Geometry
22:17:56 | INFO: Primitives created: 1
22:17:56 | INFO: Finished glTF 2.0 export in 0.009110212326049805 s

Info: Saved as "Ground_1_2.blend"
UPDATED TERRAIN MODULE Ground_1_2 2048
22:17:57 | INFO: Starting glTF 2.0 export
22:17:57 | INFO: Extracting primitive: Ground_2_2Geometry
22:17:57 | INFO: Primitives created: 1
22:17:57 | INFO: Finished glTF 2.0 export in 0.007978200912475586 s

Info: Saved as "Ground_2_2.blend"
UPDATED TERRAIN MODULE Ground_2_2 2048
22:17:57 | INFO: Starting glTF 2.0 export
22:17:57 | INFO: Extracting primitive: Ground_3_2Geometry
22:17:57 | INFO: Primitives created: 1
22:17:57 | INFO: Finished glTF 2.0 export in 0.007978677749633789 s

Info: Saved as "Ground_3_2.blend"
UPDATED TERRAIN MODULE Ground_3_2 2048
22:17:57 | INFO: Starting glTF 2.0 export
22:17:57 | INFO: Extracting primitive: Ground_4_2Geometry
22:17:57 | INFO: Primitives created: 1
22:17:57 | INFO: Finished glTF 2.0 export in 0.011535406112670898 s

Info: Saved as "Ground_4_2.blend"
UPDATED TERRAIN MODULE Ground_4_2 2050
22:17:57 | INFO: Starting glTF 2.0 export
22:17:57 | INFO: Extracting primitive: Ground_5_2Geometry
22:17:57 | INFO: Primitives created: 1
22:17:57 | INFO: Finished glTF 2.0 export in 0.009974002838134766 s

Info: Saved as "Ground_5_2.blend"
UPDATED TERRAIN MODULE Ground_5_2 2048
22:17:58 | INFO: Starting glTF 2.0 export
22:17:58 | INFO: Extracting primitive: Ground_6_2Geometry
22:17:58 | INFO: Primitives created: 1
22:17:58 | INFO: Finished glTF 2.0 export in 0.010973453521728516 s

Info: Saved as "Ground_6_2.blend"
UPDATED TERRAIN MODULE Ground_6_2 2048
22:17:58 | INFO: Starting glTF 2.0 export
22:17:58 | INFO: Extracting primitive: Ground_-6_3Geometry
22:17:58 | INFO: Primitives created: 1
22:17:58 | INFO: Finished glTF 2.0 export in 0.00897669792175293 s

Info: Saved as "Ground_-6_3.blend"
UPDATED TERRAIN MODULE Ground_-6_3 2048
22:17:58 | INFO: Starting glTF 2.0 export
22:17:58 | INFO: Extracting primitive: Ground_-5_3Geometry
22:17:58 | INFO: Primitives created: 1
22:17:58 | INFO: Finished glTF 2.0 export in 0.009061098098754883 s

Info: Saved as "Ground_-5_3.blend"
UPDATED TERRAIN MODULE Ground_-5_3 2048
22:17:59 | INFO: Starting glTF 2.0 export
22:17:59 | INFO: Extracting primitive: Ground_-4_3Geometry
22:17:59 | INFO: Primitives created: 1
22:17:59 | INFO: Finished glTF 2.0 export in 0.012475252151489258 s

Info: Saved as "Ground_-4_3.blend"
UPDATED TERRAIN MODULE Ground_-4_3 2048
22:17:59 | INFO: Starting glTF 2.0 export
22:17:59 | INFO: Extracting primitive: Ground_-3_3Geometry
22:17:59 | INFO: Primitives created: 1
22:17:59 | INFO: Finished glTF 2.0 export in 0.008976221084594727 s

Info: Saved as "Ground_-3_3.blend"
UPDATED TERRAIN MODULE Ground_-3_3 2746
22:17:59 | INFO: Starting glTF 2.0 export
22:17:59 | INFO: Extracting primitive: Ground_-2_3Geometry
22:17:59 | INFO: Primitives created: 1
22:17:59 | INFO: Finished glTF 2.0 export in 0.007979393005371094 s

Info: Saved as "Ground_-2_3.blend"
UPDATED TERRAIN MODULE Ground_-2_3 2468
22:18:00 | INFO: Starting glTF 2.0 export
22:18:00 | INFO: Extracting primitive: Ground_-1_3Geometry
22:18:00 | INFO: Primitives created: 1
22:18:00 | INFO: Finished glTF 2.0 export in 0.02493429183959961 s

Info: Saved as "Ground_-1_3.blend"
UPDATED TERRAIN MODULE Ground_-1_3 2048
22:18:00 | INFO: Starting glTF 2.0 export
22:18:00 | INFO: Extracting primitive: Ground_0_3Geometry
22:18:00 | INFO: Primitives created: 1
22:18:00 | INFO: Finished glTF 2.0 export in 0.010190248489379883 s

Info: Saved as "Ground_0_3.blend"
UPDATED TERRAIN MODULE Ground_0_3 2048
22:18:00 | INFO: Starting glTF 2.0 export
22:18:00 | INFO: Extracting primitive: Ground_1_3Geometry
22:18:00 | INFO: Primitives created: 1
22:18:00 | INFO: Finished glTF 2.0 export in 0.010970830917358398 s

Info: Saved as "Ground_1_3.blend"
UPDATED TERRAIN MODULE Ground_1_3 2048
22:18:00 | INFO: Starting glTF 2.0 export
22:18:00 | INFO: Extracting primitive: Ground_2_3Geometry
22:18:00 | INFO: Primitives created: 1
22:18:00 | INFO: Finished glTF 2.0 export in 0.008975744247436523 s

Info: Saved as "Ground_2_3.blend"
UPDATED TERRAIN MODULE Ground_2_3 2048
22:18:01 | INFO: Starting glTF 2.0 export
22:18:01 | INFO: Extracting primitive: Ground_3_3Geometry
22:18:01 | INFO: Primitives created: 1
22:18:01 | INFO: Finished glTF 2.0 export in 0.009481430053710938 s

Info: Saved as "Ground_3_3.blend"
UPDATED TERRAIN MODULE Ground_3_3 2048
22:18:01 | INFO: Starting glTF 2.0 export
22:18:01 | INFO: Extracting primitive: Ground_4_3Geometry
22:18:01 | INFO: Primitives created: 1
22:18:01 | INFO: Finished glTF 2.0 export in 0.009974479675292969 s

Info: Saved as "Ground_4_3.blend"
UPDATED TERRAIN MODULE Ground_4_3 2048
22:18:01 | INFO: Starting glTF 2.0 export
22:18:01 | INFO: Extracting primitive: Ground_5_3Geometry
22:18:01 | INFO: Primitives created: 1
22:18:01 | INFO: Finished glTF 2.0 export in 0.00897669792175293 s

Info: Saved as "Ground_5_3.blend"
UPDATED TERRAIN MODULE Ground_5_3 2048
22:18:01 | INFO: Starting glTF 2.0 export
22:18:01 | INFO: Extracting primitive: Ground_6_3Geometry
22:18:01 | INFO: Primitives created: 1
22:18:01 | INFO: Finished glTF 2.0 export in 0.010715723037719727 s

Info: Saved as "Ground_6_3.blend"
UPDATED TERRAIN MODULE Ground_6_3 2048
22:18:02 | INFO: Starting glTF 2.0 export
22:18:02 | INFO: Extracting primitive: Ground_-6_4Geometry
22:18:02 | INFO: Primitives created: 1
22:18:02 | INFO: Finished glTF 2.0 export in 0.008923053741455078 s

Info: Saved as "Ground_-6_4.blend"
UPDATED TERRAIN MODULE Ground_-6_4 2048
22:18:02 | INFO: Starting glTF 2.0 export
22:18:02 | INFO: Extracting primitive: Ground_-5_4Geometry
22:18:02 | INFO: Primitives created: 1
22:18:02 | INFO: Finished glTF 2.0 export in 0.011020183563232422 s

Info: Saved as "Ground_-5_4.blend"
UPDATED TERRAIN MODULE Ground_-5_4 2048
22:18:02 | INFO: Starting glTF 2.0 export
22:18:02 | INFO: Extracting primitive: Ground_-4_4Geometry
22:18:02 | INFO: Primitives created: 1
22:18:02 | INFO: Finished glTF 2.0 export in 0.012962818145751953 s

Info: Saved as "Ground_-4_4.blend"
UPDATED TERRAIN MODULE Ground_-4_4 2048
22:18:03 | INFO: Starting glTF 2.0 export
22:18:03 | INFO: Extracting primitive: Ground_-3_4Geometry
22:18:03 | INFO: Primitives created: 1
22:18:03 | INFO: Finished glTF 2.0 export in 0.011014223098754883 s

Info: Saved as "Ground_-3_4.blend"
UPDATED TERRAIN MODULE Ground_-3_4 3096
22:18:03 | INFO: Starting glTF 2.0 export
22:18:03 | INFO: Extracting primitive: Ground_-2_4Geometry
22:18:03 | INFO: Primitives created: 1
22:18:03 | INFO: Finished glTF 2.0 export in 0.021942138671875 s

Info: Saved as "Ground_-2_4.blend"
UPDATED TERRAIN MODULE Ground_-2_4 2048
22:18:03 | INFO: Starting glTF 2.0 export
22:18:03 | INFO: Extracting primitive: Ground_-1_4Geometry
22:18:03 | INFO: Primitives created: 1
22:18:03 | INFO: Finished glTF 2.0 export in 0.008976936340332031 s

Info: Saved as "Ground_-1_4.blend"
UPDATED TERRAIN MODULE Ground_-1_4 2048
22:18:03 | INFO: Starting glTF 2.0 export
22:18:03 | INFO: Extracting primitive: Ground_0_4Geometry
22:18:03 | INFO: Primitives created: 1
22:18:03 | INFO: Finished glTF 2.0 export in 0.010663986206054688 s

Info: Saved as "Ground_0_4.blend"
UPDATED TERRAIN MODULE Ground_0_4 2048
22:18:04 | INFO: Starting glTF 2.0 export
22:18:04 | INFO: Extracting primitive: Ground_1_4Geometry
22:18:04 | INFO: Primitives created: 1
22:18:04 | INFO: Finished glTF 2.0 export in 0.009973526000976562 s

Info: Saved as "Ground_1_4.blend"
UPDATED TERRAIN MODULE Ground_1_4 2048
22:18:04 | INFO: Starting glTF 2.0 export
22:18:04 | INFO: Extracting primitive: Ground_2_4Geometry
22:18:04 | INFO: Primitives created: 1
22:18:04 | INFO: Finished glTF 2.0 export in 0.0109710693359375 s

Info: Saved as "Ground_2_4.blend"
UPDATED TERRAIN MODULE Ground_2_4 2048
22:18:04 | INFO: Starting glTF 2.0 export
22:18:04 | INFO: Extracting primitive: Ground_3_4Geometry
22:18:04 | INFO: Primitives created: 1
22:18:04 | INFO: Finished glTF 2.0 export in 0.015467405319213867 s

Info: Saved as "Ground_3_4.blend"
UPDATED TERRAIN MODULE Ground_3_4 2048
22:18:04 | INFO: Starting glTF 2.0 export
22:18:04 | INFO: Extracting primitive: Ground_4_4Geometry
22:18:04 | INFO: Primitives created: 1
22:18:04 | INFO: Finished glTF 2.0 export in 0.006981611251831055 s

Info: Saved as "Ground_4_4.blend"
UPDATED TERRAIN MODULE Ground_4_4 2048
22:18:05 | INFO: Starting glTF 2.0 export
22:18:05 | INFO: Extracting primitive: Ground_5_4Geometry
22:18:05 | INFO: Primitives created: 1
22:18:05 | INFO: Finished glTF 2.0 export in 0.008975505828857422 s

Info: Saved as "Ground_5_4.blend"
UPDATED TERRAIN MODULE Ground_5_4 2048
22:18:05 | INFO: Starting glTF 2.0 export
22:18:05 | INFO: Extracting primitive: Ground_6_4Geometry
22:18:05 | INFO: Primitives created: 1
22:18:05 | INFO: Finished glTF 2.0 export in 0.006981611251831055 s

Info: Saved as "Ground_6_4.blend"
UPDATED TERRAIN MODULE Ground_6_4 2048
22:18:06 | INFO: Starting glTF 2.0 export
22:18:06 | INFO: Extracting primitive: Ground_-6_5Geometry
22:18:06 | INFO: Primitives created: 1
22:18:06 | INFO: Finished glTF 2.0 export in 0.010970115661621094 s

Info: Saved as "Ground_-6_5.blend"
UPDATED TERRAIN MODULE Ground_-6_5 2048
22:18:06 | INFO: Starting glTF 2.0 export
22:18:06 | INFO: Extracting primitive: Ground_-5_5Geometry
22:18:06 | INFO: Primitives created: 1
22:18:06 | INFO: Finished glTF 2.0 export in 0.008922338485717773 s

Info: Saved as "Ground_-5_5.blend"
UPDATED TERRAIN MODULE Ground_-5_5 2048
22:18:07 | INFO: Starting glTF 2.0 export
22:18:07 | INFO: Extracting primitive: Ground_-4_5Geometry
22:18:07 | INFO: Primitives created: 1
22:18:07 | INFO: Finished glTF 2.0 export in 0.009555339813232422 s

Info: Saved as "Ground_-4_5.blend"
UPDATED TERRAIN MODULE Ground_-4_5 2048
22:18:07 | INFO: Starting glTF 2.0 export
22:18:07 | INFO: Extracting primitive: Ground_-3_5Geometry
22:18:07 | INFO: Primitives created: 1
22:18:07 | INFO: Finished glTF 2.0 export in 0.008975982666015625 s

Info: Saved as "Ground_-3_5.blend"
UPDATED TERRAIN MODULE Ground_-3_5 3038
22:18:08 | INFO: Starting glTF 2.0 export
22:18:08 | INFO: Extracting primitive: Ground_-2_5Geometry
22:18:08 | INFO: Primitives created: 1
22:18:08 | INFO: Finished glTF 2.0 export in 0.009972095489501953 s

Info: Saved as "Ground_-2_5.blend"
UPDATED TERRAIN MODULE Ground_-2_5 2048
22:18:08 | INFO: Starting glTF 2.0 export
22:18:08 | INFO: Extracting primitive: Ground_-1_5Geometry
22:18:08 | INFO: Primitives created: 1
22:18:08 | INFO: Finished glTF 2.0 export in 0.01296544075012207 s

Info: Saved as "Ground_-1_5.blend"
UPDATED TERRAIN MODULE Ground_-1_5 2048
22:18:09 | INFO: Starting glTF 2.0 export
22:18:09 | INFO: Extracting primitive: Ground_0_5Geometry
22:18:09 | INFO: Primitives created: 1
22:18:09 | INFO: Finished glTF 2.0 export in 0.006866455078125 s

Info: Saved as "Ground_0_5.blend"
UPDATED TERRAIN MODULE Ground_0_5 2048
22:18:09 | INFO: Starting glTF 2.0 export
22:18:09 | INFO: Extracting primitive: Ground_1_5Geometry
22:18:09 | INFO: Primitives created: 1
22:18:09 | INFO: Finished glTF 2.0 export in 0.0132904052734375 s

Info: Saved as "Ground_1_5.blend"
UPDATED TERRAIN MODULE Ground_1_5 2048
22:18:10 | INFO: Starting glTF 2.0 export
22:18:10 | INFO: Extracting primitive: Ground_2_5Geometry
22:18:10 | INFO: Primitives created: 1
22:18:10 | INFO: Finished glTF 2.0 export in 0.007411479949951172 s

Info: Saved as "Ground_2_5.blend"
UPDATED TERRAIN MODULE Ground_2_5 2048
22:18:10 | INFO: Starting glTF 2.0 export
22:18:10 | INFO: Extracting primitive: Ground_3_5Geometry
22:18:10 | INFO: Primitives created: 1
22:18:10 | INFO: Finished glTF 2.0 export in 0.013412237167358398 s

Info: Saved as "Ground_3_5.blend"
UPDATED TERRAIN MODULE Ground_3_5 2048
22:18:11 | INFO: Starting glTF 2.0 export
22:18:11 | INFO: Extracting primitive: Ground_4_5Geometry
22:18:11 | INFO: Primitives created: 1
22:18:11 | INFO: Finished glTF 2.0 export in 0.010972738265991211 s

Info: Saved as "Ground_4_5.blend"
UPDATED TERRAIN MODULE Ground_4_5 2048
22:18:12 | INFO: Starting glTF 2.0 export
22:18:12 | INFO: Extracting primitive: Ground_5_5Geometry
22:18:12 | INFO: Primitives created: 1
22:18:12 | INFO: Finished glTF 2.0 export in 0.008975505828857422 s

Info: Saved as "Ground_5_5.blend"
UPDATED TERRAIN MODULE Ground_5_5 2048
22:18:12 | INFO: Starting glTF 2.0 export
22:18:12 | INFO: Extracting primitive: Ground_6_5Geometry
22:18:12 | INFO: Primitives created: 1
22:18:12 | INFO: Finished glTF 2.0 export in 0.013962507247924805 s

Info: Saved as "Ground_6_5.blend"
UPDATED TERRAIN MODULE Ground_6_5 2048
Blender 4.5.0 (hash 8cb6b388974a built 2025-07-15 01:36:24)

Blender quit
