INFO Draco mesh compression is available, use library at D:\test6\.tools\blender\blender-4.5.0-windows-x64\4.5\scripts\addons_core\io_scene_gltf2\extern_draco.dll
20:38:10 | INFO: Starting glTF 2.0 export
20:38:10 | INFO: Extracting primitive: Ground_-6_-10Geometry
20:38:10 | INFO: Primitives created: 1
20:38:10 | INFO: Finished glTF 2.0 export in 0.017589092254638672 s

Info: Saved as "Ground_-6_-10.blend"
UPDATED TERRAIN MODULE Ground_-6_-10 2048
20:38:10 | INFO: Starting glTF 2.0 export
20:38:10 | INFO: Extracting primitive: Ground_-5_-10Geometry
20:38:10 | INFO: Primitives created: 1
20:38:10 | INFO: Finished glTF 2.0 export in 0.013959169387817383 s

Info: Saved as "Ground_-5_-10.blend"
UPDATED TERRAIN MODULE Ground_-5_-10 2048
20:38:10 | INFO: Starting glTF 2.0 export
20:38:10 | INFO: Extracting primitive: Ground_-4_-10Geometry
20:38:10 | INFO: Primitives created: 1
20:38:10 | INFO: Finished glTF 2.0 export in 0.009964466094970703 s

Info: Saved as "Ground_-4_-10.blend"
UPDATED TERRAIN MODULE Ground_-4_-10 2048
20:38:11 | INFO: Starting glTF 2.0 export
20:38:11 | INFO: Extracting primitive: Ground_-3_-10Geometry
20:38:11 | INFO: Primitives created: 1
20:38:11 | INFO: Finished glTF 2.0 export in 0.008976936340332031 s

Info: Saved as "Ground_-3_-10.blend"
UPDATED TERRAIN MODULE Ground_-3_-10 2048
20:38:11 | INFO: Starting glTF 2.0 export
20:38:11 | INFO: Extracting primitive: Ground_-2_-10Geometry
20:38:11 | INFO: Primitives created: 1
20:38:11 | INFO: Finished glTF 2.0 export in 0.011510372161865234 s

Info: Saved as "Ground_-2_-10.blend"
UPDATED TERRAIN MODULE Ground_-2_-10 2048
20:38:11 | INFO: Starting glTF 2.0 export
20:38:11 | INFO: Extracting primitive: Ground_-1_-10Geometry
20:38:11 | INFO: Primitives created: 1
20:38:11 | INFO: Finished glTF 2.0 export in 0.009656429290771484 s

Info: Saved as "Ground_-1_-10.blend"
UPDATED TERRAIN MODULE Ground_-1_-10 2048
20:38:12 | INFO: Starting glTF 2.0 export
20:38:12 | INFO: Extracting primitive: Ground_0_-10Geometry
20:38:12 | INFO: Primitives created: 1
20:38:12 | INFO: Finished glTF 2.0 export in 0.007978677749633789 s

Info: Saved as "Ground_0_-10.blend"
UPDATED TERRAIN MODULE Ground_0_-10 2048
20:38:12 | INFO: Starting glTF 2.0 export
20:38:12 | INFO: Extracting primitive: Ground_1_-10Geometry
20:38:12 | INFO: Primitives created: 1
20:38:12 | INFO: Finished glTF 2.0 export in 0.00798177719116211 s

Info: Saved as "Ground_1_-10.blend"
UPDATED TERRAIN MODULE Ground_1_-10 2048
20:38:13 | INFO: Starting glTF 2.0 export
20:38:13 | INFO: Extracting primitive: Ground_2_-10Geometry
20:38:13 | INFO: Primitives created: 1
20:38:13 | INFO: Finished glTF 2.0 export in 0.01396489143371582 s

Info: Saved as "Ground_2_-10.blend"
UPDATED TERRAIN MODULE Ground_2_-10 2048
20:38:13 | INFO: Starting glTF 2.0 export
20:38:13 | INFO: Extracting primitive: Ground_3_-10Geometry
20:38:13 | INFO: Primitives created: 1
20:38:13 | INFO: Finished glTF 2.0 export in 0.011779546737670898 s

Info: Saved as "Ground_3_-10.blend"
UPDATED TERRAIN MODULE Ground_3_-10 2048
20:38:13 | INFO: Starting glTF 2.0 export
20:38:13 | INFO: Extracting primitive: Ground_4_-10Geometry
20:38:13 | INFO: Primitives created: 1
20:38:13 | INFO: Finished glTF 2.0 export in 0.011502265930175781 s

Info: Saved as "Ground_4_-10.blend"
UPDATED TERRAIN MODULE Ground_4_-10 2048
20:38:14 | INFO: Starting glTF 2.0 export
20:38:14 | INFO: Extracting primitive: Ground_5_-10Geometry
20:38:14 | INFO: Primitives created: 1
20:38:14 | INFO: Finished glTF 2.0 export in 0.014650106430053711 s

Info: Saved as "Ground_5_-10.blend"
UPDATED TERRAIN MODULE Ground_5_-10 2048
20:38:15 | INFO: Starting glTF 2.0 export
20:38:15 | INFO: Extracting primitive: Ground_6_-10Geometry
20:38:15 | INFO: Primitives created: 1
20:38:15 | INFO: Finished glTF 2.0 export in 0.011181831359863281 s

Info: Saved as "Ground_6_-10.blend"
UPDATED TERRAIN MODULE Ground_6_-10 2048
20:38:15 | INFO: Starting glTF 2.0 export
20:38:15 | INFO: Extracting primitive: Ground_-6_-9Geometry
20:38:15 | INFO: Primitives created: 1
20:38:15 | INFO: Finished glTF 2.0 export in 0.008975505828857422 s

Info: Saved as "Ground_-6_-9.blend"
UPDATED TERRAIN MODULE Ground_-6_-9 2048
20:38:15 | INFO: Starting glTF 2.0 export
20:38:15 | INFO: Extracting primitive: Ground_-5_-9Geometry
20:38:15 | INFO: Primitives created: 1
20:38:15 | INFO: Finished glTF 2.0 export in 0.013474464416503906 s

Info: Saved as "Ground_-5_-9.blend"
UPDATED TERRAIN MODULE Ground_-5_-9 2048
20:38:15 | INFO: Starting glTF 2.0 export
20:38:15 | INFO: Extracting primitive: Ground_-4_-9Geometry
20:38:15 | INFO: Primitives created: 1
20:38:15 | INFO: Finished glTF 2.0 export in 0.00797891616821289 s

Info: Saved as "Ground_-4_-9.blend"
UPDATED TERRAIN MODULE Ground_-4_-9 2048
20:38:16 | INFO: Starting glTF 2.0 export
20:38:16 | INFO: Extracting primitive: Ground_-3_-9Geometry
20:38:16 | INFO: Primitives created: 1
20:38:16 | INFO: Finished glTF 2.0 export in 0.012158393859863281 s

Info: Saved as "Ground_-3_-9.blend"
UPDATED TERRAIN MODULE Ground_-3_-9 2048
20:38:16 | INFO: Starting glTF 2.0 export
20:38:16 | INFO: Extracting primitive: Ground_-2_-9Geometry
20:38:16 | INFO: Primitives created: 1
20:38:16 | INFO: Finished glTF 2.0 export in 0.00964665412902832 s

Info: Saved as "Ground_-2_-9.blend"
UPDATED TERRAIN MODULE Ground_-2_-9 2048
20:38:16 | INFO: Starting glTF 2.0 export
20:38:16 | INFO: Extracting primitive: Ground_-1_-9Geometry
20:38:16 | INFO: Primitives created: 1
20:38:16 | INFO: Finished glTF 2.0 export in 0.0076503753662109375 s

Info: Saved as "Ground_-1_-9.blend"
UPDATED TERRAIN MODULE Ground_-1_-9 2048
20:38:16 | INFO: Starting glTF 2.0 export
20:38:16 | INFO: Extracting primitive: Ground_0_-9Geometry
20:38:16 | INFO: Primitives created: 1
20:38:16 | INFO: Finished glTF 2.0 export in 0.009105443954467773 s

Info: Saved as "Ground_0_-9.blend"
UPDATED TERRAIN MODULE Ground_0_-9 2048
20:38:16 | INFO: Starting glTF 2.0 export
20:38:16 | INFO: Extracting primitive: Ground_1_-9Geometry
20:38:16 | INFO: Primitives created: 1
20:38:16 | INFO: Finished glTF 2.0 export in 0.013376951217651367 s

Info: Saved as "Ground_1_-9.blend"
UPDATED TERRAIN MODULE Ground_1_-9 2048
20:38:17 | INFO: Starting glTF 2.0 export
20:38:17 | INFO: Extracting primitive: Ground_2_-9Geometry
20:38:17 | INFO: Primitives created: 1
20:38:17 | INFO: Finished glTF 2.0 export in 0.007151365280151367 s

Info: Saved as "Ground_2_-9.blend"
UPDATED TERRAIN MODULE Ground_2_-9 2048
20:38:17 | INFO: Starting glTF 2.0 export
20:38:17 | INFO: Extracting primitive: Ground_3_-9Geometry
20:38:17 | INFO: Primitives created: 1
20:38:17 | INFO: Finished glTF 2.0 export in 0.011778593063354492 s

Info: Saved as "Ground_3_-9.blend"
UPDATED TERRAIN MODULE Ground_3_-9 2048
20:38:17 | INFO: Starting glTF 2.0 export
20:38:17 | INFO: Extracting primitive: Ground_4_-9Geometry
20:38:17 | INFO: Primitives created: 1
20:38:17 | INFO: Finished glTF 2.0 export in 0.011730194091796875 s

Info: Saved as "Ground_4_-9.blend"
UPDATED TERRAIN MODULE Ground_4_-9 2048
20:38:17 | INFO: Starting glTF 2.0 export
20:38:17 | INFO: Extracting primitive: Ground_5_-9Geometry
20:38:17 | INFO: Primitives created: 1
20:38:17 | INFO: Finished glTF 2.0 export in 0.008977890014648438 s

Info: Saved as "Ground_5_-9.blend"
UPDATED TERRAIN MODULE Ground_5_-9 2048
20:38:18 | INFO: Starting glTF 2.0 export
20:38:18 | INFO: Extracting primitive: Ground_6_-9Geometry
20:38:18 | INFO: Primitives created: 1
20:38:18 | INFO: Finished glTF 2.0 export in 0.009000301361083984 s

Info: Saved as "Ground_6_-9.blend"
UPDATED TERRAIN MODULE Ground_6_-9 2048
20:38:18 | INFO: Starting glTF 2.0 export
20:38:18 | INFO: Extracting primitive: Ground_-6_-8Geometry
20:38:18 | INFO: Primitives created: 1
20:38:18 | INFO: Finished glTF 2.0 export in 0.00901031494140625 s

Info: Saved as "Ground_-6_-8.blend"
UPDATED TERRAIN MODULE Ground_-6_-8 2736
20:38:18 | INFO: Starting glTF 2.0 export
20:38:18 | INFO: Extracting primitive: Ground_-5_-8Geometry
20:38:18 | INFO: Primitives created: 1
20:38:18 | INFO: Finished glTF 2.0 export in 0.007978439331054688 s

Info: Saved as "Ground_-5_-8.blend"
UPDATED TERRAIN MODULE Ground_-5_-8 2048
20:38:18 | INFO: Starting glTF 2.0 export
20:38:18 | INFO: Extracting primitive: Ground_-4_-8Geometry
20:38:18 | INFO: Primitives created: 1
20:38:18 | INFO: Finished glTF 2.0 export in 0.01016855239868164 s

Info: Saved as "Ground_-4_-8.blend"
UPDATED TERRAIN MODULE Ground_-4_-8 2048
20:38:19 | INFO: Starting glTF 2.0 export
20:38:19 | INFO: Extracting primitive: Ground_-3_-8Geometry
20:38:19 | INFO: Primitives created: 1
20:38:19 | INFO: Finished glTF 2.0 export in 0.009500265121459961 s

Info: Saved as "Ground_-3_-8.blend"
UPDATED TERRAIN MODULE Ground_-3_-8 2048
20:38:19 | INFO: Starting glTF 2.0 export
20:38:19 | INFO: Extracting primitive: Ground_-2_-8Geometry
20:38:19 | INFO: Primitives created: 1
20:38:19 | INFO: Finished glTF 2.0 export in 0.009970426559448242 s

Info: Saved as "Ground_-2_-8.blend"
UPDATED TERRAIN MODULE Ground_-2_-8 2048
20:38:19 | INFO: Starting glTF 2.0 export
20:38:19 | INFO: Extracting primitive: Ground_-1_-8Geometry
20:38:19 | INFO: Primitives created: 1
20:38:19 | INFO: Finished glTF 2.0 export in 0.009975910186767578 s

Info: Saved as "Ground_-1_-8.blend"
UPDATED TERRAIN MODULE Ground_-1_-8 2048
20:38:19 | INFO: Starting glTF 2.0 export
20:38:19 | INFO: Extracting primitive: Ground_0_-8Geometry
20:38:19 | INFO: Primitives created: 1
20:38:19 | INFO: Finished glTF 2.0 export in 0.00958871841430664 s

Info: Saved as "Ground_0_-8.blend"
UPDATED TERRAIN MODULE Ground_0_-8 2048
20:38:19 | INFO: Starting glTF 2.0 export
20:38:19 | INFO: Extracting primitive: Ground_1_-8Geometry
20:38:19 | INFO: Primitives created: 1
20:38:19 | INFO: Finished glTF 2.0 export in 0.010970592498779297 s

Info: Saved as "Ground_1_-8.blend"
UPDATED TERRAIN MODULE Ground_1_-8 2048
20:38:20 | INFO: Starting glTF 2.0 export
20:38:20 | INFO: Extracting primitive: Ground_2_-8Geometry
20:38:20 | INFO: Primitives created: 1
20:38:20 | INFO: Finished glTF 2.0 export in 0.009973526000976562 s

Info: Saved as "Ground_2_-8.blend"
UPDATED TERRAIN MODULE Ground_2_-8 2048
20:38:20 | INFO: Starting glTF 2.0 export
20:38:20 | INFO: Extracting primitive: Ground_3_-8Geometry
20:38:20 | INFO: Primitives created: 1
20:38:20 | INFO: Finished glTF 2.0 export in 0.009974002838134766 s

Info: Saved as "Ground_3_-8.blend"
UPDATED TERRAIN MODULE Ground_3_-8 2048
20:38:20 | INFO: Starting glTF 2.0 export
20:38:20 | INFO: Extracting primitive: Ground_4_-8Geometry
20:38:20 | INFO: Primitives created: 1
20:38:20 | INFO: Finished glTF 2.0 export in 0.015873432159423828 s

Info: Saved as "Ground_4_-8.blend"
UPDATED TERRAIN MODULE Ground_4_-8 2048
20:38:20 | INFO: Starting glTF 2.0 export
20:38:20 | INFO: Extracting primitive: Ground_5_-8Geometry
20:38:20 | INFO: Primitives created: 1
20:38:20 | INFO: Finished glTF 2.0 export in 0.010529041290283203 s

Info: Saved as "Ground_5_-8.blend"
UPDATED TERRAIN MODULE Ground_5_-8 2048
20:38:21 | INFO: Starting glTF 2.0 export
20:38:21 | INFO: Extracting primitive: Ground_6_-8Geometry
20:38:21 | INFO: Primitives created: 1
20:38:21 | INFO: Finished glTF 2.0 export in 0.009604930877685547 s

Info: Saved as "Ground_6_-8.blend"
UPDATED TERRAIN MODULE Ground_6_-8 2048
20:38:21 | INFO: Starting glTF 2.0 export
20:38:21 | INFO: Extracting primitive: Ground_-6_-7Geometry
20:38:21 | INFO: Primitives created: 1
20:38:21 | INFO: Finished glTF 2.0 export in 0.007978439331054688 s

Info: Saved as "Ground_-6_-7.blend"
UPDATED TERRAIN MODULE Ground_-6_-7 3166
20:38:21 | INFO: Starting glTF 2.0 export
20:38:21 | INFO: Extracting primitive: Ground_-5_-7Geometry
20:38:21 | INFO: Primitives created: 1
20:38:21 | INFO: Finished glTF 2.0 export in 0.007978200912475586 s

Info: Saved as "Ground_-5_-7.blend"
UPDATED TERRAIN MODULE Ground_-5_-7 2048
20:38:21 | INFO: Starting glTF 2.0 export
20:38:21 | INFO: Extracting primitive: Ground_-4_-7Geometry
20:38:21 | INFO: Primitives created: 1
20:38:21 | INFO: Finished glTF 2.0 export in 0.015037775039672852 s

Info: Saved as "Ground_-4_-7.blend"
UPDATED TERRAIN MODULE Ground_-4_-7 2048
20:38:22 | INFO: Starting glTF 2.0 export
20:38:22 | INFO: Extracting primitive: Ground_-3_-7Geometry
20:38:22 | INFO: Primitives created: 1
20:38:22 | INFO: Finished glTF 2.0 export in 0.00897669792175293 s

Info: Saved as "Ground_-3_-7.blend"
UPDATED TERRAIN MODULE Ground_-3_-7 2048
20:38:22 | INFO: Starting glTF 2.0 export
20:38:22 | INFO: Extracting primitive: Ground_-2_-7Geometry
20:38:22 | INFO: Primitives created: 1
20:38:22 | INFO: Finished glTF 2.0 export in 0.012180328369140625 s

Info: Saved as "Ground_-2_-7.blend"
UPDATED TERRAIN MODULE Ground_-2_-7 2048
20:38:22 | INFO: Starting glTF 2.0 export
20:38:22 | INFO: Extracting primitive: Ground_-1_-7Geometry
20:38:22 | INFO: Primitives created: 1
20:38:22 | INFO: Finished glTF 2.0 export in 0.014730453491210938 s

Info: Saved as "Ground_-1_-7.blend"
UPDATED TERRAIN MODULE Ground_-1_-7 2048
20:38:22 | INFO: Starting glTF 2.0 export
20:38:22 | INFO: Extracting primitive: Ground_0_-7Geometry
20:38:22 | INFO: Primitives created: 1
20:38:22 | INFO: Finished glTF 2.0 export in 0.006978273391723633 s

Info: Saved as "Ground_0_-7.blend"
UPDATED TERRAIN MODULE Ground_0_-7 2048
20:38:22 | INFO: Starting glTF 2.0 export
20:38:22 | INFO: Extracting primitive: Ground_1_-7Geometry
20:38:22 | INFO: Primitives created: 1
20:38:22 | INFO: Finished glTF 2.0 export in 0.0092010498046875 s

Info: Saved as "Ground_1_-7.blend"
UPDATED TERRAIN MODULE Ground_1_-7 2048
20:38:23 | INFO: Starting glTF 2.0 export
20:38:23 | INFO: Extracting primitive: Ground_2_-7Geometry
20:38:23 | INFO: Primitives created: 1
20:38:23 | INFO: Finished glTF 2.0 export in 0.007964611053466797 s

Info: Saved as "Ground_2_-7.blend"
UPDATED TERRAIN MODULE Ground_2_-7 2048
20:38:23 | INFO: Starting glTF 2.0 export
20:38:23 | INFO: Extracting primitive: Ground_3_-7Geometry
20:38:23 | INFO: Primitives created: 1
20:38:23 | INFO: Finished glTF 2.0 export in 0.007631540298461914 s

Info: Saved as "Ground_3_-7.blend"
UPDATED TERRAIN MODULE Ground_3_-7 2048
20:38:23 | INFO: Starting glTF 2.0 export
20:38:23 | INFO: Extracting primitive: Ground_4_-7Geometry
20:38:23 | INFO: Primitives created: 1
20:38:23 | INFO: Finished glTF 2.0 export in 0.010067462921142578 s

Info: Saved as "Ground_4_-7.blend"
UPDATED TERRAIN MODULE Ground_4_-7 2048
20:38:23 | INFO: Starting glTF 2.0 export
20:38:23 | INFO: Extracting primitive: Ground_5_-7Geometry
20:38:23 | INFO: Primitives created: 1
20:38:23 | INFO: Finished glTF 2.0 export in 0.008515119552612305 s

Info: Saved as "Ground_5_-7.blend"
UPDATED TERRAIN MODULE Ground_5_-7 2048
20:38:23 | INFO: Starting glTF 2.0 export
20:38:23 | INFO: Extracting primitive: Ground_6_-7Geometry
20:38:23 | INFO: Primitives created: 1
20:38:23 | INFO: Finished glTF 2.0 export in 0.009382963180541992 s

Info: Saved as "Ground_6_-7.blend"
UPDATED TERRAIN MODULE Ground_6_-7 2048
20:38:24 | INFO: Starting glTF 2.0 export
20:38:24 | INFO: Extracting primitive: Ground_-6_-6Geometry
20:38:24 | INFO: Primitives created: 1
20:38:24 | INFO: Finished glTF 2.0 export in 0.006984233856201172 s

Info: Saved as "Ground_-6_-6.blend"
UPDATED TERRAIN MODULE Ground_-6_-6 2270
20:38:24 | INFO: Starting glTF 2.0 export
20:38:24 | INFO: Extracting primitive: Ground_-5_-6Geometry
20:38:24 | INFO: Primitives created: 1
20:38:24 | INFO: Finished glTF 2.0 export in 0.010195016860961914 s

Info: Saved as "Ground_-5_-6.blend"
UPDATED TERRAIN MODULE Ground_-5_-6 2986
20:38:24 | INFO: Starting glTF 2.0 export
20:38:24 | INFO: Extracting primitive: Ground_-4_-6Geometry
20:38:24 | INFO: Primitives created: 1
20:38:24 | INFO: Finished glTF 2.0 export in 0.008082151412963867 s

Info: Saved as "Ground_-4_-6.blend"
UPDATED TERRAIN MODULE Ground_-4_-6 2048
20:38:24 | INFO: Starting glTF 2.0 export
20:38:24 | INFO: Extracting primitive: Ground_-3_-6Geometry
20:38:24 | INFO: Primitives created: 1
20:38:24 | INFO: Finished glTF 2.0 export in 0.012044906616210938 s

Info: Saved as "Ground_-3_-6.blend"
UPDATED TERRAIN MODULE Ground_-3_-6 2048
20:38:24 | INFO: Starting glTF 2.0 export
20:38:25 | INFO: Extracting primitive: Ground_-2_-6Geometry
20:38:25 | INFO: Primitives created: 1
20:38:25 | INFO: Finished glTF 2.0 export in 0.01037907600402832 s

Info: Saved as "Ground_-2_-6.blend"
UPDATED TERRAIN MODULE Ground_-2_-6 2048
20:38:25 | INFO: Starting glTF 2.0 export
20:38:25 | INFO: Extracting primitive: Ground_-1_-6Geometry
20:38:25 | INFO: Primitives created: 1
20:38:25 | INFO: Finished glTF 2.0 export in 0.009196996688842773 s

Info: Saved as "Ground_-1_-6.blend"
UPDATED TERRAIN MODULE Ground_-1_-6 2048
20:38:25 | INFO: Starting glTF 2.0 export
20:38:25 | INFO: Extracting primitive: Ground_0_-6Geometry
20:38:25 | INFO: Primitives created: 1
20:38:25 | INFO: Finished glTF 2.0 export in 0.009070396423339844 s

Info: Saved as "Ground_0_-6.blend"
UPDATED TERRAIN MODULE Ground_0_-6 2048
20:38:25 | INFO: Starting glTF 2.0 export
20:38:25 | INFO: Extracting primitive: Ground_1_-6Geometry
20:38:25 | INFO: Primitives created: 1
20:38:25 | INFO: Finished glTF 2.0 export in 0.008236169815063477 s

Info: Saved as "Ground_1_-6.blend"
UPDATED TERRAIN MODULE Ground_1_-6 2048
20:38:25 | INFO: Starting glTF 2.0 export
20:38:25 | INFO: Extracting primitive: Ground_2_-6Geometry
20:38:25 | INFO: Primitives created: 1
20:38:25 | INFO: Finished glTF 2.0 export in 0.00864100456237793 s

Info: Saved as "Ground_2_-6.blend"
UPDATED TERRAIN MODULE Ground_2_-6 2048
20:38:25 | INFO: Starting glTF 2.0 export
20:38:25 | INFO: Extracting primitive: Ground_3_-6Geometry
20:38:25 | INFO: Primitives created: 1
20:38:25 | INFO: Finished glTF 2.0 export in 0.010405778884887695 s

Info: Saved as "Ground_3_-6.blend"
UPDATED TERRAIN MODULE Ground_3_-6 2048
20:38:26 | INFO: Starting glTF 2.0 export
20:38:26 | INFO: Extracting primitive: Ground_4_-6Geometry
20:38:26 | INFO: Primitives created: 1
20:38:26 | INFO: Finished glTF 2.0 export in 0.008480548858642578 s

Info: Saved as "Ground_4_-6.blend"
UPDATED TERRAIN MODULE Ground_4_-6 2048
20:38:26 | INFO: Starting glTF 2.0 export
20:38:26 | INFO: Extracting primitive: Ground_5_-6Geometry
20:38:26 | INFO: Primitives created: 1
20:38:26 | INFO: Finished glTF 2.0 export in 0.007766008377075195 s

Info: Saved as "Ground_5_-6.blend"
UPDATED TERRAIN MODULE Ground_5_-6 2048
20:38:26 | INFO: Starting glTF 2.0 export
20:38:26 | INFO: Extracting primitive: Ground_6_-6Geometry
20:38:26 | INFO: Primitives created: 1
20:38:26 | INFO: Finished glTF 2.0 export in 0.010819435119628906 s

Info: Saved as "Ground_6_-6.blend"
UPDATED TERRAIN MODULE Ground_6_-6 2048
20:38:26 | INFO: Starting glTF 2.0 export
20:38:26 | INFO: Extracting primitive: Ground_-6_-5Geometry
20:38:26 | INFO: Primitives created: 1
20:38:26 | INFO: Finished glTF 2.0 export in 0.010837316513061523 s

Info: Saved as "Ground_-6_-5.blend"
UPDATED TERRAIN MODULE Ground_-6_-5 2048
20:38:27 | INFO: Starting glTF 2.0 export
20:38:27 | INFO: Extracting primitive: Ground_-5_-5Geometry
20:38:27 | INFO: Primitives created: 1
20:38:27 | INFO: Finished glTF 2.0 export in 0.01196742057800293 s

Info: Saved as "Ground_-5_-5.blend"
UPDATED TERRAIN MODULE Ground_-5_-5 2870
20:38:27 | INFO: Starting glTF 2.0 export
20:38:27 | INFO: Extracting primitive: Ground_-4_-5Geometry
20:38:27 | INFO: Primitives created: 1
20:38:27 | INFO: Finished glTF 2.0 export in 0.010973215103149414 s

Info: Saved as "Ground_-4_-5.blend"
UPDATED TERRAIN MODULE Ground_-4_-5 2386
20:38:27 | INFO: Starting glTF 2.0 export
20:38:27 | INFO: Extracting primitive: Ground_-3_-5Geometry
20:38:27 | INFO: Primitives created: 1
20:38:27 | INFO: Finished glTF 2.0 export in 0.00666046142578125 s

Info: Saved as "Ground_-3_-5.blend"
UPDATED TERRAIN MODULE Ground_-3_-5 2080
20:38:27 | INFO: Starting glTF 2.0 export
20:38:27 | INFO: Extracting primitive: Ground_-2_-5Geometry
20:38:27 | INFO: Primitives created: 1
20:38:27 | INFO: Finished glTF 2.0 export in 0.008976459503173828 s

Info: Saved as "Ground_-2_-5.blend"
UPDATED TERRAIN MODULE Ground_-2_-5 2048
20:38:28 | INFO: Starting glTF 2.0 export
20:38:28 | INFO: Extracting primitive: Ground_-1_-5Geometry
20:38:28 | INFO: Primitives created: 1
20:38:28 | INFO: Finished glTF 2.0 export in 0.012371540069580078 s

Info: Saved as "Ground_-1_-5.blend"
UPDATED TERRAIN MODULE Ground_-1_-5 2048
20:38:28 | INFO: Starting glTF 2.0 export
20:38:28 | INFO: Extracting primitive: Ground_0_-5Geometry
20:38:28 | INFO: Primitives created: 1
20:38:28 | INFO: Finished glTF 2.0 export in 0.007973432540893555 s

Info: Saved as "Ground_0_-5.blend"
UPDATED TERRAIN MODULE Ground_0_-5 2048
20:38:28 | INFO: Starting glTF 2.0 export
20:38:28 | INFO: Extracting primitive: Ground_1_-5Geometry
20:38:28 | INFO: Primitives created: 1
20:38:28 | INFO: Finished glTF 2.0 export in 0.026760339736938477 s

Info: Saved as "Ground_1_-5.blend"
UPDATED TERRAIN MODULE Ground_1_-5 2112
20:38:28 | INFO: Starting glTF 2.0 export
20:38:28 | INFO: Extracting primitive: Ground_2_-5Geometry
20:38:28 | INFO: Primitives created: 1
20:38:28 | INFO: Finished glTF 2.0 export in 0.006949901580810547 s

Info: Saved as "Ground_2_-5.blend"
UPDATED TERRAIN MODULE Ground_2_-5 2048
20:38:28 | INFO: Starting glTF 2.0 export
20:38:28 | INFO: Extracting primitive: Ground_3_-5Geometry
20:38:28 | INFO: Primitives created: 1
20:38:28 | INFO: Finished glTF 2.0 export in 0.005984067916870117 s

Info: Saved as "Ground_3_-5.blend"
UPDATED TERRAIN MODULE Ground_3_-5 2048
20:38:28 | INFO: Starting glTF 2.0 export
20:38:28 | INFO: Extracting primitive: Ground_4_-5Geometry
20:38:28 | INFO: Primitives created: 1
20:38:28 | INFO: Finished glTF 2.0 export in 0.0069806575775146484 s

Info: Saved as "Ground_4_-5.blend"
UPDATED TERRAIN MODULE Ground_4_-5 2048
20:38:29 | INFO: Starting glTF 2.0 export
20:38:29 | INFO: Extracting primitive: Ground_5_-5Geometry
20:38:29 | INFO: Primitives created: 1
20:38:29 | INFO: Finished glTF 2.0 export in 0.00850224494934082 s

Info: Saved as "Ground_5_-5.blend"
UPDATED TERRAIN MODULE Ground_5_-5 2048
20:38:29 | INFO: Starting glTF 2.0 export
20:38:29 | INFO: Extracting primitive: Ground_6_-5Geometry
20:38:29 | INFO: Primitives created: 1
20:38:29 | INFO: Finished glTF 2.0 export in 0.009974002838134766 s

Info: Saved as "Ground_6_-5.blend"
UPDATED TERRAIN MODULE Ground_6_-5 2048
20:38:29 | INFO: Starting glTF 2.0 export
20:38:29 | INFO: Extracting primitive: Ground_-6_-4Geometry
20:38:29 | INFO: Primitives created: 1
20:38:29 | INFO: Finished glTF 2.0 export in 0.010069847106933594 s

Info: Saved as "Ground_-6_-4.blend"
UPDATED TERRAIN MODULE Ground_-6_-4 2048
20:38:29 | INFO: Starting glTF 2.0 export
20:38:29 | INFO: Extracting primitive: Ground_-5_-4Geometry
20:38:29 | INFO: Primitives created: 1
20:38:29 | INFO: Finished glTF 2.0 export in 0.0059854984283447266 s

Info: Saved as "Ground_-5_-4.blend"
UPDATED TERRAIN MODULE Ground_-5_-4 2048
20:38:30 | INFO: Starting glTF 2.0 export
20:38:30 | INFO: Extracting primitive: Ground_-4_-4Geometry
20:38:30 | INFO: Primitives created: 1
20:38:30 | INFO: Finished glTF 2.0 export in 0.007977724075317383 s

Info: Saved as "Ground_-4_-4.blend"
UPDATED TERRAIN MODULE Ground_-4_-4 3198
20:38:30 | INFO: Starting glTF 2.0 export
20:38:30 | INFO: Extracting primitive: Ground_-3_-4Geometry
20:38:30 | INFO: Primitives created: 1
20:38:30 | INFO: Finished glTF 2.0 export in 0.00962972640991211 s

Info: Saved as "Ground_-3_-4.blend"
UPDATED TERRAIN MODULE Ground_-3_-4 2048
20:38:30 | INFO: Starting glTF 2.0 export
20:38:30 | INFO: Extracting primitive: Ground_-2_-4Geometry
20:38:30 | INFO: Primitives created: 1
20:38:30 | INFO: Finished glTF 2.0 export in 0.0064961910247802734 s

Info: Saved as "Ground_-2_-4.blend"
UPDATED TERRAIN MODULE Ground_-2_-4 2048
20:38:30 | INFO: Starting glTF 2.0 export
20:38:30 | INFO: Extracting primitive: Ground_-1_-4Geometry
20:38:30 | INFO: Primitives created: 1
20:38:30 | INFO: Finished glTF 2.0 export in 0.0069522857666015625 s

Info: Saved as "Ground_-1_-4.blend"
UPDATED TERRAIN MODULE Ground_-1_-4 2048
20:38:30 | INFO: Starting glTF 2.0 export
20:38:30 | INFO: Extracting primitive: Ground_0_-4Geometry
20:38:30 | INFO: Primitives created: 1
20:38:30 | INFO: Finished glTF 2.0 export in 0.0069887638092041016 s

Info: Saved as "Ground_0_-4.blend"
UPDATED TERRAIN MODULE Ground_0_-4 2065
20:38:31 | INFO: Starting glTF 2.0 export
20:38:31 | INFO: Extracting primitive: Ground_1_-4Geometry
20:38:31 | INFO: Primitives created: 1
20:38:31 | INFO: Finished glTF 2.0 export in 0.018461942672729492 s

Info: Saved as "Ground_1_-4.blend"
UPDATED TERRAIN MODULE Ground_1_-4 2644
20:38:31 | INFO: Starting glTF 2.0 export
20:38:31 | INFO: Extracting primitive: Ground_2_-4Geometry
20:38:31 | INFO: Primitives created: 1
20:38:31 | INFO: Finished glTF 2.0 export in 0.018505573272705078 s

Info: Saved as "Ground_2_-4.blend"
UPDATED TERRAIN MODULE Ground_2_-4 2226
20:38:31 | INFO: Starting glTF 2.0 export
20:38:31 | INFO: Extracting primitive: Ground_3_-4Geometry
20:38:31 | INFO: Primitives created: 1
20:38:31 | INFO: Finished glTF 2.0 export in 0.012365579605102539 s

Info: Saved as "Ground_3_-4.blend"
UPDATED TERRAIN MODULE Ground_3_-4 2048
20:38:31 | INFO: Starting glTF 2.0 export
20:38:31 | INFO: Extracting primitive: Ground_4_-4Geometry
20:38:31 | INFO: Primitives created: 1
20:38:31 | INFO: Finished glTF 2.0 export in 0.008977413177490234 s

Info: Saved as "Ground_4_-4.blend"
UPDATED TERRAIN MODULE Ground_4_-4 2048
20:38:31 | INFO: Starting glTF 2.0 export
20:38:31 | INFO: Extracting primitive: Ground_5_-4Geometry
20:38:31 | INFO: Primitives created: 1
20:38:31 | INFO: Finished glTF 2.0 export in 0.006682157516479492 s

Info: Saved as "Ground_5_-4.blend"
UPDATED TERRAIN MODULE Ground_5_-4 2050
20:38:32 | INFO: Starting glTF 2.0 export
20:38:32 | INFO: Extracting primitive: Ground_6_-4Geometry
20:38:32 | INFO: Primitives created: 1
20:38:32 | INFO: Finished glTF 2.0 export in 0.008585214614868164 s

Info: Saved as "Ground_6_-4.blend"
UPDATED TERRAIN MODULE Ground_6_-4 2048
20:38:32 | INFO: Starting glTF 2.0 export
20:38:32 | INFO: Extracting primitive: Ground_-6_-3Geometry
20:38:32 | INFO: Primitives created: 1
20:38:32 | INFO: Finished glTF 2.0 export in 0.010972261428833008 s

Info: Saved as "Ground_-6_-3.blend"
UPDATED TERRAIN MODULE Ground_-6_-3 2048
20:38:32 | INFO: Starting glTF 2.0 export
20:38:32 | INFO: Extracting primitive: Ground_-5_-3Geometry
20:38:32 | INFO: Primitives created: 1
20:38:32 | INFO: Finished glTF 2.0 export in 0.007983922958374023 s

Info: Saved as "Ground_-5_-3.blend"
UPDATED TERRAIN MODULE Ground_-5_-3 2048
20:38:32 | INFO: Starting glTF 2.0 export
20:38:32 | INFO: Extracting primitive: Ground_-4_-3Geometry
20:38:32 | INFO: Primitives created: 1
20:38:32 | INFO: Finished glTF 2.0 export in 0.008969306945800781 s

Info: Saved as "Ground_-4_-3.blend"
UPDATED TERRAIN MODULE Ground_-4_-3 2320
20:38:33 | INFO: Starting glTF 2.0 export
20:38:33 | INFO: Extracting primitive: Ground_-3_-3Geometry
20:38:33 | INFO: Primitives created: 1
20:38:33 | INFO: Finished glTF 2.0 export in 0.008994102478027344 s

Info: Saved as "Ground_-3_-3.blend"
UPDATED TERRAIN MODULE Ground_-3_-3 2936
20:38:33 | INFO: Starting glTF 2.0 export
20:38:33 | INFO: Extracting primitive: Ground_-2_-3Geometry
20:38:33 | INFO: Primitives created: 1
20:38:33 | INFO: Finished glTF 2.0 export in 0.0069806575775146484 s

Info: Saved as "Ground_-2_-3.blend"
UPDATED TERRAIN MODULE Ground_-2_-3 2048
20:38:33 | INFO: Starting glTF 2.0 export
20:38:33 | INFO: Extracting primitive: Ground_-1_-3Geometry
20:38:33 | INFO: Primitives created: 1
20:38:33 | INFO: Finished glTF 2.0 export in 0.006792545318603516 s

Info: Saved as "Ground_-1_-3.blend"
UPDATED TERRAIN MODULE Ground_-1_-3 2052
20:38:33 | INFO: Starting glTF 2.0 export
20:38:33 | INFO: Extracting primitive: Ground_0_-3Geometry
20:38:33 | INFO: Primitives created: 1
20:38:33 | INFO: Finished glTF 2.0 export in 0.01030421257019043 s

Info: Saved as "Ground_0_-3.blend"
UPDATED TERRAIN MODULE Ground_0_-3 2303
20:38:33 | INFO: Starting glTF 2.0 export
20:38:33 | INFO: Extracting primitive: Ground_1_-3Geometry
20:38:33 | INFO: Primitives created: 1
20:38:33 | INFO: Finished glTF 2.0 export in 0.007977724075317383 s

Info: Saved as "Ground_1_-3.blend"
UPDATED TERRAIN MODULE Ground_1_-3 2142
20:38:33 | INFO: Starting glTF 2.0 export
20:38:33 | INFO: Extracting primitive: Ground_2_-3Geometry
20:38:33 | INFO: Primitives created: 1
20:38:33 | INFO: Finished glTF 2.0 export in 0.008336782455444336 s

Info: Saved as "Ground_2_-3.blend"
UPDATED TERRAIN MODULE Ground_2_-3 2100
20:38:34 | INFO: Starting glTF 2.0 export
20:38:34 | INFO: Extracting primitive: Ground_3_-3Geometry
20:38:34 | INFO: Primitives created: 1
20:38:34 | INFO: Finished glTF 2.0 export in 0.00839996337890625 s

Info: Saved as "Ground_3_-3.blend"
UPDATED TERRAIN MODULE Ground_3_-3 2048
20:38:34 | INFO: Starting glTF 2.0 export
20:38:34 | INFO: Extracting primitive: Ground_4_-3Geometry
20:38:34 | INFO: Primitives created: 1
20:38:34 | INFO: Finished glTF 2.0 export in 0.008453369140625 s

Info: Saved as "Ground_4_-3.blend"
UPDATED TERRAIN MODULE Ground_4_-3 2048
20:38:34 | INFO: Starting glTF 2.0 export
20:38:34 | INFO: Extracting primitive: Ground_5_-3Geometry
20:38:34 | INFO: Primitives created: 1
20:38:34 | INFO: Finished glTF 2.0 export in 0.008986949920654297 s

Info: Saved as "Ground_5_-3.blend"
UPDATED TERRAIN MODULE Ground_5_-3 2048
20:38:34 | INFO: Starting glTF 2.0 export
20:38:34 | INFO: Extracting primitive: Ground_6_-3Geometry
20:38:34 | INFO: Primitives created: 1
20:38:34 | INFO: Finished glTF 2.0 export in 0.007487297058105469 s

Info: Saved as "Ground_6_-3.blend"
UPDATED TERRAIN MODULE Ground_6_-3 2048
20:38:34 | INFO: Starting glTF 2.0 export
20:38:34 | INFO: Extracting primitive: Ground_-6_-2Geometry
20:38:34 | INFO: Primitives created: 1
20:38:34 | INFO: Finished glTF 2.0 export in 0.0062274932861328125 s

Info: Saved as "Ground_-6_-2.blend"
UPDATED TERRAIN MODULE Ground_-6_-2 2048
20:38:35 | INFO: Starting glTF 2.0 export
20:38:35 | INFO: Extracting primitive: Ground_-5_-2Geometry
20:38:35 | INFO: Primitives created: 1
20:38:35 | INFO: Finished glTF 2.0 export in 0.006981611251831055 s

Info: Saved as "Ground_-5_-2.blend"
UPDATED TERRAIN MODULE Ground_-5_-2 2048
20:38:35 | INFO: Starting glTF 2.0 export
20:38:35 | INFO: Extracting primitive: Ground_-4_-2Geometry
20:38:35 | INFO: Primitives created: 1
20:38:35 | INFO: Finished glTF 2.0 export in 0.007979631423950195 s

Info: Saved as "Ground_-4_-2.blend"
UPDATED TERRAIN MODULE Ground_-4_-2 2048
20:38:35 | INFO: Starting glTF 2.0 export
20:38:35 | INFO: Extracting primitive: Ground_-3_-2Geometry
20:38:35 | INFO: Primitives created: 1
20:38:35 | INFO: Finished glTF 2.0 export in 0.008328676223754883 s

Info: Saved as "Ground_-3_-2.blend"
UPDATED TERRAIN MODULE Ground_-3_-2 2744
20:38:35 | INFO: Starting glTF 2.0 export
20:38:35 | INFO: Extracting primitive: Ground_-2_-2Geometry
20:38:35 | INFO: Primitives created: 1
20:38:35 | INFO: Finished glTF 2.0 export in 0.007550954818725586 s

Info: Saved as "Ground_-2_-2.blend"
UPDATED TERRAIN MODULE Ground_-2_-2 2764
20:38:36 | INFO: Starting glTF 2.0 export
20:38:36 | INFO: Extracting primitive: Ground_-1_-2Geometry
20:38:36 | INFO: Primitives created: 1
20:38:36 | INFO: Finished glTF 2.0 export in 0.021023988723754883 s

Info: Saved as "Ground_-1_-2.blend"
UPDATED TERRAIN MODULE Ground_-1_-2 8272
20:38:37 | INFO: Starting glTF 2.0 export
20:38:37 | INFO: Extracting primitive: Ground_0_-2Geometry
20:38:37 | INFO: Primitives created: 1
20:38:37 | INFO: Finished glTF 2.0 export in 0.024089336395263672 s

Info: Saved as "Ground_0_-2.blend"
UPDATED TERRAIN MODULE Ground_0_-2 11766
20:38:38 | INFO: Starting glTF 2.0 export
20:38:38 | INFO: Extracting primitive: Ground_1_-2Geometry
20:38:38 | INFO: Primitives created: 1
20:38:38 | INFO: Finished glTF 2.0 export in 0.036901235580444336 s

Info: Saved as "Ground_1_-2.blend"
UPDATED TERRAIN MODULE Ground_1_-2 11593
20:38:39 | INFO: Starting glTF 2.0 export
20:38:39 | INFO: Extracting primitive: Ground_2_-2Geometry
20:38:39 | INFO: Primitives created: 1
20:38:39 | INFO: Finished glTF 2.0 export in 0.00997304916381836 s

Info: Saved as "Ground_2_-2.blend"
UPDATED TERRAIN MODULE Ground_2_-2 2048
20:38:39 | INFO: Starting glTF 2.0 export
20:38:39 | INFO: Extracting primitive: Ground_3_-2Geometry
20:38:39 | INFO: Primitives created: 1
20:38:39 | INFO: Finished glTF 2.0 export in 0.009973764419555664 s

Info: Saved as "Ground_3_-2.blend"
UPDATED TERRAIN MODULE Ground_3_-2 2048
20:38:39 | INFO: Starting glTF 2.0 export
20:38:39 | INFO: Extracting primitive: Ground_4_-2Geometry
20:38:39 | INFO: Primitives created: 1
20:38:39 | INFO: Finished glTF 2.0 export in 0.010859966278076172 s

Info: Saved as "Ground_4_-2.blend"
UPDATED TERRAIN MODULE Ground_4_-2 2048
20:38:40 | INFO: Starting glTF 2.0 export
20:38:40 | INFO: Extracting primitive: Ground_5_-2Geometry
20:38:40 | INFO: Primitives created: 1
20:38:40 | INFO: Finished glTF 2.0 export in 0.00950932502746582 s

Info: Saved as "Ground_5_-2.blend"
UPDATED TERRAIN MODULE Ground_5_-2 2048
20:38:40 | INFO: Starting glTF 2.0 export
20:38:40 | INFO: Extracting primitive: Ground_6_-2Geometry
20:38:40 | INFO: Primitives created: 1
20:38:40 | INFO: Finished glTF 2.0 export in 0.009973526000976562 s

Info: Saved as "Ground_6_-2.blend"
UPDATED TERRAIN MODULE Ground_6_-2 2048
20:38:40 | INFO: Starting glTF 2.0 export
20:38:40 | INFO: Extracting primitive: Ground_-6_-1Geometry
20:38:40 | INFO: Primitives created: 1
20:38:40 | INFO: Finished glTF 2.0 export in 0.010510444641113281 s

Info: Saved as "Ground_-6_-1.blend"
UPDATED TERRAIN MODULE Ground_-6_-1 2048
20:38:41 | INFO: Starting glTF 2.0 export
20:38:41 | INFO: Extracting primitive: Ground_-5_-1Geometry
20:38:41 | INFO: Primitives created: 1
20:38:41 | INFO: Finished glTF 2.0 export in 0.010432004928588867 s

Info: Saved as "Ground_-5_-1.blend"
UPDATED TERRAIN MODULE Ground_-5_-1 2048
20:38:41 | INFO: Starting glTF 2.0 export
20:38:41 | INFO: Extracting primitive: Ground_-4_-1Geometry
20:38:41 | INFO: Primitives created: 1
20:38:41 | INFO: Finished glTF 2.0 export in 0.009973526000976562 s

Info: Saved as "Ground_-4_-1.blend"
UPDATED TERRAIN MODULE Ground_-4_-1 2048
20:38:41 | INFO: Starting glTF 2.0 export
20:38:41 | INFO: Extracting primitive: Ground_-3_-1Geometry
20:38:41 | INFO: Primitives created: 1
20:38:41 | INFO: Finished glTF 2.0 export in 0.013909578323364258 s

Info: Saved as "Ground_-3_-1.blend"
UPDATED TERRAIN MODULE Ground_-3_-1 2048
20:38:42 | INFO: Starting glTF 2.0 export
20:38:42 | INFO: Extracting primitive: Ground_-2_-1Geometry
20:38:42 | INFO: Primitives created: 1
20:38:42 | INFO: Finished glTF 2.0 export in 0.05610775947570801 s

Info: Saved as "Ground_-2_-1.blend"
UPDATED TERRAIN MODULE Ground_-2_-1 2602
20:38:46 | INFO: Starting glTF 2.0 export
20:38:46 | INFO: Extracting primitive: Ground_-1_-1Geometry
20:38:46 | INFO: Primitives created: 1
20:38:46 | INFO: Finished glTF 2.0 export in 0.06490421295166016 s

Info: Saved as "Ground_-1_-1.blend"
UPDATED TERRAIN MODULE Ground_-1_-1 13249
20:38:51 | INFO: Starting glTF 2.0 export
20:38:51 | INFO: Extracting primitive: Ground_0_-1Geometry
20:38:51 | INFO: Primitives created: 1
20:38:51 | INFO: Finished glTF 2.0 export in 0.08481335639953613 s

Info: Saved as "Ground_0_-1.blend"
UPDATED TERRAIN MODULE Ground_0_-1 14480
20:38:53 | INFO: Starting glTF 2.0 export
20:38:53 | INFO: Extracting primitive: Ground_1_-1Geometry
20:38:53 | INFO: Primitives created: 1
20:38:53 | INFO: Finished glTF 2.0 export in 0.023712873458862305 s

Info: Saved as "Ground_1_-1.blend"
UPDATED TERRAIN MODULE Ground_1_-1 8553
20:38:53 | INFO: Starting glTF 2.0 export
20:38:53 | INFO: Extracting primitive: Ground_2_-1Geometry
20:38:53 | INFO: Primitives created: 1
20:38:53 | INFO: Finished glTF 2.0 export in 0.008976459503173828 s

Info: Saved as "Ground_2_-1.blend"
UPDATED TERRAIN MODULE Ground_2_-1 2048
20:38:54 | INFO: Starting glTF 2.0 export
20:38:54 | INFO: Extracting primitive: Ground_3_-1Geometry
20:38:54 | INFO: Primitives created: 1
20:38:54 | INFO: Finished glTF 2.0 export in 0.01296544075012207 s

Info: Saved as "Ground_3_-1.blend"
UPDATED TERRAIN MODULE Ground_3_-1 2048
20:38:55 | INFO: Starting glTF 2.0 export
20:38:55 | INFO: Extracting primitive: Ground_4_-1Geometry
20:38:55 | INFO: Primitives created: 1
20:38:55 | INFO: Finished glTF 2.0 export in 0.010970830917358398 s

Info: Saved as "Ground_4_-1.blend"
UPDATED TERRAIN MODULE Ground_4_-1 2048
20:38:55 | INFO: Starting glTF 2.0 export
20:38:55 | INFO: Extracting primitive: Ground_5_-1Geometry
20:38:55 | INFO: Primitives created: 1
20:38:55 | INFO: Finished glTF 2.0 export in 0.03755807876586914 s

Info: Saved as "Ground_5_-1.blend"
UPDATED TERRAIN MODULE Ground_5_-1 2048
20:38:56 | INFO: Starting glTF 2.0 export
20:38:56 | INFO: Extracting primitive: Ground_6_-1Geometry
20:38:56 | INFO: Primitives created: 1
20:38:56 | INFO: Finished glTF 2.0 export in 0.07496523857116699 s

Info: Saved as "Ground_6_-1.blend"
UPDATED TERRAIN MODULE Ground_6_-1 2048
20:38:57 | INFO: Starting glTF 2.0 export
20:38:57 | INFO: Extracting primitive: Ground_-6_0Geometry
20:38:57 | INFO: Primitives created: 1
20:38:57 | INFO: Finished glTF 2.0 export in 0.014959573745727539 s

Info: Saved as "Ground_-6_0.blend"
UPDATED TERRAIN MODULE Ground_-6_0 2048
20:38:58 | INFO: Starting glTF 2.0 export
20:38:58 | INFO: Extracting primitive: Ground_-5_0Geometry
20:38:58 | INFO: Primitives created: 1
20:38:58 | INFO: Finished glTF 2.0 export in 0.04612135887145996 s

Info: Saved as "Ground_-5_0.blend"
UPDATED TERRAIN MODULE Ground_-5_0 2048
20:38:58 | INFO: Starting glTF 2.0 export
20:38:58 | INFO: Extracting primitive: Ground_-4_0Geometry
20:38:58 | INFO: Primitives created: 1
20:38:58 | INFO: Finished glTF 2.0 export in 0.043001651763916016 s

Info: Saved as "Ground_-4_0.blend"
UPDATED TERRAIN MODULE Ground_-4_0 2048
20:38:59 | INFO: Starting glTF 2.0 export
20:38:59 | INFO: Extracting primitive: Ground_-3_0Geometry
20:38:59 | INFO: Primitives created: 1
20:38:59 | INFO: Finished glTF 2.0 export in 0.05585169792175293 s

Info: Saved as "Ground_-3_0.blend"
UPDATED TERRAIN MODULE Ground_-3_0 2048
20:39:00 | INFO: Starting glTF 2.0 export
20:39:00 | INFO: Extracting primitive: Ground_-2_0Geometry
20:39:00 | INFO: Primitives created: 1
20:39:00 | INFO: Finished glTF 2.0 export in 0.02693009376525879 s

Info: Saved as "Ground_-2_0.blend"
UPDATED TERRAIN MODULE Ground_-2_0 2048
20:39:01 | INFO: Starting glTF 2.0 export
20:39:01 | INFO: Extracting primitive: Ground_-1_0Geometry
20:39:01 | INFO: Primitives created: 1
20:39:01 | INFO: Finished glTF 2.0 export in 0.14690065383911133 s

Info: Saved as "Ground_-1_0.blend"
UPDATED TERRAIN MODULE Ground_-1_0 9200
20:39:03 | INFO: Starting glTF 2.0 export
20:39:03 | INFO: Extracting primitive: Ground_0_0Geometry
20:39:03 | INFO: Primitives created: 1
20:39:03 | INFO: Finished glTF 2.0 export in 0.02493572235107422 s

Info: Saved as "Ground_0_0.blend"
UPDATED TERRAIN MODULE Ground_0_0 8405
20:39:04 | INFO: Starting glTF 2.0 export
20:39:04 | INFO: Extracting primitive: Ground_1_0Geometry
20:39:04 | INFO: Primitives created: 1
20:39:04 | INFO: Finished glTF 2.0 export in 0.021942138671875 s

Info: Saved as "Ground_1_0.blend"
UPDATED TERRAIN MODULE Ground_1_0 8064
20:39:05 | INFO: Starting glTF 2.0 export
20:39:05 | INFO: Extracting primitive: Ground_2_0Geometry
20:39:05 | INFO: Primitives created: 1
20:39:05 | INFO: Finished glTF 2.0 export in 0.009483098983764648 s

Info: Saved as "Ground_2_0.blend"
UPDATED TERRAIN MODULE Ground_2_0 2048
20:39:05 | INFO: Starting glTF 2.0 export
20:39:05 | INFO: Extracting primitive: Ground_3_0Geometry
20:39:05 | INFO: Primitives created: 1
20:39:05 | INFO: Finished glTF 2.0 export in 0.00997304916381836 s

Info: Saved as "Ground_3_0.blend"
UPDATED TERRAIN MODULE Ground_3_0 2048
20:39:06 | INFO: Starting glTF 2.0 export
20:39:06 | INFO: Extracting primitive: Ground_4_0Geometry
20:39:06 | INFO: Primitives created: 1
20:39:06 | INFO: Finished glTF 2.0 export in 0.0455782413482666 s

Info: Saved as "Ground_4_0.blend"
UPDATED TERRAIN MODULE Ground_4_0 2048
20:39:07 | INFO: Starting glTF 2.0 export
20:39:07 | INFO: Extracting primitive: Ground_5_0Geometry
20:39:07 | INFO: Primitives created: 1
20:39:07 | INFO: Finished glTF 2.0 export in 0.030007123947143555 s

Info: Saved as "Ground_5_0.blend"
UPDATED TERRAIN MODULE Ground_5_0 2048
20:39:07 | INFO: Starting glTF 2.0 export
20:39:07 | INFO: Extracting primitive: Ground_6_0Geometry
20:39:07 | INFO: Primitives created: 1
20:39:07 | INFO: Finished glTF 2.0 export in 0.009084701538085938 s

Info: Saved as "Ground_6_0.blend"
UPDATED TERRAIN MODULE Ground_6_0 2048
20:39:08 | INFO: Starting glTF 2.0 export
20:39:08 | INFO: Extracting primitive: Ground_-6_1Geometry
20:39:08 | INFO: Primitives created: 1
20:39:08 | INFO: Finished glTF 2.0 export in 0.007998466491699219 s

Info: Saved as "Ground_-6_1.blend"
UPDATED TERRAIN MODULE Ground_-6_1 2048
20:39:09 | INFO: Starting glTF 2.0 export
20:39:09 | INFO: Extracting primitive: Ground_-5_1Geometry
20:39:09 | INFO: Primitives created: 1
20:39:09 | INFO: Finished glTF 2.0 export in 0.017934322357177734 s

Info: Saved as "Ground_-5_1.blend"
UPDATED TERRAIN MODULE Ground_-5_1 2048
20:39:09 | INFO: Starting glTF 2.0 export
20:39:09 | INFO: Extracting primitive: Ground_-4_1Geometry
20:39:09 | INFO: Primitives created: 1
20:39:09 | INFO: Finished glTF 2.0 export in 0.03431057929992676 s

Info: Saved as "Ground_-4_1.blend"
UPDATED TERRAIN MODULE Ground_-4_1 2048
20:39:10 | INFO: Starting glTF 2.0 export
20:39:10 | INFO: Extracting primitive: Ground_-3_1Geometry
20:39:10 | INFO: Primitives created: 1
20:39:10 | INFO: Finished glTF 2.0 export in 0.049393415451049805 s

Info: Saved as "Ground_-3_1.blend"
UPDATED TERRAIN MODULE Ground_-3_1 2048
20:39:11 | INFO: Starting glTF 2.0 export
20:39:11 | INFO: Extracting primitive: Ground_-2_1Geometry
20:39:11 | INFO: Primitives created: 1
20:39:11 | INFO: Finished glTF 2.0 export in 0.010970592498779297 s

Info: Saved as "Ground_-2_1.blend"
UPDATED TERRAIN MODULE Ground_-2_1 2488
20:39:11 | INFO: Starting glTF 2.0 export
20:39:11 | INFO: Extracting primitive: Ground_-1_1Geometry
20:39:11 | INFO: Primitives created: 1
20:39:11 | INFO: Finished glTF 2.0 export in 0.009973287582397461 s

Info: Saved as "Ground_-1_1.blend"
UPDATED TERRAIN MODULE Ground_-1_1 2720
20:39:12 | INFO: Starting glTF 2.0 export
20:39:12 | INFO: Extracting primitive: Ground_0_1Geometry
20:39:12 | INFO: Primitives created: 1
20:39:12 | INFO: Finished glTF 2.0 export in 0.010519027709960938 s

Info: Saved as "Ground_0_1.blend"
UPDATED TERRAIN MODULE Ground_0_1 2048
20:39:12 | INFO: Starting glTF 2.0 export
20:39:12 | INFO: Extracting primitive: Ground_1_1Geometry
20:39:12 | INFO: Primitives created: 1
20:39:12 | INFO: Finished glTF 2.0 export in 0.02194070816040039 s

Info: Saved as "Ground_1_1.blend"
UPDATED TERRAIN MODULE Ground_1_1 2048
20:39:13 | INFO: Starting glTF 2.0 export
20:39:13 | INFO: Extracting primitive: Ground_2_1Geometry
20:39:13 | INFO: Primitives created: 1
20:39:13 | INFO: Finished glTF 2.0 export in 0.024933338165283203 s

Info: Saved as "Ground_2_1.blend"
UPDATED TERRAIN MODULE Ground_2_1 2048
20:39:13 | INFO: Starting glTF 2.0 export
20:39:13 | INFO: Extracting primitive: Ground_3_1Geometry
20:39:13 | INFO: Primitives created: 1
20:39:13 | INFO: Finished glTF 2.0 export in 0.010593891143798828 s

Info: Saved as "Ground_3_1.blend"
UPDATED TERRAIN MODULE Ground_3_1 2050
20:39:14 | INFO: Starting glTF 2.0 export
20:39:14 | INFO: Extracting primitive: Ground_4_1Geometry
20:39:14 | INFO: Primitives created: 1
20:39:14 | INFO: Finished glTF 2.0 export in 0.014960050582885742 s

Info: Saved as "Ground_4_1.blend"
UPDATED TERRAIN MODULE Ground_4_1 2048
20:39:14 | INFO: Starting glTF 2.0 export
20:39:14 | INFO: Extracting primitive: Ground_5_1Geometry
20:39:14 | INFO: Primitives created: 1
20:39:14 | INFO: Finished glTF 2.0 export in 0.009973764419555664 s

Info: Saved as "Ground_5_1.blend"
UPDATED TERRAIN MODULE Ground_5_1 2048
20:39:15 | INFO: Starting glTF 2.0 export
20:39:15 | INFO: Extracting primitive: Ground_6_1Geometry
20:39:15 | INFO: Primitives created: 1
20:39:15 | INFO: Finished glTF 2.0 export in 0.00971364974975586 s

Info: Saved as "Ground_6_1.blend"
UPDATED TERRAIN MODULE Ground_6_1 2048
20:39:16 | INFO: Starting glTF 2.0 export
20:39:16 | INFO: Extracting primitive: Ground_-6_2Geometry
20:39:16 | INFO: Primitives created: 1
20:39:16 | INFO: Finished glTF 2.0 export in 0.012494325637817383 s

Info: Saved as "Ground_-6_2.blend"
UPDATED TERRAIN MODULE Ground_-6_2 2048
20:39:16 | INFO: Starting glTF 2.0 export
20:39:16 | INFO: Extracting primitive: Ground_-5_2Geometry
20:39:16 | INFO: Primitives created: 1
20:39:16 | INFO: Finished glTF 2.0 export in 0.0109710693359375 s

Info: Saved as "Ground_-5_2.blend"
UPDATED TERRAIN MODULE Ground_-5_2 2048
20:39:16 | INFO: Starting glTF 2.0 export
20:39:16 | INFO: Extracting primitive: Ground_-4_2Geometry
20:39:16 | INFO: Primitives created: 1
20:39:16 | INFO: Finished glTF 2.0 export in 0.027925729751586914 s

Info: Saved as "Ground_-4_2.blend"
UPDATED TERRAIN MODULE Ground_-4_2 2048
20:39:17 | INFO: Starting glTF 2.0 export
20:39:17 | INFO: Extracting primitive: Ground_-3_2Geometry
20:39:17 | INFO: Primitives created: 1
20:39:17 | INFO: Finished glTF 2.0 export in 0.024897098541259766 s

Info: Saved as "Ground_-3_2.blend"
UPDATED TERRAIN MODULE Ground_-3_2 2048
20:39:17 | INFO: Starting glTF 2.0 export
20:39:17 | INFO: Extracting primitive: Ground_-2_2Geometry
20:39:17 | INFO: Primitives created: 1
20:39:17 | INFO: Finished glTF 2.0 export in 0.011623382568359375 s

Info: Saved as "Ground_-2_2.blend"
UPDATED TERRAIN MODULE Ground_-2_2 3158
20:39:18 | INFO: Starting glTF 2.0 export
20:39:18 | INFO: Extracting primitive: Ground_-1_2Geometry
20:39:18 | INFO: Primitives created: 1
20:39:18 | INFO: Finished glTF 2.0 export in 0.03690195083618164 s

Info: Saved as "Ground_-1_2.blend"
UPDATED TERRAIN MODULE Ground_-1_2 2048
20:39:18 | INFO: Starting glTF 2.0 export
20:39:18 | INFO: Extracting primitive: Ground_0_2Geometry
20:39:18 | INFO: Primitives created: 1
20:39:18 | INFO: Finished glTF 2.0 export in 0.011481285095214844 s

Info: Saved as "Ground_0_2.blend"
UPDATED TERRAIN MODULE Ground_0_2 2048
20:39:19 | INFO: Starting glTF 2.0 export
20:39:19 | INFO: Extracting primitive: Ground_1_2Geometry
20:39:19 | INFO: Primitives created: 1
20:39:19 | INFO: Finished glTF 2.0 export in 0.011964082717895508 s

Info: Saved as "Ground_1_2.blend"
UPDATED TERRAIN MODULE Ground_1_2 2048
20:39:19 | INFO: Starting glTF 2.0 export
20:39:19 | INFO: Extracting primitive: Ground_2_2Geometry
20:39:20 | INFO: Primitives created: 1
20:39:20 | INFO: Finished glTF 2.0 export in 0.0598912239074707 s

Info: Saved as "Ground_2_2.blend"
UPDATED TERRAIN MODULE Ground_2_2 2048
20:39:20 | INFO: Starting glTF 2.0 export
20:39:20 | INFO: Extracting primitive: Ground_3_2Geometry
20:39:20 | INFO: Primitives created: 1
20:39:20 | INFO: Finished glTF 2.0 export in 0.026950597763061523 s

Info: Saved as "Ground_3_2.blend"
UPDATED TERRAIN MODULE Ground_3_2 2048
20:39:21 | INFO: Starting glTF 2.0 export
20:39:21 | INFO: Extracting primitive: Ground_4_2Geometry
20:39:21 | INFO: Primitives created: 1
20:39:21 | INFO: Finished glTF 2.0 export in 0.04521059989929199 s

Info: Saved as "Ground_4_2.blend"
UPDATED TERRAIN MODULE Ground_4_2 2050
20:39:21 | INFO: Starting glTF 2.0 export
20:39:21 | INFO: Extracting primitive: Ground_5_2Geometry
20:39:21 | INFO: Primitives created: 1
20:39:21 | INFO: Finished glTF 2.0 export in 0.023644208908081055 s

Info: Saved as "Ground_5_2.blend"
UPDATED TERRAIN MODULE Ground_5_2 2048
20:39:22 | INFO: Starting glTF 2.0 export
20:39:22 | INFO: Extracting primitive: Ground_6_2Geometry
20:39:22 | INFO: Primitives created: 1
20:39:22 | INFO: Finished glTF 2.0 export in 0.01695561408996582 s

Info: Saved as "Ground_6_2.blend"
UPDATED TERRAIN MODULE Ground_6_2 2048
20:39:23 | INFO: Starting glTF 2.0 export
20:39:23 | INFO: Extracting primitive: Ground_-6_3Geometry
20:39:23 | INFO: Primitives created: 1
20:39:23 | INFO: Finished glTF 2.0 export in 0.010187149047851562 s

Info: Saved as "Ground_-6_3.blend"
UPDATED TERRAIN MODULE Ground_-6_3 2048
20:39:23 | INFO: Starting glTF 2.0 export
20:39:23 | INFO: Extracting primitive: Ground_-5_3Geometry
20:39:23 | INFO: Primitives created: 1
20:39:23 | INFO: Finished glTF 2.0 export in 0.017060041427612305 s

Info: Saved as "Ground_-5_3.blend"
UPDATED TERRAIN MODULE Ground_-5_3 2048
20:39:23 | INFO: Starting glTF 2.0 export
20:39:24 | INFO: Extracting primitive: Ground_-4_3Geometry
20:39:24 | INFO: Primitives created: 1
20:39:24 | INFO: Finished glTF 2.0 export in 0.0401616096496582 s

Info: Saved as "Ground_-4_3.blend"
UPDATED TERRAIN MODULE Ground_-4_3 2048
20:39:24 | INFO: Starting glTF 2.0 export
20:39:24 | INFO: Extracting primitive: Ground_-3_3Geometry
20:39:24 | INFO: Primitives created: 1
20:39:24 | INFO: Finished glTF 2.0 export in 0.032961130142211914 s

Info: Saved as "Ground_-3_3.blend"
UPDATED TERRAIN MODULE Ground_-3_3 2746
20:39:24 | INFO: Starting glTF 2.0 export
20:39:24 | INFO: Extracting primitive: Ground_-2_3Geometry
20:39:24 | INFO: Primitives created: 1
20:39:24 | INFO: Finished glTF 2.0 export in 0.014959335327148438 s

Info: Saved as "Ground_-2_3.blend"
UPDATED TERRAIN MODULE Ground_-2_3 2468
20:39:25 | INFO: Starting glTF 2.0 export
20:39:25 | INFO: Extracting primitive: Ground_-1_3Geometry
20:39:25 | INFO: Primitives created: 1
20:39:25 | INFO: Finished glTF 2.0 export in 0.04541420936584473 s

Info: Saved as "Ground_-1_3.blend"
UPDATED TERRAIN MODULE Ground_-1_3 2048
20:39:25 | INFO: Starting glTF 2.0 export
20:39:25 | INFO: Extracting primitive: Ground_0_3Geometry
20:39:25 | INFO: Primitives created: 1
20:39:25 | INFO: Finished glTF 2.0 export in 0.008975505828857422 s

Info: Saved as "Ground_0_3.blend"
UPDATED TERRAIN MODULE Ground_0_3 2048
20:39:26 | INFO: Starting glTF 2.0 export
20:39:26 | INFO: Extracting primitive: Ground_1_3Geometry
20:39:26 | INFO: Primitives created: 1
20:39:26 | INFO: Finished glTF 2.0 export in 0.009973526000976562 s

Info: Saved as "Ground_1_3.blend"
UPDATED TERRAIN MODULE Ground_1_3 2048
20:39:26 | INFO: Starting glTF 2.0 export
20:39:26 | INFO: Extracting primitive: Ground_2_3Geometry
20:39:26 | INFO: Primitives created: 1
20:39:26 | INFO: Finished glTF 2.0 export in 0.03907155990600586 s

Info: Saved as "Ground_2_3.blend"
UPDATED TERRAIN MODULE Ground_2_3 2048
20:39:27 | INFO: Starting glTF 2.0 export
20:39:27 | INFO: Extracting primitive: Ground_3_3Geometry
20:39:27 | INFO: Primitives created: 1
20:39:27 | INFO: Finished glTF 2.0 export in 0.013962268829345703 s

Info: Saved as "Ground_3_3.blend"
UPDATED TERRAIN MODULE Ground_3_3 2048
20:39:27 | INFO: Starting glTF 2.0 export
20:39:27 | INFO: Extracting primitive: Ground_4_3Geometry
20:39:27 | INFO: Primitives created: 1
20:39:27 | INFO: Finished glTF 2.0 export in 0.010480165481567383 s

Info: Saved as "Ground_4_3.blend"
UPDATED TERRAIN MODULE Ground_4_3 2048
20:39:27 | INFO: Starting glTF 2.0 export
20:39:27 | INFO: Extracting primitive: Ground_5_3Geometry
20:39:27 | INFO: Primitives created: 1
20:39:27 | INFO: Finished glTF 2.0 export in 0.009083986282348633 s

Info: Saved as "Ground_5_3.blend"
UPDATED TERRAIN MODULE Ground_5_3 2048
20:39:28 | INFO: Starting glTF 2.0 export
20:39:28 | INFO: Extracting primitive: Ground_6_3Geometry
20:39:28 | INFO: Primitives created: 1
20:39:28 | INFO: Finished glTF 2.0 export in 0.010970830917358398 s

Info: Saved as "Ground_6_3.blend"
UPDATED TERRAIN MODULE Ground_6_3 2048
20:39:28 | INFO: Starting glTF 2.0 export
20:39:28 | INFO: Extracting primitive: Ground_-6_4Geometry
20:39:28 | INFO: Primitives created: 1
20:39:28 | INFO: Finished glTF 2.0 export in 0.009972572326660156 s

Info: Saved as "Ground_-6_4.blend"
UPDATED TERRAIN MODULE Ground_-6_4 2048
20:39:29 | INFO: Starting glTF 2.0 export
20:39:29 | INFO: Extracting primitive: Ground_-5_4Geometry
20:39:29 | INFO: Primitives created: 1
20:39:29 | INFO: Finished glTF 2.0 export in 0.008975744247436523 s

Info: Saved as "Ground_-5_4.blend"
UPDATED TERRAIN MODULE Ground_-5_4 2048
20:39:29 | INFO: Starting glTF 2.0 export
20:39:29 | INFO: Extracting primitive: Ground_-4_4Geometry
20:39:29 | INFO: Primitives created: 1
20:39:29 | INFO: Finished glTF 2.0 export in 0.03209114074707031 s

Info: Saved as "Ground_-4_4.blend"
UPDATED TERRAIN MODULE Ground_-4_4 2048
20:39:30 | INFO: Starting glTF 2.0 export
20:39:30 | INFO: Extracting primitive: Ground_-3_4Geometry
20:39:30 | INFO: Primitives created: 1
20:39:30 | INFO: Finished glTF 2.0 export in 0.012965917587280273 s

Info: Saved as "Ground_-3_4.blend"
UPDATED TERRAIN MODULE Ground_-3_4 3096
20:39:30 | INFO: Starting glTF 2.0 export
20:39:30 | INFO: Extracting primitive: Ground_-2_4Geometry
20:39:30 | INFO: Primitives created: 1
20:39:30 | INFO: Finished glTF 2.0 export in 0.045060157775878906 s

Info: Saved as "Ground_-2_4.blend"
UPDATED TERRAIN MODULE Ground_-2_4 2048
20:39:31 | INFO: Starting glTF 2.0 export
20:39:31 | INFO: Extracting primitive: Ground_-1_4Geometry
20:39:31 | INFO: Primitives created: 1
20:39:31 | INFO: Finished glTF 2.0 export in 0.011967897415161133 s

Info: Saved as "Ground_-1_4.blend"
UPDATED TERRAIN MODULE Ground_-1_4 2048
20:39:31 | INFO: Starting glTF 2.0 export
20:39:31 | INFO: Extracting primitive: Ground_0_4Geometry
20:39:31 | INFO: Primitives created: 1
20:39:31 | INFO: Finished glTF 2.0 export in 0.025437593460083008 s

Info: Saved as "Ground_0_4.blend"
UPDATED TERRAIN MODULE Ground_0_4 2048
20:39:32 | INFO: Starting glTF 2.0 export
20:39:32 | INFO: Extracting primitive: Ground_1_4Geometry
20:39:32 | INFO: Primitives created: 1
20:39:32 | INFO: Finished glTF 2.0 export in 0.008976221084594727 s

Info: Saved as "Ground_1_4.blend"
UPDATED TERRAIN MODULE Ground_1_4 2048
20:39:32 | INFO: Starting glTF 2.0 export
20:39:32 | INFO: Extracting primitive: Ground_2_4Geometry
20:39:32 | INFO: Primitives created: 1
20:39:32 | INFO: Finished glTF 2.0 export in 0.03643441200256348 s

Info: Saved as "Ground_2_4.blend"
UPDATED TERRAIN MODULE Ground_2_4 2048
20:39:33 | INFO: Starting glTF 2.0 export
20:39:33 | INFO: Extracting primitive: Ground_3_4Geometry
20:39:33 | INFO: Primitives created: 1
20:39:33 | INFO: Finished glTF 2.0 export in 0.026928424835205078 s

Info: Saved as "Ground_3_4.blend"
UPDATED TERRAIN MODULE Ground_3_4 2048
20:39:33 | INFO: Starting glTF 2.0 export
20:39:33 | INFO: Extracting primitive: Ground_4_4Geometry
20:39:33 | INFO: Primitives created: 1
20:39:33 | INFO: Finished glTF 2.0 export in 0.010969877243041992 s

Info: Saved as "Ground_4_4.blend"
UPDATED TERRAIN MODULE Ground_4_4 2048
20:39:33 | INFO: Starting glTF 2.0 export
20:39:33 | INFO: Extracting primitive: Ground_5_4Geometry
20:39:34 | INFO: Primitives created: 1
20:39:34 | INFO: Finished glTF 2.0 export in 0.032582759857177734 s

Info: Saved as "Ground_5_4.blend"
UPDATED TERRAIN MODULE Ground_5_4 2048
20:39:34 | INFO: Starting glTF 2.0 export
20:39:34 | INFO: Extracting primitive: Ground_6_4Geometry
20:39:34 | INFO: Primitives created: 1
20:39:34 | INFO: Finished glTF 2.0 export in 0.010096311569213867 s

Info: Saved as "Ground_6_4.blend"
UPDATED TERRAIN MODULE Ground_6_4 2048
20:39:35 | INFO: Starting glTF 2.0 export
20:39:35 | INFO: Extracting primitive: Ground_-6_5Geometry
20:39:35 | INFO: Primitives created: 1
20:39:35 | INFO: Finished glTF 2.0 export in 0.01296377182006836 s

Info: Saved as "Ground_-6_5.blend"
UPDATED TERRAIN MODULE Ground_-6_5 2048
20:39:36 | INFO: Starting glTF 2.0 export
20:39:36 | INFO: Extracting primitive: Ground_-5_5Geometry
20:39:36 | INFO: Primitives created: 1
20:39:36 | INFO: Finished glTF 2.0 export in 0.008976459503173828 s

Info: Saved as "Ground_-5_5.blend"
UPDATED TERRAIN MODULE Ground_-5_5 2048
20:39:37 | INFO: Starting glTF 2.0 export
20:39:37 | INFO: Extracting primitive: Ground_-4_5Geometry
20:39:37 | INFO: Primitives created: 1
20:39:37 | INFO: Finished glTF 2.0 export in 0.037226200103759766 s

Info: Saved as "Ground_-4_5.blend"
UPDATED TERRAIN MODULE Ground_-4_5 2048
20:39:38 | INFO: Starting glTF 2.0 export
20:39:38 | INFO: Extracting primitive: Ground_-3_5Geometry
20:39:38 | INFO: Primitives created: 1
20:39:38 | INFO: Finished glTF 2.0 export in 0.010970830917358398 s

Info: Saved as "Ground_-3_5.blend"
UPDATED TERRAIN MODULE Ground_-3_5 3038
20:39:39 | INFO: Starting glTF 2.0 export
20:39:39 | INFO: Extracting primitive: Ground_-2_5Geometry
20:39:39 | INFO: Primitives created: 1
20:39:39 | INFO: Finished glTF 2.0 export in 0.012964487075805664 s

Info: Saved as "Ground_-2_5.blend"
UPDATED TERRAIN MODULE Ground_-2_5 2048
20:39:40 | INFO: Starting glTF 2.0 export
20:39:40 | INFO: Extracting primitive: Ground_-1_5Geometry
20:39:40 | INFO: Primitives created: 1
20:39:40 | INFO: Finished glTF 2.0 export in 0.008976221084594727 s

Info: Saved as "Ground_-1_5.blend"
UPDATED TERRAIN MODULE Ground_-1_5 2048
20:39:41 | INFO: Starting glTF 2.0 export
20:39:41 | INFO: Extracting primitive: Ground_0_5Geometry
20:39:41 | INFO: Primitives created: 1
20:39:41 | INFO: Finished glTF 2.0 export in 0.00997304916381836 s

Info: Saved as "Ground_0_5.blend"
UPDATED TERRAIN MODULE Ground_0_5 2048
20:39:41 | INFO: Starting glTF 2.0 export
20:39:41 | INFO: Extracting primitive: Ground_1_5Geometry
20:39:41 | INFO: Primitives created: 1
20:39:41 | INFO: Finished glTF 2.0 export in 0.010096311569213867 s

Info: Saved as "Ground_1_5.blend"
UPDATED TERRAIN MODULE Ground_1_5 2048
20:39:42 | INFO: Starting glTF 2.0 export
20:39:42 | INFO: Extracting primitive: Ground_2_5Geometry
20:39:42 | INFO: Primitives created: 1
20:39:42 | INFO: Finished glTF 2.0 export in 0.010480642318725586 s

Info: Saved as "Ground_2_5.blend"
UPDATED TERRAIN MODULE Ground_2_5 2048
20:39:43 | INFO: Starting glTF 2.0 export
20:39:43 | INFO: Extracting primitive: Ground_3_5Geometry
20:39:43 | INFO: Primitives created: 1
20:39:43 | INFO: Finished glTF 2.0 export in 0.010214090347290039 s

Info: Saved as "Ground_3_5.blend"
UPDATED TERRAIN MODULE Ground_3_5 2048
20:39:44 | INFO: Starting glTF 2.0 export
20:39:44 | INFO: Extracting primitive: Ground_4_5Geometry
20:39:44 | INFO: Primitives created: 1
20:39:44 | INFO: Finished glTF 2.0 export in 0.015957355499267578 s

Info: Saved as "Ground_4_5.blend"
UPDATED TERRAIN MODULE Ground_4_5 2048
20:39:45 | INFO: Starting glTF 2.0 export
20:39:45 | INFO: Extracting primitive: Ground_5_5Geometry
20:39:45 | INFO: Primitives created: 1
20:39:45 | INFO: Finished glTF 2.0 export in 0.023128509521484375 s

Info: Saved as "Ground_5_5.blend"
UPDATED TERRAIN MODULE Ground_5_5 2048
20:39:46 | INFO: Starting glTF 2.0 export
20:39:46 | INFO: Extracting primitive: Ground_6_5Geometry
20:39:46 | INFO: Primitives created: 1
20:39:46 | INFO: Finished glTF 2.0 export in 0.021754980087280273 s

Info: Saved as "Ground_6_5.blend"
UPDATED TERRAIN MODULE Ground_6_5 2048
Blender 4.5.0 (hash 8cb6b388974a built 2025-07-15 01:36:24)

Blender quit
