Godot Engine v4.5.1.stable.official.f62fdbde1 - https://godotengine.org
OpenGL API 3.3.0 NVIDIA 581.29 - Compatibility - Using Device: NVIDIA - NVIDIA GeForce RTX 4070 SUPER

PASS {"approach":"(0.0, 0.0, -1.0)","finish":"(8.271741, 159.0834, -584.826)","name":"massif_frost_crown","passed":true,"start":"(6.951618, 159.0834, -626.6411)","travel":41.8359336853027}
PASS {"approach":"(1.0, 0.0, 0.0)","finish":"(307.9076, 216.8183, -403.9612)","name":"massif_frost_crown","passed":true,"start":"(338.7634, 233.456, -421.4583)","travel":39.1796913146973}
PASS {"approach":"(0.0, 1.0, 0.0)","finish":"(182.7772, 194.4316, 262.6733)","name":"massif_frost_crown","passed":true,"start":"(183.2077, 233.3741, 274.9692)","travel":40.8398513793945}
PASS {"approach":"(0.0, 0.0, -1.0)","finish":"(188.72, 156.9072, -449.8864)","name":"massif_west_summit","passed":true,"start":"(179.9894, 156.9072, -490.4617)","travel":41.5039100646973}
PASS {"approach":"(1.0, 0.0, 0.0)","finish":"(393.2809, 151.6873, -150.956)","name":"massif_west_summit","passed":true,"start":"(429.1754, 151.6873, -165.8127)","travel":38.84765625}
PASS {"approach":"(0.0, 1.0, 0.0)","finish":"(-25.97949, 194.8039, -414.7392)","name":"massif_west_summit","passed":true,"start":"(-20.05447, 233.8152, -422.2963)","travel":40.1757850646973}
PASS {"approach":"(0.0, 0.0, -1.0)","finish":"(-9.542889, 155.2734, -415.7909)","name":"massif_needle_ridge","passed":true,"start":"(-31.5879, 155.2734, -449.3782)","travel":40.1757888793945}
PASS {"approach":"(1.0, 0.0, 0.0)","finish":"(318.4998, 154.2067, 1.43073)","name":"massif_needle_ridge","passed":true,"start":"(355.5343, 154.2067, -10.29898)","travel":38.8476524353027}
PASS {"approach":"(0.0, 1.0, 0.0)","finish":"(256.7759, 192.4054, -154.9521)","name":"massif_needle_ridge","passed":true,"start":"(269.0458, 230.1926, -151.9352)","travel":39.84375}
PASS {"approach":"(0.0, 0.0, -1.0)","finish":"(166.2355, 156.3738, -430.7369)","name":"massif_east_summit","passed":true,"start":"(159.977, 156.3738, -471.7662)","travel":41.5039100646973}
PASS {"approach":"(1.0, 0.0, 0.0)","finish":"(279.6123, 155.6438, -339.9524)","name":"massif_east_summit","passed":true,"start":"(316.7283, 155.6438, -351.4214)","travel":38.8476600646973}
PASS {"approach":"(0.0, 1.0, 0.0)","finish":"(192.5271, 202.372, -374.1061)","name":"massif_east_summit","passed":true,"start":"(194.8331, 240.3665, -387.9621)","travel":40.5078125}
PASS {"approach":"(0.0, 0.0, -1.0)","finish":"(-88.8774, 161.0444, -447.5699)","name":"massif_east_spur","passed":true,"start":"(-105.4738, 161.0444, -484.8854)","travel":40.8398513793945}
PASS {"approach":"(1.0, 0.0, 0.0)","finish":"(452.3718, 157.5411, -205.3947)","name":"massif_east_spur","passed":true,"start":"(481.7169, 157.5411, -232.3463)","travel":39.84375}
PASS {"approach":"(0.0, 1.0, 0.0)","finish":"(-165.8289, 181.3315, -121.6608)","name":"massif_east_spur","passed":true,"start":"(-172.6925, 220.9, -122.8104)","travel":40.1757850646973}
PASS {"approach":"(0.0, 0.0, -1.0)","finish":"(-80.25281, 154.1017, -345.8135)","name":"massif_west_spur","passed":true,"start":"(-90.87268, 154.1017, -385.5922)","travel":41.171875}
PASS {"approach":"(1.0, 0.0, 0.0)","finish":"(322.6819, 151.7959, -159.4267)","name":"massif_west_spur","passed":true,"start":"(359.0632, 151.7959, -173.0481)","travel":38.84765625}
PASS {"approach":"(0.0, 1.0, 0.0)","finish":"(-80.80088, 176.2306, -314.1089)","name":"massif_west_spur","passed":true,"start":"(-82.69661, 215.9357, -321.9059)","travel":40.5078086853027}
PASS {"approach":"(0.0, 0.0, -1.0)","finish":"(151.423, 154.1113, -329.4197)","name":"massif_cirque_wall","passed":true,"start":"(155.1753, 154.1113, -370.7537)","travel":41.50390625}
PASS {"approach":"(1.0, 0.0, 0.0)","finish":"(243.3363, 153.2559, -247.0923)","name":"massif_cirque_wall","passed":true,"start":"(278.6355, 153.2559, -264.0927)","travel":39.1796913146973}
PASS {"approach":"(0.0, 1.0, 0.0)","finish":"(242.0418, 174.5428, 64.21482)","name":"massif_cirque_wall","passed":true,"start":"(247.6952, 214.1689, 67.66573)","travel":40.1757888793945}
PASS {"approach":"(0.0, 0.0, -1.0)","finish":"(-198.6358, 152.8036, -273.2878)","name":"massif_east_foothill","passed":true,"start":"(-223.2142, 152.8036, -304.6475)","travel":39.84375}
PASS {"approach":"(1.0, 0.0, 0.0)","finish":"(332.0237, 152.8692, -18.91988)","name":"massif_east_foothill","passed":true,"start":"(370.2747, 152.8692, -12.13747)","travel":38.84765625}
PASS {"approach":"(0.0, 1.0, 0.0)","finish":"(147.2771, 173.2641, -372.6279)","name":"massif_east_foothill","passed":true,"start":"(151.0055, 213.5989, -372.9229)","travel":40.5078125}
PASS {"approach":"(0.0, 0.0, -1.0)","finish":"(-66.01801, 152.262, -154.3528)","name":"massif_blue_buttress","passed":true,"start":"(-78.90043, 152.262, -193.4574)","travel":41.1718788146973}
PASS {"approach":"(1.0, 0.0, 0.0)","finish":"(127.3148, 152.3679, -264.9319)","name":"massif_blue_buttress","passed":true,"start":"(163.7388, 152.3679, -278.4386)","travel":38.84765625}
PASS {"approach":"(0.0, 1.0, 0.0)","finish":"(66.49711, 169.9077, -260.6101)","name":"massif_blue_buttress","passed":true,"start":"(66.05782, 210.0754, -267.9757)","travel":40.8398513793945}
PASS {"approach":"(0.0, 0.0, -1.0)","finish":"(-21.97118, 157.7815, -304.2611)","name":"massif_valley_guard","passed":true,"start":"(-40.19354, 157.7815, -340.4389)","travel":40.5078163146973}
PASS {"approach":"(1.0, 0.0, 0.0)","finish":"(342.5826, 157.5688, -144.6091)","name":"massif_valley_guard","passed":true,"start":"(375.9685, 157.5688, -165.7409)","travel":39.5117263793945}
PASS {"approach":"(0.0, 1.0, 0.0)","finish":"(307.9852, 171.7513, -87.88907)","name":"massif_valley_guard","passed":true,"start":"(310.5639, 212.0137, -84.26022)","travel":40.5078086853027}
PASS {"approach":"(0.0, 0.0, -1.0)","finish":"(116.9298, 152.9467, -325.0938)","name":"massif_west_foothill","passed":true,"start":"(108.8786, 152.9467, -365.8093)","travel":41.50390625}
PASS {"approach":"(1.0, 0.0, 0.0)","finish":"(91.73849, 236.4861, -102.0005)","name":"massif_west_foothill","passed":true,"start":"(129.0729, 237.5201, -112.6876)","travel":38.8476600646973}
PASS {"approach":"(0.0, 1.0, 0.0)","finish":"(122.5855, 169.4377, -295.8667)","name":"massif_west_foothill","passed":true,"start":"(122.0227, 210.0363, -300.2635)","travel":40.8398475646973}
