INFO Draco mesh compression is available, use library at D:\test6\.tools\blender\blender-4.5.0-windows-x64\4.5\scripts\addons_core\io_scene_gltf2\extern_draco.dll
20:02:53 | INFO: Starting glTF 2.0 export
20:02:53 | INFO: Extracting primitive: Ground_-6_-10Geometry
20:02:53 | INFO: Primitives created: 1
20:02:53 | INFO: Finished glTF 2.0 export in 0.01197361946105957 s

Info: Saved as "Ground_-6_-10.blend"
UPDATED TERRAIN MODULE Ground_-6_-10 2048
20:02:53 | INFO: Starting glTF 2.0 export
20:02:53 | INFO: Extracting primitive: Ground_-5_-10Geometry
20:02:53 | INFO: Primitives created: 1
20:02:53 | INFO: Finished glTF 2.0 export in 0.01261758804321289 s

Info: Saved as "Ground_-5_-10.blend"
UPDATED TERRAIN MODULE Ground_-5_-10 2048
20:02:54 | INFO: Starting glTF 2.0 export
20:02:54 | INFO: Extracting primitive: Ground_-4_-10Geometry
20:02:54 | INFO: Primitives created: 1
20:02:54 | INFO: Finished glTF 2.0 export in 0.034502267837524414 s

Info: Saved as "Ground_-4_-10.blend"
UPDATED TERRAIN MODULE Ground_-4_-10 2048
20:02:54 | INFO: Starting glTF 2.0 export
20:02:54 | INFO: Extracting primitive: Ground_-3_-10Geometry
20:02:54 | INFO: Primitives created: 1
20:02:54 | INFO: Finished glTF 2.0 export in 0.011033058166503906 s

Info: Saved as "Ground_-3_-10.blend"
UPDATED TERRAIN MODULE Ground_-3_-10 2048
20:02:54 | INFO: Starting glTF 2.0 export
20:02:54 | INFO: Extracting primitive: Ground_-2_-10Geometry
20:02:54 | INFO: Primitives created: 1
20:02:54 | INFO: Finished glTF 2.0 export in 0.019353389739990234 s

Info: Saved as "Ground_-2_-10.blend"
UPDATED TERRAIN MODULE Ground_-2_-10 2048
20:02:55 | INFO: Starting glTF 2.0 export
20:02:55 | INFO: Extracting primitive: Ground_-1_-10Geometry
20:02:55 | INFO: Primitives created: 1
20:02:55 | INFO: Finished glTF 2.0 export in 0.007978677749633789 s

Info: Saved as "Ground_-1_-10.blend"
UPDATED TERRAIN MODULE Ground_-1_-10 2048
20:02:55 | INFO: Starting glTF 2.0 export
20:02:55 | INFO: Extracting primitive: Ground_0_-10Geometry
20:02:55 | INFO: Primitives created: 1
20:02:55 | INFO: Finished glTF 2.0 export in 0.009362220764160156 s

Info: Saved as "Ground_0_-10.blend"
UPDATED TERRAIN MODULE Ground_0_-10 2048
20:02:56 | INFO: Starting glTF 2.0 export
20:02:56 | INFO: Extracting primitive: Ground_1_-10Geometry
20:02:56 | INFO: Primitives created: 1
20:02:56 | INFO: Finished glTF 2.0 export in 0.01595449447631836 s

Info: Saved as "Ground_1_-10.blend"
UPDATED TERRAIN MODULE Ground_1_-10 2048
20:02:56 | INFO: Starting glTF 2.0 export
20:02:56 | INFO: Extracting primitive: Ground_2_-10Geometry
20:02:56 | INFO: Primitives created: 1
20:02:56 | INFO: Finished glTF 2.0 export in 0.02326059341430664 s

Info: Saved as "Ground_2_-10.blend"
UPDATED TERRAIN MODULE Ground_2_-10 2048
20:02:57 | INFO: Starting glTF 2.0 export
20:02:57 | INFO: Extracting primitive: Ground_3_-10Geometry
20:02:57 | INFO: Primitives created: 1
20:02:57 | INFO: Finished glTF 2.0 export in 0.02154374122619629 s

Info: Saved as "Ground_3_-10.blend"
UPDATED TERRAIN MODULE Ground_3_-10 2048
20:02:57 | INFO: Starting glTF 2.0 export
20:02:57 | INFO: Extracting primitive: Ground_4_-10Geometry
20:02:57 | INFO: Primitives created: 1
20:02:57 | INFO: Finished glTF 2.0 export in 0.011171102523803711 s

Info: Saved as "Ground_4_-10.blend"
UPDATED TERRAIN MODULE Ground_4_-10 2048
20:02:57 | INFO: Starting glTF 2.0 export
20:02:57 | INFO: Extracting primitive: Ground_5_-10Geometry
20:02:57 | INFO: Primitives created: 1
20:02:57 | INFO: Finished glTF 2.0 export in 0.010780811309814453 s

Info: Saved as "Ground_5_-10.blend"
UPDATED TERRAIN MODULE Ground_5_-10 2048
20:02:58 | INFO: Starting glTF 2.0 export
20:02:58 | INFO: Extracting primitive: Ground_6_-10Geometry
20:02:58 | INFO: Primitives created: 1
20:02:58 | INFO: Finished glTF 2.0 export in 0.010675668716430664 s

Info: Saved as "Ground_6_-10.blend"
UPDATED TERRAIN MODULE Ground_6_-10 2048
20:02:58 | INFO: Starting glTF 2.0 export
20:02:58 | INFO: Extracting primitive: Ground_-6_-9Geometry
20:02:58 | INFO: Primitives created: 1
20:02:58 | INFO: Finished glTF 2.0 export in 0.011132240295410156 s

Info: Saved as "Ground_-6_-9.blend"
UPDATED TERRAIN MODULE Ground_-6_-9 2048
20:02:59 | INFO: Starting glTF 2.0 export
20:02:59 | INFO: Extracting primitive: Ground_-5_-9Geometry
20:02:59 | INFO: Primitives created: 1
20:02:59 | INFO: Finished glTF 2.0 export in 0.0069882869720458984 s

Info: Saved as "Ground_-5_-9.blend"
UPDATED TERRAIN MODULE Ground_-5_-9 2048
20:02:59 | INFO: Starting glTF 2.0 export
20:02:59 | INFO: Extracting primitive: Ground_-4_-9Geometry
20:02:59 | INFO: Primitives created: 1
20:02:59 | INFO: Finished glTF 2.0 export in 0.009980201721191406 s

Info: Saved as "Ground_-4_-9.blend"
UPDATED TERRAIN MODULE Ground_-4_-9 2048
20:02:59 | INFO: Starting glTF 2.0 export
20:02:59 | INFO: Extracting primitive: Ground_-3_-9Geometry
20:02:59 | INFO: Primitives created: 1
20:02:59 | INFO: Finished glTF 2.0 export in 0.030474185943603516 s

Info: Saved as "Ground_-3_-9.blend"
UPDATED TERRAIN MODULE Ground_-3_-9 2048
20:02:59 | INFO: Starting glTF 2.0 export
20:02:59 | INFO: Extracting primitive: Ground_-2_-9Geometry
20:02:59 | INFO: Primitives created: 1
20:02:59 | INFO: Finished glTF 2.0 export in 0.013183355331420898 s

Info: Saved as "Ground_-2_-9.blend"
UPDATED TERRAIN MODULE Ground_-2_-9 2048
20:03:00 | INFO: Starting glTF 2.0 export
20:03:00 | INFO: Extracting primitive: Ground_-1_-9Geometry
20:03:00 | INFO: Primitives created: 1
20:03:00 | INFO: Finished glTF 2.0 export in 0.02184319496154785 s

Info: Saved as "Ground_-1_-9.blend"
UPDATED TERRAIN MODULE Ground_-1_-9 2048
20:03:00 | INFO: Starting glTF 2.0 export
20:03:00 | INFO: Extracting primitive: Ground_0_-9Geometry
20:03:00 | INFO: Primitives created: 1
20:03:00 | INFO: Finished glTF 2.0 export in 0.009918689727783203 s

Info: Saved as "Ground_0_-9.blend"
UPDATED TERRAIN MODULE Ground_0_-9 2048
20:03:00 | INFO: Starting glTF 2.0 export
20:03:00 | INFO: Extracting primitive: Ground_1_-9Geometry
20:03:00 | INFO: Primitives created: 1
20:03:00 | INFO: Finished glTF 2.0 export in 0.0109710693359375 s

Info: Saved as "Ground_1_-9.blend"
UPDATED TERRAIN MODULE Ground_1_-9 2048
20:03:00 | INFO: Starting glTF 2.0 export
20:03:00 | INFO: Extracting primitive: Ground_2_-9Geometry
20:03:00 | INFO: Primitives created: 1
20:03:00 | INFO: Finished glTF 2.0 export in 0.010972261428833008 s

Info: Saved as "Ground_2_-9.blend"
UPDATED TERRAIN MODULE Ground_2_-9 2048
20:03:01 | INFO: Starting glTF 2.0 export
20:03:01 | INFO: Extracting primitive: Ground_3_-9Geometry
20:03:01 | INFO: Primitives created: 1
20:03:01 | INFO: Finished glTF 2.0 export in 0.007712364196777344 s

Info: Saved as "Ground_3_-9.blend"
UPDATED TERRAIN MODULE Ground_3_-9 2048
20:03:01 | INFO: Starting glTF 2.0 export
20:03:01 | INFO: Extracting primitive: Ground_4_-9Geometry
20:03:01 | INFO: Primitives created: 1
20:03:01 | INFO: Finished glTF 2.0 export in 0.01031494140625 s

Info: Saved as "Ground_4_-9.blend"
UPDATED TERRAIN MODULE Ground_4_-9 2048
20:03:01 | INFO: Starting glTF 2.0 export
20:03:01 | INFO: Extracting primitive: Ground_5_-9Geometry
20:03:01 | INFO: Primitives created: 1
20:03:01 | INFO: Finished glTF 2.0 export in 0.009578227996826172 s

Info: Saved as "Ground_5_-9.blend"
UPDATED TERRAIN MODULE Ground_5_-9 2048
20:03:02 | INFO: Starting glTF 2.0 export
20:03:02 | INFO: Extracting primitive: Ground_6_-9Geometry
20:03:02 | INFO: Primitives created: 1
20:03:02 | INFO: Finished glTF 2.0 export in 0.013963699340820312 s

Info: Saved as "Ground_6_-9.blend"
UPDATED TERRAIN MODULE Ground_6_-9 2048
20:03:02 | INFO: Starting glTF 2.0 export
20:03:02 | INFO: Extracting primitive: Ground_-6_-8Geometry
20:03:02 | INFO: Primitives created: 1
20:03:02 | INFO: Finished glTF 2.0 export in 0.012624502182006836 s

Info: Saved as "Ground_-6_-8.blend"
UPDATED TERRAIN MODULE Ground_-6_-8 2586
20:03:02 | INFO: Starting glTF 2.0 export
20:03:02 | INFO: Extracting primitive: Ground_-5_-8Geometry
20:03:02 | INFO: Primitives created: 1
20:03:02 | INFO: Finished glTF 2.0 export in 0.009492635726928711 s

Info: Saved as "Ground_-5_-8.blend"
UPDATED TERRAIN MODULE Ground_-5_-8 2048
20:03:03 | INFO: Starting glTF 2.0 export
20:03:03 | INFO: Extracting primitive: Ground_-4_-8Geometry
20:03:03 | INFO: Primitives created: 1
20:03:03 | INFO: Finished glTF 2.0 export in 0.011254072189331055 s

Info: Saved as "Ground_-4_-8.blend"
UPDATED TERRAIN MODULE Ground_-4_-8 2048
20:03:03 | INFO: Starting glTF 2.0 export
20:03:03 | INFO: Extracting primitive: Ground_-3_-8Geometry
20:03:03 | INFO: Primitives created: 1
20:03:03 | INFO: Finished glTF 2.0 export in 0.012963533401489258 s

Info: Saved as "Ground_-3_-8.blend"
UPDATED TERRAIN MODULE Ground_-3_-8 2048
20:03:03 | INFO: Starting glTF 2.0 export
20:03:03 | INFO: Extracting primitive: Ground_-2_-8Geometry
20:03:03 | INFO: Primitives created: 1
20:03:03 | INFO: Finished glTF 2.0 export in 0.025380373001098633 s

Info: Saved as "Ground_-2_-8.blend"
UPDATED TERRAIN MODULE Ground_-2_-8 2048
20:03:03 | INFO: Starting glTF 2.0 export
20:03:03 | INFO: Extracting primitive: Ground_-1_-8Geometry
20:03:03 | INFO: Primitives created: 1
20:03:03 | INFO: Finished glTF 2.0 export in 0.00997304916381836 s

Info: Saved as "Ground_-1_-8.blend"
UPDATED TERRAIN MODULE Ground_-1_-8 2048
20:03:04 | INFO: Starting glTF 2.0 export
20:03:04 | INFO: Extracting primitive: Ground_0_-8Geometry
20:03:04 | INFO: Primitives created: 1
20:03:04 | INFO: Finished glTF 2.0 export in 0.009356021881103516 s

Info: Saved as "Ground_0_-8.blend"
UPDATED TERRAIN MODULE Ground_0_-8 2048
20:03:04 | INFO: Starting glTF 2.0 export
20:03:04 | INFO: Extracting primitive: Ground_1_-8Geometry
20:03:04 | INFO: Primitives created: 1
20:03:04 | INFO: Finished glTF 2.0 export in 0.010128021240234375 s

Info: Saved as "Ground_1_-8.blend"
UPDATED TERRAIN MODULE Ground_1_-8 2048
20:03:04 | INFO: Starting glTF 2.0 export
20:03:04 | INFO: Extracting primitive: Ground_2_-8Geometry
20:03:04 | INFO: Primitives created: 1
20:03:04 | INFO: Finished glTF 2.0 export in 0.01706862449645996 s

Info: Saved as "Ground_2_-8.blend"
UPDATED TERRAIN MODULE Ground_2_-8 2048
20:03:04 | INFO: Starting glTF 2.0 export
20:03:04 | INFO: Extracting primitive: Ground_3_-8Geometry
20:03:04 | INFO: Primitives created: 1
20:03:04 | INFO: Finished glTF 2.0 export in 0.009815692901611328 s

Info: Saved as "Ground_3_-8.blend"
UPDATED TERRAIN MODULE Ground_3_-8 2048
20:03:05 | INFO: Starting glTF 2.0 export
20:03:05 | INFO: Extracting primitive: Ground_4_-8Geometry
20:03:05 | INFO: Primitives created: 1
20:03:05 | INFO: Finished glTF 2.0 export in 0.013664722442626953 s

Info: Saved as "Ground_4_-8.blend"
UPDATED TERRAIN MODULE Ground_4_-8 2048
20:03:05 | INFO: Starting glTF 2.0 export
20:03:05 | INFO: Extracting primitive: Ground_5_-8Geometry
20:03:05 | INFO: Primitives created: 1
20:03:05 | INFO: Finished glTF 2.0 export in 0.007482051849365234 s

Info: Saved as "Ground_5_-8.blend"
UPDATED TERRAIN MODULE Ground_5_-8 2048
20:03:05 | INFO: Starting glTF 2.0 export
20:03:05 | INFO: Extracting primitive: Ground_6_-8Geometry
20:03:05 | INFO: Primitives created: 1
20:03:05 | INFO: Finished glTF 2.0 export in 0.01200103759765625 s

Info: Saved as "Ground_6_-8.blend"
UPDATED TERRAIN MODULE Ground_6_-8 2048
20:03:06 | INFO: Starting glTF 2.0 export
20:03:06 | INFO: Extracting primitive: Ground_-6_-7Geometry
20:03:06 | INFO: Primitives created: 1
20:03:06 | INFO: Finished glTF 2.0 export in 0.009975194931030273 s

Info: Saved as "Ground_-6_-7.blend"
UPDATED TERRAIN MODULE Ground_-6_-7 2942
20:03:06 | INFO: Starting glTF 2.0 export
20:03:06 | INFO: Extracting primitive: Ground_-5_-7Geometry
20:03:06 | INFO: Primitives created: 1
20:03:06 | INFO: Finished glTF 2.0 export in 0.009988546371459961 s

Info: Saved as "Ground_-5_-7.blend"
UPDATED TERRAIN MODULE Ground_-5_-7 2048
20:03:06 | INFO: Starting glTF 2.0 export
20:03:06 | INFO: Extracting primitive: Ground_-4_-7Geometry
20:03:06 | INFO: Primitives created: 1
20:03:06 | INFO: Finished glTF 2.0 export in 0.014961004257202148 s

Info: Saved as "Ground_-4_-7.blend"
UPDATED TERRAIN MODULE Ground_-4_-7 2048
20:03:06 | INFO: Starting glTF 2.0 export
20:03:06 | INFO: Extracting primitive: Ground_-3_-7Geometry
20:03:06 | INFO: Primitives created: 1
20:03:06 | INFO: Finished glTF 2.0 export in 0.013454198837280273 s

Info: Saved as "Ground_-3_-7.blend"
UPDATED TERRAIN MODULE Ground_-3_-7 2048
20:03:07 | INFO: Starting glTF 2.0 export
20:03:07 | INFO: Extracting primitive: Ground_-2_-7Geometry
20:03:07 | INFO: Primitives created: 1
20:03:07 | INFO: Finished glTF 2.0 export in 0.012961149215698242 s

Info: Saved as "Ground_-2_-7.blend"
UPDATED TERRAIN MODULE Ground_-2_-7 2048
20:03:07 | INFO: Starting glTF 2.0 export
20:03:07 | INFO: Extracting primitive: Ground_-1_-7Geometry
20:03:07 | INFO: Primitives created: 1
20:03:07 | INFO: Finished glTF 2.0 export in 0.018810510635375977 s

Info: Saved as "Ground_-1_-7.blend"
UPDATED TERRAIN MODULE Ground_-1_-7 2048
20:03:07 | INFO: Starting glTF 2.0 export
20:03:07 | INFO: Extracting primitive: Ground_0_-7Geometry
20:03:07 | INFO: Primitives created: 1
20:03:07 | INFO: Finished glTF 2.0 export in 0.015086650848388672 s

Info: Saved as "Ground_0_-7.blend"
UPDATED TERRAIN MODULE Ground_0_-7 2048
20:03:08 | INFO: Starting glTF 2.0 export
20:03:08 | INFO: Extracting primitive: Ground_1_-7Geometry
20:03:08 | INFO: Primitives created: 1
20:03:08 | INFO: Finished glTF 2.0 export in 0.013360738754272461 s

Info: Saved as "Ground_1_-7.blend"
UPDATED TERRAIN MODULE Ground_1_-7 2048
20:03:08 | INFO: Starting glTF 2.0 export
20:03:08 | INFO: Extracting primitive: Ground_2_-7Geometry
20:03:08 | INFO: Primitives created: 1
20:03:08 | INFO: Finished glTF 2.0 export in 0.016949176788330078 s

Info: Saved as "Ground_2_-7.blend"
UPDATED TERRAIN MODULE Ground_2_-7 2048
20:03:08 | INFO: Starting glTF 2.0 export
20:03:08 | INFO: Extracting primitive: Ground_3_-7Geometry
20:03:08 | INFO: Primitives created: 1
20:03:08 | INFO: Finished glTF 2.0 export in 0.03541707992553711 s

Info: Saved as "Ground_3_-7.blend"
UPDATED TERRAIN MODULE Ground_3_-7 2048
20:03:08 | INFO: Starting glTF 2.0 export
20:03:08 | INFO: Extracting primitive: Ground_4_-7Geometry
20:03:08 | INFO: Primitives created: 1
20:03:08 | INFO: Finished glTF 2.0 export in 0.01145625114440918 s

Info: Saved as "Ground_4_-7.blend"
UPDATED TERRAIN MODULE Ground_4_-7 2048
20:03:09 | INFO: Starting glTF 2.0 export
20:03:09 | INFO: Extracting primitive: Ground_5_-7Geometry
20:03:09 | INFO: Primitives created: 1
20:03:09 | INFO: Finished glTF 2.0 export in 0.007979631423950195 s

Info: Saved as "Ground_5_-7.blend"
UPDATED TERRAIN MODULE Ground_5_-7 2048
20:03:09 | INFO: Starting glTF 2.0 export
20:03:09 | INFO: Extracting primitive: Ground_6_-7Geometry
20:03:09 | INFO: Primitives created: 1
20:03:09 | INFO: Finished glTF 2.0 export in 0.011873960494995117 s

Info: Saved as "Ground_6_-7.blend"
UPDATED TERRAIN MODULE Ground_6_-7 2048
20:03:09 | INFO: Starting glTF 2.0 export
20:03:09 | INFO: Extracting primitive: Ground_-6_-6Geometry
20:03:09 | INFO: Primitives created: 1
20:03:09 | INFO: Finished glTF 2.0 export in 0.026929140090942383 s

Info: Saved as "Ground_-6_-6.blend"
UPDATED TERRAIN MODULE Ground_-6_-6 2236
20:03:10 | INFO: Starting glTF 2.0 export
20:03:10 | INFO: Extracting primitive: Ground_-5_-6Geometry
20:03:10 | INFO: Primitives created: 1
20:03:10 | INFO: Finished glTF 2.0 export in 0.011492013931274414 s

Info: Saved as "Ground_-5_-6.blend"
UPDATED TERRAIN MODULE Ground_-5_-6 2788
20:03:10 | INFO: Starting glTF 2.0 export
20:03:10 | INFO: Extracting primitive: Ground_-4_-6Geometry
20:03:10 | INFO: Primitives created: 1
20:03:10 | INFO: Finished glTF 2.0 export in 0.013963699340820312 s

Info: Saved as "Ground_-4_-6.blend"
UPDATED TERRAIN MODULE Ground_-4_-6 2048
20:03:10 | INFO: Starting glTF 2.0 export
20:03:10 | INFO: Extracting primitive: Ground_-3_-6Geometry
20:03:10 | INFO: Primitives created: 1
20:03:10 | INFO: Finished glTF 2.0 export in 0.010967254638671875 s

Info: Saved as "Ground_-3_-6.blend"
UPDATED TERRAIN MODULE Ground_-3_-6 2048
20:03:11 | INFO: Starting glTF 2.0 export
20:03:11 | INFO: Extracting primitive: Ground_-2_-6Geometry
20:03:11 | INFO: Primitives created: 1
20:03:11 | INFO: Finished glTF 2.0 export in 0.024927139282226562 s

Info: Saved as "Ground_-2_-6.blend"
UPDATED TERRAIN MODULE Ground_-2_-6 2048
20:03:11 | INFO: Starting glTF 2.0 export
20:03:11 | INFO: Extracting primitive: Ground_-1_-6Geometry
20:03:11 | INFO: Primitives created: 1
20:03:11 | INFO: Finished glTF 2.0 export in 0.011283397674560547 s

Info: Saved as "Ground_-1_-6.blend"
UPDATED TERRAIN MODULE Ground_-1_-6 2048
20:03:11 | INFO: Starting glTF 2.0 export
20:03:11 | INFO: Extracting primitive: Ground_0_-6Geometry
20:03:11 | INFO: Primitives created: 1
20:03:11 | INFO: Finished glTF 2.0 export in 0.028924942016601562 s

Info: Saved as "Ground_0_-6.blend"
UPDATED TERRAIN MODULE Ground_0_-6 2069
20:03:11 | INFO: Starting glTF 2.0 export
20:03:11 | INFO: Extracting primitive: Ground_1_-6Geometry
20:03:11 | INFO: Primitives created: 1
20:03:11 | INFO: Finished glTF 2.0 export in 0.01690077781677246 s

Info: Saved as "Ground_1_-6.blend"
UPDATED TERRAIN MODULE Ground_1_-6 2040
20:03:12 | INFO: Starting glTF 2.0 export
20:03:12 | INFO: Extracting primitive: Ground_2_-6Geometry
20:03:12 | INFO: Primitives created: 1
20:03:12 | INFO: Finished glTF 2.0 export in 0.008978128433227539 s

Info: Saved as "Ground_2_-6.blend"
UPDATED TERRAIN MODULE Ground_2_-6 2048
20:03:12 | INFO: Starting glTF 2.0 export
20:03:12 | INFO: Extracting primitive: Ground_3_-6Geometry
20:03:12 | INFO: Primitives created: 1
20:03:12 | INFO: Finished glTF 2.0 export in 0.008966684341430664 s

Info: Saved as "Ground_3_-6.blend"
UPDATED TERRAIN MODULE Ground_3_-6 2050
20:03:12 | INFO: Starting glTF 2.0 export
20:03:12 | INFO: Extracting primitive: Ground_4_-6Geometry
20:03:12 | INFO: Primitives created: 1
20:03:12 | INFO: Finished glTF 2.0 export in 0.012130498886108398 s

Info: Saved as "Ground_4_-6.blend"
UPDATED TERRAIN MODULE Ground_4_-6 2048
20:03:12 | INFO: Starting glTF 2.0 export
20:03:12 | INFO: Extracting primitive: Ground_5_-6Geometry
20:03:12 | INFO: Primitives created: 1
20:03:12 | INFO: Finished glTF 2.0 export in 0.017240047454833984 s

Info: Saved as "Ground_5_-6.blend"
UPDATED TERRAIN MODULE Ground_5_-6 2048
20:03:13 | INFO: Starting glTF 2.0 export
20:03:13 | INFO: Extracting primitive: Ground_6_-6Geometry
20:03:13 | INFO: Primitives created: 1
20:03:13 | INFO: Finished glTF 2.0 export in 0.007868528366088867 s

Info: Saved as "Ground_6_-6.blend"
UPDATED TERRAIN MODULE Ground_6_-6 2048
20:03:13 | INFO: Starting glTF 2.0 export
20:03:13 | INFO: Extracting primitive: Ground_-6_-5Geometry
20:03:13 | INFO: Primitives created: 1
20:03:13 | INFO: Finished glTF 2.0 export in 0.008457660675048828 s

Info: Saved as "Ground_-6_-5.blend"
UPDATED TERRAIN MODULE Ground_-6_-5 2048
20:03:14 | INFO: Starting glTF 2.0 export
20:03:14 | INFO: Extracting primitive: Ground_-5_-5Geometry
20:03:14 | INFO: Primitives created: 1
20:03:14 | INFO: Finished glTF 2.0 export in 0.05201363563537598 s

Info: Saved as "Ground_-5_-5.blend"
UPDATED TERRAIN MODULE Ground_-5_-5 2716
20:03:14 | INFO: Starting glTF 2.0 export
20:03:14 | INFO: Extracting primitive: Ground_-4_-5Geometry
20:03:14 | INFO: Primitives created: 1
20:03:14 | INFO: Finished glTF 2.0 export in 0.01958775520324707 s

Info: Saved as "Ground_-4_-5.blend"
UPDATED TERRAIN MODULE Ground_-4_-5 2308
20:03:14 | INFO: Starting glTF 2.0 export
20:03:14 | INFO: Extracting primitive: Ground_-3_-5Geometry
20:03:14 | INFO: Primitives created: 1
20:03:14 | INFO: Finished glTF 2.0 export in 0.008266210556030273 s

Info: Saved as "Ground_-3_-5.blend"
UPDATED TERRAIN MODULE Ground_-3_-5 2080
20:03:14 | INFO: Starting glTF 2.0 export
20:03:14 | INFO: Extracting primitive: Ground_-2_-5Geometry
20:03:14 | INFO: Primitives created: 1
20:03:14 | INFO: Finished glTF 2.0 export in 0.020182132720947266 s

Info: Saved as "Ground_-2_-5.blend"
UPDATED TERRAIN MODULE Ground_-2_-5 2048
20:03:15 | INFO: Starting glTF 2.0 export
20:03:15 | INFO: Extracting primitive: Ground_-1_-5Geometry
20:03:15 | INFO: Primitives created: 1
20:03:15 | INFO: Finished glTF 2.0 export in 0.011959075927734375 s

Info: Saved as "Ground_-1_-5.blend"
UPDATED TERRAIN MODULE Ground_-1_-5 2048
20:03:15 | INFO: Starting glTF 2.0 export
20:03:15 | INFO: Extracting primitive: Ground_0_-5Geometry
20:03:15 | INFO: Primitives created: 1
20:03:15 | INFO: Finished glTF 2.0 export in 0.009497880935668945 s

Info: Saved as "Ground_0_-5.blend"
UPDATED TERRAIN MODULE Ground_0_-5 1087
20:03:15 | INFO: Starting glTF 2.0 export
20:03:15 | INFO: Extracting primitive: Ground_1_-5Geometry
20:03:15 | INFO: Primitives created: 1
20:03:15 | INFO: Finished glTF 2.0 export in 0.007981061935424805 s

Info: Saved as "Ground_1_-5.blend"
UPDATED TERRAIN MODULE Ground_1_-5 1157
20:03:15 | INFO: Starting glTF 2.0 export
20:03:15 | INFO: Extracting primitive: Ground_2_-5Geometry
20:03:15 | INFO: Primitives created: 1
20:03:15 | INFO: Finished glTF 2.0 export in 0.005985260009765625 s

Info: Saved as "Ground_2_-5.blend"
UPDATED TERRAIN MODULE Ground_2_-5 968
20:03:16 | INFO: Starting glTF 2.0 export
20:03:16 | INFO: Extracting primitive: Ground_3_-5Geometry
20:03:16 | INFO: Primitives created: 1
20:03:16 | INFO: Finished glTF 2.0 export in 0.009974956512451172 s

Info: Saved as "Ground_3_-5.blend"
UPDATED TERRAIN MODULE Ground_3_-5 1959
20:03:16 | INFO: Starting glTF 2.0 export
20:03:16 | INFO: Extracting primitive: Ground_4_-5Geometry
20:03:16 | INFO: Primitives created: 1
20:03:16 | INFO: Finished glTF 2.0 export in 0.0189511775970459 s

Info: Saved as "Ground_4_-5.blend"
UPDATED TERRAIN MODULE Ground_4_-5 2048
20:03:16 | INFO: Starting glTF 2.0 export
20:03:16 | INFO: Extracting primitive: Ground_5_-5Geometry
20:03:16 | INFO: Primitives created: 1
20:03:16 | INFO: Finished glTF 2.0 export in 0.0375821590423584 s

Info: Saved as "Ground_5_-5.blend"
UPDATED TERRAIN MODULE Ground_5_-5 2048
20:03:17 | INFO: Starting glTF 2.0 export
20:03:17 | INFO: Extracting primitive: Ground_6_-5Geometry
20:03:17 | INFO: Primitives created: 1
20:03:17 | INFO: Finished glTF 2.0 export in 0.01990509033203125 s

Info: Saved as "Ground_6_-5.blend"
UPDATED TERRAIN MODULE Ground_6_-5 2048
20:03:17 | INFO: Starting glTF 2.0 export
20:03:17 | INFO: Extracting primitive: Ground_-6_-4Geometry
20:03:17 | INFO: Primitives created: 1
20:03:17 | INFO: Finished glTF 2.0 export in 0.008065462112426758 s

Info: Saved as "Ground_-6_-4.blend"
UPDATED TERRAIN MODULE Ground_-6_-4 2048
20:03:17 | INFO: Starting glTF 2.0 export
20:03:17 | INFO: Extracting primitive: Ground_-5_-4Geometry
20:03:17 | INFO: Primitives created: 1
20:03:17 | INFO: Finished glTF 2.0 export in 0.019856929779052734 s

Info: Saved as "Ground_-5_-4.blend"
UPDATED TERRAIN MODULE Ground_-5_-4 2048
20:03:18 | INFO: Starting glTF 2.0 export
20:03:18 | INFO: Extracting primitive: Ground_-4_-4Geometry
20:03:18 | INFO: Primitives created: 1
20:03:18 | INFO: Finished glTF 2.0 export in 0.021617650985717773 s

Info: Saved as "Ground_-4_-4.blend"
UPDATED TERRAIN MODULE Ground_-4_-4 2968
20:03:18 | INFO: Starting glTF 2.0 export
20:03:18 | INFO: Extracting primitive: Ground_-3_-4Geometry
20:03:18 | INFO: Primitives created: 1
20:03:18 | INFO: Finished glTF 2.0 export in 0.014959335327148438 s

Info: Saved as "Ground_-3_-4.blend"
UPDATED TERRAIN MODULE Ground_-3_-4 2048
20:03:18 | INFO: Starting glTF 2.0 export
20:03:18 | INFO: Extracting primitive: Ground_-2_-4Geometry
20:03:18 | INFO: Primitives created: 1
20:03:18 | INFO: Finished glTF 2.0 export in 0.015514850616455078 s

Info: Saved as "Ground_-2_-4.blend"
UPDATED TERRAIN MODULE Ground_-2_-4 2048
20:03:18 | INFO: Starting glTF 2.0 export
20:03:18 | INFO: Extracting primitive: Ground_-1_-4Geometry
20:03:18 | INFO: Primitives created: 1
20:03:18 | INFO: Finished glTF 2.0 export in 0.007980585098266602 s

Info: Saved as "Ground_-1_-4.blend"
UPDATED TERRAIN MODULE Ground_-1_-4 2048
20:03:18 | INFO: Starting glTF 2.0 export
20:03:18 | INFO: Extracting primitive: Ground_0_-4Geometry
20:03:18 | INFO: Primitives created: 1
20:03:18 | INFO: Finished glTF 2.0 export in 0.010912418365478516 s

Info: Saved as "Ground_0_-4.blend"
UPDATED TERRAIN MODULE Ground_0_-4 1141
20:03:19 | INFO: Starting glTF 2.0 export
20:03:19 | INFO: Extracting primitive: Ground_1_-4Geometry
20:03:19 | INFO: Primitives created: 1
20:03:19 | INFO: Finished glTF 2.0 export in 0.013736724853515625 s

Info: Saved as "Ground_1_-4.blend"
UPDATED TERRAIN MODULE Ground_1_-4 1937
20:03:19 | INFO: Starting glTF 2.0 export
20:03:19 | INFO: Extracting primitive: Ground_2_-4Geometry
20:03:19 | INFO: Primitives created: 1
20:03:19 | INFO: Finished glTF 2.0 export in 0.005983829498291016 s

Info: Saved as "Ground_2_-4.blend"
UPDATED TERRAIN MODULE Ground_2_-4 1192
20:03:19 | INFO: Starting glTF 2.0 export
20:03:19 | INFO: Extracting primitive: Ground_3_-4Geometry
20:03:19 | INFO: Primitives created: 1
20:03:19 | INFO: Finished glTF 2.0 export in 0.009973526000976562 s

Info: Saved as "Ground_3_-4.blend"
UPDATED TERRAIN MODULE Ground_3_-4 1926
20:03:20 | INFO: Starting glTF 2.0 export
20:03:20 | INFO: Extracting primitive: Ground_4_-4Geometry
20:03:20 | INFO: Primitives created: 1
20:03:20 | INFO: Finished glTF 2.0 export in 0.017961978912353516 s

Info: Saved as "Ground_4_-4.blend"
UPDATED TERRAIN MODULE Ground_4_-4 2048
20:03:20 | INFO: Starting glTF 2.0 export
20:03:20 | INFO: Extracting primitive: Ground_5_-4Geometry
20:03:20 | INFO: Primitives created: 1
20:03:20 | INFO: Finished glTF 2.0 export in 0.020609378814697266 s

Info: Saved as "Ground_5_-4.blend"
UPDATED TERRAIN MODULE Ground_5_-4 2050
20:03:20 | INFO: Starting glTF 2.0 export
20:03:20 | INFO: Extracting primitive: Ground_6_-4Geometry
20:03:20 | INFO: Primitives created: 1
20:03:20 | INFO: Finished glTF 2.0 export in 0.008980512619018555 s

Info: Saved as "Ground_6_-4.blend"
UPDATED TERRAIN MODULE Ground_6_-4 2048
20:03:21 | INFO: Starting glTF 2.0 export
20:03:21 | INFO: Extracting primitive: Ground_-6_-3Geometry
20:03:21 | INFO: Primitives created: 1
20:03:21 | INFO: Finished glTF 2.0 export in 0.01741647720336914 s

Info: Saved as "Ground_-6_-3.blend"
UPDATED TERRAIN MODULE Ground_-6_-3 2048
20:03:21 | INFO: Starting glTF 2.0 export
20:03:21 | INFO: Extracting primitive: Ground_-5_-3Geometry
20:03:21 | INFO: Primitives created: 1
20:03:21 | INFO: Finished glTF 2.0 export in 0.010973453521728516 s

Info: Saved as "Ground_-5_-3.blend"
UPDATED TERRAIN MODULE Ground_-5_-3 2048
20:03:21 | INFO: Starting glTF 2.0 export
20:03:21 | INFO: Extracting primitive: Ground_-4_-3Geometry
20:03:21 | INFO: Primitives created: 1
20:03:21 | INFO: Finished glTF 2.0 export in 0.007980585098266602 s

Info: Saved as "Ground_-4_-3.blend"
UPDATED TERRAIN MODULE Ground_-4_-3 2276
20:03:22 | INFO: Starting glTF 2.0 export
20:03:22 | INFO: Extracting primitive: Ground_-3_-3Geometry
20:03:22 | INFO: Primitives created: 1
20:03:22 | INFO: Finished glTF 2.0 export in 0.015485048294067383 s

Info: Saved as "Ground_-3_-3.blend"
UPDATED TERRAIN MODULE Ground_-3_-3 2748
20:03:22 | INFO: Starting glTF 2.0 export
20:03:22 | INFO: Extracting primitive: Ground_-2_-3Geometry
20:03:22 | INFO: Primitives created: 1
20:03:22 | INFO: Finished glTF 2.0 export in 0.010677099227905273 s

Info: Saved as "Ground_-2_-3.blend"
UPDATED TERRAIN MODULE Ground_-2_-3 2048
20:03:22 | INFO: Starting glTF 2.0 export
20:03:22 | INFO: Extracting primitive: Ground_-1_-3Geometry
20:03:22 | INFO: Primitives created: 1
20:03:22 | INFO: Finished glTF 2.0 export in 0.01695537567138672 s

Info: Saved as "Ground_-1_-3.blend"
UPDATED TERRAIN MODULE Ground_-1_-3 2052
20:03:22 | INFO: Starting glTF 2.0 export
20:03:22 | INFO: Extracting primitive: Ground_0_-3Geometry
20:03:22 | INFO: Primitives created: 1
20:03:22 | INFO: Finished glTF 2.0 export in 0.00925135612487793 s

Info: Saved as "Ground_0_-3.blend"
UPDATED TERRAIN MODULE Ground_0_-3 1565
20:03:23 | INFO: Starting glTF 2.0 export
20:03:23 | INFO: Extracting primitive: Ground_1_-3Geometry
20:03:23 | INFO: Primitives created: 1
20:03:23 | INFO: Finished glTF 2.0 export in 0.006982564926147461 s

Info: Saved as "Ground_1_-3.blend"
UPDATED TERRAIN MODULE Ground_1_-3 1135
20:03:23 | INFO: Starting glTF 2.0 export
20:03:23 | INFO: Extracting primitive: Ground_2_-3Geometry
20:03:23 | INFO: Primitives created: 1
20:03:23 | INFO: Finished glTF 2.0 export in 0.010226964950561523 s

Info: Saved as "Ground_2_-3.blend"
UPDATED TERRAIN MODULE Ground_2_-3 976
20:03:23 | INFO: Starting glTF 2.0 export
20:03:23 | INFO: Extracting primitive: Ground_3_-3Geometry
20:03:23 | INFO: Primitives created: 1
20:03:23 | INFO: Finished glTF 2.0 export in 0.01232767105102539 s

Info: Saved as "Ground_3_-3.blend"
UPDATED TERRAIN MODULE Ground_3_-3 1939
20:03:23 | INFO: Starting glTF 2.0 export
20:03:23 | INFO: Extracting primitive: Ground_4_-3Geometry
20:03:23 | INFO: Primitives created: 1
20:03:23 | INFO: Finished glTF 2.0 export in 0.012953758239746094 s

Info: Saved as "Ground_4_-3.blend"
UPDATED TERRAIN MODULE Ground_4_-3 2048
20:03:24 | INFO: Starting glTF 2.0 export
20:03:24 | INFO: Extracting primitive: Ground_5_-3Geometry
20:03:24 | INFO: Primitives created: 1
20:03:24 | INFO: Finished glTF 2.0 export in 0.009661674499511719 s

Info: Saved as "Ground_5_-3.blend"
UPDATED TERRAIN MODULE Ground_5_-3 2048
20:03:24 | INFO: Starting glTF 2.0 export
20:03:24 | INFO: Extracting primitive: Ground_6_-3Geometry
20:03:24 | INFO: Primitives created: 1
20:03:24 | INFO: Finished glTF 2.0 export in 0.02094554901123047 s

Info: Saved as "Ground_6_-3.blend"
UPDATED TERRAIN MODULE Ground_6_-3 2048
20:03:25 | INFO: Starting glTF 2.0 export
20:03:25 | INFO: Extracting primitive: Ground_-6_-2Geometry
20:03:25 | INFO: Primitives created: 1
20:03:25 | INFO: Finished glTF 2.0 export in 0.00797891616821289 s

Info: Saved as "Ground_-6_-2.blend"
UPDATED TERRAIN MODULE Ground_-6_-2 2048
20:03:25 | INFO: Starting glTF 2.0 export
20:03:25 | INFO: Extracting primitive: Ground_-5_-2Geometry
20:03:25 | INFO: Primitives created: 1
20:03:25 | INFO: Finished glTF 2.0 export in 0.019946813583374023 s

Info: Saved as "Ground_-5_-2.blend"
UPDATED TERRAIN MODULE Ground_-5_-2 2048
20:03:25 | INFO: Starting glTF 2.0 export
20:03:25 | INFO: Extracting primitive: Ground_-4_-2Geometry
20:03:25 | INFO: Primitives created: 1
20:03:25 | INFO: Finished glTF 2.0 export in 0.007267475128173828 s

Info: Saved as "Ground_-4_-2.blend"
UPDATED TERRAIN MODULE Ground_-4_-2 2048
20:03:25 | INFO: Starting glTF 2.0 export
20:03:25 | INFO: Extracting primitive: Ground_-3_-2Geometry
20:03:25 | INFO: Primitives created: 1
20:03:26 | INFO: Finished glTF 2.0 export in 0.026967525482177734 s

Info: Saved as "Ground_-3_-2.blend"
UPDATED TERRAIN MODULE Ground_-3_-2 2612
20:03:26 | INFO: Starting glTF 2.0 export
20:03:26 | INFO: Extracting primitive: Ground_-2_-2Geometry
20:03:26 | INFO: Primitives created: 1
20:03:26 | INFO: Finished glTF 2.0 export in 0.014859199523925781 s

Info: Saved as "Ground_-2_-2.blend"
UPDATED TERRAIN MODULE Ground_-2_-2 2614
20:03:27 | INFO: Starting glTF 2.0 export
20:03:27 | INFO: Extracting primitive: Ground_-1_-2Geometry
20:03:27 | INFO: Primitives created: 1
20:03:27 | INFO: Finished glTF 2.0 export in 0.02523040771484375 s

Info: Saved as "Ground_-1_-2.blend"
UPDATED TERRAIN MODULE Ground_-1_-2 8272
20:03:28 | INFO: Starting glTF 2.0 export
20:03:28 | INFO: Extracting primitive: Ground_0_-2Geometry
20:03:28 | INFO: Primitives created: 1
20:03:28 | INFO: Finished glTF 2.0 export in 0.034928321838378906 s

Info: Saved as "Ground_0_-2.blend"
UPDATED TERRAIN MODULE Ground_0_-2 6119
20:03:28 | INFO: Starting glTF 2.0 export
20:03:28 | INFO: Extracting primitive: Ground_1_-2Geometry
20:03:28 | INFO: Primitives created: 1
20:03:28 | INFO: Finished glTF 2.0 export in 0.020941495895385742 s

Info: Saved as "Ground_1_-2.blend"
UPDATED TERRAIN MODULE Ground_1_-2 4995
20:03:28 | INFO: Starting glTF 2.0 export
20:03:28 | INFO: Extracting primitive: Ground_2_-2Geometry
20:03:28 | INFO: Primitives created: 1
20:03:28 | INFO: Finished glTF 2.0 export in 0.006983757019042969 s

Info: Saved as "Ground_2_-2.blend"
UPDATED TERRAIN MODULE Ground_2_-2 860
20:03:29 | INFO: Starting glTF 2.0 export
20:03:29 | INFO: Extracting primitive: Ground_3_-2Geometry
20:03:29 | INFO: Primitives created: 1
20:03:29 | INFO: Finished glTF 2.0 export in 0.023935317993164062 s

Info: Saved as "Ground_3_-2.blend"
UPDATED TERRAIN MODULE Ground_3_-2 1984
20:03:29 | INFO: Starting glTF 2.0 export
20:03:29 | INFO: Extracting primitive: Ground_4_-2Geometry
20:03:29 | INFO: Primitives created: 1
20:03:29 | INFO: Finished glTF 2.0 export in 0.013964653015136719 s

Info: Saved as "Ground_4_-2.blend"
UPDATED TERRAIN MODULE Ground_4_-2 2048
20:03:29 | INFO: Starting glTF 2.0 export
20:03:29 | INFO: Extracting primitive: Ground_5_-2Geometry
20:03:29 | INFO: Primitives created: 1
20:03:29 | INFO: Finished glTF 2.0 export in 0.014959096908569336 s

Info: Saved as "Ground_5_-2.blend"
UPDATED TERRAIN MODULE Ground_5_-2 2048
20:03:30 | INFO: Starting glTF 2.0 export
20:03:30 | INFO: Extracting primitive: Ground_6_-2Geometry
20:03:30 | INFO: Primitives created: 1
20:03:30 | INFO: Finished glTF 2.0 export in 0.009975194931030273 s

Info: Saved as "Ground_6_-2.blend"
UPDATED TERRAIN MODULE Ground_6_-2 2048
20:03:30 | INFO: Starting glTF 2.0 export
20:03:30 | INFO: Extracting primitive: Ground_-6_-1Geometry
20:03:30 | INFO: Primitives created: 1
20:03:30 | INFO: Finished glTF 2.0 export in 0.010741949081420898 s

Info: Saved as "Ground_-6_-1.blend"
UPDATED TERRAIN MODULE Ground_-6_-1 2048
20:03:30 | INFO: Starting glTF 2.0 export
20:03:30 | INFO: Extracting primitive: Ground_-5_-1Geometry
20:03:30 | INFO: Primitives created: 1
20:03:30 | INFO: Finished glTF 2.0 export in 0.008974790573120117 s

Info: Saved as "Ground_-5_-1.blend"
UPDATED TERRAIN MODULE Ground_-5_-1 2048
20:03:31 | INFO: Starting glTF 2.0 export
20:03:31 | INFO: Extracting primitive: Ground_-4_-1Geometry
20:03:31 | INFO: Primitives created: 1
20:03:31 | INFO: Finished glTF 2.0 export in 0.01746654510498047 s

Info: Saved as "Ground_-4_-1.blend"
UPDATED TERRAIN MODULE Ground_-4_-1 2048
20:03:31 | INFO: Starting glTF 2.0 export
20:03:31 | INFO: Extracting primitive: Ground_-3_-1Geometry
20:03:31 | INFO: Primitives created: 1
20:03:31 | INFO: Finished glTF 2.0 export in 0.0169370174407959 s

Info: Saved as "Ground_-3_-1.blend"
UPDATED TERRAIN MODULE Ground_-3_-1 2048
20:03:31 | INFO: Starting glTF 2.0 export
20:03:31 | INFO: Extracting primitive: Ground_-2_-1Geometry
20:03:31 | INFO: Primitives created: 1
20:03:31 | INFO: Finished glTF 2.0 export in 0.018583059310913086 s

Info: Saved as "Ground_-2_-1.blend"
UPDATED TERRAIN MODULE Ground_-2_-1 2500
20:03:33 | INFO: Starting glTF 2.0 export
20:03:33 | INFO: Extracting primitive: Ground_-1_-1Geometry
20:03:33 | INFO: Primitives created: 1
20:03:33 | INFO: Finished glTF 2.0 export in 0.05898237228393555 s

Info: Saved as "Ground_-1_-1.blend"
UPDATED TERRAIN MODULE Ground_-1_-1 12489
20:03:34 | INFO: Starting glTF 2.0 export
20:03:34 | INFO: Extracting primitive: Ground_0_-1Geometry
20:03:34 | INFO: Primitives created: 1
20:03:34 | INFO: Finished glTF 2.0 export in 0.05186128616333008 s

Info: Saved as "Ground_0_-1.blend"
UPDATED TERRAIN MODULE Ground_0_-1 14088
20:03:35 | INFO: Starting glTF 2.0 export
20:03:35 | INFO: Extracting primitive: Ground_1_-1Geometry
20:03:35 | INFO: Primitives created: 1
20:03:35 | INFO: Finished glTF 2.0 export in 0.01595926284790039 s

Info: Saved as "Ground_1_-1.blend"
UPDATED TERRAIN MODULE Ground_1_-1 7984
20:03:36 | INFO: Starting glTF 2.0 export
20:03:36 | INFO: Extracting primitive: Ground_2_-1Geometry
20:03:36 | INFO: Primitives created: 1
20:03:36 | INFO: Finished glTF 2.0 export in 0.006981611251831055 s

Info: Saved as "Ground_2_-1.blend"
UPDATED TERRAIN MODULE Ground_2_-1 2038
20:03:36 | INFO: Starting glTF 2.0 export
20:03:36 | INFO: Extracting primitive: Ground_3_-1Geometry
20:03:36 | INFO: Primitives created: 1
20:03:36 | INFO: Finished glTF 2.0 export in 0.010975837707519531 s

Info: Saved as "Ground_3_-1.blend"
UPDATED TERRAIN MODULE Ground_3_-1 2059
20:03:36 | INFO: Starting glTF 2.0 export
20:03:36 | INFO: Extracting primitive: Ground_4_-1Geometry
20:03:36 | INFO: Primitives created: 1
20:03:36 | INFO: Finished glTF 2.0 export in 0.0069811344146728516 s

Info: Saved as "Ground_4_-1.blend"
UPDATED TERRAIN MODULE Ground_4_-1 2048
20:03:37 | INFO: Starting glTF 2.0 export
20:03:37 | INFO: Extracting primitive: Ground_5_-1Geometry
20:03:37 | INFO: Primitives created: 1
20:03:37 | INFO: Finished glTF 2.0 export in 0.007980108261108398 s

Info: Saved as "Ground_5_-1.blend"
UPDATED TERRAIN MODULE Ground_5_-1 2048
20:03:37 | INFO: Starting glTF 2.0 export
20:03:37 | INFO: Extracting primitive: Ground_6_-1Geometry
20:03:37 | INFO: Primitives created: 1
20:03:37 | INFO: Finished glTF 2.0 export in 0.013962745666503906 s

Info: Saved as "Ground_6_-1.blend"
UPDATED TERRAIN MODULE Ground_6_-1 2048
20:03:37 | INFO: Starting glTF 2.0 export
20:03:37 | INFO: Extracting primitive: Ground_-6_0Geometry
20:03:37 | INFO: Primitives created: 1
20:03:37 | INFO: Finished glTF 2.0 export in 0.014590978622436523 s

Info: Saved as "Ground_-6_0.blend"
UPDATED TERRAIN MODULE Ground_-6_0 2048
20:03:38 | INFO: Starting glTF 2.0 export
20:03:38 | INFO: Extracting primitive: Ground_-5_0Geometry
20:03:38 | INFO: Primitives created: 1
20:03:38 | INFO: Finished glTF 2.0 export in 0.009973526000976562 s

Info: Saved as "Ground_-5_0.blend"
UPDATED TERRAIN MODULE Ground_-5_0 2048
20:03:38 | INFO: Starting glTF 2.0 export
20:03:38 | INFO: Extracting primitive: Ground_-4_0Geometry
20:03:38 | INFO: Primitives created: 1
20:03:38 | INFO: Finished glTF 2.0 export in 0.011969804763793945 s

Info: Saved as "Ground_-4_0.blend"
UPDATED TERRAIN MODULE Ground_-4_0 2048
20:03:38 | INFO: Starting glTF 2.0 export
20:03:38 | INFO: Extracting primitive: Ground_-3_0Geometry
20:03:38 | INFO: Primitives created: 1
20:03:38 | INFO: Finished glTF 2.0 export in 0.012999773025512695 s

Info: Saved as "Ground_-3_0.blend"
UPDATED TERRAIN MODULE Ground_-3_0 2048
20:03:39 | INFO: Starting glTF 2.0 export
20:03:39 | INFO: Extracting primitive: Ground_-2_0Geometry
20:03:39 | INFO: Primitives created: 1
20:03:39 | INFO: Finished glTF 2.0 export in 0.010491132736206055 s

Info: Saved as "Ground_-2_0.blend"
UPDATED TERRAIN MODULE Ground_-2_0 2048
20:03:40 | INFO: Starting glTF 2.0 export
20:03:40 | INFO: Extracting primitive: Ground_-1_0Geometry
20:03:40 | INFO: Primitives created: 1
20:03:40 | INFO: Finished glTF 2.0 export in 0.04748678207397461 s

Info: Saved as "Ground_-1_0.blend"
UPDATED TERRAIN MODULE Ground_-1_0 8980
20:03:41 | INFO: Starting glTF 2.0 export
20:03:41 | INFO: Extracting primitive: Ground_0_0Geometry
20:03:41 | INFO: Primitives created: 1
20:03:41 | INFO: Finished glTF 2.0 export in 0.033219337463378906 s

Info: Saved as "Ground_0_0.blend"
UPDATED TERRAIN MODULE Ground_0_0 8405
20:03:42 | INFO: Starting glTF 2.0 export
20:03:42 | INFO: Extracting primitive: Ground_1_0Geometry
20:03:42 | INFO: Primitives created: 1
20:03:42 | INFO: Finished glTF 2.0 export in 0.01813673973083496 s

Info: Saved as "Ground_1_0.blend"
UPDATED TERRAIN MODULE Ground_1_0 8064
20:03:42 | INFO: Starting glTF 2.0 export
20:03:42 | INFO: Extracting primitive: Ground_2_0Geometry
20:03:42 | INFO: Primitives created: 1
20:03:42 | INFO: Finished glTF 2.0 export in 0.012484312057495117 s

Info: Saved as "Ground_2_0.blend"
UPDATED TERRAIN MODULE Ground_2_0 2048
20:03:42 | INFO: Starting glTF 2.0 export
20:03:42 | INFO: Extracting primitive: Ground_3_0Geometry
20:03:42 | INFO: Primitives created: 1
20:03:42 | INFO: Finished glTF 2.0 export in 0.016954421997070312 s

Info: Saved as "Ground_3_0.blend"
UPDATED TERRAIN MODULE Ground_3_0 2048
20:03:43 | INFO: Starting glTF 2.0 export
20:03:43 | INFO: Extracting primitive: Ground_4_0Geometry
20:03:43 | INFO: Primitives created: 1
20:03:43 | INFO: Finished glTF 2.0 export in 0.010013341903686523 s

Info: Saved as "Ground_4_0.blend"
UPDATED TERRAIN MODULE Ground_4_0 2048
20:03:43 | INFO: Starting glTF 2.0 export
20:03:43 | INFO: Extracting primitive: Ground_5_0Geometry
20:03:43 | INFO: Primitives created: 1
20:03:43 | INFO: Finished glTF 2.0 export in 0.0199434757232666 s

Info: Saved as "Ground_5_0.blend"
UPDATED TERRAIN MODULE Ground_5_0 2048
20:03:44 | INFO: Starting glTF 2.0 export
20:03:44 | INFO: Extracting primitive: Ground_6_0Geometry
20:03:44 | INFO: Primitives created: 1
20:03:44 | INFO: Finished glTF 2.0 export in 0.01631951332092285 s

Info: Saved as "Ground_6_0.blend"
UPDATED TERRAIN MODULE Ground_6_0 2048
20:03:44 | INFO: Starting glTF 2.0 export
20:03:44 | INFO: Extracting primitive: Ground_-6_1Geometry
20:03:44 | INFO: Primitives created: 1
20:03:44 | INFO: Finished glTF 2.0 export in 0.011395931243896484 s

Info: Saved as "Ground_-6_1.blend"
UPDATED TERRAIN MODULE Ground_-6_1 2048
20:03:44 | INFO: Starting glTF 2.0 export
20:03:44 | INFO: Extracting primitive: Ground_-5_1Geometry
20:03:45 | INFO: Primitives created: 1
20:03:45 | INFO: Finished glTF 2.0 export in 0.02593207359313965 s

Info: Saved as "Ground_-5_1.blend"
UPDATED TERRAIN MODULE Ground_-5_1 2048
20:03:45 | INFO: Starting glTF 2.0 export
20:03:45 | INFO: Extracting primitive: Ground_-4_1Geometry
20:03:45 | INFO: Primitives created: 1
20:03:45 | INFO: Finished glTF 2.0 export in 0.03191661834716797 s

Info: Saved as "Ground_-4_1.blend"
UPDATED TERRAIN MODULE Ground_-4_1 2048
20:03:45 | INFO: Starting glTF 2.0 export
20:03:45 | INFO: Extracting primitive: Ground_-3_1Geometry
20:03:45 | INFO: Primitives created: 1
20:03:45 | INFO: Finished glTF 2.0 export in 0.011970043182373047 s

Info: Saved as "Ground_-3_1.blend"
UPDATED TERRAIN MODULE Ground_-3_1 2048
20:03:46 | INFO: Starting glTF 2.0 export
20:03:46 | INFO: Extracting primitive: Ground_-2_1Geometry
20:03:46 | INFO: Primitives created: 1
20:03:46 | INFO: Finished glTF 2.0 export in 0.013982772827148438 s

Info: Saved as "Ground_-2_1.blend"
UPDATED TERRAIN MODULE Ground_-2_1 2412
20:03:46 | INFO: Starting glTF 2.0 export
20:03:46 | INFO: Extracting primitive: Ground_-1_1Geometry
20:03:46 | INFO: Primitives created: 1
20:03:46 | INFO: Finished glTF 2.0 export in 0.01595783233642578 s

Info: Saved as "Ground_-1_1.blend"
UPDATED TERRAIN MODULE Ground_-1_1 2574
20:03:46 | INFO: Starting glTF 2.0 export
20:03:46 | INFO: Extracting primitive: Ground_0_1Geometry
20:03:46 | INFO: Primitives created: 1
20:03:46 | INFO: Finished glTF 2.0 export in 0.009879827499389648 s

Info: Saved as "Ground_0_1.blend"
UPDATED TERRAIN MODULE Ground_0_1 2048
20:03:47 | INFO: Starting glTF 2.0 export
20:03:47 | INFO: Extracting primitive: Ground_1_1Geometry
20:03:47 | INFO: Primitives created: 1
20:03:47 | INFO: Finished glTF 2.0 export in 0.009900808334350586 s

Info: Saved as "Ground_1_1.blend"
UPDATED TERRAIN MODULE Ground_1_1 2048
20:03:47 | INFO: Starting glTF 2.0 export
20:03:47 | INFO: Extracting primitive: Ground_2_1Geometry
20:03:47 | INFO: Primitives created: 1
20:03:47 | INFO: Finished glTF 2.0 export in 0.021146535873413086 s

Info: Saved as "Ground_2_1.blend"
UPDATED TERRAIN MODULE Ground_2_1 2048
20:03:47 | INFO: Starting glTF 2.0 export
20:03:47 | INFO: Extracting primitive: Ground_3_1Geometry
20:03:47 | INFO: Primitives created: 1
20:03:47 | INFO: Finished glTF 2.0 export in 0.01695537567138672 s

Info: Saved as "Ground_3_1.blend"
UPDATED TERRAIN MODULE Ground_3_1 2050
20:03:48 | INFO: Starting glTF 2.0 export
20:03:48 | INFO: Extracting primitive: Ground_4_1Geometry
20:03:48 | INFO: Primitives created: 1
20:03:48 | INFO: Finished glTF 2.0 export in 0.031174898147583008 s

Info: Saved as "Ground_4_1.blend"
UPDATED TERRAIN MODULE Ground_4_1 2048
20:03:48 | INFO: Starting glTF 2.0 export
20:03:48 | INFO: Extracting primitive: Ground_5_1Geometry
20:03:48 | INFO: Primitives created: 1
20:03:48 | INFO: Finished glTF 2.0 export in 0.039701223373413086 s

Info: Saved as "Ground_5_1.blend"
UPDATED TERRAIN MODULE Ground_5_1 2048
20:03:49 | INFO: Starting glTF 2.0 export
20:03:49 | INFO: Extracting primitive: Ground_6_1Geometry
20:03:49 | INFO: Primitives created: 1
20:03:49 | INFO: Finished glTF 2.0 export in 0.02744126319885254 s

Info: Saved as "Ground_6_1.blend"
UPDATED TERRAIN MODULE Ground_6_1 2048
20:03:49 | INFO: Starting glTF 2.0 export
20:03:49 | INFO: Extracting primitive: Ground_-6_2Geometry
20:03:49 | INFO: Primitives created: 1
20:03:49 | INFO: Finished glTF 2.0 export in 0.008974313735961914 s

Info: Saved as "Ground_-6_2.blend"
UPDATED TERRAIN MODULE Ground_-6_2 2048
20:03:50 | INFO: Starting glTF 2.0 export
20:03:50 | INFO: Extracting primitive: Ground_-5_2Geometry
20:03:50 | INFO: Primitives created: 1
20:03:50 | INFO: Finished glTF 2.0 export in 0.12235832214355469 s

Info: Saved as "Ground_-5_2.blend"
UPDATED TERRAIN MODULE Ground_-5_2 2048
20:03:50 | INFO: Starting glTF 2.0 export
20:03:50 | INFO: Extracting primitive: Ground_-4_2Geometry
20:03:50 | INFO: Primitives created: 1
20:03:50 | INFO: Finished glTF 2.0 export in 0.021266937255859375 s

Info: Saved as "Ground_-4_2.blend"
UPDATED TERRAIN MODULE Ground_-4_2 2048
20:03:51 | INFO: Starting glTF 2.0 export
20:03:51 | INFO: Extracting primitive: Ground_-3_2Geometry
20:03:51 | INFO: Primitives created: 1
20:03:51 | INFO: Finished glTF 2.0 export in 0.01595759391784668 s

Info: Saved as "Ground_-3_2.blend"
UPDATED TERRAIN MODULE Ground_-3_2 2048
20:03:51 | INFO: Starting glTF 2.0 export
20:03:51 | INFO: Extracting primitive: Ground_-2_2Geometry
20:03:51 | INFO: Primitives created: 1
20:03:51 | INFO: Finished glTF 2.0 export in 0.013523578643798828 s

Info: Saved as "Ground_-2_2.blend"
UPDATED TERRAIN MODULE Ground_-2_2 2936
20:03:52 | INFO: Starting glTF 2.0 export
20:03:52 | INFO: Extracting primitive: Ground_-1_2Geometry
20:03:52 | INFO: Primitives created: 1
20:03:52 | INFO: Finished glTF 2.0 export in 0.07194972038269043 s

Info: Saved as "Ground_-1_2.blend"
UPDATED TERRAIN MODULE Ground_-1_2 2048
20:03:52 | INFO: Starting glTF 2.0 export
20:03:52 | INFO: Extracting primitive: Ground_0_2Geometry
20:03:52 | INFO: Primitives created: 1
20:03:52 | INFO: Finished glTF 2.0 export in 0.018946409225463867 s

Info: Saved as "Ground_0_2.blend"
UPDATED TERRAIN MODULE Ground_0_2 2048
20:03:52 | INFO: Starting glTF 2.0 export
20:03:52 | INFO: Extracting primitive: Ground_1_2Geometry
20:03:52 | INFO: Primitives created: 1
20:03:52 | INFO: Finished glTF 2.0 export in 0.011478900909423828 s

Info: Saved as "Ground_1_2.blend"
UPDATED TERRAIN MODULE Ground_1_2 2048
20:03:53 | INFO: Starting glTF 2.0 export
20:03:53 | INFO: Extracting primitive: Ground_2_2Geometry
20:03:53 | INFO: Primitives created: 1
20:03:53 | INFO: Finished glTF 2.0 export in 0.018950462341308594 s

Info: Saved as "Ground_2_2.blend"
UPDATED TERRAIN MODULE Ground_2_2 2048
20:03:53 | INFO: Starting glTF 2.0 export
20:03:53 | INFO: Extracting primitive: Ground_3_2Geometry
20:03:53 | INFO: Primitives created: 1
20:03:53 | INFO: Finished glTF 2.0 export in 0.01197052001953125 s

Info: Saved as "Ground_3_2.blend"
UPDATED TERRAIN MODULE Ground_3_2 2048
20:03:53 | INFO: Starting glTF 2.0 export
20:03:53 | INFO: Extracting primitive: Ground_4_2Geometry
20:03:53 | INFO: Primitives created: 1
20:03:53 | INFO: Finished glTF 2.0 export in 0.020571231842041016 s

Info: Saved as "Ground_4_2.blend"
UPDATED TERRAIN MODULE Ground_4_2 2050
20:03:54 | INFO: Starting glTF 2.0 export
20:03:54 | INFO: Extracting primitive: Ground_5_2Geometry
20:03:54 | INFO: Primitives created: 1
20:03:54 | INFO: Finished glTF 2.0 export in 0.029921293258666992 s

Info: Saved as "Ground_5_2.blend"
UPDATED TERRAIN MODULE Ground_5_2 2048
20:03:54 | INFO: Starting glTF 2.0 export
20:03:54 | INFO: Extracting primitive: Ground_6_2Geometry
20:03:54 | INFO: Primitives created: 1
20:03:54 | INFO: Finished glTF 2.0 export in 0.019804954528808594 s

Info: Saved as "Ground_6_2.blend"
UPDATED TERRAIN MODULE Ground_6_2 2048
20:03:55 | INFO: Starting glTF 2.0 export
20:03:55 | INFO: Extracting primitive: Ground_-6_3Geometry
20:03:55 | INFO: Primitives created: 1
20:03:55 | INFO: Finished glTF 2.0 export in 0.011574029922485352 s

Info: Saved as "Ground_-6_3.blend"
UPDATED TERRAIN MODULE Ground_-6_3 2048
20:03:55 | INFO: Starting glTF 2.0 export
20:03:55 | INFO: Extracting primitive: Ground_-5_3Geometry
20:03:55 | INFO: Primitives created: 1
20:03:55 | INFO: Finished glTF 2.0 export in 0.016953706741333008 s

Info: Saved as "Ground_-5_3.blend"
UPDATED TERRAIN MODULE Ground_-5_3 2048
20:03:55 | INFO: Starting glTF 2.0 export
20:03:55 | INFO: Extracting primitive: Ground_-4_3Geometry
20:03:55 | INFO: Primitives created: 1
20:03:55 | INFO: Finished glTF 2.0 export in 0.024933338165283203 s

Info: Saved as "Ground_-4_3.blend"
UPDATED TERRAIN MODULE Ground_-4_3 2048
20:03:56 | INFO: Starting glTF 2.0 export
20:03:56 | INFO: Extracting primitive: Ground_-3_3Geometry
20:03:56 | INFO: Primitives created: 1
20:03:56 | INFO: Finished glTF 2.0 export in 0.019946813583374023 s

Info: Saved as "Ground_-3_3.blend"
UPDATED TERRAIN MODULE Ground_-3_3 2616
20:03:56 | INFO: Starting glTF 2.0 export
20:03:56 | INFO: Extracting primitive: Ground_-2_3Geometry
20:03:56 | INFO: Primitives created: 1
20:03:56 | INFO: Finished glTF 2.0 export in 0.018837451934814453 s

Info: Saved as "Ground_-2_3.blend"
UPDATED TERRAIN MODULE Ground_-2_3 2374
20:03:57 | INFO: Starting glTF 2.0 export
20:03:57 | INFO: Extracting primitive: Ground_-1_3Geometry
20:03:57 | INFO: Primitives created: 1
20:03:57 | INFO: Finished glTF 2.0 export in 0.021801471710205078 s

Info: Saved as "Ground_-1_3.blend"
UPDATED TERRAIN MODULE Ground_-1_3 2048
20:03:57 | INFO: Starting glTF 2.0 export
20:03:57 | INFO: Extracting primitive: Ground_0_3Geometry
20:03:57 | INFO: Primitives created: 1
20:03:57 | INFO: Finished glTF 2.0 export in 0.017950057983398438 s

Info: Saved as "Ground_0_3.blend"
UPDATED TERRAIN MODULE Ground_0_3 2048
20:03:58 | INFO: Starting glTF 2.0 export
20:03:58 | INFO: Extracting primitive: Ground_1_3Geometry
20:03:58 | INFO: Primitives created: 1
20:03:58 | INFO: Finished glTF 2.0 export in 0.021769046783447266 s

Info: Saved as "Ground_1_3.blend"
UPDATED TERRAIN MODULE Ground_1_3 2048
20:03:58 | INFO: Starting glTF 2.0 export
20:03:58 | INFO: Extracting primitive: Ground_2_3Geometry
20:03:58 | INFO: Primitives created: 1
20:03:58 | INFO: Finished glTF 2.0 export in 0.020311355590820312 s

Info: Saved as "Ground_2_3.blend"
UPDATED TERRAIN MODULE Ground_2_3 2048
20:03:59 | INFO: Starting glTF 2.0 export
20:03:59 | INFO: Extracting primitive: Ground_3_3Geometry
20:03:59 | INFO: Primitives created: 1
20:03:59 | INFO: Finished glTF 2.0 export in 0.03741717338562012 s

Info: Saved as "Ground_3_3.blend"
UPDATED TERRAIN MODULE Ground_3_3 2048
20:03:59 | INFO: Starting glTF 2.0 export
20:03:59 | INFO: Extracting primitive: Ground_4_3Geometry
20:03:59 | INFO: Primitives created: 1
20:03:59 | INFO: Finished glTF 2.0 export in 0.01994633674621582 s

Info: Saved as "Ground_4_3.blend"
UPDATED TERRAIN MODULE Ground_4_3 2048
20:03:59 | INFO: Starting glTF 2.0 export
20:03:59 | INFO: Extracting primitive: Ground_5_3Geometry
20:03:59 | INFO: Primitives created: 1
20:03:59 | INFO: Finished glTF 2.0 export in 0.013962268829345703 s

Info: Saved as "Ground_5_3.blend"
UPDATED TERRAIN MODULE Ground_5_3 2048
20:04:00 | INFO: Starting glTF 2.0 export
20:04:00 | INFO: Extracting primitive: Ground_6_3Geometry
20:04:00 | INFO: Primitives created: 1
20:04:00 | INFO: Finished glTF 2.0 export in 0.009974002838134766 s

Info: Saved as "Ground_6_3.blend"
UPDATED TERRAIN MODULE Ground_6_3 2048
20:04:01 | INFO: Starting glTF 2.0 export
20:04:01 | INFO: Extracting primitive: Ground_-6_4Geometry
20:04:01 | INFO: Primitives created: 1
20:04:01 | INFO: Finished glTF 2.0 export in 0.02595973014831543 s

Info: Saved as "Ground_-6_4.blend"
UPDATED TERRAIN MODULE Ground_-6_4 2048
20:04:01 | INFO: Starting glTF 2.0 export
20:04:01 | INFO: Extracting primitive: Ground_-5_4Geometry
20:04:01 | INFO: Primitives created: 1
20:04:01 | INFO: Finished glTF 2.0 export in 0.021015405654907227 s

Info: Saved as "Ground_-5_4.blend"
UPDATED TERRAIN MODULE Ground_-5_4 2048
20:04:01 | INFO: Starting glTF 2.0 export
20:04:01 | INFO: Extracting primitive: Ground_-4_4Geometry
20:04:01 | INFO: Primitives created: 1
20:04:01 | INFO: Finished glTF 2.0 export in 0.010972976684570312 s

Info: Saved as "Ground_-4_4.blend"
UPDATED TERRAIN MODULE Ground_-4_4 2048
20:04:02 | INFO: Starting glTF 2.0 export
20:04:02 | INFO: Extracting primitive: Ground_-3_4Geometry
20:04:02 | INFO: Primitives created: 1
20:04:02 | INFO: Finished glTF 2.0 export in 0.020007610321044922 s

Info: Saved as "Ground_-3_4.blend"
UPDATED TERRAIN MODULE Ground_-3_4 2886
20:04:02 | INFO: Starting glTF 2.0 export
20:04:02 | INFO: Extracting primitive: Ground_-2_4Geometry
20:04:02 | INFO: Primitives created: 1
20:04:02 | INFO: Finished glTF 2.0 export in 0.017951011657714844 s

Info: Saved as "Ground_-2_4.blend"
UPDATED TERRAIN MODULE Ground_-2_4 2048
20:04:02 | INFO: Starting glTF 2.0 export
20:04:02 | INFO: Extracting primitive: Ground_-1_4Geometry
20:04:02 | INFO: Primitives created: 1
20:04:02 | INFO: Finished glTF 2.0 export in 0.008296966552734375 s

Info: Saved as "Ground_-1_4.blend"
UPDATED TERRAIN MODULE Ground_-1_4 2048
20:04:02 | INFO: Starting glTF 2.0 export
20:04:02 | INFO: Extracting primitive: Ground_0_4Geometry
20:04:02 | INFO: Primitives created: 1
20:04:02 | INFO: Finished glTF 2.0 export in 0.015956640243530273 s

Info: Saved as "Ground_0_4.blend"
UPDATED TERRAIN MODULE Ground_0_4 2048
20:04:03 | INFO: Starting glTF 2.0 export
20:04:03 | INFO: Extracting primitive: Ground_1_4Geometry
20:04:03 | INFO: Primitives created: 1
20:04:03 | INFO: Finished glTF 2.0 export in 0.013963699340820312 s

Info: Saved as "Ground_1_4.blend"
UPDATED TERRAIN MODULE Ground_1_4 2048
20:04:03 | INFO: Starting glTF 2.0 export
20:04:03 | INFO: Extracting primitive: Ground_2_4Geometry
20:04:03 | INFO: Primitives created: 1
20:04:03 | INFO: Finished glTF 2.0 export in 0.015498638153076172 s

Info: Saved as "Ground_2_4.blend"
UPDATED TERRAIN MODULE Ground_2_4 2048
20:04:04 | INFO: Starting glTF 2.0 export
20:04:04 | INFO: Extracting primitive: Ground_3_4Geometry
20:04:04 | INFO: Primitives created: 1
20:04:04 | INFO: Finished glTF 2.0 export in 0.02309584617614746 s

Info: Saved as "Ground_3_4.blend"
UPDATED TERRAIN MODULE Ground_3_4 2048
20:04:04 | INFO: Starting glTF 2.0 export
20:04:04 | INFO: Extracting primitive: Ground_4_4Geometry
20:04:04 | INFO: Primitives created: 1
20:04:04 | INFO: Finished glTF 2.0 export in 0.03889656066894531 s

Info: Saved as "Ground_4_4.blend"
UPDATED TERRAIN MODULE Ground_4_4 2048
20:04:04 | INFO: Starting glTF 2.0 export
20:04:04 | INFO: Extracting primitive: Ground_5_4Geometry
20:04:04 | INFO: Primitives created: 1
20:04:04 | INFO: Finished glTF 2.0 export in 0.024936199188232422 s

Info: Saved as "Ground_5_4.blend"
UPDATED TERRAIN MODULE Ground_5_4 2048
20:04:05 | INFO: Starting glTF 2.0 export
20:04:05 | INFO: Extracting primitive: Ground_6_4Geometry
20:04:05 | INFO: Primitives created: 1
20:04:05 | INFO: Finished glTF 2.0 export in 0.008980035781860352 s

Info: Saved as "Ground_6_4.blend"
UPDATED TERRAIN MODULE Ground_6_4 2048
20:04:06 | INFO: Starting glTF 2.0 export
20:04:06 | INFO: Extracting primitive: Ground_-6_5Geometry
20:04:06 | INFO: Primitives created: 1
20:04:06 | INFO: Finished glTF 2.0 export in 0.020413875579833984 s

Info: Saved as "Ground_-6_5.blend"
UPDATED TERRAIN MODULE Ground_-6_5 2048
20:04:07 | INFO: Starting glTF 2.0 export
20:04:07 | INFO: Extracting primitive: Ground_-5_5Geometry
20:04:07 | INFO: Primitives created: 1
20:04:07 | INFO: Finished glTF 2.0 export in 0.017200708389282227 s

Info: Saved as "Ground_-5_5.blend"
UPDATED TERRAIN MODULE Ground_-5_5 2048
20:04:08 | INFO: Starting glTF 2.0 export
20:04:08 | INFO: Extracting primitive: Ground_-4_5Geometry
20:04:08 | INFO: Primitives created: 1
20:04:08 | INFO: Finished glTF 2.0 export in 0.018947601318359375 s

Info: Saved as "Ground_-4_5.blend"
UPDATED TERRAIN MODULE Ground_-4_5 2048
20:04:08 | INFO: Starting glTF 2.0 export
20:04:08 | INFO: Extracting primitive: Ground_-3_5Geometry
20:04:08 | INFO: Primitives created: 1
20:04:08 | INFO: Finished glTF 2.0 export in 0.021941661834716797 s

Info: Saved as "Ground_-3_5.blend"
UPDATED TERRAIN MODULE Ground_-3_5 2840
20:04:09 | INFO: Starting glTF 2.0 export
20:04:09 | INFO: Extracting primitive: Ground_-2_5Geometry
20:04:09 | INFO: Primitives created: 1
20:04:09 | INFO: Finished glTF 2.0 export in 0.017954587936401367 s

Info: Saved as "Ground_-2_5.blend"
UPDATED TERRAIN MODULE Ground_-2_5 2048
20:04:09 | INFO: Starting glTF 2.0 export
20:04:09 | INFO: Extracting primitive: Ground_-1_5Geometry
20:04:09 | INFO: Primitives created: 1
20:04:09 | INFO: Finished glTF 2.0 export in 0.023935317993164062 s

Info: Saved as "Ground_-1_5.blend"
UPDATED TERRAIN MODULE Ground_-1_5 2048
20:04:10 | INFO: Starting glTF 2.0 export
20:04:10 | INFO: Extracting primitive: Ground_0_5Geometry
20:04:10 | INFO: Primitives created: 1
20:04:10 | INFO: Finished glTF 2.0 export in 0.02892327308654785 s

Info: Saved as "Ground_0_5.blend"
UPDATED TERRAIN MODULE Ground_0_5 2048
20:04:10 | INFO: Starting glTF 2.0 export
20:04:10 | INFO: Extracting primitive: Ground_1_5Geometry
20:04:10 | INFO: Primitives created: 1
20:04:10 | INFO: Finished glTF 2.0 export in 0.016304492950439453 s

Info: Saved as "Ground_1_5.blend"
UPDATED TERRAIN MODULE Ground_1_5 2048
20:04:11 | INFO: Starting glTF 2.0 export
20:04:11 | INFO: Extracting primitive: Ground_2_5Geometry
20:04:11 | INFO: Primitives created: 1
20:04:11 | INFO: Finished glTF 2.0 export in 0.017955303192138672 s

Info: Saved as "Ground_2_5.blend"
UPDATED TERRAIN MODULE Ground_2_5 2048
20:04:12 | INFO: Starting glTF 2.0 export
20:04:12 | INFO: Extracting primitive: Ground_3_5Geometry
20:04:12 | INFO: Primitives created: 1
20:04:12 | INFO: Finished glTF 2.0 export in 0.04196572303771973 s

Info: Saved as "Ground_3_5.blend"
UPDATED TERRAIN MODULE Ground_3_5 2048
20:04:12 | INFO: Starting glTF 2.0 export
20:04:12 | INFO: Extracting primitive: Ground_4_5Geometry
20:04:12 | INFO: Primitives created: 1
20:04:12 | INFO: Finished glTF 2.0 export in 0.01894831657409668 s

Info: Saved as "Ground_4_5.blend"
UPDATED TERRAIN MODULE Ground_4_5 2048
20:04:13 | INFO: Starting glTF 2.0 export
20:04:13 | INFO: Extracting primitive: Ground_5_5Geometry
20:04:13 | INFO: Primitives created: 1
20:04:13 | INFO: Finished glTF 2.0 export in 0.020160198211669922 s

Info: Saved as "Ground_5_5.blend"
UPDATED TERRAIN MODULE Ground_5_5 2048
20:04:14 | INFO: Starting glTF 2.0 export
20:04:14 | INFO: Extracting primitive: Ground_6_5Geometry
20:04:14 | INFO: Primitives created: 1
20:04:14 | INFO: Finished glTF 2.0 export in 0.029959678649902344 s

Info: Saved as "Ground_6_5.blend"
UPDATED TERRAIN MODULE Ground_6_5 2048
Blender 4.5.0 (hash 8cb6b388974a built 2025-07-15 01:36:24)

Blender quit
