INFO Draco mesh compression is available, use library at D:\test6\.tools\blender\blender-4.5.0-windows-x64\4.5\scripts\addons_core\io_scene_gltf2\extern_draco.dll
23:16:02 | INFO: Starting glTF 2.0 export
23:16:02 | INFO: Extracting primitive: cliff_crownGeometry
23:16:02 | INFO: Primitives created: 1
23:16:02 | INFO: Finished glTF 2.0 export in 0.03488731384277344 s

Info: Saved as "cliff_crown.blend"
CLOSED CLIFF MODULE cliff_crown 173 342 784689.552369391
23:16:02 | INFO: Starting glTF 2.0 export
23:16:02 | INFO: Extracting primitive: cliff_western_slabGeometry
23:16:02 | INFO: Primitives created: 1
23:16:02 | INFO: Finished glTF 2.0 export in 0.015141725540161133 s

Info: Saved as "cliff_western_slab.blend"
CLOSED CLIFF MODULE cliff_western_slab 116 228 330217.8873711275
23:16:02 | INFO: Starting glTF 2.0 export
23:16:02 | INFO: Extracting primitive: cliff_front_columnsGeometry
23:16:02 | INFO: Primitives created: 1
23:16:02 | INFO: Finished glTF 2.0 export in 0.005984306335449219 s

Info: Saved as "cliff_front_columns.blend"
CLOSED CLIFF MODULE cliff_front_columns 117 230 401078.7881098012
23:16:02 | INFO: Starting glTF 2.0 export
23:16:02 | INFO: Extracting primitive: cliff_eastern_plateauGeometry
23:16:02 | INFO: Primitives created: 1
23:16:02 | INFO: Finished glTF 2.0 export in 0.00698089599609375 s

Info: Saved as "cliff_eastern_plateau.blend"
CLOSED CLIFF MODULE cliff_eastern_plateau 184 364 822871.8638012423
23:16:03 | INFO: Starting glTF 2.0 export
23:16:03 | INFO: Extracting primitive: cliff_shadow_buttressGeometry
23:16:03 | INFO: Primitives created: 1
23:16:03 | INFO: Finished glTF 2.0 export in 0.008977174758911133 s

Info: Saved as "cliff_shadow_buttress.blend"
CLOSED CLIFF MODULE cliff_shadow_buttress 175 346 588333.6329304354
23:16:03 | INFO: Starting glTF 2.0 export
23:16:03 | INFO: Extracting primitive: cliff_central_wallGeometry
23:16:03 | INFO: Primitives created: 1
23:16:03 | INFO: Finished glTF 2.0 export in 0.00626373291015625 s

Info: Saved as "cliff_central_wall.blend"
CLOSED CLIFF MODULE cliff_central_wall 159 314 482396.2706068876
23:16:03 | INFO: Starting glTF 2.0 export
23:16:03 | INFO: Extracting primitive: cliff_western_mesaGeometry
23:16:03 | INFO: Primitives created: 1
23:16:03 | INFO: Finished glTF 2.0 export in 0.009483814239501953 s

Info: Saved as "cliff_western_mesa.blend"
CLOSED CLIFF MODULE cliff_western_mesa 175 346 498294.9673466996
Blender 4.5.0 (hash 8cb6b388974a built 2025-07-15 01:36:24)

Blender quit
