INFO Draco mesh compression is available, use library at D:\test6\.tools\blender\blender-4.5.0-windows-x64\4.5\scripts\addons_core\io_scene_gltf2\extern_draco.dll
20:26:26 | INFO: Starting glTF 2.0 export
20:26:26 | INFO: Extracting primitive: Belt stitching 1
20:26:26 | INFO: Primitives created: 1
20:26:26 | INFO: Extracting primitive: Hand modeled mesh.002
20:26:26 | INFO: Primitives created: 1
20:26:26 | INFO: Extracting primitive: Belt stitching 3
20:26:26 | INFO: Primitives created: 1
20:26:26 | INFO: Extracting primitive: Boiler chimney
20:26:26 | INFO: Primitives created: 1
20:26:26 | INFO: Extracting primitive: Cube.007
20:26:26 | INFO: Primitives created: 1
20:26:26 | INFO: Extracting primitive: Cube.008
20:26:26 | INFO: Primitives created: 1
20:26:26 | INFO: Extracting primitive: Cube.001
20:26:26 | INFO: Primitives created: 1
20:26:26 | INFO: Extracting primitive: Cube.003
20:26:26 | INFO: Primitives created: 1
20:26:26 | INFO: Extracting primitive: Cube.005
20:26:26 | INFO: Primitives created: 1
20:26:26 | INFO: Extracting primitive: Cube.026
20:26:26 | INFO: Primitives created: 1
20:26:26 | INFO: Extracting primitive: Hand modeled mesh
20:26:26 | INFO: Primitives created: 1
20:26:26 | INFO: Extracting primitive: Cube.024
20:26:26 | INFO: Primitives created: 1
20:26:26 | INFO: Extracting primitive: Cube.023
20:26:26 | INFO: Primitives created: 1
20:26:26 | INFO: Extracting primitive: Cube.022
20:26:26 | INFO: Primitives created: 1
20:26:26 | INFO: Extracting primitive: Cube.021
20:26:26 | INFO: Primitives created: 1
20:26:26 | INFO: Extracting primitive: Cube.020
20:26:26 | INFO: Primitives created: 1
20:26:26 | INFO: Extracting primitive: Cube.019
20:26:26 | INFO: Primitives created: 1
20:26:26 | INFO: Extracting primitive: Cube.018
20:26:26 | INFO: Primitives created: 1
20:26:26 | INFO: Extracting primitive: Icosphere
20:26:26 | INFO: Primitives created: 1
20:26:26 | INFO: Extracting primitive: FlagMesh
20:26:26 | INFO: Primitives created: 1
20:26:26 | INFO: Extracting primitive: Flagstaff
20:26:26 | INFO: Primitives created: 1
20:26:26 | INFO: Extracting primitive: GondolaMesh
20:26:26 | INFO: Primitives created: 1
20:26:26 | INFO: Extracting primitive: Hand modeled mesh.003
20:26:26 | INFO: Primitives created: 1
20:26:26 | INFO: Extracting primitive: Hand modeled mesh.004
20:26:26 | INFO: Primitives created: 1
20:26:26 | INFO: Extracting primitive: Hand modeled mesh.005
20:26:26 | INFO: Primitives created: 1
20:26:26 | INFO: Extracting primitive: Hand modeled mesh.006
20:26:26 | INFO: Primitives created: 1
20:26:26 | INFO: Extracting primitive: Hand modeled mesh.007
20:26:26 | INFO: Primitives created: 1
20:26:26 | INFO: Extracting primitive: Hand modeled mesh.008
20:26:26 | INFO: Primitives created: 1
20:26:26 | INFO: Extracting primitive: Hand modeled mesh.009
20:26:26 | INFO: Primitives created: 1
20:26:26 | INFO: Extracting primitive: Hand modeled mesh.010
20:26:26 | INFO: Primitives created: 1
20:26:26 | INFO: Extracting primitive: Hand modeled mesh.011
20:26:26 | INFO: Primitives created: 1
20:26:26 | INFO: Extracting primitive: Hand modeled mesh.012
20:26:26 | INFO: Primitives created: 1
20:26:26 | INFO: Extracting primitive: Hand modeled mesh.013
20:26:26 | INFO: Primitives created: 1
20:26:26 | INFO: Extracting primitive: Hand modeled mesh.014
20:26:26 | INFO: Primitives created: 1
20:26:26 | INFO: Extracting primitive: Hand modeled mesh.015
20:26:26 | INFO: Primitives created: 1
20:26:26 | INFO: Extracting primitive: Hand modeled mesh.016
20:26:26 | INFO: Primitives created: 1
20:26:26 | INFO: Extracting primitive: Hand modeled mesh.017
20:26:26 | INFO: Primitives created: 1
20:26:26 | INFO: Extracting primitive: Hand modeled mesh.018
20:26:26 | INFO: Primitives created: 1
20:26:26 | INFO: Extracting primitive: Hand modeled mesh.019
20:26:26 | INFO: Primitives created: 1
20:26:26 | INFO: Extracting primitive: Hand modeled mesh.020
20:26:26 | INFO: Primitives created: 1
20:26:26 | INFO: Extracting primitive: Hand modeled mesh.021
20:26:26 | INFO: Primitives created: 1
20:26:26 | INFO: Extracting primitive: Hand modeled mesh.022
20:26:26 | INFO: Primitives created: 1
20:26:26 | INFO: Extracting primitive: Hand modeled mesh.023
20:26:26 | INFO: Primitives created: 1
20:26:26 | INFO: Extracting primitive: Hand modeled mesh.024
20:26:26 | INFO: Primitives created: 1
20:26:26 | INFO: Extracting primitive: Hand modeled mesh.025
20:26:26 | INFO: Primitives created: 1
20:26:26 | INFO: Extracting primitive: Hand modeled mesh.026
20:26:26 | INFO: Primitives created: 1
20:26:26 | INFO: Extracting primitive: Hand modeled mesh.027
20:26:26 | INFO: Primitives created: 1
20:26:26 | INFO: Extracting primitive: Hand modeled mesh.028
20:26:26 | INFO: Primitives created: 1
20:26:26 | INFO: Extracting primitive: Hand modeled mesh.029
20:26:26 | INFO: Primitives created: 1
20:26:26 | INFO: Extracting primitive: Hand modeled mesh.030
20:26:26 | INFO: Primitives created: 1
20:26:26 | INFO: Extracting primitive: Hand modeled mesh.031
20:26:26 | INFO: Primitives created: 1
20:26:26 | INFO: Extracting primitive: Hand modeled mesh.032
20:26:26 | INFO: Primitives created: 1
20:26:26 | INFO: Extracting primitive: Hand modeled mesh.033
20:26:26 | INFO: Primitives created: 1
20:26:26 | INFO: Extracting primitive: Hand modeled mesh.034
20:26:26 | INFO: Primitives created: 1
20:26:26 | INFO: Extracting primitive: Hand modeled mesh.035
20:26:26 | INFO: Primitives created: 1
20:26:26 | INFO: Extracting primitive: Hand modeled mesh.036
20:26:26 | INFO: Primitives created: 1
20:26:26 | INFO: Extracting primitive: Hand modeled mesh.037
20:26:26 | INFO: Primitives created: 1
20:26:26 | INFO: Extracting primitive: Hand modeled mesh.038
20:26:26 | INFO: Primitives created: 1
20:26:26 | INFO: Extracting primitive: Hand modeled mesh.039
20:26:26 | INFO: Primitives created: 1
20:26:26 | INFO: Extracting primitive: Hand modeled mesh.040
20:26:26 | INFO: Primitives created: 1
20:26:26 | INFO: Extracting primitive: Hand modeled mesh.041
20:26:26 | INFO: Primitives created: 1
20:26:26 | INFO: Extracting primitive: Hand modeled mesh.042
20:26:26 | INFO: Primitives created: 1
20:26:26 | INFO: Extracting primitive: Hand modeled mesh.043
20:26:26 | INFO: Primitives created: 1
20:26:26 | INFO: Extracting primitive: Hand modeled mesh.044
20:26:26 | INFO: Primitives created: 1
20:26:26 | INFO: Extracting primitive: Hand modeled mesh.045
20:26:26 | INFO: Primitives created: 1
20:26:26 | INFO: Extracting primitive: Hand modeled mesh.046
20:26:26 | INFO: Primitives created: 1
20:26:26 | INFO: Extracting primitive: Hand modeled mesh.047
20:26:26 | INFO: Primitives created: 1
20:26:26 | INFO: Extracting primitive: Hand modeled mesh.048
20:26:26 | INFO: Primitives created: 1
20:26:26 | INFO: Extracting primitive: Hand modeled mesh.049
20:26:26 | INFO: Primitives created: 1
20:26:26 | INFO: Extracting primitive: Hand modeled mesh.050
20:26:26 | INFO: Primitives created: 1
20:26:26 | INFO: Extracting primitive: Hand modeled mesh.051
20:26:26 | INFO: Primitives created: 1
20:26:26 | INFO: Extracting primitive: Hand modeled mesh.052
20:26:26 | INFO: Primitives created: 1
20:26:26 | INFO: Extracting primitive: Hand modeled mesh.053
20:26:26 | INFO: Primitives created: 1
20:26:26 | INFO: Extracting primitive: Hand modeled mesh.054
20:26:26 | INFO: Primitives created: 1
20:26:26 | INFO: Extracting primitive: Hand modeled mesh.055
20:26:26 | INFO: Primitives created: 1
20:26:26 | INFO: Extracting primitive: Hand modeled mesh.056
20:26:26 | INFO: Primitives created: 1
20:26:26 | INFO: Extracting primitive: Hand modeled mesh.057
20:26:26 | INFO: Primitives created: 1
20:26:26 | INFO: Extracting primitive: Hand modeled mesh.058
20:26:26 | INFO: Primitives created: 1
20:26:26 | INFO: Extracting primitive: Hand modeled mesh.059
20:26:26 | INFO: Primitives created: 1
20:26:26 | INFO: Extracting primitive: Hand modeled mesh.060
20:26:26 | INFO: Primitives created: 1
20:26:26 | INFO: Extracting primitive: Hand modeled mesh.061
20:26:26 | INFO: Primitives created: 1
20:26:26 | INFO: Extracting primitive: Hand modeled mesh.062
20:26:26 | INFO: Primitives created: 1
20:26:26 | INFO: Extracting primitive: Lantern suspension
20:26:26 | INFO: Primitives created: 1
20:26:26 | INFO: Extracting primitive: Leather belt 1
20:26:26 | INFO: Primitives created: 1
20:26:26 | INFO: Extracting primitive: Hand modeled mesh.001
20:26:26 | INFO: Primitives created: 1
20:26:26 | INFO: Extracting primitive: Leather belt 3
20:26:26 | INFO: Primitives created: 1
20:26:26 | INFO: Extracting primitive: Cube.025
20:26:26 | INFO: Primitives created: 1
20:26:26 | INFO: Extracting primitive: Rear propeller axle
20:26:26 | INFO: Primitives created: 1
20:26:26 | INFO: Extracting primitive: RiggingMesh
20:26:26 | INFO: Primitives created: 1
20:26:26 | INFO: Extracting primitive: Cube.012
20:26:26 | INFO: Primitives created: 1
20:26:26 | INFO: Extracting primitive: Cube.011
20:26:26 | INFO: Primitives created: 1
20:26:26 | INFO: Extracting primitive: Cube.010
20:26:26 | INFO: Primitives created: 1
20:26:26 | INFO: Extracting primitive: Cube.009
20:26:26 | INFO: Primitives created: 1
20:26:26 | INFO: Extracting primitive: Cube.013
20:26:26 | INFO: Primitives created: 1
20:26:26 | INFO: Extracting primitive: Cube.014
20:26:26 | INFO: Primitives created: 1
20:26:26 | INFO: Extracting primitive: Cube.015
20:26:26 | INFO: Primitives created: 1
20:26:26 | INFO: Extracting primitive: Cube.016
20:26:26 | INFO: Primitives created: 1
20:26:26 | INFO: Extracting primitive: Cube.017
20:26:26 | INFO: Primitives created: 1
20:26:26 | INFO: Extracting primitive: Rope swag -1_-1.45
20:26:26 | INFO: Primitives created: 1
20:26:26 | INFO: Extracting primitive: Rope swag -1_-2.75
20:26:26 | INFO: Primitives created: 1
20:26:26 | INFO: Extracting primitive: Rope swag -1_0.1
20:26:26 | INFO: Primitives created: 1
20:26:26 | INFO: Extracting primitive: Rope swag -1_1.5
20:26:26 | INFO: Primitives created: 1
20:26:26 | INFO: Extracting primitive: Rope swag 1_-1.45
20:26:26 | INFO: Primitives created: 1
20:26:26 | INFO: Extracting primitive: Rope swag 1_-2.75
20:26:26 | INFO: Primitives created: 1
20:26:26 | INFO: Extracting primitive: Rope swag 1_0.1
20:26:26 | INFO: Primitives created: 1
20:26:26 | INFO: Extracting primitive: Rope swag 1_1.5
20:26:26 | INFO: Primitives created: 1
20:26:26 | INFO: Extracting primitive: Tension cable 0_-1
20:26:26 | INFO: Primitives created: 1
20:26:26 | INFO: Extracting primitive: Tension cable 0_1
20:26:26 | INFO: Primitives created: 1
20:26:26 | INFO: Extracting primitive: Tension cable 1_-1
20:26:26 | INFO: Primitives created: 1
20:26:26 | INFO: Extracting primitive: Tension cable 1_1
20:26:26 | INFO: Primitives created: 1
20:26:26 | INFO: Extracting primitive: Upper gunwale -1
20:26:26 | INFO: Primitives created: 1
20:26:26 | INFO: Extracting primitive: Upper gunwale 1
20:26:26 | INFO: Primitives created: 1
20:26:26 | INFO: Extracting primitive: Cube.002
20:26:26 | INFO: Primitives created: 1
20:26:26 | INFO: Extracting primitive: Cube.004
20:26:26 | INFO: Primitives created: 1
20:26:26 | INFO: Extracting primitive: Cube.006
20:26:26 | INFO: Primitives created: 1
20:26:26 | INFO: Finished glTF 2.0 export in 0.6076915264129639 s

Info: Saved as "Assets.blend"
UPDATED HERO: ivory cloth response, raised wooden prow, darker planks and cabin framing
Blender 4.5.0 (hash 8cb6b388974a built 2025-07-15 01:36:24)
Read blend: "D:\test6\blender\Assets.blend"

Blender quit
