Godot Engine v4.5.1.stable.official.f62fdbde1 - https://godotengine.org
OpenGL API 3.3.0 NVIDIA 581.29 - Compatibility - Using Device: NVIDIA - NVIDIA GeForce RTX 4070 SUPER

PASS {"approach":"(0.0, 0.0, -1.0)","finish":"(87.90475, 187.9252, -176.3587)","name":"cliff_crown","passed":true,"start":"(75.91965, 191.6392, -215.9205)","travel":41.50390625}
PASS {"approach":"(1.0, 0.0, 0.0)","finish":"(110.5102, 156.6718, -163.8235)","name":"cliff_crown","passed":true,"start":"(147.7355, 156.5225, -174.9319)","travel":38.8476600646973}
PASS {"approach":"(0.0, 1.0, 0.0)","finish":"(90.16923, 236.9565, -150.2807)","name":"cliff_crown","passed":true,"start":"(84.2926, 270.7425, -171.2107)","travel":40.1757850646973}
PASS {"approach":"(0.0, 0.0, -1.0)","finish":"(61.86244, 181.5449, -148.3925)","name":"cliff_western_slab","passed":true,"start":"(45.63451, 180.3794, -185.1266)","travel":40.1757850646973}
PASS {"approach":"(1.0, 0.0, 0.0)","finish":"(98.85922, 169.9221, -155.1869)","name":"cliff_western_slab","passed":true,"start":"(136.3667, 171.6434, -166.3796)","travel":39.1796875}
PASS {"approach":"(0.0, 1.0, 0.0)","finish":"(76.20648, 222.624, -113.2433)","name":"cliff_western_slab","passed":true,"start":"(70.89893, 258.3127, -94.83053)","travel":40.5078163146973}
PASS {"approach":"(0.0, 0.0, -1.0)","finish":"(78.6181, 166.3117, -155.4454)","name":"cliff_front_columns","passed":true,"start":"(65.1205, 169.4641, -193.1545)","travel":40.17578125}
PASS {"approach":"(1.0, 0.0, 0.0)","finish":"(99.20331, 167.2375, -139.5848)","name":"cliff_front_columns","passed":true,"start":"(136.7157, 168.8368, -150.779)","travel":39.1796875}
PASS {"approach":"(0.0, 1.0, 0.0)","finish":"(79.13699, 209.3221, -139.3756)","name":"cliff_front_columns","passed":true,"start":"(76.51225, 246.4947, -155.2561)","travel":40.5078163146973}
PASS {"approach":"(0.0, 0.0, -1.0)","finish":"(82.19385, 181.5861, -176.6413)","name":"cliff_eastern_plateau","passed":true,"start":"(66.70335, 183.632, -214.7331)","travel":41.1718788146973}
PASS {"approach":"(1.0, 0.0, 0.0)","finish":"(112.7808, 170.6992, -145.7901)","name":"cliff_eastern_plateau","passed":true,"start":"(150.2502, 173.164, -156.9714)","travel":39.1796875}
PASS {"approach":"(0.0, 1.0, 0.0)","finish":"(78.88949, 225.7326, -124.212)","name":"cliff_eastern_plateau","passed":true,"start":"(84.97102, 265.1488, -119.3676)","travel":40.1757888793945}
PASS {"approach":"(0.0, 0.0, -1.0)","finish":"(66.90665, 163.106, -162.0784)","name":"cliff_shadow_buttress","passed":true,"start":"(48.67557, 167.8314, -198.6902)","travel":41.171875}
PASS {"approach":"(1.0, 0.0, 0.0)","finish":"(104.4969, 163.4423, -151.8854)","name":"cliff_shadow_buttress","passed":true,"start":"(141.932, 166.4203, -163.0565)","travel":39.1796836853027}
PASS {"approach":"(0.0, 1.0, 0.0)","finish":"(63.89341, 202.2365, -143.3378)","name":"cliff_shadow_buttress","passed":true,"start":"(47.79696, 237.5379, -150.8137)","travel":39.51171875}
PASS {"approach":"(0.0, 0.0, -1.0)","finish":"(77.03968, 178.675, -152.1451)","name":"cliff_central_wall","passed":true,"start":"(63.28438, 177.5172, -190.5813)","travel":40.83984375}
PASS {"approach":"(1.0, 0.0, 0.0)","finish":"(95.65621, 169.5028, -137.2877)","name":"cliff_central_wall","passed":true,"start":"(132.8676, 170.5748, -148.3921)","travel":38.84765625}
PASS {"approach":"(0.0, 1.0, 0.0)","finish":"(73.70506, 217.3524, -140.918)","name":"cliff_central_wall","passed":true,"start":"(54.45206, 246.6518, -158.4086)","travel":39.1796875}
