INFO Draco mesh compression is available, use library at D:\test6\.tools\blender\blender-4.5.0-windows-x64\4.5\scripts\addons_core\io_scene_gltf2\extern_draco.dll
16:17:35 | INFO: Starting glTF 2.0 export
16:17:35 | INFO: Extracting primitive: Belt stitching 1
16:17:35 | INFO: Primitives created: 1
16:17:35 | INFO: Extracting primitive: Belt stitching 2
16:17:35 | INFO: Primitives created: 1
16:17:35 | INFO: Extracting primitive: Belt stitching 3
16:17:35 | INFO: Primitives created: 1
16:17:35 | INFO: Extracting primitive: Boiler chimney
16:17:35 | INFO: Primitives created: 1
16:17:35 | INFO: Extracting primitive: Cube.007
16:17:35 | INFO: Primitives created: 1
16:17:35 | INFO: Extracting primitive: Cube.008
16:17:35 | INFO: Primitives created: 1
16:17:35 | INFO: Extracting primitive: Cube.001
16:17:35 | INFO: Primitives created: 1
16:17:35 | INFO: Extracting primitive: Cube.003
16:17:35 | INFO: Primitives created: 1
16:17:36 | INFO: Extracting primitive: Cube.005
16:17:36 | INFO: Primitives created: 1
16:17:36 | INFO: Extracting primitive: Cube.026
16:17:36 | INFO: Primitives created: 1
16:17:36 | INFO: Extracting primitive: Hand modeled mesh
16:17:36 | INFO: Primitives created: 1
16:17:36 | INFO: Extracting primitive: Cube.024
16:17:36 | INFO: Primitives created: 1
16:17:36 | INFO: Extracting primitive: Cube.023
16:17:36 | INFO: Primitives created: 1
16:17:36 | INFO: Extracting primitive: Cube.022
16:17:36 | INFO: Primitives created: 1
16:17:36 | INFO: Extracting primitive: Cube.021
16:17:36 | INFO: Primitives created: 1
16:17:36 | INFO: Extracting primitive: Cube.020
16:17:36 | INFO: Primitives created: 1
16:17:36 | INFO: Extracting primitive: Cube.019
16:17:36 | INFO: Primitives created: 1
16:17:36 | INFO: Extracting primitive: Cube.018
16:17:36 | INFO: Primitives created: 1
16:17:36 | INFO: Extracting primitive: Icosphere
16:17:36 | INFO: Primitives created: 1
16:17:36 | INFO: Extracting primitive: FlagMesh
16:17:36 | INFO: Primitives created: 1
16:17:36 | INFO: Extracting primitive: Flagstaff
16:17:36 | INFO: Primitives created: 1
16:17:36 | INFO: Extracting primitive: GondolaMesh
16:17:36 | INFO: Primitives created: 1
16:17:36 | INFO: Extracting primitive: Lantern suspension
16:17:36 | INFO: Primitives created: 1
16:17:36 | INFO: Extracting primitive: Leather belt 1
16:17:36 | INFO: Primitives created: 1
16:17:36 | INFO: Extracting primitive: Leather belt 2
16:17:36 | INFO: Primitives created: 1
16:17:36 | INFO: Extracting primitive: Leather belt 3
16:17:36 | INFO: Primitives created: 1
16:17:36 | INFO: Extracting primitive: Cube.025
16:17:36 | INFO: Primitives created: 1
16:17:36 | INFO: Extracting primitive: Rear propeller axle
16:17:36 | INFO: Primitives created: 1
16:17:36 | INFO: Extracting primitive: RiggingMesh
16:17:36 | INFO: Primitives created: 1
16:17:36 | INFO: Extracting primitive: Cube.012
16:17:36 | INFO: Primitives created: 1
16:17:36 | INFO: Extracting primitive: Cube.011
16:17:36 | INFO: Primitives created: 1
16:17:36 | INFO: Extracting primitive: Cube.010
16:17:36 | INFO: Primitives created: 1
16:17:36 | INFO: Extracting primitive: Cube.009
16:17:36 | INFO: Primitives created: 1
16:17:36 | INFO: Extracting primitive: Cube.013
16:17:36 | INFO: Primitives created: 1
16:17:36 | INFO: Extracting primitive: Cube.014
16:17:36 | INFO: Primitives created: 1
16:17:36 | INFO: Extracting primitive: Cube.015
16:17:36 | INFO: Primitives created: 1
16:17:36 | INFO: Extracting primitive: Cube.016
16:17:36 | INFO: Primitives created: 1
16:17:36 | INFO: Extracting primitive: Cube.017
16:17:36 | INFO: Primitives created: 1
16:17:36 | INFO: Extracting primitive: Rope swag -1_-1.45
16:17:36 | INFO: Primitives created: 1
16:17:36 | INFO: Extracting primitive: Rope swag -1_-2.75
16:17:36 | INFO: Primitives created: 1
16:17:36 | INFO: Extracting primitive: Rope swag -1_0.1
16:17:36 | INFO: Primitives created: 1
16:17:36 | INFO: Extracting primitive: Rope swag -1_1.5
16:17:36 | INFO: Primitives created: 1
16:17:36 | INFO: Extracting primitive: Rope swag 1_-1.45
16:17:36 | INFO: Primitives created: 1
16:17:36 | INFO: Extracting primitive: Rope swag 1_-2.75
16:17:36 | INFO: Primitives created: 1
16:17:36 | INFO: Extracting primitive: Rope swag 1_0.1
16:17:36 | INFO: Primitives created: 1
16:17:36 | INFO: Extracting primitive: Rope swag 1_1.5
16:17:36 | INFO: Primitives created: 1
16:17:36 | INFO: Extracting primitive: Tension cable 0_-1
16:17:36 | INFO: Primitives created: 1
16:17:36 | INFO: Extracting primitive: Tension cable 0_1
16:17:36 | INFO: Primitives created: 1
16:17:36 | INFO: Extracting primitive: Tension cable 1_-1
16:17:36 | INFO: Primitives created: 1
16:17:36 | INFO: Extracting primitive: Tension cable 1_1
16:17:36 | INFO: Primitives created: 1
16:17:36 | INFO: Extracting primitive: Upper gunwale -1
16:17:36 | INFO: Primitives created: 1
16:17:36 | INFO: Extracting primitive: Upper gunwale 1
16:17:36 | INFO: Primitives created: 1
16:17:36 | INFO: Extracting primitive: Cube.002
16:17:36 | INFO: Primitives created: 1
16:17:36 | INFO: Extracting primitive: Cube.004
16:17:36 | INFO: Primitives created: 1
16:17:36 | INFO: Extracting primitive: Cube.006
16:17:36 | INFO: Primitives created: 1
16:17:37 | INFO: Finished glTF 2.0 export in 1.1590771675109863 s

16:17:37 | INFO: Starting glTF 2.0 export
16:17:37 | INFO: Extracting primitive: PropellerMesh
16:17:37 | INFO: Primitives created: 1
16:17:37 | INFO: Finished glTF 2.0 export in 0.005984306335449219 s

16:17:37 | INFO: Starting glTF 2.0 export
16:17:37 | INFO: Extracting primitive: oakGeometry
16:17:37 | INFO: Primitives created: 1
16:17:37 | INFO: Finished glTF 2.0 export in 0.010970115661621094 s

ASSET oak 273 faces
16:17:38 | INFO: Starting glTF 2.0 export
16:17:38 | INFO: Extracting primitive: poplarGeometry
16:17:38 | INFO: Primitives created: 1
16:17:38 | INFO: Finished glTF 2.0 export in 0.008492231369018555 s

ASSET poplar 109 faces
16:17:38 | INFO: Starting glTF 2.0 export
16:17:38 | INFO: Extracting primitive: pineGeometry
16:17:38 | INFO: Primitives created: 1
16:17:38 | INFO: Finished glTF 2.0 export in 0.007979154586791992 s

ASSET pine 32 faces
16:17:38 | INFO: Starting glTF 2.0 export
16:17:38 | INFO: Extracting primitive: bushGeometry
16:17:38 | INFO: Primitives created: 1
16:17:38 | INFO: Finished glTF 2.0 export in 0.007979154586791992 s

ASSET bush 40 faces
16:17:38 | INFO: Starting glTF 2.0 export
16:17:38 | INFO: Extracting primitive: rockGeometry
16:17:38 | INFO: Primitives created: 1
16:17:38 | INFO: Finished glTF 2.0 export in 0.18501496315002441 s

ASSET rock 40 faces
16:17:40 | INFO: Starting glTF 2.0 export
16:17:40 | INFO: Extracting primitive: cottageGeometry
16:17:40 | INFO: Primitives created: 1
16:17:40 | INFO: Finished glTF 2.0 export in 0.01795196533203125 s

ASSET cottage 143 faces
16:17:40 | INFO: Starting glTF 2.0 export
16:17:40 | INFO: Extracting primitive: millGeometry
16:17:40 | INFO: Primitives created: 1
16:17:40 | INFO: Finished glTF 2.0 export in 0.14512324333190918 s

ASSET mill 39 faces
16:17:41 | INFO: Starting glTF 2.0 export
16:17:41 | INFO: Extracting primitive: mill_rotorGeometry
16:17:41 | INFO: Primitives created: 1
16:17:41 | INFO: Finished glTF 2.0 export in 0.10999941825866699 s

ASSET mill_rotor 64 faces
16:17:43 | INFO: Starting glTF 2.0 export
16:17:43 | INFO: Extracting primitive: lighthouseGeometry
16:17:43 | INFO: Primitives created: 1
16:17:43 | INFO: Finished glTF 2.0 export in 0.16209053993225098 s

ASSET lighthouse 419 faces
16:17:55 | INFO: Starting glTF 2.0 export
16:17:55 | INFO: Extracting primitive: castleGeometry
16:17:55 | INFO: Primitives created: 1
16:17:55 | INFO: Finished glTF 2.0 export in 0.09752058982849121 s

ASSET castle 636 faces
16:17:56 | INFO: Starting glTF 2.0 export
16:17:56 | INFO: Extracting primitive: observatoryGeometry
16:17:56 | INFO: Primitives created: 1
16:17:56 | INFO: Finished glTF 2.0 export in 0.021940231323242188 s

ASSET observatory 134 faces
16:17:57 | INFO: Starting glTF 2.0 export
16:17:57 | INFO: Extracting primitive: ruinsGeometry
16:17:57 | INFO: Primitives created: 1
16:17:57 | INFO: Finished glTF 2.0 export in 0.1386563777923584 s

ASSET ruins 164 faces
16:18:01 | INFO: Starting glTF 2.0 export
16:18:01 | INFO: Extracting primitive: dockGeometry
16:18:02 | INFO: Primitives created: 1
16:18:02 | INFO: Finished glTF 2.0 export in 0.206956148147583 s

ASSET dock 322 faces
16:18:02 | INFO: Starting glTF 2.0 export
16:18:02 | INFO: Extracting primitive: crateGeometry
16:18:02 | INFO: Primitives created: 1
16:18:02 | INFO: Finished glTF 2.0 export in 0.007486581802368164 s

ASSET crate 50 faces
16:18:03 | INFO: Starting glTF 2.0 export
16:18:03 | INFO: Extracting primitive: cloudGeometry
16:18:03 | INFO: Primitives created: 1
16:18:03 | INFO: Finished glTF 2.0 export in 0.015956640243530273 s

ASSET cloud 396 faces
Warning: No mesh data to join
16:18:03 | INFO: Starting glTF 2.0 export
16:18:03 | INFO: Extracting primitive: sky_ringGeometry
16:18:03 | INFO: Primitives created: 1
16:18:03 | INFO: Finished glTF 2.0 export in 0.13745331764221191 s

ASSET sky_ring 192 faces
Blender 4.5.0 (hash 8cb6b388974a built 2025-07-15 01:36:24)
Read blend: "D:\test6\blender\Aether.blend"
Fra:1 Mem:81.46M (Peak 81.46M) | Time:01:42.72 | Rendering 1 / 64 samples
Fra:1 Mem:81.46M (Peak 81.46M) | Time:01:42.72 | Rendering 25 / 64 samples
Fra:1 Mem:81.46M (Peak 81.46M) | Time:01:42.76 | Rendering 50 / 64 samples
Fra:1 Mem:81.46M (Peak 81.46M) | Time:01:42.76 | Rendering 64 / 64 samples
Saved: 'D:\test6\captures\asset-library.png'
Time: 01:44.96 (Saving: 00:00.81)

Info: Saved as "Assets.blend"
ASSET LIBRARY COMPLETE 16 MODELS

Blender quit
