INFO Draco mesh compression is available, use library at D:\test6\.tools\blender\blender-4.5.0-windows-x64\4.5\scripts\addons_core\io_scene_gltf2\extern_draco.dll
22:16:46 | INFO: Starting glTF 2.0 export
22:16:46 | INFO: Extracting primitive: massif_frost_crownGeometry
22:16:46 | INFO: Primitives created: 1
22:16:46 | INFO: Finished glTF 2.0 export in 0.0073223114013671875 s

Info: Saved as "massif_frost_crown.blend"
COMPLETE ALPINE MODULE massif_frost_crown 199 394
22:16:46 | INFO: Starting glTF 2.0 export
22:16:46 | INFO: Extracting primitive: massif_west_summitGeometry
22:16:46 | INFO: Primitives created: 1
22:16:46 | INFO: Finished glTF 2.0 export in 0.008976221084594727 s

Info: Saved as "massif_west_summit.blend"
COMPLETE ALPINE MODULE massif_west_summit 198 392
22:16:46 | INFO: Starting glTF 2.0 export
22:16:46 | INFO: Extracting primitive: massif_needle_ridgeGeometry
22:16:46 | INFO: Primitives created: 1
22:16:46 | INFO: Finished glTF 2.0 export in 0.011475801467895508 s

Info: Saved as "massif_needle_ridge.blend"
COMPLETE ALPINE MODULE massif_needle_ridge 191 378
22:16:46 | INFO: Starting glTF 2.0 export
22:16:46 | INFO: Extracting primitive: massif_east_summitGeometry
22:16:46 | INFO: Primitives created: 1
22:16:46 | INFO: Finished glTF 2.0 export in 0.009153127670288086 s

Info: Saved as "massif_east_summit.blend"
COMPLETE ALPINE MODULE massif_east_summit 191 378
22:16:46 | INFO: Starting glTF 2.0 export
22:16:46 | INFO: Extracting primitive: massif_east_spurGeometry
22:16:46 | INFO: Primitives created: 1
22:16:46 | INFO: Finished glTF 2.0 export in 0.006937742233276367 s

Info: Saved as "massif_east_spur.blend"
COMPLETE ALPINE MODULE massif_east_spur 185 366
22:16:46 | INFO: Starting glTF 2.0 export
22:16:46 | INFO: Extracting primitive: massif_west_spurGeometry
22:16:46 | INFO: Primitives created: 1
22:16:46 | INFO: Finished glTF 2.0 export in 0.006982088088989258 s

Info: Saved as "massif_west_spur.blend"
COMPLETE ALPINE MODULE massif_west_spur 172 340
22:16:46 | INFO: Starting glTF 2.0 export
22:16:46 | INFO: Extracting primitive: massif_cirque_wallGeometry
22:16:46 | INFO: Primitives created: 1
22:16:46 | INFO: Finished glTF 2.0 export in 0.002992391586303711 s

Info: Saved as "massif_cirque_wall.blend"
COMPLETE ALPINE MODULE massif_cirque_wall 169 334
22:16:46 | INFO: Starting glTF 2.0 export
22:16:46 | INFO: Extracting primitive: massif_east_foothillGeometry
22:16:46 | INFO: Primitives created: 1
22:16:46 | INFO: Finished glTF 2.0 export in 0.007531642913818359 s

Info: Saved as "massif_east_foothill.blend"
COMPLETE ALPINE MODULE massif_east_foothill 75 146
22:16:46 | INFO: Starting glTF 2.0 export
22:16:46 | INFO: Extracting primitive: massif_blue_buttressGeometry
22:16:46 | INFO: Primitives created: 1
22:16:46 | INFO: Finished glTF 2.0 export in 0.0059833526611328125 s

Info: Saved as "massif_blue_buttress.blend"
COMPLETE ALPINE MODULE massif_blue_buttress 74 144
22:16:46 | INFO: Starting glTF 2.0 export
22:16:46 | INFO: Extracting primitive: massif_valley_guardGeometry
22:16:46 | INFO: Primitives created: 1
22:16:46 | INFO: Finished glTF 2.0 export in 0.00698089599609375 s

Info: Saved as "massif_valley_guard.blend"
COMPLETE ALPINE MODULE massif_valley_guard 74 144
22:16:47 | INFO: Starting glTF 2.0 export
22:16:47 | INFO: Extracting primitive: massif_west_foothillGeometry
22:16:47 | INFO: Primitives created: 1
22:16:47 | INFO: Finished glTF 2.0 export in 0.00399017333984375 s

Info: Saved as "massif_west_foothill.blend"
COMPLETE ALPINE MODULE massif_west_foothill 74 144
Blender 4.5.0 (hash 8cb6b388974a built 2025-07-15 01:36:24)

Blender quit
