INFO Draco mesh compression is available, use library at D:\test6\.tools\blender\blender-4.5.0-windows-x64\4.5\scripts\addons_core\io_scene_gltf2\extern_draco.dll
19:55:17 | INFO: Starting glTF 2.0 export
19:55:17 | INFO: Extracting primitive: Ground_-6_-10Geometry
19:55:17 | INFO: Primitives created: 1
19:55:17 | INFO: Finished glTF 2.0 export in 0.01223134994506836 s

Info: Saved as "Ground_-6_-10.blend"
UPDATED TERRAIN MODULE Ground_-6_-10 2048
19:55:17 | INFO: Starting glTF 2.0 export
19:55:17 | INFO: Extracting primitive: Ground_-5_-10Geometry
19:55:17 | INFO: Primitives created: 1
19:55:17 | INFO: Finished glTF 2.0 export in 0.010288715362548828 s

Info: Saved as "Ground_-5_-10.blend"
UPDATED TERRAIN MODULE Ground_-5_-10 2048
19:55:18 | INFO: Starting glTF 2.0 export
19:55:18 | INFO: Extracting primitive: Ground_-4_-10Geometry
19:55:18 | INFO: Primitives created: 1
19:55:18 | INFO: Finished glTF 2.0 export in 0.012552738189697266 s

Info: Saved as "Ground_-4_-10.blend"
UPDATED TERRAIN MODULE Ground_-4_-10 2048
19:55:18 | INFO: Starting glTF 2.0 export
19:55:18 | INFO: Extracting primitive: Ground_-3_-10Geometry
19:55:18 | INFO: Primitives created: 1
19:55:18 | INFO: Finished glTF 2.0 export in 0.01394343376159668 s

Info: Saved as "Ground_-3_-10.blend"
UPDATED TERRAIN MODULE Ground_-3_-10 2048
19:55:18 | INFO: Starting glTF 2.0 export
19:55:18 | INFO: Extracting primitive: Ground_-2_-10Geometry
19:55:18 | INFO: Primitives created: 1
19:55:18 | INFO: Finished glTF 2.0 export in 0.009620189666748047 s

Info: Saved as "Ground_-2_-10.blend"
UPDATED TERRAIN MODULE Ground_-2_-10 2048
19:55:19 | INFO: Starting glTF 2.0 export
19:55:19 | INFO: Extracting primitive: Ground_-1_-10Geometry
19:55:19 | INFO: Primitives created: 1
19:55:19 | INFO: Finished glTF 2.0 export in 0.012015581130981445 s

Info: Saved as "Ground_-1_-10.blend"
UPDATED TERRAIN MODULE Ground_-1_-10 2048
19:55:19 | INFO: Starting glTF 2.0 export
19:55:19 | INFO: Extracting primitive: Ground_0_-10Geometry
19:55:19 | INFO: Primitives created: 1
19:55:19 | INFO: Finished glTF 2.0 export in 0.010454893112182617 s

Info: Saved as "Ground_0_-10.blend"
UPDATED TERRAIN MODULE Ground_0_-10 2048
19:55:19 | INFO: Starting glTF 2.0 export
19:55:19 | INFO: Extracting primitive: Ground_1_-10Geometry
19:55:19 | INFO: Primitives created: 1
19:55:19 | INFO: Finished glTF 2.0 export in 0.010918617248535156 s

Info: Saved as "Ground_1_-10.blend"
UPDATED TERRAIN MODULE Ground_1_-10 2048
19:55:19 | INFO: Starting glTF 2.0 export
19:55:19 | INFO: Extracting primitive: Ground_2_-10Geometry
19:55:19 | INFO: Primitives created: 1
19:55:19 | INFO: Finished glTF 2.0 export in 0.010592222213745117 s

Info: Saved as "Ground_2_-10.blend"
UPDATED TERRAIN MODULE Ground_2_-10 2048
19:55:20 | INFO: Starting glTF 2.0 export
19:55:20 | INFO: Extracting primitive: Ground_3_-10Geometry
19:55:20 | INFO: Primitives created: 1
19:55:20 | INFO: Finished glTF 2.0 export in 0.014990568161010742 s

Info: Saved as "Ground_3_-10.blend"
UPDATED TERRAIN MODULE Ground_3_-10 2048
19:55:20 | INFO: Starting glTF 2.0 export
19:55:20 | INFO: Extracting primitive: Ground_4_-10Geometry
19:55:20 | INFO: Primitives created: 1
19:55:20 | INFO: Finished glTF 2.0 export in 0.009043216705322266 s

Info: Saved as "Ground_4_-10.blend"
UPDATED TERRAIN MODULE Ground_4_-10 2048
19:55:20 | INFO: Starting glTF 2.0 export
19:55:20 | INFO: Extracting primitive: Ground_5_-10Geometry
19:55:20 | INFO: Primitives created: 1
19:55:20 | INFO: Finished glTF 2.0 export in 0.016161203384399414 s

Info: Saved as "Ground_5_-10.blend"
UPDATED TERRAIN MODULE Ground_5_-10 2048
19:55:21 | INFO: Starting glTF 2.0 export
19:55:21 | INFO: Extracting primitive: Ground_6_-10Geometry
19:55:21 | INFO: Primitives created: 1
19:55:21 | INFO: Finished glTF 2.0 export in 0.010548830032348633 s

Info: Saved as "Ground_6_-10.blend"
UPDATED TERRAIN MODULE Ground_6_-10 2048
19:55:21 | INFO: Starting glTF 2.0 export
19:55:21 | INFO: Extracting primitive: Ground_-6_-9Geometry
19:55:21 | INFO: Primitives created: 1
19:55:21 | INFO: Finished glTF 2.0 export in 0.010488033294677734 s

Info: Saved as "Ground_-6_-9.blend"
UPDATED TERRAIN MODULE Ground_-6_-9 2048
19:55:21 | INFO: Starting glTF 2.0 export
19:55:21 | INFO: Extracting primitive: Ground_-5_-9Geometry
19:55:21 | INFO: Primitives created: 1
19:55:21 | INFO: Finished glTF 2.0 export in 0.011202812194824219 s

Info: Saved as "Ground_-5_-9.blend"
UPDATED TERRAIN MODULE Ground_-5_-9 2048
19:55:21 | INFO: Starting glTF 2.0 export
19:55:21 | INFO: Extracting primitive: Ground_-4_-9Geometry
19:55:21 | INFO: Primitives created: 1
19:55:21 | INFO: Finished glTF 2.0 export in 0.009301900863647461 s

Info: Saved as "Ground_-4_-9.blend"
UPDATED TERRAIN MODULE Ground_-4_-9 2048
19:55:21 | INFO: Starting glTF 2.0 export
19:55:21 | INFO: Extracting primitive: Ground_-3_-9Geometry
19:55:21 | INFO: Primitives created: 1
19:55:21 | INFO: Finished glTF 2.0 export in 0.011670112609863281 s

Info: Saved as "Ground_-3_-9.blend"
UPDATED TERRAIN MODULE Ground_-3_-9 2048
19:55:21 | INFO: Starting glTF 2.0 export
19:55:21 | INFO: Extracting primitive: Ground_-2_-9Geometry
19:55:21 | INFO: Primitives created: 1
19:55:21 | INFO: Finished glTF 2.0 export in 0.008976221084594727 s

Info: Saved as "Ground_-2_-9.blend"
UPDATED TERRAIN MODULE Ground_-2_-9 2048
19:55:22 | INFO: Starting glTF 2.0 export
19:55:22 | INFO: Extracting primitive: Ground_-1_-9Geometry
19:55:22 | INFO: Primitives created: 1
19:55:22 | INFO: Finished glTF 2.0 export in 0.009060382843017578 s

Info: Saved as "Ground_-1_-9.blend"
UPDATED TERRAIN MODULE Ground_-1_-9 2048
19:55:22 | INFO: Starting glTF 2.0 export
19:55:22 | INFO: Extracting primitive: Ground_0_-9Geometry
19:55:22 | INFO: Primitives created: 1
19:55:22 | INFO: Finished glTF 2.0 export in 0.00987863540649414 s

Info: Saved as "Ground_0_-9.blend"
UPDATED TERRAIN MODULE Ground_0_-9 2048
19:55:22 | INFO: Starting glTF 2.0 export
19:55:22 | INFO: Extracting primitive: Ground_1_-9Geometry
19:55:22 | INFO: Primitives created: 1
19:55:22 | INFO: Finished glTF 2.0 export in 0.011049032211303711 s

Info: Saved as "Ground_1_-9.blend"
UPDATED TERRAIN MODULE Ground_1_-9 2048
19:55:22 | INFO: Starting glTF 2.0 export
19:55:22 | INFO: Extracting primitive: Ground_2_-9Geometry
19:55:22 | INFO: Primitives created: 1
19:55:22 | INFO: Finished glTF 2.0 export in 0.009810686111450195 s

Info: Saved as "Ground_2_-9.blend"
UPDATED TERRAIN MODULE Ground_2_-9 2048
19:55:22 | INFO: Starting glTF 2.0 export
19:55:22 | INFO: Extracting primitive: Ground_3_-9Geometry
19:55:22 | INFO: Primitives created: 1
19:55:22 | INFO: Finished glTF 2.0 export in 0.007872343063354492 s

Info: Saved as "Ground_3_-9.blend"
UPDATED TERRAIN MODULE Ground_3_-9 2048
19:55:22 | INFO: Starting glTF 2.0 export
19:55:22 | INFO: Extracting primitive: Ground_4_-9Geometry
19:55:22 | INFO: Primitives created: 1
19:55:22 | INFO: Finished glTF 2.0 export in 0.04224514961242676 s

Info: Saved as "Ground_4_-9.blend"
UPDATED TERRAIN MODULE Ground_4_-9 2048
19:55:23 | INFO: Starting glTF 2.0 export
19:55:23 | INFO: Extracting primitive: Ground_5_-9Geometry
19:55:23 | INFO: Primitives created: 1
19:55:23 | INFO: Finished glTF 2.0 export in 0.009019613265991211 s

Info: Saved as "Ground_5_-9.blend"
UPDATED TERRAIN MODULE Ground_5_-9 2048
19:55:23 | INFO: Starting glTF 2.0 export
19:55:23 | INFO: Extracting primitive: Ground_6_-9Geometry
19:55:23 | INFO: Primitives created: 1
19:55:23 | INFO: Finished glTF 2.0 export in 0.010340452194213867 s

Info: Saved as "Ground_6_-9.blend"
UPDATED TERRAIN MODULE Ground_6_-9 2048
19:55:23 | INFO: Starting glTF 2.0 export
19:55:23 | INFO: Extracting primitive: Ground_-6_-8Geometry
19:55:23 | INFO: Primitives created: 1
19:55:23 | INFO: Finished glTF 2.0 export in 0.010795116424560547 s

Info: Saved as "Ground_-6_-8.blend"
UPDATED TERRAIN MODULE Ground_-6_-8 2586
19:55:23 | INFO: Starting glTF 2.0 export
19:55:23 | INFO: Extracting primitive: Ground_-5_-8Geometry
19:55:23 | INFO: Primitives created: 1
19:55:23 | INFO: Finished glTF 2.0 export in 0.010968685150146484 s

Info: Saved as "Ground_-5_-8.blend"
UPDATED TERRAIN MODULE Ground_-5_-8 2048
19:55:23 | INFO: Starting glTF 2.0 export
19:55:23 | INFO: Extracting primitive: Ground_-4_-8Geometry
19:55:23 | INFO: Primitives created: 1
19:55:23 | INFO: Finished glTF 2.0 export in 0.009372711181640625 s

Info: Saved as "Ground_-4_-8.blend"
UPDATED TERRAIN MODULE Ground_-4_-8 2048
19:55:23 | INFO: Starting glTF 2.0 export
19:55:23 | INFO: Extracting primitive: Ground_-3_-8Geometry
19:55:23 | INFO: Primitives created: 1
19:55:23 | INFO: Finished glTF 2.0 export in 0.008883476257324219 s

Info: Saved as "Ground_-3_-8.blend"
UPDATED TERRAIN MODULE Ground_-3_-8 2048
19:55:24 | INFO: Starting glTF 2.0 export
19:55:24 | INFO: Extracting primitive: Ground_-2_-8Geometry
19:55:24 | INFO: Primitives created: 1
19:55:24 | INFO: Finished glTF 2.0 export in 0.009982585906982422 s

Info: Saved as "Ground_-2_-8.blend"
UPDATED TERRAIN MODULE Ground_-2_-8 2048
19:55:24 | INFO: Starting glTF 2.0 export
19:55:24 | INFO: Extracting primitive: Ground_-1_-8Geometry
19:55:24 | INFO: Primitives created: 1
19:55:24 | INFO: Finished glTF 2.0 export in 0.01024317741394043 s

Info: Saved as "Ground_-1_-8.blend"
UPDATED TERRAIN MODULE Ground_-1_-8 2048
19:55:24 | INFO: Starting glTF 2.0 export
19:55:24 | INFO: Extracting primitive: Ground_0_-8Geometry
19:55:24 | INFO: Primitives created: 1
19:55:24 | INFO: Finished glTF 2.0 export in 0.011024951934814453 s

Info: Saved as "Ground_0_-8.blend"
UPDATED TERRAIN MODULE Ground_0_-8 2048
19:55:24 | INFO: Starting glTF 2.0 export
19:55:24 | INFO: Extracting primitive: Ground_1_-8Geometry
19:55:24 | INFO: Primitives created: 1
19:55:24 | INFO: Finished glTF 2.0 export in 0.00960230827331543 s

Info: Saved as "Ground_1_-8.blend"
UPDATED TERRAIN MODULE Ground_1_-8 2048
19:55:24 | INFO: Starting glTF 2.0 export
19:55:24 | INFO: Extracting primitive: Ground_2_-8Geometry
19:55:24 | INFO: Primitives created: 1
19:55:24 | INFO: Finished glTF 2.0 export in 0.01340794563293457 s

Info: Saved as "Ground_2_-8.blend"
UPDATED TERRAIN MODULE Ground_2_-8 2048
19:55:24 | INFO: Starting glTF 2.0 export
19:55:24 | INFO: Extracting primitive: Ground_3_-8Geometry
19:55:24 | INFO: Primitives created: 1
19:55:24 | INFO: Finished glTF 2.0 export in 0.008737564086914062 s

Info: Saved as "Ground_3_-8.blend"
UPDATED TERRAIN MODULE Ground_3_-8 2048
19:55:24 | INFO: Starting glTF 2.0 export
19:55:24 | INFO: Extracting primitive: Ground_4_-8Geometry
19:55:24 | INFO: Primitives created: 1
19:55:24 | INFO: Finished glTF 2.0 export in 0.011602163314819336 s

Info: Saved as "Ground_4_-8.blend"
UPDATED TERRAIN MODULE Ground_4_-8 2048
19:55:25 | INFO: Starting glTF 2.0 export
19:55:25 | INFO: Extracting primitive: Ground_5_-8Geometry
19:55:25 | INFO: Primitives created: 1
19:55:25 | INFO: Finished glTF 2.0 export in 0.008068561553955078 s

Info: Saved as "Ground_5_-8.blend"
UPDATED TERRAIN MODULE Ground_5_-8 2048
19:55:25 | INFO: Starting glTF 2.0 export
19:55:25 | INFO: Extracting primitive: Ground_6_-8Geometry
19:55:25 | INFO: Primitives created: 1
19:55:25 | INFO: Finished glTF 2.0 export in 0.01001596450805664 s

Info: Saved as "Ground_6_-8.blend"
UPDATED TERRAIN MODULE Ground_6_-8 2048
19:55:25 | INFO: Starting glTF 2.0 export
19:55:25 | INFO: Extracting primitive: Ground_-6_-7Geometry
19:55:25 | INFO: Primitives created: 1
19:55:25 | INFO: Finished glTF 2.0 export in 0.013142585754394531 s

Info: Saved as "Ground_-6_-7.blend"
UPDATED TERRAIN MODULE Ground_-6_-7 2942
19:55:25 | INFO: Starting glTF 2.0 export
19:55:25 | INFO: Extracting primitive: Ground_-5_-7Geometry
19:55:25 | INFO: Primitives created: 1
19:55:25 | INFO: Finished glTF 2.0 export in 0.008185625076293945 s

Info: Saved as "Ground_-5_-7.blend"
UPDATED TERRAIN MODULE Ground_-5_-7 2048
19:55:25 | INFO: Starting glTF 2.0 export
19:55:25 | INFO: Extracting primitive: Ground_-4_-7Geometry
19:55:25 | INFO: Primitives created: 1
19:55:25 | INFO: Finished glTF 2.0 export in 0.00898599624633789 s

Info: Saved as "Ground_-4_-7.blend"
UPDATED TERRAIN MODULE Ground_-4_-7 2048
19:55:26 | INFO: Starting glTF 2.0 export
19:55:26 | INFO: Extracting primitive: Ground_-3_-7Geometry
19:55:26 | INFO: Primitives created: 1
19:55:26 | INFO: Finished glTF 2.0 export in 0.007693767547607422 s

Info: Saved as "Ground_-3_-7.blend"
UPDATED TERRAIN MODULE Ground_-3_-7 2048
19:55:26 | INFO: Starting glTF 2.0 export
19:55:26 | INFO: Extracting primitive: Ground_-2_-7Geometry
19:55:26 | INFO: Primitives created: 1
19:55:26 | INFO: Finished glTF 2.0 export in 0.010105609893798828 s

Info: Saved as "Ground_-2_-7.blend"
UPDATED TERRAIN MODULE Ground_-2_-7 2048
19:55:26 | INFO: Starting glTF 2.0 export
19:55:26 | INFO: Extracting primitive: Ground_-1_-7Geometry
19:55:26 | INFO: Primitives created: 1
19:55:26 | INFO: Finished glTF 2.0 export in 0.01139211654663086 s

Info: Saved as "Ground_-1_-7.blend"
UPDATED TERRAIN MODULE Ground_-1_-7 2048
19:55:26 | INFO: Starting glTF 2.0 export
19:55:26 | INFO: Extracting primitive: Ground_0_-7Geometry
19:55:26 | INFO: Primitives created: 1
19:55:26 | INFO: Finished glTF 2.0 export in 0.012776374816894531 s

Info: Saved as "Ground_0_-7.blend"
UPDATED TERRAIN MODULE Ground_0_-7 2048
19:55:26 | INFO: Starting glTF 2.0 export
19:55:26 | INFO: Extracting primitive: Ground_1_-7Geometry
19:55:26 | INFO: Primitives created: 1
19:55:26 | INFO: Finished glTF 2.0 export in 0.011208534240722656 s

Info: Saved as "Ground_1_-7.blend"
UPDATED TERRAIN MODULE Ground_1_-7 2048
19:55:26 | INFO: Starting glTF 2.0 export
19:55:26 | INFO: Extracting primitive: Ground_2_-7Geometry
19:55:26 | INFO: Primitives created: 1
19:55:26 | INFO: Finished glTF 2.0 export in 0.012403249740600586 s

Info: Saved as "Ground_2_-7.blend"
UPDATED TERRAIN MODULE Ground_2_-7 2048
19:55:26 | INFO: Starting glTF 2.0 export
19:55:26 | INFO: Extracting primitive: Ground_3_-7Geometry
19:55:26 | INFO: Primitives created: 1
19:55:26 | INFO: Finished glTF 2.0 export in 0.04654097557067871 s

Info: Saved as "Ground_3_-7.blend"
UPDATED TERRAIN MODULE Ground_3_-7 2048
19:55:27 | INFO: Starting glTF 2.0 export
19:55:27 | INFO: Extracting primitive: Ground_4_-7Geometry
19:55:27 | INFO: Primitives created: 1
19:55:27 | INFO: Finished glTF 2.0 export in 0.009741783142089844 s

Info: Saved as "Ground_4_-7.blend"
UPDATED TERRAIN MODULE Ground_4_-7 2048
19:55:27 | INFO: Starting glTF 2.0 export
19:55:27 | INFO: Extracting primitive: Ground_5_-7Geometry
19:55:27 | INFO: Primitives created: 1
19:55:27 | INFO: Finished glTF 2.0 export in 0.01137089729309082 s

Info: Saved as "Ground_5_-7.blend"
UPDATED TERRAIN MODULE Ground_5_-7 2048
19:55:27 | INFO: Starting glTF 2.0 export
19:55:27 | INFO: Extracting primitive: Ground_6_-7Geometry
19:55:27 | INFO: Primitives created: 1
19:55:27 | INFO: Finished glTF 2.0 export in 0.008853435516357422 s

Info: Saved as "Ground_6_-7.blend"
UPDATED TERRAIN MODULE Ground_6_-7 2048
19:55:27 | INFO: Starting glTF 2.0 export
19:55:27 | INFO: Extracting primitive: Ground_-6_-6Geometry
19:55:27 | INFO: Primitives created: 1
19:55:27 | INFO: Finished glTF 2.0 export in 0.012326240539550781 s

Info: Saved as "Ground_-6_-6.blend"
UPDATED TERRAIN MODULE Ground_-6_-6 2236
19:55:27 | INFO: Starting glTF 2.0 export
19:55:27 | INFO: Extracting primitive: Ground_-5_-6Geometry
19:55:27 | INFO: Primitives created: 1
19:55:27 | INFO: Finished glTF 2.0 export in 0.009884119033813477 s

Info: Saved as "Ground_-5_-6.blend"
UPDATED TERRAIN MODULE Ground_-5_-6 2788
19:55:28 | INFO: Starting glTF 2.0 export
19:55:28 | INFO: Extracting primitive: Ground_-4_-6Geometry
19:55:28 | INFO: Primitives created: 1
19:55:28 | INFO: Finished glTF 2.0 export in 0.011199235916137695 s

Info: Saved as "Ground_-4_-6.blend"
UPDATED TERRAIN MODULE Ground_-4_-6 2048
19:55:28 | INFO: Starting glTF 2.0 export
19:55:28 | INFO: Extracting primitive: Ground_-3_-6Geometry
19:55:28 | INFO: Primitives created: 1
19:55:28 | INFO: Finished glTF 2.0 export in 0.006734132766723633 s

Info: Saved as "Ground_-3_-6.blend"
UPDATED TERRAIN MODULE Ground_-3_-6 2048
19:55:28 | INFO: Starting glTF 2.0 export
19:55:28 | INFO: Extracting primitive: Ground_-2_-6Geometry
19:55:28 | INFO: Primitives created: 1
19:55:28 | INFO: Finished glTF 2.0 export in 0.01061558723449707 s

Info: Saved as "Ground_-2_-6.blend"
UPDATED TERRAIN MODULE Ground_-2_-6 2048
19:55:28 | INFO: Starting glTF 2.0 export
19:55:28 | INFO: Extracting primitive: Ground_-1_-6Geometry
19:55:28 | INFO: Primitives created: 1
19:55:28 | INFO: Finished glTF 2.0 export in 0.008063077926635742 s

Info: Saved as "Ground_-1_-6.blend"
UPDATED TERRAIN MODULE Ground_-1_-6 2048
19:55:28 | INFO: Starting glTF 2.0 export
19:55:28 | INFO: Extracting primitive: Ground_0_-6Geometry
19:55:28 | INFO: Primitives created: 1
19:55:28 | INFO: Finished glTF 2.0 export in 0.007611274719238281 s

Info: Saved as "Ground_0_-6.blend"
UPDATED TERRAIN MODULE Ground_0_-6 2048
19:55:28 | INFO: Starting glTF 2.0 export
19:55:28 | INFO: Extracting primitive: Ground_1_-6Geometry
19:55:28 | INFO: Primitives created: 1
19:55:28 | INFO: Finished glTF 2.0 export in 0.009255647659301758 s

Info: Saved as "Ground_1_-6.blend"
UPDATED TERRAIN MODULE Ground_1_-6 2048
19:55:28 | INFO: Starting glTF 2.0 export
19:55:28 | INFO: Extracting primitive: Ground_2_-6Geometry
19:55:28 | INFO: Primitives created: 1
19:55:28 | INFO: Finished glTF 2.0 export in 0.011260747909545898 s

Info: Saved as "Ground_2_-6.blend"
UPDATED TERRAIN MODULE Ground_2_-6 2048
19:55:29 | INFO: Starting glTF 2.0 export
19:55:29 | INFO: Extracting primitive: Ground_3_-6Geometry
19:55:29 | INFO: Primitives created: 1
19:55:29 | INFO: Finished glTF 2.0 export in 0.009771585464477539 s

Info: Saved as "Ground_3_-6.blend"
UPDATED TERRAIN MODULE Ground_3_-6 2048
19:55:29 | INFO: Starting glTF 2.0 export
19:55:29 | INFO: Extracting primitive: Ground_4_-6Geometry
19:55:29 | INFO: Primitives created: 1
19:55:29 | INFO: Finished glTF 2.0 export in 0.01195216178894043 s

Info: Saved as "Ground_4_-6.blend"
UPDATED TERRAIN MODULE Ground_4_-6 2048
19:55:29 | INFO: Starting glTF 2.0 export
19:55:29 | INFO: Extracting primitive: Ground_5_-6Geometry
19:55:29 | INFO: Primitives created: 1
19:55:29 | INFO: Finished glTF 2.0 export in 0.007658481597900391 s

Info: Saved as "Ground_5_-6.blend"
UPDATED TERRAIN MODULE Ground_5_-6 2048
19:55:29 | INFO: Starting glTF 2.0 export
19:55:29 | INFO: Extracting primitive: Ground_6_-6Geometry
19:55:29 | INFO: Primitives created: 1
19:55:29 | INFO: Finished glTF 2.0 export in 0.012862443923950195 s

Info: Saved as "Ground_6_-6.blend"
UPDATED TERRAIN MODULE Ground_6_-6 2048
19:55:29 | INFO: Starting glTF 2.0 export
19:55:29 | INFO: Extracting primitive: Ground_-6_-5Geometry
19:55:29 | INFO: Primitives created: 1
19:55:29 | INFO: Finished glTF 2.0 export in 0.011424779891967773 s

Info: Saved as "Ground_-6_-5.blend"
UPDATED TERRAIN MODULE Ground_-6_-5 2048
19:55:30 | INFO: Starting glTF 2.0 export
19:55:30 | INFO: Extracting primitive: Ground_-5_-5Geometry
19:55:30 | INFO: Primitives created: 1
19:55:30 | INFO: Finished glTF 2.0 export in 0.04855847358703613 s

Info: Saved as "Ground_-5_-5.blend"
UPDATED TERRAIN MODULE Ground_-5_-5 2716
19:55:30 | INFO: Starting glTF 2.0 export
19:55:30 | INFO: Extracting primitive: Ground_-4_-5Geometry
19:55:30 | INFO: Primitives created: 1
19:55:30 | INFO: Finished glTF 2.0 export in 0.011667251586914062 s

Info: Saved as "Ground_-4_-5.blend"
UPDATED TERRAIN MODULE Ground_-4_-5 2308
19:55:30 | INFO: Starting glTF 2.0 export
19:55:30 | INFO: Extracting primitive: Ground_-3_-5Geometry
19:55:30 | INFO: Primitives created: 1
19:55:30 | INFO: Finished glTF 2.0 export in 0.012396812438964844 s

Info: Saved as "Ground_-3_-5.blend"
UPDATED TERRAIN MODULE Ground_-3_-5 2080
19:55:30 | INFO: Starting glTF 2.0 export
19:55:30 | INFO: Extracting primitive: Ground_-2_-5Geometry
19:55:30 | INFO: Primitives created: 1
19:55:30 | INFO: Finished glTF 2.0 export in 0.011440277099609375 s

Info: Saved as "Ground_-2_-5.blend"
UPDATED TERRAIN MODULE Ground_-2_-5 2048
19:55:30 | INFO: Starting glTF 2.0 export
19:55:30 | INFO: Extracting primitive: Ground_-1_-5Geometry
19:55:30 | INFO: Primitives created: 1
19:55:30 | INFO: Finished glTF 2.0 export in 0.009555816650390625 s

Info: Saved as "Ground_-1_-5.blend"
UPDATED TERRAIN MODULE Ground_-1_-5 2048
19:55:30 | INFO: Starting glTF 2.0 export
19:55:30 | INFO: Extracting primitive: Ground_0_-5Geometry
19:55:30 | INFO: Primitives created: 1
19:55:30 | INFO: Finished glTF 2.0 export in 0.008441925048828125 s

Info: Saved as "Ground_0_-5.blend"
UPDATED TERRAIN MODULE Ground_0_-5 2048
19:55:30 | INFO: Starting glTF 2.0 export
19:55:30 | INFO: Extracting primitive: Ground_1_-5Geometry
19:55:30 | INFO: Primitives created: 1
19:55:30 | INFO: Finished glTF 2.0 export in 0.008223533630371094 s

Info: Saved as "Ground_1_-5.blend"
UPDATED TERRAIN MODULE Ground_1_-5 2112
19:55:31 | INFO: Starting glTF 2.0 export
19:55:31 | INFO: Extracting primitive: Ground_2_-5Geometry
19:55:31 | INFO: Primitives created: 1
19:55:31 | INFO: Finished glTF 2.0 export in 0.008208036422729492 s

Info: Saved as "Ground_2_-5.blend"
UPDATED TERRAIN MODULE Ground_2_-5 2048
19:55:31 | INFO: Starting glTF 2.0 export
19:55:31 | INFO: Extracting primitive: Ground_3_-5Geometry
19:55:31 | INFO: Primitives created: 1
19:55:31 | INFO: Finished glTF 2.0 export in 0.010823488235473633 s

Info: Saved as "Ground_3_-5.blend"
UPDATED TERRAIN MODULE Ground_3_-5 2048
19:55:31 | INFO: Starting glTF 2.0 export
19:55:31 | INFO: Extracting primitive: Ground_4_-5Geometry
19:55:31 | INFO: Primitives created: 1
19:55:31 | INFO: Finished glTF 2.0 export in 0.009291410446166992 s

Info: Saved as "Ground_4_-5.blend"
UPDATED TERRAIN MODULE Ground_4_-5 2048
19:55:31 | INFO: Starting glTF 2.0 export
19:55:31 | INFO: Extracting primitive: Ground_5_-5Geometry
19:55:31 | INFO: Primitives created: 1
19:55:31 | INFO: Finished glTF 2.0 export in 0.011134624481201172 s

Info: Saved as "Ground_5_-5.blend"
UPDATED TERRAIN MODULE Ground_5_-5 2048
19:55:31 | INFO: Starting glTF 2.0 export
19:55:31 | INFO: Extracting primitive: Ground_6_-5Geometry
19:55:31 | INFO: Primitives created: 1
19:55:31 | INFO: Finished glTF 2.0 export in 0.010444879531860352 s

Info: Saved as "Ground_6_-5.blend"
UPDATED TERRAIN MODULE Ground_6_-5 2048
19:55:31 | INFO: Starting glTF 2.0 export
19:55:31 | INFO: Extracting primitive: Ground_-6_-4Geometry
19:55:31 | INFO: Primitives created: 1
19:55:31 | INFO: Finished glTF 2.0 export in 0.011493444442749023 s

Info: Saved as "Ground_-6_-4.blend"
UPDATED TERRAIN MODULE Ground_-6_-4 2048
19:55:32 | INFO: Starting glTF 2.0 export
19:55:32 | INFO: Extracting primitive: Ground_-5_-4Geometry
19:55:32 | INFO: Primitives created: 1
19:55:32 | INFO: Finished glTF 2.0 export in 0.011045694351196289 s

Info: Saved as "Ground_-5_-4.blend"
UPDATED TERRAIN MODULE Ground_-5_-4 2048
19:55:32 | INFO: Starting glTF 2.0 export
19:55:32 | INFO: Extracting primitive: Ground_-4_-4Geometry
19:55:32 | INFO: Primitives created: 1
19:55:32 | INFO: Finished glTF 2.0 export in 0.013386964797973633 s

Info: Saved as "Ground_-4_-4.blend"
UPDATED TERRAIN MODULE Ground_-4_-4 2968
19:55:32 | INFO: Starting glTF 2.0 export
19:55:32 | INFO: Extracting primitive: Ground_-3_-4Geometry
19:55:32 | INFO: Primitives created: 1
19:55:32 | INFO: Finished glTF 2.0 export in 0.00866842269897461 s

Info: Saved as "Ground_-3_-4.blend"
UPDATED TERRAIN MODULE Ground_-3_-4 2048
19:55:32 | INFO: Starting glTF 2.0 export
19:55:32 | INFO: Extracting primitive: Ground_-2_-4Geometry
19:55:32 | INFO: Primitives created: 1
19:55:32 | INFO: Finished glTF 2.0 export in 0.009732484817504883 s

Info: Saved as "Ground_-2_-4.blend"
UPDATED TERRAIN MODULE Ground_-2_-4 2048
19:55:32 | INFO: Starting glTF 2.0 export
19:55:32 | INFO: Extracting primitive: Ground_-1_-4Geometry
19:55:32 | INFO: Primitives created: 1
19:55:32 | INFO: Finished glTF 2.0 export in 0.009972572326660156 s

Info: Saved as "Ground_-1_-4.blend"
UPDATED TERRAIN MODULE Ground_-1_-4 2048
19:55:32 | INFO: Starting glTF 2.0 export
19:55:32 | INFO: Extracting primitive: Ground_0_-4Geometry
19:55:32 | INFO: Primitives created: 1
19:55:32 | INFO: Finished glTF 2.0 export in 0.010399341583251953 s

Info: Saved as "Ground_0_-4.blend"
UPDATED TERRAIN MODULE Ground_0_-4 2065
19:55:33 | INFO: Starting glTF 2.0 export
19:55:33 | INFO: Extracting primitive: Ground_1_-4Geometry
19:55:33 | INFO: Primitives created: 1
19:55:33 | INFO: Finished glTF 2.0 export in 0.010355710983276367 s

Info: Saved as "Ground_1_-4.blend"
UPDATED TERRAIN MODULE Ground_1_-4 2644
19:55:33 | INFO: Starting glTF 2.0 export
19:55:33 | INFO: Extracting primitive: Ground_2_-4Geometry
19:55:33 | INFO: Primitives created: 1
19:55:33 | INFO: Finished glTF 2.0 export in 0.00908207893371582 s

Info: Saved as "Ground_2_-4.blend"
UPDATED TERRAIN MODULE Ground_2_-4 2226
19:55:33 | INFO: Starting glTF 2.0 export
19:55:33 | INFO: Extracting primitive: Ground_3_-4Geometry
19:55:33 | INFO: Primitives created: 1
19:55:33 | INFO: Finished glTF 2.0 export in 0.008944511413574219 s

Info: Saved as "Ground_3_-4.blend"
UPDATED TERRAIN MODULE Ground_3_-4 2048
19:55:33 | INFO: Starting glTF 2.0 export
19:55:33 | INFO: Extracting primitive: Ground_4_-4Geometry
19:55:33 | INFO: Primitives created: 1
19:55:33 | INFO: Finished glTF 2.0 export in 0.011072158813476562 s

Info: Saved as "Ground_4_-4.blend"
UPDATED TERRAIN MODULE Ground_4_-4 2048
19:55:33 | INFO: Starting glTF 2.0 export
19:55:33 | INFO: Extracting primitive: Ground_5_-4Geometry
19:55:33 | INFO: Primitives created: 1
19:55:33 | INFO: Finished glTF 2.0 export in 0.008790969848632812 s

Info: Saved as "Ground_5_-4.blend"
UPDATED TERRAIN MODULE Ground_5_-4 2050
19:55:33 | INFO: Starting glTF 2.0 export
19:55:33 | INFO: Extracting primitive: Ground_6_-4Geometry
19:55:33 | INFO: Primitives created: 1
19:55:33 | INFO: Finished glTF 2.0 export in 0.05423426628112793 s

Info: Saved as "Ground_6_-4.blend"
UPDATED TERRAIN MODULE Ground_6_-4 2048
19:55:34 | INFO: Starting glTF 2.0 export
19:55:34 | INFO: Extracting primitive: Ground_-6_-3Geometry
19:55:34 | INFO: Primitives created: 1
19:55:34 | INFO: Finished glTF 2.0 export in 0.0179445743560791 s

Info: Saved as "Ground_-6_-3.blend"
UPDATED TERRAIN MODULE Ground_-6_-3 2048
19:55:34 | INFO: Starting glTF 2.0 export
19:55:34 | INFO: Extracting primitive: Ground_-5_-3Geometry
19:55:34 | INFO: Primitives created: 1
19:55:34 | INFO: Finished glTF 2.0 export in 0.01581430435180664 s

Info: Saved as "Ground_-5_-3.blend"
UPDATED TERRAIN MODULE Ground_-5_-3 2048
19:55:34 | INFO: Starting glTF 2.0 export
19:55:34 | INFO: Extracting primitive: Ground_-4_-3Geometry
19:55:34 | INFO: Primitives created: 1
19:55:34 | INFO: Finished glTF 2.0 export in 0.021219253540039062 s

Info: Saved as "Ground_-4_-3.blend"
UPDATED TERRAIN MODULE Ground_-4_-3 2276
19:55:34 | INFO: Starting glTF 2.0 export
19:55:34 | INFO: Extracting primitive: Ground_-3_-3Geometry
19:55:34 | INFO: Primitives created: 1
19:55:34 | INFO: Finished glTF 2.0 export in 0.014343500137329102 s

Info: Saved as "Ground_-3_-3.blend"
UPDATED TERRAIN MODULE Ground_-3_-3 2748
19:55:35 | INFO: Starting glTF 2.0 export
19:55:35 | INFO: Extracting primitive: Ground_-2_-3Geometry
19:55:35 | INFO: Primitives created: 1
19:55:35 | INFO: Finished glTF 2.0 export in 0.010287284851074219 s

Info: Saved as "Ground_-2_-3.blend"
UPDATED TERRAIN MODULE Ground_-2_-3 2048
19:55:35 | INFO: Starting glTF 2.0 export
19:55:35 | INFO: Extracting primitive: Ground_-1_-3Geometry
19:55:35 | INFO: Primitives created: 1
19:55:35 | INFO: Finished glTF 2.0 export in 0.011102437973022461 s

Info: Saved as "Ground_-1_-3.blend"
UPDATED TERRAIN MODULE Ground_-1_-3 2052
19:55:35 | INFO: Starting glTF 2.0 export
19:55:35 | INFO: Extracting primitive: Ground_0_-3Geometry
19:55:35 | INFO: Primitives created: 1
19:55:35 | INFO: Finished glTF 2.0 export in 0.011197090148925781 s

Info: Saved as "Ground_0_-3.blend"
UPDATED TERRAIN MODULE Ground_0_-3 2303
19:55:35 | INFO: Starting glTF 2.0 export
19:55:35 | INFO: Extracting primitive: Ground_1_-3Geometry
19:55:35 | INFO: Primitives created: 1
19:55:35 | INFO: Finished glTF 2.0 export in 0.008469104766845703 s

Info: Saved as "Ground_1_-3.blend"
UPDATED TERRAIN MODULE Ground_1_-3 2142
19:55:35 | INFO: Starting glTF 2.0 export
19:55:35 | INFO: Extracting primitive: Ground_2_-3Geometry
19:55:35 | INFO: Primitives created: 1
19:55:35 | INFO: Finished glTF 2.0 export in 0.010951995849609375 s

Info: Saved as "Ground_2_-3.blend"
UPDATED TERRAIN MODULE Ground_2_-3 2100
19:55:35 | INFO: Starting glTF 2.0 export
19:55:35 | INFO: Extracting primitive: Ground_3_-3Geometry
19:55:35 | INFO: Primitives created: 1
19:55:35 | INFO: Finished glTF 2.0 export in 0.010970354080200195 s

Info: Saved as "Ground_3_-3.blend"
UPDATED TERRAIN MODULE Ground_3_-3 2048
19:55:35 | INFO: Starting glTF 2.0 export
19:55:35 | INFO: Extracting primitive: Ground_4_-3Geometry
19:55:35 | INFO: Primitives created: 1
19:55:35 | INFO: Finished glTF 2.0 export in 0.011198759078979492 s

Info: Saved as "Ground_4_-3.blend"
UPDATED TERRAIN MODULE Ground_4_-3 2048
19:55:36 | INFO: Starting glTF 2.0 export
19:55:36 | INFO: Extracting primitive: Ground_5_-3Geometry
19:55:36 | INFO: Primitives created: 1
19:55:36 | INFO: Finished glTF 2.0 export in 0.0810537338256836 s

Info: Saved as "Ground_5_-3.blend"
UPDATED TERRAIN MODULE Ground_5_-3 2048
19:55:37 | INFO: Starting glTF 2.0 export
19:55:37 | INFO: Extracting primitive: Ground_6_-3Geometry
19:55:37 | INFO: Primitives created: 1
19:55:37 | INFO: Finished glTF 2.0 export in 0.03899025917053223 s

Info: Saved as "Ground_6_-3.blend"
UPDATED TERRAIN MODULE Ground_6_-3 2048
19:55:37 | INFO: Starting glTF 2.0 export
19:55:37 | INFO: Extracting primitive: Ground_-6_-2Geometry
19:55:37 | INFO: Primitives created: 1
19:55:37 | INFO: Finished glTF 2.0 export in 0.015969514846801758 s

Info: Saved as "Ground_-6_-2.blend"
UPDATED TERRAIN MODULE Ground_-6_-2 2048
19:55:37 | INFO: Starting glTF 2.0 export
19:55:37 | INFO: Extracting primitive: Ground_-5_-2Geometry
19:55:37 | INFO: Primitives created: 1
19:55:37 | INFO: Finished glTF 2.0 export in 0.012710809707641602 s

Info: Saved as "Ground_-5_-2.blend"
UPDATED TERRAIN MODULE Ground_-5_-2 2048
19:55:37 | INFO: Starting glTF 2.0 export
19:55:37 | INFO: Extracting primitive: Ground_-4_-2Geometry
19:55:37 | INFO: Primitives created: 1
19:55:37 | INFO: Finished glTF 2.0 export in 0.007873058319091797 s

Info: Saved as "Ground_-4_-2.blend"
UPDATED TERRAIN MODULE Ground_-4_-2 2048
19:55:38 | INFO: Starting glTF 2.0 export
19:55:38 | INFO: Extracting primitive: Ground_-3_-2Geometry
19:55:38 | INFO: Primitives created: 1
19:55:38 | INFO: Finished glTF 2.0 export in 0.011473417282104492 s

Info: Saved as "Ground_-3_-2.blend"
UPDATED TERRAIN MODULE Ground_-3_-2 2612
19:55:38 | INFO: Starting glTF 2.0 export
19:55:38 | INFO: Extracting primitive: Ground_-2_-2Geometry
19:55:38 | INFO: Primitives created: 1
19:55:38 | INFO: Finished glTF 2.0 export in 0.008980751037597656 s

Info: Saved as "Ground_-2_-2.blend"
UPDATED TERRAIN MODULE Ground_-2_-2 2614
19:55:38 | INFO: Starting glTF 2.0 export
19:55:38 | INFO: Extracting primitive: Ground_-1_-2Geometry
19:55:38 | INFO: Primitives created: 1
19:55:38 | INFO: Finished glTF 2.0 export in 0.018950223922729492 s

Info: Saved as "Ground_-1_-2.blend"
UPDATED TERRAIN MODULE Ground_-1_-2 8272
19:55:39 | INFO: Starting glTF 2.0 export
19:55:39 | INFO: Extracting primitive: Ground_0_-2Geometry
19:55:39 | INFO: Primitives created: 1
19:55:39 | INFO: Finished glTF 2.0 export in 0.029818296432495117 s

Info: Saved as "Ground_0_-2.blend"
UPDATED TERRAIN MODULE Ground_0_-2 11766
19:55:40 | INFO: Starting glTF 2.0 export
19:55:40 | INFO: Extracting primitive: Ground_1_-2Geometry
19:55:40 | INFO: Primitives created: 1
19:55:40 | INFO: Finished glTF 2.0 export in 0.023987531661987305 s

Info: Saved as "Ground_1_-2.blend"
UPDATED TERRAIN MODULE Ground_1_-2 11593
19:55:40 | INFO: Starting glTF 2.0 export
19:55:40 | INFO: Extracting primitive: Ground_2_-2Geometry
19:55:40 | INFO: Primitives created: 1
19:55:40 | INFO: Finished glTF 2.0 export in 0.010226249694824219 s

Info: Saved as "Ground_2_-2.blend"
UPDATED TERRAIN MODULE Ground_2_-2 2048
19:55:40 | INFO: Starting glTF 2.0 export
19:55:40 | INFO: Extracting primitive: Ground_3_-2Geometry
19:55:40 | INFO: Primitives created: 1
19:55:40 | INFO: Finished glTF 2.0 export in 0.010726451873779297 s

Info: Saved as "Ground_3_-2.blend"
UPDATED TERRAIN MODULE Ground_3_-2 2048
19:55:40 | INFO: Starting glTF 2.0 export
19:55:40 | INFO: Extracting primitive: Ground_4_-2Geometry
19:55:40 | INFO: Primitives created: 1
19:55:40 | INFO: Finished glTF 2.0 export in 0.007720232009887695 s

Info: Saved as "Ground_4_-2.blend"
UPDATED TERRAIN MODULE Ground_4_-2 2048
19:55:40 | INFO: Starting glTF 2.0 export
19:55:40 | INFO: Extracting primitive: Ground_5_-2Geometry
19:55:40 | INFO: Primitives created: 1
19:55:40 | INFO: Finished glTF 2.0 export in 0.009218215942382812 s

Info: Saved as "Ground_5_-2.blend"
UPDATED TERRAIN MODULE Ground_5_-2 2048
19:55:41 | INFO: Starting glTF 2.0 export
19:55:41 | INFO: Extracting primitive: Ground_6_-2Geometry
19:55:41 | INFO: Primitives created: 1
19:55:41 | INFO: Finished glTF 2.0 export in 0.008563756942749023 s

Info: Saved as "Ground_6_-2.blend"
UPDATED TERRAIN MODULE Ground_6_-2 2048
19:55:41 | INFO: Starting glTF 2.0 export
19:55:41 | INFO: Extracting primitive: Ground_-6_-1Geometry
19:55:41 | INFO: Primitives created: 1
19:55:41 | INFO: Finished glTF 2.0 export in 0.011964082717895508 s

Info: Saved as "Ground_-6_-1.blend"
UPDATED TERRAIN MODULE Ground_-6_-1 2048
19:55:41 | INFO: Starting glTF 2.0 export
19:55:41 | INFO: Extracting primitive: Ground_-5_-1Geometry
19:55:41 | INFO: Primitives created: 1
19:55:41 | INFO: Finished glTF 2.0 export in 0.015513420104980469 s

Info: Saved as "Ground_-5_-1.blend"
UPDATED TERRAIN MODULE Ground_-5_-1 2048
19:55:41 | INFO: Starting glTF 2.0 export
19:55:41 | INFO: Extracting primitive: Ground_-4_-1Geometry
19:55:41 | INFO: Primitives created: 1
19:55:41 | INFO: Finished glTF 2.0 export in 0.011065959930419922 s

Info: Saved as "Ground_-4_-1.blend"
UPDATED TERRAIN MODULE Ground_-4_-1 2048
19:55:41 | INFO: Starting glTF 2.0 export
19:55:41 | INFO: Extracting primitive: Ground_-3_-1Geometry
19:55:41 | INFO: Primitives created: 1
19:55:41 | INFO: Finished glTF 2.0 export in 0.013576507568359375 s

Info: Saved as "Ground_-3_-1.blend"
UPDATED TERRAIN MODULE Ground_-3_-1 2048
19:55:41 | INFO: Starting glTF 2.0 export
19:55:41 | INFO: Extracting primitive: Ground_-2_-1Geometry
19:55:41 | INFO: Primitives created: 1
19:55:41 | INFO: Finished glTF 2.0 export in 0.009308576583862305 s

Info: Saved as "Ground_-2_-1.blend"
UPDATED TERRAIN MODULE Ground_-2_-1 2500
19:55:42 | INFO: Starting glTF 2.0 export
19:55:42 | INFO: Extracting primitive: Ground_-1_-1Geometry
19:55:42 | INFO: Primitives created: 1
19:55:42 | INFO: Finished glTF 2.0 export in 0.03311300277709961 s

Info: Saved as "Ground_-1_-1.blend"
UPDATED TERRAIN MODULE Ground_-1_-1 12473
19:55:43 | INFO: Starting glTF 2.0 export
19:55:43 | INFO: Extracting primitive: Ground_0_-1Geometry
19:55:43 | INFO: Primitives created: 1
19:55:43 | INFO: Finished glTF 2.0 export in 0.036383628845214844 s

Info: Saved as "Ground_0_-1.blend"
UPDATED TERRAIN MODULE Ground_0_-1 13466
19:55:44 | INFO: Starting glTF 2.0 export
19:55:44 | INFO: Extracting primitive: Ground_1_-1Geometry
19:55:44 | INFO: Primitives created: 1
19:55:44 | INFO: Finished glTF 2.0 export in 0.024471759796142578 s

Info: Saved as "Ground_1_-1.blend"
UPDATED TERRAIN MODULE Ground_1_-1 8553
19:55:44 | INFO: Starting glTF 2.0 export
19:55:44 | INFO: Extracting primitive: Ground_2_-1Geometry
19:55:44 | INFO: Primitives created: 1
19:55:44 | INFO: Finished glTF 2.0 export in 0.010977506637573242 s

Info: Saved as "Ground_2_-1.blend"
UPDATED TERRAIN MODULE Ground_2_-1 2048
19:55:44 | INFO: Starting glTF 2.0 export
19:55:44 | INFO: Extracting primitive: Ground_3_-1Geometry
19:55:44 | INFO: Primitives created: 1
19:55:44 | INFO: Finished glTF 2.0 export in 0.014960527420043945 s

Info: Saved as "Ground_3_-1.blend"
UPDATED TERRAIN MODULE Ground_3_-1 2048
19:55:44 | INFO: Starting glTF 2.0 export
19:55:44 | INFO: Extracting primitive: Ground_4_-1Geometry
19:55:44 | INFO: Primitives created: 1
19:55:44 | INFO: Finished glTF 2.0 export in 0.011967897415161133 s

Info: Saved as "Ground_4_-1.blend"
UPDATED TERRAIN MODULE Ground_4_-1 2048
19:55:44 | INFO: Starting glTF 2.0 export
19:55:44 | INFO: Extracting primitive: Ground_5_-1Geometry
19:55:44 | INFO: Primitives created: 1
19:55:44 | INFO: Finished glTF 2.0 export in 0.008488655090332031 s

Info: Saved as "Ground_5_-1.blend"
UPDATED TERRAIN MODULE Ground_5_-1 2048
19:55:45 | INFO: Starting glTF 2.0 export
19:55:45 | INFO: Extracting primitive: Ground_6_-1Geometry
19:55:45 | INFO: Primitives created: 1
19:55:45 | INFO: Finished glTF 2.0 export in 0.015335321426391602 s

Info: Saved as "Ground_6_-1.blend"
UPDATED TERRAIN MODULE Ground_6_-1 2048
19:55:45 | INFO: Starting glTF 2.0 export
19:55:45 | INFO: Extracting primitive: Ground_-6_0Geometry
19:55:45 | INFO: Primitives created: 1
19:55:45 | INFO: Finished glTF 2.0 export in 0.009868860244750977 s

Info: Saved as "Ground_-6_0.blend"
UPDATED TERRAIN MODULE Ground_-6_0 2048
19:55:45 | INFO: Starting glTF 2.0 export
19:55:45 | INFO: Extracting primitive: Ground_-5_0Geometry
19:55:45 | INFO: Primitives created: 1
19:55:45 | INFO: Finished glTF 2.0 export in 0.009902715682983398 s

Info: Saved as "Ground_-5_0.blend"
UPDATED TERRAIN MODULE Ground_-5_0 2048
19:55:45 | INFO: Starting glTF 2.0 export
19:55:45 | INFO: Extracting primitive: Ground_-4_0Geometry
19:55:45 | INFO: Primitives created: 1
19:55:45 | INFO: Finished glTF 2.0 export in 0.010878801345825195 s

Info: Saved as "Ground_-4_0.blend"
UPDATED TERRAIN MODULE Ground_-4_0 2048
19:55:45 | INFO: Starting glTF 2.0 export
19:55:45 | INFO: Extracting primitive: Ground_-3_0Geometry
19:55:45 | INFO: Primitives created: 1
19:55:45 | INFO: Finished glTF 2.0 export in 0.01668381690979004 s

Info: Saved as "Ground_-3_0.blend"
UPDATED TERRAIN MODULE Ground_-3_0 2048
19:55:46 | INFO: Starting glTF 2.0 export
19:55:46 | INFO: Extracting primitive: Ground_-2_0Geometry
19:55:46 | INFO: Primitives created: 1
19:55:46 | INFO: Finished glTF 2.0 export in 0.012964963912963867 s

Info: Saved as "Ground_-2_0.blend"
UPDATED TERRAIN MODULE Ground_-2_0 2048
19:55:46 | INFO: Starting glTF 2.0 export
19:55:46 | INFO: Extracting primitive: Ground_-1_0Geometry
19:55:46 | INFO: Primitives created: 1
19:55:46 | INFO: Finished glTF 2.0 export in 0.024935483932495117 s

Info: Saved as "Ground_-1_0.blend"
UPDATED TERRAIN MODULE Ground_-1_0 8964
19:55:47 | INFO: Starting glTF 2.0 export
19:55:47 | INFO: Extracting primitive: Ground_0_0Geometry
19:55:47 | INFO: Primitives created: 1
19:55:47 | INFO: Finished glTF 2.0 export in 0.028923988342285156 s

Info: Saved as "Ground_0_0.blend"
UPDATED TERRAIN MODULE Ground_0_0 7391
19:55:47 | INFO: Starting glTF 2.0 export
19:55:47 | INFO: Extracting primitive: Ground_1_0Geometry
19:55:47 | INFO: Primitives created: 1
19:55:47 | INFO: Finished glTF 2.0 export in 0.024141788482666016 s

Info: Saved as "Ground_1_0.blend"
UPDATED TERRAIN MODULE Ground_1_0 8064
19:55:47 | INFO: Starting glTF 2.0 export
19:55:47 | INFO: Extracting primitive: Ground_2_0Geometry
19:55:47 | INFO: Primitives created: 1
19:55:47 | INFO: Finished glTF 2.0 export in 0.009972572326660156 s

Info: Saved as "Ground_2_0.blend"
UPDATED TERRAIN MODULE Ground_2_0 2048
19:55:48 | INFO: Starting glTF 2.0 export
19:55:48 | INFO: Extracting primitive: Ground_3_0Geometry
19:55:48 | INFO: Primitives created: 1
19:55:48 | INFO: Finished glTF 2.0 export in 0.012965917587280273 s

Info: Saved as "Ground_3_0.blend"
UPDATED TERRAIN MODULE Ground_3_0 2048
19:55:48 | INFO: Starting glTF 2.0 export
19:55:48 | INFO: Extracting primitive: Ground_4_0Geometry
19:55:48 | INFO: Primitives created: 1
19:55:48 | INFO: Finished glTF 2.0 export in 0.011057376861572266 s

Info: Saved as "Ground_4_0.blend"
UPDATED TERRAIN MODULE Ground_4_0 2048
19:55:48 | INFO: Starting glTF 2.0 export
19:55:48 | INFO: Extracting primitive: Ground_5_0Geometry
19:55:48 | INFO: Primitives created: 1
19:55:48 | INFO: Finished glTF 2.0 export in 0.010067462921142578 s

Info: Saved as "Ground_5_0.blend"
UPDATED TERRAIN MODULE Ground_5_0 2048
19:55:48 | INFO: Starting glTF 2.0 export
19:55:48 | INFO: Extracting primitive: Ground_6_0Geometry
19:55:48 | INFO: Primitives created: 1
19:55:48 | INFO: Finished glTF 2.0 export in 0.012912750244140625 s

Info: Saved as "Ground_6_0.blend"
UPDATED TERRAIN MODULE Ground_6_0 2048
19:55:48 | INFO: Starting glTF 2.0 export
19:55:48 | INFO: Extracting primitive: Ground_-6_1Geometry
19:55:48 | INFO: Primitives created: 1
19:55:48 | INFO: Finished glTF 2.0 export in 0.010840892791748047 s

Info: Saved as "Ground_-6_1.blend"
UPDATED TERRAIN MODULE Ground_-6_1 2048
19:55:49 | INFO: Starting glTF 2.0 export
19:55:49 | INFO: Extracting primitive: Ground_-5_1Geometry
19:55:49 | INFO: Primitives created: 1
19:55:49 | INFO: Finished glTF 2.0 export in 0.01027369499206543 s

Info: Saved as "Ground_-5_1.blend"
UPDATED TERRAIN MODULE Ground_-5_1 2048
19:55:49 | INFO: Starting glTF 2.0 export
19:55:49 | INFO: Extracting primitive: Ground_-4_1Geometry
19:55:49 | INFO: Primitives created: 1
19:55:49 | INFO: Finished glTF 2.0 export in 0.008980989456176758 s

Info: Saved as "Ground_-4_1.blend"
UPDATED TERRAIN MODULE Ground_-4_1 2048
19:55:49 | INFO: Starting glTF 2.0 export
19:55:49 | INFO: Extracting primitive: Ground_-3_1Geometry
19:55:49 | INFO: Primitives created: 1
19:55:49 | INFO: Finished glTF 2.0 export in 0.007842063903808594 s

Info: Saved as "Ground_-3_1.blend"
UPDATED TERRAIN MODULE Ground_-3_1 2048
19:55:49 | INFO: Starting glTF 2.0 export
19:55:49 | INFO: Extracting primitive: Ground_-2_1Geometry
19:55:49 | INFO: Primitives created: 1
19:55:49 | INFO: Finished glTF 2.0 export in 0.008202075958251953 s

Info: Saved as "Ground_-2_1.blend"
UPDATED TERRAIN MODULE Ground_-2_1 2412
19:55:49 | INFO: Starting glTF 2.0 export
19:55:49 | INFO: Extracting primitive: Ground_-1_1Geometry
19:55:49 | INFO: Primitives created: 1
19:55:49 | INFO: Finished glTF 2.0 export in 0.00797891616821289 s

Info: Saved as "Ground_-1_1.blend"
UPDATED TERRAIN MODULE Ground_-1_1 2574
19:55:49 | INFO: Starting glTF 2.0 export
19:55:49 | INFO: Extracting primitive: Ground_0_1Geometry
19:55:49 | INFO: Primitives created: 1
19:55:49 | INFO: Finished glTF 2.0 export in 0.0072040557861328125 s

Info: Saved as "Ground_0_1.blend"
UPDATED TERRAIN MODULE Ground_0_1 2048
19:55:50 | INFO: Starting glTF 2.0 export
19:55:50 | INFO: Extracting primitive: Ground_1_1Geometry
19:55:50 | INFO: Primitives created: 1
19:55:50 | INFO: Finished glTF 2.0 export in 0.009975671768188477 s

Info: Saved as "Ground_1_1.blend"
UPDATED TERRAIN MODULE Ground_1_1 2048
19:55:50 | INFO: Starting glTF 2.0 export
19:55:50 | INFO: Extracting primitive: Ground_2_1Geometry
19:55:50 | INFO: Primitives created: 1
19:55:50 | INFO: Finished glTF 2.0 export in 0.01018834114074707 s

Info: Saved as "Ground_2_1.blend"
UPDATED TERRAIN MODULE Ground_2_1 2048
19:55:50 | INFO: Starting glTF 2.0 export
19:55:50 | INFO: Extracting primitive: Ground_3_1Geometry
19:55:50 | INFO: Primitives created: 1
19:55:50 | INFO: Finished glTF 2.0 export in 0.008199214935302734 s

Info: Saved as "Ground_3_1.blend"
UPDATED TERRAIN MODULE Ground_3_1 2050
19:55:50 | INFO: Starting glTF 2.0 export
19:55:50 | INFO: Extracting primitive: Ground_4_1Geometry
19:55:50 | INFO: Primitives created: 1
19:55:50 | INFO: Finished glTF 2.0 export in 0.01169133186340332 s

Info: Saved as "Ground_4_1.blend"
UPDATED TERRAIN MODULE Ground_4_1 2048
19:55:50 | INFO: Starting glTF 2.0 export
19:55:50 | INFO: Extracting primitive: Ground_5_1Geometry
19:55:50 | INFO: Primitives created: 1
19:55:50 | INFO: Finished glTF 2.0 export in 0.010971307754516602 s

Info: Saved as "Ground_5_1.blend"
UPDATED TERRAIN MODULE Ground_5_1 2048
19:55:50 | INFO: Starting glTF 2.0 export
19:55:50 | INFO: Extracting primitive: Ground_6_1Geometry
19:55:50 | INFO: Primitives created: 1
19:55:50 | INFO: Finished glTF 2.0 export in 0.008976221084594727 s

Info: Saved as "Ground_6_1.blend"
UPDATED TERRAIN MODULE Ground_6_1 2048
19:55:51 | INFO: Starting glTF 2.0 export
19:55:51 | INFO: Extracting primitive: Ground_-6_2Geometry
19:55:51 | INFO: Primitives created: 1
19:55:51 | INFO: Finished glTF 2.0 export in 0.027926206588745117 s

Info: Saved as "Ground_-6_2.blend"
UPDATED TERRAIN MODULE Ground_-6_2 2048
19:55:51 | INFO: Starting glTF 2.0 export
19:55:51 | INFO: Extracting primitive: Ground_-5_2Geometry
19:55:51 | INFO: Primitives created: 1
19:55:51 | INFO: Finished glTF 2.0 export in 0.010970592498779297 s

Info: Saved as "Ground_-5_2.blend"
UPDATED TERRAIN MODULE Ground_-5_2 2048
19:55:51 | INFO: Starting glTF 2.0 export
19:55:51 | INFO: Extracting primitive: Ground_-4_2Geometry
19:55:51 | INFO: Primitives created: 1
19:55:51 | INFO: Finished glTF 2.0 export in 0.007978677749633789 s

Info: Saved as "Ground_-4_2.blend"
UPDATED TERRAIN MODULE Ground_-4_2 2048
19:55:51 | INFO: Starting glTF 2.0 export
19:55:51 | INFO: Extracting primitive: Ground_-3_2Geometry
19:55:51 | INFO: Primitives created: 1
19:55:51 | INFO: Finished glTF 2.0 export in 0.008977651596069336 s

Info: Saved as "Ground_-3_2.blend"
UPDATED TERRAIN MODULE Ground_-3_2 2048
19:55:51 | INFO: Starting glTF 2.0 export
19:55:51 | INFO: Extracting primitive: Ground_-2_2Geometry
19:55:51 | INFO: Primitives created: 1
19:55:51 | INFO: Finished glTF 2.0 export in 0.01196908950805664 s

Info: Saved as "Ground_-2_2.blend"
UPDATED TERRAIN MODULE Ground_-2_2 2936
19:55:52 | INFO: Starting glTF 2.0 export
19:55:52 | INFO: Extracting primitive: Ground_-1_2Geometry
19:55:52 | INFO: Primitives created: 1
19:55:52 | INFO: Finished glTF 2.0 export in 0.01196742057800293 s

Info: Saved as "Ground_-1_2.blend"
UPDATED TERRAIN MODULE Ground_-1_2 2048
19:55:52 | INFO: Starting glTF 2.0 export
19:55:52 | INFO: Extracting primitive: Ground_0_2Geometry
19:55:52 | INFO: Primitives created: 1
19:55:52 | INFO: Finished glTF 2.0 export in 0.009725809097290039 s

Info: Saved as "Ground_0_2.blend"
UPDATED TERRAIN MODULE Ground_0_2 2048
19:55:52 | INFO: Starting glTF 2.0 export
19:55:52 | INFO: Extracting primitive: Ground_1_2Geometry
19:55:52 | INFO: Primitives created: 1
19:55:52 | INFO: Finished glTF 2.0 export in 0.010042428970336914 s

Info: Saved as "Ground_1_2.blend"
UPDATED TERRAIN MODULE Ground_1_2 2048
19:55:52 | INFO: Starting glTF 2.0 export
19:55:52 | INFO: Extracting primitive: Ground_2_2Geometry
19:55:52 | INFO: Primitives created: 1
19:55:52 | INFO: Finished glTF 2.0 export in 0.011819601058959961 s

Info: Saved as "Ground_2_2.blend"
UPDATED TERRAIN MODULE Ground_2_2 2048
19:55:52 | INFO: Starting glTF 2.0 export
19:55:52 | INFO: Extracting primitive: Ground_3_2Geometry
19:55:52 | INFO: Primitives created: 1
19:55:52 | INFO: Finished glTF 2.0 export in 0.009246826171875 s

Info: Saved as "Ground_3_2.blend"
UPDATED TERRAIN MODULE Ground_3_2 2048
19:55:52 | INFO: Starting glTF 2.0 export
19:55:52 | INFO: Extracting primitive: Ground_4_2Geometry
19:55:52 | INFO: Primitives created: 1
19:55:52 | INFO: Finished glTF 2.0 export in 0.012982845306396484 s

Info: Saved as "Ground_4_2.blend"
UPDATED TERRAIN MODULE Ground_4_2 2050
19:55:53 | INFO: Starting glTF 2.0 export
19:55:53 | INFO: Extracting primitive: Ground_5_2Geometry
19:55:53 | INFO: Primitives created: 1
19:55:53 | INFO: Finished glTF 2.0 export in 0.014800310134887695 s

Info: Saved as "Ground_5_2.blend"
UPDATED TERRAIN MODULE Ground_5_2 2048
19:55:53 | INFO: Starting glTF 2.0 export
19:55:53 | INFO: Extracting primitive: Ground_6_2Geometry
19:55:53 | INFO: Primitives created: 1
19:55:53 | INFO: Finished glTF 2.0 export in 0.011271238327026367 s

Info: Saved as "Ground_6_2.blend"
UPDATED TERRAIN MODULE Ground_6_2 2048
19:55:54 | INFO: Starting glTF 2.0 export
19:55:54 | INFO: Extracting primitive: Ground_-6_3Geometry
19:55:54 | INFO: Primitives created: 1
19:55:54 | INFO: Finished glTF 2.0 export in 0.012373685836791992 s

Info: Saved as "Ground_-6_3.blend"
UPDATED TERRAIN MODULE Ground_-6_3 2048
19:55:54 | INFO: Starting glTF 2.0 export
19:55:54 | INFO: Extracting primitive: Ground_-5_3Geometry
19:55:54 | INFO: Primitives created: 1
19:55:54 | INFO: Finished glTF 2.0 export in 0.012964725494384766 s

Info: Saved as "Ground_-5_3.blend"
UPDATED TERRAIN MODULE Ground_-5_3 2048
19:55:54 | INFO: Starting glTF 2.0 export
19:55:54 | INFO: Extracting primitive: Ground_-4_3Geometry
19:55:54 | INFO: Primitives created: 1
19:55:54 | INFO: Finished glTF 2.0 export in 0.013185739517211914 s

Info: Saved as "Ground_-4_3.blend"
UPDATED TERRAIN MODULE Ground_-4_3 2048
19:55:54 | INFO: Starting glTF 2.0 export
19:55:54 | INFO: Extracting primitive: Ground_-3_3Geometry
19:55:54 | INFO: Primitives created: 1
19:55:54 | INFO: Finished glTF 2.0 export in 0.01473379135131836 s

Info: Saved as "Ground_-3_3.blend"
UPDATED TERRAIN MODULE Ground_-3_3 2616
19:55:55 | INFO: Starting glTF 2.0 export
19:55:55 | INFO: Extracting primitive: Ground_-2_3Geometry
19:55:55 | INFO: Primitives created: 1
19:55:55 | INFO: Finished glTF 2.0 export in 0.01370692253112793 s

Info: Saved as "Ground_-2_3.blend"
UPDATED TERRAIN MODULE Ground_-2_3 2374
19:55:55 | INFO: Starting glTF 2.0 export
19:55:55 | INFO: Extracting primitive: Ground_-1_3Geometry
19:55:55 | INFO: Primitives created: 1
19:55:55 | INFO: Finished glTF 2.0 export in 0.014957189559936523 s

Info: Saved as "Ground_-1_3.blend"
UPDATED TERRAIN MODULE Ground_-1_3 2048
19:55:55 | INFO: Starting glTF 2.0 export
19:55:55 | INFO: Extracting primitive: Ground_0_3Geometry
19:55:55 | INFO: Primitives created: 1
19:55:55 | INFO: Finished glTF 2.0 export in 0.014490842819213867 s

Info: Saved as "Ground_0_3.blend"
UPDATED TERRAIN MODULE Ground_0_3 2048
19:55:55 | INFO: Starting glTF 2.0 export
19:55:55 | INFO: Extracting primitive: Ground_1_3Geometry
19:55:55 | INFO: Primitives created: 1
19:55:55 | INFO: Finished glTF 2.0 export in 0.010972261428833008 s

Info: Saved as "Ground_1_3.blend"
UPDATED TERRAIN MODULE Ground_1_3 2048
19:55:55 | INFO: Starting glTF 2.0 export
19:55:55 | INFO: Extracting primitive: Ground_2_3Geometry
19:55:55 | INFO: Primitives created: 1
19:55:55 | INFO: Finished glTF 2.0 export in 0.009975671768188477 s

Info: Saved as "Ground_2_3.blend"
UPDATED TERRAIN MODULE Ground_2_3 2048
19:55:56 | INFO: Starting glTF 2.0 export
19:55:56 | INFO: Extracting primitive: Ground_3_3Geometry
19:55:56 | INFO: Primitives created: 1
19:55:56 | INFO: Finished glTF 2.0 export in 0.013004779815673828 s

Info: Saved as "Ground_3_3.blend"
UPDATED TERRAIN MODULE Ground_3_3 2048
19:55:56 | INFO: Starting glTF 2.0 export
19:55:56 | INFO: Extracting primitive: Ground_4_3Geometry
19:55:56 | INFO: Primitives created: 1
19:55:56 | INFO: Finished glTF 2.0 export in 0.010969877243041992 s

Info: Saved as "Ground_4_3.blend"
UPDATED TERRAIN MODULE Ground_4_3 2048
19:55:56 | INFO: Starting glTF 2.0 export
19:55:56 | INFO: Extracting primitive: Ground_5_3Geometry
19:55:56 | INFO: Primitives created: 1
19:55:56 | INFO: Finished glTF 2.0 export in 0.01688694953918457 s

Info: Saved as "Ground_5_3.blend"
UPDATED TERRAIN MODULE Ground_5_3 2048
19:55:56 | INFO: Starting glTF 2.0 export
19:55:56 | INFO: Extracting primitive: Ground_6_3Geometry
19:55:56 | INFO: Primitives created: 1
19:55:56 | INFO: Finished glTF 2.0 export in 0.014713525772094727 s

Info: Saved as "Ground_6_3.blend"
UPDATED TERRAIN MODULE Ground_6_3 2048
19:55:57 | INFO: Starting glTF 2.0 export
19:55:57 | INFO: Extracting primitive: Ground_-6_4Geometry
19:55:57 | INFO: Primitives created: 1
19:55:57 | INFO: Finished glTF 2.0 export in 0.01222848892211914 s

Info: Saved as "Ground_-6_4.blend"
UPDATED TERRAIN MODULE Ground_-6_4 2048
19:55:57 | INFO: Starting glTF 2.0 export
19:55:57 | INFO: Extracting primitive: Ground_-5_4Geometry
19:55:57 | INFO: Primitives created: 1
19:55:57 | INFO: Finished glTF 2.0 export in 0.0149383544921875 s

Info: Saved as "Ground_-5_4.blend"
UPDATED TERRAIN MODULE Ground_-5_4 2048
19:55:57 | INFO: Starting glTF 2.0 export
19:55:57 | INFO: Extracting primitive: Ground_-4_4Geometry
19:55:57 | INFO: Primitives created: 1
19:55:57 | INFO: Finished glTF 2.0 export in 0.014134407043457031 s

Info: Saved as "Ground_-4_4.blend"
UPDATED TERRAIN MODULE Ground_-4_4 2048
19:55:57 | INFO: Starting glTF 2.0 export
19:55:57 | INFO: Extracting primitive: Ground_-3_4Geometry
19:55:57 | INFO: Primitives created: 1
19:55:57 | INFO: Finished glTF 2.0 export in 0.016544103622436523 s

Info: Saved as "Ground_-3_4.blend"
UPDATED TERRAIN MODULE Ground_-3_4 2886
19:55:58 | INFO: Starting glTF 2.0 export
19:55:58 | INFO: Extracting primitive: Ground_-2_4Geometry
19:55:58 | INFO: Primitives created: 1
19:55:58 | INFO: Finished glTF 2.0 export in 0.010782480239868164 s

Info: Saved as "Ground_-2_4.blend"
UPDATED TERRAIN MODULE Ground_-2_4 2048
19:55:58 | INFO: Starting glTF 2.0 export
19:55:58 | INFO: Extracting primitive: Ground_-1_4Geometry
19:55:58 | INFO: Primitives created: 1
19:55:58 | INFO: Finished glTF 2.0 export in 0.011267900466918945 s

Info: Saved as "Ground_-1_4.blend"
UPDATED TERRAIN MODULE Ground_-1_4 2048
19:55:58 | INFO: Starting glTF 2.0 export
19:55:58 | INFO: Extracting primitive: Ground_0_4Geometry
19:55:58 | INFO: Primitives created: 1
19:55:58 | INFO: Finished glTF 2.0 export in 0.014700889587402344 s

Info: Saved as "Ground_0_4.blend"
UPDATED TERRAIN MODULE Ground_0_4 2048
19:55:58 | INFO: Starting glTF 2.0 export
19:55:58 | INFO: Extracting primitive: Ground_1_4Geometry
19:55:58 | INFO: Primitives created: 1
19:55:58 | INFO: Finished glTF 2.0 export in 0.014008760452270508 s

Info: Saved as "Ground_1_4.blend"
UPDATED TERRAIN MODULE Ground_1_4 2048
19:55:59 | INFO: Starting glTF 2.0 export
19:55:59 | INFO: Extracting primitive: Ground_2_4Geometry
19:55:59 | INFO: Primitives created: 1
19:55:59 | INFO: Finished glTF 2.0 export in 0.013554096221923828 s

Info: Saved as "Ground_2_4.blend"
UPDATED TERRAIN MODULE Ground_2_4 2048
19:55:59 | INFO: Starting glTF 2.0 export
19:55:59 | INFO: Extracting primitive: Ground_3_4Geometry
19:55:59 | INFO: Primitives created: 1
19:55:59 | INFO: Finished glTF 2.0 export in 0.014997243881225586 s

Info: Saved as "Ground_3_4.blend"
UPDATED TERRAIN MODULE Ground_3_4 2048
19:55:59 | INFO: Starting glTF 2.0 export
19:55:59 | INFO: Extracting primitive: Ground_4_4Geometry
19:55:59 | INFO: Primitives created: 1
19:55:59 | INFO: Finished glTF 2.0 export in 0.009971380233764648 s

Info: Saved as "Ground_4_4.blend"
UPDATED TERRAIN MODULE Ground_4_4 2048
19:55:59 | INFO: Starting glTF 2.0 export
19:55:59 | INFO: Extracting primitive: Ground_5_4Geometry
19:55:59 | INFO: Primitives created: 1
19:55:59 | INFO: Finished glTF 2.0 export in 0.009973526000976562 s

Info: Saved as "Ground_5_4.blend"
UPDATED TERRAIN MODULE Ground_5_4 2048
19:56:00 | INFO: Starting glTF 2.0 export
19:56:00 | INFO: Extracting primitive: Ground_6_4Geometry
19:56:00 | INFO: Primitives created: 1
19:56:00 | INFO: Finished glTF 2.0 export in 0.01296377182006836 s

Info: Saved as "Ground_6_4.blend"
UPDATED TERRAIN MODULE Ground_6_4 2048
19:56:00 | INFO: Starting glTF 2.0 export
19:56:00 | INFO: Extracting primitive: Ground_-6_5Geometry
19:56:00 | INFO: Primitives created: 1
19:56:00 | INFO: Finished glTF 2.0 export in 0.08243012428283691 s

Info: Saved as "Ground_-6_5.blend"
UPDATED TERRAIN MODULE Ground_-6_5 2048
19:56:01 | INFO: Starting glTF 2.0 export
19:56:01 | INFO: Extracting primitive: Ground_-5_5Geometry
19:56:01 | INFO: Primitives created: 1
19:56:01 | INFO: Finished glTF 2.0 export in 0.011970996856689453 s

Info: Saved as "Ground_-5_5.blend"
UPDATED TERRAIN MODULE Ground_-5_5 2048
19:56:01 | INFO: Starting glTF 2.0 export
19:56:01 | INFO: Extracting primitive: Ground_-4_5Geometry
19:56:01 | INFO: Primitives created: 1
19:56:01 | INFO: Finished glTF 2.0 export in 0.012968301773071289 s

Info: Saved as "Ground_-4_5.blend"
UPDATED TERRAIN MODULE Ground_-4_5 2048
19:56:01 | INFO: Starting glTF 2.0 export
19:56:01 | INFO: Extracting primitive: Ground_-3_5Geometry
19:56:01 | INFO: Primitives created: 1
19:56:01 | INFO: Finished glTF 2.0 export in 0.014959573745727539 s

Info: Saved as "Ground_-3_5.blend"
UPDATED TERRAIN MODULE Ground_-3_5 2840
19:56:02 | INFO: Starting glTF 2.0 export
19:56:02 | INFO: Extracting primitive: Ground_-2_5Geometry
19:56:02 | INFO: Primitives created: 1
19:56:02 | INFO: Finished glTF 2.0 export in 0.01496124267578125 s

Info: Saved as "Ground_-2_5.blend"
UPDATED TERRAIN MODULE Ground_-2_5 2048
19:56:02 | INFO: Starting glTF 2.0 export
19:56:02 | INFO: Extracting primitive: Ground_-1_5Geometry
19:56:02 | INFO: Primitives created: 1
19:56:02 | INFO: Finished glTF 2.0 export in 0.009973287582397461 s

Info: Saved as "Ground_-1_5.blend"
UPDATED TERRAIN MODULE Ground_-1_5 2048
19:56:03 | INFO: Starting glTF 2.0 export
19:56:03 | INFO: Extracting primitive: Ground_0_5Geometry
19:56:03 | INFO: Primitives created: 1
19:56:03 | INFO: Finished glTF 2.0 export in 0.011969566345214844 s

Info: Saved as "Ground_0_5.blend"
UPDATED TERRAIN MODULE Ground_0_5 2048
19:56:03 | INFO: Starting glTF 2.0 export
19:56:03 | INFO: Extracting primitive: Ground_1_5Geometry
19:56:03 | INFO: Primitives created: 1
19:56:03 | INFO: Finished glTF 2.0 export in 0.01311039924621582 s

Info: Saved as "Ground_1_5.blend"
UPDATED TERRAIN MODULE Ground_1_5 2048
19:56:03 | INFO: Starting glTF 2.0 export
19:56:03 | INFO: Extracting primitive: Ground_2_5Geometry
19:56:03 | INFO: Primitives created: 1
19:56:03 | INFO: Finished glTF 2.0 export in 0.012808799743652344 s

Info: Saved as "Ground_2_5.blend"
UPDATED TERRAIN MODULE Ground_2_5 2048
19:56:04 | INFO: Starting glTF 2.0 export
19:56:04 | INFO: Extracting primitive: Ground_3_5Geometry
19:56:04 | INFO: Primitives created: 1
19:56:04 | INFO: Finished glTF 2.0 export in 0.015795469284057617 s

Info: Saved as "Ground_3_5.blend"
UPDATED TERRAIN MODULE Ground_3_5 2048
19:56:04 | INFO: Starting glTF 2.0 export
19:56:04 | INFO: Extracting primitive: Ground_4_5Geometry
19:56:04 | INFO: Primitives created: 1
19:56:04 | INFO: Finished glTF 2.0 export in 0.015990495681762695 s

Info: Saved as "Ground_4_5.blend"
UPDATED TERRAIN MODULE Ground_4_5 2048
19:56:05 | INFO: Starting glTF 2.0 export
19:56:05 | INFO: Extracting primitive: Ground_5_5Geometry
19:56:05 | INFO: Primitives created: 1
19:56:05 | INFO: Finished glTF 2.0 export in 0.013963699340820312 s

Info: Saved as "Ground_5_5.blend"
UPDATED TERRAIN MODULE Ground_5_5 2048
19:56:05 | INFO: Starting glTF 2.0 export
19:56:05 | INFO: Extracting primitive: Ground_6_5Geometry
19:56:05 | INFO: Primitives created: 1
19:56:05 | INFO: Finished glTF 2.0 export in 0.014960765838623047 s

Info: Saved as "Ground_6_5.blend"
UPDATED TERRAIN MODULE Ground_6_5 2048
Blender 4.5.0 (hash 8cb6b388974a built 2025-07-15 01:36:24)

Blender quit
