INFO Draco mesh compression is available, use library at E:\FeiTing\.tools\blender\blender-4.5.0-windows-x64\4.5\scripts\addons_core\io_scene_gltf2\extern_draco.dll
12:57:26 | INFO: Starting glTF 2.0 export
12:57:26 | INFO: Extracting primitive: cliff_crownGeometry
12:57:26 | INFO: Primitives created: 1
12:57:26 | INFO: Finished glTF 2.0 export in 0.008947372436523438 s

Info: Saved as "cliff_crown.blend"
FOREGROUND CANDIDATE cliff_crown
12:57:26 | INFO: Starting glTF 2.0 export
12:57:26 | INFO: Extracting primitive: cliff_front_columnsGeometry
12:57:26 | INFO: Primitives created: 1
12:57:26 | INFO: Finished glTF 2.0 export in 0.006999015808105469 s

Info: Saved as "cliff_front_columns.blend"
FOREGROUND CANDIDATE cliff_front_columns
12:57:26 | INFO: Starting glTF 2.0 export
12:57:26 | INFO: Extracting primitive: cliff_central_wallGeometry
12:57:26 | INFO: Primitives created: 1
12:57:26 | INFO: Finished glTF 2.0 export in 0.006540536880493164 s

Info: Saved as "cliff_central_wall.blend"
FOREGROUND CANDIDATE cliff_central_wall
FOREGROUND BUILD COMPLETE E:\FeiTing\captures\foreground_study_16f
Blender 4.5.0 (hash 8cb6b388974a built 2025-07-15 01:36:24)
Read blend: "E:\FeiTing\blender\cliff_kit\cliff_crown.blend"
Read blend: "E:\FeiTing\blender\cliff_kit\cliff_front_columns.blend"
Read blend: "E:\FeiTing\blender\cliff_kit\cliff_central_wall.blend"

Blender quit
