INFO Draco mesh compression is available, use library at D:\test6\.tools\blender\blender-4.5.0-windows-x64\4.5\scripts\addons_core\io_scene_gltf2\extern_draco.dll
23:30:40 | INFO: Starting glTF 2.0 export
23:30:40 | INFO: Extracting primitive: Belt stitching 1
23:30:40 | INFO: Primitives created: 1
23:30:40 | INFO: Extracting primitive: Hand modeled mesh.002
23:30:40 | INFO: Primitives created: 1
23:30:40 | INFO: Extracting primitive: Belt stitching 3
23:30:40 | INFO: Primitives created: 1
23:30:40 | INFO: Extracting primitive: Boiler chimney
23:30:40 | INFO: Primitives created: 1
23:30:40 | INFO: Extracting primitive: Cube.007
23:30:40 | INFO: Primitives created: 1
23:30:40 | INFO: Extracting primitive: Cube.008
23:30:40 | INFO: Primitives created: 1
23:30:40 | INFO: Extracting primitive: Cube.001
23:30:40 | INFO: Primitives created: 1
23:30:40 | INFO: Extracting primitive: Cube.003
23:30:40 | INFO: Primitives created: 1
23:30:40 | INFO: Extracting primitive: Cube.005
23:30:40 | INFO: Primitives created: 1
23:30:40 | INFO: Extracting primitive: Cube.026
23:30:40 | INFO: Primitives created: 1
23:30:40 | INFO: Extracting primitive: Hand modeled mesh
23:30:40 | INFO: Primitives created: 1
23:30:40 | INFO: Extracting primitive: Cube.024
23:30:40 | INFO: Primitives created: 1
23:30:40 | INFO: Extracting primitive: Cube.023
23:30:40 | INFO: Primitives created: 1
23:30:40 | INFO: Extracting primitive: Cube.022
23:30:40 | INFO: Primitives created: 1
23:30:40 | INFO: Extracting primitive: Cube.021
23:30:40 | INFO: Primitives created: 1
23:30:40 | INFO: Extracting primitive: Cube.020
23:30:40 | INFO: Primitives created: 1
23:30:40 | INFO: Extracting primitive: Cube.019
23:30:40 | INFO: Primitives created: 1
23:30:40 | INFO: Extracting primitive: Cube.018
23:30:40 | INFO: Primitives created: 1
23:30:40 | INFO: Extracting primitive: Icosphere
23:30:40 | INFO: Primitives created: 1
23:30:40 | INFO: Extracting primitive: FlagMesh
23:30:40 | INFO: Primitives created: 1
23:30:40 | INFO: Extracting primitive: Flagstaff
23:30:40 | INFO: Primitives created: 1
23:30:40 | INFO: Extracting primitive: GondolaMesh
23:30:40 | INFO: Primitives created: 1
23:30:40 | INFO: Extracting primitive: Hand modeled mesh.003
23:30:40 | INFO: Primitives created: 1
23:30:40 | INFO: Extracting primitive: Hand modeled mesh.004
23:30:40 | INFO: Primitives created: 1
23:30:40 | INFO: Extracting primitive: Hand modeled mesh.005
23:30:40 | INFO: Primitives created: 1
23:30:40 | INFO: Extracting primitive: Hand modeled mesh.006
23:30:40 | INFO: Primitives created: 1
23:30:40 | INFO: Extracting primitive: Hand modeled mesh.007
23:30:40 | INFO: Primitives created: 1
23:30:40 | INFO: Extracting primitive: Hand modeled mesh.008
23:30:40 | INFO: Primitives created: 1
23:30:40 | INFO: Extracting primitive: Hand modeled mesh.009
23:30:40 | INFO: Primitives created: 1
23:30:40 | INFO: Extracting primitive: Hand modeled mesh.010
23:30:40 | INFO: Primitives created: 1
23:30:40 | INFO: Extracting primitive: Hand modeled mesh.011
23:30:40 | INFO: Primitives created: 1
23:30:40 | INFO: Extracting primitive: Hand modeled mesh.012
23:30:40 | INFO: Primitives created: 1
23:30:40 | INFO: Extracting primitive: Hand modeled mesh.013
23:30:40 | INFO: Primitives created: 1
23:30:40 | INFO: Extracting primitive: Hand modeled mesh.014
23:30:40 | INFO: Primitives created: 1
23:30:40 | INFO: Extracting primitive: Hand modeled mesh.015
23:30:40 | INFO: Primitives created: 1
23:30:40 | INFO: Extracting primitive: Hand modeled mesh.016
23:30:40 | INFO: Primitives created: 1
23:30:40 | INFO: Extracting primitive: Hand modeled mesh.017
23:30:40 | INFO: Primitives created: 1
23:30:40 | INFO: Extracting primitive: Hand modeled mesh.018
23:30:40 | INFO: Primitives created: 1
23:30:40 | INFO: Extracting primitive: Hand modeled mesh.019
23:30:40 | INFO: Primitives created: 1
23:30:40 | INFO: Extracting primitive: Hand modeled mesh.020
23:30:40 | INFO: Primitives created: 1
23:30:40 | INFO: Extracting primitive: Hand modeled mesh.021
23:30:40 | INFO: Primitives created: 1
23:30:40 | INFO: Extracting primitive: Hand modeled mesh.022
23:30:40 | INFO: Primitives created: 1
23:30:40 | INFO: Extracting primitive: Hand modeled mesh.023
23:30:40 | INFO: Primitives created: 1
23:30:40 | INFO: Extracting primitive: Hand modeled mesh.024
23:30:40 | INFO: Primitives created: 1
23:30:40 | INFO: Extracting primitive: Hand modeled mesh.025
23:30:40 | INFO: Primitives created: 1
23:30:40 | INFO: Extracting primitive: Hand modeled mesh.026
23:30:40 | INFO: Primitives created: 1
23:30:40 | INFO: Extracting primitive: Hand modeled mesh.027
23:30:40 | INFO: Primitives created: 1
23:30:40 | INFO: Extracting primitive: Hand modeled mesh.028
23:30:40 | INFO: Primitives created: 1
23:30:40 | INFO: Extracting primitive: Hand modeled mesh.029
23:30:40 | INFO: Primitives created: 1
23:30:40 | INFO: Extracting primitive: Hand modeled mesh.030
23:30:40 | INFO: Primitives created: 1
23:30:40 | INFO: Extracting primitive: Hand modeled mesh.031
23:30:40 | INFO: Primitives created: 1
23:30:40 | INFO: Extracting primitive: Hand modeled mesh.032
23:30:40 | INFO: Primitives created: 1
23:30:40 | INFO: Extracting primitive: Hand modeled mesh.033
23:30:40 | INFO: Primitives created: 1
23:30:40 | INFO: Extracting primitive: Hand modeled mesh.034
23:30:40 | INFO: Primitives created: 1
23:30:40 | INFO: Extracting primitive: Hand modeled mesh.035
23:30:40 | INFO: Primitives created: 1
23:30:40 | INFO: Extracting primitive: Hand modeled mesh.036
23:30:40 | INFO: Primitives created: 1
23:30:40 | INFO: Extracting primitive: Hand modeled mesh.037
23:30:40 | INFO: Primitives created: 1
23:30:40 | INFO: Extracting primitive: Hand modeled mesh.038
23:30:40 | INFO: Primitives created: 1
23:30:40 | INFO: Extracting primitive: Hand modeled mesh.039
23:30:40 | INFO: Primitives created: 1
23:30:40 | INFO: Extracting primitive: Hand modeled mesh.040
23:30:40 | INFO: Primitives created: 1
23:30:40 | INFO: Extracting primitive: Hand modeled mesh.041
23:30:40 | INFO: Primitives created: 1
23:30:40 | INFO: Extracting primitive: Hand modeled mesh.042
23:30:40 | INFO: Primitives created: 1
23:30:40 | INFO: Extracting primitive: Hand modeled mesh.043
23:30:40 | INFO: Primitives created: 1
23:30:40 | INFO: Extracting primitive: Hand modeled mesh.044
23:30:40 | INFO: Primitives created: 1
23:30:40 | INFO: Extracting primitive: Hand modeled mesh.045
23:30:40 | INFO: Primitives created: 1
23:30:40 | INFO: Extracting primitive: Hand modeled mesh.046
23:30:40 | INFO: Primitives created: 1
23:30:40 | INFO: Extracting primitive: Hand modeled mesh.047
23:30:40 | INFO: Primitives created: 1
23:30:40 | INFO: Extracting primitive: Hand modeled mesh.048
23:30:40 | INFO: Primitives created: 1
23:30:40 | INFO: Extracting primitive: Hand modeled mesh.049
23:30:40 | INFO: Primitives created: 1
23:30:40 | INFO: Extracting primitive: Hand modeled mesh.050
23:30:40 | INFO: Primitives created: 1
23:30:40 | INFO: Extracting primitive: Hand modeled mesh.051
23:30:40 | INFO: Primitives created: 1
23:30:40 | INFO: Extracting primitive: Hand modeled mesh.052
23:30:40 | INFO: Primitives created: 1
23:30:40 | INFO: Extracting primitive: Hand modeled mesh.053
23:30:40 | INFO: Primitives created: 1
23:30:40 | INFO: Extracting primitive: Hand modeled mesh.054
23:30:40 | INFO: Primitives created: 1
23:30:40 | INFO: Extracting primitive: Hand modeled mesh.055
23:30:40 | INFO: Primitives created: 1
23:30:40 | INFO: Extracting primitive: Hand modeled mesh.056
23:30:40 | INFO: Primitives created: 1
23:30:40 | INFO: Extracting primitive: Hand modeled mesh.057
23:30:40 | INFO: Primitives created: 1
23:30:40 | INFO: Extracting primitive: Hand modeled mesh.058
23:30:40 | INFO: Primitives created: 1
23:30:40 | INFO: Extracting primitive: Hand modeled mesh.059
23:30:40 | INFO: Primitives created: 1
23:30:40 | INFO: Extracting primitive: Hand modeled mesh.060
23:30:40 | INFO: Primitives created: 1
23:30:40 | INFO: Extracting primitive: Hand modeled mesh.061
23:30:40 | INFO: Primitives created: 1
23:30:40 | INFO: Extracting primitive: Hand modeled mesh.062
23:30:40 | INFO: Primitives created: 1
23:30:40 | INFO: Extracting primitive: Lantern suspension
23:30:40 | INFO: Primitives created: 1
23:30:40 | INFO: Extracting primitive: Leather belt 1
23:30:40 | INFO: Primitives created: 1
23:30:40 | INFO: Extracting primitive: Hand modeled mesh.001
23:30:40 | INFO: Primitives created: 1
23:30:40 | INFO: Extracting primitive: Leather belt 3
23:30:40 | INFO: Primitives created: 1
23:30:40 | INFO: Extracting primitive: Cube.025
23:30:40 | INFO: Primitives created: 1
23:30:40 | INFO: Extracting primitive: Rear propeller axle
23:30:40 | INFO: Primitives created: 1
23:30:40 | INFO: Extracting primitive: RiggingMesh
23:30:40 | INFO: Primitives created: 1
23:30:40 | INFO: Extracting primitive: Cube.012
23:30:40 | INFO: Primitives created: 1
23:30:40 | INFO: Extracting primitive: Cube.011
23:30:40 | INFO: Primitives created: 1
23:30:40 | INFO: Extracting primitive: Cube.010
23:30:40 | INFO: Primitives created: 1
23:30:40 | INFO: Extracting primitive: Cube.009
23:30:40 | INFO: Primitives created: 1
23:30:40 | INFO: Extracting primitive: Cube.013
23:30:40 | INFO: Primitives created: 1
23:30:40 | INFO: Extracting primitive: Cube.014
23:30:40 | INFO: Primitives created: 1
23:30:40 | INFO: Extracting primitive: Cube.015
23:30:40 | INFO: Primitives created: 1
23:30:40 | INFO: Extracting primitive: Cube.016
23:30:40 | INFO: Primitives created: 1
23:30:40 | INFO: Extracting primitive: Cube.017
23:30:40 | INFO: Primitives created: 1
23:30:40 | INFO: Extracting primitive: Rope swag -1_-1.45
23:30:40 | INFO: Primitives created: 1
23:30:40 | INFO: Extracting primitive: Rope swag -1_-2.75
23:30:40 | INFO: Primitives created: 1
23:30:40 | INFO: Extracting primitive: Rope swag -1_0.1
23:30:40 | INFO: Primitives created: 1
23:30:40 | INFO: Extracting primitive: Rope swag -1_1.5
23:30:40 | INFO: Primitives created: 1
23:30:40 | INFO: Extracting primitive: Rope swag 1_-1.45
23:30:40 | INFO: Primitives created: 1
23:30:40 | INFO: Extracting primitive: Rope swag 1_-2.75
23:30:40 | INFO: Primitives created: 1
23:30:40 | INFO: Extracting primitive: Rope swag 1_0.1
23:30:40 | INFO: Primitives created: 1
23:30:40 | INFO: Extracting primitive: Rope swag 1_1.5
23:30:40 | INFO: Primitives created: 1
23:30:40 | INFO: Extracting primitive: Tension cable 0_-1
23:30:40 | INFO: Primitives created: 1
23:30:40 | INFO: Extracting primitive: Tension cable 0_1
23:30:40 | INFO: Primitives created: 1
23:30:40 | INFO: Extracting primitive: Tension cable 1_-1
23:30:40 | INFO: Primitives created: 1
23:30:40 | INFO: Extracting primitive: Tension cable 1_1
23:30:40 | INFO: Primitives created: 1
23:30:40 | INFO: Extracting primitive: Upper gunwale -1
23:30:40 | INFO: Primitives created: 1
23:30:40 | INFO: Extracting primitive: Upper gunwale 1
23:30:40 | INFO: Primitives created: 1
23:30:40 | INFO: Extracting primitive: Cube.002
23:30:40 | INFO: Primitives created: 1
23:30:40 | INFO: Extracting primitive: Cube.004
23:30:40 | INFO: Primitives created: 1
23:30:40 | INFO: Extracting primitive: Cube.006
23:30:40 | INFO: Primitives created: 1
23:30:40 | INFO: Finished glTF 2.0 export in 0.27199697494506836 s

Info: Saved as "Assets.blend"
IVORY ENVELOPE PALETTE; actual envelope and compound collider geometry unchanged
Blender 4.5.0 (hash 8cb6b388974a built 2025-07-15 01:36:24)
Read blend: "D:\test6\blender\Assets.blend"

Blender quit
