INFO Draco mesh compression is available, use library at E:\FeiTing\.tools\blender\blender-4.5.0-windows-x64\4.5\scripts\addons_core\io_scene_gltf2\extern_draco.dll
09:36:29 | INFO: Starting glTF 2.0 export
09:36:29 | INFO: Extracting primitive: cliff_crownGeometry
09:36:29 | INFO: Primitives created: 1
09:36:29 | INFO: Finished glTF 2.0 export in 0.014816761016845703 s

Info: Saved as "cliff_crown.blend"
FOREGROUND CANDIDATE cliff_crown
09:36:29 | INFO: Starting glTF 2.0 export
09:36:29 | INFO: Extracting primitive: cliff_front_columnsGeometry
09:36:29 | INFO: Primitives created: 1
09:36:29 | INFO: Finished glTF 2.0 export in 0.006377696990966797 s

Info: Saved as "cliff_front_columns.blend"
FOREGROUND CANDIDATE cliff_front_columns
09:36:30 | INFO: Starting glTF 2.0 export
09:36:30 | INFO: Extracting primitive: cliff_central_wallGeometry
09:36:30 | INFO: Primitives created: 1
09:36:30 | INFO: Finished glTF 2.0 export in 0.005596160888671875 s

Info: Saved as "cliff_central_wall.blend"
FOREGROUND CANDIDATE cliff_central_wall
FOREGROUND BUILD COMPLETE E:\FeiTing\captures\foreground_study_16a
Blender 4.5.0 (hash 8cb6b388974a built 2025-07-15 01:36:24)
Read blend: "E:\FeiTing\blender\cliff_kit\cliff_crown.blend"
Read blend: "E:\FeiTing\blender\cliff_kit\cliff_front_columns.blend"
Read blend: "E:\FeiTing\blender\cliff_kit\cliff_central_wall.blend"

Blender quit
