AIRSHIP: irregular envelope, tilted solid belt, 60 curved hull planks and refined fittings
INFO Draco mesh compression is available, use library at D:\test6\.tools\blender\blender-4.5.0-windows-x64\4.5\scripts\addons_core\io_scene_gltf2\extern_draco.dll
17:19:55 | INFO: Starting glTF 2.0 export
17:19:55 | INFO: Extracting primitive: Belt stitching 1
17:19:55 | INFO: Primitives created: 1
17:19:55 | INFO: Extracting primitive: Hand modeled mesh.002
17:19:55 | INFO: Primitives created: 1
17:19:55 | INFO: Extracting primitive: Belt stitching 3
17:19:55 | INFO: Primitives created: 1
17:19:55 | INFO: Extracting primitive: Boiler chimney
17:19:55 | INFO: Primitives created: 1
17:19:55 | INFO: Extracting primitive: Cube.007
17:19:55 | INFO: Primitives created: 1
17:19:55 | INFO: Extracting primitive: Cube.008
17:19:55 | INFO: Primitives created: 1
17:19:55 | INFO: Extracting primitive: Cube.001
17:19:55 | INFO: Primitives created: 1
17:19:55 | INFO: Extracting primitive: Cube.003
17:19:55 | INFO: Primitives created: 1
17:19:55 | INFO: Extracting primitive: Cube.005
17:19:55 | INFO: Primitives created: 1
17:19:55 | INFO: Extracting primitive: Cube.026
17:19:55 | INFO: Primitives created: 1
17:19:55 | INFO: Extracting primitive: Hand modeled mesh
17:19:55 | INFO: Primitives created: 1
17:19:55 | INFO: Extracting primitive: Cube.024
17:19:55 | INFO: Primitives created: 1
17:19:55 | INFO: Extracting primitive: Cube.023
17:19:55 | INFO: Primitives created: 1
17:19:55 | INFO: Extracting primitive: Cube.022
17:19:55 | INFO: Primitives created: 1
17:19:55 | INFO: Extracting primitive: Cube.021
17:19:55 | INFO: Primitives created: 1
17:19:55 | INFO: Extracting primitive: Cube.020
17:19:55 | INFO: Primitives created: 1
17:19:55 | INFO: Extracting primitive: Cube.019
17:19:55 | INFO: Primitives created: 1
17:19:55 | INFO: Extracting primitive: Cube.018
17:19:55 | INFO: Primitives created: 1
17:19:55 | INFO: Extracting primitive: Icosphere
17:19:55 | INFO: Primitives created: 1
17:19:55 | INFO: Extracting primitive: FlagMesh
17:19:55 | INFO: Primitives created: 1
17:19:55 | INFO: Extracting primitive: Flagstaff
17:19:55 | INFO: Primitives created: 1
17:19:55 | INFO: Extracting primitive: GondolaMesh
17:19:55 | INFO: Primitives created: 1
17:19:55 | INFO: Extracting primitive: Hand modeled mesh.003
17:19:55 | INFO: Primitives created: 1
17:19:55 | INFO: Extracting primitive: Hand modeled mesh.004
17:19:55 | INFO: Primitives created: 1
17:19:55 | INFO: Extracting primitive: Hand modeled mesh.005
17:19:55 | INFO: Primitives created: 1
17:19:55 | INFO: Extracting primitive: Hand modeled mesh.006
17:19:55 | INFO: Primitives created: 1
17:19:55 | INFO: Extracting primitive: Hand modeled mesh.007
17:19:55 | INFO: Primitives created: 1
17:19:55 | INFO: Extracting primitive: Hand modeled mesh.008
17:19:55 | INFO: Primitives created: 1
17:19:55 | INFO: Extracting primitive: Hand modeled mesh.009
17:19:55 | INFO: Primitives created: 1
17:19:55 | INFO: Extracting primitive: Hand modeled mesh.010
17:19:55 | INFO: Primitives created: 1
17:19:55 | INFO: Extracting primitive: Hand modeled mesh.011
17:19:55 | INFO: Primitives created: 1
17:19:55 | INFO: Extracting primitive: Hand modeled mesh.012
17:19:55 | INFO: Primitives created: 1
17:19:55 | INFO: Extracting primitive: Hand modeled mesh.013
17:19:55 | INFO: Primitives created: 1
17:19:55 | INFO: Extracting primitive: Hand modeled mesh.014
17:19:55 | INFO: Primitives created: 1
17:19:55 | INFO: Extracting primitive: Hand modeled mesh.015
17:19:55 | INFO: Primitives created: 1
17:19:55 | INFO: Extracting primitive: Hand modeled mesh.016
17:19:55 | INFO: Primitives created: 1
17:19:55 | INFO: Extracting primitive: Hand modeled mesh.017
17:19:55 | INFO: Primitives created: 1
17:19:55 | INFO: Extracting primitive: Hand modeled mesh.018
17:19:55 | INFO: Primitives created: 1
17:19:55 | INFO: Extracting primitive: Hand modeled mesh.019
17:19:55 | INFO: Primitives created: 1
17:19:55 | INFO: Extracting primitive: Hand modeled mesh.020
17:19:55 | INFO: Primitives created: 1
17:19:55 | INFO: Extracting primitive: Hand modeled mesh.021
17:19:55 | INFO: Primitives created: 1
17:19:55 | INFO: Extracting primitive: Hand modeled mesh.022
17:19:55 | INFO: Primitives created: 1
17:19:55 | INFO: Extracting primitive: Hand modeled mesh.023
17:19:55 | INFO: Primitives created: 1
17:19:55 | INFO: Extracting primitive: Hand modeled mesh.024
17:19:55 | INFO: Primitives created: 1
17:19:55 | INFO: Extracting primitive: Hand modeled mesh.025
17:19:55 | INFO: Primitives created: 1
17:19:55 | INFO: Extracting primitive: Hand modeled mesh.026
17:19:55 | INFO: Primitives created: 1
17:19:55 | INFO: Extracting primitive: Hand modeled mesh.027
17:19:55 | INFO: Primitives created: 1
17:19:55 | INFO: Extracting primitive: Hand modeled mesh.028
17:19:55 | INFO: Primitives created: 1
17:19:55 | INFO: Extracting primitive: Hand modeled mesh.029
17:19:55 | INFO: Primitives created: 1
17:19:55 | INFO: Extracting primitive: Hand modeled mesh.030
17:19:55 | INFO: Primitives created: 1
17:19:55 | INFO: Extracting primitive: Hand modeled mesh.031
17:19:55 | INFO: Primitives created: 1
17:19:55 | INFO: Extracting primitive: Hand modeled mesh.032
17:19:55 | INFO: Primitives created: 1
17:19:55 | INFO: Extracting primitive: Hand modeled mesh.033
17:19:55 | INFO: Primitives created: 1
17:19:55 | INFO: Extracting primitive: Hand modeled mesh.034
17:19:55 | INFO: Primitives created: 1
17:19:55 | INFO: Extracting primitive: Hand modeled mesh.035
17:19:55 | INFO: Primitives created: 1
17:19:55 | INFO: Extracting primitive: Hand modeled mesh.036
17:19:55 | INFO: Primitives created: 1
17:19:55 | INFO: Extracting primitive: Hand modeled mesh.037
17:19:55 | INFO: Primitives created: 1
17:19:55 | INFO: Extracting primitive: Hand modeled mesh.038
17:19:55 | INFO: Primitives created: 1
17:19:55 | INFO: Extracting primitive: Hand modeled mesh.039
17:19:55 | INFO: Primitives created: 1
17:19:55 | INFO: Extracting primitive: Hand modeled mesh.040
17:19:56 | INFO: Primitives created: 1
17:19:56 | INFO: Extracting primitive: Hand modeled mesh.041
17:19:56 | INFO: Primitives created: 1
17:19:56 | INFO: Extracting primitive: Hand modeled mesh.042
17:19:56 | INFO: Primitives created: 1
17:19:56 | INFO: Extracting primitive: Hand modeled mesh.043
17:19:56 | INFO: Primitives created: 1
17:19:56 | INFO: Extracting primitive: Hand modeled mesh.044
17:19:56 | INFO: Primitives created: 1
17:19:56 | INFO: Extracting primitive: Hand modeled mesh.045
17:19:56 | INFO: Primitives created: 1
17:19:56 | INFO: Extracting primitive: Hand modeled mesh.046
17:19:56 | INFO: Primitives created: 1
17:19:56 | INFO: Extracting primitive: Hand modeled mesh.047
17:19:56 | INFO: Primitives created: 1
17:19:56 | INFO: Extracting primitive: Hand modeled mesh.048
17:19:56 | INFO: Primitives created: 1
17:19:56 | INFO: Extracting primitive: Hand modeled mesh.049
17:19:56 | INFO: Primitives created: 1
17:19:56 | INFO: Extracting primitive: Hand modeled mesh.050
17:19:56 | INFO: Primitives created: 1
17:19:56 | INFO: Extracting primitive: Hand modeled mesh.051
17:19:56 | INFO: Primitives created: 1
17:19:56 | INFO: Extracting primitive: Hand modeled mesh.052
17:19:56 | INFO: Primitives created: 1
17:19:56 | INFO: Extracting primitive: Hand modeled mesh.053
17:19:56 | INFO: Primitives created: 1
17:19:56 | INFO: Extracting primitive: Hand modeled mesh.054
17:19:56 | INFO: Primitives created: 1
17:19:56 | INFO: Extracting primitive: Hand modeled mesh.055
17:19:56 | INFO: Primitives created: 1
17:19:56 | INFO: Extracting primitive: Hand modeled mesh.056
17:19:56 | INFO: Primitives created: 1
17:19:56 | INFO: Extracting primitive: Hand modeled mesh.057
17:19:56 | INFO: Primitives created: 1
17:19:56 | INFO: Extracting primitive: Hand modeled mesh.058
17:19:56 | INFO: Primitives created: 1
17:19:56 | INFO: Extracting primitive: Hand modeled mesh.059
17:19:56 | INFO: Primitives created: 1
17:19:56 | INFO: Extracting primitive: Hand modeled mesh.060
17:19:56 | INFO: Primitives created: 1
17:19:56 | INFO: Extracting primitive: Hand modeled mesh.061
17:19:56 | INFO: Primitives created: 1
17:19:56 | INFO: Extracting primitive: Hand modeled mesh.062
17:19:56 | INFO: Primitives created: 1
17:19:56 | INFO: Extracting primitive: Lantern suspension
17:19:56 | INFO: Primitives created: 1
17:19:56 | INFO: Extracting primitive: Leather belt 1
17:19:56 | INFO: Primitives created: 1
17:19:56 | INFO: Extracting primitive: Hand modeled mesh.001
17:19:56 | INFO: Primitives created: 1
17:19:56 | INFO: Extracting primitive: Leather belt 3
17:19:56 | INFO: Primitives created: 1
17:19:56 | INFO: Extracting primitive: Cube.025
17:19:56 | INFO: Primitives created: 1
17:19:56 | INFO: Extracting primitive: Rear propeller axle
17:19:56 | INFO: Primitives created: 1
17:19:56 | INFO: Extracting primitive: RiggingMesh
17:19:56 | INFO: Primitives created: 1
17:19:56 | INFO: Extracting primitive: Cube.012
17:19:56 | INFO: Primitives created: 1
17:19:56 | INFO: Extracting primitive: Cube.011
17:19:56 | INFO: Primitives created: 1
17:19:56 | INFO: Extracting primitive: Cube.010
17:19:56 | INFO: Primitives created: 1
17:19:56 | INFO: Extracting primitive: Cube.009
17:19:56 | INFO: Primitives created: 1
17:19:56 | INFO: Extracting primitive: Cube.013
17:19:56 | INFO: Primitives created: 1
17:19:56 | INFO: Extracting primitive: Cube.014
17:19:56 | INFO: Primitives created: 1
17:19:56 | INFO: Extracting primitive: Cube.015
17:19:56 | INFO: Primitives created: 1
17:19:56 | INFO: Extracting primitive: Cube.016
17:19:56 | INFO: Primitives created: 1
17:19:56 | INFO: Extracting primitive: Cube.017
17:19:56 | INFO: Primitives created: 1
17:19:56 | INFO: Extracting primitive: Rope swag -1_-1.45
17:19:56 | INFO: Primitives created: 1
17:19:56 | INFO: Extracting primitive: Rope swag -1_-2.75
17:19:56 | INFO: Primitives created: 1
17:19:56 | INFO: Extracting primitive: Rope swag -1_0.1
17:19:56 | INFO: Primitives created: 1
17:19:56 | INFO: Extracting primitive: Rope swag -1_1.5
17:19:56 | INFO: Primitives created: 1
17:19:56 | INFO: Extracting primitive: Rope swag 1_-1.45
17:19:56 | INFO: Primitives created: 1
17:19:56 | INFO: Extracting primitive: Rope swag 1_-2.75
17:19:56 | INFO: Primitives created: 1
17:19:56 | INFO: Extracting primitive: Rope swag 1_0.1
17:19:56 | INFO: Primitives created: 1
17:19:56 | INFO: Extracting primitive: Rope swag 1_1.5
17:19:56 | INFO: Primitives created: 1
17:19:56 | INFO: Extracting primitive: Tension cable 0_-1
17:19:56 | INFO: Primitives created: 1
17:19:56 | INFO: Extracting primitive: Tension cable 0_1
17:19:56 | INFO: Primitives created: 1
17:19:56 | INFO: Extracting primitive: Tension cable 1_-1
17:19:56 | INFO: Primitives created: 1
17:19:56 | INFO: Extracting primitive: Tension cable 1_1
17:19:56 | INFO: Primitives created: 1
17:19:56 | INFO: Extracting primitive: Upper gunwale -1
17:19:56 | INFO: Primitives created: 1
17:19:56 | INFO: Extracting primitive: Upper gunwale 1
17:19:56 | INFO: Primitives created: 1
17:19:56 | INFO: Extracting primitive: Cube.002
17:19:56 | INFO: Primitives created: 1
17:19:56 | INFO: Extracting primitive: Cube.004
17:19:56 | INFO: Primitives created: 1
17:19:56 | INFO: Extracting primitive: Cube.006
17:19:56 | INFO: Primitives created: 1
17:19:56 | INFO: Finished glTF 2.0 export in 0.1972184181213379 s

17:19:56 | INFO: Starting glTF 2.0 export
17:19:56 | INFO: Extracting primitive: PropellerMesh
17:19:56 | INFO: Primitives created: 1
17:19:56 | INFO: Finished glTF 2.0 export in 0.012689828872680664 s

17:19:56 | INFO: Starting glTF 2.0 export
17:19:56 | INFO: Extracting primitive: oakGeometry
17:19:56 | INFO: Primitives created: 1
17:19:56 | INFO: Finished glTF 2.0 export in 0.03904581069946289 s

ASSET oak 273 faces
17:19:56 | INFO: Starting glTF 2.0 export
17:19:56 | INFO: Extracting primitive: poplarGeometry
17:19:56 | INFO: Primitives created: 1
17:19:56 | INFO: Finished glTF 2.0 export in 0.013204097747802734 s

ASSET poplar 109 faces
17:19:56 | INFO: Starting glTF 2.0 export
17:19:56 | INFO: Extracting primitive: pineGeometry
17:19:56 | INFO: Primitives created: 1
17:19:56 | INFO: Finished glTF 2.0 export in 0.008006095886230469 s

ASSET pine 32 faces
17:19:56 | INFO: Starting glTF 2.0 export
17:19:56 | INFO: Extracting primitive: bushGeometry
17:19:56 | INFO: Primitives created: 1
17:19:56 | INFO: Finished glTF 2.0 export in 0.007311582565307617 s

ASSET bush 40 faces
17:19:56 | INFO: Starting glTF 2.0 export
17:19:56 | INFO: Extracting primitive: rockGeometry
17:19:56 | INFO: Primitives created: 1
17:19:56 | INFO: Finished glTF 2.0 export in 0.01649022102355957 s

ASSET rock 40 faces
17:19:57 | INFO: Starting glTF 2.0 export
17:19:57 | INFO: Extracting primitive: cottageGeometry
17:19:57 | INFO: Primitives created: 1
17:19:57 | INFO: Finished glTF 2.0 export in 0.008754730224609375 s

ASSET cottage 143 faces
17:19:57 | INFO: Starting glTF 2.0 export
17:19:57 | INFO: Extracting primitive: millGeometry
17:19:57 | INFO: Primitives created: 1
17:19:57 | INFO: Finished glTF 2.0 export in 0.012890815734863281 s

ASSET mill 39 faces
17:19:57 | INFO: Starting glTF 2.0 export
17:19:57 | INFO: Extracting primitive: mill_rotorGeometry
17:19:57 | INFO: Primitives created: 1
17:19:57 | INFO: Finished glTF 2.0 export in 0.005964517593383789 s

ASSET mill_rotor 64 faces
17:19:57 | INFO: Starting glTF 2.0 export
17:19:57 | INFO: Extracting primitive: lighthouseGeometry
17:19:57 | INFO: Primitives created: 1
17:19:57 | INFO: Finished glTF 2.0 export in 0.009409427642822266 s

ASSET lighthouse 419 faces
17:20:00 | INFO: Starting glTF 2.0 export
17:20:00 | INFO: Extracting primitive: castleGeometry
17:20:00 | INFO: Primitives created: 1
17:20:00 | INFO: Finished glTF 2.0 export in 0.009501457214355469 s

ASSET castle 636 faces
17:20:00 | INFO: Starting glTF 2.0 export
17:20:00 | INFO: Extracting primitive: observatoryGeometry
17:20:00 | INFO: Primitives created: 1
17:20:00 | INFO: Finished glTF 2.0 export in 0.008974075317382812 s

ASSET observatory 134 faces
17:20:01 | INFO: Starting glTF 2.0 export
17:20:01 | INFO: Extracting primitive: ruinsGeometry
17:20:01 | INFO: Primitives created: 1
17:20:01 | INFO: Finished glTF 2.0 export in 0.012965917587280273 s

ASSET ruins 164 faces
17:20:02 | INFO: Starting glTF 2.0 export
17:20:02 | INFO: Extracting primitive: dockGeometry
17:20:02 | INFO: Primitives created: 1
17:20:02 | INFO: Finished glTF 2.0 export in 0.010246515274047852 s

ASSET dock 322 faces
17:20:02 | INFO: Starting glTF 2.0 export
17:20:02 | INFO: Extracting primitive: crateGeometry
17:20:02 | INFO: Primitives created: 1
17:20:02 | INFO: Finished glTF 2.0 export in 0.010965585708618164 s

ASSET crate 50 faces
17:20:02 | INFO: Starting glTF 2.0 export
17:20:02 | INFO: Extracting primitive: cloudGeometry
17:20:02 | INFO: Primitives created: 1
17:20:02 | INFO: Finished glTF 2.0 export in 0.0076367855072021484 s

ASSET cloud 366 faces
Warning: No mesh data to join
17:20:02 | INFO: Starting glTF 2.0 export
17:20:02 | INFO: Extracting primitive: sky_ringGeometry
17:20:02 | INFO: Primitives created: 1
17:20:02 | INFO: Finished glTF 2.0 export in 0.009628772735595703 s

ASSET sky_ring 192 faces
17:20:02 | INFO: Starting glTF 2.0 export
17:20:02 | INFO: Extracting primitive: cloud_primaryGeometry
17:20:02 | INFO: Primitives created: 1
17:20:02 | INFO: Finished glTF 2.0 export in 0.008977413177490234 s

ASSET cloud_primary 368 faces
17:20:03 | INFO: Starting glTF 2.0 export
17:20:03 | INFO: Extracting primitive: cloud_middleGeometry
17:20:03 | INFO: Primitives created: 1
17:20:03 | INFO: Finished glTF 2.0 export in 0.015073776245117188 s

ASSET cloud_middle 610 faces
17:20:03 | INFO: Starting glTF 2.0 export
17:20:03 | INFO: Extracting primitive: cloud_lowGeometry
17:20:03 | INFO: Primitives created: 1
17:20:03 | INFO: Finished glTF 2.0 export in 0.011770963668823242 s

ASSET cloud_low 426 faces
17:20:03 | INFO: Starting glTF 2.0 export
17:20:03 | INFO: Extracting primitive: cloud_edgeGeometry
17:20:03 | INFO: Primitives created: 1
17:20:03 | INFO: Finished glTF 2.0 export in 0.006815910339355469 s

ASSET cloud_edge 344 faces
17:20:03 | INFO: Starting glTF 2.0 export
17:20:03 | INFO: Extracting primitive: cloud_wispGeometry
17:20:03 | INFO: Primitives created: 1
17:20:03 | INFO: Finished glTF 2.0 export in 0.006524801254272461 s

ASSET cloud_wisp 342 faces
Blender 4.5.0 (hash 8cb6b388974a built 2025-07-15 01:36:24)
Read blend: "D:\test6\blender\Aether.blend"
Fra:1 Mem:85.26M (Peak 85.26M) | Time:00:01.17 | Rendering 1 / 64 samples
Fra:1 Mem:85.26M (Peak 85.26M) | Time:00:01.18 | Rendering 25 / 64 samples
Fra:1 Mem:85.26M (Peak 85.26M) | Time:00:01.19 | Rendering 50 / 64 samples
Fra:1 Mem:85.26M (Peak 85.26M) | Time:00:01.20 | Rendering 64 / 64 samples
Saved: 'D:\test6\captures\asset-library.png'
Time: 00:01.61 (Saving: 00:00.27)

Info: Saved as "Assets.blend"
ASSET LIBRARY COMPLETE 21 MODELS

Blender quit
