INFO Draco mesh compression is available, use library at D:\test6\.tools\blender\blender-4.5.0-windows-x64\4.5\scripts\addons_core\io_scene_gltf2\extern_draco.dll
20:51:58 | INFO: Starting glTF 2.0 export
20:51:58 | INFO: Extracting primitive: Ground_-1_-1Geometry
20:51:58 | INFO: Primitives created: 1
20:51:58 | INFO: Finished glTF 2.0 export in 0.03797435760498047 s

Info: Saved as "Ground_-1_-1.blend"
UPDATED TERRAIN MODULE Ground_-1_-1 13249
20:52:00 | INFO: Starting glTF 2.0 export
20:52:00 | INFO: Extracting primitive: Ground_0_-1Geometry
20:52:00 | INFO: Primitives created: 1
20:52:00 | INFO: Finished glTF 2.0 export in 0.07304167747497559 s

Info: Saved as "Ground_0_-1.blend"
UPDATED TERRAIN MODULE Ground_0_-1 14480
20:52:01 | INFO: Starting glTF 2.0 export
20:52:01 | INFO: Extracting primitive: Ground_-1_0Geometry
20:52:01 | INFO: Primitives created: 1
20:52:01 | INFO: Finished glTF 2.0 export in 0.03835868835449219 s

Info: Saved as "Ground_-1_0.blend"
UPDATED TERRAIN MODULE Ground_-1_0 9200
Blender 4.5.0 (hash 8cb6b388974a built 2025-07-15 01:36:24)

Blender quit
