Godot Engine v4.5.1.stable.official.f62fdbde1 - https://godotengine.org

[   0% ] [90m[1mfirst_scan_filesystem[22m | Started 项目初始化 (5 steps)[39m[0m
[   0% ] [90m[1mfirst_scan_filesystem[22m | 正在扫描文件结构……[39m[0m
[  16% ] [90m[1mfirst_scan_filesystem[22m | 正在加载全局类名……[39m[0m
[  33% ] [90m[1mfirst_scan_filesystem[22m | 正在校验 GDExtension……[39m[0m
[  50% ] [90m[1mfirst_scan_filesystem[22m | 正在创建自动加载脚本……[39m[0m
[  66% ] [90m[1mfirst_scan_filesystem[22m | 正在初始化插件……[39m[0m
[  83% ] [90m[1mfirst_scan_filesystem[22m | 正在启动文件扫描……[39m[0m
[92m[ DONE ][39m [1mfirst_scan_filesystem[22m
[0m
[   0% ] [90m[1mupdate_scripts_classes[22m | Started 正在注册全局类…… (3 steps)[39m[0m
[   0% ] [90m[1mupdate_scripts_classes[22m | [39m[0m
[  25% ] [90m[1mupdate_scripts_classes[22m | [39m[0m
[  50% ] [90m[1mupdate_scripts_classes[22m | [39m[0m
[92m[ DONE ][39m [1mupdate_scripts_classes[22m
[0m
[   0% ] [90m[1m_update_scan_actions[22m | Started 正在扫描动作…… (19 steps)[39m[0m
[   0% ] [90m[1m_update_scan_actions[22m | bush.glb[39m[0m
[   5% ] [90m[1m_update_scan_actions[22m | castle.glb[39m[0m
[  10% ] [90m[1m_update_scan_actions[22m | cloud.glb[39m[0m
[  15% ] [90m[1m_update_scan_actions[22m | cottage.glb[39m[0m
[  20% ] [90m[1m_update_scan_actions[22m | crate.glb[39m[0m
[  25% ] [90m[1m_update_scan_actions[22m | dock.glb[39m[0m
[  30% ] [90m[1m_update_scan_actions[22m | lighthouse.glb[39m[0m
[  35% ] [90m[1m_update_scan_actions[22m | mill.glb[39m[0m
[  40% ] [90m[1m_update_scan_actions[22m | mill_rotor.glb[39m[0m
[  45% ] [90m[1m_update_scan_actions[22m | oak.glb[39m[0m
[  50% ] [90m[1m_update_scan_actions[22m | observatory.glb[39m[0m
[  55% ] [90m[1m_update_scan_actions[22m | pine.glb[39m[0m
[  60% ] [90m[1m_update_scan_actions[22m | poplar.glb[39m[0m
[  65% ] [90m[1m_update_scan_actions[22m | rock.glb[39m[0m
[  70% ] [90m[1m_update_scan_actions[22m | ruins.glb[39m[0m
[  75% ] [90m[1m_update_scan_actions[22m | sky_ring.glb[39m[0m
[  80% ] [90m[1m_update_scan_actions[22m | airship.glb[39m[0m
[  85% ] [90m[1m_update_scan_actions[22m | open_world.glb[39m[0m
[  90% ] [90m[1m_update_scan_actions[22m | propeller.glb[39m[0m
[92m[ DONE ][39m [1m_update_scan_actions[22m
[0m
[   0% ] [90m[1mreimport[22m | Started 正在导入或重新导入资产 (3 steps)[39m[0m
[   0% ] [90m[1mreimport[22m | 正在准备重新加载文件……[39m[0m
[  25% ] [90m[1mreimport[22m | 正在准备重新加载文件……[39m[0m
[  50% ] [90m[1mreimport[22m | 正在准备重新加载文件……[39m[0m
[   0% ] [90m[1mreimport[22m | 正在执行重新加载前的操作……[39m[0m
[   0% ] [90m[1mpreload_reimporting_scene[22m | Started 正在准备场景重新加载 (1 steps)[39m[0m
[   0% ] [90m[1mpreload_reimporting_scene[22m | 正在分析场景 [空][39m[0m
[  50% ] [90m[1mpreload_reimporting_scene[22m | 准备完成。[39m[0m
[92m[ DONE ][39m [1mpreload_reimporting_scene[22m
[0m
[   0% ] [90m[1mreimport[22m | cloud.glb[39m[0m
[   0% ] [90m[1mimport[22m | Started 导入场景 (104 steps)[39m[0m
[   0% ] [90m[1mimport[22m | 导入场景中...[39m[0m
[   1% ] [90m[1mimport[22m | 执行自定义脚本...[39m[0m
[  99% ] [90m[1mimport[22m | 保存中...[39m[0m
[92m[ DONE ][39m [1mimport[22m
[0m
[  25% ] [90m[1mreimport[22m | crate.glb[39m[0m
[   0% ] [90m[1mimport[22m | Started 导入场景 (104 steps)[39m[0m
[   0% ] [90m[1mimport[22m | 导入场景中...[39m[0m
[   1% ] [90m[1mimport[22m | 执行自定义脚本...[39m[0m
[  99% ] [90m[1mimport[22m | 保存中...[39m[0m
[92m[ DONE ][39m [1mimport[22m
[0m
[  50% ] [90m[1mreimport[22m | open_world.glb[39m[0m
[   0% ] [90m[1mimport[22m | Started 导入场景 (104 steps)[39m[0m
[   0% ] [90m[1mimport[22m | 导入场景中...[39m[0m
[   1% ] [90m[1mimport[22m | 执行自定义脚本...[39m[0m
[  99% ] [90m[1mimport[22m | 保存中...[39m[0m
[92m[ DONE ][39m [1mimport[22m
[0m
[  75% ] [90m[1mreimport[22m | 正在结束资产导入……[39m[0m
[92m[ DONE ][39m [1mreimport[22m
[0m
[   0% ] [90m[1mreimport[22m | Started 正在导入或重新导入资产 (3 steps)[39m[0m
[   0% ] [90m[1mreimport[22m | 正在执行重新加载后的操作……[39m[0m
[92m[ DONE ][39m [1mreimport[22m
[0m
[   0% ] [90m[1mloading_editor_layout[22m | Started 正在加载编辑器 (5 steps)[39m[0m
[   0% ] [90m[1mloading_editor_layout[22m | 正在加载编辑器布局……[39m[0m
[92m[ DONE ][39m [1mloading_editor_layout[22m
[0m
WORLD READY: 208 terrain chunks, 56408 modeled placements, 6 ports
