Godot Engine v4.5.1.stable.official.f62fdbde1 - https://godotengine.org
OpenGL API 3.3.0 NVIDIA 581.29 - Compatibility - Using Device: NVIDIA - NVIDIA GeForce RTX 4070 SUPER

PASS {"approach":"(0.0, 0.0, -1.0)","finish":"(133.8349, 152.6665, -246.4071)","name":"cliff_crown","passed":true,"start":"(131.0801, 152.6665, -287.8195)","travel":41.5039100646973}
PASS {"approach":"(1.0, 0.0, 0.0)","finish":"(142.9965, 150.9998, -195.2142)","name":"cliff_crown","passed":true,"start":"(180.7336, 150.9998, -185.9917)","travel":38.8476638793945}
PASS {"approach":"(0.0, 1.0, 0.0)","finish":"(87.23487, 206.5987, -136.5471)","name":"cliff_crown","passed":true,"start":"(88.28807, 245.0626, -149.208)","travel":40.5078086853027}
PASS {"approach":"(0.0, 0.0, -1.0)","finish":"(93.29289, 155.6661, -212.6726)","name":"cliff_western_slab","passed":true,"start":"(77.86138, 155.6661, -250.4848)","travel":40.8398475646973}
PASS {"approach":"(1.0, 0.0, 0.0)","finish":"(117.6967, 142.3332, -187.2778)","name":"cliff_western_slab","passed":true,"start":"(155.318, 142.3332, -196.962)","travel":38.8476638793945}
PASS {"approach":"(0.0, 1.0, 0.0)","finish":"(84.06776, 185.7886, -171.8257)","name":"cliff_western_slab","passed":true,"start":"(79.33731, 222.8963, -186.4795)","travel":40.17578125}
PASS {"approach":"(0.0, 0.0, -1.0)","finish":"(68.74251, 152.6663, -168.4359)","name":"cliff_front_columns","passed":true,"start":"(34.96087, 152.6663, -187.6177)","travel":38.84765625}
PASS {"approach":"(1.0, 0.0, 0.0)","finish":"(103.6977, 181.3944, -132.7572)","name":"cliff_front_columns","passed":true,"start":"(141.8778, 191.5402, -127.5735)","travel":39.8437538146973}
PASS {"approach":"(0.0, 1.0, 0.0)","finish":"(80.53565, 190.1172, -130.8004)","name":"cliff_front_columns","passed":true,"start":"(77.89408, 227.245, -146.7825)","travel":40.5078086853027}
PASS {"approach":"(0.0, 0.0, -1.0)","finish":"(144.8207, 147.6666, -228.5093)","name":"cliff_eastern_plateau","passed":true,"start":"(160.7148, 147.6666, -266.4896)","travel":41.1718788146973}
PASS {"approach":"(1.0, 0.0, 0.0)","finish":"(150.7095, 145.6664, -172.6278)","name":"cliff_eastern_plateau","passed":true,"start":"(188.4366, 145.6664, -163.3646)","travel":38.8476524353027}
PASS {"approach":"(0.0, 1.0, 0.0)","finish":"(65.40662, 213.7326, -102.479)","name":"cliff_eastern_plateau","passed":true,"start":"(71.48901, 253.1486, -97.63408)","travel":40.1757850646973}
PASS {"approach":"(0.0, 0.0, -1.0)","finish":"(73.66772, 151.9998, -167.3738)","name":"cliff_shadow_buttress","passed":true,"start":"(52.29257, 151.9998, -201.3914)","travel":40.17578125}
PASS {"approach":"(1.0, 0.0, 0.0)","finish":"(104.2952, 160.3331, -164.71)","name":"cliff_shadow_buttress","passed":true,"start":"(140.3069, 160.3331, -179.2803)","travel":38.84765625}
PASS {"approach":"(0.0, 1.0, 0.0)","finish":"(68.89548, 197.8303, -111.007)","name":"cliff_shadow_buttress","passed":true,"start":"(65.37157, 232.3724, -90.14296)","travel":40.5078125}
PASS {"approach":"(0.0, 0.0, -1.0)","finish":"(63.02745, 150.3332, -158.6707)","name":"cliff_central_wall","passed":true,"start":"(27.29722, 150.3332, -173.0513)","travel":38.515625}
PASS {"approach":"(1.0, 0.0, 0.0)","finish":"(99.71638, 153.6665, -200.3505)","name":"cliff_central_wall","passed":true,"start":"(132.6903, 153.6665, -222.1196)","travel":39.51171875}
PASS {"approach":"(0.0, 1.0, 0.0)","finish":"(79.39941, 203.3759, -154.8111)","name":"cliff_central_wall","passed":true,"start":"(67.00507, 237.4258, -172.1627)","travel":40.17578125}
