MODEL STUDY: 180 vertices 356 triangles bad edges 0 degenerate 0 volume 198979.0930891715
INFO Draco mesh compression is available, use library at D:\test6\.tools\blender\blender-4.5.0-windows-x64\4.5\scripts\addons_core\io_scene_gltf2\extern_draco.dll
03:17:35 | INFO: Starting glTF 2.0 export
03:17:35 | INFO: Extracting primitive: front_columns_sections
03:17:35 | INFO: Primitives created: 4
03:17:35 | INFO: Finished glTF 2.0 export in 0.038076162338256836 s

Info: Saved as "cliff_sections_10c_prototype.blend"
MODEL STUDY: 158 vertices 312 triangles bad edges 0 degenerate 0 volume 172298.27992367992
03:17:35 | INFO: Starting glTF 2.0 export
03:17:35 | INFO: Extracting primitive: front_columns_sections.001
03:17:35 | INFO: Primitives created: 4
03:17:35 | INFO: Finished glTF 2.0 export in 0.012813329696655273 s

Info: Saved as "cliff_sections_10c_western_slab.blend"
MODEL STUDY: 288 vertices 572 triangles bad edges 0 degenerate 0 volume 560623.4995151289
03:17:35 | INFO: Starting glTF 2.0 export
03:17:35 | INFO: Extracting primitive: front_columns_sections.002
03:17:35 | INFO: Primitives created: 4
03:17:35 | INFO: Finished glTF 2.0 export in 0.010077238082885742 s

Info: Saved as "cliff_sections_10c_crown.blend"
MODEL STUDY: 182 vertices 360 triangles bad edges 0 degenerate 0 volume 183082.04248898616
03:17:35 | INFO: Starting glTF 2.0 export
03:17:35 | INFO: Extracting primitive: front_columns_sections.003
03:17:35 | INFO: Primitives created: 4
03:17:35 | INFO: Finished glTF 2.0 export in 0.005551576614379883 s

Info: Saved as "cliff_sections_10c_central_wall.blend"
MODEL STUDY: 184 vertices 364 triangles bad edges 0 degenerate 0 volume 196151.04299510483
03:17:35 | INFO: Starting glTF 2.0 export
03:17:35 | INFO: Extracting primitive: front_columns_sections.004
03:17:35 | INFO: Primitives created: 4
03:17:35 | INFO: Finished glTF 2.0 export in 0.011943578720092773 s

Info: Saved as "cliff_sections_10c_shadow_buttress.blend"
03:17:37 | INFO: Starting glTF 2.0 export
03:17:37 | INFO: Extracting primitive: Ground_0_-1Geometry
03:17:37 | INFO: Primitives created: 1
03:17:37 | INFO: Finished glTF 2.0 export in 0.05271291732788086 s

Info: Saved as "round-10c-Ground_0_-1.blend"
UPDATED TERRAIN MODULE Ground_0_-1 14480
03:17:39 | INFO: Starting glTF 2.0 export
03:17:39 | INFO: Extracting primitive: Ground_0_0Geometry
03:17:39 | INFO: Primitives created: 1
03:17:39 | INFO: Finished glTF 2.0 export in 0.02324509620666504 s

Info: Saved as "round-10c-Ground_0_0.blend"
UPDATED TERRAIN MODULE Ground_0_0 8405
Blender 4.5.0 (hash 8cb6b388974a built 2025-07-15 01:36:24)

Blender quit
