INFO Draco mesh compression is available, use library at D:\test6\.tools\blender\blender-4.5.0-windows-x64\4.5\scripts\addons_core\io_scene_gltf2\extern_draco.dll
21:23:34 | INFO: Starting glTF 2.0 export
21:23:34 | INFO: Extracting primitive: Trail_CrownreachGeometry
21:23:34 | INFO: Primitives created: 1
21:23:34 | INFO: Finished glTF 2.0 export in 0.010970354080200195 s

Info: Saved as "Trail_Crownreach.blend"
ROAD MODULE Trail_Crownreach triangles 2292 maximum grade 0.35852076775572955 triangle plane error 1.9326207301162412e-13
21:23:36 | INFO: Starting glTF 2.0 export
21:23:36 | INFO: Extracting primitive: Trail_AmberfieldGeometry
21:23:36 | INFO: Primitives created: 1
21:23:36 | INFO: Finished glTF 2.0 export in 0.01948857307434082 s

Info: Saved as "Trail_Amberfield.blend"
ROAD MODULE Trail_Amberfield triangles 3228 maximum grade 0.22980196881360102 triangle plane error 2.983724378680108e-14
21:23:36 | INFO: Starting glTF 2.0 export
21:23:36 | INFO: Extracting primitive: Trail_HillHamletGeometry
21:23:36 | INFO: Primitives created: 1
21:23:36 | INFO: Finished glTF 2.0 export in 0.01048731803894043 s

Info: Saved as "Trail_HillHamlet.blend"
ROAD MODULE Trail_HillHamlet triangles 286 maximum grade 0.11717350217441501 triangle plane error 1.917910275039958e-14
Blender 4.5.0 (hash 8cb6b388974a built 2025-07-15 01:36:24)

Blender quit
