INFO Draco mesh compression is available, use library at D:\test6\.tools\blender\blender-4.5.0-windows-x64\4.5\scripts\addons_core\io_scene_gltf2\extern_draco.dll
19:27:33 | INFO: Starting glTF 2.0 export
19:27:33 | INFO: Extracting primitive: Ground_-1_-2Geometry
19:27:33 | INFO: Primitives created: 1
19:27:33 | INFO: Finished glTF 2.0 export in 0.06995248794555664 s

Info: Saved as "Ground_-1_-2.blend"
UPDATED TERRAIN MODULE Ground_-1_-2 8272
19:27:34 | INFO: Starting glTF 2.0 export
19:27:34 | INFO: Extracting primitive: Ground_-1_-1Geometry
19:27:34 | INFO: Primitives created: 1
19:27:34 | INFO: Finished glTF 2.0 export in 0.03972315788269043 s

Info: Saved as "Ground_-1_-1.blend"
UPDATED TERRAIN MODULE Ground_-1_-1 12456
19:27:35 | INFO: Starting glTF 2.0 export
19:27:35 | INFO: Extracting primitive: Ground_0_-2Geometry
19:27:35 | INFO: Primitives created: 1
19:27:35 | INFO: Finished glTF 2.0 export in 0.031523704528808594 s

Info: Saved as "Ground_0_-2.blend"
UPDATED TERRAIN MODULE Ground_0_-2 11766
19:27:36 | INFO: Starting glTF 2.0 export
19:27:36 | INFO: Extracting primitive: Ground_0_-1Geometry
19:27:36 | INFO: Primitives created: 1
19:27:36 | INFO: Finished glTF 2.0 export in 0.03998851776123047 s

Info: Saved as "Ground_0_-1.blend"
UPDATED TERRAIN MODULE Ground_0_-1 14239
19:27:36 | INFO: Starting glTF 2.0 export
19:27:36 | INFO: Extracting primitive: Ground_1_-2Geometry
19:27:36 | INFO: Primitives created: 1
19:27:37 | INFO: Finished glTF 2.0 export in 0.05009913444519043 s

Info: Saved as "Ground_1_-2.blend"
UPDATED TERRAIN MODULE Ground_1_-2 11593
19:27:38 | INFO: Starting glTF 2.0 export
19:27:38 | INFO: Extracting primitive: Ground_1_-1Geometry
19:27:38 | INFO: Primitives created: 1
19:27:38 | INFO: Finished glTF 2.0 export in 0.02805805206298828 s

Info: Saved as "Ground_1_-1.blend"
UPDATED TERRAIN MODULE Ground_1_-1 8553
19:27:38 | INFO: Starting glTF 2.0 export
19:27:38 | INFO: Extracting primitive: Ground_2_-2Geometry
19:27:38 | INFO: Primitives created: 1
19:27:38 | INFO: Finished glTF 2.0 export in 0.03278350830078125 s

Info: Saved as "Ground_2_-2.blend"
UPDATED TERRAIN MODULE Ground_2_-2 2048
19:27:38 | INFO: Starting glTF 2.0 export
19:27:38 | INFO: Extracting primitive: Ground_2_-1Geometry
19:27:38 | INFO: Primitives created: 1
19:27:38 | INFO: Finished glTF 2.0 export in 0.03494000434875488 s

Info: Saved as "Ground_2_-1.blend"
UPDATED TERRAIN MODULE Ground_2_-1 2048
19:27:39 | INFO: Starting glTF 2.0 export
19:27:39 | INFO: Extracting primitive: Ground_0_0Geometry
19:27:39 | INFO: Primitives created: 1
19:27:39 | INFO: Finished glTF 2.0 export in 0.052399396896362305 s

Info: Saved as "Ground_0_0.blend"
UPDATED TERRAIN MODULE Ground_0_0 8105
Blender 4.5.0 (hash 8cb6b388974a built 2025-07-15 01:36:24)

Blender quit
