20:17:37 | INFO: Data are loaded, start creating Blender stuff
20:17:37 | INFO: Blender create Mesh node RoadsGeometry
20:17:37 | INFO: glTF import finished in 0.00s
INFO Draco mesh compression is available, use library at D:\test6\.tools\blender\blender-4.5.0-windows-x64\4.5\scripts\addons_core\io_scene_gltf2\extern_draco.dll
20:17:38 | INFO: Starting glTF 2.0 export
20:17:38 | INFO: Extracting primitive: RoadsGeometry
20:17:38 | INFO: Primitives created: 1
20:17:38 | INFO: Finished glTF 2.0 export in 0.007619619369506836 s

Info: Saved as "Roads.blend"
DRAPED INDEPENDENT LAND DETAIL Roads
20:17:38 | INFO: Data are loaded, start creating Blender stuff
20:17:38 | INFO: Blender create Mesh node Field_0Geometry
20:17:38 | INFO: glTF import finished in 0.00s
20:17:38 | INFO: Starting glTF 2.0 export
20:17:38 | INFO: Extracting primitive: Field_0Geometry
20:17:38 | INFO: Primitives created: 1
20:17:38 | INFO: Finished glTF 2.0 export in 0.0049932003021240234 s

Info: Saved as "Field_0.blend"
DRAPED INDEPENDENT LAND DETAIL Field_0
20:17:38 | INFO: Data are loaded, start creating Blender stuff
20:17:38 | INFO: Blender create Mesh node Field_1Geometry
20:17:38 | INFO: glTF import finished in 0.00s
20:17:38 | INFO: Starting glTF 2.0 export
20:17:38 | INFO: Extracting primitive: Field_1Geometry
20:17:38 | INFO: Primitives created: 1
20:17:38 | INFO: Finished glTF 2.0 export in 0.003989219665527344 s

Info: Saved as "Field_1.blend"
DRAPED INDEPENDENT LAND DETAIL Field_1
20:17:38 | INFO: Data are loaded, start creating Blender stuff
20:17:38 | INFO: Blender create Mesh node Field_2Geometry
20:17:38 | INFO: glTF import finished in 0.00s
20:17:38 | INFO: Starting glTF 2.0 export
20:17:38 | INFO: Extracting primitive: Field_2Geometry
20:17:38 | INFO: Primitives created: 1
20:17:38 | INFO: Finished glTF 2.0 export in 0.0029916763305664062 s

Info: Saved as "Field_2.blend"
DRAPED INDEPENDENT LAND DETAIL Field_2
20:17:38 | INFO: Data are loaded, start creating Blender stuff
20:17:38 | INFO: Blender create Mesh node Field_3Geometry
20:17:38 | INFO: glTF import finished in 0.00s
20:17:38 | INFO: Starting glTF 2.0 export
20:17:38 | INFO: Extracting primitive: Field_3Geometry
20:17:38 | INFO: Primitives created: 1
20:17:38 | INFO: Finished glTF 2.0 export in 0.004575967788696289 s

Info: Saved as "Field_3.blend"
DRAPED INDEPENDENT LAND DETAIL Field_3
20:17:38 | INFO: Data are loaded, start creating Blender stuff
20:17:38 | INFO: Blender create Mesh node Field_4Geometry
20:17:38 | INFO: glTF import finished in 0.00s
20:17:38 | INFO: Starting glTF 2.0 export
20:17:38 | INFO: Extracting primitive: Field_4Geometry
20:17:38 | INFO: Primitives created: 1
20:17:38 | INFO: Finished glTF 2.0 export in 0.00399017333984375 s

Info: Saved as "Field_4.blend"
DRAPED INDEPENDENT LAND DETAIL Field_4
20:17:38 | INFO: Data are loaded, start creating Blender stuff
20:17:38 | INFO: Blender create Mesh node Field_5Geometry
20:17:38 | INFO: glTF import finished in 0.00s
20:17:38 | INFO: Starting glTF 2.0 export
20:17:38 | INFO: Extracting primitive: Field_5Geometry
20:17:38 | INFO: Primitives created: 1
20:17:38 | INFO: Finished glTF 2.0 export in 0.0039904117584228516 s

Info: Saved as "Field_5.blend"
DRAPED INDEPENDENT LAND DETAIL Field_5
20:17:38 | INFO: Data are loaded, start creating Blender stuff
20:17:38 | INFO: Blender create Mesh node Field_6Geometry
20:17:38 | INFO: glTF import finished in 0.00s
20:17:38 | INFO: Starting glTF 2.0 export
20:17:38 | INFO: Extracting primitive: Field_6Geometry
20:17:38 | INFO: Primitives created: 1
20:17:38 | INFO: Finished glTF 2.0 export in 0.020357608795166016 s

Info: Saved as "Field_6.blend"
DRAPED INDEPENDENT LAND DETAIL Field_6
20:17:38 | INFO: Data are loaded, start creating Blender stuff
20:17:38 | INFO: Blender create Mesh node Field_7Geometry
20:17:38 | INFO: glTF import finished in 0.00s
20:17:38 | INFO: Starting glTF 2.0 export
20:17:38 | INFO: Extracting primitive: Field_7Geometry
20:17:38 | INFO: Primitives created: 1
20:17:38 | INFO: Finished glTF 2.0 export in 0.002989530563354492 s

Info: Saved as "Field_7.blend"
DRAPED INDEPENDENT LAND DETAIL Field_7
20:17:38 | INFO: Data are loaded, start creating Blender stuff
20:17:38 | INFO: Blender create Mesh node Field_8Geometry
20:17:38 | INFO: glTF import finished in 0.00s
20:17:38 | INFO: Starting glTF 2.0 export
20:17:38 | INFO: Extracting primitive: Field_8Geometry
20:17:38 | INFO: Primitives created: 1
20:17:38 | INFO: Finished glTF 2.0 export in 0.0035517215728759766 s

Info: Saved as "Field_8.blend"
DRAPED INDEPENDENT LAND DETAIL Field_8
20:17:38 | INFO: Data are loaded, start creating Blender stuff
20:17:38 | INFO: Blender create Mesh node Field_9Geometry
20:17:38 | INFO: glTF import finished in 0.00s
20:17:38 | INFO: Starting glTF 2.0 export
20:17:38 | INFO: Extracting primitive: Field_9Geometry
20:17:38 | INFO: Primitives created: 1
20:17:38 | INFO: Finished glTF 2.0 export in 0.0039904117584228516 s

Info: Saved as "Field_9.blend"
DRAPED INDEPENDENT LAND DETAIL Field_9
20:17:38 | INFO: Data are loaded, start creating Blender stuff
20:17:38 | INFO: Blender create Mesh node Field_10Geometry
20:17:38 | INFO: glTF import finished in 0.00s
20:17:38 | INFO: Starting glTF 2.0 export
20:17:38 | INFO: Extracting primitive: Field_10Geometry
20:17:38 | INFO: Primitives created: 1
20:17:38 | INFO: Finished glTF 2.0 export in 0.005003929138183594 s

Info: Saved as "Field_10.blend"
DRAPED INDEPENDENT LAND DETAIL Field_10
20:17:38 | INFO: Data are loaded, start creating Blender stuff
20:17:38 | INFO: Blender create Mesh node Field_11Geometry
20:17:38 | INFO: glTF import finished in 0.00s
20:17:38 | INFO: Starting glTF 2.0 export
20:17:38 | INFO: Extracting primitive: Field_11Geometry
20:17:38 | INFO: Primitives created: 1
20:17:38 | INFO: Finished glTF 2.0 export in 0.0039882659912109375 s

Info: Saved as "Field_11.blend"
DRAPED INDEPENDENT LAND DETAIL Field_11
Exact triangle sampler misses: 0
Blender 4.5.0 (hash 8cb6b388974a built 2025-07-15 01:36:24)

Blender quit
