INFO Draco mesh compression is available, use library at D:\test6\.tools\blender\blender-4.5.0-windows-x64\4.5\scripts\addons_core\io_scene_gltf2\extern_draco.dll
19:41:03 | INFO: Starting glTF 2.0 export
19:41:03 | INFO: Extracting primitive: Ground_-6_-10Geometry
19:41:03 | INFO: Primitives created: 1
19:41:03 | INFO: Finished glTF 2.0 export in 0.011389493942260742 s

Info: Saved as "Ground_-6_-10.blend"
UPDATED TERRAIN MODULE Ground_-6_-10 2048
19:41:03 | INFO: Starting glTF 2.0 export
19:41:03 | INFO: Extracting primitive: Ground_-5_-10Geometry
19:41:03 | INFO: Primitives created: 1
19:41:03 | INFO: Finished glTF 2.0 export in 0.00948643684387207 s

Info: Saved as "Ground_-5_-10.blend"
UPDATED TERRAIN MODULE Ground_-5_-10 2048
19:41:03 | INFO: Starting glTF 2.0 export
19:41:03 | INFO: Extracting primitive: Ground_-4_-10Geometry
19:41:03 | INFO: Primitives created: 1
19:41:03 | INFO: Finished glTF 2.0 export in 0.008516788482666016 s

Info: Saved as "Ground_-4_-10.blend"
UPDATED TERRAIN MODULE Ground_-4_-10 2048
19:41:03 | INFO: Starting glTF 2.0 export
19:41:03 | INFO: Extracting primitive: Ground_-3_-10Geometry
19:41:03 | INFO: Primitives created: 1
19:41:03 | INFO: Finished glTF 2.0 export in 0.010972738265991211 s

Info: Saved as "Ground_-3_-10.blend"
UPDATED TERRAIN MODULE Ground_-3_-10 2048
19:41:04 | INFO: Starting glTF 2.0 export
19:41:04 | INFO: Extracting primitive: Ground_-2_-10Geometry
19:41:04 | INFO: Primitives created: 1
19:41:04 | INFO: Finished glTF 2.0 export in 0.007355451583862305 s

Info: Saved as "Ground_-2_-10.blend"
UPDATED TERRAIN MODULE Ground_-2_-10 2048
19:41:04 | INFO: Starting glTF 2.0 export
19:41:04 | INFO: Extracting primitive: Ground_-1_-10Geometry
19:41:04 | INFO: Primitives created: 1
19:41:04 | INFO: Finished glTF 2.0 export in 0.008600950241088867 s

Info: Saved as "Ground_-1_-10.blend"
UPDATED TERRAIN MODULE Ground_-1_-10 2048
19:41:04 | INFO: Starting glTF 2.0 export
19:41:04 | INFO: Extracting primitive: Ground_0_-10Geometry
19:41:04 | INFO: Primitives created: 1
19:41:04 | INFO: Finished glTF 2.0 export in 0.007993698120117188 s

Info: Saved as "Ground_0_-10.blend"
UPDATED TERRAIN MODULE Ground_0_-10 2048
19:41:04 | INFO: Starting glTF 2.0 export
19:41:04 | INFO: Extracting primitive: Ground_1_-10Geometry
19:41:04 | INFO: Primitives created: 1
19:41:04 | INFO: Finished glTF 2.0 export in 0.006981849670410156 s

Info: Saved as "Ground_1_-10.blend"
UPDATED TERRAIN MODULE Ground_1_-10 2048
19:41:04 | INFO: Starting glTF 2.0 export
19:41:04 | INFO: Extracting primitive: Ground_2_-10Geometry
19:41:04 | INFO: Primitives created: 1
19:41:04 | INFO: Finished glTF 2.0 export in 0.007978439331054688 s

Info: Saved as "Ground_2_-10.blend"
UPDATED TERRAIN MODULE Ground_2_-10 2048
19:41:04 | INFO: Starting glTF 2.0 export
19:41:04 | INFO: Extracting primitive: Ground_3_-10Geometry
19:41:04 | INFO: Primitives created: 1
19:41:04 | INFO: Finished glTF 2.0 export in 0.0059814453125 s

Info: Saved as "Ground_3_-10.blend"
UPDATED TERRAIN MODULE Ground_3_-10 2048
19:41:05 | INFO: Starting glTF 2.0 export
19:41:05 | INFO: Extracting primitive: Ground_4_-10Geometry
19:41:05 | INFO: Primitives created: 1
19:41:05 | INFO: Finished glTF 2.0 export in 0.00991368293762207 s

Info: Saved as "Ground_4_-10.blend"
UPDATED TERRAIN MODULE Ground_4_-10 2048
19:41:05 | INFO: Starting glTF 2.0 export
19:41:05 | INFO: Extracting primitive: Ground_5_-10Geometry
19:41:05 | INFO: Primitives created: 1
19:41:05 | INFO: Finished glTF 2.0 export in 0.011968135833740234 s

Info: Saved as "Ground_5_-10.blend"
UPDATED TERRAIN MODULE Ground_5_-10 2048
19:41:05 | INFO: Starting glTF 2.0 export
19:41:05 | INFO: Extracting primitive: Ground_6_-10Geometry
19:41:05 | INFO: Primitives created: 1
19:41:05 | INFO: Finished glTF 2.0 export in 0.008643150329589844 s

Info: Saved as "Ground_6_-10.blend"
UPDATED TERRAIN MODULE Ground_6_-10 2048
19:41:05 | INFO: Starting glTF 2.0 export
19:41:05 | INFO: Extracting primitive: Ground_-6_-9Geometry
19:41:05 | INFO: Primitives created: 1
19:41:05 | INFO: Finished glTF 2.0 export in 0.007979154586791992 s

Info: Saved as "Ground_-6_-9.blend"
UPDATED TERRAIN MODULE Ground_-6_-9 2048
19:41:05 | INFO: Starting glTF 2.0 export
19:41:05 | INFO: Extracting primitive: Ground_-5_-9Geometry
19:41:05 | INFO: Primitives created: 1
19:41:05 | INFO: Finished glTF 2.0 export in 0.005984067916870117 s

Info: Saved as "Ground_-5_-9.blend"
UPDATED TERRAIN MODULE Ground_-5_-9 2048
19:41:06 | INFO: Starting glTF 2.0 export
19:41:06 | INFO: Extracting primitive: Ground_-4_-9Geometry
19:41:06 | INFO: Primitives created: 1
19:41:06 | INFO: Finished glTF 2.0 export in 0.006982326507568359 s

Info: Saved as "Ground_-4_-9.blend"
UPDATED TERRAIN MODULE Ground_-4_-9 2048
19:41:06 | INFO: Starting glTF 2.0 export
19:41:06 | INFO: Extracting primitive: Ground_-3_-9Geometry
19:41:06 | INFO: Primitives created: 1
19:41:06 | INFO: Finished glTF 2.0 export in 0.008976459503173828 s

Info: Saved as "Ground_-3_-9.blend"
UPDATED TERRAIN MODULE Ground_-3_-9 2048
19:41:06 | INFO: Starting glTF 2.0 export
19:41:06 | INFO: Extracting primitive: Ground_-2_-9Geometry
19:41:06 | INFO: Primitives created: 1
19:41:06 | INFO: Finished glTF 2.0 export in 0.008992433547973633 s

Info: Saved as "Ground_-2_-9.blend"
UPDATED TERRAIN MODULE Ground_-2_-9 2048
19:41:06 | INFO: Starting glTF 2.0 export
19:41:06 | INFO: Extracting primitive: Ground_-1_-9Geometry
19:41:06 | INFO: Primitives created: 1
19:41:06 | INFO: Finished glTF 2.0 export in 0.005983591079711914 s

Info: Saved as "Ground_-1_-9.blend"
UPDATED TERRAIN MODULE Ground_-1_-9 2048
19:41:06 | INFO: Starting glTF 2.0 export
19:41:06 | INFO: Extracting primitive: Ground_0_-9Geometry
19:41:06 | INFO: Primitives created: 1
19:41:06 | INFO: Finished glTF 2.0 export in 0.009481191635131836 s

Info: Saved as "Ground_0_-9.blend"
UPDATED TERRAIN MODULE Ground_0_-9 2048
19:41:06 | INFO: Starting glTF 2.0 export
19:41:06 | INFO: Extracting primitive: Ground_1_-9Geometry
19:41:06 | INFO: Primitives created: 1
19:41:06 | INFO: Finished glTF 2.0 export in 0.006982564926147461 s

Info: Saved as "Ground_1_-9.blend"
UPDATED TERRAIN MODULE Ground_1_-9 2048
19:41:06 | INFO: Starting glTF 2.0 export
19:41:06 | INFO: Extracting primitive: Ground_2_-9Geometry
19:41:06 | INFO: Primitives created: 1
19:41:06 | INFO: Finished glTF 2.0 export in 0.007116556167602539 s

Info: Saved as "Ground_2_-9.blend"
UPDATED TERRAIN MODULE Ground_2_-9 2048
19:41:06 | INFO: Starting glTF 2.0 export
19:41:06 | INFO: Extracting primitive: Ground_3_-9Geometry
19:41:06 | INFO: Primitives created: 1
19:41:06 | INFO: Finished glTF 2.0 export in 0.010007143020629883 s

Info: Saved as "Ground_3_-9.blend"
UPDATED TERRAIN MODULE Ground_3_-9 2048
19:41:06 | INFO: Starting glTF 2.0 export
19:41:06 | INFO: Extracting primitive: Ground_4_-9Geometry
19:41:06 | INFO: Primitives created: 1
19:41:06 | INFO: Finished glTF 2.0 export in 0.00884556770324707 s

Info: Saved as "Ground_4_-9.blend"
UPDATED TERRAIN MODULE Ground_4_-9 2048
19:41:06 | INFO: Starting glTF 2.0 export
19:41:06 | INFO: Extracting primitive: Ground_5_-9Geometry
19:41:06 | INFO: Primitives created: 1
19:41:06 | INFO: Finished glTF 2.0 export in 0.005984067916870117 s

Info: Saved as "Ground_5_-9.blend"
UPDATED TERRAIN MODULE Ground_5_-9 2048
19:41:07 | INFO: Starting glTF 2.0 export
19:41:07 | INFO: Extracting primitive: Ground_6_-9Geometry
19:41:07 | INFO: Primitives created: 1
19:41:07 | INFO: Finished glTF 2.0 export in 0.006570339202880859 s

Info: Saved as "Ground_6_-9.blend"
UPDATED TERRAIN MODULE Ground_6_-9 2048
19:41:07 | INFO: Starting glTF 2.0 export
19:41:07 | INFO: Extracting primitive: Ground_-6_-8Geometry
19:41:07 | INFO: Primitives created: 1
19:41:07 | INFO: Finished glTF 2.0 export in 0.007320880889892578 s

Info: Saved as "Ground_-6_-8.blend"
UPDATED TERRAIN MODULE Ground_-6_-8 2586
19:41:07 | INFO: Starting glTF 2.0 export
19:41:07 | INFO: Extracting primitive: Ground_-5_-8Geometry
19:41:07 | INFO: Primitives created: 1
19:41:07 | INFO: Finished glTF 2.0 export in 0.0077931880950927734 s

Info: Saved as "Ground_-5_-8.blend"
UPDATED TERRAIN MODULE Ground_-5_-8 2048
19:41:07 | INFO: Starting glTF 2.0 export
19:41:07 | INFO: Extracting primitive: Ground_-4_-8Geometry
19:41:07 | INFO: Primitives created: 1
19:41:07 | INFO: Finished glTF 2.0 export in 0.007627010345458984 s

Info: Saved as "Ground_-4_-8.blend"
UPDATED TERRAIN MODULE Ground_-4_-8 2048
19:41:07 | INFO: Starting glTF 2.0 export
19:41:07 | INFO: Extracting primitive: Ground_-3_-8Geometry
19:41:07 | INFO: Primitives created: 1
19:41:07 | INFO: Finished glTF 2.0 export in 0.00569605827331543 s

Info: Saved as "Ground_-3_-8.blend"
UPDATED TERRAIN MODULE Ground_-3_-8 2048
19:41:07 | INFO: Starting glTF 2.0 export
19:41:07 | INFO: Extracting primitive: Ground_-2_-8Geometry
19:41:07 | INFO: Primitives created: 1
19:41:07 | INFO: Finished glTF 2.0 export in 0.006303310394287109 s

Info: Saved as "Ground_-2_-8.blend"
UPDATED TERRAIN MODULE Ground_-2_-8 2048
19:41:07 | INFO: Starting glTF 2.0 export
19:41:07 | INFO: Extracting primitive: Ground_-1_-8Geometry
19:41:07 | INFO: Primitives created: 1
19:41:07 | INFO: Finished glTF 2.0 export in 0.006981372833251953 s

Info: Saved as "Ground_-1_-8.blend"
UPDATED TERRAIN MODULE Ground_-1_-8 2048
19:41:07 | INFO: Starting glTF 2.0 export
19:41:07 | INFO: Extracting primitive: Ground_0_-8Geometry
19:41:07 | INFO: Primitives created: 1
19:41:07 | INFO: Finished glTF 2.0 export in 0.006981372833251953 s

Info: Saved as "Ground_0_-8.blend"
UPDATED TERRAIN MODULE Ground_0_-8 2048
19:41:07 | INFO: Starting glTF 2.0 export
19:41:07 | INFO: Extracting primitive: Ground_1_-8Geometry
19:41:07 | INFO: Primitives created: 1
19:41:07 | INFO: Finished glTF 2.0 export in 0.008235454559326172 s

Info: Saved as "Ground_1_-8.blend"
UPDATED TERRAIN MODULE Ground_1_-8 2048
19:41:08 | INFO: Starting glTF 2.0 export
19:41:08 | INFO: Extracting primitive: Ground_2_-8Geometry
19:41:08 | INFO: Primitives created: 1
19:41:08 | INFO: Finished glTF 2.0 export in 0.009482383728027344 s

Info: Saved as "Ground_2_-8.blend"
UPDATED TERRAIN MODULE Ground_2_-8 2048
19:41:08 | INFO: Starting glTF 2.0 export
19:41:08 | INFO: Extracting primitive: Ground_3_-8Geometry
19:41:08 | INFO: Primitives created: 1
19:41:08 | INFO: Finished glTF 2.0 export in 0.007978200912475586 s

Info: Saved as "Ground_3_-8.blend"
UPDATED TERRAIN MODULE Ground_3_-8 2048
19:41:08 | INFO: Starting glTF 2.0 export
19:41:08 | INFO: Extracting primitive: Ground_4_-8Geometry
19:41:08 | INFO: Primitives created: 1
19:41:08 | INFO: Finished glTF 2.0 export in 0.019940614700317383 s

Info: Saved as "Ground_4_-8.blend"
UPDATED TERRAIN MODULE Ground_4_-8 2048
19:41:08 | INFO: Starting glTF 2.0 export
19:41:08 | INFO: Extracting primitive: Ground_5_-8Geometry
19:41:08 | INFO: Primitives created: 1
19:41:08 | INFO: Finished glTF 2.0 export in 0.010972261428833008 s

Info: Saved as "Ground_5_-8.blend"
UPDATED TERRAIN MODULE Ground_5_-8 2048
19:41:08 | INFO: Starting glTF 2.0 export
19:41:08 | INFO: Extracting primitive: Ground_6_-8Geometry
19:41:08 | INFO: Primitives created: 1
19:41:08 | INFO: Finished glTF 2.0 export in 0.005985260009765625 s

Info: Saved as "Ground_6_-8.blend"
UPDATED TERRAIN MODULE Ground_6_-8 2048
19:41:08 | INFO: Starting glTF 2.0 export
19:41:08 | INFO: Extracting primitive: Ground_-6_-7Geometry
19:41:08 | INFO: Primitives created: 1
19:41:08 | INFO: Finished glTF 2.0 export in 0.008976221084594727 s

Info: Saved as "Ground_-6_-7.blend"
UPDATED TERRAIN MODULE Ground_-6_-7 2942
19:41:08 | INFO: Starting glTF 2.0 export
19:41:08 | INFO: Extracting primitive: Ground_-5_-7Geometry
19:41:08 | INFO: Primitives created: 1
19:41:08 | INFO: Finished glTF 2.0 export in 0.005988597869873047 s

Info: Saved as "Ground_-5_-7.blend"
UPDATED TERRAIN MODULE Ground_-5_-7 2048
19:41:09 | INFO: Starting glTF 2.0 export
19:41:09 | INFO: Extracting primitive: Ground_-4_-7Geometry
19:41:09 | INFO: Primitives created: 1
19:41:09 | INFO: Finished glTF 2.0 export in 0.00897669792175293 s

Info: Saved as "Ground_-4_-7.blend"
UPDATED TERRAIN MODULE Ground_-4_-7 2048
19:41:09 | INFO: Starting glTF 2.0 export
19:41:09 | INFO: Extracting primitive: Ground_-3_-7Geometry
19:41:09 | INFO: Primitives created: 1
19:41:09 | INFO: Finished glTF 2.0 export in 0.006983757019042969 s

Info: Saved as "Ground_-3_-7.blend"
UPDATED TERRAIN MODULE Ground_-3_-7 2048
19:41:09 | INFO: Starting glTF 2.0 export
19:41:09 | INFO: Extracting primitive: Ground_-2_-7Geometry
19:41:09 | INFO: Primitives created: 1
19:41:09 | INFO: Finished glTF 2.0 export in 0.008086204528808594 s

Info: Saved as "Ground_-2_-7.blend"
UPDATED TERRAIN MODULE Ground_-2_-7 2048
19:41:09 | INFO: Starting glTF 2.0 export
19:41:09 | INFO: Extracting primitive: Ground_-1_-7Geometry
19:41:09 | INFO: Primitives created: 1
19:41:09 | INFO: Finished glTF 2.0 export in 0.006983757019042969 s

Info: Saved as "Ground_-1_-7.blend"
UPDATED TERRAIN MODULE Ground_-1_-7 2048
19:41:09 | INFO: Starting glTF 2.0 export
19:41:09 | INFO: Extracting primitive: Ground_0_-7Geometry
19:41:09 | INFO: Primitives created: 1
19:41:09 | INFO: Finished glTF 2.0 export in 0.00637054443359375 s

Info: Saved as "Ground_0_-7.blend"
UPDATED TERRAIN MODULE Ground_0_-7 2048
19:41:09 | INFO: Starting glTF 2.0 export
19:41:09 | INFO: Extracting primitive: Ground_1_-7Geometry
19:41:09 | INFO: Primitives created: 1
19:41:09 | INFO: Finished glTF 2.0 export in 0.007938385009765625 s

Info: Saved as "Ground_1_-7.blend"
UPDATED TERRAIN MODULE Ground_1_-7 2048
19:41:09 | INFO: Starting glTF 2.0 export
19:41:09 | INFO: Extracting primitive: Ground_2_-7Geometry
19:41:09 | INFO: Primitives created: 1
19:41:09 | INFO: Finished glTF 2.0 export in 0.006188869476318359 s

Info: Saved as "Ground_2_-7.blend"
UPDATED TERRAIN MODULE Ground_2_-7 2048
19:41:09 | INFO: Starting glTF 2.0 export
19:41:09 | INFO: Extracting primitive: Ground_3_-7Geometry
19:41:09 | INFO: Primitives created: 1
19:41:09 | INFO: Finished glTF 2.0 export in 0.02012324333190918 s

Info: Saved as "Ground_3_-7.blend"
UPDATED TERRAIN MODULE Ground_3_-7 2048
19:41:09 | INFO: Starting glTF 2.0 export
19:41:09 | INFO: Extracting primitive: Ground_4_-7Geometry
19:41:09 | INFO: Primitives created: 1
19:41:09 | INFO: Finished glTF 2.0 export in 0.00698089599609375 s

Info: Saved as "Ground_4_-7.blend"
UPDATED TERRAIN MODULE Ground_4_-7 2048
19:41:09 | INFO: Starting glTF 2.0 export
19:41:09 | INFO: Extracting primitive: Ground_5_-7Geometry
19:41:09 | INFO: Primitives created: 1
19:41:09 | INFO: Finished glTF 2.0 export in 0.0069811344146728516 s

Info: Saved as "Ground_5_-7.blend"
UPDATED TERRAIN MODULE Ground_5_-7 2048
19:41:10 | INFO: Starting glTF 2.0 export
19:41:10 | INFO: Extracting primitive: Ground_6_-7Geometry
19:41:10 | INFO: Primitives created: 1
19:41:10 | INFO: Finished glTF 2.0 export in 0.006493330001831055 s

Info: Saved as "Ground_6_-7.blend"
UPDATED TERRAIN MODULE Ground_6_-7 2048
19:41:10 | INFO: Starting glTF 2.0 export
19:41:10 | INFO: Extracting primitive: Ground_-6_-6Geometry
19:41:10 | INFO: Primitives created: 1
19:41:10 | INFO: Finished glTF 2.0 export in 0.006979703903198242 s

Info: Saved as "Ground_-6_-6.blend"
UPDATED TERRAIN MODULE Ground_-6_-6 2236
19:41:10 | INFO: Starting glTF 2.0 export
19:41:10 | INFO: Extracting primitive: Ground_-5_-6Geometry
19:41:10 | INFO: Primitives created: 1
19:41:10 | INFO: Finished glTF 2.0 export in 0.008978128433227539 s

Info: Saved as "Ground_-5_-6.blend"
UPDATED TERRAIN MODULE Ground_-5_-6 2788
19:41:10 | INFO: Starting glTF 2.0 export
19:41:10 | INFO: Extracting primitive: Ground_-4_-6Geometry
19:41:10 | INFO: Primitives created: 1
19:41:10 | INFO: Finished glTF 2.0 export in 0.007124423980712891 s

Info: Saved as "Ground_-4_-6.blend"
UPDATED TERRAIN MODULE Ground_-4_-6 2048
19:41:10 | INFO: Starting glTF 2.0 export
19:41:10 | INFO: Extracting primitive: Ground_-3_-6Geometry
19:41:10 | INFO: Primitives created: 1
19:41:10 | INFO: Finished glTF 2.0 export in 0.006912946701049805 s

Info: Saved as "Ground_-3_-6.blend"
UPDATED TERRAIN MODULE Ground_-3_-6 2048
19:41:10 | INFO: Starting glTF 2.0 export
19:41:10 | INFO: Extracting primitive: Ground_-2_-6Geometry
19:41:10 | INFO: Primitives created: 1
19:41:10 | INFO: Finished glTF 2.0 export in 0.00760340690612793 s

Info: Saved as "Ground_-2_-6.blend"
UPDATED TERRAIN MODULE Ground_-2_-6 2048
19:41:10 | INFO: Starting glTF 2.0 export
19:41:10 | INFO: Extracting primitive: Ground_-1_-6Geometry
19:41:10 | INFO: Primitives created: 1
19:41:10 | INFO: Finished glTF 2.0 export in 0.0059871673583984375 s

Info: Saved as "Ground_-1_-6.blend"
UPDATED TERRAIN MODULE Ground_-1_-6 2048
19:41:10 | INFO: Starting glTF 2.0 export
19:41:10 | INFO: Extracting primitive: Ground_0_-6Geometry
19:41:10 | INFO: Primitives created: 1
19:41:10 | INFO: Finished glTF 2.0 export in 0.006982564926147461 s

Info: Saved as "Ground_0_-6.blend"
UPDATED TERRAIN MODULE Ground_0_-6 2048
19:41:11 | INFO: Starting glTF 2.0 export
19:41:11 | INFO: Extracting primitive: Ground_1_-6Geometry
19:41:11 | INFO: Primitives created: 1
19:41:11 | INFO: Finished glTF 2.0 export in 0.0073778629302978516 s

Info: Saved as "Ground_1_-6.blend"
UPDATED TERRAIN MODULE Ground_1_-6 2048
19:41:11 | INFO: Starting glTF 2.0 export
19:41:11 | INFO: Extracting primitive: Ground_2_-6Geometry
19:41:11 | INFO: Primitives created: 1
19:41:11 | INFO: Finished glTF 2.0 export in 0.006991147994995117 s

Info: Saved as "Ground_2_-6.blend"
UPDATED TERRAIN MODULE Ground_2_-6 2048
19:41:11 | INFO: Starting glTF 2.0 export
19:41:11 | INFO: Extracting primitive: Ground_3_-6Geometry
19:41:11 | INFO: Primitives created: 1
19:41:11 | INFO: Finished glTF 2.0 export in 0.007494926452636719 s

Info: Saved as "Ground_3_-6.blend"
UPDATED TERRAIN MODULE Ground_3_-6 2048
19:41:11 | INFO: Starting glTF 2.0 export
19:41:11 | INFO: Extracting primitive: Ground_4_-6Geometry
19:41:11 | INFO: Primitives created: 1
19:41:11 | INFO: Finished glTF 2.0 export in 0.006242513656616211 s

Info: Saved as "Ground_4_-6.blend"
UPDATED TERRAIN MODULE Ground_4_-6 2048
19:41:11 | INFO: Starting glTF 2.0 export
19:41:11 | INFO: Extracting primitive: Ground_5_-6Geometry
19:41:11 | INFO: Primitives created: 1
19:41:11 | INFO: Finished glTF 2.0 export in 0.008053064346313477 s

Info: Saved as "Ground_5_-6.blend"
UPDATED TERRAIN MODULE Ground_5_-6 2048
19:41:11 | INFO: Starting glTF 2.0 export
19:41:11 | INFO: Extracting primitive: Ground_6_-6Geometry
19:41:11 | INFO: Primitives created: 1
19:41:11 | INFO: Finished glTF 2.0 export in 0.006982088088989258 s

Info: Saved as "Ground_6_-6.blend"
UPDATED TERRAIN MODULE Ground_6_-6 2048
19:41:11 | INFO: Starting glTF 2.0 export
19:41:11 | INFO: Extracting primitive: Ground_-6_-5Geometry
19:41:11 | INFO: Primitives created: 1
19:41:11 | INFO: Finished glTF 2.0 export in 0.0069811344146728516 s

Info: Saved as "Ground_-6_-5.blend"
UPDATED TERRAIN MODULE Ground_-6_-5 2048
19:41:11 | INFO: Starting glTF 2.0 export
19:41:11 | INFO: Extracting primitive: Ground_-5_-5Geometry
19:41:11 | INFO: Primitives created: 1
19:41:12 | INFO: Finished glTF 2.0 export in 0.025106430053710938 s

Info: Saved as "Ground_-5_-5.blend"
UPDATED TERRAIN MODULE Ground_-5_-5 2716
19:41:12 | INFO: Starting glTF 2.0 export
19:41:12 | INFO: Extracting primitive: Ground_-4_-5Geometry
19:41:12 | INFO: Primitives created: 1
19:41:12 | INFO: Finished glTF 2.0 export in 0.008975982666015625 s

Info: Saved as "Ground_-4_-5.blend"
UPDATED TERRAIN MODULE Ground_-4_-5 2308
19:41:12 | INFO: Starting glTF 2.0 export
19:41:12 | INFO: Extracting primitive: Ground_-3_-5Geometry
19:41:12 | INFO: Primitives created: 1
19:41:12 | INFO: Finished glTF 2.0 export in 0.009101629257202148 s

Info: Saved as "Ground_-3_-5.blend"
UPDATED TERRAIN MODULE Ground_-3_-5 2080
19:41:12 | INFO: Starting glTF 2.0 export
19:41:12 | INFO: Extracting primitive: Ground_-2_-5Geometry
19:41:12 | INFO: Primitives created: 1
19:41:12 | INFO: Finished glTF 2.0 export in 0.01067662239074707 s

Info: Saved as "Ground_-2_-5.blend"
UPDATED TERRAIN MODULE Ground_-2_-5 2048
19:41:12 | INFO: Starting glTF 2.0 export
19:41:12 | INFO: Extracting primitive: Ground_-1_-5Geometry
19:41:12 | INFO: Primitives created: 1
19:41:12 | INFO: Finished glTF 2.0 export in 0.007250547409057617 s

Info: Saved as "Ground_-1_-5.blend"
UPDATED TERRAIN MODULE Ground_-1_-5 2048
19:41:12 | INFO: Starting glTF 2.0 export
19:41:12 | INFO: Extracting primitive: Ground_0_-5Geometry
19:41:12 | INFO: Primitives created: 1
19:41:12 | INFO: Finished glTF 2.0 export in 0.006178379058837891 s

Info: Saved as "Ground_0_-5.blend"
UPDATED TERRAIN MODULE Ground_0_-5 2048
19:41:12 | INFO: Starting glTF 2.0 export
19:41:12 | INFO: Extracting primitive: Ground_1_-5Geometry
19:41:12 | INFO: Primitives created: 1
19:41:12 | INFO: Finished glTF 2.0 export in 0.0069811344146728516 s

Info: Saved as "Ground_1_-5.blend"
UPDATED TERRAIN MODULE Ground_1_-5 2112
19:41:12 | INFO: Starting glTF 2.0 export
19:41:12 | INFO: Extracting primitive: Ground_2_-5Geometry
19:41:12 | INFO: Primitives created: 1
19:41:12 | INFO: Finished glTF 2.0 export in 0.011291980743408203 s

Info: Saved as "Ground_2_-5.blend"
UPDATED TERRAIN MODULE Ground_2_-5 2048
19:41:12 | INFO: Starting glTF 2.0 export
19:41:12 | INFO: Extracting primitive: Ground_3_-5Geometry
19:41:12 | INFO: Primitives created: 1
19:41:12 | INFO: Finished glTF 2.0 export in 0.005983829498291016 s

Info: Saved as "Ground_3_-5.blend"
UPDATED TERRAIN MODULE Ground_3_-5 2048
19:41:13 | INFO: Starting glTF 2.0 export
19:41:13 | INFO: Extracting primitive: Ground_4_-5Geometry
19:41:13 | INFO: Primitives created: 1
19:41:13 | INFO: Finished glTF 2.0 export in 0.010039567947387695 s

Info: Saved as "Ground_4_-5.blend"
UPDATED TERRAIN MODULE Ground_4_-5 2048
19:41:13 | INFO: Starting glTF 2.0 export
19:41:13 | INFO: Extracting primitive: Ground_5_-5Geometry
19:41:13 | INFO: Primitives created: 1
19:41:13 | INFO: Finished glTF 2.0 export in 0.008429288864135742 s

Info: Saved as "Ground_5_-5.blend"
UPDATED TERRAIN MODULE Ground_5_-5 2048
19:41:13 | INFO: Starting glTF 2.0 export
19:41:13 | INFO: Extracting primitive: Ground_6_-5Geometry
19:41:13 | INFO: Primitives created: 1
19:41:13 | INFO: Finished glTF 2.0 export in 0.008485794067382812 s

Info: Saved as "Ground_6_-5.blend"
UPDATED TERRAIN MODULE Ground_6_-5 2048
19:41:13 | INFO: Starting glTF 2.0 export
19:41:13 | INFO: Extracting primitive: Ground_-6_-4Geometry
19:41:13 | INFO: Primitives created: 1
19:41:13 | INFO: Finished glTF 2.0 export in 0.005975246429443359 s

Info: Saved as "Ground_-6_-4.blend"
UPDATED TERRAIN MODULE Ground_-6_-4 2048
19:41:13 | INFO: Starting glTF 2.0 export
19:41:13 | INFO: Extracting primitive: Ground_-5_-4Geometry
19:41:13 | INFO: Primitives created: 1
19:41:13 | INFO: Finished glTF 2.0 export in 0.006850481033325195 s

Info: Saved as "Ground_-5_-4.blend"
UPDATED TERRAIN MODULE Ground_-5_-4 2048
19:41:13 | INFO: Starting glTF 2.0 export
19:41:13 | INFO: Extracting primitive: Ground_-4_-4Geometry
19:41:13 | INFO: Primitives created: 1
19:41:13 | INFO: Finished glTF 2.0 export in 0.01386570930480957 s

Info: Saved as "Ground_-4_-4.blend"
UPDATED TERRAIN MODULE Ground_-4_-4 2968
19:41:13 | INFO: Starting glTF 2.0 export
19:41:13 | INFO: Extracting primitive: Ground_-3_-4Geometry
19:41:13 | INFO: Primitives created: 1
19:41:13 | INFO: Finished glTF 2.0 export in 0.016962766647338867 s

Info: Saved as "Ground_-3_-4.blend"
UPDATED TERRAIN MODULE Ground_-3_-4 2048
19:41:14 | INFO: Starting glTF 2.0 export
19:41:14 | INFO: Extracting primitive: Ground_-2_-4Geometry
19:41:14 | INFO: Primitives created: 1
19:41:14 | INFO: Finished glTF 2.0 export in 0.012943029403686523 s

Info: Saved as "Ground_-2_-4.blend"
UPDATED TERRAIN MODULE Ground_-2_-4 2048
19:41:14 | INFO: Starting glTF 2.0 export
19:41:14 | INFO: Extracting primitive: Ground_-1_-4Geometry
19:41:14 | INFO: Primitives created: 1
19:41:14 | INFO: Finished glTF 2.0 export in 0.008898496627807617 s

Info: Saved as "Ground_-1_-4.blend"
UPDATED TERRAIN MODULE Ground_-1_-4 2048
19:41:14 | INFO: Starting glTF 2.0 export
19:41:14 | INFO: Extracting primitive: Ground_0_-4Geometry
19:41:14 | INFO: Primitives created: 1
19:41:14 | INFO: Finished glTF 2.0 export in 0.007978439331054688 s

Info: Saved as "Ground_0_-4.blend"
UPDATED TERRAIN MODULE Ground_0_-4 2065
19:41:14 | INFO: Starting glTF 2.0 export
19:41:14 | INFO: Extracting primitive: Ground_1_-4Geometry
19:41:14 | INFO: Primitives created: 1
19:41:14 | INFO: Finished glTF 2.0 export in 0.008090019226074219 s

Info: Saved as "Ground_1_-4.blend"
UPDATED TERRAIN MODULE Ground_1_-4 2644
19:41:14 | INFO: Starting glTF 2.0 export
19:41:14 | INFO: Extracting primitive: Ground_2_-4Geometry
19:41:14 | INFO: Primitives created: 1
19:41:14 | INFO: Finished glTF 2.0 export in 0.008034229278564453 s

Info: Saved as "Ground_2_-4.blend"
UPDATED TERRAIN MODULE Ground_2_-4 2226
19:41:14 | INFO: Starting glTF 2.0 export
19:41:14 | INFO: Extracting primitive: Ground_3_-4Geometry
19:41:14 | INFO: Primitives created: 1
19:41:14 | INFO: Finished glTF 2.0 export in 0.009974002838134766 s

Info: Saved as "Ground_3_-4.blend"
UPDATED TERRAIN MODULE Ground_3_-4 2048
19:41:14 | INFO: Starting glTF 2.0 export
19:41:14 | INFO: Extracting primitive: Ground_4_-4Geometry
19:41:14 | INFO: Primitives created: 1
19:41:14 | INFO: Finished glTF 2.0 export in 0.0070002079010009766 s

Info: Saved as "Ground_4_-4.blend"
UPDATED TERRAIN MODULE Ground_4_-4 2048
19:41:15 | INFO: Starting glTF 2.0 export
19:41:15 | INFO: Extracting primitive: Ground_5_-4Geometry
19:41:15 | INFO: Primitives created: 1
19:41:15 | INFO: Finished glTF 2.0 export in 0.007977485656738281 s

Info: Saved as "Ground_5_-4.blend"
UPDATED TERRAIN MODULE Ground_5_-4 2050
19:41:15 | INFO: Starting glTF 2.0 export
19:41:15 | INFO: Extracting primitive: Ground_6_-4Geometry
19:41:15 | INFO: Primitives created: 1
19:41:15 | INFO: Finished glTF 2.0 export in 0.02287888526916504 s

Info: Saved as "Ground_6_-4.blend"
UPDATED TERRAIN MODULE Ground_6_-4 2048
19:41:15 | INFO: Starting glTF 2.0 export
19:41:15 | INFO: Extracting primitive: Ground_-6_-3Geometry
19:41:15 | INFO: Primitives created: 1
19:41:15 | INFO: Finished glTF 2.0 export in 0.00997304916381836 s

Info: Saved as "Ground_-6_-3.blend"
UPDATED TERRAIN MODULE Ground_-6_-3 2048
19:41:15 | INFO: Starting glTF 2.0 export
19:41:15 | INFO: Extracting primitive: Ground_-5_-3Geometry
19:41:15 | INFO: Primitives created: 1
19:41:15 | INFO: Finished glTF 2.0 export in 0.0069921016693115234 s

Info: Saved as "Ground_-5_-3.blend"
UPDATED TERRAIN MODULE Ground_-5_-3 2048
19:41:15 | INFO: Starting glTF 2.0 export
19:41:15 | INFO: Extracting primitive: Ground_-4_-3Geometry
19:41:15 | INFO: Primitives created: 1
19:41:15 | INFO: Finished glTF 2.0 export in 0.00897669792175293 s

Info: Saved as "Ground_-4_-3.blend"
UPDATED TERRAIN MODULE Ground_-4_-3 2276
19:41:15 | INFO: Starting glTF 2.0 export
19:41:15 | INFO: Extracting primitive: Ground_-3_-3Geometry
19:41:15 | INFO: Primitives created: 1
19:41:15 | INFO: Finished glTF 2.0 export in 0.010144472122192383 s

Info: Saved as "Ground_-3_-3.blend"
UPDATED TERRAIN MODULE Ground_-3_-3 2748
19:41:15 | INFO: Starting glTF 2.0 export
19:41:15 | INFO: Extracting primitive: Ground_-2_-3Geometry
19:41:15 | INFO: Primitives created: 1
19:41:15 | INFO: Finished glTF 2.0 export in 0.008976459503173828 s

Info: Saved as "Ground_-2_-3.blend"
UPDATED TERRAIN MODULE Ground_-2_-3 2048
19:41:16 | INFO: Starting glTF 2.0 export
19:41:16 | INFO: Extracting primitive: Ground_-1_-3Geometry
19:41:16 | INFO: Primitives created: 1
19:41:16 | INFO: Finished glTF 2.0 export in 0.008836030960083008 s

Info: Saved as "Ground_-1_-3.blend"
UPDATED TERRAIN MODULE Ground_-1_-3 2052
19:41:16 | INFO: Starting glTF 2.0 export
19:41:16 | INFO: Extracting primitive: Ground_0_-3Geometry
19:41:16 | INFO: Primitives created: 1
19:41:16 | INFO: Finished glTF 2.0 export in 0.0069811344146728516 s

Info: Saved as "Ground_0_-3.blend"
UPDATED TERRAIN MODULE Ground_0_-3 2303
19:41:16 | INFO: Starting glTF 2.0 export
19:41:16 | INFO: Extracting primitive: Ground_1_-3Geometry
19:41:16 | INFO: Primitives created: 1
19:41:16 | INFO: Finished glTF 2.0 export in 0.008643388748168945 s

Info: Saved as "Ground_1_-3.blend"
UPDATED TERRAIN MODULE Ground_1_-3 2142
19:41:16 | INFO: Starting glTF 2.0 export
19:41:16 | INFO: Extracting primitive: Ground_2_-3Geometry
19:41:16 | INFO: Primitives created: 1
19:41:16 | INFO: Finished glTF 2.0 export in 0.008599996566772461 s

Info: Saved as "Ground_2_-3.blend"
UPDATED TERRAIN MODULE Ground_2_-3 2100
19:41:16 | INFO: Starting glTF 2.0 export
19:41:16 | INFO: Extracting primitive: Ground_3_-3Geometry
19:41:16 | INFO: Primitives created: 1
19:41:16 | INFO: Finished glTF 2.0 export in 0.009975671768188477 s

Info: Saved as "Ground_3_-3.blend"
UPDATED TERRAIN MODULE Ground_3_-3 2048
19:41:16 | INFO: Starting glTF 2.0 export
19:41:16 | INFO: Extracting primitive: Ground_4_-3Geometry
19:41:16 | INFO: Primitives created: 1
19:41:16 | INFO: Finished glTF 2.0 export in 0.007052898406982422 s

Info: Saved as "Ground_4_-3.blend"
UPDATED TERRAIN MODULE Ground_4_-3 2048
19:41:16 | INFO: Starting glTF 2.0 export
19:41:16 | INFO: Extracting primitive: Ground_5_-3Geometry
19:41:16 | INFO: Primitives created: 1
19:41:16 | INFO: Finished glTF 2.0 export in 0.04500174522399902 s

Info: Saved as "Ground_5_-3.blend"
UPDATED TERRAIN MODULE Ground_5_-3 2048
19:41:17 | INFO: Starting glTF 2.0 export
19:41:17 | INFO: Extracting primitive: Ground_6_-3Geometry
19:41:17 | INFO: Primitives created: 1
19:41:17 | INFO: Finished glTF 2.0 export in 0.015175104141235352 s

Info: Saved as "Ground_6_-3.blend"
UPDATED TERRAIN MODULE Ground_6_-3 2048
19:41:17 | INFO: Starting glTF 2.0 export
19:41:17 | INFO: Extracting primitive: Ground_-6_-2Geometry
19:41:17 | INFO: Primitives created: 1
19:41:17 | INFO: Finished glTF 2.0 export in 0.008993387222290039 s

Info: Saved as "Ground_-6_-2.blend"
UPDATED TERRAIN MODULE Ground_-6_-2 2048
19:41:17 | INFO: Starting glTF 2.0 export
19:41:17 | INFO: Extracting primitive: Ground_-5_-2Geometry
19:41:17 | INFO: Primitives created: 1
19:41:17 | INFO: Finished glTF 2.0 export in 0.008453607559204102 s

Info: Saved as "Ground_-5_-2.blend"
UPDATED TERRAIN MODULE Ground_-5_-2 2048
19:41:17 | INFO: Starting glTF 2.0 export
19:41:17 | INFO: Extracting primitive: Ground_-4_-2Geometry
19:41:17 | INFO: Primitives created: 1
19:41:17 | INFO: Finished glTF 2.0 export in 0.008975982666015625 s

Info: Saved as "Ground_-4_-2.blend"
UPDATED TERRAIN MODULE Ground_-4_-2 2048
19:41:17 | INFO: Starting glTF 2.0 export
19:41:17 | INFO: Extracting primitive: Ground_-3_-2Geometry
19:41:17 | INFO: Primitives created: 1
19:41:17 | INFO: Finished glTF 2.0 export in 0.009041547775268555 s

Info: Saved as "Ground_-3_-2.blend"
UPDATED TERRAIN MODULE Ground_-3_-2 2612
19:41:17 | INFO: Starting glTF 2.0 export
19:41:17 | INFO: Extracting primitive: Ground_-2_-2Geometry
19:41:17 | INFO: Primitives created: 1
19:41:17 | INFO: Finished glTF 2.0 export in 0.008987665176391602 s

Info: Saved as "Ground_-2_-2.blend"
UPDATED TERRAIN MODULE Ground_-2_-2 2614
19:41:18 | INFO: Starting glTF 2.0 export
19:41:18 | INFO: Extracting primitive: Ground_-1_-2Geometry
19:41:18 | INFO: Primitives created: 1
19:41:18 | INFO: Finished glTF 2.0 export in 0.01568293571472168 s

Info: Saved as "Ground_-1_-2.blend"
UPDATED TERRAIN MODULE Ground_-1_-2 8272
19:41:18 | INFO: Starting glTF 2.0 export
19:41:18 | INFO: Extracting primitive: Ground_0_-2Geometry
19:41:18 | INFO: Primitives created: 1
19:41:18 | INFO: Finished glTF 2.0 export in 0.01952052116394043 s

Info: Saved as "Ground_0_-2.blend"
UPDATED TERRAIN MODULE Ground_0_-2 11766
19:41:19 | INFO: Starting glTF 2.0 export
19:41:19 | INFO: Extracting primitive: Ground_1_-2Geometry
19:41:19 | INFO: Primitives created: 1
19:41:19 | INFO: Finished glTF 2.0 export in 0.024262666702270508 s

Info: Saved as "Ground_1_-2.blend"
UPDATED TERRAIN MODULE Ground_1_-2 11593
19:41:19 | INFO: Starting glTF 2.0 export
19:41:19 | INFO: Extracting primitive: Ground_2_-2Geometry
19:41:19 | INFO: Primitives created: 1
19:41:19 | INFO: Finished glTF 2.0 export in 0.01235055923461914 s

Info: Saved as "Ground_2_-2.blend"
UPDATED TERRAIN MODULE Ground_2_-2 2048
19:41:19 | INFO: Starting glTF 2.0 export
19:41:19 | INFO: Extracting primitive: Ground_3_-2Geometry
19:41:19 | INFO: Primitives created: 1
19:41:19 | INFO: Finished glTF 2.0 export in 0.011482000350952148 s

Info: Saved as "Ground_3_-2.blend"
UPDATED TERRAIN MODULE Ground_3_-2 2048
19:41:19 | INFO: Starting glTF 2.0 export
19:41:19 | INFO: Extracting primitive: Ground_4_-2Geometry
19:41:19 | INFO: Primitives created: 1
19:41:19 | INFO: Finished glTF 2.0 export in 0.006982088088989258 s

Info: Saved as "Ground_4_-2.blend"
UPDATED TERRAIN MODULE Ground_4_-2 2048
19:41:19 | INFO: Starting glTF 2.0 export
19:41:19 | INFO: Extracting primitive: Ground_5_-2Geometry
19:41:19 | INFO: Primitives created: 1
19:41:19 | INFO: Finished glTF 2.0 export in 0.006984233856201172 s

Info: Saved as "Ground_5_-2.blend"
UPDATED TERRAIN MODULE Ground_5_-2 2048
19:41:19 | INFO: Starting glTF 2.0 export
19:41:19 | INFO: Extracting primitive: Ground_6_-2Geometry
19:41:19 | INFO: Primitives created: 1
19:41:19 | INFO: Finished glTF 2.0 export in 0.007175445556640625 s

Info: Saved as "Ground_6_-2.blend"
UPDATED TERRAIN MODULE Ground_6_-2 2048
19:41:20 | INFO: Starting glTF 2.0 export
19:41:20 | INFO: Extracting primitive: Ground_-6_-1Geometry
19:41:20 | INFO: Primitives created: 1
19:41:20 | INFO: Finished glTF 2.0 export in 0.009859085083007812 s

Info: Saved as "Ground_-6_-1.blend"
UPDATED TERRAIN MODULE Ground_-6_-1 2048
19:41:20 | INFO: Starting glTF 2.0 export
19:41:20 | INFO: Extracting primitive: Ground_-5_-1Geometry
19:41:20 | INFO: Primitives created: 1
19:41:20 | INFO: Finished glTF 2.0 export in 0.007978677749633789 s

Info: Saved as "Ground_-5_-1.blend"
UPDATED TERRAIN MODULE Ground_-5_-1 2048
19:41:20 | INFO: Starting glTF 2.0 export
19:41:20 | INFO: Extracting primitive: Ground_-4_-1Geometry
19:41:20 | INFO: Primitives created: 1
19:41:20 | INFO: Finished glTF 2.0 export in 0.006981611251831055 s

Info: Saved as "Ground_-4_-1.blend"
UPDATED TERRAIN MODULE Ground_-4_-1 2048
19:41:20 | INFO: Starting glTF 2.0 export
19:41:20 | INFO: Extracting primitive: Ground_-3_-1Geometry
19:41:20 | INFO: Primitives created: 1
19:41:20 | INFO: Finished glTF 2.0 export in 0.010421514511108398 s

Info: Saved as "Ground_-3_-1.blend"
UPDATED TERRAIN MODULE Ground_-3_-1 2048
19:41:20 | INFO: Starting glTF 2.0 export
19:41:20 | INFO: Extracting primitive: Ground_-2_-1Geometry
19:41:20 | INFO: Primitives created: 1
19:41:20 | INFO: Finished glTF 2.0 export in 0.006199359893798828 s

Info: Saved as "Ground_-2_-1.blend"
UPDATED TERRAIN MODULE Ground_-2_-1 2500
19:41:21 | INFO: Starting glTF 2.0 export
19:41:21 | INFO: Extracting primitive: Ground_-1_-1Geometry
19:41:21 | INFO: Primitives created: 1
19:41:21 | INFO: Finished glTF 2.0 export in 0.0258486270904541 s

Info: Saved as "Ground_-1_-1.blend"
UPDATED TERRAIN MODULE Ground_-1_-1 12456
19:41:21 | INFO: Starting glTF 2.0 export
19:41:21 | INFO: Extracting primitive: Ground_0_-1Geometry
19:41:21 | INFO: Primitives created: 1
19:41:21 | INFO: Finished glTF 2.0 export in 0.026601791381835938 s

Info: Saved as "Ground_0_-1.blend"
UPDATED TERRAIN MODULE Ground_0_-1 14239
19:41:22 | INFO: Starting glTF 2.0 export
19:41:22 | INFO: Extracting primitive: Ground_1_-1Geometry
19:41:22 | INFO: Primitives created: 1
19:41:22 | INFO: Finished glTF 2.0 export in 0.02551889419555664 s

Info: Saved as "Ground_1_-1.blend"
UPDATED TERRAIN MODULE Ground_1_-1 8553
19:41:22 | INFO: Starting glTF 2.0 export
19:41:22 | INFO: Extracting primitive: Ground_2_-1Geometry
19:41:22 | INFO: Primitives created: 1
19:41:22 | INFO: Finished glTF 2.0 export in 0.005791664123535156 s

Info: Saved as "Ground_2_-1.blend"
UPDATED TERRAIN MODULE Ground_2_-1 2048
19:41:22 | INFO: Starting glTF 2.0 export
19:41:22 | INFO: Extracting primitive: Ground_3_-1Geometry
19:41:22 | INFO: Primitives created: 1
19:41:22 | INFO: Finished glTF 2.0 export in 0.00813746452331543 s

Info: Saved as "Ground_3_-1.blend"
UPDATED TERRAIN MODULE Ground_3_-1 2048
19:41:22 | INFO: Starting glTF 2.0 export
19:41:22 | INFO: Extracting primitive: Ground_4_-1Geometry
19:41:22 | INFO: Primitives created: 1
19:41:22 | INFO: Finished glTF 2.0 export in 0.012045145034790039 s

Info: Saved as "Ground_4_-1.blend"
UPDATED TERRAIN MODULE Ground_4_-1 2048
19:41:22 | INFO: Starting glTF 2.0 export
19:41:22 | INFO: Extracting primitive: Ground_5_-1Geometry
19:41:22 | INFO: Primitives created: 1
19:41:22 | INFO: Finished glTF 2.0 export in 0.005983829498291016 s

Info: Saved as "Ground_5_-1.blend"
UPDATED TERRAIN MODULE Ground_5_-1 2048
19:41:22 | INFO: Starting glTF 2.0 export
19:41:22 | INFO: Extracting primitive: Ground_6_-1Geometry
19:41:22 | INFO: Primitives created: 1
19:41:22 | INFO: Finished glTF 2.0 export in 0.007984161376953125 s

Info: Saved as "Ground_6_-1.blend"
UPDATED TERRAIN MODULE Ground_6_-1 2048
19:41:23 | INFO: Starting glTF 2.0 export
19:41:23 | INFO: Extracting primitive: Ground_-6_0Geometry
19:41:23 | INFO: Primitives created: 1
19:41:23 | INFO: Finished glTF 2.0 export in 0.009339094161987305 s

Info: Saved as "Ground_-6_0.blend"
UPDATED TERRAIN MODULE Ground_-6_0 2048
19:41:23 | INFO: Starting glTF 2.0 export
19:41:23 | INFO: Extracting primitive: Ground_-5_0Geometry
19:41:23 | INFO: Primitives created: 1
19:41:23 | INFO: Finished glTF 2.0 export in 0.008000373840332031 s

Info: Saved as "Ground_-5_0.blend"
UPDATED TERRAIN MODULE Ground_-5_0 2048
19:41:23 | INFO: Starting glTF 2.0 export
19:41:23 | INFO: Extracting primitive: Ground_-4_0Geometry
19:41:23 | INFO: Primitives created: 1
19:41:23 | INFO: Finished glTF 2.0 export in 0.014061450958251953 s

Info: Saved as "Ground_-4_0.blend"
UPDATED TERRAIN MODULE Ground_-4_0 2048
19:41:23 | INFO: Starting glTF 2.0 export
19:41:23 | INFO: Extracting primitive: Ground_-3_0Geometry
19:41:23 | INFO: Primitives created: 1
19:41:23 | INFO: Finished glTF 2.0 export in 0.009195327758789062 s

Info: Saved as "Ground_-3_0.blend"
UPDATED TERRAIN MODULE Ground_-3_0 2048
19:41:23 | INFO: Starting glTF 2.0 export
19:41:23 | INFO: Extracting primitive: Ground_-2_0Geometry
19:41:23 | INFO: Primitives created: 1
19:41:23 | INFO: Finished glTF 2.0 export in 0.010298967361450195 s

Info: Saved as "Ground_-2_0.blend"
UPDATED TERRAIN MODULE Ground_-2_0 2048
19:41:24 | INFO: Starting glTF 2.0 export
19:41:24 | INFO: Extracting primitive: Ground_-1_0Geometry
19:41:24 | INFO: Primitives created: 1
19:41:24 | INFO: Finished glTF 2.0 export in 0.0375056266784668 s

Info: Saved as "Ground_-1_0.blend"
UPDATED TERRAIN MODULE Ground_-1_0 8944
19:41:24 | INFO: Starting glTF 2.0 export
19:41:24 | INFO: Extracting primitive: Ground_0_0Geometry
19:41:24 | INFO: Primitives created: 1
19:41:24 | INFO: Finished glTF 2.0 export in 0.018470048904418945 s

Info: Saved as "Ground_0_0.blend"
UPDATED TERRAIN MODULE Ground_0_0 8105
19:41:24 | INFO: Starting glTF 2.0 export
19:41:24 | INFO: Extracting primitive: Ground_1_0Geometry
19:41:24 | INFO: Primitives created: 1
19:41:24 | INFO: Finished glTF 2.0 export in 0.015231609344482422 s

Info: Saved as "Ground_1_0.blend"
UPDATED TERRAIN MODULE Ground_1_0 8064
19:41:24 | INFO: Starting glTF 2.0 export
19:41:24 | INFO: Extracting primitive: Ground_2_0Geometry
19:41:24 | INFO: Primitives created: 1
19:41:24 | INFO: Finished glTF 2.0 export in 0.008070707321166992 s

Info: Saved as "Ground_2_0.blend"
UPDATED TERRAIN MODULE Ground_2_0 2048
19:41:24 | INFO: Starting glTF 2.0 export
19:41:24 | INFO: Extracting primitive: Ground_3_0Geometry
19:41:24 | INFO: Primitives created: 1
19:41:25 | INFO: Finished glTF 2.0 export in 0.006981611251831055 s

Info: Saved as "Ground_3_0.blend"
UPDATED TERRAIN MODULE Ground_3_0 2048
19:41:25 | INFO: Starting glTF 2.0 export
19:41:25 | INFO: Extracting primitive: Ground_4_0Geometry
19:41:25 | INFO: Primitives created: 1
19:41:25 | INFO: Finished glTF 2.0 export in 0.00658416748046875 s

Info: Saved as "Ground_4_0.blend"
UPDATED TERRAIN MODULE Ground_4_0 2048
19:41:25 | INFO: Starting glTF 2.0 export
19:41:25 | INFO: Extracting primitive: Ground_5_0Geometry
19:41:25 | INFO: Primitives created: 1
19:41:25 | INFO: Finished glTF 2.0 export in 0.007988691329956055 s

Info: Saved as "Ground_5_0.blend"
UPDATED TERRAIN MODULE Ground_5_0 2048
19:41:25 | INFO: Starting glTF 2.0 export
19:41:25 | INFO: Extracting primitive: Ground_6_0Geometry
19:41:25 | INFO: Primitives created: 1
19:41:25 | INFO: Finished glTF 2.0 export in 0.007985115051269531 s

Info: Saved as "Ground_6_0.blend"
UPDATED TERRAIN MODULE Ground_6_0 2048
19:41:25 | INFO: Starting glTF 2.0 export
19:41:25 | INFO: Extracting primitive: Ground_-6_1Geometry
19:41:25 | INFO: Primitives created: 1
19:41:25 | INFO: Finished glTF 2.0 export in 0.013961553573608398 s

Info: Saved as "Ground_-6_1.blend"
UPDATED TERRAIN MODULE Ground_-6_1 2048
19:41:25 | INFO: Starting glTF 2.0 export
19:41:25 | INFO: Extracting primitive: Ground_-5_1Geometry
19:41:25 | INFO: Primitives created: 1
19:41:25 | INFO: Finished glTF 2.0 export in 0.008581876754760742 s

Info: Saved as "Ground_-5_1.blend"
UPDATED TERRAIN MODULE Ground_-5_1 2048
19:41:25 | INFO: Starting glTF 2.0 export
19:41:25 | INFO: Extracting primitive: Ground_-4_1Geometry
19:41:25 | INFO: Primitives created: 1
19:41:25 | INFO: Finished glTF 2.0 export in 0.01028299331665039 s

Info: Saved as "Ground_-4_1.blend"
UPDATED TERRAIN MODULE Ground_-4_1 2048
19:41:25 | INFO: Starting glTF 2.0 export
19:41:25 | INFO: Extracting primitive: Ground_-3_1Geometry
19:41:25 | INFO: Primitives created: 1
19:41:25 | INFO: Finished glTF 2.0 export in 0.0059833526611328125 s

Info: Saved as "Ground_-3_1.blend"
UPDATED TERRAIN MODULE Ground_-3_1 2048
19:41:26 | INFO: Starting glTF 2.0 export
19:41:26 | INFO: Extracting primitive: Ground_-2_1Geometry
19:41:26 | INFO: Primitives created: 1
19:41:26 | INFO: Finished glTF 2.0 export in 0.005980730056762695 s

Info: Saved as "Ground_-2_1.blend"
UPDATED TERRAIN MODULE Ground_-2_1 2412
19:41:26 | INFO: Starting glTF 2.0 export
19:41:26 | INFO: Extracting primitive: Ground_-1_1Geometry
19:41:26 | INFO: Primitives created: 1
19:41:26 | INFO: Finished glTF 2.0 export in 0.009972333908081055 s

Info: Saved as "Ground_-1_1.blend"
UPDATED TERRAIN MODULE Ground_-1_1 2574
19:41:26 | INFO: Starting glTF 2.0 export
19:41:26 | INFO: Extracting primitive: Ground_0_1Geometry
19:41:26 | INFO: Primitives created: 1
19:41:26 | INFO: Finished glTF 2.0 export in 0.009970903396606445 s

Info: Saved as "Ground_0_1.blend"
UPDATED TERRAIN MODULE Ground_0_1 2048
19:41:26 | INFO: Starting glTF 2.0 export
19:41:26 | INFO: Extracting primitive: Ground_1_1Geometry
19:41:26 | INFO: Primitives created: 1
19:41:26 | INFO: Finished glTF 2.0 export in 0.009862899780273438 s

Info: Saved as "Ground_1_1.blend"
UPDATED TERRAIN MODULE Ground_1_1 2048
19:41:26 | INFO: Starting glTF 2.0 export
19:41:26 | INFO: Extracting primitive: Ground_2_1Geometry
19:41:26 | INFO: Primitives created: 1
19:41:26 | INFO: Finished glTF 2.0 export in 0.008004903793334961 s

Info: Saved as "Ground_2_1.blend"
UPDATED TERRAIN MODULE Ground_2_1 2048
19:41:26 | INFO: Starting glTF 2.0 export
19:41:26 | INFO: Extracting primitive: Ground_3_1Geometry
19:41:26 | INFO: Primitives created: 1
19:41:26 | INFO: Finished glTF 2.0 export in 0.006556034088134766 s

Info: Saved as "Ground_3_1.blend"
UPDATED TERRAIN MODULE Ground_3_1 2050
19:41:26 | INFO: Starting glTF 2.0 export
19:41:26 | INFO: Extracting primitive: Ground_4_1Geometry
19:41:26 | INFO: Primitives created: 1
19:41:26 | INFO: Finished glTF 2.0 export in 0.0059816837310791016 s

Info: Saved as "Ground_4_1.blend"
UPDATED TERRAIN MODULE Ground_4_1 2048
19:41:26 | INFO: Starting glTF 2.0 export
19:41:26 | INFO: Extracting primitive: Ground_5_1Geometry
19:41:26 | INFO: Primitives created: 1
19:41:26 | INFO: Finished glTF 2.0 export in 0.009488821029663086 s

Info: Saved as "Ground_5_1.blend"
UPDATED TERRAIN MODULE Ground_5_1 2048
19:41:27 | INFO: Starting glTF 2.0 export
19:41:27 | INFO: Extracting primitive: Ground_6_1Geometry
19:41:27 | INFO: Primitives created: 1
19:41:27 | INFO: Finished glTF 2.0 export in 0.013605833053588867 s

Info: Saved as "Ground_6_1.blend"
UPDATED TERRAIN MODULE Ground_6_1 2048
19:41:27 | INFO: Starting glTF 2.0 export
19:41:27 | INFO: Extracting primitive: Ground_-6_2Geometry
19:41:27 | INFO: Primitives created: 1
19:41:27 | INFO: Finished glTF 2.0 export in 0.010053873062133789 s

Info: Saved as "Ground_-6_2.blend"
UPDATED TERRAIN MODULE Ground_-6_2 2048
19:41:27 | INFO: Starting glTF 2.0 export
19:41:27 | INFO: Extracting primitive: Ground_-5_2Geometry
19:41:27 | INFO: Primitives created: 1
19:41:27 | INFO: Finished glTF 2.0 export in 0.011882543563842773 s

Info: Saved as "Ground_-5_2.blend"
UPDATED TERRAIN MODULE Ground_-5_2 2048
19:41:27 | INFO: Starting glTF 2.0 export
19:41:27 | INFO: Extracting primitive: Ground_-4_2Geometry
19:41:27 | INFO: Primitives created: 1
19:41:27 | INFO: Finished glTF 2.0 export in 0.007978200912475586 s

Info: Saved as "Ground_-4_2.blend"
UPDATED TERRAIN MODULE Ground_-4_2 2048
19:41:27 | INFO: Starting glTF 2.0 export
19:41:27 | INFO: Extracting primitive: Ground_-3_2Geometry
19:41:27 | INFO: Primitives created: 1
19:41:27 | INFO: Finished glTF 2.0 export in 0.00887155532836914 s

Info: Saved as "Ground_-3_2.blend"
UPDATED TERRAIN MODULE Ground_-3_2 2048
19:41:28 | INFO: Starting glTF 2.0 export
19:41:28 | INFO: Extracting primitive: Ground_-2_2Geometry
19:41:28 | INFO: Primitives created: 1
19:41:28 | INFO: Finished glTF 2.0 export in 0.010969877243041992 s

Info: Saved as "Ground_-2_2.blend"
UPDATED TERRAIN MODULE Ground_-2_2 2936
19:41:28 | INFO: Starting glTF 2.0 export
19:41:28 | INFO: Extracting primitive: Ground_-1_2Geometry
19:41:28 | INFO: Primitives created: 1
19:41:28 | INFO: Finished glTF 2.0 export in 0.009085893630981445 s

Info: Saved as "Ground_-1_2.blend"
UPDATED TERRAIN MODULE Ground_-1_2 2048
19:41:28 | INFO: Starting glTF 2.0 export
19:41:28 | INFO: Extracting primitive: Ground_0_2Geometry
19:41:28 | INFO: Primitives created: 1
19:41:28 | INFO: Finished glTF 2.0 export in 0.009267330169677734 s

Info: Saved as "Ground_0_2.blend"
UPDATED TERRAIN MODULE Ground_0_2 2048
19:41:28 | INFO: Starting glTF 2.0 export
19:41:28 | INFO: Extracting primitive: Ground_1_2Geometry
19:41:28 | INFO: Primitives created: 1
19:41:28 | INFO: Finished glTF 2.0 export in 0.008161783218383789 s

Info: Saved as "Ground_1_2.blend"
UPDATED TERRAIN MODULE Ground_1_2 2048
19:41:28 | INFO: Starting glTF 2.0 export
19:41:28 | INFO: Extracting primitive: Ground_2_2Geometry
19:41:28 | INFO: Primitives created: 1
19:41:28 | INFO: Finished glTF 2.0 export in 0.008970022201538086 s

Info: Saved as "Ground_2_2.blend"
UPDATED TERRAIN MODULE Ground_2_2 2048
19:41:28 | INFO: Starting glTF 2.0 export
19:41:28 | INFO: Extracting primitive: Ground_3_2Geometry
19:41:28 | INFO: Primitives created: 1
19:41:28 | INFO: Finished glTF 2.0 export in 0.006984233856201172 s

Info: Saved as "Ground_3_2.blend"
UPDATED TERRAIN MODULE Ground_3_2 2048
19:41:28 | INFO: Starting glTF 2.0 export
19:41:28 | INFO: Extracting primitive: Ground_4_2Geometry
19:41:28 | INFO: Primitives created: 1
19:41:28 | INFO: Finished glTF 2.0 export in 0.007900714874267578 s

Info: Saved as "Ground_4_2.blend"
UPDATED TERRAIN MODULE Ground_4_2 2050
19:41:28 | INFO: Starting glTF 2.0 export
19:41:28 | INFO: Extracting primitive: Ground_5_2Geometry
19:41:28 | INFO: Primitives created: 1
19:41:28 | INFO: Finished glTF 2.0 export in 0.014456987380981445 s

Info: Saved as "Ground_5_2.blend"
UPDATED TERRAIN MODULE Ground_5_2 2048
19:41:29 | INFO: Starting glTF 2.0 export
19:41:29 | INFO: Extracting primitive: Ground_6_2Geometry
19:41:29 | INFO: Primitives created: 1
19:41:29 | INFO: Finished glTF 2.0 export in 0.01307368278503418 s

Info: Saved as "Ground_6_2.blend"
UPDATED TERRAIN MODULE Ground_6_2 2048
19:41:29 | INFO: Starting glTF 2.0 export
19:41:29 | INFO: Extracting primitive: Ground_-6_3Geometry
19:41:29 | INFO: Primitives created: 1
19:41:29 | INFO: Finished glTF 2.0 export in 0.010970592498779297 s

Info: Saved as "Ground_-6_3.blend"
UPDATED TERRAIN MODULE Ground_-6_3 2048
19:41:29 | INFO: Starting glTF 2.0 export
19:41:29 | INFO: Extracting primitive: Ground_-5_3Geometry
19:41:29 | INFO: Primitives created: 1
19:41:29 | INFO: Finished glTF 2.0 export in 0.02666926383972168 s

Info: Saved as "Ground_-5_3.blend"
UPDATED TERRAIN MODULE Ground_-5_3 2048
19:41:29 | INFO: Starting glTF 2.0 export
19:41:29 | INFO: Extracting primitive: Ground_-4_3Geometry
19:41:29 | INFO: Primitives created: 1
19:41:29 | INFO: Finished glTF 2.0 export in 0.009973526000976562 s

Info: Saved as "Ground_-4_3.blend"
UPDATED TERRAIN MODULE Ground_-4_3 2048
19:41:30 | INFO: Starting glTF 2.0 export
19:41:30 | INFO: Extracting primitive: Ground_-3_3Geometry
19:41:30 | INFO: Primitives created: 1
19:41:30 | INFO: Finished glTF 2.0 export in 0.010018348693847656 s

Info: Saved as "Ground_-3_3.blend"
UPDATED TERRAIN MODULE Ground_-3_3 2616
19:41:30 | INFO: Starting glTF 2.0 export
19:41:30 | INFO: Extracting primitive: Ground_-2_3Geometry
19:41:30 | INFO: Primitives created: 1
19:41:30 | INFO: Finished glTF 2.0 export in 0.017316818237304688 s

Info: Saved as "Ground_-2_3.blend"
UPDATED TERRAIN MODULE Ground_-2_3 2374
19:41:30 | INFO: Starting glTF 2.0 export
19:41:30 | INFO: Extracting primitive: Ground_-1_3Geometry
19:41:30 | INFO: Primitives created: 1
19:41:30 | INFO: Finished glTF 2.0 export in 0.010970354080200195 s

Info: Saved as "Ground_-1_3.blend"
UPDATED TERRAIN MODULE Ground_-1_3 2048
19:41:31 | INFO: Starting glTF 2.0 export
19:41:31 | INFO: Extracting primitive: Ground_0_3Geometry
19:41:31 | INFO: Primitives created: 1
19:41:31 | INFO: Finished glTF 2.0 export in 0.010970830917358398 s

Info: Saved as "Ground_0_3.blend"
UPDATED TERRAIN MODULE Ground_0_3 2048
19:41:31 | INFO: Starting glTF 2.0 export
19:41:31 | INFO: Extracting primitive: Ground_1_3Geometry
19:41:31 | INFO: Primitives created: 1
19:41:31 | INFO: Finished glTF 2.0 export in 0.009664058685302734 s

Info: Saved as "Ground_1_3.blend"
UPDATED TERRAIN MODULE Ground_1_3 2048
19:41:31 | INFO: Starting glTF 2.0 export
19:41:31 | INFO: Extracting primitive: Ground_2_3Geometry
19:41:31 | INFO: Primitives created: 1
19:41:31 | INFO: Finished glTF 2.0 export in 0.024628639221191406 s

Info: Saved as "Ground_2_3.blend"
UPDATED TERRAIN MODULE Ground_2_3 2048
19:41:31 | INFO: Starting glTF 2.0 export
19:41:31 | INFO: Extracting primitive: Ground_3_3Geometry
19:41:31 | INFO: Primitives created: 1
19:41:31 | INFO: Finished glTF 2.0 export in 0.008975982666015625 s

Info: Saved as "Ground_3_3.blend"
UPDATED TERRAIN MODULE Ground_3_3 2048
19:41:32 | INFO: Starting glTF 2.0 export
19:41:32 | INFO: Extracting primitive: Ground_4_3Geometry
19:41:32 | INFO: Primitives created: 1
19:41:32 | INFO: Finished glTF 2.0 export in 0.009970903396606445 s

Info: Saved as "Ground_4_3.blend"
UPDATED TERRAIN MODULE Ground_4_3 2048
19:41:32 | INFO: Starting glTF 2.0 export
19:41:32 | INFO: Extracting primitive: Ground_5_3Geometry
19:41:32 | INFO: Primitives created: 1
19:41:32 | INFO: Finished glTF 2.0 export in 0.009023189544677734 s

Info: Saved as "Ground_5_3.blend"
UPDATED TERRAIN MODULE Ground_5_3 2048
19:41:32 | INFO: Starting glTF 2.0 export
19:41:32 | INFO: Extracting primitive: Ground_6_3Geometry
19:41:32 | INFO: Primitives created: 1
19:41:32 | INFO: Finished glTF 2.0 export in 0.009530782699584961 s

Info: Saved as "Ground_6_3.blend"
UPDATED TERRAIN MODULE Ground_6_3 2048
19:41:33 | INFO: Starting glTF 2.0 export
19:41:33 | INFO: Extracting primitive: Ground_-6_4Geometry
19:41:33 | INFO: Primitives created: 1
19:41:33 | INFO: Finished glTF 2.0 export in 0.010497331619262695 s

Info: Saved as "Ground_-6_4.blend"
UPDATED TERRAIN MODULE Ground_-6_4 2048
19:41:33 | INFO: Starting glTF 2.0 export
19:41:33 | INFO: Extracting primitive: Ground_-5_4Geometry
19:41:33 | INFO: Primitives created: 1
19:41:33 | INFO: Finished glTF 2.0 export in 0.00997304916381836 s

Info: Saved as "Ground_-5_4.blend"
UPDATED TERRAIN MODULE Ground_-5_4 2048
19:41:34 | INFO: Starting glTF 2.0 export
19:41:34 | INFO: Extracting primitive: Ground_-4_4Geometry
19:41:34 | INFO: Primitives created: 1
19:41:34 | INFO: Finished glTF 2.0 export in 0.009483098983764648 s

Info: Saved as "Ground_-4_4.blend"
UPDATED TERRAIN MODULE Ground_-4_4 2048
19:41:34 | INFO: Starting glTF 2.0 export
19:41:34 | INFO: Extracting primitive: Ground_-3_4Geometry
19:41:34 | INFO: Primitives created: 1
19:41:34 | INFO: Finished glTF 2.0 export in 0.07170987129211426 s

Info: Saved as "Ground_-3_4.blend"
UPDATED TERRAIN MODULE Ground_-3_4 2886
19:41:35 | INFO: Starting glTF 2.0 export
19:41:35 | INFO: Extracting primitive: Ground_-2_4Geometry
19:41:35 | INFO: Primitives created: 1
19:41:35 | INFO: Finished glTF 2.0 export in 0.014392614364624023 s

Info: Saved as "Ground_-2_4.blend"
UPDATED TERRAIN MODULE Ground_-2_4 2048
19:41:35 | INFO: Starting glTF 2.0 export
19:41:35 | INFO: Extracting primitive: Ground_-1_4Geometry
19:41:35 | INFO: Primitives created: 1
19:41:35 | INFO: Finished glTF 2.0 export in 0.014961004257202148 s

Info: Saved as "Ground_-1_4.blend"
UPDATED TERRAIN MODULE Ground_-1_4 2048
19:41:36 | INFO: Starting glTF 2.0 export
19:41:36 | INFO: Extracting primitive: Ground_0_4Geometry
19:41:36 | INFO: Primitives created: 1
19:41:36 | INFO: Finished glTF 2.0 export in 0.067840576171875 s

Info: Saved as "Ground_0_4.blend"
UPDATED TERRAIN MODULE Ground_0_4 2048
19:41:36 | INFO: Starting glTF 2.0 export
19:41:36 | INFO: Extracting primitive: Ground_1_4Geometry
19:41:36 | INFO: Primitives created: 1
19:41:36 | INFO: Finished glTF 2.0 export in 0.009973526000976562 s

Info: Saved as "Ground_1_4.blend"
UPDATED TERRAIN MODULE Ground_1_4 2048
19:41:37 | INFO: Starting glTF 2.0 export
19:41:37 | INFO: Extracting primitive: Ground_2_4Geometry
19:41:37 | INFO: Primitives created: 1
19:41:37 | INFO: Finished glTF 2.0 export in 0.011988162994384766 s

Info: Saved as "Ground_2_4.blend"
UPDATED TERRAIN MODULE Ground_2_4 2048
19:41:37 | INFO: Starting glTF 2.0 export
19:41:37 | INFO: Extracting primitive: Ground_3_4Geometry
19:41:37 | INFO: Primitives created: 1
19:41:37 | INFO: Finished glTF 2.0 export in 0.016953706741333008 s

Info: Saved as "Ground_3_4.blend"
UPDATED TERRAIN MODULE Ground_3_4 2048
19:41:38 | INFO: Starting glTF 2.0 export
19:41:38 | INFO: Extracting primitive: Ground_4_4Geometry
19:41:38 | INFO: Primitives created: 1
19:41:38 | INFO: Finished glTF 2.0 export in 0.05477738380432129 s

Info: Saved as "Ground_4_4.blend"
UPDATED TERRAIN MODULE Ground_4_4 2048
19:41:38 | INFO: Starting glTF 2.0 export
19:41:38 | INFO: Extracting primitive: Ground_5_4Geometry
19:41:38 | INFO: Primitives created: 1
19:41:38 | INFO: Finished glTF 2.0 export in 0.010970592498779297 s

Info: Saved as "Ground_5_4.blend"
UPDATED TERRAIN MODULE Ground_5_4 2048
19:41:39 | INFO: Starting glTF 2.0 export
19:41:39 | INFO: Extracting primitive: Ground_6_4Geometry
19:41:39 | INFO: Primitives created: 1
19:41:39 | INFO: Finished glTF 2.0 export in 0.021939992904663086 s

Info: Saved as "Ground_6_4.blend"
UPDATED TERRAIN MODULE Ground_6_4 2048
19:41:40 | INFO: Starting glTF 2.0 export
19:41:40 | INFO: Extracting primitive: Ground_-6_5Geometry
19:41:40 | INFO: Primitives created: 1
19:41:40 | INFO: Finished glTF 2.0 export in 0.035498619079589844 s

Info: Saved as "Ground_-6_5.blend"
UPDATED TERRAIN MODULE Ground_-6_5 2048
19:41:40 | INFO: Starting glTF 2.0 export
19:41:40 | INFO: Extracting primitive: Ground_-5_5Geometry
19:41:40 | INFO: Primitives created: 1
19:41:40 | INFO: Finished glTF 2.0 export in 0.009972810745239258 s

Info: Saved as "Ground_-5_5.blend"
UPDATED TERRAIN MODULE Ground_-5_5 2048
19:41:41 | INFO: Starting glTF 2.0 export
19:41:41 | INFO: Extracting primitive: Ground_-4_5Geometry
19:41:41 | INFO: Primitives created: 1
19:41:41 | INFO: Finished glTF 2.0 export in 0.02495574951171875 s

Info: Saved as "Ground_-4_5.blend"
UPDATED TERRAIN MODULE Ground_-4_5 2048
19:41:42 | INFO: Starting glTF 2.0 export
19:41:42 | INFO: Extracting primitive: Ground_-3_5Geometry
19:41:42 | INFO: Primitives created: 1
19:41:42 | INFO: Finished glTF 2.0 export in 0.016993999481201172 s

Info: Saved as "Ground_-3_5.blend"
UPDATED TERRAIN MODULE Ground_-3_5 2840
19:41:42 | INFO: Starting glTF 2.0 export
19:41:42 | INFO: Extracting primitive: Ground_-2_5Geometry
19:41:42 | INFO: Primitives created: 1
19:41:42 | INFO: Finished glTF 2.0 export in 0.014960527420043945 s

Info: Saved as "Ground_-2_5.blend"
UPDATED TERRAIN MODULE Ground_-2_5 2048
19:41:43 | INFO: Starting glTF 2.0 export
19:41:43 | INFO: Extracting primitive: Ground_-1_5Geometry
19:41:43 | INFO: Primitives created: 1
19:41:43 | INFO: Finished glTF 2.0 export in 0.06485486030578613 s

Info: Saved as "Ground_-1_5.blend"
UPDATED TERRAIN MODULE Ground_-1_5 2048
19:41:44 | INFO: Starting glTF 2.0 export
19:41:44 | INFO: Extracting primitive: Ground_0_5Geometry
19:41:44 | INFO: Primitives created: 1
19:41:44 | INFO: Finished glTF 2.0 export in 0.0453953742980957 s

Info: Saved as "Ground_0_5.blend"
UPDATED TERRAIN MODULE Ground_0_5 2048
19:41:44 | INFO: Starting glTF 2.0 export
19:41:44 | INFO: Extracting primitive: Ground_1_5Geometry
19:41:45 | INFO: Primitives created: 1
19:41:45 | INFO: Finished glTF 2.0 export in 0.0438840389251709 s

Info: Saved as "Ground_1_5.blend"
UPDATED TERRAIN MODULE Ground_1_5 2048
19:41:45 | INFO: Starting glTF 2.0 export
19:41:45 | INFO: Extracting primitive: Ground_2_5Geometry
19:41:45 | INFO: Primitives created: 1
19:41:45 | INFO: Finished glTF 2.0 export in 0.01595759391784668 s

Info: Saved as "Ground_2_5.blend"
UPDATED TERRAIN MODULE Ground_2_5 2048
19:41:46 | INFO: Starting glTF 2.0 export
19:41:46 | INFO: Extracting primitive: Ground_3_5Geometry
19:41:46 | INFO: Primitives created: 1
19:41:46 | INFO: Finished glTF 2.0 export in 0.06191515922546387 s

Info: Saved as "Ground_3_5.blend"
UPDATED TERRAIN MODULE Ground_3_5 2048
19:41:47 | INFO: Starting glTF 2.0 export
19:41:47 | INFO: Extracting primitive: Ground_4_5Geometry
19:41:47 | INFO: Primitives created: 1
19:41:47 | INFO: Finished glTF 2.0 export in 0.015958070755004883 s

Info: Saved as "Ground_4_5.blend"
UPDATED TERRAIN MODULE Ground_4_5 2048
19:41:48 | INFO: Starting glTF 2.0 export
19:41:48 | INFO: Extracting primitive: Ground_5_5Geometry
19:41:48 | INFO: Primitives created: 1
19:41:48 | INFO: Finished glTF 2.0 export in 0.05835437774658203 s

Info: Saved as "Ground_5_5.blend"
UPDATED TERRAIN MODULE Ground_5_5 2048
19:41:49 | INFO: Starting glTF 2.0 export
19:41:49 | INFO: Extracting primitive: Ground_6_5Geometry
19:41:49 | INFO: Primitives created: 1
19:41:49 | INFO: Finished glTF 2.0 export in 0.009967803955078125 s

Info: Saved as "Ground_6_5.blend"
UPDATED TERRAIN MODULE Ground_6_5 2048
Blender 4.5.0 (hash 8cb6b388974a built 2025-07-15 01:36:24)

Blender quit
