INFO Draco mesh compression is available, use library at D:\test6\.tools\blender\blender-4.5.0-windows-x64\4.5\scripts\addons_core\io_scene_gltf2\extern_draco.dll
20:14:16 | INFO: Starting glTF 2.0 export
20:14:16 | INFO: Extracting primitive: cliff_crownGeometry
20:14:16 | INFO: Primitives created: 1
20:14:16 | INFO: Finished glTF 2.0 export in 0.019947052001953125 s

Info: Saved as "cliff_crown.blend"
CLOSED CLIFF MODULE cliff_crown 26 48 197648.29808285699
20:14:16 | INFO: Starting glTF 2.0 export
20:14:16 | INFO: Extracting primitive: cliff_western_slabGeometry
20:14:16 | INFO: Primitives created: 1
20:14:16 | INFO: Finished glTF 2.0 export in 0.007978677749633789 s

Info: Saved as "cliff_western_slab.blend"
CLOSED CLIFF MODULE cliff_western_slab 24 44 90712.0316060319
20:14:16 | INFO: Starting glTF 2.0 export
20:14:16 | INFO: Extracting primitive: cliff_front_columnsGeometry
20:14:16 | INFO: Primitives created: 1
20:14:16 | INFO: Finished glTF 2.0 export in 0.005466461181640625 s

Info: Saved as "cliff_front_columns.blend"
CLOSED CLIFF MODULE cliff_front_columns 24 44 52858.76385387832
20:14:16 | INFO: Starting glTF 2.0 export
20:14:16 | INFO: Extracting primitive: cliff_eastern_plateauGeometry
20:14:16 | INFO: Primitives created: 1
20:14:16 | INFO: Finished glTF 2.0 export in 0.0063326358795166016 s

Info: Saved as "cliff_eastern_plateau.blend"
CLOSED CLIFF MODULE cliff_eastern_plateau 25 46 216135.98467821488
20:14:16 | INFO: Starting glTF 2.0 export
20:14:16 | INFO: Extracting primitive: cliff_shadow_buttressGeometry
20:14:16 | INFO: Primitives created: 1
20:14:16 | INFO: Finished glTF 2.0 export in 0.003989696502685547 s

Info: Saved as "cliff_shadow_buttress.blend"
CLOSED CLIFF MODULE cliff_shadow_buttress 19 34 104671.68215594809
20:14:16 | INFO: Starting glTF 2.0 export
20:14:16 | INFO: Extracting primitive: cliff_central_wallGeometry
20:14:16 | INFO: Primitives created: 1
20:14:16 | INFO: Finished glTF 2.0 export in 0.005789518356323242 s

Info: Saved as "cliff_central_wall.blend"
CLOSED CLIFF MODULE cliff_central_wall 18 32 50217.21754010068
Blender 4.5.0 (hash 8cb6b388974a built 2025-07-15 01:36:24)

Blender quit
