INFO Draco mesh compression is available, use library at D:\test6\.tools\blender\blender-4.5.0-windows-x64\4.5\scripts\addons_core\io_scene_gltf2\extern_draco.dll
21:25:45 | INFO: Starting glTF 2.0 export
21:25:45 | INFO: Extracting primitive: massif_frost_crownGeometry
21:25:45 | INFO: Primitives created: 1
21:25:46 | INFO: Finished glTF 2.0 export in 0.047007083892822266 s

Info: Saved as "massif_frost_crown.blend"
COMPLETE ALPINE MODULE massif_frost_crown 65 126
21:25:46 | INFO: Starting glTF 2.0 export
21:25:46 | INFO: Extracting primitive: massif_west_summitGeometry
21:25:46 | INFO: Primitives created: 1
21:25:46 | INFO: Finished glTF 2.0 export in 0.004986763000488281 s

Info: Saved as "massif_west_summit.blend"
COMPLETE ALPINE MODULE massif_west_summit 65 126
21:25:46 | INFO: Starting glTF 2.0 export
21:25:46 | INFO: Extracting primitive: massif_needle_ridgeGeometry
21:25:46 | INFO: Primitives created: 1
21:25:46 | INFO: Finished glTF 2.0 export in 0.05020475387573242 s

Info: Saved as "massif_needle_ridge.blend"
COMPLETE ALPINE MODULE massif_needle_ridge 65 126
21:25:46 | INFO: Starting glTF 2.0 export
21:25:46 | INFO: Extracting primitive: massif_east_summitGeometry
21:25:46 | INFO: Primitives created: 1
21:25:46 | INFO: Finished glTF 2.0 export in 0.010700702667236328 s

Info: Saved as "massif_east_summit.blend"
COMPLETE ALPINE MODULE massif_east_summit 65 126
21:25:46 | INFO: Starting glTF 2.0 export
21:25:46 | INFO: Extracting primitive: massif_east_spurGeometry
21:25:46 | INFO: Primitives created: 1
21:25:46 | INFO: Finished glTF 2.0 export in 0.007977008819580078 s

Info: Saved as "massif_east_spur.blend"
COMPLETE ALPINE MODULE massif_east_spur 67 130
21:25:46 | INFO: Starting glTF 2.0 export
21:25:46 | INFO: Extracting primitive: massif_west_spurGeometry
21:25:46 | INFO: Primitives created: 1
21:25:46 | INFO: Finished glTF 2.0 export in 0.010969161987304688 s

Info: Saved as "massif_west_spur.blend"
COMPLETE ALPINE MODULE massif_west_spur 65 126
21:25:46 | INFO: Starting glTF 2.0 export
21:25:46 | INFO: Extracting primitive: massif_cirque_wallGeometry
21:25:46 | INFO: Primitives created: 1
21:25:46 | INFO: Finished glTF 2.0 export in 0.020586729049682617 s

Info: Saved as "massif_cirque_wall.blend"
COMPLETE ALPINE MODULE massif_cirque_wall 65 126
21:25:46 | INFO: Starting glTF 2.0 export
21:25:46 | INFO: Extracting primitive: massif_east_foothillGeometry
21:25:46 | INFO: Primitives created: 1
21:25:46 | INFO: Finished glTF 2.0 export in 0.010235309600830078 s

Info: Saved as "massif_east_foothill.blend"
COMPLETE ALPINE MODULE massif_east_foothill 66 128
21:25:46 | INFO: Starting glTF 2.0 export
21:25:46 | INFO: Extracting primitive: massif_blue_buttressGeometry
21:25:46 | INFO: Primitives created: 1
21:25:46 | INFO: Finished glTF 2.0 export in 0.024569988250732422 s

Info: Saved as "massif_blue_buttress.blend"
COMPLETE ALPINE MODULE massif_blue_buttress 65 126
21:25:46 | INFO: Starting glTF 2.0 export
21:25:46 | INFO: Extracting primitive: massif_valley_guardGeometry
21:25:46 | INFO: Primitives created: 1
21:25:46 | INFO: Finished glTF 2.0 export in 0.015478134155273438 s

Info: Saved as "massif_valley_guard.blend"
COMPLETE ALPINE MODULE massif_valley_guard 65 126
21:25:46 | INFO: Starting glTF 2.0 export
21:25:46 | INFO: Extracting primitive: massif_west_foothillGeometry
21:25:46 | INFO: Primitives created: 1
21:25:46 | INFO: Finished glTF 2.0 export in 0.01218557357788086 s

Info: Saved as "massif_west_foothill.blend"
COMPLETE ALPINE MODULE massif_west_foothill 65 126
Blender 4.5.0 (hash 8cb6b388974a built 2025-07-15 01:36:24)

Blender quit
