INFO Draco mesh compression is available, use library at D:\test6\.tools\blender\blender-4.5.0-windows-x64\4.5\scripts\addons_core\io_scene_gltf2\extern_draco.dll
20:26:21 | INFO: Starting glTF 2.0 export
20:26:21 | INFO: Extracting primitive: massif_frost_crownGeometry
20:26:21 | INFO: Primitives created: 1
20:26:21 | INFO: Finished glTF 2.0 export in 0.00798177719116211 s

Info: Saved as "massif_frost_crown.blend"
COMPLETE ALPINE MODULE massif_frost_crown 61 118
20:26:21 | INFO: Starting glTF 2.0 export
20:26:21 | INFO: Extracting primitive: massif_west_summitGeometry
20:26:21 | INFO: Primitives created: 1
20:26:21 | INFO: Finished glTF 2.0 export in 0.01013946533203125 s

Info: Saved as "massif_west_summit.blend"
COMPLETE ALPINE MODULE massif_west_summit 67 130
20:26:21 | INFO: Starting glTF 2.0 export
20:26:21 | INFO: Extracting primitive: massif_needle_ridgeGeometry
20:26:21 | INFO: Primitives created: 1
20:26:21 | INFO: Finished glTF 2.0 export in 0.007576704025268555 s

Info: Saved as "massif_needle_ridge.blend"
COMPLETE ALPINE MODULE massif_needle_ridge 73 142
20:26:21 | INFO: Starting glTF 2.0 export
20:26:21 | INFO: Extracting primitive: massif_east_summitGeometry
20:26:21 | INFO: Primitives created: 1
20:26:21 | INFO: Finished glTF 2.0 export in 0.0071337223052978516 s

Info: Saved as "massif_east_summit.blend"
COMPLETE ALPINE MODULE massif_east_summit 61 118
20:26:21 | INFO: Starting glTF 2.0 export
20:26:21 | INFO: Extracting primitive: massif_east_spurGeometry
20:26:21 | INFO: Primitives created: 1
20:26:21 | INFO: Finished glTF 2.0 export in 0.005021095275878906 s

Info: Saved as "massif_east_spur.blend"
COMPLETE ALPINE MODULE massif_east_spur 67 130
20:26:21 | INFO: Starting glTF 2.0 export
20:26:21 | INFO: Extracting primitive: massif_west_spurGeometry
20:26:21 | INFO: Primitives created: 1
20:26:21 | INFO: Finished glTF 2.0 export in 0.004987239837646484 s

Info: Saved as "massif_west_spur.blend"
COMPLETE ALPINE MODULE massif_west_spur 73 142
20:26:21 | INFO: Starting glTF 2.0 export
20:26:21 | INFO: Extracting primitive: massif_cirque_wallGeometry
20:26:21 | INFO: Primitives created: 1
20:26:21 | INFO: Finished glTF 2.0 export in 0.003989696502685547 s

Info: Saved as "massif_cirque_wall.blend"
COMPLETE ALPINE MODULE massif_cirque_wall 61 118
20:26:21 | INFO: Starting glTF 2.0 export
20:26:21 | INFO: Extracting primitive: massif_east_foothillGeometry
20:26:21 | INFO: Primitives created: 1
20:26:21 | INFO: Finished glTF 2.0 export in 0.0041234493255615234 s

Info: Saved as "massif_east_foothill.blend"
COMPLETE ALPINE MODULE massif_east_foothill 67 130
20:26:21 | INFO: Starting glTF 2.0 export
20:26:21 | INFO: Extracting primitive: massif_blue_buttressGeometry
20:26:21 | INFO: Primitives created: 1
20:26:21 | INFO: Finished glTF 2.0 export in 0.047876834869384766 s

Info: Saved as "massif_blue_buttress.blend"
COMPLETE ALPINE MODULE massif_blue_buttress 73 142
20:26:21 | INFO: Starting glTF 2.0 export
20:26:21 | INFO: Extracting primitive: massif_valley_guardGeometry
20:26:21 | INFO: Primitives created: 1
20:26:21 | INFO: Finished glTF 2.0 export in 0.013962745666503906 s

Info: Saved as "massif_valley_guard.blend"
COMPLETE ALPINE MODULE massif_valley_guard 61 118
20:26:21 | INFO: Starting glTF 2.0 export
20:26:21 | INFO: Extracting primitive: massif_west_foothillGeometry
20:26:21 | INFO: Primitives created: 1
20:26:21 | INFO: Finished glTF 2.0 export in 0.010203123092651367 s

Info: Saved as "massif_west_foothill.blend"
COMPLETE ALPINE MODULE massif_west_foothill 67 130
Blender 4.5.0 (hash 8cb6b388974a built 2025-07-15 01:36:24)

Blender quit
