INFO Draco mesh compression is available, use library at D:\test6\.tools\blender\blender-4.5.0-windows-x64\4.5\scripts\addons_core\io_scene_gltf2\extern_draco.dll
18:53:30 | INFO: Starting glTF 2.0 export
18:53:30 | INFO: Extracting primitive: Ground_-6_-10Geometry
18:53:30 | INFO: Primitives created: 1
18:53:30 | INFO: Finished glTF 2.0 export in 0.009653329849243164 s

Info: Saved as "Ground_-6_-10.blend"
UPDATED TERRAIN MODULE Ground_-6_-10 2048
18:53:30 | INFO: Starting glTF 2.0 export
18:53:30 | INFO: Extracting primitive: Ground_-5_-10Geometry
18:53:30 | INFO: Primitives created: 1
18:53:30 | INFO: Finished glTF 2.0 export in 0.006980180740356445 s

Info: Saved as "Ground_-5_-10.blend"
UPDATED TERRAIN MODULE Ground_-5_-10 2048
18:53:30 | INFO: Starting glTF 2.0 export
18:53:30 | INFO: Extracting primitive: Ground_-4_-10Geometry
18:53:30 | INFO: Primitives created: 1
18:53:30 | INFO: Finished glTF 2.0 export in 0.009974002838134766 s

Info: Saved as "Ground_-4_-10.blend"
UPDATED TERRAIN MODULE Ground_-4_-10 2048
18:53:31 | INFO: Starting glTF 2.0 export
18:53:31 | INFO: Extracting primitive: Ground_-3_-10Geometry
18:53:31 | INFO: Primitives created: 1
18:53:31 | INFO: Finished glTF 2.0 export in 0.011046648025512695 s

Info: Saved as "Ground_-3_-10.blend"
UPDATED TERRAIN MODULE Ground_-3_-10 2048
18:53:31 | INFO: Starting glTF 2.0 export
18:53:31 | INFO: Extracting primitive: Ground_-2_-10Geometry
18:53:31 | INFO: Primitives created: 1
18:53:31 | INFO: Finished glTF 2.0 export in 0.009345769882202148 s

Info: Saved as "Ground_-2_-10.blend"
UPDATED TERRAIN MODULE Ground_-2_-10 2048
18:53:31 | INFO: Starting glTF 2.0 export
18:53:31 | INFO: Extracting primitive: Ground_-1_-10Geometry
18:53:31 | INFO: Primitives created: 1
18:53:31 | INFO: Finished glTF 2.0 export in 0.006983280181884766 s

Info: Saved as "Ground_-1_-10.blend"
UPDATED TERRAIN MODULE Ground_-1_-10 2048
18:53:31 | INFO: Starting glTF 2.0 export
18:53:31 | INFO: Extracting primitive: Ground_0_-10Geometry
18:53:31 | INFO: Primitives created: 1
18:53:31 | INFO: Finished glTF 2.0 export in 0.007980823516845703 s

Info: Saved as "Ground_0_-10.blend"
UPDATED TERRAIN MODULE Ground_0_-10 2048
18:53:32 | INFO: Starting glTF 2.0 export
18:53:32 | INFO: Extracting primitive: Ground_1_-10Geometry
18:53:32 | INFO: Primitives created: 1
18:53:32 | INFO: Finished glTF 2.0 export in 0.008988142013549805 s

Info: Saved as "Ground_1_-10.blend"
UPDATED TERRAIN MODULE Ground_1_-10 2048
18:53:32 | INFO: Starting glTF 2.0 export
18:53:32 | INFO: Extracting primitive: Ground_2_-10Geometry
18:53:32 | INFO: Primitives created: 1
18:53:32 | INFO: Finished glTF 2.0 export in 0.007980585098266602 s

Info: Saved as "Ground_2_-10.blend"
UPDATED TERRAIN MODULE Ground_2_-10 2048
18:53:32 | INFO: Starting glTF 2.0 export
18:53:32 | INFO: Extracting primitive: Ground_3_-10Geometry
18:53:32 | INFO: Primitives created: 1
18:53:32 | INFO: Finished glTF 2.0 export in 0.007915258407592773 s

Info: Saved as "Ground_3_-10.blend"
UPDATED TERRAIN MODULE Ground_3_-10 2048
18:53:32 | INFO: Starting glTF 2.0 export
18:53:32 | INFO: Extracting primitive: Ground_4_-10Geometry
18:53:32 | INFO: Primitives created: 1
18:53:32 | INFO: Finished glTF 2.0 export in 0.012967109680175781 s

Info: Saved as "Ground_4_-10.blend"
UPDATED TERRAIN MODULE Ground_4_-10 2048
18:53:33 | INFO: Starting glTF 2.0 export
18:53:33 | INFO: Extracting primitive: Ground_5_-10Geometry
18:53:33 | INFO: Primitives created: 1
18:53:33 | INFO: Finished glTF 2.0 export in 0.038668155670166016 s

Info: Saved as "Ground_5_-10.blend"
UPDATED TERRAIN MODULE Ground_5_-10 2048
18:53:33 | INFO: Starting glTF 2.0 export
18:53:33 | INFO: Extracting primitive: Ground_6_-10Geometry
18:53:33 | INFO: Primitives created: 1
18:53:33 | INFO: Finished glTF 2.0 export in 0.011966466903686523 s

Info: Saved as "Ground_6_-10.blend"
UPDATED TERRAIN MODULE Ground_6_-10 2048
18:53:33 | INFO: Starting glTF 2.0 export
18:53:33 | INFO: Extracting primitive: Ground_-6_-9Geometry
18:53:33 | INFO: Primitives created: 1
18:53:33 | INFO: Finished glTF 2.0 export in 0.007964372634887695 s

Info: Saved as "Ground_-6_-9.blend"
UPDATED TERRAIN MODULE Ground_-6_-9 2048
18:53:33 | INFO: Starting glTF 2.0 export
18:53:33 | INFO: Extracting primitive: Ground_-5_-9Geometry
18:53:33 | INFO: Primitives created: 1
18:53:33 | INFO: Finished glTF 2.0 export in 0.014125347137451172 s

Info: Saved as "Ground_-5_-9.blend"
UPDATED TERRAIN MODULE Ground_-5_-9 2048
18:53:34 | INFO: Starting glTF 2.0 export
18:53:34 | INFO: Extracting primitive: Ground_-4_-9Geometry
18:53:34 | INFO: Primitives created: 1
18:53:34 | INFO: Finished glTF 2.0 export in 0.007984638214111328 s

Info: Saved as "Ground_-4_-9.blend"
UPDATED TERRAIN MODULE Ground_-4_-9 2048
18:53:34 | INFO: Starting glTF 2.0 export
18:53:34 | INFO: Extracting primitive: Ground_-3_-9Geometry
18:53:34 | INFO: Primitives created: 1
18:53:34 | INFO: Finished glTF 2.0 export in 0.0069239139556884766 s

Info: Saved as "Ground_-3_-9.blend"
UPDATED TERRAIN MODULE Ground_-3_-9 2048
18:53:34 | INFO: Starting glTF 2.0 export
18:53:34 | INFO: Extracting primitive: Ground_-2_-9Geometry
18:53:34 | INFO: Primitives created: 1
18:53:34 | INFO: Finished glTF 2.0 export in 0.01101064682006836 s

Info: Saved as "Ground_-2_-9.blend"
UPDATED TERRAIN MODULE Ground_-2_-9 2048
18:53:34 | INFO: Starting glTF 2.0 export
18:53:34 | INFO: Extracting primitive: Ground_-1_-9Geometry
18:53:34 | INFO: Primitives created: 1
18:53:34 | INFO: Finished glTF 2.0 export in 0.0074329376220703125 s

Info: Saved as "Ground_-1_-9.blend"
UPDATED TERRAIN MODULE Ground_-1_-9 2048
18:53:34 | INFO: Starting glTF 2.0 export
18:53:34 | INFO: Extracting primitive: Ground_0_-9Geometry
18:53:34 | INFO: Primitives created: 1
18:53:34 | INFO: Finished glTF 2.0 export in 0.010717153549194336 s

Info: Saved as "Ground_0_-9.blend"
UPDATED TERRAIN MODULE Ground_0_-9 2048
18:53:34 | INFO: Starting glTF 2.0 export
18:53:34 | INFO: Extracting primitive: Ground_1_-9Geometry
18:53:34 | INFO: Primitives created: 1
18:53:34 | INFO: Finished glTF 2.0 export in 0.008975028991699219 s

Info: Saved as "Ground_1_-9.blend"
UPDATED TERRAIN MODULE Ground_1_-9 2048
18:53:34 | INFO: Starting glTF 2.0 export
18:53:34 | INFO: Extracting primitive: Ground_2_-9Geometry
18:53:34 | INFO: Primitives created: 1
18:53:34 | INFO: Finished glTF 2.0 export in 0.009222984313964844 s

Info: Saved as "Ground_2_-9.blend"
UPDATED TERRAIN MODULE Ground_2_-9 2048
18:53:34 | INFO: Starting glTF 2.0 export
18:53:34 | INFO: Extracting primitive: Ground_3_-9Geometry
18:53:34 | INFO: Primitives created: 1
18:53:34 | INFO: Finished glTF 2.0 export in 0.007979154586791992 s

Info: Saved as "Ground_3_-9.blend"
UPDATED TERRAIN MODULE Ground_3_-9 2048
18:53:34 | INFO: Starting glTF 2.0 export
18:53:34 | INFO: Extracting primitive: Ground_4_-9Geometry
18:53:34 | INFO: Primitives created: 1
18:53:34 | INFO: Finished glTF 2.0 export in 0.009794473648071289 s

Info: Saved as "Ground_4_-9.blend"
UPDATED TERRAIN MODULE Ground_4_-9 2048
18:53:35 | INFO: Starting glTF 2.0 export
18:53:35 | INFO: Extracting primitive: Ground_5_-9Geometry
18:53:35 | INFO: Primitives created: 1
18:53:35 | INFO: Finished glTF 2.0 export in 0.010968208312988281 s

Info: Saved as "Ground_5_-9.blend"
UPDATED TERRAIN MODULE Ground_5_-9 2048
18:53:35 | INFO: Starting glTF 2.0 export
18:53:35 | INFO: Extracting primitive: Ground_6_-9Geometry
18:53:35 | INFO: Primitives created: 1
18:53:35 | INFO: Finished glTF 2.0 export in 0.005983829498291016 s

Info: Saved as "Ground_6_-9.blend"
UPDATED TERRAIN MODULE Ground_6_-9 2048
18:53:35 | INFO: Starting glTF 2.0 export
18:53:35 | INFO: Extracting primitive: Ground_-6_-8Geometry
18:53:35 | INFO: Primitives created: 1
18:53:35 | INFO: Finished glTF 2.0 export in 0.01020669937133789 s

Info: Saved as "Ground_-6_-8.blend"
UPDATED TERRAIN MODULE Ground_-6_-8 2586
18:53:35 | INFO: Starting glTF 2.0 export
18:53:35 | INFO: Extracting primitive: Ground_-5_-8Geometry
18:53:35 | INFO: Primitives created: 1
18:53:35 | INFO: Finished glTF 2.0 export in 0.007491588592529297 s

Info: Saved as "Ground_-5_-8.blend"
UPDATED TERRAIN MODULE Ground_-5_-8 2048
18:53:35 | INFO: Starting glTF 2.0 export
18:53:35 | INFO: Extracting primitive: Ground_-4_-8Geometry
18:53:35 | INFO: Primitives created: 1
18:53:35 | INFO: Finished glTF 2.0 export in 0.007122516632080078 s

Info: Saved as "Ground_-4_-8.blend"
UPDATED TERRAIN MODULE Ground_-4_-8 2048
18:53:35 | INFO: Starting glTF 2.0 export
18:53:35 | INFO: Extracting primitive: Ground_-3_-8Geometry
18:53:35 | INFO: Primitives created: 1
18:53:35 | INFO: Finished glTF 2.0 export in 0.007984638214111328 s

Info: Saved as "Ground_-3_-8.blend"
UPDATED TERRAIN MODULE Ground_-3_-8 2048
18:53:36 | INFO: Starting glTF 2.0 export
18:53:36 | INFO: Extracting primitive: Ground_-2_-8Geometry
18:53:36 | INFO: Primitives created: 1
18:53:36 | INFO: Finished glTF 2.0 export in 0.0139312744140625 s

Info: Saved as "Ground_-2_-8.blend"
UPDATED TERRAIN MODULE Ground_-2_-8 2048
18:53:36 | INFO: Starting glTF 2.0 export
18:53:36 | INFO: Extracting primitive: Ground_-1_-8Geometry
18:53:36 | INFO: Primitives created: 1
18:53:36 | INFO: Finished glTF 2.0 export in 0.009974241256713867 s

Info: Saved as "Ground_-1_-8.blend"
UPDATED TERRAIN MODULE Ground_-1_-8 2048
18:53:36 | INFO: Starting glTF 2.0 export
18:53:36 | INFO: Extracting primitive: Ground_0_-8Geometry
18:53:36 | INFO: Primitives created: 1
18:53:36 | INFO: Finished glTF 2.0 export in 0.008982658386230469 s

Info: Saved as "Ground_0_-8.blend"
UPDATED TERRAIN MODULE Ground_0_-8 2048
18:53:36 | INFO: Starting glTF 2.0 export
18:53:36 | INFO: Extracting primitive: Ground_1_-8Geometry
18:53:36 | INFO: Primitives created: 1
18:53:36 | INFO: Finished glTF 2.0 export in 0.008976936340332031 s

Info: Saved as "Ground_1_-8.blend"
UPDATED TERRAIN MODULE Ground_1_-8 2048
18:53:36 | INFO: Starting glTF 2.0 export
18:53:36 | INFO: Extracting primitive: Ground_2_-8Geometry
18:53:36 | INFO: Primitives created: 1
18:53:36 | INFO: Finished glTF 2.0 export in 0.01031351089477539 s

Info: Saved as "Ground_2_-8.blend"
UPDATED TERRAIN MODULE Ground_2_-8 2048
18:53:36 | INFO: Starting glTF 2.0 export
18:53:36 | INFO: Extracting primitive: Ground_3_-8Geometry
18:53:36 | INFO: Primitives created: 1
18:53:36 | INFO: Finished glTF 2.0 export in 0.00798177719116211 s

Info: Saved as "Ground_3_-8.blend"
UPDATED TERRAIN MODULE Ground_3_-8 2048
18:53:36 | INFO: Starting glTF 2.0 export
18:53:36 | INFO: Extracting primitive: Ground_4_-8Geometry
18:53:36 | INFO: Primitives created: 1
18:53:36 | INFO: Finished glTF 2.0 export in 0.00798177719116211 s

Info: Saved as "Ground_4_-8.blend"
UPDATED TERRAIN MODULE Ground_4_-8 2048
18:53:36 | INFO: Starting glTF 2.0 export
18:53:36 | INFO: Extracting primitive: Ground_5_-8Geometry
18:53:36 | INFO: Primitives created: 1
18:53:36 | INFO: Finished glTF 2.0 export in 0.009973764419555664 s

Info: Saved as "Ground_5_-8.blend"
UPDATED TERRAIN MODULE Ground_5_-8 2048
18:53:37 | INFO: Starting glTF 2.0 export
18:53:37 | INFO: Extracting primitive: Ground_6_-8Geometry
18:53:37 | INFO: Primitives created: 1
18:53:37 | INFO: Finished glTF 2.0 export in 0.008977413177490234 s

Info: Saved as "Ground_6_-8.blend"
UPDATED TERRAIN MODULE Ground_6_-8 2048
18:53:37 | INFO: Starting glTF 2.0 export
18:53:37 | INFO: Extracting primitive: Ground_-6_-7Geometry
18:53:37 | INFO: Primitives created: 1
18:53:37 | INFO: Finished glTF 2.0 export in 0.011931419372558594 s

Info: Saved as "Ground_-6_-7.blend"
UPDATED TERRAIN MODULE Ground_-6_-7 2942
18:53:37 | INFO: Starting glTF 2.0 export
18:53:37 | INFO: Extracting primitive: Ground_-5_-7Geometry
18:53:37 | INFO: Primitives created: 1
18:53:37 | INFO: Finished glTF 2.0 export in 0.00624394416809082 s

Info: Saved as "Ground_-5_-7.blend"
UPDATED TERRAIN MODULE Ground_-5_-7 2048
18:53:37 | INFO: Starting glTF 2.0 export
18:53:37 | INFO: Extracting primitive: Ground_-4_-7Geometry
18:53:37 | INFO: Primitives created: 1
18:53:37 | INFO: Finished glTF 2.0 export in 0.005983829498291016 s

Info: Saved as "Ground_-4_-7.blend"
UPDATED TERRAIN MODULE Ground_-4_-7 2048
18:53:37 | INFO: Starting glTF 2.0 export
18:53:37 | INFO: Extracting primitive: Ground_-3_-7Geometry
18:53:37 | INFO: Primitives created: 1
18:53:37 | INFO: Finished glTF 2.0 export in 0.011478185653686523 s

Info: Saved as "Ground_-3_-7.blend"
UPDATED TERRAIN MODULE Ground_-3_-7 2048
18:53:37 | INFO: Starting glTF 2.0 export
18:53:37 | INFO: Extracting primitive: Ground_-2_-7Geometry
18:53:37 | INFO: Primitives created: 1
18:53:37 | INFO: Finished glTF 2.0 export in 0.009174108505249023 s

Info: Saved as "Ground_-2_-7.blend"
UPDATED TERRAIN MODULE Ground_-2_-7 2048
18:53:38 | INFO: Starting glTF 2.0 export
18:53:38 | INFO: Extracting primitive: Ground_-1_-7Geometry
18:53:38 | INFO: Primitives created: 1
18:53:38 | INFO: Finished glTF 2.0 export in 0.0060236454010009766 s

Info: Saved as "Ground_-1_-7.blend"
UPDATED TERRAIN MODULE Ground_-1_-7 2048
18:53:38 | INFO: Starting glTF 2.0 export
18:53:38 | INFO: Extracting primitive: Ground_0_-7Geometry
18:53:38 | INFO: Primitives created: 1
18:53:38 | INFO: Finished glTF 2.0 export in 0.0069048404693603516 s

Info: Saved as "Ground_0_-7.blend"
UPDATED TERRAIN MODULE Ground_0_-7 2048
18:53:38 | INFO: Starting glTF 2.0 export
18:53:38 | INFO: Extracting primitive: Ground_1_-7Geometry
18:53:38 | INFO: Primitives created: 1
18:53:38 | INFO: Finished glTF 2.0 export in 0.006981849670410156 s

Info: Saved as "Ground_1_-7.blend"
UPDATED TERRAIN MODULE Ground_1_-7 2048
18:53:38 | INFO: Starting glTF 2.0 export
18:53:38 | INFO: Extracting primitive: Ground_2_-7Geometry
18:53:38 | INFO: Primitives created: 1
18:53:38 | INFO: Finished glTF 2.0 export in 0.005993366241455078 s

Info: Saved as "Ground_2_-7.blend"
UPDATED TERRAIN MODULE Ground_2_-7 2048
18:53:38 | INFO: Starting glTF 2.0 export
18:53:38 | INFO: Extracting primitive: Ground_3_-7Geometry
18:53:38 | INFO: Primitives created: 1
18:53:38 | INFO: Finished glTF 2.0 export in 0.02344989776611328 s

Info: Saved as "Ground_3_-7.blend"
UPDATED TERRAIN MODULE Ground_3_-7 2048
18:53:38 | INFO: Starting glTF 2.0 export
18:53:38 | INFO: Extracting primitive: Ground_4_-7Geometry
18:53:38 | INFO: Primitives created: 1
18:53:38 | INFO: Finished glTF 2.0 export in 0.007967710494995117 s

Info: Saved as "Ground_4_-7.blend"
UPDATED TERRAIN MODULE Ground_4_-7 2048
18:53:38 | INFO: Starting glTF 2.0 export
18:53:38 | INFO: Extracting primitive: Ground_5_-7Geometry
18:53:38 | INFO: Primitives created: 1
18:53:38 | INFO: Finished glTF 2.0 export in 0.012070655822753906 s

Info: Saved as "Ground_5_-7.blend"
UPDATED TERRAIN MODULE Ground_5_-7 2048
18:53:39 | INFO: Starting glTF 2.0 export
18:53:39 | INFO: Extracting primitive: Ground_6_-7Geometry
18:53:39 | INFO: Primitives created: 1
18:53:39 | INFO: Finished glTF 2.0 export in 0.011879682540893555 s

Info: Saved as "Ground_6_-7.blend"
UPDATED TERRAIN MODULE Ground_6_-7 2048
18:53:39 | INFO: Starting glTF 2.0 export
18:53:39 | INFO: Extracting primitive: Ground_-6_-6Geometry
18:53:39 | INFO: Primitives created: 1
18:53:39 | INFO: Finished glTF 2.0 export in 0.010242223739624023 s

Info: Saved as "Ground_-6_-6.blend"
UPDATED TERRAIN MODULE Ground_-6_-6 2236
18:53:39 | INFO: Starting glTF 2.0 export
18:53:39 | INFO: Extracting primitive: Ground_-5_-6Geometry
18:53:39 | INFO: Primitives created: 1
18:53:39 | INFO: Finished glTF 2.0 export in 0.008447647094726562 s

Info: Saved as "Ground_-5_-6.blend"
UPDATED TERRAIN MODULE Ground_-5_-6 2788
18:53:39 | INFO: Starting glTF 2.0 export
18:53:39 | INFO: Extracting primitive: Ground_-4_-6Geometry
18:53:39 | INFO: Primitives created: 1
18:53:39 | INFO: Finished glTF 2.0 export in 0.009064197540283203 s

Info: Saved as "Ground_-4_-6.blend"
UPDATED TERRAIN MODULE Ground_-4_-6 2048
18:53:39 | INFO: Starting glTF 2.0 export
18:53:39 | INFO: Extracting primitive: Ground_-3_-6Geometry
18:53:39 | INFO: Primitives created: 1
18:53:39 | INFO: Finished glTF 2.0 export in 0.008084774017333984 s

Info: Saved as "Ground_-3_-6.blend"
UPDATED TERRAIN MODULE Ground_-3_-6 2048
18:53:39 | INFO: Starting glTF 2.0 export
18:53:39 | INFO: Extracting primitive: Ground_-2_-6Geometry
18:53:39 | INFO: Primitives created: 1
18:53:39 | INFO: Finished glTF 2.0 export in 0.007365226745605469 s

Info: Saved as "Ground_-2_-6.blend"
UPDATED TERRAIN MODULE Ground_-2_-6 2048
18:53:39 | INFO: Starting glTF 2.0 export
18:53:39 | INFO: Extracting primitive: Ground_-1_-6Geometry
18:53:39 | INFO: Primitives created: 1
18:53:39 | INFO: Finished glTF 2.0 export in 0.008450984954833984 s

Info: Saved as "Ground_-1_-6.blend"
UPDATED TERRAIN MODULE Ground_-1_-6 2048
18:53:39 | INFO: Starting glTF 2.0 export
18:53:39 | INFO: Extracting primitive: Ground_0_-6Geometry
18:53:39 | INFO: Primitives created: 1
18:53:39 | INFO: Finished glTF 2.0 export in 0.010231971740722656 s

Info: Saved as "Ground_0_-6.blend"
UPDATED TERRAIN MODULE Ground_0_-6 2048
18:53:40 | INFO: Starting glTF 2.0 export
18:53:40 | INFO: Extracting primitive: Ground_1_-6Geometry
18:53:40 | INFO: Primitives created: 1
18:53:40 | INFO: Finished glTF 2.0 export in 0.008681535720825195 s

Info: Saved as "Ground_1_-6.blend"
UPDATED TERRAIN MODULE Ground_1_-6 2048
18:53:40 | INFO: Starting glTF 2.0 export
18:53:40 | INFO: Extracting primitive: Ground_2_-6Geometry
18:53:40 | INFO: Primitives created: 1
18:53:40 | INFO: Finished glTF 2.0 export in 0.009875774383544922 s

Info: Saved as "Ground_2_-6.blend"
UPDATED TERRAIN MODULE Ground_2_-6 2048
18:53:40 | INFO: Starting glTF 2.0 export
18:53:40 | INFO: Extracting primitive: Ground_3_-6Geometry
18:53:40 | INFO: Primitives created: 1
18:53:40 | INFO: Finished glTF 2.0 export in 0.010352849960327148 s

Info: Saved as "Ground_3_-6.blend"
UPDATED TERRAIN MODULE Ground_3_-6 2048
18:53:40 | INFO: Starting glTF 2.0 export
18:53:40 | INFO: Extracting primitive: Ground_4_-6Geometry
18:53:40 | INFO: Primitives created: 1
18:53:40 | INFO: Finished glTF 2.0 export in 0.012269020080566406 s

Info: Saved as "Ground_4_-6.blend"
UPDATED TERRAIN MODULE Ground_4_-6 2048
18:53:40 | INFO: Starting glTF 2.0 export
18:53:40 | INFO: Extracting primitive: Ground_5_-6Geometry
18:53:40 | INFO: Primitives created: 1
18:53:40 | INFO: Finished glTF 2.0 export in 0.011403322219848633 s

Info: Saved as "Ground_5_-6.blend"
UPDATED TERRAIN MODULE Ground_5_-6 2048
18:53:40 | INFO: Starting glTF 2.0 export
18:53:40 | INFO: Extracting primitive: Ground_6_-6Geometry
18:53:40 | INFO: Primitives created: 1
18:53:40 | INFO: Finished glTF 2.0 export in 0.0069272518157958984 s

Info: Saved as "Ground_6_-6.blend"
UPDATED TERRAIN MODULE Ground_6_-6 2048
18:53:41 | INFO: Starting glTF 2.0 export
18:53:41 | INFO: Extracting primitive: Ground_-6_-5Geometry
18:53:41 | INFO: Primitives created: 1
18:53:41 | INFO: Finished glTF 2.0 export in 0.009819984436035156 s

Info: Saved as "Ground_-6_-5.blend"
UPDATED TERRAIN MODULE Ground_-6_-5 2048
18:53:41 | INFO: Starting glTF 2.0 export
18:53:41 | INFO: Extracting primitive: Ground_-5_-5Geometry
18:53:41 | INFO: Primitives created: 1
18:53:41 | INFO: Finished glTF 2.0 export in 0.036107778549194336 s

Info: Saved as "Ground_-5_-5.blend"
UPDATED TERRAIN MODULE Ground_-5_-5 2716
18:53:41 | INFO: Starting glTF 2.0 export
18:53:41 | INFO: Extracting primitive: Ground_-4_-5Geometry
18:53:41 | INFO: Primitives created: 1
18:53:41 | INFO: Finished glTF 2.0 export in 0.0100250244140625 s

Info: Saved as "Ground_-4_-5.blend"
UPDATED TERRAIN MODULE Ground_-4_-5 2308
18:53:41 | INFO: Starting glTF 2.0 export
18:53:41 | INFO: Extracting primitive: Ground_-3_-5Geometry
18:53:41 | INFO: Primitives created: 1
18:53:41 | INFO: Finished glTF 2.0 export in 0.009452104568481445 s

Info: Saved as "Ground_-3_-5.blend"
UPDATED TERRAIN MODULE Ground_-3_-5 2080
18:53:41 | INFO: Starting glTF 2.0 export
18:53:41 | INFO: Extracting primitive: Ground_-2_-5Geometry
18:53:41 | INFO: Primitives created: 1
18:53:41 | INFO: Finished glTF 2.0 export in 0.010187387466430664 s

Info: Saved as "Ground_-2_-5.blend"
UPDATED TERRAIN MODULE Ground_-2_-5 2048
18:53:41 | INFO: Starting glTF 2.0 export
18:53:41 | INFO: Extracting primitive: Ground_-1_-5Geometry
18:53:41 | INFO: Primitives created: 1
18:53:41 | INFO: Finished glTF 2.0 export in 0.00991368293762207 s

Info: Saved as "Ground_-1_-5.blend"
UPDATED TERRAIN MODULE Ground_-1_-5 2048
18:53:41 | INFO: Starting glTF 2.0 export
18:53:41 | INFO: Extracting primitive: Ground_0_-5Geometry
18:53:41 | INFO: Primitives created: 1
18:53:41 | INFO: Finished glTF 2.0 export in 0.011207342147827148 s

Info: Saved as "Ground_0_-5.blend"
UPDATED TERRAIN MODULE Ground_0_-5 2048
18:53:41 | INFO: Starting glTF 2.0 export
18:53:41 | INFO: Extracting primitive: Ground_1_-5Geometry
18:53:41 | INFO: Primitives created: 1
18:53:41 | INFO: Finished glTF 2.0 export in 0.011459827423095703 s

Info: Saved as "Ground_1_-5.blend"
UPDATED TERRAIN MODULE Ground_1_-5 2112
18:53:42 | INFO: Starting glTF 2.0 export
18:53:42 | INFO: Extracting primitive: Ground_2_-5Geometry
18:53:42 | INFO: Primitives created: 1
18:53:42 | INFO: Finished glTF 2.0 export in 0.005991935729980469 s

Info: Saved as "Ground_2_-5.blend"
UPDATED TERRAIN MODULE Ground_2_-5 2048
18:53:42 | INFO: Starting glTF 2.0 export
18:53:42 | INFO: Extracting primitive: Ground_3_-5Geometry
18:53:42 | INFO: Primitives created: 1
18:53:42 | INFO: Finished glTF 2.0 export in 0.008311033248901367 s

Info: Saved as "Ground_3_-5.blend"
UPDATED TERRAIN MODULE Ground_3_-5 2048
18:53:42 | INFO: Starting glTF 2.0 export
18:53:42 | INFO: Extracting primitive: Ground_4_-5Geometry
18:53:42 | INFO: Primitives created: 1
18:53:42 | INFO: Finished glTF 2.0 export in 0.008482933044433594 s

Info: Saved as "Ground_4_-5.blend"
UPDATED TERRAIN MODULE Ground_4_-5 2048
18:53:42 | INFO: Starting glTF 2.0 export
18:53:42 | INFO: Extracting primitive: Ground_5_-5Geometry
18:53:42 | INFO: Primitives created: 1
18:53:42 | INFO: Finished glTF 2.0 export in 0.009558677673339844 s

Info: Saved as "Ground_5_-5.blend"
UPDATED TERRAIN MODULE Ground_5_-5 2048
18:53:42 | INFO: Starting glTF 2.0 export
18:53:42 | INFO: Extracting primitive: Ground_6_-5Geometry
18:53:42 | INFO: Primitives created: 1
18:53:42 | INFO: Finished glTF 2.0 export in 0.0075740814208984375 s

Info: Saved as "Ground_6_-5.blend"
UPDATED TERRAIN MODULE Ground_6_-5 2048
18:53:42 | INFO: Starting glTF 2.0 export
18:53:42 | INFO: Extracting primitive: Ground_-6_-4Geometry
18:53:42 | INFO: Primitives created: 1
18:53:42 | INFO: Finished glTF 2.0 export in 0.011490821838378906 s

Info: Saved as "Ground_-6_-4.blend"
UPDATED TERRAIN MODULE Ground_-6_-4 2048
18:53:43 | INFO: Starting glTF 2.0 export
18:53:43 | INFO: Extracting primitive: Ground_-5_-4Geometry
18:53:43 | INFO: Primitives created: 1
18:53:43 | INFO: Finished glTF 2.0 export in 0.010897397994995117 s

Info: Saved as "Ground_-5_-4.blend"
UPDATED TERRAIN MODULE Ground_-5_-4 2048
18:53:43 | INFO: Starting glTF 2.0 export
18:53:43 | INFO: Extracting primitive: Ground_-4_-4Geometry
18:53:43 | INFO: Primitives created: 1
18:53:43 | INFO: Finished glTF 2.0 export in 0.007650136947631836 s

Info: Saved as "Ground_-4_-4.blend"
UPDATED TERRAIN MODULE Ground_-4_-4 2968
18:53:43 | INFO: Starting glTF 2.0 export
18:53:43 | INFO: Extracting primitive: Ground_-3_-4Geometry
18:53:43 | INFO: Primitives created: 1
18:53:43 | INFO: Finished glTF 2.0 export in 0.007889509201049805 s

Info: Saved as "Ground_-3_-4.blend"
UPDATED TERRAIN MODULE Ground_-3_-4 2048
18:53:43 | INFO: Starting glTF 2.0 export
18:53:43 | INFO: Extracting primitive: Ground_-2_-4Geometry
18:53:43 | INFO: Primitives created: 1
18:53:43 | INFO: Finished glTF 2.0 export in 0.008547544479370117 s

Info: Saved as "Ground_-2_-4.blend"
UPDATED TERRAIN MODULE Ground_-2_-4 2048
18:53:43 | INFO: Starting glTF 2.0 export
18:53:43 | INFO: Extracting primitive: Ground_-1_-4Geometry
18:53:43 | INFO: Primitives created: 1
18:53:43 | INFO: Finished glTF 2.0 export in 0.009709596633911133 s

Info: Saved as "Ground_-1_-4.blend"
UPDATED TERRAIN MODULE Ground_-1_-4 2048
18:53:43 | INFO: Starting glTF 2.0 export
18:53:43 | INFO: Extracting primitive: Ground_0_-4Geometry
18:53:43 | INFO: Primitives created: 1
18:53:43 | INFO: Finished glTF 2.0 export in 0.009755849838256836 s

Info: Saved as "Ground_0_-4.blend"
UPDATED TERRAIN MODULE Ground_0_-4 2065
18:53:43 | INFO: Starting glTF 2.0 export
18:53:43 | INFO: Extracting primitive: Ground_1_-4Geometry
18:53:43 | INFO: Primitives created: 1
18:53:43 | INFO: Finished glTF 2.0 export in 0.011825799942016602 s

Info: Saved as "Ground_1_-4.blend"
UPDATED TERRAIN MODULE Ground_1_-4 2644
18:53:43 | INFO: Starting glTF 2.0 export
18:53:43 | INFO: Extracting primitive: Ground_2_-4Geometry
18:53:43 | INFO: Primitives created: 1
18:53:43 | INFO: Finished glTF 2.0 export in 0.008780717849731445 s

Info: Saved as "Ground_2_-4.blend"
UPDATED TERRAIN MODULE Ground_2_-4 2226
18:53:44 | INFO: Starting glTF 2.0 export
18:53:44 | INFO: Extracting primitive: Ground_3_-4Geometry
18:53:44 | INFO: Primitives created: 1
18:53:44 | INFO: Finished glTF 2.0 export in 0.008613348007202148 s

Info: Saved as "Ground_3_-4.blend"
UPDATED TERRAIN MODULE Ground_3_-4 2048
18:53:44 | INFO: Starting glTF 2.0 export
18:53:44 | INFO: Extracting primitive: Ground_4_-4Geometry
18:53:44 | INFO: Primitives created: 1
18:53:44 | INFO: Finished glTF 2.0 export in 0.012609481811523438 s

Info: Saved as "Ground_4_-4.blend"
UPDATED TERRAIN MODULE Ground_4_-4 2048
18:53:44 | INFO: Starting glTF 2.0 export
18:53:44 | INFO: Extracting primitive: Ground_5_-4Geometry
18:53:44 | INFO: Primitives created: 1
18:53:44 | INFO: Finished glTF 2.0 export in 0.011513710021972656 s

Info: Saved as "Ground_5_-4.blend"
UPDATED TERRAIN MODULE Ground_5_-4 2050
18:53:44 | INFO: Starting glTF 2.0 export
18:53:44 | INFO: Extracting primitive: Ground_6_-4Geometry
18:53:44 | INFO: Primitives created: 1
18:53:44 | INFO: Finished glTF 2.0 export in 0.03011322021484375 s

Info: Saved as "Ground_6_-4.blend"
UPDATED TERRAIN MODULE Ground_6_-4 2048
18:53:44 | INFO: Starting glTF 2.0 export
18:53:44 | INFO: Extracting primitive: Ground_-6_-3Geometry
18:53:44 | INFO: Primitives created: 1
18:53:44 | INFO: Finished glTF 2.0 export in 0.008643388748168945 s

Info: Saved as "Ground_-6_-3.blend"
UPDATED TERRAIN MODULE Ground_-6_-3 2048
18:53:45 | INFO: Starting glTF 2.0 export
18:53:45 | INFO: Extracting primitive: Ground_-5_-3Geometry
18:53:45 | INFO: Primitives created: 1
18:53:45 | INFO: Finished glTF 2.0 export in 0.010171651840209961 s

Info: Saved as "Ground_-5_-3.blend"
UPDATED TERRAIN MODULE Ground_-5_-3 2048
18:53:45 | INFO: Starting glTF 2.0 export
18:53:45 | INFO: Extracting primitive: Ground_-4_-3Geometry
18:53:45 | INFO: Primitives created: 1
18:53:45 | INFO: Finished glTF 2.0 export in 0.008525371551513672 s

Info: Saved as "Ground_-4_-3.blend"
UPDATED TERRAIN MODULE Ground_-4_-3 2276
18:53:45 | INFO: Starting glTF 2.0 export
18:53:45 | INFO: Extracting primitive: Ground_-3_-3Geometry
18:53:45 | INFO: Primitives created: 1
18:53:45 | INFO: Finished glTF 2.0 export in 0.010248184204101562 s

Info: Saved as "Ground_-3_-3.blend"
UPDATED TERRAIN MODULE Ground_-3_-3 2748
18:53:45 | INFO: Starting glTF 2.0 export
18:53:45 | INFO: Extracting primitive: Ground_-2_-3Geometry
18:53:45 | INFO: Primitives created: 1
18:53:45 | INFO: Finished glTF 2.0 export in 0.01084756851196289 s

Info: Saved as "Ground_-2_-3.blend"
UPDATED TERRAIN MODULE Ground_-2_-3 2048
18:53:45 | INFO: Starting glTF 2.0 export
18:53:45 | INFO: Extracting primitive: Ground_-1_-3Geometry
18:53:45 | INFO: Primitives created: 1
18:53:45 | INFO: Finished glTF 2.0 export in 0.00795888900756836 s

Info: Saved as "Ground_-1_-3.blend"
UPDATED TERRAIN MODULE Ground_-1_-3 2052
18:53:45 | INFO: Starting glTF 2.0 export
18:53:45 | INFO: Extracting primitive: Ground_0_-3Geometry
18:53:45 | INFO: Primitives created: 1
18:53:45 | INFO: Finished glTF 2.0 export in 0.008857250213623047 s

Info: Saved as "Ground_0_-3.blend"
UPDATED TERRAIN MODULE Ground_0_-3 2303
18:53:45 | INFO: Starting glTF 2.0 export
18:53:45 | INFO: Extracting primitive: Ground_1_-3Geometry
18:53:45 | INFO: Primitives created: 1
18:53:45 | INFO: Finished glTF 2.0 export in 0.009770631790161133 s

Info: Saved as "Ground_1_-3.blend"
UPDATED TERRAIN MODULE Ground_1_-3 2142
18:53:45 | INFO: Starting glTF 2.0 export
18:53:45 | INFO: Extracting primitive: Ground_2_-3Geometry
18:53:45 | INFO: Primitives created: 1
18:53:45 | INFO: Finished glTF 2.0 export in 0.010685443878173828 s

Info: Saved as "Ground_2_-3.blend"
UPDATED TERRAIN MODULE Ground_2_-3 2100
18:53:45 | INFO: Starting glTF 2.0 export
18:53:45 | INFO: Extracting primitive: Ground_3_-3Geometry
18:53:45 | INFO: Primitives created: 1
18:53:45 | INFO: Finished glTF 2.0 export in 0.007978439331054688 s

Info: Saved as "Ground_3_-3.blend"
UPDATED TERRAIN MODULE Ground_3_-3 2048
18:53:46 | INFO: Starting glTF 2.0 export
18:53:46 | INFO: Extracting primitive: Ground_4_-3Geometry
18:53:46 | INFO: Primitives created: 1
18:53:46 | INFO: Finished glTF 2.0 export in 0.009675741195678711 s

Info: Saved as "Ground_4_-3.blend"
UPDATED TERRAIN MODULE Ground_4_-3 2048
18:53:46 | INFO: Starting glTF 2.0 export
18:53:46 | INFO: Extracting primitive: Ground_5_-3Geometry
18:53:46 | INFO: Primitives created: 1
18:53:46 | INFO: Finished glTF 2.0 export in 0.02544856071472168 s

Info: Saved as "Ground_5_-3.blend"
UPDATED TERRAIN MODULE Ground_5_-3 2048
18:53:46 | INFO: Starting glTF 2.0 export
18:53:46 | INFO: Extracting primitive: Ground_6_-3Geometry
18:53:46 | INFO: Primitives created: 1
18:53:46 | INFO: Finished glTF 2.0 export in 0.009788990020751953 s

Info: Saved as "Ground_6_-3.blend"
UPDATED TERRAIN MODULE Ground_6_-3 2048
18:53:46 | INFO: Starting glTF 2.0 export
18:53:46 | INFO: Extracting primitive: Ground_-6_-2Geometry
18:53:46 | INFO: Primitives created: 1
18:53:46 | INFO: Finished glTF 2.0 export in 0.011494159698486328 s

Info: Saved as "Ground_-6_-2.blend"
UPDATED TERRAIN MODULE Ground_-6_-2 2048
18:53:46 | INFO: Starting glTF 2.0 export
18:53:46 | INFO: Extracting primitive: Ground_-5_-2Geometry
18:53:46 | INFO: Primitives created: 1
18:53:46 | INFO: Finished glTF 2.0 export in 0.006192445755004883 s

Info: Saved as "Ground_-5_-2.blend"
UPDATED TERRAIN MODULE Ground_-5_-2 2048
18:53:46 | INFO: Starting glTF 2.0 export
18:53:46 | INFO: Extracting primitive: Ground_-4_-2Geometry
18:53:46 | INFO: Primitives created: 1
18:53:46 | INFO: Finished glTF 2.0 export in 0.006911754608154297 s

Info: Saved as "Ground_-4_-2.blend"
UPDATED TERRAIN MODULE Ground_-4_-2 2048
18:53:47 | INFO: Starting glTF 2.0 export
18:53:47 | INFO: Extracting primitive: Ground_-3_-2Geometry
18:53:47 | INFO: Primitives created: 1
18:53:47 | INFO: Finished glTF 2.0 export in 0.014467000961303711 s

Info: Saved as "Ground_-3_-2.blend"
UPDATED TERRAIN MODULE Ground_-3_-2 2612
18:53:47 | INFO: Starting glTF 2.0 export
18:53:47 | INFO: Extracting primitive: Ground_-2_-2Geometry
18:53:47 | INFO: Primitives created: 1
18:53:47 | INFO: Finished glTF 2.0 export in 0.007976770401000977 s

Info: Saved as "Ground_-2_-2.blend"
UPDATED TERRAIN MODULE Ground_-2_-2 2614
18:53:47 | INFO: Starting glTF 2.0 export
18:53:47 | INFO: Extracting primitive: Ground_-1_-2Geometry
18:53:47 | INFO: Primitives created: 1
18:53:47 | INFO: Finished glTF 2.0 export in 0.020788192749023438 s

Info: Saved as "Ground_-1_-2.blend"
UPDATED TERRAIN MODULE Ground_-1_-2 8194
18:53:48 | INFO: Starting glTF 2.0 export
18:53:48 | INFO: Extracting primitive: Ground_0_-2Geometry
18:53:48 | INFO: Primitives created: 1
18:53:48 | INFO: Finished glTF 2.0 export in 0.01894521713256836 s

Info: Saved as "Ground_0_-2.blend"
UPDATED TERRAIN MODULE Ground_0_-2 8826
18:53:48 | INFO: Starting glTF 2.0 export
18:53:48 | INFO: Extracting primitive: Ground_1_-2Geometry
18:53:48 | INFO: Primitives created: 1
18:53:48 | INFO: Finished glTF 2.0 export in 0.021229028701782227 s

Info: Saved as "Ground_1_-2.blend"
UPDATED TERRAIN MODULE Ground_1_-2 9243
18:53:48 | INFO: Starting glTF 2.0 export
18:53:48 | INFO: Extracting primitive: Ground_2_-2Geometry
18:53:48 | INFO: Primitives created: 1
18:53:48 | INFO: Finished glTF 2.0 export in 0.006685495376586914 s

Info: Saved as "Ground_2_-2.blend"
UPDATED TERRAIN MODULE Ground_2_-2 2048
18:53:48 | INFO: Starting glTF 2.0 export
18:53:48 | INFO: Extracting primitive: Ground_3_-2Geometry
18:53:48 | INFO: Primitives created: 1
18:53:48 | INFO: Finished glTF 2.0 export in 0.006850719451904297 s

Info: Saved as "Ground_3_-2.blend"
UPDATED TERRAIN MODULE Ground_3_-2 2048
18:53:48 | INFO: Starting glTF 2.0 export
18:53:48 | INFO: Extracting primitive: Ground_4_-2Geometry
18:53:48 | INFO: Primitives created: 1
18:53:48 | INFO: Finished glTF 2.0 export in 0.009840726852416992 s

Info: Saved as "Ground_4_-2.blend"
UPDATED TERRAIN MODULE Ground_4_-2 2048
18:53:48 | INFO: Starting glTF 2.0 export
18:53:48 | INFO: Extracting primitive: Ground_5_-2Geometry
18:53:48 | INFO: Primitives created: 1
18:53:48 | INFO: Finished glTF 2.0 export in 0.008542060852050781 s

Info: Saved as "Ground_5_-2.blend"
UPDATED TERRAIN MODULE Ground_5_-2 2048
18:53:49 | INFO: Starting glTF 2.0 export
18:53:49 | INFO: Extracting primitive: Ground_6_-2Geometry
18:53:49 | INFO: Primitives created: 1
18:53:49 | INFO: Finished glTF 2.0 export in 0.009398698806762695 s

Info: Saved as "Ground_6_-2.blend"
UPDATED TERRAIN MODULE Ground_6_-2 2048
18:53:49 | INFO: Starting glTF 2.0 export
18:53:49 | INFO: Extracting primitive: Ground_-6_-1Geometry
18:53:49 | INFO: Primitives created: 1
18:53:49 | INFO: Finished glTF 2.0 export in 0.008484363555908203 s

Info: Saved as "Ground_-6_-1.blend"
UPDATED TERRAIN MODULE Ground_-6_-1 2048
18:53:49 | INFO: Starting glTF 2.0 export
18:53:49 | INFO: Extracting primitive: Ground_-5_-1Geometry
18:53:49 | INFO: Primitives created: 1
18:53:49 | INFO: Finished glTF 2.0 export in 0.008408784866333008 s

Info: Saved as "Ground_-5_-1.blend"
UPDATED TERRAIN MODULE Ground_-5_-1 2048
18:53:49 | INFO: Starting glTF 2.0 export
18:53:49 | INFO: Extracting primitive: Ground_-4_-1Geometry
18:53:49 | INFO: Primitives created: 1
18:53:49 | INFO: Finished glTF 2.0 export in 0.009559154510498047 s

Info: Saved as "Ground_-4_-1.blend"
UPDATED TERRAIN MODULE Ground_-4_-1 2048
18:53:49 | INFO: Starting glTF 2.0 export
18:53:49 | INFO: Extracting primitive: Ground_-3_-1Geometry
18:53:49 | INFO: Primitives created: 1
18:53:49 | INFO: Finished glTF 2.0 export in 0.006925106048583984 s

Info: Saved as "Ground_-3_-1.blend"
UPDATED TERRAIN MODULE Ground_-3_-1 2048
18:53:49 | INFO: Starting glTF 2.0 export
18:53:49 | INFO: Extracting primitive: Ground_-2_-1Geometry
18:53:49 | INFO: Primitives created: 1
18:53:49 | INFO: Finished glTF 2.0 export in 0.007355690002441406 s

Info: Saved as "Ground_-2_-1.blend"
UPDATED TERRAIN MODULE Ground_-2_-1 2500
18:53:50 | INFO: Starting glTF 2.0 export
18:53:50 | INFO: Extracting primitive: Ground_-1_-1Geometry
18:53:50 | INFO: Primitives created: 1
18:53:50 | INFO: Finished glTF 2.0 export in 0.025545358657836914 s

Info: Saved as "Ground_-1_-1.blend"
UPDATED TERRAIN MODULE Ground_-1_-1 10952
18:53:50 | INFO: Starting glTF 2.0 export
18:53:50 | INFO: Extracting primitive: Ground_0_-1Geometry
18:53:50 | INFO: Primitives created: 1
18:53:50 | INFO: Finished glTF 2.0 export in 0.019829511642456055 s

Info: Saved as "Ground_0_-1.blend"
UPDATED TERRAIN MODULE Ground_0_-1 10419
18:53:51 | INFO: Starting glTF 2.0 export
18:53:51 | INFO: Extracting primitive: Ground_1_-1Geometry
18:53:51 | INFO: Primitives created: 1
18:53:51 | INFO: Finished glTF 2.0 export in 0.0177767276763916 s

Info: Saved as "Ground_1_-1.blend"
UPDATED TERRAIN MODULE Ground_1_-1 8073
18:53:51 | INFO: Starting glTF 2.0 export
18:53:51 | INFO: Extracting primitive: Ground_2_-1Geometry
18:53:51 | INFO: Primitives created: 1
18:53:51 | INFO: Finished glTF 2.0 export in 0.007811784744262695 s

Info: Saved as "Ground_2_-1.blend"
UPDATED TERRAIN MODULE Ground_2_-1 2048
18:53:51 | INFO: Starting glTF 2.0 export
18:53:51 | INFO: Extracting primitive: Ground_3_-1Geometry
18:53:51 | INFO: Primitives created: 1
18:53:51 | INFO: Finished glTF 2.0 export in 0.008078575134277344 s

Info: Saved as "Ground_3_-1.blend"
UPDATED TERRAIN MODULE Ground_3_-1 2048
18:53:51 | INFO: Starting glTF 2.0 export
18:53:51 | INFO: Extracting primitive: Ground_4_-1Geometry
18:53:51 | INFO: Primitives created: 1
18:53:51 | INFO: Finished glTF 2.0 export in 0.007487297058105469 s

Info: Saved as "Ground_4_-1.blend"
UPDATED TERRAIN MODULE Ground_4_-1 2048
18:53:51 | INFO: Starting glTF 2.0 export
18:53:51 | INFO: Extracting primitive: Ground_5_-1Geometry
18:53:51 | INFO: Primitives created: 1
18:53:51 | INFO: Finished glTF 2.0 export in 0.00990438461303711 s

Info: Saved as "Ground_5_-1.blend"
UPDATED TERRAIN MODULE Ground_5_-1 2048
18:53:52 | INFO: Starting glTF 2.0 export
18:53:52 | INFO: Extracting primitive: Ground_6_-1Geometry
18:53:52 | INFO: Primitives created: 1
18:53:52 | INFO: Finished glTF 2.0 export in 0.007829904556274414 s

Info: Saved as "Ground_6_-1.blend"
UPDATED TERRAIN MODULE Ground_6_-1 2048
18:53:52 | INFO: Starting glTF 2.0 export
18:53:52 | INFO: Extracting primitive: Ground_-6_0Geometry
18:53:52 | INFO: Primitives created: 1
18:53:52 | INFO: Finished glTF 2.0 export in 0.00872349739074707 s

Info: Saved as "Ground_-6_0.blend"
UPDATED TERRAIN MODULE Ground_-6_0 2048
18:53:52 | INFO: Starting glTF 2.0 export
18:53:52 | INFO: Extracting primitive: Ground_-5_0Geometry
18:53:52 | INFO: Primitives created: 1
18:53:52 | INFO: Finished glTF 2.0 export in 0.008318185806274414 s

Info: Saved as "Ground_-5_0.blend"
UPDATED TERRAIN MODULE Ground_-5_0 2048
18:53:52 | INFO: Starting glTF 2.0 export
18:53:52 | INFO: Extracting primitive: Ground_-4_0Geometry
18:53:52 | INFO: Primitives created: 1
18:53:52 | INFO: Finished glTF 2.0 export in 0.006257772445678711 s

Info: Saved as "Ground_-4_0.blend"
UPDATED TERRAIN MODULE Ground_-4_0 2048
18:53:52 | INFO: Starting glTF 2.0 export
18:53:52 | INFO: Extracting primitive: Ground_-3_0Geometry
18:53:52 | INFO: Primitives created: 1
18:53:52 | INFO: Finished glTF 2.0 export in 0.007794380187988281 s

Info: Saved as "Ground_-3_0.blend"
UPDATED TERRAIN MODULE Ground_-3_0 2048
18:53:53 | INFO: Starting glTF 2.0 export
18:53:53 | INFO: Extracting primitive: Ground_-2_0Geometry
18:53:53 | INFO: Primitives created: 1
18:53:53 | INFO: Finished glTF 2.0 export in 0.010420799255371094 s

Info: Saved as "Ground_-2_0.blend"
UPDATED TERRAIN MODULE Ground_-2_0 2048
18:53:53 | INFO: Starting glTF 2.0 export
18:53:53 | INFO: Extracting primitive: Ground_-1_0Geometry
18:53:53 | INFO: Primitives created: 1
18:53:53 | INFO: Finished glTF 2.0 export in 0.019117116928100586 s

Info: Saved as "Ground_-1_0.blend"
UPDATED TERRAIN MODULE Ground_-1_0 8944
18:53:53 | INFO: Starting glTF 2.0 export
18:53:53 | INFO: Extracting primitive: Ground_0_0Geometry
18:53:53 | INFO: Primitives created: 1
18:53:53 | INFO: Finished glTF 2.0 export in 0.022160768508911133 s

Info: Saved as "Ground_0_0.blend"
UPDATED TERRAIN MODULE Ground_0_0 8105
18:53:54 | INFO: Starting glTF 2.0 export
18:53:54 | INFO: Extracting primitive: Ground_1_0Geometry
18:53:54 | INFO: Primitives created: 1
18:53:54 | INFO: Finished glTF 2.0 export in 0.015946149826049805 s

Info: Saved as "Ground_1_0.blend"
UPDATED TERRAIN MODULE Ground_1_0 8064
18:53:54 | INFO: Starting glTF 2.0 export
18:53:54 | INFO: Extracting primitive: Ground_2_0Geometry
18:53:54 | INFO: Primitives created: 1
18:53:54 | INFO: Finished glTF 2.0 export in 0.012015581130981445 s

Info: Saved as "Ground_2_0.blend"
UPDATED TERRAIN MODULE Ground_2_0 2048
18:53:54 | INFO: Starting glTF 2.0 export
18:53:54 | INFO: Extracting primitive: Ground_3_0Geometry
18:53:54 | INFO: Primitives created: 1
18:53:54 | INFO: Finished glTF 2.0 export in 0.006490230560302734 s

Info: Saved as "Ground_3_0.blend"
UPDATED TERRAIN MODULE Ground_3_0 2048
18:53:54 | INFO: Starting glTF 2.0 export
18:53:54 | INFO: Extracting primitive: Ground_4_0Geometry
18:53:54 | INFO: Primitives created: 1
18:53:54 | INFO: Finished glTF 2.0 export in 0.005984067916870117 s

Info: Saved as "Ground_4_0.blend"
UPDATED TERRAIN MODULE Ground_4_0 2048
18:53:54 | INFO: Starting glTF 2.0 export
18:53:54 | INFO: Extracting primitive: Ground_5_0Geometry
18:53:54 | INFO: Primitives created: 1
18:53:54 | INFO: Finished glTF 2.0 export in 0.008199214935302734 s

Info: Saved as "Ground_5_0.blend"
UPDATED TERRAIN MODULE Ground_5_0 2048
18:53:55 | INFO: Starting glTF 2.0 export
18:53:55 | INFO: Extracting primitive: Ground_6_0Geometry
18:53:55 | INFO: Primitives created: 1
18:53:55 | INFO: Finished glTF 2.0 export in 0.010233402252197266 s

Info: Saved as "Ground_6_0.blend"
UPDATED TERRAIN MODULE Ground_6_0 2048
18:53:55 | INFO: Starting glTF 2.0 export
18:53:55 | INFO: Extracting primitive: Ground_-6_1Geometry
18:53:55 | INFO: Primitives created: 1
18:53:55 | INFO: Finished glTF 2.0 export in 0.008174419403076172 s

Info: Saved as "Ground_-6_1.blend"
UPDATED TERRAIN MODULE Ground_-6_1 2048
18:53:55 | INFO: Starting glTF 2.0 export
18:53:55 | INFO: Extracting primitive: Ground_-5_1Geometry
18:53:55 | INFO: Primitives created: 1
18:53:55 | INFO: Finished glTF 2.0 export in 0.008641481399536133 s

Info: Saved as "Ground_-5_1.blend"
UPDATED TERRAIN MODULE Ground_-5_1 2048
18:53:55 | INFO: Starting glTF 2.0 export
18:53:55 | INFO: Extracting primitive: Ground_-4_1Geometry
18:53:55 | INFO: Primitives created: 1
18:53:55 | INFO: Finished glTF 2.0 export in 0.0069773197174072266 s

Info: Saved as "Ground_-4_1.blend"
UPDATED TERRAIN MODULE Ground_-4_1 2048
18:53:55 | INFO: Starting glTF 2.0 export
18:53:55 | INFO: Extracting primitive: Ground_-3_1Geometry
18:53:55 | INFO: Primitives created: 1
18:53:55 | INFO: Finished glTF 2.0 export in 0.00948953628540039 s

Info: Saved as "Ground_-3_1.blend"
UPDATED TERRAIN MODULE Ground_-3_1 2048
18:53:55 | INFO: Starting glTF 2.0 export
18:53:55 | INFO: Extracting primitive: Ground_-2_1Geometry
18:53:55 | INFO: Primitives created: 1
18:53:55 | INFO: Finished glTF 2.0 export in 0.009253263473510742 s

Info: Saved as "Ground_-2_1.blend"
UPDATED TERRAIN MODULE Ground_-2_1 2412
18:53:56 | INFO: Starting glTF 2.0 export
18:53:56 | INFO: Extracting primitive: Ground_-1_1Geometry
18:53:56 | INFO: Primitives created: 1
18:53:56 | INFO: Finished glTF 2.0 export in 0.009239673614501953 s

Info: Saved as "Ground_-1_1.blend"
UPDATED TERRAIN MODULE Ground_-1_1 2574
18:53:56 | INFO: Starting glTF 2.0 export
18:53:56 | INFO: Extracting primitive: Ground_0_1Geometry
18:53:56 | INFO: Primitives created: 1
18:53:56 | INFO: Finished glTF 2.0 export in 0.009227514266967773 s

Info: Saved as "Ground_0_1.blend"
UPDATED TERRAIN MODULE Ground_0_1 2048
18:53:56 | INFO: Starting glTF 2.0 export
18:53:56 | INFO: Extracting primitive: Ground_1_1Geometry
18:53:56 | INFO: Primitives created: 1
18:53:56 | INFO: Finished glTF 2.0 export in 0.009660959243774414 s

Info: Saved as "Ground_1_1.blend"
UPDATED TERRAIN MODULE Ground_1_1 2048
18:53:56 | INFO: Starting glTF 2.0 export
18:53:56 | INFO: Extracting primitive: Ground_2_1Geometry
18:53:56 | INFO: Primitives created: 1
18:53:56 | INFO: Finished glTF 2.0 export in 0.00668787956237793 s

Info: Saved as "Ground_2_1.blend"
UPDATED TERRAIN MODULE Ground_2_1 2048
18:53:56 | INFO: Starting glTF 2.0 export
18:53:56 | INFO: Extracting primitive: Ground_3_1Geometry
18:53:56 | INFO: Primitives created: 1
18:53:56 | INFO: Finished glTF 2.0 export in 0.0074689388275146484 s

Info: Saved as "Ground_3_1.blend"
UPDATED TERRAIN MODULE Ground_3_1 2050
18:53:56 | INFO: Starting glTF 2.0 export
18:53:56 | INFO: Extracting primitive: Ground_4_1Geometry
18:53:56 | INFO: Primitives created: 1
18:53:56 | INFO: Finished glTF 2.0 export in 0.008213520050048828 s

Info: Saved as "Ground_4_1.blend"
UPDATED TERRAIN MODULE Ground_4_1 2048
18:53:56 | INFO: Starting glTF 2.0 export
18:53:56 | INFO: Extracting primitive: Ground_5_1Geometry
18:53:56 | INFO: Primitives created: 1
18:53:56 | INFO: Finished glTF 2.0 export in 0.008975744247436523 s

Info: Saved as "Ground_5_1.blend"
UPDATED TERRAIN MODULE Ground_5_1 2048
18:53:56 | INFO: Starting glTF 2.0 export
18:53:56 | INFO: Extracting primitive: Ground_6_1Geometry
18:53:56 | INFO: Primitives created: 1
18:53:56 | INFO: Finished glTF 2.0 export in 0.007954120635986328 s

Info: Saved as "Ground_6_1.blend"
UPDATED TERRAIN MODULE Ground_6_1 2048
18:53:57 | INFO: Starting glTF 2.0 export
18:53:57 | INFO: Extracting primitive: Ground_-6_2Geometry
18:53:57 | INFO: Primitives created: 1
18:53:57 | INFO: Finished glTF 2.0 export in 0.007714509963989258 s

Info: Saved as "Ground_-6_2.blend"
UPDATED TERRAIN MODULE Ground_-6_2 2048
18:53:57 | INFO: Starting glTF 2.0 export
18:53:57 | INFO: Extracting primitive: Ground_-5_2Geometry
18:53:57 | INFO: Primitives created: 1
18:53:57 | INFO: Finished glTF 2.0 export in 0.01210784912109375 s

Info: Saved as "Ground_-5_2.blend"
UPDATED TERRAIN MODULE Ground_-5_2 2048
18:53:57 | INFO: Starting glTF 2.0 export
18:53:57 | INFO: Extracting primitive: Ground_-4_2Geometry
18:53:57 | INFO: Primitives created: 1
18:53:57 | INFO: Finished glTF 2.0 export in 0.0071868896484375 s

Info: Saved as "Ground_-4_2.blend"
UPDATED TERRAIN MODULE Ground_-4_2 2048
18:53:57 | INFO: Starting glTF 2.0 export
18:53:57 | INFO: Extracting primitive: Ground_-3_2Geometry
18:53:57 | INFO: Primitives created: 1
18:53:57 | INFO: Finished glTF 2.0 export in 0.005640745162963867 s

Info: Saved as "Ground_-3_2.blend"
UPDATED TERRAIN MODULE Ground_-3_2 2048
18:53:57 | INFO: Starting glTF 2.0 export
18:53:57 | INFO: Extracting primitive: Ground_-2_2Geometry
18:53:57 | INFO: Primitives created: 1
18:53:57 | INFO: Finished glTF 2.0 export in 0.008845806121826172 s

Info: Saved as "Ground_-2_2.blend"
UPDATED TERRAIN MODULE Ground_-2_2 2936
18:53:57 | INFO: Starting glTF 2.0 export
18:53:57 | INFO: Extracting primitive: Ground_-1_2Geometry
18:53:57 | INFO: Primitives created: 1
18:53:57 | INFO: Finished glTF 2.0 export in 0.007220745086669922 s

Info: Saved as "Ground_-1_2.blend"
UPDATED TERRAIN MODULE Ground_-1_2 2048
18:53:58 | INFO: Starting glTF 2.0 export
18:53:58 | INFO: Extracting primitive: Ground_0_2Geometry
18:53:58 | INFO: Primitives created: 1
18:53:58 | INFO: Finished glTF 2.0 export in 0.008442401885986328 s

Info: Saved as "Ground_0_2.blend"
UPDATED TERRAIN MODULE Ground_0_2 2048
18:53:58 | INFO: Starting glTF 2.0 export
18:53:58 | INFO: Extracting primitive: Ground_1_2Geometry
18:53:58 | INFO: Primitives created: 1
18:53:58 | INFO: Finished glTF 2.0 export in 0.008260965347290039 s

Info: Saved as "Ground_1_2.blend"
UPDATED TERRAIN MODULE Ground_1_2 2048
18:53:58 | INFO: Starting glTF 2.0 export
18:53:58 | INFO: Extracting primitive: Ground_2_2Geometry
18:53:58 | INFO: Primitives created: 1
18:53:58 | INFO: Finished glTF 2.0 export in 0.0061321258544921875 s

Info: Saved as "Ground_2_2.blend"
UPDATED TERRAIN MODULE Ground_2_2 2048
18:53:58 | INFO: Starting glTF 2.0 export
18:53:58 | INFO: Extracting primitive: Ground_3_2Geometry
18:53:58 | INFO: Primitives created: 1
18:53:58 | INFO: Finished glTF 2.0 export in 0.006720066070556641 s

Info: Saved as "Ground_3_2.blend"
UPDATED TERRAIN MODULE Ground_3_2 2048
18:53:58 | INFO: Starting glTF 2.0 export
18:53:58 | INFO: Extracting primitive: Ground_4_2Geometry
18:53:58 | INFO: Primitives created: 1
18:53:58 | INFO: Finished glTF 2.0 export in 0.00823354721069336 s

Info: Saved as "Ground_4_2.blend"
UPDATED TERRAIN MODULE Ground_4_2 2050
18:53:58 | INFO: Starting glTF 2.0 export
18:53:58 | INFO: Extracting primitive: Ground_5_2Geometry
18:53:58 | INFO: Primitives created: 1
18:53:58 | INFO: Finished glTF 2.0 export in 0.010231494903564453 s

Info: Saved as "Ground_5_2.blend"
UPDATED TERRAIN MODULE Ground_5_2 2048
18:53:58 | INFO: Starting glTF 2.0 export
18:53:58 | INFO: Extracting primitive: Ground_6_2Geometry
18:53:58 | INFO: Primitives created: 1
18:53:58 | INFO: Finished glTF 2.0 export in 0.0065004825592041016 s

Info: Saved as "Ground_6_2.blend"
UPDATED TERRAIN MODULE Ground_6_2 2048
18:53:59 | INFO: Starting glTF 2.0 export
18:53:59 | INFO: Extracting primitive: Ground_-6_3Geometry
18:53:59 | INFO: Primitives created: 1
18:53:59 | INFO: Finished glTF 2.0 export in 0.011277914047241211 s

Info: Saved as "Ground_-6_3.blend"
UPDATED TERRAIN MODULE Ground_-6_3 2048
18:53:59 | INFO: Starting glTF 2.0 export
18:53:59 | INFO: Extracting primitive: Ground_-5_3Geometry
18:53:59 | INFO: Primitives created: 1
18:53:59 | INFO: Finished glTF 2.0 export in 0.007977962493896484 s

Info: Saved as "Ground_-5_3.blend"
UPDATED TERRAIN MODULE Ground_-5_3 2048
18:53:59 | INFO: Starting glTF 2.0 export
18:53:59 | INFO: Extracting primitive: Ground_-4_3Geometry
18:53:59 | INFO: Primitives created: 1
18:53:59 | INFO: Finished glTF 2.0 export in 0.009525299072265625 s

Info: Saved as "Ground_-4_3.blend"
UPDATED TERRAIN MODULE Ground_-4_3 2048
18:53:59 | INFO: Starting glTF 2.0 export
18:53:59 | INFO: Extracting primitive: Ground_-3_3Geometry
18:53:59 | INFO: Primitives created: 1
18:53:59 | INFO: Finished glTF 2.0 export in 0.008977651596069336 s

Info: Saved as "Ground_-3_3.blend"
UPDATED TERRAIN MODULE Ground_-3_3 2616
18:53:59 | INFO: Starting glTF 2.0 export
18:53:59 | INFO: Extracting primitive: Ground_-2_3Geometry
18:53:59 | INFO: Primitives created: 1
18:53:59 | INFO: Finished glTF 2.0 export in 0.010451316833496094 s

Info: Saved as "Ground_-2_3.blend"
UPDATED TERRAIN MODULE Ground_-2_3 2374
18:53:59 | INFO: Starting glTF 2.0 export
18:53:59 | INFO: Extracting primitive: Ground_-1_3Geometry
18:53:59 | INFO: Primitives created: 1
18:53:59 | INFO: Finished glTF 2.0 export in 0.00817728042602539 s

Info: Saved as "Ground_-1_3.blend"
UPDATED TERRAIN MODULE Ground_-1_3 2048
18:53:59 | INFO: Starting glTF 2.0 export
18:53:59 | INFO: Extracting primitive: Ground_0_3Geometry
18:53:59 | INFO: Primitives created: 1
18:53:59 | INFO: Finished glTF 2.0 export in 0.008996009826660156 s

Info: Saved as "Ground_0_3.blend"
UPDATED TERRAIN MODULE Ground_0_3 2048
18:54:00 | INFO: Starting glTF 2.0 export
18:54:00 | INFO: Extracting primitive: Ground_1_3Geometry
18:54:00 | INFO: Primitives created: 1
18:54:00 | INFO: Finished glTF 2.0 export in 0.008866310119628906 s

Info: Saved as "Ground_1_3.blend"
UPDATED TERRAIN MODULE Ground_1_3 2048
18:54:00 | INFO: Starting glTF 2.0 export
18:54:00 | INFO: Extracting primitive: Ground_2_3Geometry
18:54:00 | INFO: Primitives created: 1
18:54:00 | INFO: Finished glTF 2.0 export in 0.005846261978149414 s

Info: Saved as "Ground_2_3.blend"
UPDATED TERRAIN MODULE Ground_2_3 2048
18:54:00 | INFO: Starting glTF 2.0 export
18:54:00 | INFO: Extracting primitive: Ground_3_3Geometry
18:54:00 | INFO: Primitives created: 1
18:54:00 | INFO: Finished glTF 2.0 export in 0.009248733520507812 s

Info: Saved as "Ground_3_3.blend"
UPDATED TERRAIN MODULE Ground_3_3 2048
18:54:00 | INFO: Starting glTF 2.0 export
18:54:00 | INFO: Extracting primitive: Ground_4_3Geometry
18:54:00 | INFO: Primitives created: 1
18:54:00 | INFO: Finished glTF 2.0 export in 0.0071659088134765625 s

Info: Saved as "Ground_4_3.blend"
UPDATED TERRAIN MODULE Ground_4_3 2048
18:54:00 | INFO: Starting glTF 2.0 export
18:54:00 | INFO: Extracting primitive: Ground_5_3Geometry
18:54:00 | INFO: Primitives created: 1
18:54:00 | INFO: Finished glTF 2.0 export in 0.0074002742767333984 s

Info: Saved as "Ground_5_3.blend"
UPDATED TERRAIN MODULE Ground_5_3 2048
18:54:00 | INFO: Starting glTF 2.0 export
18:54:00 | INFO: Extracting primitive: Ground_6_3Geometry
18:54:00 | INFO: Primitives created: 1
18:54:00 | INFO: Finished glTF 2.0 export in 0.009005308151245117 s

Info: Saved as "Ground_6_3.blend"
UPDATED TERRAIN MODULE Ground_6_3 2048
18:54:01 | INFO: Starting glTF 2.0 export
18:54:01 | INFO: Extracting primitive: Ground_-6_4Geometry
18:54:01 | INFO: Primitives created: 1
18:54:01 | INFO: Finished glTF 2.0 export in 0.00790262222290039 s

Info: Saved as "Ground_-6_4.blend"
UPDATED TERRAIN MODULE Ground_-6_4 2048
18:54:01 | INFO: Starting glTF 2.0 export
18:54:01 | INFO: Extracting primitive: Ground_-5_4Geometry
18:54:01 | INFO: Primitives created: 1
18:54:01 | INFO: Finished glTF 2.0 export in 0.007866144180297852 s

Info: Saved as "Ground_-5_4.blend"
UPDATED TERRAIN MODULE Ground_-5_4 2048
18:54:01 | INFO: Starting glTF 2.0 export
18:54:01 | INFO: Extracting primitive: Ground_-4_4Geometry
18:54:01 | INFO: Primitives created: 1
18:54:01 | INFO: Finished glTF 2.0 export in 0.009802818298339844 s

Info: Saved as "Ground_-4_4.blend"
UPDATED TERRAIN MODULE Ground_-4_4 2048
18:54:01 | INFO: Starting glTF 2.0 export
18:54:01 | INFO: Extracting primitive: Ground_-3_4Geometry
18:54:01 | INFO: Primitives created: 1
18:54:01 | INFO: Finished glTF 2.0 export in 0.008211612701416016 s

Info: Saved as "Ground_-3_4.blend"
UPDATED TERRAIN MODULE Ground_-3_4 2886
18:54:01 | INFO: Starting glTF 2.0 export
18:54:01 | INFO: Extracting primitive: Ground_-2_4Geometry
18:54:01 | INFO: Primitives created: 1
18:54:01 | INFO: Finished glTF 2.0 export in 0.007333993911743164 s

Info: Saved as "Ground_-2_4.blend"
UPDATED TERRAIN MODULE Ground_-2_4 2048
18:54:01 | INFO: Starting glTF 2.0 export
18:54:01 | INFO: Extracting primitive: Ground_-1_4Geometry
18:54:01 | INFO: Primitives created: 1
18:54:01 | INFO: Finished glTF 2.0 export in 0.007910490036010742 s

Info: Saved as "Ground_-1_4.blend"
UPDATED TERRAIN MODULE Ground_-1_4 2048
18:54:01 | INFO: Starting glTF 2.0 export
18:54:01 | INFO: Extracting primitive: Ground_0_4Geometry
18:54:01 | INFO: Primitives created: 1
18:54:01 | INFO: Finished glTF 2.0 export in 0.008538484573364258 s

Info: Saved as "Ground_0_4.blend"
UPDATED TERRAIN MODULE Ground_0_4 2048
18:54:01 | INFO: Starting glTF 2.0 export
18:54:01 | INFO: Extracting primitive: Ground_1_4Geometry
18:54:02 | INFO: Primitives created: 1
18:54:02 | INFO: Finished glTF 2.0 export in 0.008460521697998047 s

Info: Saved as "Ground_1_4.blend"
UPDATED TERRAIN MODULE Ground_1_4 2048
18:54:02 | INFO: Starting glTF 2.0 export
18:54:02 | INFO: Extracting primitive: Ground_2_4Geometry
18:54:02 | INFO: Primitives created: 1
18:54:02 | INFO: Finished glTF 2.0 export in 0.0069811344146728516 s

Info: Saved as "Ground_2_4.blend"
UPDATED TERRAIN MODULE Ground_2_4 2048
18:54:02 | INFO: Starting glTF 2.0 export
18:54:02 | INFO: Extracting primitive: Ground_3_4Geometry
18:54:02 | INFO: Primitives created: 1
18:54:02 | INFO: Finished glTF 2.0 export in 0.006983518600463867 s

Info: Saved as "Ground_3_4.blend"
UPDATED TERRAIN MODULE Ground_3_4 2048
18:54:02 | INFO: Starting glTF 2.0 export
18:54:02 | INFO: Extracting primitive: Ground_4_4Geometry
18:54:02 | INFO: Primitives created: 1
18:54:02 | INFO: Finished glTF 2.0 export in 0.007454633712768555 s

Info: Saved as "Ground_4_4.blend"
UPDATED TERRAIN MODULE Ground_4_4 2048
18:54:02 | INFO: Starting glTF 2.0 export
18:54:02 | INFO: Extracting primitive: Ground_5_4Geometry
18:54:02 | INFO: Primitives created: 1
18:54:02 | INFO: Finished glTF 2.0 export in 0.012561321258544922 s

Info: Saved as "Ground_5_4.blend"
UPDATED TERRAIN MODULE Ground_5_4 2048
18:54:02 | INFO: Starting glTF 2.0 export
18:54:02 | INFO: Extracting primitive: Ground_6_4Geometry
18:54:02 | INFO: Primitives created: 1
18:54:02 | INFO: Finished glTF 2.0 export in 0.030490636825561523 s

Info: Saved as "Ground_6_4.blend"
UPDATED TERRAIN MODULE Ground_6_4 2048
18:54:03 | INFO: Starting glTF 2.0 export
18:54:03 | INFO: Extracting primitive: Ground_-6_5Geometry
18:54:03 | INFO: Primitives created: 1
18:54:03 | INFO: Finished glTF 2.0 export in 0.007977962493896484 s

Info: Saved as "Ground_-6_5.blend"
UPDATED TERRAIN MODULE Ground_-6_5 2048
18:54:03 | INFO: Starting glTF 2.0 export
18:54:03 | INFO: Extracting primitive: Ground_-5_5Geometry
18:54:03 | INFO: Primitives created: 1
18:54:03 | INFO: Finished glTF 2.0 export in 0.00869297981262207 s

Info: Saved as "Ground_-5_5.blend"
UPDATED TERRAIN MODULE Ground_-5_5 2048
18:54:03 | INFO: Starting glTF 2.0 export
18:54:03 | INFO: Extracting primitive: Ground_-4_5Geometry
18:54:03 | INFO: Primitives created: 1
18:54:03 | INFO: Finished glTF 2.0 export in 0.006766319274902344 s

Info: Saved as "Ground_-4_5.blend"
UPDATED TERRAIN MODULE Ground_-4_5 2048
18:54:04 | INFO: Starting glTF 2.0 export
18:54:04 | INFO: Extracting primitive: Ground_-3_5Geometry
18:54:04 | INFO: Primitives created: 1
18:54:04 | INFO: Finished glTF 2.0 export in 0.012055397033691406 s

Info: Saved as "Ground_-3_5.blend"
UPDATED TERRAIN MODULE Ground_-3_5 2840
18:54:04 | INFO: Starting glTF 2.0 export
18:54:04 | INFO: Extracting primitive: Ground_-2_5Geometry
18:54:04 | INFO: Primitives created: 1
18:54:04 | INFO: Finished glTF 2.0 export in 0.006336688995361328 s

Info: Saved as "Ground_-2_5.blend"
UPDATED TERRAIN MODULE Ground_-2_5 2048
18:54:04 | INFO: Starting glTF 2.0 export
18:54:04 | INFO: Extracting primitive: Ground_-1_5Geometry
18:54:04 | INFO: Primitives created: 1
18:54:04 | INFO: Finished glTF 2.0 export in 0.007067203521728516 s

Info: Saved as "Ground_-1_5.blend"
UPDATED TERRAIN MODULE Ground_-1_5 2048
18:54:04 | INFO: Starting glTF 2.0 export
18:54:04 | INFO: Extracting primitive: Ground_0_5Geometry
18:54:04 | INFO: Primitives created: 1
18:54:04 | INFO: Finished glTF 2.0 export in 0.010462284088134766 s

Info: Saved as "Ground_0_5.blend"
UPDATED TERRAIN MODULE Ground_0_5 2048
18:54:05 | INFO: Starting glTF 2.0 export
18:54:05 | INFO: Extracting primitive: Ground_1_5Geometry
18:54:05 | INFO: Primitives created: 1
18:54:05 | INFO: Finished glTF 2.0 export in 0.007978439331054688 s

Info: Saved as "Ground_1_5.blend"
UPDATED TERRAIN MODULE Ground_1_5 2048
18:54:05 | INFO: Starting glTF 2.0 export
18:54:05 | INFO: Extracting primitive: Ground_2_5Geometry
18:54:05 | INFO: Primitives created: 1
18:54:05 | INFO: Finished glTF 2.0 export in 0.007692098617553711 s

Info: Saved as "Ground_2_5.blend"
UPDATED TERRAIN MODULE Ground_2_5 2048
18:54:05 | INFO: Starting glTF 2.0 export
18:54:05 | INFO: Extracting primitive: Ground_3_5Geometry
18:54:05 | INFO: Primitives created: 1
18:54:05 | INFO: Finished glTF 2.0 export in 0.007230043411254883 s

Info: Saved as "Ground_3_5.blend"
UPDATED TERRAIN MODULE Ground_3_5 2048
18:54:06 | INFO: Starting glTF 2.0 export
18:54:06 | INFO: Extracting primitive: Ground_4_5Geometry
18:54:06 | INFO: Primitives created: 1
18:54:06 | INFO: Finished glTF 2.0 export in 0.008047103881835938 s

Info: Saved as "Ground_4_5.blend"
UPDATED TERRAIN MODULE Ground_4_5 2048
18:54:06 | INFO: Starting glTF 2.0 export
18:54:06 | INFO: Extracting primitive: Ground_5_5Geometry
18:54:06 | INFO: Primitives created: 1
18:54:06 | INFO: Finished glTF 2.0 export in 0.0071413516998291016 s

Info: Saved as "Ground_5_5.blend"
UPDATED TERRAIN MODULE Ground_5_5 2048
18:54:06 | INFO: Starting glTF 2.0 export
18:54:06 | INFO: Extracting primitive: Ground_6_5Geometry
18:54:06 | INFO: Primitives created: 1
18:54:06 | INFO: Finished glTF 2.0 export in 0.009501218795776367 s

Info: Saved as "Ground_6_5.blend"
UPDATED TERRAIN MODULE Ground_6_5 2048
Blender 4.5.0 (hash 8cb6b388974a built 2025-07-15 01:36:24)

Blender quit
