INFO Draco mesh compression is available, use library at D:\test6\.tools\blender\blender-4.5.0-windows-x64\4.5\scripts\addons_core\io_scene_gltf2\extern_draco.dll
21:45:34 | INFO: Starting glTF 2.0 export
21:45:34 | INFO: Extracting primitive: cliff_crownGeometry
21:45:34 | INFO: Primitives created: 1
21:45:34 | INFO: Finished glTF 2.0 export in 0.007402896881103516 s

Info: Saved as "cliff_crown.blend"
CLOSED CLIFF MODULE cliff_crown 39 74 621655.7397756408
21:45:34 | INFO: Starting glTF 2.0 export
21:45:34 | INFO: Extracting primitive: cliff_western_slabGeometry
21:45:34 | INFO: Primitives created: 1
21:45:34 | INFO: Finished glTF 2.0 export in 0.00728917121887207 s

Info: Saved as "cliff_western_slab.blend"
CLOSED CLIFF MODULE cliff_western_slab 38 72 318677.0031021457
21:45:34 | INFO: Starting glTF 2.0 export
21:45:34 | INFO: Extracting primitive: cliff_front_columnsGeometry
21:45:34 | INFO: Primitives created: 1
21:45:34 | INFO: Finished glTF 2.0 export in 0.006981611251831055 s

Info: Saved as "cliff_front_columns.blend"
CLOSED CLIFF MODULE cliff_front_columns 44 84 202388.4906487315
21:45:34 | INFO: Starting glTF 2.0 export
21:45:34 | INFO: Extracting primitive: cliff_eastern_plateauGeometry
21:45:34 | INFO: Primitives created: 1
21:45:34 | INFO: Finished glTF 2.0 export in 0.004987955093383789 s

Info: Saved as "cliff_eastern_plateau.blend"
CLOSED CLIFF MODULE cliff_eastern_plateau 44 84 688982.8788465431
21:45:34 | INFO: Starting glTF 2.0 export
21:45:34 | INFO: Extracting primitive: cliff_shadow_buttressGeometry
21:45:34 | INFO: Primitives created: 1
21:45:34 | INFO: Finished glTF 2.0 export in 0.004915475845336914 s

Info: Saved as "cliff_shadow_buttress.blend"
CLOSED CLIFF MODULE cliff_shadow_buttress 30 56 293522.808762395
21:45:34 | INFO: Starting glTF 2.0 export
21:45:34 | INFO: Extracting primitive: cliff_central_wallGeometry
21:45:34 | INFO: Primitives created: 1
21:45:34 | INFO: Finished glTF 2.0 export in 0.004987239837646484 s

Info: Saved as "cliff_central_wall.blend"
CLOSED CLIFF MODULE cliff_central_wall 31 58 184883.13397897614
21:45:34 | INFO: Starting glTF 2.0 export
21:45:34 | INFO: Extracting primitive: cliff_western_mesaGeometry
21:45:34 | INFO: Primitives created: 1
21:45:34 | INFO: Finished glTF 2.0 export in 0.00639653205871582 s

Info: Saved as "cliff_western_mesa.blend"
CLOSED CLIFF MODULE cliff_western_mesa 45 86 991843.7414757935
Blender 4.5.0 (hash 8cb6b388974a built 2025-07-15 01:36:24)

Blender quit
