INFO Draco mesh compression is available, use library at D:\test6\.tools\blender\blender-4.5.0-windows-x64\4.5\scripts\addons_core\io_scene_gltf2\extern_draco.dll
20:14:17 | INFO: Starting glTF 2.0 export
20:14:17 | INFO: Extracting primitive: Ground_-6_-10Geometry
20:14:17 | INFO: Primitives created: 1
20:14:17 | INFO: Finished glTF 2.0 export in 0.013986349105834961 s

Info: Saved as "Ground_-6_-10.blend"
UPDATED TERRAIN MODULE Ground_-6_-10 2048
20:14:17 | INFO: Starting glTF 2.0 export
20:14:17 | INFO: Extracting primitive: Ground_-5_-10Geometry
20:14:17 | INFO: Primitives created: 1
20:14:17 | INFO: Finished glTF 2.0 export in 0.006772518157958984 s

Info: Saved as "Ground_-5_-10.blend"
UPDATED TERRAIN MODULE Ground_-5_-10 2048
20:14:18 | INFO: Starting glTF 2.0 export
20:14:18 | INFO: Extracting primitive: Ground_-4_-10Geometry
20:14:18 | INFO: Primitives created: 1
20:14:18 | INFO: Finished glTF 2.0 export in 0.011207103729248047 s

Info: Saved as "Ground_-4_-10.blend"
UPDATED TERRAIN MODULE Ground_-4_-10 2048
20:14:18 | INFO: Starting glTF 2.0 export
20:14:18 | INFO: Extracting primitive: Ground_-3_-10Geometry
20:14:18 | INFO: Primitives created: 1
20:14:18 | INFO: Finished glTF 2.0 export in 0.017951488494873047 s

Info: Saved as "Ground_-3_-10.blend"
UPDATED TERRAIN MODULE Ground_-3_-10 2048
20:14:18 | INFO: Starting glTF 2.0 export
20:14:18 | INFO: Extracting primitive: Ground_-2_-10Geometry
20:14:18 | INFO: Primitives created: 1
20:14:18 | INFO: Finished glTF 2.0 export in 0.006983518600463867 s

Info: Saved as "Ground_-2_-10.blend"
UPDATED TERRAIN MODULE Ground_-2_-10 2048
20:14:18 | INFO: Starting glTF 2.0 export
20:14:18 | INFO: Extracting primitive: Ground_-1_-10Geometry
20:14:18 | INFO: Primitives created: 1
20:14:18 | INFO: Finished glTF 2.0 export in 0.0068128108978271484 s

Info: Saved as "Ground_-1_-10.blend"
UPDATED TERRAIN MODULE Ground_-1_-10 2048
20:14:19 | INFO: Starting glTF 2.0 export
20:14:19 | INFO: Extracting primitive: Ground_0_-10Geometry
20:14:19 | INFO: Primitives created: 1
20:14:19 | INFO: Finished glTF 2.0 export in 0.00598597526550293 s

Info: Saved as "Ground_0_-10.blend"
UPDATED TERRAIN MODULE Ground_0_-10 2048
20:14:19 | INFO: Starting glTF 2.0 export
20:14:19 | INFO: Extracting primitive: Ground_1_-10Geometry
20:14:19 | INFO: Primitives created: 1
20:14:19 | INFO: Finished glTF 2.0 export in 0.007653236389160156 s

Info: Saved as "Ground_1_-10.blend"
UPDATED TERRAIN MODULE Ground_1_-10 2048
20:14:19 | INFO: Starting glTF 2.0 export
20:14:19 | INFO: Extracting primitive: Ground_2_-10Geometry
20:14:19 | INFO: Primitives created: 1
20:14:19 | INFO: Finished glTF 2.0 export in 0.008977174758911133 s

Info: Saved as "Ground_2_-10.blend"
UPDATED TERRAIN MODULE Ground_2_-10 2048
20:14:19 | INFO: Starting glTF 2.0 export
20:14:19 | INFO: Extracting primitive: Ground_3_-10Geometry
20:14:19 | INFO: Primitives created: 1
20:14:19 | INFO: Finished glTF 2.0 export in 0.007377147674560547 s

Info: Saved as "Ground_3_-10.blend"
UPDATED TERRAIN MODULE Ground_3_-10 2048
20:14:20 | INFO: Starting glTF 2.0 export
20:14:20 | INFO: Extracting primitive: Ground_4_-10Geometry
20:14:20 | INFO: Primitives created: 1
20:14:20 | INFO: Finished glTF 2.0 export in 0.010970830917358398 s

Info: Saved as "Ground_4_-10.blend"
UPDATED TERRAIN MODULE Ground_4_-10 2048
20:14:20 | INFO: Starting glTF 2.0 export
20:14:20 | INFO: Extracting primitive: Ground_5_-10Geometry
20:14:20 | INFO: Primitives created: 1
20:14:20 | INFO: Finished glTF 2.0 export in 0.006754159927368164 s

Info: Saved as "Ground_5_-10.blend"
UPDATED TERRAIN MODULE Ground_5_-10 2048
20:14:20 | INFO: Starting glTF 2.0 export
20:14:20 | INFO: Extracting primitive: Ground_6_-10Geometry
20:14:20 | INFO: Primitives created: 1
20:14:20 | INFO: Finished glTF 2.0 export in 0.010811805725097656 s

Info: Saved as "Ground_6_-10.blend"
UPDATED TERRAIN MODULE Ground_6_-10 2048
20:14:20 | INFO: Starting glTF 2.0 export
20:14:20 | INFO: Extracting primitive: Ground_-6_-9Geometry
20:14:20 | INFO: Primitives created: 1
20:14:20 | INFO: Finished glTF 2.0 export in 0.006812572479248047 s

Info: Saved as "Ground_-6_-9.blend"
UPDATED TERRAIN MODULE Ground_-6_-9 2048
20:14:21 | INFO: Starting glTF 2.0 export
20:14:21 | INFO: Extracting primitive: Ground_-5_-9Geometry
20:14:21 | INFO: Primitives created: 1
20:14:21 | INFO: Finished glTF 2.0 export in 0.00890350341796875 s

Info: Saved as "Ground_-5_-9.blend"
UPDATED TERRAIN MODULE Ground_-5_-9 2048
20:14:21 | INFO: Starting glTF 2.0 export
20:14:21 | INFO: Extracting primitive: Ground_-4_-9Geometry
20:14:21 | INFO: Primitives created: 1
20:14:21 | INFO: Finished glTF 2.0 export in 0.006039619445800781 s

Info: Saved as "Ground_-4_-9.blend"
UPDATED TERRAIN MODULE Ground_-4_-9 2048
20:14:21 | INFO: Starting glTF 2.0 export
20:14:21 | INFO: Extracting primitive: Ground_-3_-9Geometry
20:14:21 | INFO: Primitives created: 1
20:14:21 | INFO: Finished glTF 2.0 export in 0.008765697479248047 s

Info: Saved as "Ground_-3_-9.blend"
UPDATED TERRAIN MODULE Ground_-3_-9 2048
20:14:21 | INFO: Starting glTF 2.0 export
20:14:21 | INFO: Extracting primitive: Ground_-2_-9Geometry
20:14:21 | INFO: Primitives created: 1
20:14:21 | INFO: Finished glTF 2.0 export in 0.009404897689819336 s

Info: Saved as "Ground_-2_-9.blend"
UPDATED TERRAIN MODULE Ground_-2_-9 2048
20:14:21 | INFO: Starting glTF 2.0 export
20:14:21 | INFO: Extracting primitive: Ground_-1_-9Geometry
20:14:21 | INFO: Primitives created: 1
20:14:21 | INFO: Finished glTF 2.0 export in 0.006983518600463867 s

Info: Saved as "Ground_-1_-9.blend"
UPDATED TERRAIN MODULE Ground_-1_-9 2048
20:14:21 | INFO: Starting glTF 2.0 export
20:14:21 | INFO: Extracting primitive: Ground_0_-9Geometry
20:14:21 | INFO: Primitives created: 1
20:14:21 | INFO: Finished glTF 2.0 export in 0.007077932357788086 s

Info: Saved as "Ground_0_-9.blend"
UPDATED TERRAIN MODULE Ground_0_-9 2048
20:14:21 | INFO: Starting glTF 2.0 export
20:14:21 | INFO: Extracting primitive: Ground_1_-9Geometry
20:14:21 | INFO: Primitives created: 1
20:14:21 | INFO: Finished glTF 2.0 export in 0.006979465484619141 s

Info: Saved as "Ground_1_-9.blend"
UPDATED TERRAIN MODULE Ground_1_-9 2048
20:14:21 | INFO: Starting glTF 2.0 export
20:14:21 | INFO: Extracting primitive: Ground_2_-9Geometry
20:14:21 | INFO: Primitives created: 1
20:14:22 | INFO: Finished glTF 2.0 export in 0.011447429656982422 s

Info: Saved as "Ground_2_-9.blend"
UPDATED TERRAIN MODULE Ground_2_-9 2048
20:14:22 | INFO: Starting glTF 2.0 export
20:14:22 | INFO: Extracting primitive: Ground_3_-9Geometry
20:14:22 | INFO: Primitives created: 1
20:14:22 | INFO: Finished glTF 2.0 export in 0.007985353469848633 s

Info: Saved as "Ground_3_-9.blend"
UPDATED TERRAIN MODULE Ground_3_-9 2048
20:14:22 | INFO: Starting glTF 2.0 export
20:14:22 | INFO: Extracting primitive: Ground_4_-9Geometry
20:14:22 | INFO: Primitives created: 1
20:14:22 | INFO: Finished glTF 2.0 export in 0.006497383117675781 s

Info: Saved as "Ground_4_-9.blend"
UPDATED TERRAIN MODULE Ground_4_-9 2048
20:14:22 | INFO: Starting glTF 2.0 export
20:14:22 | INFO: Extracting primitive: Ground_5_-9Geometry
20:14:22 | INFO: Primitives created: 1
20:14:22 | INFO: Finished glTF 2.0 export in 0.0069849491119384766 s

Info: Saved as "Ground_5_-9.blend"
UPDATED TERRAIN MODULE Ground_5_-9 2048
20:14:22 | INFO: Starting glTF 2.0 export
20:14:22 | INFO: Extracting primitive: Ground_6_-9Geometry
20:14:22 | INFO: Primitives created: 1
20:14:22 | INFO: Finished glTF 2.0 export in 0.008904218673706055 s

Info: Saved as "Ground_6_-9.blend"
UPDATED TERRAIN MODULE Ground_6_-9 2048
20:14:22 | INFO: Starting glTF 2.0 export
20:14:22 | INFO: Extracting primitive: Ground_-6_-8Geometry
20:14:22 | INFO: Primitives created: 1
20:14:22 | INFO: Finished glTF 2.0 export in 0.007979154586791992 s

Info: Saved as "Ground_-6_-8.blend"
UPDATED TERRAIN MODULE Ground_-6_-8 2586
20:14:23 | INFO: Starting glTF 2.0 export
20:14:23 | INFO: Extracting primitive: Ground_-5_-8Geometry
20:14:23 | INFO: Primitives created: 1
20:14:23 | INFO: Finished glTF 2.0 export in 0.007103919982910156 s

Info: Saved as "Ground_-5_-8.blend"
UPDATED TERRAIN MODULE Ground_-5_-8 2048
20:14:23 | INFO: Starting glTF 2.0 export
20:14:23 | INFO: Extracting primitive: Ground_-4_-8Geometry
20:14:23 | INFO: Primitives created: 1
20:14:23 | INFO: Finished glTF 2.0 export in 0.0059850215911865234 s

Info: Saved as "Ground_-4_-8.blend"
UPDATED TERRAIN MODULE Ground_-4_-8 2048
20:14:23 | INFO: Starting glTF 2.0 export
20:14:23 | INFO: Extracting primitive: Ground_-3_-8Geometry
20:14:23 | INFO: Primitives created: 1
20:14:23 | INFO: Finished glTF 2.0 export in 0.005986213684082031 s

Info: Saved as "Ground_-3_-8.blend"
UPDATED TERRAIN MODULE Ground_-3_-8 2048
20:14:23 | INFO: Starting glTF 2.0 export
20:14:23 | INFO: Extracting primitive: Ground_-2_-8Geometry
20:14:23 | INFO: Primitives created: 1
20:14:23 | INFO: Finished glTF 2.0 export in 0.00899958610534668 s

Info: Saved as "Ground_-2_-8.blend"
UPDATED TERRAIN MODULE Ground_-2_-8 2048
20:14:23 | INFO: Starting glTF 2.0 export
20:14:23 | INFO: Extracting primitive: Ground_-1_-8Geometry
20:14:23 | INFO: Primitives created: 1
20:14:23 | INFO: Finished glTF 2.0 export in 0.0069887638092041016 s

Info: Saved as "Ground_-1_-8.blend"
UPDATED TERRAIN MODULE Ground_-1_-8 2048
20:14:23 | INFO: Starting glTF 2.0 export
20:14:23 | INFO: Extracting primitive: Ground_0_-8Geometry
20:14:23 | INFO: Primitives created: 1
20:14:23 | INFO: Finished glTF 2.0 export in 0.00722050666809082 s

Info: Saved as "Ground_0_-8.blend"
UPDATED TERRAIN MODULE Ground_0_-8 2048
20:14:23 | INFO: Starting glTF 2.0 export
20:14:23 | INFO: Extracting primitive: Ground_1_-8Geometry
20:14:23 | INFO: Primitives created: 1
20:14:23 | INFO: Finished glTF 2.0 export in 0.00598454475402832 s

Info: Saved as "Ground_1_-8.blend"
UPDATED TERRAIN MODULE Ground_1_-8 2048
20:14:24 | INFO: Starting glTF 2.0 export
20:14:24 | INFO: Extracting primitive: Ground_2_-8Geometry
20:14:24 | INFO: Primitives created: 1
20:14:24 | INFO: Finished glTF 2.0 export in 0.010972738265991211 s

Info: Saved as "Ground_2_-8.blend"
UPDATED TERRAIN MODULE Ground_2_-8 2048
20:14:24 | INFO: Starting glTF 2.0 export
20:14:24 | INFO: Extracting primitive: Ground_3_-8Geometry
20:14:24 | INFO: Primitives created: 1
20:14:24 | INFO: Finished glTF 2.0 export in 0.006981372833251953 s

Info: Saved as "Ground_3_-8.blend"
UPDATED TERRAIN MODULE Ground_3_-8 2048
20:14:24 | INFO: Starting glTF 2.0 export
20:14:24 | INFO: Extracting primitive: Ground_4_-8Geometry
20:14:24 | INFO: Primitives created: 1
20:14:24 | INFO: Finished glTF 2.0 export in 0.006983757019042969 s

Info: Saved as "Ground_4_-8.blend"
UPDATED TERRAIN MODULE Ground_4_-8 2048
20:14:24 | INFO: Starting glTF 2.0 export
20:14:24 | INFO: Extracting primitive: Ground_5_-8Geometry
20:14:24 | INFO: Primitives created: 1
20:14:24 | INFO: Finished glTF 2.0 export in 0.009194135665893555 s

Info: Saved as "Ground_5_-8.blend"
UPDATED TERRAIN MODULE Ground_5_-8 2048
20:14:24 | INFO: Starting glTF 2.0 export
20:14:24 | INFO: Extracting primitive: Ground_6_-8Geometry
20:14:24 | INFO: Primitives created: 1
20:14:24 | INFO: Finished glTF 2.0 export in 0.00983428955078125 s

Info: Saved as "Ground_6_-8.blend"
UPDATED TERRAIN MODULE Ground_6_-8 2048
20:14:25 | INFO: Starting glTF 2.0 export
20:14:25 | INFO: Extracting primitive: Ground_-6_-7Geometry
20:14:25 | INFO: Primitives created: 1
20:14:25 | INFO: Finished glTF 2.0 export in 0.007980585098266602 s

Info: Saved as "Ground_-6_-7.blend"
UPDATED TERRAIN MODULE Ground_-6_-7 2942
20:14:25 | INFO: Starting glTF 2.0 export
20:14:25 | INFO: Extracting primitive: Ground_-5_-7Geometry
20:14:25 | INFO: Primitives created: 1
20:14:25 | INFO: Finished glTF 2.0 export in 0.007985115051269531 s

Info: Saved as "Ground_-5_-7.blend"
UPDATED TERRAIN MODULE Ground_-5_-7 2048
20:14:25 | INFO: Starting glTF 2.0 export
20:14:25 | INFO: Extracting primitive: Ground_-4_-7Geometry
20:14:25 | INFO: Primitives created: 1
20:14:25 | INFO: Finished glTF 2.0 export in 0.008024930953979492 s

Info: Saved as "Ground_-4_-7.blend"
UPDATED TERRAIN MODULE Ground_-4_-7 2048
20:14:25 | INFO: Starting glTF 2.0 export
20:14:25 | INFO: Extracting primitive: Ground_-3_-7Geometry
20:14:25 | INFO: Primitives created: 1
20:14:25 | INFO: Finished glTF 2.0 export in 0.005985260009765625 s

Info: Saved as "Ground_-3_-7.blend"
UPDATED TERRAIN MODULE Ground_-3_-7 2048
20:14:25 | INFO: Starting glTF 2.0 export
20:14:25 | INFO: Extracting primitive: Ground_-2_-7Geometry
20:14:25 | INFO: Primitives created: 1
20:14:25 | INFO: Finished glTF 2.0 export in 0.008267879486083984 s

Info: Saved as "Ground_-2_-7.blend"
UPDATED TERRAIN MODULE Ground_-2_-7 2048
20:14:25 | INFO: Starting glTF 2.0 export
20:14:25 | INFO: Extracting primitive: Ground_-1_-7Geometry
20:14:25 | INFO: Primitives created: 1
20:14:25 | INFO: Finished glTF 2.0 export in 0.009973526000976562 s

Info: Saved as "Ground_-1_-7.blend"
UPDATED TERRAIN MODULE Ground_-1_-7 2048
20:14:25 | INFO: Starting glTF 2.0 export
20:14:25 | INFO: Extracting primitive: Ground_0_-7Geometry
20:14:25 | INFO: Primitives created: 1
20:14:25 | INFO: Finished glTF 2.0 export in 0.00861668586730957 s

Info: Saved as "Ground_0_-7.blend"
UPDATED TERRAIN MODULE Ground_0_-7 2048
20:14:26 | INFO: Starting glTF 2.0 export
20:14:26 | INFO: Extracting primitive: Ground_1_-7Geometry
20:14:26 | INFO: Primitives created: 1
20:14:26 | INFO: Finished glTF 2.0 export in 0.0063762664794921875 s

Info: Saved as "Ground_1_-7.blend"
UPDATED TERRAIN MODULE Ground_1_-7 2048
20:14:26 | INFO: Starting glTF 2.0 export
20:14:26 | INFO: Extracting primitive: Ground_2_-7Geometry
20:14:26 | INFO: Primitives created: 1
20:14:26 | INFO: Finished glTF 2.0 export in 0.005986213684082031 s

Info: Saved as "Ground_2_-7.blend"
UPDATED TERRAIN MODULE Ground_2_-7 2048
20:14:26 | INFO: Starting glTF 2.0 export
20:14:26 | INFO: Extracting primitive: Ground_3_-7Geometry
20:14:26 | INFO: Primitives created: 1
20:14:26 | INFO: Finished glTF 2.0 export in 0.026307344436645508 s

Info: Saved as "Ground_3_-7.blend"
UPDATED TERRAIN MODULE Ground_3_-7 2048
20:14:26 | INFO: Starting glTF 2.0 export
20:14:26 | INFO: Extracting primitive: Ground_4_-7Geometry
20:14:26 | INFO: Primitives created: 1
20:14:26 | INFO: Finished glTF 2.0 export in 0.00748443603515625 s

Info: Saved as "Ground_4_-7.blend"
UPDATED TERRAIN MODULE Ground_4_-7 2048
20:14:26 | INFO: Starting glTF 2.0 export
20:14:26 | INFO: Extracting primitive: Ground_5_-7Geometry
20:14:26 | INFO: Primitives created: 1
20:14:26 | INFO: Finished glTF 2.0 export in 0.0056760311126708984 s

Info: Saved as "Ground_5_-7.blend"
UPDATED TERRAIN MODULE Ground_5_-7 2048
20:14:26 | INFO: Starting glTF 2.0 export
20:14:26 | INFO: Extracting primitive: Ground_6_-7Geometry
20:14:26 | INFO: Primitives created: 1
20:14:26 | INFO: Finished glTF 2.0 export in 0.007978439331054688 s

Info: Saved as "Ground_6_-7.blend"
UPDATED TERRAIN MODULE Ground_6_-7 2048
20:14:27 | INFO: Starting glTF 2.0 export
20:14:27 | INFO: Extracting primitive: Ground_-6_-6Geometry
20:14:27 | INFO: Primitives created: 1
20:14:27 | INFO: Finished glTF 2.0 export in 0.0064313411712646484 s

Info: Saved as "Ground_-6_-6.blend"
UPDATED TERRAIN MODULE Ground_-6_-6 2236
20:14:27 | INFO: Starting glTF 2.0 export
20:14:27 | INFO: Extracting primitive: Ground_-5_-6Geometry
20:14:27 | INFO: Primitives created: 1
20:14:27 | INFO: Finished glTF 2.0 export in 0.008975744247436523 s

Info: Saved as "Ground_-5_-6.blend"
UPDATED TERRAIN MODULE Ground_-5_-6 2788
20:14:27 | INFO: Starting glTF 2.0 export
20:14:27 | INFO: Extracting primitive: Ground_-4_-6Geometry
20:14:27 | INFO: Primitives created: 1
20:14:27 | INFO: Finished glTF 2.0 export in 0.010972023010253906 s

Info: Saved as "Ground_-4_-6.blend"
UPDATED TERRAIN MODULE Ground_-4_-6 2048
20:14:27 | INFO: Starting glTF 2.0 export
20:14:27 | INFO: Extracting primitive: Ground_-3_-6Geometry
20:14:27 | INFO: Primitives created: 1
20:14:27 | INFO: Finished glTF 2.0 export in 0.006983280181884766 s

Info: Saved as "Ground_-3_-6.blend"
UPDATED TERRAIN MODULE Ground_-3_-6 2048
20:14:27 | INFO: Starting glTF 2.0 export
20:14:27 | INFO: Extracting primitive: Ground_-2_-6Geometry
20:14:27 | INFO: Primitives created: 1
20:14:27 | INFO: Finished glTF 2.0 export in 0.005984067916870117 s

Info: Saved as "Ground_-2_-6.blend"
UPDATED TERRAIN MODULE Ground_-2_-6 2048
20:14:27 | INFO: Starting glTF 2.0 export
20:14:27 | INFO: Extracting primitive: Ground_-1_-6Geometry
20:14:27 | INFO: Primitives created: 1
20:14:27 | INFO: Finished glTF 2.0 export in 0.007757663726806641 s

Info: Saved as "Ground_-1_-6.blend"
UPDATED TERRAIN MODULE Ground_-1_-6 2048
20:14:28 | INFO: Starting glTF 2.0 export
20:14:28 | INFO: Extracting primitive: Ground_0_-6Geometry
20:14:28 | INFO: Primitives created: 1
20:14:28 | INFO: Finished glTF 2.0 export in 0.00797891616821289 s

Info: Saved as "Ground_0_-6.blend"
UPDATED TERRAIN MODULE Ground_0_-6 2048
20:14:28 | INFO: Starting glTF 2.0 export
20:14:28 | INFO: Extracting primitive: Ground_1_-6Geometry
20:14:28 | INFO: Primitives created: 1
20:14:28 | INFO: Finished glTF 2.0 export in 0.005873918533325195 s

Info: Saved as "Ground_1_-6.blend"
UPDATED TERRAIN MODULE Ground_1_-6 2048
20:14:28 | INFO: Starting glTF 2.0 export
20:14:28 | INFO: Extracting primitive: Ground_2_-6Geometry
20:14:28 | INFO: Primitives created: 1
20:14:28 | INFO: Finished glTF 2.0 export in 0.008077859878540039 s

Info: Saved as "Ground_2_-6.blend"
UPDATED TERRAIN MODULE Ground_2_-6 2048
20:14:28 | INFO: Starting glTF 2.0 export
20:14:28 | INFO: Extracting primitive: Ground_3_-6Geometry
20:14:28 | INFO: Primitives created: 1
20:14:28 | INFO: Finished glTF 2.0 export in 0.005948305130004883 s

Info: Saved as "Ground_3_-6.blend"
UPDATED TERRAIN MODULE Ground_3_-6 2048
20:14:28 | INFO: Starting glTF 2.0 export
20:14:28 | INFO: Extracting primitive: Ground_4_-6Geometry
20:14:28 | INFO: Primitives created: 1
20:14:28 | INFO: Finished glTF 2.0 export in 0.01103353500366211 s

Info: Saved as "Ground_4_-6.blend"
UPDATED TERRAIN MODULE Ground_4_-6 2048
20:14:28 | INFO: Starting glTF 2.0 export
20:14:28 | INFO: Extracting primitive: Ground_5_-6Geometry
20:14:28 | INFO: Primitives created: 1
20:14:28 | INFO: Finished glTF 2.0 export in 0.00901174545288086 s

Info: Saved as "Ground_5_-6.blend"
UPDATED TERRAIN MODULE Ground_5_-6 2048
20:14:29 | INFO: Starting glTF 2.0 export
20:14:29 | INFO: Extracting primitive: Ground_6_-6Geometry
20:14:29 | INFO: Primitives created: 1
20:14:29 | INFO: Finished glTF 2.0 export in 0.008833885192871094 s

Info: Saved as "Ground_6_-6.blend"
UPDATED TERRAIN MODULE Ground_6_-6 2048
20:14:29 | INFO: Starting glTF 2.0 export
20:14:29 | INFO: Extracting primitive: Ground_-6_-5Geometry
20:14:29 | INFO: Primitives created: 1
20:14:29 | INFO: Finished glTF 2.0 export in 0.006982564926147461 s

Info: Saved as "Ground_-6_-5.blend"
UPDATED TERRAIN MODULE Ground_-6_-5 2048
20:14:29 | INFO: Starting glTF 2.0 export
20:14:29 | INFO: Extracting primitive: Ground_-5_-5Geometry
20:14:29 | INFO: Primitives created: 1
20:14:29 | INFO: Finished glTF 2.0 export in 0.0279085636138916 s

Info: Saved as "Ground_-5_-5.blend"
UPDATED TERRAIN MODULE Ground_-5_-5 2716
20:14:29 | INFO: Starting glTF 2.0 export
20:14:29 | INFO: Extracting primitive: Ground_-4_-5Geometry
20:14:29 | INFO: Primitives created: 1
20:14:29 | INFO: Finished glTF 2.0 export in 0.008020162582397461 s

Info: Saved as "Ground_-4_-5.blend"
UPDATED TERRAIN MODULE Ground_-4_-5 2308
20:14:29 | INFO: Starting glTF 2.0 export
20:14:29 | INFO: Extracting primitive: Ground_-3_-5Geometry
20:14:29 | INFO: Primitives created: 1
20:14:29 | INFO: Finished glTF 2.0 export in 0.009390830993652344 s

Info: Saved as "Ground_-3_-5.blend"
UPDATED TERRAIN MODULE Ground_-3_-5 2080
20:14:29 | INFO: Starting glTF 2.0 export
20:14:29 | INFO: Extracting primitive: Ground_-2_-5Geometry
20:14:29 | INFO: Primitives created: 1
20:14:29 | INFO: Finished glTF 2.0 export in 0.008981943130493164 s

Info: Saved as "Ground_-2_-5.blend"
UPDATED TERRAIN MODULE Ground_-2_-5 2048
20:14:30 | INFO: Starting glTF 2.0 export
20:14:30 | INFO: Extracting primitive: Ground_-1_-5Geometry
20:14:30 | INFO: Primitives created: 1
20:14:30 | INFO: Finished glTF 2.0 export in 0.008972644805908203 s

Info: Saved as "Ground_-1_-5.blend"
UPDATED TERRAIN MODULE Ground_-1_-5 2048
20:14:30 | INFO: Starting glTF 2.0 export
20:14:30 | INFO: Extracting primitive: Ground_0_-5Geometry
20:14:30 | INFO: Primitives created: 1
20:14:30 | INFO: Finished glTF 2.0 export in 0.006775856018066406 s

Info: Saved as "Ground_0_-5.blend"
UPDATED TERRAIN MODULE Ground_0_-5 2048
20:14:30 | INFO: Starting glTF 2.0 export
20:14:30 | INFO: Extracting primitive: Ground_1_-5Geometry
20:14:30 | INFO: Primitives created: 1
20:14:30 | INFO: Finished glTF 2.0 export in 0.007733345031738281 s

Info: Saved as "Ground_1_-5.blend"
UPDATED TERRAIN MODULE Ground_1_-5 2112
20:14:30 | INFO: Starting glTF 2.0 export
20:14:30 | INFO: Extracting primitive: Ground_2_-5Geometry
20:14:30 | INFO: Primitives created: 1
20:14:30 | INFO: Finished glTF 2.0 export in 0.006040096282958984 s

Info: Saved as "Ground_2_-5.blend"
UPDATED TERRAIN MODULE Ground_2_-5 2048
20:14:30 | INFO: Starting glTF 2.0 export
20:14:30 | INFO: Extracting primitive: Ground_3_-5Geometry
20:14:30 | INFO: Primitives created: 1
20:14:30 | INFO: Finished glTF 2.0 export in 0.00797724723815918 s

Info: Saved as "Ground_3_-5.blend"
UPDATED TERRAIN MODULE Ground_3_-5 2048
20:14:30 | INFO: Starting glTF 2.0 export
20:14:30 | INFO: Extracting primitive: Ground_4_-5Geometry
20:14:30 | INFO: Primitives created: 1
20:14:30 | INFO: Finished glTF 2.0 export in 0.008971691131591797 s

Info: Saved as "Ground_4_-5.blend"
UPDATED TERRAIN MODULE Ground_4_-5 2048
20:14:31 | INFO: Starting glTF 2.0 export
20:14:31 | INFO: Extracting primitive: Ground_5_-5Geometry
20:14:31 | INFO: Primitives created: 1
20:14:31 | INFO: Finished glTF 2.0 export in 0.009974002838134766 s

Info: Saved as "Ground_5_-5.blend"
UPDATED TERRAIN MODULE Ground_5_-5 2048
20:14:31 | INFO: Starting glTF 2.0 export
20:14:31 | INFO: Extracting primitive: Ground_6_-5Geometry
20:14:31 | INFO: Primitives created: 1
20:14:31 | INFO: Finished glTF 2.0 export in 0.00749659538269043 s

Info: Saved as "Ground_6_-5.blend"
UPDATED TERRAIN MODULE Ground_6_-5 2048
20:14:31 | INFO: Starting glTF 2.0 export
20:14:31 | INFO: Extracting primitive: Ground_-6_-4Geometry
20:14:31 | INFO: Primitives created: 1
20:14:31 | INFO: Finished glTF 2.0 export in 0.007092475891113281 s

Info: Saved as "Ground_-6_-4.blend"
UPDATED TERRAIN MODULE Ground_-6_-4 2048
20:14:31 | INFO: Starting glTF 2.0 export
20:14:31 | INFO: Extracting primitive: Ground_-5_-4Geometry
20:14:31 | INFO: Primitives created: 1
20:14:31 | INFO: Finished glTF 2.0 export in 0.007977962493896484 s

Info: Saved as "Ground_-5_-4.blend"
UPDATED TERRAIN MODULE Ground_-5_-4 2048
20:14:31 | INFO: Starting glTF 2.0 export
20:14:31 | INFO: Extracting primitive: Ground_-4_-4Geometry
20:14:31 | INFO: Primitives created: 1
20:14:31 | INFO: Finished glTF 2.0 export in 0.007985830307006836 s

Info: Saved as "Ground_-4_-4.blend"
UPDATED TERRAIN MODULE Ground_-4_-4 2968
20:14:32 | INFO: Starting glTF 2.0 export
20:14:32 | INFO: Extracting primitive: Ground_-3_-4Geometry
20:14:32 | INFO: Primitives created: 1
20:14:32 | INFO: Finished glTF 2.0 export in 0.006982088088989258 s

Info: Saved as "Ground_-3_-4.blend"
UPDATED TERRAIN MODULE Ground_-3_-4 2048
20:14:32 | INFO: Starting glTF 2.0 export
20:14:32 | INFO: Extracting primitive: Ground_-2_-4Geometry
20:14:32 | INFO: Primitives created: 1
20:14:32 | INFO: Finished glTF 2.0 export in 0.00799417495727539 s

Info: Saved as "Ground_-2_-4.blend"
UPDATED TERRAIN MODULE Ground_-2_-4 2048
20:14:32 | INFO: Starting glTF 2.0 export
20:14:32 | INFO: Extracting primitive: Ground_-1_-4Geometry
20:14:32 | INFO: Primitives created: 1
20:14:32 | INFO: Finished glTF 2.0 export in 0.00797891616821289 s

Info: Saved as "Ground_-1_-4.blend"
UPDATED TERRAIN MODULE Ground_-1_-4 2048
20:14:32 | INFO: Starting glTF 2.0 export
20:14:32 | INFO: Extracting primitive: Ground_0_-4Geometry
20:14:32 | INFO: Primitives created: 1
20:14:32 | INFO: Finished glTF 2.0 export in 0.008975982666015625 s

Info: Saved as "Ground_0_-4.blend"
UPDATED TERRAIN MODULE Ground_0_-4 2065
20:14:32 | INFO: Starting glTF 2.0 export
20:14:32 | INFO: Extracting primitive: Ground_1_-4Geometry
20:14:32 | INFO: Primitives created: 1
20:14:32 | INFO: Finished glTF 2.0 export in 0.007992744445800781 s

Info: Saved as "Ground_1_-4.blend"
UPDATED TERRAIN MODULE Ground_1_-4 2644
20:14:32 | INFO: Starting glTF 2.0 export
20:14:32 | INFO: Extracting primitive: Ground_2_-4Geometry
20:14:32 | INFO: Primitives created: 1
20:14:32 | INFO: Finished glTF 2.0 export in 0.008017539978027344 s

Info: Saved as "Ground_2_-4.blend"
UPDATED TERRAIN MODULE Ground_2_-4 2226
20:14:32 | INFO: Starting glTF 2.0 export
20:14:32 | INFO: Extracting primitive: Ground_3_-4Geometry
20:14:33 | INFO: Primitives created: 1
20:14:33 | INFO: Finished glTF 2.0 export in 0.007486820220947266 s

Info: Saved as "Ground_3_-4.blend"
UPDATED TERRAIN MODULE Ground_3_-4 2048
20:14:33 | INFO: Starting glTF 2.0 export
20:14:33 | INFO: Extracting primitive: Ground_4_-4Geometry
20:14:33 | INFO: Primitives created: 1
20:14:33 | INFO: Finished glTF 2.0 export in 0.011968135833740234 s

Info: Saved as "Ground_4_-4.blend"
UPDATED TERRAIN MODULE Ground_4_-4 2048
20:14:33 | INFO: Starting glTF 2.0 export
20:14:33 | INFO: Extracting primitive: Ground_5_-4Geometry
20:14:33 | INFO: Primitives created: 1
20:14:33 | INFO: Finished glTF 2.0 export in 0.008839607238769531 s

Info: Saved as "Ground_5_-4.blend"
UPDATED TERRAIN MODULE Ground_5_-4 2050
20:14:33 | INFO: Starting glTF 2.0 export
20:14:33 | INFO: Extracting primitive: Ground_6_-4Geometry
20:14:33 | INFO: Primitives created: 1
20:14:33 | INFO: Finished glTF 2.0 export in 0.023011207580566406 s

Info: Saved as "Ground_6_-4.blend"
UPDATED TERRAIN MODULE Ground_6_-4 2048
20:14:33 | INFO: Starting glTF 2.0 export
20:14:33 | INFO: Extracting primitive: Ground_-6_-3Geometry
20:14:33 | INFO: Primitives created: 1
20:14:33 | INFO: Finished glTF 2.0 export in 0.009256124496459961 s

Info: Saved as "Ground_-6_-3.blend"
UPDATED TERRAIN MODULE Ground_-6_-3 2048
20:14:33 | INFO: Starting glTF 2.0 export
20:14:33 | INFO: Extracting primitive: Ground_-5_-3Geometry
20:14:33 | INFO: Primitives created: 1
20:14:33 | INFO: Finished glTF 2.0 export in 0.009209871292114258 s

Info: Saved as "Ground_-5_-3.blend"
UPDATED TERRAIN MODULE Ground_-5_-3 2048
20:14:34 | INFO: Starting glTF 2.0 export
20:14:34 | INFO: Extracting primitive: Ground_-4_-3Geometry
20:14:34 | INFO: Primitives created: 1
20:14:34 | INFO: Finished glTF 2.0 export in 0.006987333297729492 s

Info: Saved as "Ground_-4_-3.blend"
UPDATED TERRAIN MODULE Ground_-4_-3 2276
20:14:34 | INFO: Starting glTF 2.0 export
20:14:34 | INFO: Extracting primitive: Ground_-3_-3Geometry
20:14:34 | INFO: Primitives created: 1
20:14:34 | INFO: Finished glTF 2.0 export in 0.011411428451538086 s

Info: Saved as "Ground_-3_-3.blend"
UPDATED TERRAIN MODULE Ground_-3_-3 2748
20:14:34 | INFO: Starting glTF 2.0 export
20:14:34 | INFO: Extracting primitive: Ground_-2_-3Geometry
20:14:34 | INFO: Primitives created: 1
20:14:34 | INFO: Finished glTF 2.0 export in 0.008975982666015625 s

Info: Saved as "Ground_-2_-3.blend"
UPDATED TERRAIN MODULE Ground_-2_-3 2048
20:14:34 | INFO: Starting glTF 2.0 export
20:14:34 | INFO: Extracting primitive: Ground_-1_-3Geometry
20:14:34 | INFO: Primitives created: 1
20:14:34 | INFO: Finished glTF 2.0 export in 0.006981372833251953 s

Info: Saved as "Ground_-1_-3.blend"
UPDATED TERRAIN MODULE Ground_-1_-3 2052
20:14:34 | INFO: Starting glTF 2.0 export
20:14:34 | INFO: Extracting primitive: Ground_0_-3Geometry
20:14:34 | INFO: Primitives created: 1
20:14:34 | INFO: Finished glTF 2.0 export in 0.009485483169555664 s

Info: Saved as "Ground_0_-3.blend"
UPDATED TERRAIN MODULE Ground_0_-3 2303
20:14:34 | INFO: Starting glTF 2.0 export
20:14:34 | INFO: Extracting primitive: Ground_1_-3Geometry
20:14:34 | INFO: Primitives created: 1
20:14:34 | INFO: Finished glTF 2.0 export in 0.00797581672668457 s

Info: Saved as "Ground_1_-3.blend"
UPDATED TERRAIN MODULE Ground_1_-3 2142
20:14:35 | INFO: Starting glTF 2.0 export
20:14:35 | INFO: Extracting primitive: Ground_2_-3Geometry
20:14:35 | INFO: Primitives created: 1
20:14:35 | INFO: Finished glTF 2.0 export in 0.007980108261108398 s

Info: Saved as "Ground_2_-3.blend"
UPDATED TERRAIN MODULE Ground_2_-3 2100
20:14:35 | INFO: Starting glTF 2.0 export
20:14:35 | INFO: Extracting primitive: Ground_3_-3Geometry
20:14:35 | INFO: Primitives created: 1
20:14:35 | INFO: Finished glTF 2.0 export in 0.00697779655456543 s

Info: Saved as "Ground_3_-3.blend"
UPDATED TERRAIN MODULE Ground_3_-3 2048
20:14:35 | INFO: Starting glTF 2.0 export
20:14:35 | INFO: Extracting primitive: Ground_4_-3Geometry
20:14:35 | INFO: Primitives created: 1
20:14:35 | INFO: Finished glTF 2.0 export in 0.006983041763305664 s

Info: Saved as "Ground_4_-3.blend"
UPDATED TERRAIN MODULE Ground_4_-3 2048
20:14:35 | INFO: Starting glTF 2.0 export
20:14:35 | INFO: Extracting primitive: Ground_5_-3Geometry
20:14:35 | INFO: Primitives created: 1
20:14:35 | INFO: Finished glTF 2.0 export in 0.021615982055664062 s

Info: Saved as "Ground_5_-3.blend"
UPDATED TERRAIN MODULE Ground_5_-3 2048
20:14:35 | INFO: Starting glTF 2.0 export
20:14:35 | INFO: Extracting primitive: Ground_6_-3Geometry
20:14:35 | INFO: Primitives created: 1
20:14:35 | INFO: Finished glTF 2.0 export in 0.0069844722747802734 s

Info: Saved as "Ground_6_-3.blend"
UPDATED TERRAIN MODULE Ground_6_-3 2048
20:14:35 | INFO: Starting glTF 2.0 export
20:14:35 | INFO: Extracting primitive: Ground_-6_-2Geometry
20:14:35 | INFO: Primitives created: 1
20:14:35 | INFO: Finished glTF 2.0 export in 0.0069811344146728516 s

Info: Saved as "Ground_-6_-2.blend"
UPDATED TERRAIN MODULE Ground_-6_-2 2048
20:14:36 | INFO: Starting glTF 2.0 export
20:14:36 | INFO: Extracting primitive: Ground_-5_-2Geometry
20:14:36 | INFO: Primitives created: 1
20:14:36 | INFO: Finished glTF 2.0 export in 0.006983041763305664 s

Info: Saved as "Ground_-5_-2.blend"
UPDATED TERRAIN MODULE Ground_-5_-2 2048
20:14:36 | INFO: Starting glTF 2.0 export
20:14:36 | INFO: Extracting primitive: Ground_-4_-2Geometry
20:14:36 | INFO: Primitives created: 1
20:14:36 | INFO: Finished glTF 2.0 export in 0.0060498714447021484 s

Info: Saved as "Ground_-4_-2.blend"
UPDATED TERRAIN MODULE Ground_-4_-2 2048
20:14:36 | INFO: Starting glTF 2.0 export
20:14:36 | INFO: Extracting primitive: Ground_-3_-2Geometry
20:14:36 | INFO: Primitives created: 1
20:14:36 | INFO: Finished glTF 2.0 export in 0.010083913803100586 s

Info: Saved as "Ground_-3_-2.blend"
UPDATED TERRAIN MODULE Ground_-3_-2 2612
20:14:36 | INFO: Starting glTF 2.0 export
20:14:36 | INFO: Extracting primitive: Ground_-2_-2Geometry
20:14:36 | INFO: Primitives created: 1
20:14:36 | INFO: Finished glTF 2.0 export in 0.007849693298339844 s

Info: Saved as "Ground_-2_-2.blend"
UPDATED TERRAIN MODULE Ground_-2_-2 2614
20:14:37 | INFO: Starting glTF 2.0 export
20:14:37 | INFO: Extracting primitive: Ground_-1_-2Geometry
20:14:37 | INFO: Primitives created: 1
20:14:37 | INFO: Finished glTF 2.0 export in 0.020639657974243164 s

Info: Saved as "Ground_-1_-2.blend"
UPDATED TERRAIN MODULE Ground_-1_-2 8272
20:14:37 | INFO: Starting glTF 2.0 export
20:14:37 | INFO: Extracting primitive: Ground_0_-2Geometry
20:14:37 | INFO: Primitives created: 1
20:14:37 | INFO: Finished glTF 2.0 export in 0.030437231063842773 s

Info: Saved as "Ground_0_-2.blend"
UPDATED TERRAIN MODULE Ground_0_-2 11766
20:14:38 | INFO: Starting glTF 2.0 export
20:14:38 | INFO: Extracting primitive: Ground_1_-2Geometry
20:14:38 | INFO: Primitives created: 1
20:14:38 | INFO: Finished glTF 2.0 export in 0.023947715759277344 s

Info: Saved as "Ground_1_-2.blend"
UPDATED TERRAIN MODULE Ground_1_-2 11593
20:14:38 | INFO: Starting glTF 2.0 export
20:14:38 | INFO: Extracting primitive: Ground_2_-2Geometry
20:14:38 | INFO: Primitives created: 1
20:14:38 | INFO: Finished glTF 2.0 export in 0.005989789962768555 s

Info: Saved as "Ground_2_-2.blend"
UPDATED TERRAIN MODULE Ground_2_-2 2048
20:14:38 | INFO: Starting glTF 2.0 export
20:14:38 | INFO: Extracting primitive: Ground_3_-2Geometry
20:14:38 | INFO: Primitives created: 1
20:14:38 | INFO: Finished glTF 2.0 export in 0.007338762283325195 s

Info: Saved as "Ground_3_-2.blend"
UPDATED TERRAIN MODULE Ground_3_-2 2048
20:14:39 | INFO: Starting glTF 2.0 export
20:14:39 | INFO: Extracting primitive: Ground_4_-2Geometry
20:14:39 | INFO: Primitives created: 1
20:14:39 | INFO: Finished glTF 2.0 export in 0.007838249206542969 s

Info: Saved as "Ground_4_-2.blend"
UPDATED TERRAIN MODULE Ground_4_-2 2048
20:14:39 | INFO: Starting glTF 2.0 export
20:14:39 | INFO: Extracting primitive: Ground_5_-2Geometry
20:14:39 | INFO: Primitives created: 1
20:14:39 | INFO: Finished glTF 2.0 export in 0.007983684539794922 s

Info: Saved as "Ground_5_-2.blend"
UPDATED TERRAIN MODULE Ground_5_-2 2048
20:14:39 | INFO: Starting glTF 2.0 export
20:14:39 | INFO: Extracting primitive: Ground_6_-2Geometry
20:14:39 | INFO: Primitives created: 1
20:14:39 | INFO: Finished glTF 2.0 export in 0.007030010223388672 s

Info: Saved as "Ground_6_-2.blend"
UPDATED TERRAIN MODULE Ground_6_-2 2048
20:14:39 | INFO: Starting glTF 2.0 export
20:14:39 | INFO: Extracting primitive: Ground_-6_-1Geometry
20:14:39 | INFO: Primitives created: 1
20:14:39 | INFO: Finished glTF 2.0 export in 0.005986928939819336 s

Info: Saved as "Ground_-6_-1.blend"
UPDATED TERRAIN MODULE Ground_-6_-1 2048
20:14:39 | INFO: Starting glTF 2.0 export
20:14:39 | INFO: Extracting primitive: Ground_-5_-1Geometry
20:14:39 | INFO: Primitives created: 1
20:14:39 | INFO: Finished glTF 2.0 export in 0.00808262825012207 s

Info: Saved as "Ground_-5_-1.blend"
UPDATED TERRAIN MODULE Ground_-5_-1 2048
20:14:39 | INFO: Starting glTF 2.0 export
20:14:39 | INFO: Extracting primitive: Ground_-4_-1Geometry
20:14:39 | INFO: Primitives created: 1
20:14:39 | INFO: Finished glTF 2.0 export in 0.007830619812011719 s

Info: Saved as "Ground_-4_-1.blend"
UPDATED TERRAIN MODULE Ground_-4_-1 2048
20:14:40 | INFO: Starting glTF 2.0 export
20:14:40 | INFO: Extracting primitive: Ground_-3_-1Geometry
20:14:40 | INFO: Primitives created: 1
20:14:40 | INFO: Finished glTF 2.0 export in 0.005870342254638672 s

Info: Saved as "Ground_-3_-1.blend"
UPDATED TERRAIN MODULE Ground_-3_-1 2048
20:14:40 | INFO: Starting glTF 2.0 export
20:14:40 | INFO: Extracting primitive: Ground_-2_-1Geometry
20:14:40 | INFO: Primitives created: 1
20:14:40 | INFO: Finished glTF 2.0 export in 0.007532835006713867 s

Info: Saved as "Ground_-2_-1.blend"
UPDATED TERRAIN MODULE Ground_-2_-1 2500
20:14:41 | INFO: Starting glTF 2.0 export
20:14:41 | INFO: Extracting primitive: Ground_-1_-1Geometry
20:14:41 | INFO: Primitives created: 1
20:14:41 | INFO: Finished glTF 2.0 export in 0.020954132080078125 s

Info: Saved as "Ground_-1_-1.blend"
UPDATED TERRAIN MODULE Ground_-1_-1 12489
20:14:42 | INFO: Starting glTF 2.0 export
20:14:42 | INFO: Extracting primitive: Ground_0_-1Geometry
20:14:42 | INFO: Primitives created: 1
20:14:42 | INFO: Finished glTF 2.0 export in 0.030920743942260742 s

Info: Saved as "Ground_0_-1.blend"
UPDATED TERRAIN MODULE Ground_0_-1 14480
20:14:42 | INFO: Starting glTF 2.0 export
20:14:42 | INFO: Extracting primitive: Ground_1_-1Geometry
20:14:42 | INFO: Primitives created: 1
20:14:42 | INFO: Finished glTF 2.0 export in 0.01595783233642578 s

Info: Saved as "Ground_1_-1.blend"
UPDATED TERRAIN MODULE Ground_1_-1 8553
20:14:42 | INFO: Starting glTF 2.0 export
20:14:42 | INFO: Extracting primitive: Ground_2_-1Geometry
20:14:42 | INFO: Primitives created: 1
20:14:42 | INFO: Finished glTF 2.0 export in 0.0069811344146728516 s

Info: Saved as "Ground_2_-1.blend"
UPDATED TERRAIN MODULE Ground_2_-1 2048
20:14:42 | INFO: Starting glTF 2.0 export
20:14:42 | INFO: Extracting primitive: Ground_3_-1Geometry
20:14:42 | INFO: Primitives created: 1
20:14:42 | INFO: Finished glTF 2.0 export in 0.007979154586791992 s

Info: Saved as "Ground_3_-1.blend"
UPDATED TERRAIN MODULE Ground_3_-1 2048
20:14:43 | INFO: Starting glTF 2.0 export
20:14:43 | INFO: Extracting primitive: Ground_4_-1Geometry
20:14:43 | INFO: Primitives created: 1
20:14:43 | INFO: Finished glTF 2.0 export in 0.006612062454223633 s

Info: Saved as "Ground_4_-1.blend"
UPDATED TERRAIN MODULE Ground_4_-1 2048
20:14:43 | INFO: Starting glTF 2.0 export
20:14:43 | INFO: Extracting primitive: Ground_5_-1Geometry
20:14:43 | INFO: Primitives created: 1
20:14:43 | INFO: Finished glTF 2.0 export in 0.006175041198730469 s

Info: Saved as "Ground_5_-1.blend"
UPDATED TERRAIN MODULE Ground_5_-1 2048
20:14:43 | INFO: Starting glTF 2.0 export
20:14:43 | INFO: Extracting primitive: Ground_6_-1Geometry
20:14:43 | INFO: Primitives created: 1
20:14:43 | INFO: Finished glTF 2.0 export in 0.0069844722747802734 s

Info: Saved as "Ground_6_-1.blend"
UPDATED TERRAIN MODULE Ground_6_-1 2048
20:14:43 | INFO: Starting glTF 2.0 export
20:14:43 | INFO: Extracting primitive: Ground_-6_0Geometry
20:14:43 | INFO: Primitives created: 1
20:14:43 | INFO: Finished glTF 2.0 export in 0.007458925247192383 s

Info: Saved as "Ground_-6_0.blend"
UPDATED TERRAIN MODULE Ground_-6_0 2048
20:14:43 | INFO: Starting glTF 2.0 export
20:14:43 | INFO: Extracting primitive: Ground_-5_0Geometry
20:14:43 | INFO: Primitives created: 1
20:14:43 | INFO: Finished glTF 2.0 export in 0.005994319915771484 s

Info: Saved as "Ground_-5_0.blend"
UPDATED TERRAIN MODULE Ground_-5_0 2048
20:14:43 | INFO: Starting glTF 2.0 export
20:14:43 | INFO: Extracting primitive: Ground_-4_0Geometry
20:14:43 | INFO: Primitives created: 1
20:14:43 | INFO: Finished glTF 2.0 export in 0.009973526000976562 s

Info: Saved as "Ground_-4_0.blend"
UPDATED TERRAIN MODULE Ground_-4_0 2048
20:14:44 | INFO: Starting glTF 2.0 export
20:14:44 | INFO: Extracting primitive: Ground_-3_0Geometry
20:14:44 | INFO: Primitives created: 1
20:14:44 | INFO: Finished glTF 2.0 export in 0.007979393005371094 s

Info: Saved as "Ground_-3_0.blend"
UPDATED TERRAIN MODULE Ground_-3_0 2048
20:14:44 | INFO: Starting glTF 2.0 export
20:14:44 | INFO: Extracting primitive: Ground_-2_0Geometry
20:14:44 | INFO: Primitives created: 1
20:14:44 | INFO: Finished glTF 2.0 export in 0.005983829498291016 s

Info: Saved as "Ground_-2_0.blend"
UPDATED TERRAIN MODULE Ground_-2_0 2048
20:14:44 | INFO: Starting glTF 2.0 export
20:14:44 | INFO: Extracting primitive: Ground_-1_0Geometry
20:14:44 | INFO: Primitives created: 1
20:14:44 | INFO: Finished glTF 2.0 export in 0.017984628677368164 s

Info: Saved as "Ground_-1_0.blend"
UPDATED TERRAIN MODULE Ground_-1_0 8980
20:14:45 | INFO: Starting glTF 2.0 export
20:14:45 | INFO: Extracting primitive: Ground_0_0Geometry
20:14:45 | INFO: Primitives created: 1
20:14:45 | INFO: Finished glTF 2.0 export in 0.013962745666503906 s

Info: Saved as "Ground_0_0.blend"
UPDATED TERRAIN MODULE Ground_0_0 8405
20:14:45 | INFO: Starting glTF 2.0 export
20:14:45 | INFO: Extracting primitive: Ground_1_0Geometry
20:14:45 | INFO: Primitives created: 1
20:14:45 | INFO: Finished glTF 2.0 export in 0.014960289001464844 s

Info: Saved as "Ground_1_0.blend"
UPDATED TERRAIN MODULE Ground_1_0 8064
20:14:46 | INFO: Starting glTF 2.0 export
20:14:46 | INFO: Extracting primitive: Ground_2_0Geometry
20:14:46 | INFO: Primitives created: 1
20:14:46 | INFO: Finished glTF 2.0 export in 0.008981466293334961 s

Info: Saved as "Ground_2_0.blend"
UPDATED TERRAIN MODULE Ground_2_0 2048
20:14:46 | INFO: Starting glTF 2.0 export
20:14:46 | INFO: Extracting primitive: Ground_3_0Geometry
20:14:46 | INFO: Primitives created: 1
20:14:46 | INFO: Finished glTF 2.0 export in 0.007491111755371094 s

Info: Saved as "Ground_3_0.blend"
UPDATED TERRAIN MODULE Ground_3_0 2048
20:14:46 | INFO: Starting glTF 2.0 export
20:14:46 | INFO: Extracting primitive: Ground_4_0Geometry
20:14:46 | INFO: Primitives created: 1
20:14:46 | INFO: Finished glTF 2.0 export in 0.007977485656738281 s

Info: Saved as "Ground_4_0.blend"
UPDATED TERRAIN MODULE Ground_4_0 2048
20:14:46 | INFO: Starting glTF 2.0 export
20:14:46 | INFO: Extracting primitive: Ground_5_0Geometry
20:14:46 | INFO: Primitives created: 1
20:14:46 | INFO: Finished glTF 2.0 export in 0.008018970489501953 s

Info: Saved as "Ground_5_0.blend"
UPDATED TERRAIN MODULE Ground_5_0 2048
20:14:46 | INFO: Starting glTF 2.0 export
20:14:46 | INFO: Extracting primitive: Ground_6_0Geometry
20:14:46 | INFO: Primitives created: 1
20:14:46 | INFO: Finished glTF 2.0 export in 0.00797581672668457 s

Info: Saved as "Ground_6_0.blend"
UPDATED TERRAIN MODULE Ground_6_0 2048
20:14:47 | INFO: Starting glTF 2.0 export
20:14:47 | INFO: Extracting primitive: Ground_-6_1Geometry
20:14:47 | INFO: Primitives created: 1
20:14:47 | INFO: Finished glTF 2.0 export in 0.006984233856201172 s

Info: Saved as "Ground_-6_1.blend"
UPDATED TERRAIN MODULE Ground_-6_1 2048
20:14:47 | INFO: Starting glTF 2.0 export
20:14:47 | INFO: Extracting primitive: Ground_-5_1Geometry
20:14:47 | INFO: Primitives created: 1
20:14:47 | INFO: Finished glTF 2.0 export in 0.011968135833740234 s

Info: Saved as "Ground_-5_1.blend"
UPDATED TERRAIN MODULE Ground_-5_1 2048
20:14:47 | INFO: Starting glTF 2.0 export
20:14:47 | INFO: Extracting primitive: Ground_-4_1Geometry
20:14:47 | INFO: Primitives created: 1
20:14:47 | INFO: Finished glTF 2.0 export in 0.008974075317382812 s

Info: Saved as "Ground_-4_1.blend"
UPDATED TERRAIN MODULE Ground_-4_1 2048
20:14:47 | INFO: Starting glTF 2.0 export
20:14:47 | INFO: Extracting primitive: Ground_-3_1Geometry
20:14:47 | INFO: Primitives created: 1
20:14:47 | INFO: Finished glTF 2.0 export in 0.008975744247436523 s

Info: Saved as "Ground_-3_1.blend"
UPDATED TERRAIN MODULE Ground_-3_1 2048
20:14:47 | INFO: Starting glTF 2.0 export
20:14:47 | INFO: Extracting primitive: Ground_-2_1Geometry
20:14:47 | INFO: Primitives created: 1
20:14:47 | INFO: Finished glTF 2.0 export in 0.008976459503173828 s

Info: Saved as "Ground_-2_1.blend"
UPDATED TERRAIN MODULE Ground_-2_1 2412
20:14:47 | INFO: Starting glTF 2.0 export
20:14:47 | INFO: Extracting primitive: Ground_-1_1Geometry
20:14:47 | INFO: Primitives created: 1
20:14:47 | INFO: Finished glTF 2.0 export in 0.009975910186767578 s

Info: Saved as "Ground_-1_1.blend"
UPDATED TERRAIN MODULE Ground_-1_1 2574
20:14:48 | INFO: Starting glTF 2.0 export
20:14:48 | INFO: Extracting primitive: Ground_0_1Geometry
20:14:48 | INFO: Primitives created: 1
20:14:48 | INFO: Finished glTF 2.0 export in 0.007981061935424805 s

Info: Saved as "Ground_0_1.blend"
UPDATED TERRAIN MODULE Ground_0_1 2048
20:14:48 | INFO: Starting glTF 2.0 export
20:14:48 | INFO: Extracting primitive: Ground_1_1Geometry
20:14:48 | INFO: Primitives created: 1
20:14:48 | INFO: Finished glTF 2.0 export in 0.00799417495727539 s

Info: Saved as "Ground_1_1.blend"
UPDATED TERRAIN MODULE Ground_1_1 2048
20:14:48 | INFO: Starting glTF 2.0 export
20:14:48 | INFO: Extracting primitive: Ground_2_1Geometry
20:14:48 | INFO: Primitives created: 1
20:14:48 | INFO: Finished glTF 2.0 export in 0.0068683624267578125 s

Info: Saved as "Ground_2_1.blend"
UPDATED TERRAIN MODULE Ground_2_1 2048
20:14:48 | INFO: Starting glTF 2.0 export
20:14:48 | INFO: Extracting primitive: Ground_3_1Geometry
20:14:48 | INFO: Primitives created: 1
20:14:48 | INFO: Finished glTF 2.0 export in 0.008229494094848633 s

Info: Saved as "Ground_3_1.blend"
UPDATED TERRAIN MODULE Ground_3_1 2050
20:14:48 | INFO: Starting glTF 2.0 export
20:14:48 | INFO: Extracting primitive: Ground_4_1Geometry
20:14:48 | INFO: Primitives created: 1
20:14:48 | INFO: Finished glTF 2.0 export in 0.007985591888427734 s

Info: Saved as "Ground_4_1.blend"
UPDATED TERRAIN MODULE Ground_4_1 2048
20:14:48 | INFO: Starting glTF 2.0 export
20:14:48 | INFO: Extracting primitive: Ground_5_1Geometry
20:14:48 | INFO: Primitives created: 1
20:14:48 | INFO: Finished glTF 2.0 export in 0.007593870162963867 s

Info: Saved as "Ground_5_1.blend"
UPDATED TERRAIN MODULE Ground_5_1 2048
20:14:49 | INFO: Starting glTF 2.0 export
20:14:49 | INFO: Extracting primitive: Ground_6_1Geometry
20:14:49 | INFO: Primitives created: 1
20:14:49 | INFO: Finished glTF 2.0 export in 0.007342100143432617 s

Info: Saved as "Ground_6_1.blend"
UPDATED TERRAIN MODULE Ground_6_1 2048
20:14:49 | INFO: Starting glTF 2.0 export
20:14:49 | INFO: Extracting primitive: Ground_-6_2Geometry
20:14:49 | INFO: Primitives created: 1
20:14:49 | INFO: Finished glTF 2.0 export in 0.006986856460571289 s

Info: Saved as "Ground_-6_2.blend"
UPDATED TERRAIN MODULE Ground_-6_2 2048
20:14:49 | INFO: Starting glTF 2.0 export
20:14:49 | INFO: Extracting primitive: Ground_-5_2Geometry
20:14:49 | INFO: Primitives created: 1
20:14:49 | INFO: Finished glTF 2.0 export in 0.007284879684448242 s

Info: Saved as "Ground_-5_2.blend"
UPDATED TERRAIN MODULE Ground_-5_2 2048
20:14:49 | INFO: Starting glTF 2.0 export
20:14:49 | INFO: Extracting primitive: Ground_-4_2Geometry
20:14:49 | INFO: Primitives created: 1
20:14:49 | INFO: Finished glTF 2.0 export in 0.009984731674194336 s

Info: Saved as "Ground_-4_2.blend"
UPDATED TERRAIN MODULE Ground_-4_2 2048
20:14:49 | INFO: Starting glTF 2.0 export
20:14:49 | INFO: Extracting primitive: Ground_-3_2Geometry
20:14:49 | INFO: Primitives created: 1
20:14:49 | INFO: Finished glTF 2.0 export in 0.00698542594909668 s

Info: Saved as "Ground_-3_2.blend"
UPDATED TERRAIN MODULE Ground_-3_2 2048
20:14:49 | INFO: Starting glTF 2.0 export
20:14:49 | INFO: Extracting primitive: Ground_-2_2Geometry
20:14:49 | INFO: Primitives created: 1
20:14:49 | INFO: Finished glTF 2.0 export in 0.008979320526123047 s

Info: Saved as "Ground_-2_2.blend"
UPDATED TERRAIN MODULE Ground_-2_2 2936
20:14:50 | INFO: Starting glTF 2.0 export
20:14:50 | INFO: Extracting primitive: Ground_-1_2Geometry
20:14:50 | INFO: Primitives created: 1
20:14:50 | INFO: Finished glTF 2.0 export in 0.008478164672851562 s

Info: Saved as "Ground_-1_2.blend"
UPDATED TERRAIN MODULE Ground_-1_2 2048
20:14:50 | INFO: Starting glTF 2.0 export
20:14:50 | INFO: Extracting primitive: Ground_0_2Geometry
20:14:50 | INFO: Primitives created: 1
20:14:50 | INFO: Finished glTF 2.0 export in 0.00738978385925293 s

Info: Saved as "Ground_0_2.blend"
UPDATED TERRAIN MODULE Ground_0_2 2048
20:14:50 | INFO: Starting glTF 2.0 export
20:14:50 | INFO: Extracting primitive: Ground_1_2Geometry
20:14:50 | INFO: Primitives created: 1
20:14:50 | INFO: Finished glTF 2.0 export in 0.006989955902099609 s

Info: Saved as "Ground_1_2.blend"
UPDATED TERRAIN MODULE Ground_1_2 2048
20:14:50 | INFO: Starting glTF 2.0 export
20:14:50 | INFO: Extracting primitive: Ground_2_2Geometry
20:14:50 | INFO: Primitives created: 1
20:14:50 | INFO: Finished glTF 2.0 export in 0.005984306335449219 s

Info: Saved as "Ground_2_2.blend"
UPDATED TERRAIN MODULE Ground_2_2 2048
20:14:50 | INFO: Starting glTF 2.0 export
20:14:50 | INFO: Extracting primitive: Ground_3_2Geometry
20:14:50 | INFO: Primitives created: 1
20:14:50 | INFO: Finished glTF 2.0 export in 0.00698089599609375 s

Info: Saved as "Ground_3_2.blend"
UPDATED TERRAIN MODULE Ground_3_2 2048
20:14:50 | INFO: Starting glTF 2.0 export
20:14:50 | INFO: Extracting primitive: Ground_4_2Geometry
20:14:50 | INFO: Primitives created: 1
20:14:50 | INFO: Finished glTF 2.0 export in 0.006992816925048828 s

Info: Saved as "Ground_4_2.blend"
UPDATED TERRAIN MODULE Ground_4_2 2050
20:14:50 | INFO: Starting glTF 2.0 export
20:14:50 | INFO: Extracting primitive: Ground_5_2Geometry
20:14:50 | INFO: Primitives created: 1
20:14:50 | INFO: Finished glTF 2.0 export in 0.010970354080200195 s

Info: Saved as "Ground_5_2.blend"
UPDATED TERRAIN MODULE Ground_5_2 2048
20:14:51 | INFO: Starting glTF 2.0 export
20:14:51 | INFO: Extracting primitive: Ground_6_2Geometry
20:14:51 | INFO: Primitives created: 1
20:14:51 | INFO: Finished glTF 2.0 export in 0.007214784622192383 s

Info: Saved as "Ground_6_2.blend"
UPDATED TERRAIN MODULE Ground_6_2 2048
20:14:51 | INFO: Starting glTF 2.0 export
20:14:51 | INFO: Extracting primitive: Ground_-6_3Geometry
20:14:51 | INFO: Primitives created: 1
20:14:51 | INFO: Finished glTF 2.0 export in 0.006498813629150391 s

Info: Saved as "Ground_-6_3.blend"
UPDATED TERRAIN MODULE Ground_-6_3 2048
20:14:51 | INFO: Starting glTF 2.0 export
20:14:51 | INFO: Extracting primitive: Ground_-5_3Geometry
20:14:51 | INFO: Primitives created: 1
20:14:51 | INFO: Finished glTF 2.0 export in 0.008981943130493164 s

Info: Saved as "Ground_-5_3.blend"
UPDATED TERRAIN MODULE Ground_-5_3 2048
20:14:51 | INFO: Starting glTF 2.0 export
20:14:51 | INFO: Extracting primitive: Ground_-4_3Geometry
20:14:51 | INFO: Primitives created: 1
20:14:51 | INFO: Finished glTF 2.0 export in 0.011967897415161133 s

Info: Saved as "Ground_-4_3.blend"
UPDATED TERRAIN MODULE Ground_-4_3 2048
20:14:51 | INFO: Starting glTF 2.0 export
20:14:51 | INFO: Extracting primitive: Ground_-3_3Geometry
20:14:51 | INFO: Primitives created: 1
20:14:51 | INFO: Finished glTF 2.0 export in 0.0069904327392578125 s

Info: Saved as "Ground_-3_3.blend"
UPDATED TERRAIN MODULE Ground_-3_3 2616
20:14:52 | INFO: Starting glTF 2.0 export
20:14:52 | INFO: Extracting primitive: Ground_-2_3Geometry
20:14:52 | INFO: Primitives created: 1
20:14:52 | INFO: Finished glTF 2.0 export in 0.0071527957916259766 s

Info: Saved as "Ground_-2_3.blend"
UPDATED TERRAIN MODULE Ground_-2_3 2374
20:14:52 | INFO: Starting glTF 2.0 export
20:14:52 | INFO: Extracting primitive: Ground_-1_3Geometry
20:14:52 | INFO: Primitives created: 1
20:14:52 | INFO: Finished glTF 2.0 export in 0.012151479721069336 s

Info: Saved as "Ground_-1_3.blend"
UPDATED TERRAIN MODULE Ground_-1_3 2048
20:14:52 | INFO: Starting glTF 2.0 export
20:14:52 | INFO: Extracting primitive: Ground_0_3Geometry
20:14:52 | INFO: Primitives created: 1
20:14:52 | INFO: Finished glTF 2.0 export in 0.007987022399902344 s

Info: Saved as "Ground_0_3.blend"
UPDATED TERRAIN MODULE Ground_0_3 2048
20:14:52 | INFO: Starting glTF 2.0 export
20:14:52 | INFO: Extracting primitive: Ground_1_3Geometry
20:14:52 | INFO: Primitives created: 1
20:14:52 | INFO: Finished glTF 2.0 export in 0.006491899490356445 s

Info: Saved as "Ground_1_3.blend"
UPDATED TERRAIN MODULE Ground_1_3 2048
20:14:52 | INFO: Starting glTF 2.0 export
20:14:52 | INFO: Extracting primitive: Ground_2_3Geometry
20:14:52 | INFO: Primitives created: 1
20:14:52 | INFO: Finished glTF 2.0 export in 0.012965202331542969 s

Info: Saved as "Ground_2_3.blend"
UPDATED TERRAIN MODULE Ground_2_3 2048
20:14:52 | INFO: Starting glTF 2.0 export
20:14:52 | INFO: Extracting primitive: Ground_3_3Geometry
20:14:52 | INFO: Primitives created: 1
20:14:52 | INFO: Finished glTF 2.0 export in 0.006013631820678711 s

Info: Saved as "Ground_3_3.blend"
UPDATED TERRAIN MODULE Ground_3_3 2048
20:14:53 | INFO: Starting glTF 2.0 export
20:14:53 | INFO: Extracting primitive: Ground_4_3Geometry
20:14:53 | INFO: Primitives created: 1
20:14:53 | INFO: Finished glTF 2.0 export in 0.0067555904388427734 s

Info: Saved as "Ground_4_3.blend"
UPDATED TERRAIN MODULE Ground_4_3 2048
20:14:53 | INFO: Starting glTF 2.0 export
20:14:53 | INFO: Extracting primitive: Ground_5_3Geometry
20:14:53 | INFO: Primitives created: 1
20:14:53 | INFO: Finished glTF 2.0 export in 0.007978677749633789 s

Info: Saved as "Ground_5_3.blend"
UPDATED TERRAIN MODULE Ground_5_3 2048
20:14:53 | INFO: Starting glTF 2.0 export
20:14:53 | INFO: Extracting primitive: Ground_6_3Geometry
20:14:53 | INFO: Primitives created: 1
20:14:53 | INFO: Finished glTF 2.0 export in 0.009236335754394531 s

Info: Saved as "Ground_6_3.blend"
UPDATED TERRAIN MODULE Ground_6_3 2048
20:14:53 | INFO: Starting glTF 2.0 export
20:14:53 | INFO: Extracting primitive: Ground_-6_4Geometry
20:14:53 | INFO: Primitives created: 1
20:14:53 | INFO: Finished glTF 2.0 export in 0.008976459503173828 s

Info: Saved as "Ground_-6_4.blend"
UPDATED TERRAIN MODULE Ground_-6_4 2048
20:14:53 | INFO: Starting glTF 2.0 export
20:14:53 | INFO: Extracting primitive: Ground_-5_4Geometry
20:14:53 | INFO: Primitives created: 1
20:14:53 | INFO: Finished glTF 2.0 export in 0.007986068725585938 s

Info: Saved as "Ground_-5_4.blend"
UPDATED TERRAIN MODULE Ground_-5_4 2048
20:14:54 | INFO: Starting glTF 2.0 export
20:14:54 | INFO: Extracting primitive: Ground_-4_4Geometry
20:14:54 | INFO: Primitives created: 1
20:14:54 | INFO: Finished glTF 2.0 export in 0.008975982666015625 s

Info: Saved as "Ground_-4_4.blend"
UPDATED TERRAIN MODULE Ground_-4_4 2048
20:14:54 | INFO: Starting glTF 2.0 export
20:14:54 | INFO: Extracting primitive: Ground_-3_4Geometry
20:14:54 | INFO: Primitives created: 1
20:14:54 | INFO: Finished glTF 2.0 export in 0.010980844497680664 s

Info: Saved as "Ground_-3_4.blend"
UPDATED TERRAIN MODULE Ground_-3_4 2886
20:14:54 | INFO: Starting glTF 2.0 export
20:14:54 | INFO: Extracting primitive: Ground_-2_4Geometry
20:14:54 | INFO: Primitives created: 1
20:14:54 | INFO: Finished glTF 2.0 export in 0.006982564926147461 s

Info: Saved as "Ground_-2_4.blend"
UPDATED TERRAIN MODULE Ground_-2_4 2048
20:14:54 | INFO: Starting glTF 2.0 export
20:14:54 | INFO: Extracting primitive: Ground_-1_4Geometry
20:14:54 | INFO: Primitives created: 1
20:14:54 | INFO: Finished glTF 2.0 export in 0.0068683624267578125 s

Info: Saved as "Ground_-1_4.blend"
UPDATED TERRAIN MODULE Ground_-1_4 2048
20:14:54 | INFO: Starting glTF 2.0 export
20:14:54 | INFO: Extracting primitive: Ground_0_4Geometry
20:14:54 | INFO: Primitives created: 1
20:14:54 | INFO: Finished glTF 2.0 export in 0.006024599075317383 s

Info: Saved as "Ground_0_4.blend"
UPDATED TERRAIN MODULE Ground_0_4 2048
20:14:54 | INFO: Starting glTF 2.0 export
20:14:54 | INFO: Extracting primitive: Ground_1_4Geometry
20:14:54 | INFO: Primitives created: 1
20:14:54 | INFO: Finished glTF 2.0 export in 0.009969472885131836 s

Info: Saved as "Ground_1_4.blend"
UPDATED TERRAIN MODULE Ground_1_4 2048
20:14:55 | INFO: Starting glTF 2.0 export
20:14:55 | INFO: Extracting primitive: Ground_2_4Geometry
20:14:55 | INFO: Primitives created: 1
20:14:55 | INFO: Finished glTF 2.0 export in 0.006865501403808594 s

Info: Saved as "Ground_2_4.blend"
UPDATED TERRAIN MODULE Ground_2_4 2048
20:14:55 | INFO: Starting glTF 2.0 export
20:14:55 | INFO: Extracting primitive: Ground_3_4Geometry
20:14:55 | INFO: Primitives created: 1
20:14:55 | INFO: Finished glTF 2.0 export in 0.0068590641021728516 s

Info: Saved as "Ground_3_4.blend"
UPDATED TERRAIN MODULE Ground_3_4 2048
20:14:55 | INFO: Starting glTF 2.0 export
20:14:55 | INFO: Extracting primitive: Ground_4_4Geometry
20:14:55 | INFO: Primitives created: 1
20:14:55 | INFO: Finished glTF 2.0 export in 0.0069119930267333984 s

Info: Saved as "Ground_4_4.blend"
UPDATED TERRAIN MODULE Ground_4_4 2048
20:14:55 | INFO: Starting glTF 2.0 export
20:14:55 | INFO: Extracting primitive: Ground_5_4Geometry
20:14:55 | INFO: Primitives created: 1
20:14:55 | INFO: Finished glTF 2.0 export in 0.011153459548950195 s

Info: Saved as "Ground_5_4.blend"
UPDATED TERRAIN MODULE Ground_5_4 2048
20:14:55 | INFO: Starting glTF 2.0 export
20:14:55 | INFO: Extracting primitive: Ground_6_4Geometry
20:14:55 | INFO: Primitives created: 1
20:14:55 | INFO: Finished glTF 2.0 export in 0.008277177810668945 s

Info: Saved as "Ground_6_4.blend"
UPDATED TERRAIN MODULE Ground_6_4 2048
20:14:56 | INFO: Starting glTF 2.0 export
20:14:56 | INFO: Extracting primitive: Ground_-6_5Geometry
20:14:56 | INFO: Primitives created: 1
20:14:56 | INFO: Finished glTF 2.0 export in 0.005984306335449219 s

Info: Saved as "Ground_-6_5.blend"
UPDATED TERRAIN MODULE Ground_-6_5 2048
20:14:56 | INFO: Starting glTF 2.0 export
20:14:56 | INFO: Extracting primitive: Ground_-5_5Geometry
20:14:56 | INFO: Primitives created: 1
20:14:56 | INFO: Finished glTF 2.0 export in 0.0069806575775146484 s

Info: Saved as "Ground_-5_5.blend"
UPDATED TERRAIN MODULE Ground_-5_5 2048
20:14:56 | INFO: Starting glTF 2.0 export
20:14:56 | INFO: Extracting primitive: Ground_-4_5Geometry
20:14:56 | INFO: Primitives created: 1
20:14:56 | INFO: Finished glTF 2.0 export in 0.008972883224487305 s

Info: Saved as "Ground_-4_5.blend"
UPDATED TERRAIN MODULE Ground_-4_5 2048
20:14:56 | INFO: Starting glTF 2.0 export
20:14:56 | INFO: Extracting primitive: Ground_-3_5Geometry
20:14:56 | INFO: Primitives created: 1
20:14:56 | INFO: Finished glTF 2.0 export in 0.008925914764404297 s

Info: Saved as "Ground_-3_5.blend"
UPDATED TERRAIN MODULE Ground_-3_5 2840
20:14:57 | INFO: Starting glTF 2.0 export
20:14:57 | INFO: Extracting primitive: Ground_-2_5Geometry
20:14:57 | INFO: Primitives created: 1
20:14:57 | INFO: Finished glTF 2.0 export in 0.008983850479125977 s

Info: Saved as "Ground_-2_5.blend"
UPDATED TERRAIN MODULE Ground_-2_5 2048
20:14:57 | INFO: Starting glTF 2.0 export
20:14:57 | INFO: Extracting primitive: Ground_-1_5Geometry
20:14:57 | INFO: Primitives created: 1
20:14:57 | INFO: Finished glTF 2.0 export in 0.00782465934753418 s

Info: Saved as "Ground_-1_5.blend"
UPDATED TERRAIN MODULE Ground_-1_5 2048
20:14:57 | INFO: Starting glTF 2.0 export
20:14:57 | INFO: Extracting primitive: Ground_0_5Geometry
20:14:57 | INFO: Primitives created: 1
20:14:57 | INFO: Finished glTF 2.0 export in 0.008172273635864258 s

Info: Saved as "Ground_0_5.blend"
UPDATED TERRAIN MODULE Ground_0_5 2048
20:14:57 | INFO: Starting glTF 2.0 export
20:14:57 | INFO: Extracting primitive: Ground_1_5Geometry
20:14:57 | INFO: Primitives created: 1
20:14:57 | INFO: Finished glTF 2.0 export in 0.007993459701538086 s

Info: Saved as "Ground_1_5.blend"
UPDATED TERRAIN MODULE Ground_1_5 2048
20:14:58 | INFO: Starting glTF 2.0 export
20:14:58 | INFO: Extracting primitive: Ground_2_5Geometry
20:14:58 | INFO: Primitives created: 1
20:14:58 | INFO: Finished glTF 2.0 export in 0.006693124771118164 s

Info: Saved as "Ground_2_5.blend"
UPDATED TERRAIN MODULE Ground_2_5 2048
20:14:58 | INFO: Starting glTF 2.0 export
20:14:58 | INFO: Extracting primitive: Ground_3_5Geometry
20:14:58 | INFO: Primitives created: 1
20:14:58 | INFO: Finished glTF 2.0 export in 0.006495952606201172 s

Info: Saved as "Ground_3_5.blend"
UPDATED TERRAIN MODULE Ground_3_5 2048
20:14:58 | INFO: Starting glTF 2.0 export
20:14:58 | INFO: Extracting primitive: Ground_4_5Geometry
20:14:58 | INFO: Primitives created: 1
20:14:58 | INFO: Finished glTF 2.0 export in 0.007192134857177734 s

Info: Saved as "Ground_4_5.blend"
UPDATED TERRAIN MODULE Ground_4_5 2048
20:14:58 | INFO: Starting glTF 2.0 export
20:14:58 | INFO: Extracting primitive: Ground_5_5Geometry
20:14:58 | INFO: Primitives created: 1
20:14:58 | INFO: Finished glTF 2.0 export in 0.02726459503173828 s

Info: Saved as "Ground_5_5.blend"
UPDATED TERRAIN MODULE Ground_5_5 2048
20:14:59 | INFO: Starting glTF 2.0 export
20:14:59 | INFO: Extracting primitive: Ground_6_5Geometry
20:14:59 | INFO: Primitives created: 1
20:14:59 | INFO: Finished glTF 2.0 export in 0.01275777816772461 s

Info: Saved as "Ground_6_5.blend"
UPDATED TERRAIN MODULE Ground_6_5 2048
Blender 4.5.0 (hash 8cb6b388974a built 2025-07-15 01:36:24)

Blender quit
