Info: Saved as "village_foreground.blend"
INFO Draco mesh compression is available, use library at E:\FeiTing\.tools\blender\blender-4.5.0-windows-x64\4.5\scripts\addons_core\io_scene_gltf2\extern_draco.dll
22:30:25 | INFO: Starting glTF 2.0 export
22:30:25 | INFO: Extracting primitive: foreground continuous buried bedding (-564, -441, 0)
22:30:25 | INFO: Primitives created: 1
22:30:25 | INFO: Extracting primitive: foreground inclined limestone (-3201, -2811, 0)
22:30:25 | INFO: Primitives created: 1
22:30:25 | INFO: Extracting primitive: foreground inclined limestone (-3201, -2810, 0)
22:30:25 | INFO: Primitives created: 1
22:30:25 | INFO: Extracting primitive: foreground inclined limestone (-3200, -2810, 0)
22:30:25 | INFO: Primitives created: 1
22:30:25 | INFO: Extracting primitive: foreground inclined limestone (-3200, -2809, 0)
22:30:25 | INFO: Primitives created: 1
22:30:25 | INFO: Finished glTF 2.0 export in 0.04824972152709961 s

Info: Saved as "village_bay.blend"
22:30:26 | INFO: Starting glTF 2.0 export
22:30:26 | INFO: Extracting primitive: bay continuous buried bedding (-560, -472, 0)
22:30:26 | INFO: Primitives created: 1
22:30:26 | INFO: Extracting primitive: bay inclined limestone (-3431, -2797, 0)
22:30:26 | INFO: Primitives created: 1
22:30:26 | INFO: Extracting primitive: bay inclined limestone (-3431, -2796, 0)
22:30:26 | INFO: Primitives created: 1
22:30:26 | INFO: Extracting primitive: bay inclined limestone (-3430, -2796, 0)
22:30:26 | INFO: Primitives created: 1
22:30:26 | INFO: Extracting primitive: bay inclined limestone (-3430, -2795, 0)
22:30:26 | INFO: Primitives created: 1
22:30:26 | INFO: Finished glTF 2.0 export in 0.036322832107543945 s

VILLAGE PAVING BUILT 922 EDITABLE SOLIDS
Blender 4.5.0 (hash 8cb6b388974a built 2025-07-15 01:36:24)

Blender quit
