Info: Saved as "village_foreground.blend"
INFO Draco mesh compression is available, use library at E:\FeiTing\.tools\blender\blender-4.5.0-windows-x64\4.5\scripts\addons_core\io_scene_gltf2\extern_draco.dll
21:47:01 | INFO: Starting glTF 2.0 export
21:47:01 | INFO: Extracting primitive: foreground terrace bedding 9.180 0 component 0
21:47:01 | INFO: Primitives created: 1
21:47:01 | INFO: Extracting primitive: foreground worn limestone 9.180 -3194 -2832 cut0 component 0
21:47:01 | INFO: Primitives created: 1
21:47:01 | INFO: Extracting primitive: foreground worn limestone 9.180 -3194 -2831 cut0 component 0
21:47:01 | INFO: Primitives created: 1
21:47:01 | INFO: Extracting primitive: foreground worn limestone 9.180 -3192 -2832 cut0 component 0
21:47:01 | INFO: Primitives created: 1
21:47:01 | INFO: Extracting primitive: foreground worn limestone 9.180 -3192 -2831 cut0 component 0
21:47:01 | INFO: Primitives created: 1
21:47:01 | INFO: Finished glTF 2.0 export in 0.07984662055969238 s

Info: Saved as "village_bay.blend"
21:47:02 | INFO: Starting glTF 2.0 export
21:47:02 | INFO: Extracting primitive: bay terrace bedding 6.680 0 component 0
21:47:02 | INFO: Primitives created: 1
21:47:02 | INFO: Extracting primitive: bay worn limestone 6.680 -3405 -2811 cut0 component 0
21:47:02 | INFO: Primitives created: 1
21:47:02 | INFO: Extracting primitive: bay worn limestone 6.680 -3405 -2810 cut0 component 0
21:47:02 | INFO: Primitives created: 1
21:47:02 | INFO: Extracting primitive: bay worn limestone 6.680 -3404 -2810 cut0 component 0
21:47:02 | INFO: Primitives created: 1
21:47:02 | INFO: Extracting primitive: bay worn limestone 6.680 -3404 -2809 cut0 component 0
21:47:02 | INFO: Primitives created: 1
21:47:02 | INFO: Finished glTF 2.0 export in 0.049385786056518555 s

VILLAGE PAVING BUILT 1486 EDITABLE SOLIDS
Blender 4.5.0 (hash 8cb6b388974a built 2025-07-15 01:36:24)

Blender quit
