Info: Saved as "village_foreground.blend"
INFO Draco mesh compression is available, use library at E:\FeiTing\.tools\blender\blender-4.5.0-windows-x64\4.5\scripts\addons_core\io_scene_gltf2\extern_draco.dll
20:39:49 | INFO: Starting glTF 2.0 export
20:39:49 | INFO: Extracting primitive: foreground terrace bedding 8.400 0
20:39:49 | INFO: Primitives created: 1
20:39:49 | INFO: Extracting primitive: foreground worn stair paver 8.400 -3192 -2834
20:39:49 | INFO: Primitives created: 1
20:39:49 | INFO: Extracting primitive: foreground worn stair paver 8.400 -3190 -2834
20:39:49 | INFO: Primitives created: 1
20:39:49 | INFO: Extracting primitive: foreground worn stair paver 8.400 -3189 -2834
20:39:49 | INFO: Primitives created: 1
20:39:49 | INFO: Extracting primitive: foreground worn stair paver 8.400 -3187 -2834
20:39:49 | INFO: Primitives created: 1
20:39:49 | INFO: Finished glTF 2.0 export in 0.05206799507141113 s

Info: Saved as "village_bay.blend"
20:39:50 | INFO: Starting glTF 2.0 export
20:39:50 | INFO: Extracting primitive: bay terrace bedding 6.000 0
20:39:50 | INFO: Primitives created: 1
20:39:50 | INFO: Extracting primitive: bay worn stair paver 6.150 -3410 -2812
20:39:50 | INFO: Primitives created: 1
20:39:50 | INFO: Extracting primitive: bay worn stair paver 6.150 -3408 -2813
20:39:50 | INFO: Primitives created: 1
20:39:50 | INFO: Extracting primitive: bay worn stair paver 6.150 -3408 -2812
20:39:50 | INFO: Primitives created: 1
20:39:50 | INFO: Extracting primitive: bay worn stair paver 6.150 -3406 -2813
20:39:50 | INFO: Primitives created: 1
20:39:50 | INFO: Finished glTF 2.0 export in 0.042620182037353516 s

VILLAGE PAVING BUILT 1807 EDITABLE SOLIDS
Blender 4.5.0 (hash 8cb6b388974a built 2025-07-15 01:36:24)

Blender quit
