Info: Saved as "village_foreground.blend"
INFO Draco mesh compression is available, use library at E:\FeiTing\.tools\blender\blender-4.5.0-windows-x64\4.5\scripts\addons_core\io_scene_gltf2\extern_draco.dll
21:28:02 | INFO: Starting glTF 2.0 export
21:28:02 | INFO: Extracting primitive: foreground terrace bedding 9.180 0 component 0
21:28:02 | INFO: Primitives created: 1
21:28:02 | INFO: Extracting primitive: foreground worn stair paver 9.180 -3194 -2832 component 0
21:28:02 | INFO: Primitives created: 1
21:28:02 | INFO: Extracting primitive: foreground worn stair paver 9.180 -3194 -2831 component 0
21:28:02 | INFO: Primitives created: 1
21:28:02 | INFO: Extracting primitive: foreground worn stair paver 9.180 -3192 -2832 component 0
21:28:02 | INFO: Primitives created: 1
21:28:02 | INFO: Extracting primitive: foreground worn stair paver 9.180 -3192 -2831 component 0
21:28:02 | INFO: Primitives created: 1
21:28:02 | INFO: Finished glTF 2.0 export in 0.06982922554016113 s

Info: Saved as "village_bay.blend"
21:28:03 | INFO: Starting glTF 2.0 export
21:28:03 | INFO: Extracting primitive: bay terrace bedding 6.680 0 component 0
21:28:03 | INFO: Primitives created: 1
21:28:03 | INFO: Extracting primitive: bay worn stair paver 6.680 -3405 -2811 component 0
21:28:03 | INFO: Primitives created: 1
21:28:03 | INFO: Extracting primitive: bay worn stair paver 6.680 -3405 -2810 component 0
21:28:03 | INFO: Primitives created: 1
21:28:03 | INFO: Extracting primitive: bay worn stair paver 6.680 -3404 -2810 component 0
21:28:03 | INFO: Primitives created: 1
21:28:03 | INFO: Extracting primitive: bay worn stair paver 6.680 -3404 -2809 component 0
21:28:03 | INFO: Primitives created: 1
21:28:03 | INFO: Finished glTF 2.0 export in 0.048748016357421875 s
Blender 4.5.0 (hash 8cb6b388974a built 2025-07-15 01:36:24)


Blender quit
