ERROR: Condition "len == 0" is true. Returning: FAILED
   at: update (core/crypto/hashing_context.cpp:53)
   GDScript backtrace (most recent call first):
       [0] bytes_sha (/workspace/scratch/a29d03198654/Aether/cloud-evidence/north-ridge62-scatter-collect-20261002T062426Z-j_zfldme/collect_scatter62.gd:16)
       [1] collect_group (/workspace/scratch/a29d03198654/Aether/cloud-evidence/north-ridge62-scatter-collect-20261002T062426Z-j_zfldme/collect_scatter62.gd:143)
       [2] _initialize (/workspace/scratch/a29d03198654/Aether/cloud-evidence/north-ridge62-scatter-collect-20261002T062426Z-j_zfldme/collect_scatter62.gd:230)
ERROR: Condition "len == 0" is true. Returning: FAILED
   at: update (core/crypto/hashing_context.cpp:53)
   GDScript backtrace (most recent call first):
       [0] bytes_sha (/workspace/scratch/a29d03198654/Aether/cloud-evidence/north-ridge62-scatter-collect-20261002T062426Z-j_zfldme/collect_scatter62.gd:16)
       [1] collect_group (/workspace/scratch/a29d03198654/Aether/cloud-evidence/north-ridge62-scatter-collect-20261002T062426Z-j_zfldme/collect_scatter62.gd:143)
       [2] _initialize (/workspace/scratch/a29d03198654/Aether/cloud-evidence/north-ridge62-scatter-collect-20261002T062426Z-j_zfldme/collect_scatter62.gd:230)
ERROR: Condition "len == 0" is true. Returning: FAILED
   at: update (core/crypto/hashing_context.cpp:53)
   GDScript backtrace (most recent call first):
       [0] bytes_sha (/workspace/scratch/a29d03198654/Aether/cloud-evidence/north-ridge62-scatter-collect-20261002T062426Z-j_zfldme/collect_scatter62.gd:16)
       [1] collect_group (/workspace/scratch/a29d03198654/Aether/cloud-evidence/north-ridge62-scatter-collect-20261002T062426Z-j_zfldme/collect_scatter62.gd:143)
       [2] _initialize (/workspace/scratch/a29d03198654/Aether/cloud-evidence/north-ridge62-scatter-collect-20261002T062426Z-j_zfldme/collect_scatter62.gd:230)
ERROR: Condition "len == 0" is true. Returning: FAILED
   at: update (core/crypto/hashing_context.cpp:53)
   GDScript backtrace (most recent call first):
       [0] bytes_sha (/workspace/scratch/a29d03198654/Aether/cloud-evidence/north-ridge62-scatter-collect-20261002T062426Z-j_zfldme/collect_scatter62.gd:16)
       [1] collect_group (/workspace/scratch/a29d03198654/Aether/cloud-evidence/north-ridge62-scatter-collect-20261002T062426Z-j_zfldme/collect_scatter62.gd:143)
       [2] _initialize (/workspace/scratch/a29d03198654/Aether/cloud-evidence/north-ridge62-scatter-collect-20261002T062426Z-j_zfldme/collect_scatter62.gd:230)
ERROR: Condition "len == 0" is true. Returning: FAILED
   at: update (core/crypto/hashing_context.cpp:53)
   GDScript backtrace (most recent call first):
       [0] bytes_sha (/workspace/scratch/a29d03198654/Aether/cloud-evidence/north-ridge62-scatter-collect-20261002T062426Z-j_zfldme/collect_scatter62.gd:16)
       [1] collect_group (/workspace/scratch/a29d03198654/Aether/cloud-evidence/north-ridge62-scatter-collect-20261002T062426Z-j_zfldme/collect_scatter62.gd:143)
       [2] _initialize (/workspace/scratch/a29d03198654/Aether/cloud-evidence/north-ridge62-scatter-collect-20261002T062426Z-j_zfldme/collect_scatter62.gd:230)
ERROR: Condition "len == 0" is true. Returning: FAILED
   at: update (core/crypto/hashing_context.cpp:53)
   GDScript backtrace (most recent call first):
       [0] bytes_sha (/workspace/scratch/a29d03198654/Aether/cloud-evidence/north-ridge62-scatter-collect-20261002T062426Z-j_zfldme/collect_scatter62.gd:16)
       [1] collect_group (/workspace/scratch/a29d03198654/Aether/cloud-evidence/north-ridge62-scatter-collect-20261002T062426Z-j_zfldme/collect_scatter62.gd:143)
       [2] _initialize (/workspace/scratch/a29d03198654/Aether/cloud-evidence/north-ridge62-scatter-collect-20261002T062426Z-j_zfldme/collect_scatter62.gd:230)
ERROR: Condition "len == 0" is true. Returning: FAILED
   at: update (core/crypto/hashing_context.cpp:53)
   GDScript backtrace (most recent call first):
       [0] bytes_sha (/workspace/scratch/a29d03198654/Aether/cloud-evidence/north-ridge62-scatter-collect-20261002T062426Z-j_zfldme/collect_scatter62.gd:16)
       [1] collect_group (/workspace/scratch/a29d03198654/Aether/cloud-evidence/north-ridge62-scatter-collect-20261002T062426Z-j_zfldme/collect_scatter62.gd:143)
       [2] _initialize (/workspace/scratch/a29d03198654/Aether/cloud-evidence/north-ridge62-scatter-collect-20261002T062426Z-j_zfldme/collect_scatter62.gd:230)
ERROR: Condition "len == 0" is true. Returning: FAILED
   at: update (core/crypto/hashing_context.cpp:53)
   GDScript backtrace (most recent call first):
       [0] bytes_sha (/workspace/scratch/a29d03198654/Aether/cloud-evidence/north-ridge62-scatter-collect-20261002T062426Z-j_zfldme/collect_scatter62.gd:16)
       [1] collect_group (/workspace/scratch/a29d03198654/Aether/cloud-evidence/north-ridge62-scatter-collect-20261002T062426Z-j_zfldme/collect_scatter62.gd:143)
       [2] _initialize (/workspace/scratch/a29d03198654/Aether/cloud-evidence/north-ridge62-scatter-collect-20261002T062426Z-j_zfldme/collect_scatter62.gd:230)
ERROR: Condition "len == 0" is true. Returning: FAILED
   at: update (core/crypto/hashing_context.cpp:53)
   GDScript backtrace (most recent call first):
       [0] bytes_sha (/workspace/scratch/a29d03198654/Aether/cloud-evidence/north-ridge62-scatter-collect-20261002T062426Z-j_zfldme/collect_scatter62.gd:16)
       [1] collect_group (/workspace/scratch/a29d03198654/Aether/cloud-evidence/north-ridge62-scatter-collect-20261002T062426Z-j_zfldme/collect_scatter62.gd:143)
       [2] _initialize (/workspace/scratch/a29d03198654/Aether/cloud-evidence/north-ridge62-scatter-collect-20261002T062426Z-j_zfldme/collect_scatter62.gd:230)
ERROR: Condition "len == 0" is true. Returning: FAILED
   at: update (core/crypto/hashing_context.cpp:53)
   GDScript backtrace (most recent call first):
       [0] bytes_sha (/workspace/scratch/a29d03198654/Aether/cloud-evidence/north-ridge62-scatter-collect-20261002T062426Z-j_zfldme/collect_scatter62.gd:16)
       [1] collect_group (/workspace/scratch/a29d03198654/Aether/cloud-evidence/north-ridge62-scatter-collect-20261002T062426Z-j_zfldme/collect_scatter62.gd:143)
       [2] _initialize (/workspace/scratch/a29d03198654/Aether/cloud-evidence/north-ridge62-scatter-collect-20261002T062426Z-j_zfldme/collect_scatter62.gd:230)
ERROR: Condition "len == 0" is true. Returning: FAILED
   at: update (core/crypto/hashing_context.cpp:53)
   GDScript backtrace (most recent call first):
       [0] bytes_sha (/workspace/scratch/a29d03198654/Aether/cloud-evidence/north-ridge62-scatter-collect-20261002T062426Z-j_zfldme/collect_scatter62.gd:16)
       [1] collect_group (/workspace/scratch/a29d03198654/Aether/cloud-evidence/north-ridge62-scatter-collect-20261002T062426Z-j_zfldme/collect_scatter62.gd:143)
       [2] _initialize (/workspace/scratch/a29d03198654/Aether/cloud-evidence/north-ridge62-scatter-collect-20261002T062426Z-j_zfldme/collect_scatter62.gd:230)
ERROR: Condition "len == 0" is true. Returning: FAILED
   at: update (core/crypto/hashing_context.cpp:53)
   GDScript backtrace (most recent call first):
       [0] bytes_sha (/workspace/scratch/a29d03198654/Aether/cloud-evidence/north-ridge62-scatter-collect-20261002T062426Z-j_zfldme/collect_scatter62.gd:16)
       [1] collect_group (/workspace/scratch/a29d03198654/Aether/cloud-evidence/north-ridge62-scatter-collect-20261002T062426Z-j_zfldme/collect_scatter62.gd:143)
       [2] _initialize (/workspace/scratch/a29d03198654/Aether/cloud-evidence/north-ridge62-scatter-collect-20261002T062426Z-j_zfldme/collect_scatter62.gd:230)
ERROR: Condition "len == 0" is true. Returning: FAILED
   at: update (core/crypto/hashing_context.cpp:53)
   GDScript backtrace (most recent call first):
       [0] bytes_sha (/workspace/scratch/a29d03198654/Aether/cloud-evidence/north-ridge62-scatter-collect-20261002T062426Z-j_zfldme/collect_scatter62.gd:16)
       [1] collect_group (/workspace/scratch/a29d03198654/Aether/cloud-evidence/north-ridge62-scatter-collect-20261002T062426Z-j_zfldme/collect_scatter62.gd:143)
       [2] _initialize (/workspace/scratch/a29d03198654/Aether/cloud-evidence/north-ridge62-scatter-collect-20261002T062426Z-j_zfldme/collect_scatter62.gd:230)
ERROR: Condition "len == 0" is true. Returning: FAILED
   at: update (core/crypto/hashing_context.cpp:53)
   GDScript backtrace (most recent call first):
       [0] bytes_sha (/workspace/scratch/a29d03198654/Aether/cloud-evidence/north-ridge62-scatter-collect-20261002T062426Z-j_zfldme/collect_scatter62.gd:16)
       [1] collect_group (/workspace/scratch/a29d03198654/Aether/cloud-evidence/north-ridge62-scatter-collect-20261002T062426Z-j_zfldme/collect_scatter62.gd:143)
       [2] _initialize (/workspace/scratch/a29d03198654/Aether/cloud-evidence/north-ridge62-scatter-collect-20261002T062426Z-j_zfldme/collect_scatter62.gd:230)
ERROR: Condition "len == 0" is true. Returning: FAILED
   at: update (core/crypto/hashing_context.cpp:53)
   GDScript backtrace (most recent call first):
       [0] bytes_sha (/workspace/scratch/a29d03198654/Aether/cloud-evidence/north-ridge62-scatter-collect-20261002T062426Z-j_zfldme/collect_scatter62.gd:16)
       [1] collect_group (/workspace/scratch/a29d03198654/Aether/cloud-evidence/north-ridge62-scatter-collect-20261002T062426Z-j_zfldme/collect_scatter62.gd:143)
       [2] _initialize (/workspace/scratch/a29d03198654/Aether/cloud-evidence/north-ridge62-scatter-collect-20261002T062426Z-j_zfldme/collect_scatter62.gd:230)
ERROR: Condition "len == 0" is true. Returning: FAILED
   at: update (core/crypto/hashing_context.cpp:53)
   GDScript backtrace (most recent call first):
       [0] bytes_sha (/workspace/scratch/a29d03198654/Aether/cloud-evidence/north-ridge62-scatter-collect-20261002T062426Z-j_zfldme/collect_scatter62.gd:16)
       [1] collect_group (/workspace/scratch/a29d03198654/Aether/cloud-evidence/north-ridge62-scatter-collect-20261002T062426Z-j_zfldme/collect_scatter62.gd:143)
       [2] _initialize (/workspace/scratch/a29d03198654/Aether/cloud-evidence/north-ridge62-scatter-collect-20261002T062426Z-j_zfldme/collect_scatter62.gd:230)
ERROR: Condition "len == 0" is true. Returning: FAILED
   at: update (core/crypto/hashing_context.cpp:53)
   GDScript backtrace (most recent call first):
       [0] bytes_sha (/workspace/scratch/a29d03198654/Aether/cloud-evidence/north-ridge62-scatter-collect-20261002T062426Z-j_zfldme/collect_scatter62.gd:16)
       [1] collect_group (/workspace/scratch/a29d03198654/Aether/cloud-evidence/north-ridge62-scatter-collect-20261002T062426Z-j_zfldme/collect_scatter62.gd:143)
       [2] _initialize (/workspace/scratch/a29d03198654/Aether/cloud-evidence/north-ridge62-scatter-collect-20261002T062426Z-j_zfldme/collect_scatter62.gd:230)
