Godot Engine v4.5.1.stable.official.f62fdbde1 - https://godotengine.org
OpenGL API 4.5 (Core Profile) Mesa 25.0.7-2+deb13u1 - Compatibility - Using Device: Mesa - llvmpipe (LLVM 19.1.7, 256 bits)

PASS Canonical47 unmodified full Game48 graph double-snapshot control
PASS Fresh saved candidate49 retains exact full Game48 graph outside new group
PASS All48000 saved weather floats unchanged
PASS Successful49 build report present
PASS Candidate hash matches verified49 build
PASS Build and independent verifier agree on unchanged Game48 raw canonical fingerprint
PASS Saved new-group resources match build fingerprints
PASS Independent new asset intact res://assets/lake49/island_near_left__island_near_left_rockroot.mesh
PASS Independent new asset intact res://assets/lake49/island_near_left__island_near_left_rockroot_collision.res
PASS Independent new asset intact res://assets/lake49/island_near_left__island_near_left_shoulder.mesh
PASS Independent new asset intact res://assets/lake49/island_near_left__island_near_left_shoulder_collision.res
PASS Independent new asset intact res://assets/lake49/island_near_left__island_near_left_grasscap_west.mesh
PASS Independent new asset intact res://assets/lake49/island_near_left__island_near_left_grasscap_east.mesh
PASS Independent new asset intact res://assets/lake49/island_near_left__island_near_left_wetshore_00.mesh
PASS Independent new asset intact res://assets/lake49/island_near_left__island_near_left_wetshore_00_collision.res
PASS Independent new asset intact res://assets/lake49/island_near_left__island_near_left_wetshore_01.mesh
PASS Independent new asset intact res://assets/lake49/island_near_left__island_near_left_wetshore_01_collision.res
PASS Independent new asset intact res://assets/lake49/island_near_left__island_near_left_wetshore_02.mesh
PASS Independent new asset intact res://assets/lake49/island_near_left__island_near_left_wetshore_02_collision.res
PASS Independent new asset intact res://assets/lake49/island_near_left__island_near_left_wetshore_03.mesh
PASS Independent new asset intact res://assets/lake49/island_near_left__island_near_left_wetshore_03_collision.res
PASS Independent new asset intact res://assets/lake49/island_near_left__island_near_left_wetshore_04.mesh
PASS Independent new asset intact res://assets/lake49/island_near_left__island_near_left_wetshore_04_collision.res
PASS Independent new asset intact res://assets/lake49/island_near_left__island_near_left_wetshore_05.mesh
PASS Independent new asset intact res://assets/lake49/island_near_left__island_near_left_wetshore_05_collision.res
PASS Independent new asset intact res://assets/lake49/island_near_left__island_near_left_pine_01_trunk.mesh
PASS Independent new asset intact res://assets/lake49/island_near_left__island_near_left_pine_01_trunk_collision.res
PASS Independent new asset intact res://assets/lake49/island_near_left__island_near_left_pine_01_branch_00_00.mesh
PASS Independent new asset intact res://assets/lake49/island_near_left__island_near_left_pine_01_branch_00_00_collision.res
PASS Independent new asset intact res://assets/lake49/island_near_left__island_near_left_pine_01_branch_00_01.mesh
PASS Independent new asset intact res://assets/lake49/island_near_left__island_near_left_pine_01_branch_00_01_collision.res
PASS Independent new asset intact res://assets/lake49/island_near_left__island_near_left_pine_01_branch_00_02.mesh
PASS Independent new asset intact res://assets/lake49/island_near_left__island_near_left_pine_01_branch_00_02_collision.res
PASS Independent new asset intact res://assets/lake49/island_near_left__island_near_left_pine_01_branch_00_03.mesh
PASS Independent new asset intact res://assets/lake49/island_near_left__island_near_left_pine_01_branch_00_03_collision.res
PASS Independent new asset intact res://assets/lake49/island_near_left__island_near_left_pine_01_branch_00_04.mesh
PASS Independent new asset intact res://assets/lake49/island_near_left__island_near_left_pine_01_branch_00_04_collision.res
PASS Independent new asset intact res://assets/lake49/island_near_left__island_near_left_pine_01_crown_tier_00.mesh
PASS Independent new asset intact res://assets/lake49/island_near_left__island_near_left_pine_01_branch_01_00.mesh
PASS Independent new asset intact res://assets/lake49/island_near_left__island_near_left_pine_01_branch_01_00_collision.res
PASS Independent new asset intact res://assets/lake49/island_near_left__island_near_left_pine_01_branch_01_01.mesh
PASS Independent new asset intact res://assets/lake49/island_near_left__island_near_left_pine_01_branch_01_01_collision.res
PASS Independent new asset intact res://assets/lake49/island_near_left__island_near_left_pine_01_branch_01_02.mesh
PASS Independent new asset intact res://assets/lake49/island_near_left__island_near_left_pine_01_branch_01_02_collision.res
PASS Independent new asset intact res://assets/lake49/island_near_left__island_near_left_pine_01_branch_01_03.mesh
PASS Independent new asset intact res://assets/lake49/island_near_left__island_near_left_pine_01_branch_01_03_collision.res
PASS Independent new asset intact res://assets/lake49/island_near_left__island_near_left_pine_01_branch_01_04.mesh
PASS Independent new asset intact res://assets/lake49/island_near_left__island_near_left_pine_01_branch_01_04_collision.res
PASS Independent new asset intact res://assets/lake49/island_near_left__island_near_left_pine_01_crown_tier_01.mesh
PASS Independent new asset intact res://assets/lake49/island_near_left__island_near_left_pine_01_branch_02_00.mesh
PASS Independent new asset intact res://assets/lake49/island_near_left__island_near_left_pine_01_branch_02_00_collision.res
PASS Independent new asset intact res://assets/lake49/island_near_left__island_near_left_pine_01_branch_02_01.mesh
PASS Independent new asset intact res://assets/lake49/island_near_left__island_near_left_pine_01_branch_02_01_collision.res
PASS Independent new asset intact res://assets/lake49/island_near_left__island_near_left_pine_01_branch_02_02.mesh
PASS Independent new asset intact res://assets/lake49/island_near_left__island_near_left_pine_01_branch_02_02_collision.res
PASS Independent new asset intact res://assets/lake49/island_near_left__island_near_left_pine_01_branch_02_03.mesh
PASS Independent new asset intact res://assets/lake49/island_near_left__island_near_left_pine_01_branch_02_03_collision.res
PASS Independent new asset intact res://assets/lake49/island_near_left__island_near_left_pine_01_branch_02_04.mesh
PASS Independent new asset intact res://assets/lake49/island_near_left__island_near_left_pine_01_branch_02_04_collision.res
PASS Independent new asset intact res://assets/lake49/island_near_left__island_near_left_pine_01_crown_tier_02.mesh
PASS Independent new asset intact res://assets/lake49/island_near_left__island_near_left_pine_01_crown_tier_03.mesh
PASS Independent new asset intact res://assets/lake49/island_near_left__island_near_left_pine_01_crown_tier_04.mesh
PASS Independent new asset intact res://assets/lake49/island_near_left__island_near_left_pine_01_leader.mesh
PASS Independent new asset intact res://assets/lake49/island_near_left__island_near_left_pine_02_trunk.mesh
PASS Independent new asset intact res://assets/lake49/island_near_left__island_near_left_pine_02_trunk_collision.res
PASS Independent new asset intact res://assets/lake49/island_near_left__island_near_left_pine_02_branch_00_00.mesh
PASS Independent new asset intact res://assets/lake49/island_near_left__island_near_left_pine_02_branch_00_00_collision.res
PASS Independent new asset intact res://assets/lake49/island_near_left__island_near_left_pine_02_branch_00_01.mesh
PASS Independent new asset intact res://assets/lake49/island_near_left__island_near_left_pine_02_branch_00_01_collision.res
PASS Independent new asset intact res://assets/lake49/island_near_left__island_near_left_pine_02_branch_00_02.mesh
PASS Independent new asset intact res://assets/lake49/island_near_left__island_near_left_pine_02_branch_00_02_collision.res
PASS Independent new asset intact res://assets/lake49/island_near_left__island_near_left_pine_02_branch_00_03.mesh
PASS Independent new asset intact res://assets/lake49/island_near_left__island_near_left_pine_02_branch_00_03_collision.res
PASS Independent new asset intact res://assets/lake49/island_near_left__island_near_left_pine_02_branch_00_04.mesh
PASS Independent new asset intact res://assets/lake49/island_near_left__island_near_left_pine_02_branch_00_04_collision.res
PASS Independent new asset intact res://assets/lake49/island_near_left__island_near_left_pine_02_crown_tier_00.mesh
PASS Independent new asset intact res://assets/lake49/island_near_left__island_near_left_pine_02_branch_01_00.mesh
PASS Independent new asset intact res://assets/lake49/island_near_left__island_near_left_pine_02_branch_01_00_collision.res
PASS Independent new asset intact res://assets/lake49/island_near_left__island_near_left_pine_02_branch_01_01.mesh
PASS Independent new asset intact res://assets/lake49/island_near_left__island_near_left_pine_02_branch_01_01_collision.res
PASS Independent new asset intact res://assets/lake49/island_near_left__island_near_left_pine_02_branch_01_02.mesh
PASS Independent new asset intact res://assets/lake49/island_near_left__island_near_left_pine_02_branch_01_02_collision.res
PASS Independent new asset intact res://assets/lake49/island_near_left__island_near_left_pine_02_branch_01_03.mesh
PASS Independent new asset intact res://assets/lake49/island_near_left__island_near_left_pine_02_branch_01_03_collision.res
PASS Independent new asset intact res://assets/lake49/island_near_left__island_near_left_pine_02_branch_01_04.mesh
PASS Independent new asset intact res://assets/lake49/island_near_left__island_near_left_pine_02_branch_01_04_collision.res
PASS Independent new asset intact res://assets/lake49/island_near_left__island_near_left_pine_02_crown_tier_01.mesh
PASS Independent new asset intact res://assets/lake49/island_near_left__island_near_left_pine_02_branch_02_00.mesh
PASS Independent new asset intact res://assets/lake49/island_near_left__island_near_left_pine_02_branch_02_00_collision.res
PASS Independent new asset intact res://assets/lake49/island_near_left__island_near_left_pine_02_branch_02_01.mesh
PASS Independent new asset intact res://assets/lake49/island_near_left__island_near_left_pine_02_branch_02_01_collision.res
PASS Independent new asset intact res://assets/lake49/island_near_left__island_near_left_pine_02_branch_02_02.mesh
PASS Independent new asset intact res://assets/lake49/island_near_left__island_near_left_pine_02_branch_02_02_collision.res
PASS Independent new asset intact res://assets/lake49/island_near_left__island_near_left_pine_02_branch_02_03.mesh
PASS Independent new asset intact res://assets/lake49/island_near_left__island_near_left_pine_02_branch_02_03_collision.res
PASS Independent new asset intact res://assets/lake49/island_near_left__island_near_left_pine_02_branch_02_04.mesh
PASS Independent new asset intact res://assets/lake49/island_near_left__island_near_left_pine_02_branch_02_04_collision.res
PASS Independent new asset intact res://assets/lake49/island_near_left__island_near_left_pine_02_crown_tier_02.mesh
PASS Independent new asset intact res://assets/lake49/island_near_left__island_near_left_pine_02_crown_tier_03.mesh
PASS Independent new asset intact res://assets/lake49/island_near_left__island_near_left_pine_02_crown_tier_04.mesh
PASS Independent new asset intact res://assets/lake49/island_near_left__island_near_left_pine_02_leader.mesh
PASS Independent new asset intact res://scenes/candidate49/prefabs/island_near_left.tscn
PASS Independent new asset intact res://assets/lake49/island_far_middle__island_far_middle_rockroot.mesh
PASS Independent new asset intact res://assets/lake49/island_far_middle__island_far_middle_rockroot_collision.res
PASS Independent new asset intact res://assets/lake49/island_far_middle__island_far_middle_shoulder.mesh
PASS Independent new asset intact res://assets/lake49/island_far_middle__island_far_middle_shoulder_collision.res
PASS Independent new asset intact res://assets/lake49/island_far_middle__island_far_middle_grasscap_west.mesh
PASS Independent new asset intact res://assets/lake49/island_far_middle__island_far_middle_grasscap_east.mesh
PASS Independent new asset intact res://assets/lake49/island_far_middle__island_far_middle_wetshore_00.mesh
PASS Independent new asset intact res://assets/lake49/island_far_middle__island_far_middle_wetshore_00_collision.res
PASS Independent new asset intact res://assets/lake49/island_far_middle__island_far_middle_wetshore_01.mesh
PASS Independent new asset intact res://assets/lake49/island_far_middle__island_far_middle_wetshore_01_collision.res
PASS Independent new asset intact res://assets/lake49/island_far_middle__island_far_middle_wetshore_02.mesh
PASS Independent new asset intact res://assets/lake49/island_far_middle__island_far_middle_wetshore_02_collision.res
PASS Independent new asset intact res://assets/lake49/island_far_middle__island_far_middle_wetshore_03.mesh
PASS Independent new asset intact res://assets/lake49/island_far_middle__island_far_middle_wetshore_03_collision.res
PASS Independent new asset intact res://assets/lake49/island_far_middle__island_far_middle_wetshore_04.mesh
PASS Independent new asset intact res://assets/lake49/island_far_middle__island_far_middle_wetshore_04_collision.res
PASS Independent new asset intact res://assets/lake49/island_far_middle__island_far_middle_wetshore_05.mesh
PASS Independent new asset intact res://assets/lake49/island_far_middle__island_far_middle_wetshore_05_collision.res
PASS Independent new asset intact res://assets/lake49/island_far_middle__island_far_middle_pine_01_trunk.mesh
PASS Independent new asset intact res://assets/lake49/island_far_middle__island_far_middle_pine_01_trunk_collision.res
PASS Independent new asset intact res://assets/lake49/island_far_middle__island_far_middle_pine_01_branch_00_00.mesh
PASS Independent new asset intact res://assets/lake49/island_far_middle__island_far_middle_pine_01_branch_00_00_collision.res
PASS Independent new asset intact res://assets/lake49/island_far_middle__island_far_middle_pine_01_branch_00_01.mesh
PASS Independent new asset intact res://assets/lake49/island_far_middle__island_far_middle_pine_01_branch_00_01_collision.res
PASS Independent new asset intact res://assets/lake49/island_far_middle__island_far_middle_pine_01_branch_00_02.mesh
PASS Independent new asset intact res://assets/lake49/island_far_middle__island_far_middle_pine_01_branch_00_02_collision.res
PASS Independent new asset intact res://assets/lake49/island_far_middle__island_far_middle_pine_01_branch_00_03.mesh
PASS Independent new asset intact res://assets/lake49/island_far_middle__island_far_middle_pine_01_branch_00_03_collision.res
PASS Independent new asset intact res://assets/lake49/island_far_middle__island_far_middle_pine_01_branch_00_04.mesh
PASS Independent new asset intact res://assets/lake49/island_far_middle__island_far_middle_pine_01_branch_00_04_collision.res
PASS Independent new asset intact res://assets/lake49/island_far_middle__island_far_middle_pine_01_crown_tier_00.mesh
PASS Independent new asset intact res://assets/lake49/island_far_middle__island_far_middle_pine_01_branch_01_00.mesh
PASS Independent new asset intact res://assets/lake49/island_far_middle__island_far_middle_pine_01_branch_01_00_collision.res
PASS Independent new asset intact res://assets/lake49/island_far_middle__island_far_middle_pine_01_branch_01_01.mesh
PASS Independent new asset intact res://assets/lake49/island_far_middle__island_far_middle_pine_01_branch_01_01_collision.res
PASS Independent new asset intact res://assets/lake49/island_far_middle__island_far_middle_pine_01_branch_01_02.mesh
PASS Independent new asset intact res://assets/lake49/island_far_middle__island_far_middle_pine_01_branch_01_02_collision.res
PASS Independent new asset intact res://assets/lake49/island_far_middle__island_far_middle_pine_01_branch_01_03.mesh
PASS Independent new asset intact res://assets/lake49/island_far_middle__island_far_middle_pine_01_branch_01_03_collision.res
PASS Independent new asset intact res://assets/lake49/island_far_middle__island_far_middle_pine_01_branch_01_04.mesh
PASS Independent new asset intact res://assets/lake49/island_far_middle__island_far_middle_pine_01_branch_01_04_collision.res
PASS Independent new asset intact res://assets/lake49/island_far_middle__island_far_middle_pine_01_crown_tier_01.mesh
PASS Independent new asset intact res://assets/lake49/island_far_middle__island_far_middle_pine_01_branch_02_00.mesh
PASS Independent new asset intact res://assets/lake49/island_far_middle__island_far_middle_pine_01_branch_02_00_collision.res
PASS Independent new asset intact res://assets/lake49/island_far_middle__island_far_middle_pine_01_branch_02_01.mesh
PASS Independent new asset intact res://assets/lake49/island_far_middle__island_far_middle_pine_01_branch_02_01_collision.res
PASS Independent new asset intact res://assets/lake49/island_far_middle__island_far_middle_pine_01_branch_02_02.mesh
PASS Independent new asset intact res://assets/lake49/island_far_middle__island_far_middle_pine_01_branch_02_02_collision.res
PASS Independent new asset intact res://assets/lake49/island_far_middle__island_far_middle_pine_01_branch_02_03.mesh
PASS Independent new asset intact res://assets/lake49/island_far_middle__island_far_middle_pine_01_branch_02_03_collision.res
PASS Independent new asset intact res://assets/lake49/island_far_middle__island_far_middle_pine_01_branch_02_04.mesh
PASS Independent new asset intact res://assets/lake49/island_far_middle__island_far_middle_pine_01_branch_02_04_collision.res
PASS Independent new asset intact res://assets/lake49/island_far_middle__island_far_middle_pine_01_crown_tier_02.mesh
PASS Independent new asset intact res://assets/lake49/island_far_middle__island_far_middle_pine_01_crown_tier_03.mesh
PASS Independent new asset intact res://assets/lake49/island_far_middle__island_far_middle_pine_01_crown_tier_04.mesh
PASS Independent new asset intact res://assets/lake49/island_far_middle__island_far_middle_pine_01_leader.mesh
PASS Independent new asset intact res://assets/lake49/island_far_middle__island_far_middle_pine_02_trunk.mesh
PASS Independent new asset intact res://assets/lake49/island_far_middle__island_far_middle_pine_02_trunk_collision.res
PASS Independent new asset intact res://assets/lake49/island_far_middle__island_far_middle_pine_02_branch_00_00.mesh
PASS Independent new asset intact res://assets/lake49/island_far_middle__island_far_middle_pine_02_branch_00_00_collision.res
PASS Independent new asset intact res://assets/lake49/island_far_middle__island_far_middle_pine_02_branch_00_01.mesh
PASS Independent new asset intact res://assets/lake49/island_far_middle__island_far_middle_pine_02_branch_00_01_collision.res
PASS Independent new asset intact res://assets/lake49/island_far_middle__island_far_middle_pine_02_branch_00_02.mesh
PASS Independent new asset intact res://assets/lake49/island_far_middle__island_far_middle_pine_02_branch_00_02_collision.res
PASS Independent new asset intact res://assets/lake49/island_far_middle__island_far_middle_pine_02_branch_00_03.mesh
PASS Independent new asset intact res://assets/lake49/island_far_middle__island_far_middle_pine_02_branch_00_03_collision.res
PASS Independent new asset intact res://assets/lake49/island_far_middle__island_far_middle_pine_02_branch_00_04.mesh
PASS Independent new asset intact res://assets/lake49/island_far_middle__island_far_middle_pine_02_branch_00_04_collision.res
PASS Independent new asset intact res://assets/lake49/island_far_middle__island_far_middle_pine_02_crown_tier_00.mesh
PASS Independent new asset intact res://assets/lake49/island_far_middle__island_far_middle_pine_02_branch_01_00.mesh
PASS Independent new asset intact res://assets/lake49/island_far_middle__island_far_middle_pine_02_branch_01_00_collision.res
PASS Independent new asset intact res://assets/lake49/island_far_middle__island_far_middle_pine_02_branch_01_01.mesh
PASS Independent new asset intact res://assets/lake49/island_far_middle__island_far_middle_pine_02_branch_01_01_collision.res
PASS Independent new asset intact res://assets/lake49/island_far_middle__island_far_middle_pine_02_branch_01_02.mesh
PASS Independent new asset intact res://assets/lake49/island_far_middle__island_far_middle_pine_02_branch_01_02_collision.res
PASS Independent new asset intact res://assets/lake49/island_far_middle__island_far_middle_pine_02_branch_01_03.mesh
PASS Independent new asset intact res://assets/lake49/island_far_middle__island_far_middle_pine_02_branch_01_03_collision.res
PASS Independent new asset intact res://assets/lake49/island_far_middle__island_far_middle_pine_02_branch_01_04.mesh
PASS Independent new asset intact res://assets/lake49/island_far_middle__island_far_middle_pine_02_branch_01_04_collision.res
PASS Independent new asset intact res://assets/lake49/island_far_middle__island_far_middle_pine_02_crown_tier_01.mesh
PASS Independent new asset intact res://assets/lake49/island_far_middle__island_far_middle_pine_02_branch_02_00.mesh
PASS Independent new asset intact res://assets/lake49/island_far_middle__island_far_middle_pine_02_branch_02_00_collision.res
PASS Independent new asset intact res://assets/lake49/island_far_middle__island_far_middle_pine_02_branch_02_01.mesh
PASS Independent new asset intact res://assets/lake49/island_far_middle__island_far_middle_pine_02_branch_02_01_collision.res
PASS Independent new asset intact res://assets/lake49/island_far_middle__island_far_middle_pine_02_branch_02_02.mesh
PASS Independent new asset intact res://assets/lake49/island_far_middle__island_far_middle_pine_02_branch_02_02_collision.res
PASS Independent new asset intact res://assets/lake49/island_far_middle__island_far_middle_pine_02_branch_02_03.mesh
PASS Independent new asset intact res://assets/lake49/island_far_middle__island_far_middle_pine_02_branch_02_03_collision.res
PASS Independent new asset intact res://assets/lake49/island_far_middle__island_far_middle_pine_02_branch_02_04.mesh
PASS Independent new asset intact res://assets/lake49/island_far_middle__island_far_middle_pine_02_branch_02_04_collision.res
PASS Independent new asset intact res://assets/lake49/island_far_middle__island_far_middle_pine_02_crown_tier_02.mesh
PASS Independent new asset intact res://assets/lake49/island_far_middle__island_far_middle_pine_02_crown_tier_03.mesh
PASS Independent new asset intact res://assets/lake49/island_far_middle__island_far_middle_pine_02_crown_tier_04.mesh
PASS Independent new asset intact res://assets/lake49/island_far_middle__island_far_middle_pine_02_leader.mesh
PASS Independent new asset intact res://assets/lake49/island_far_middle__island_far_middle_pine_03_trunk.mesh
PASS Independent new asset intact res://assets/lake49/island_far_middle__island_far_middle_pine_03_trunk_collision.res
PASS Independent new asset intact res://assets/lake49/island_far_middle__island_far_middle_pine_03_branch_00_00.mesh
PASS Independent new asset intact res://assets/lake49/island_far_middle__island_far_middle_pine_03_branch_00_00_collision.res
PASS Independent new asset intact res://assets/lake49/island_far_middle__island_far_middle_pine_03_branch_00_01.mesh
PASS Independent new asset intact res://assets/lake49/island_far_middle__island_far_middle_pine_03_branch_00_01_collision.res
PASS Independent new asset intact res://assets/lake49/island_far_middle__island_far_middle_pine_03_branch_00_02.mesh
PASS Independent new asset intact res://assets/lake49/island_far_middle__island_far_middle_pine_03_branch_00_02_collision.res
PASS Independent new asset intact res://assets/lake49/island_far_middle__island_far_middle_pine_03_branch_00_03.mesh
PASS Independent new asset intact res://assets/lake49/island_far_middle__island_far_middle_pine_03_branch_00_03_collision.res
PASS Independent new asset intact res://assets/lake49/island_far_middle__island_far_middle_pine_03_branch_00_04.mesh
PASS Independent new asset intact res://assets/lake49/island_far_middle__island_far_middle_pine_03_branch_00_04_collision.res
PASS Independent new asset intact res://assets/lake49/island_far_middle__island_far_middle_pine_03_crown_tier_00.mesh
PASS Independent new asset intact res://assets/lake49/island_far_middle__island_far_middle_pine_03_branch_01_00.mesh
PASS Independent new asset intact res://assets/lake49/island_far_middle__island_far_middle_pine_03_branch_01_00_collision.res
PASS Independent new asset intact res://assets/lake49/island_far_middle__island_far_middle_pine_03_branch_01_01.mesh
PASS Independent new asset intact res://assets/lake49/island_far_middle__island_far_middle_pine_03_branch_01_01_collision.res
PASS Independent new asset intact res://assets/lake49/island_far_middle__island_far_middle_pine_03_branch_01_02.mesh
PASS Independent new asset intact res://assets/lake49/island_far_middle__island_far_middle_pine_03_branch_01_02_collision.res
PASS Independent new asset intact res://assets/lake49/island_far_middle__island_far_middle_pine_03_branch_01_03.mesh
PASS Independent new asset intact res://assets/lake49/island_far_middle__island_far_middle_pine_03_branch_01_03_collision.res
PASS Independent new asset intact res://assets/lake49/island_far_middle__island_far_middle_pine_03_branch_01_04.mesh
PASS Independent new asset intact res://assets/lake49/island_far_middle__island_far_middle_pine_03_branch_01_04_collision.res
PASS Independent new asset intact res://assets/lake49/island_far_middle__island_far_middle_pine_03_crown_tier_01.mesh
PASS Independent new asset intact res://assets/lake49/island_far_middle__island_far_middle_pine_03_branch_02_00.mesh
PASS Independent new asset intact res://assets/lake49/island_far_middle__island_far_middle_pine_03_branch_02_00_collision.res
PASS Independent new asset intact res://assets/lake49/island_far_middle__island_far_middle_pine_03_branch_02_01.mesh
PASS Independent new asset intact res://assets/lake49/island_far_middle__island_far_middle_pine_03_branch_02_01_collision.res
PASS Independent new asset intact res://assets/lake49/island_far_middle__island_far_middle_pine_03_branch_02_02.mesh
PASS Independent new asset intact res://assets/lake49/island_far_middle__island_far_middle_pine_03_branch_02_02_collision.res
PASS Independent new asset intact res://assets/lake49/island_far_middle__island_far_middle_pine_03_branch_02_03.mesh
PASS Independent new asset intact res://assets/lake49/island_far_middle__island_far_middle_pine_03_branch_02_03_collision.res
PASS Independent new asset intact res://assets/lake49/island_far_middle__island_far_middle_pine_03_branch_02_04.mesh
PASS Independent new asset intact res://assets/lake49/island_far_middle__island_far_middle_pine_03_branch_02_04_collision.res
PASS Independent new asset intact res://assets/lake49/island_far_middle__island_far_middle_pine_03_crown_tier_02.mesh
PASS Independent new asset intact res://assets/lake49/island_far_middle__island_far_middle_pine_03_crown_tier_03.mesh
PASS Independent new asset intact res://assets/lake49/island_far_middle__island_far_middle_pine_03_crown_tier_04.mesh
PASS Independent new asset intact res://assets/lake49/island_far_middle__island_far_middle_pine_03_leader.mesh
PASS Independent new asset intact res://scenes/candidate49/prefabs/island_far_middle.tscn
PASS Independent new asset intact res://assets/lake49/island_near_right__island_near_right_rockroot.mesh
PASS Independent new asset intact res://assets/lake49/island_near_right__island_near_right_rockroot_collision.res
PASS Independent new asset intact res://assets/lake49/island_near_right__island_near_right_shoulder.mesh
PASS Independent new asset intact res://assets/lake49/island_near_right__island_near_right_shoulder_collision.res
PASS Independent new asset intact res://assets/lake49/island_near_right__island_near_right_grasscap_west.mesh
PASS Independent new asset intact res://assets/lake49/island_near_right__island_near_right_grasscap_east.mesh
PASS Independent new asset intact res://assets/lake49/island_near_right__island_near_right_wetshore_00.mesh
PASS Independent new asset intact res://assets/lake49/island_near_right__island_near_right_wetshore_00_collision.res
PASS Independent new asset intact res://assets/lake49/island_near_right__island_near_right_wetshore_01.mesh
PASS Independent new asset intact res://assets/lake49/island_near_right__island_near_right_wetshore_01_collision.res
PASS Independent new asset intact res://assets/lake49/island_near_right__island_near_right_wetshore_02.mesh
PASS Independent new asset intact res://assets/lake49/island_near_right__island_near_right_wetshore_02_collision.res
PASS Independent new asset intact res://assets/lake49/island_near_right__island_near_right_wetshore_03.mesh
PASS Independent new asset intact res://assets/lake49/island_near_right__island_near_right_wetshore_03_collision.res
PASS Independent new asset intact res://assets/lake49/island_near_right__island_near_right_wetshore_04.mesh
PASS Independent new asset intact res://assets/lake49/island_near_right__island_near_right_wetshore_04_collision.res
PASS Independent new asset intact res://assets/lake49/island_near_right__island_near_right_wetshore_05.mesh
PASS Independent new asset intact res://assets/lake49/island_near_right__island_near_right_wetshore_05_collision.res
PASS Independent new asset intact res://assets/lake49/island_near_right__island_near_right_pine_01_trunk.mesh
PASS Independent new asset intact res://assets/lake49/island_near_right__island_near_right_pine_01_trunk_collision.res
PASS Independent new asset intact res://assets/lake49/island_near_right__island_near_right_pine_01_branch_00_00.mesh
PASS Independent new asset intact res://assets/lake49/island_near_right__island_near_right_pine_01_branch_00_00_collision.res
PASS Independent new asset intact res://assets/lake49/island_near_right__island_near_right_pine_01_branch_00_01.mesh
PASS Independent new asset intact res://assets/lake49/island_near_right__island_near_right_pine_01_branch_00_01_collision.res
PASS Independent new asset intact res://assets/lake49/island_near_right__island_near_right_pine_01_branch_00_02.mesh
PASS Independent new asset intact res://assets/lake49/island_near_right__island_near_right_pine_01_branch_00_02_collision.res
PASS Independent new asset intact res://assets/lake49/island_near_right__island_near_right_pine_01_branch_00_03.mesh
PASS Independent new asset intact res://assets/lake49/island_near_right__island_near_right_pine_01_branch_00_03_collision.res
PASS Independent new asset intact res://assets/lake49/island_near_right__island_near_right_pine_01_branch_00_04.mesh
PASS Independent new asset intact res://assets/lake49/island_near_right__island_near_right_pine_01_branch_00_04_collision.res
PASS Independent new asset intact res://assets/lake49/island_near_right__island_near_right_pine_01_crown_tier_00.mesh
PASS Independent new asset intact res://assets/lake49/island_near_right__island_near_right_pine_01_branch_01_00.mesh
PASS Independent new asset intact res://assets/lake49/island_near_right__island_near_right_pine_01_branch_01_00_collision.res
PASS Independent new asset intact res://assets/lake49/island_near_right__island_near_right_pine_01_branch_01_01.mesh
PASS Independent new asset intact res://assets/lake49/island_near_right__island_near_right_pine_01_branch_01_01_collision.res
PASS Independent new asset intact res://assets/lake49/island_near_right__island_near_right_pine_01_branch_01_02.mesh
PASS Independent new asset intact res://assets/lake49/island_near_right__island_near_right_pine_01_branch_01_02_collision.res
PASS Independent new asset intact res://assets/lake49/island_near_right__island_near_right_pine_01_branch_01_03.mesh
PASS Independent new asset intact res://assets/lake49/island_near_right__island_near_right_pine_01_branch_01_03_collision.res
PASS Independent new asset intact res://assets/lake49/island_near_right__island_near_right_pine_01_branch_01_04.mesh
PASS Independent new asset intact res://assets/lake49/island_near_right__island_near_right_pine_01_branch_01_04_collision.res
PASS Independent new asset intact res://assets/lake49/island_near_right__island_near_right_pine_01_crown_tier_01.mesh
PASS Independent new asset intact res://assets/lake49/island_near_right__island_near_right_pine_01_branch_02_00.mesh
PASS Independent new asset intact res://assets/lake49/island_near_right__island_near_right_pine_01_branch_02_00_collision.res
PASS Independent new asset intact res://assets/lake49/island_near_right__island_near_right_pine_01_branch_02_01.mesh
PASS Independent new asset intact res://assets/lake49/island_near_right__island_near_right_pine_01_branch_02_01_collision.res
PASS Independent new asset intact res://assets/lake49/island_near_right__island_near_right_pine_01_branch_02_02.mesh
PASS Independent new asset intact res://assets/lake49/island_near_right__island_near_right_pine_01_branch_02_02_collision.res
PASS Independent new asset intact res://assets/lake49/island_near_right__island_near_right_pine_01_branch_02_03.mesh
PASS Independent new asset intact res://assets/lake49/island_near_right__island_near_right_pine_01_branch_02_03_collision.res
PASS Independent new asset intact res://assets/lake49/island_near_right__island_near_right_pine_01_branch_02_04.mesh
PASS Independent new asset intact res://assets/lake49/island_near_right__island_near_right_pine_01_branch_02_04_collision.res
PASS Independent new asset intact res://assets/lake49/island_near_right__island_near_right_pine_01_crown_tier_02.mesh
PASS Independent new asset intact res://assets/lake49/island_near_right__island_near_right_pine_01_crown_tier_03.mesh
PASS Independent new asset intact res://assets/lake49/island_near_right__island_near_right_pine_01_crown_tier_04.mesh
PASS Independent new asset intact res://assets/lake49/island_near_right__island_near_right_pine_01_leader.mesh
PASS Independent new asset intact res://assets/lake49/island_near_right__island_near_right_pine_02_trunk.mesh
PASS Independent new asset intact res://assets/lake49/island_near_right__island_near_right_pine_02_trunk_collision.res
PASS Independent new asset intact res://assets/lake49/island_near_right__island_near_right_pine_02_branch_00_00.mesh
PASS Independent new asset intact res://assets/lake49/island_near_right__island_near_right_pine_02_branch_00_00_collision.res
PASS Independent new asset intact res://assets/lake49/island_near_right__island_near_right_pine_02_branch_00_01.mesh
PASS Independent new asset intact res://assets/lake49/island_near_right__island_near_right_pine_02_branch_00_01_collision.res
PASS Independent new asset intact res://assets/lake49/island_near_right__island_near_right_pine_02_branch_00_02.mesh
PASS Independent new asset intact res://assets/lake49/island_near_right__island_near_right_pine_02_branch_00_02_collision.res
PASS Independent new asset intact res://assets/lake49/island_near_right__island_near_right_pine_02_branch_00_03.mesh
PASS Independent new asset intact res://assets/lake49/island_near_right__island_near_right_pine_02_branch_00_03_collision.res
PASS Independent new asset intact res://assets/lake49/island_near_right__island_near_right_pine_02_branch_00_04.mesh
PASS Independent new asset intact res://assets/lake49/island_near_right__island_near_right_pine_02_branch_00_04_collision.res
PASS Independent new asset intact res://assets/lake49/island_near_right__island_near_right_pine_02_crown_tier_00.mesh
PASS Independent new asset intact res://assets/lake49/island_near_right__island_near_right_pine_02_branch_01_00.mesh
PASS Independent new asset intact res://assets/lake49/island_near_right__island_near_right_pine_02_branch_01_00_collision.res
PASS Independent new asset intact res://assets/lake49/island_near_right__island_near_right_pine_02_branch_01_01.mesh
PASS Independent new asset intact res://assets/lake49/island_near_right__island_near_right_pine_02_branch_01_01_collision.res
PASS Independent new asset intact res://assets/lake49/island_near_right__island_near_right_pine_02_branch_01_02.mesh
PASS Independent new asset intact res://assets/lake49/island_near_right__island_near_right_pine_02_branch_01_02_collision.res
PASS Independent new asset intact res://assets/lake49/island_near_right__island_near_right_pine_02_branch_01_03.mesh
PASS Independent new asset intact res://assets/lake49/island_near_right__island_near_right_pine_02_branch_01_03_collision.res
PASS Independent new asset intact res://assets/lake49/island_near_right__island_near_right_pine_02_branch_01_04.mesh
PASS Independent new asset intact res://assets/lake49/island_near_right__island_near_right_pine_02_branch_01_04_collision.res
PASS Independent new asset intact res://assets/lake49/island_near_right__island_near_right_pine_02_crown_tier_01.mesh
PASS Independent new asset intact res://assets/lake49/island_near_right__island_near_right_pine_02_branch_02_00.mesh
PASS Independent new asset intact res://assets/lake49/island_near_right__island_near_right_pine_02_branch_02_00_collision.res
PASS Independent new asset intact res://assets/lake49/island_near_right__island_near_right_pine_02_branch_02_01.mesh
PASS Independent new asset intact res://assets/lake49/island_near_right__island_near_right_pine_02_branch_02_01_collision.res
PASS Independent new asset intact res://assets/lake49/island_near_right__island_near_right_pine_02_branch_02_02.mesh
PASS Independent new asset intact res://assets/lake49/island_near_right__island_near_right_pine_02_branch_02_02_collision.res
PASS Independent new asset intact res://assets/lake49/island_near_right__island_near_right_pine_02_branch_02_03.mesh
PASS Independent new asset intact res://assets/lake49/island_near_right__island_near_right_pine_02_branch_02_03_collision.res
PASS Independent new asset intact res://assets/lake49/island_near_right__island_near_right_pine_02_branch_02_04.mesh
PASS Independent new asset intact res://assets/lake49/island_near_right__island_near_right_pine_02_branch_02_04_collision.res
PASS Independent new asset intact res://assets/lake49/island_near_right__island_near_right_pine_02_crown_tier_02.mesh
PASS Independent new asset intact res://assets/lake49/island_near_right__island_near_right_pine_02_crown_tier_03.mesh
PASS Independent new asset intact res://assets/lake49/island_near_right__island_near_right_pine_02_crown_tier_04.mesh
PASS Independent new asset intact res://assets/lake49/island_near_right__island_near_right_pine_02_leader.mesh
PASS Independent new asset intact res://scenes/candidate49/prefabs/island_near_right.tscn
PASS Independent new asset intact res://assets/lake49/foreground_rock__foreground_rock_rockroot.mesh
PASS Independent new asset intact res://assets/lake49/foreground_rock__foreground_rock_rockroot_collision.res
PASS Independent new asset intact res://assets/lake49/foreground_rock__foreground_rock_shoulder.mesh
PASS Independent new asset intact res://assets/lake49/foreground_rock__foreground_rock_shoulder_collision.res
PASS Independent new asset intact res://assets/lake49/foreground_rock__foreground_rock_wetshore_00.mesh
PASS Independent new asset intact res://assets/lake49/foreground_rock__foreground_rock_wetshore_00_collision.res
PASS Independent new asset intact res://assets/lake49/foreground_rock__foreground_rock_wetshore_01.mesh
PASS Independent new asset intact res://assets/lake49/foreground_rock__foreground_rock_wetshore_01_collision.res
PASS Independent new asset intact res://assets/lake49/foreground_rock__foreground_rock_wetshore_02.mesh
PASS Independent new asset intact res://assets/lake49/foreground_rock__foreground_rock_wetshore_02_collision.res
PASS Independent new asset intact res://assets/lake49/foreground_rock__foreground_rock_wetshore_03.mesh
PASS Independent new asset intact res://assets/lake49/foreground_rock__foreground_rock_wetshore_03_collision.res
PASS Independent new asset intact res://assets/lake49/foreground_rock__foreground_rock_wetshore_04.mesh
PASS Independent new asset intact res://assets/lake49/foreground_rock__foreground_rock_wetshore_04_collision.res
PASS Independent new asset intact res://assets/lake49/foreground_rock__foreground_rock_wetshore_05.mesh
PASS Independent new asset intact res://assets/lake49/foreground_rock__foreground_rock_wetshore_05_collision.res
PASS Independent new asset intact res://assets/lake49/foreground_rock__foreground_rock_grassblade_00.mesh
PASS Independent new asset intact res://assets/lake49/foreground_rock__foreground_rock_grassblade_01.mesh
PASS Independent new asset intact res://assets/lake49/foreground_rock__foreground_rock_grassblade_02.mesh
PASS Independent new asset intact res://assets/lake49/foreground_rock__foreground_rock_grassblade_03.mesh
PASS Independent new asset intact res://assets/lake49/foreground_rock__foreground_rock_grassblade_04.mesh
PASS Independent new asset intact res://assets/lake49/foreground_rock__foreground_rock_grassblade_05.mesh
PASS Independent new asset intact res://assets/lake49/foreground_rock__foreground_rock_grassblade_06.mesh
PASS Independent new asset intact res://scenes/candidate49/prefabs/foreground_rock.tscn
PASS Linked Blender/GLB source unchanged source-assets/lake49/island_near_left.blend
PASS Linked Blender/GLB source unchanged source-assets/lake49/island_near_left.glb
PASS Linked Blender/GLB source unchanged source-assets/lake49/island_far_middle.blend
PASS Linked Blender/GLB source unchanged source-assets/lake49/island_far_middle.glb
PASS Linked Blender/GLB source unchanged source-assets/lake49/island_near_right.blend
PASS Linked Blender/GLB source unchanged source-assets/lake49/island_near_right.glb
PASS Linked Blender/GLB source unchanged source-assets/lake49/foreground_rock.blend
PASS Linked Blender/GLB source unchanged source-assets/lake49/foreground_rock.glb
PASS Independent BVH uses actual saved Game48 lakebed and intersecting mountain triangles
PASS Actual saved closed clockwise rockroot island_near_left
PASS Actual rockroot extends below existing saved lakebed island_near_left
PASS Actual rockroot extends below existing saved lakebed island_near_left
PASS Actual rockroot extends below existing saved lakebed island_near_left
PASS Actual rockroot extends below existing saved lakebed island_near_left
PASS Actual rockroot extends below existing saved lakebed island_near_left
PASS Actual rockroot extends below existing saved lakebed island_near_left
PASS Actual rockroot extends below existing saved lakebed island_near_left
PASS Actual rockroot extends below existing saved lakebed island_near_left
PASS Actual rockroot extends below existing saved lakebed island_near_left
PASS Actual rockroot extends below existing saved lakebed island_near_left
PASS Actual rockroot extends below existing saved lakebed island_near_left
PASS Actual rockroot extends below existing saved lakebed island_near_left
PASS Actual rockroot extends below existing saved lakebed island_near_left
PASS Actual rockroot extends below existing saved lakebed island_near_left
PASS Actual rockroot extends below existing saved lakebed island_near_left
PASS Actual rockroot extends below existing saved lakebed island_near_left
PASS Actual rockroot extends below existing saved lakebed island_near_left
PASS Actual rockroot extends below existing saved lakebed island_near_left
PASS Actual rockroot extends below existing saved lakebed island_near_left
PASS Actual rockroot extends below existing saved lakebed island_near_left
PASS Actual rockroot extends below existing saved lakebed island_near_left
PASS Actual rockroot extends below existing saved lakebed island_near_left
PASS Actual rockroot extends below existing saved lakebed island_near_left
PASS Actual rockroot extends below existing saved lakebed island_near_left
PASS Actual rockroot extends below existing saved lakebed island_near_left
PASS Actual rockroot extends below existing saved lakebed island_near_left
PASS Actual rockroot extends below existing saved lakebed island_near_left
PASS Actual rockroot extends below existing saved lakebed island_near_left
PASS Actual rockroot extends below existing saved lakebed island_near_left
PASS Actual rockroot extends below existing saved lakebed island_near_left
PASS Actual rockroot extends below existing saved lakebed island_near_left
PASS Actual rockroot extends below existing saved lakebed island_near_left
PASS Actual rockroot extends below existing saved lakebed island_near_left
PASS Actual rockroot extends below existing saved lakebed island_near_left
PASS Actual rockroot extends below existing saved lakebed island_near_left
PASS Actual rockroot extends below existing saved lakebed island_near_left
PASS Actual rockroot extends below existing saved lakebed island_near_left
PASS Actual rockroot extends below existing saved lakebed island_near_left
PASS Actual rockroot extends below existing saved lakebed island_near_left
PASS Actual rockroot extends below existing saved lakebed island_near_left
PASS Actual rockroot extends below existing saved lakebed island_near_left
PASS Actual rockroot extends below existing saved lakebed island_near_left
PASS Actual rockroot extends below existing saved lakebed island_near_left
PASS Actual rockroot extends below existing saved lakebed island_near_left
PASS Actual rockroot extends below existing saved lakebed island_near_left
PASS Actual rockroot extends below existing saved lakebed island_near_left
PASS Actual rockroot extends below existing saved lakebed island_near_left
PASS Actual rockroot extends below existing saved lakebed island_near_left
PASS Actual rockroot extends below existing saved lakebed island_near_left
PASS Actual rockroot extends below existing saved lakebed island_near_left
PASS Actual rockroot extends below existing saved lakebed island_near_left
PASS Actual rockroot extends below existing saved lakebed island_near_left
PASS Actual rockroot extends below existing saved lakebed island_near_left
PASS Actual rockroot extends below existing saved lakebed island_near_left
PASS Actual rockroot extends below existing saved lakebed island_near_left
PASS Actual rockroot extends below existing saved lakebed island_near_left
PASS Actual rockroot extends below existing saved lakebed island_near_left
PASS Actual rockroot extends below existing saved lakebed island_near_left
PASS Actual rockroot extends below existing saved lakebed island_near_left
PASS Actual rockroot extends below existing saved lakebed island_near_left
PASS Actual rockroot extends below existing saved lakebed island_near_left
PASS Actual rockroot extends below existing saved lakebed island_near_left
PASS Actual rockroot extends below existing saved lakebed island_near_left
PASS Actual rockroot extends below existing saved lakebed island_near_left
PASS Actual rockroot extends below existing saved lakebed island_near_left
PASS Actual rockroot extends below existing saved lakebed island_near_left
PASS Actual rockroot extends below existing saved lakebed island_near_left
PASS Actual rockroot extends below existing saved lakebed island_near_left
PASS Actual rockroot extends below existing saved lakebed island_near_left
PASS Actual rockroot extends below existing saved lakebed island_near_left
PASS Actual rockroot extends below existing saved lakebed island_near_left
PASS Actual rockroot extends below existing saved lakebed island_near_left
PASS Actual rockroot extends below existing saved lakebed island_near_left
PASS Actual rockroot extends below existing saved lakebed island_near_left
PASS Actual rockroot extends below existing saved lakebed island_near_left
PASS Actual rockroot extends below existing saved lakebed island_near_left
PASS Actual rockroot extends below existing saved lakebed island_near_left
PASS Actual rockroot extends below existing saved lakebed island_near_left
PASS Actual rockroot extends below existing saved lakebed island_near_left
PASS Actual rockroot extends below existing saved lakebed island_near_left
PASS Actual rockroot extends below existing saved lakebed island_near_left
PASS Actual rockroot extends below existing saved lakebed island_near_left
PASS Actual rockroot extends below existing saved lakebed island_near_left
PASS Actual rockroot extends below existing saved lakebed island_near_left
PASS Actual rockroot extends below existing saved lakebed island_near_left
PASS Actual rockroot extends below existing saved lakebed island_near_left
PASS Actual rockroot extends below existing saved lakebed island_near_left
PASS Actual rockroot extends below existing saved lakebed island_near_left
PASS Actual rockroot extends below existing saved lakebed island_near_left
PASS Actual rockroot extends below existing saved lakebed island_near_left
PASS Actual rockroot extends below existing saved lakebed island_near_left
PASS Actual rockroot extends below existing saved lakebed island_near_left
PASS Actual rockroot extends below existing saved lakebed island_near_left
PASS Actual rockroot extends below existing saved lakebed island_near_left
PASS Actual rockroot extends below existing saved lakebed island_near_left
PASS Actual rockroot extends below existing saved lakebed island_near_left
PASS Modeled pine actual trunk base supported by saved mesh BVH island_near_left_pine_01
PASS Modeled pine actual trunk base supported by saved mesh BVH island_near_left_pine_02
PASS Actual saved closed clockwise rockroot island_far_middle
PASS Actual rockroot extends below existing saved lakebed island_far_middle
PASS Actual rockroot extends below existing saved lakebed island_far_middle
PASS Actual rockroot extends below existing saved lakebed island_far_middle
PASS Actual rockroot extends below existing saved lakebed island_far_middle
PASS Actual rockroot extends below existing saved lakebed island_far_middle
PASS Actual rockroot extends below existing saved lakebed island_far_middle
PASS Actual rockroot extends below existing saved lakebed island_far_middle
PASS Actual rockroot extends below existing saved lakebed island_far_middle
PASS Actual rockroot extends below existing saved lakebed island_far_middle
PASS Actual rockroot extends below existing saved lakebed island_far_middle
PASS Actual rockroot extends below existing saved lakebed island_far_middle
PASS Actual rockroot extends below existing saved lakebed island_far_middle
PASS Actual rockroot extends below existing saved lakebed island_far_middle
PASS Actual rockroot extends below existing saved lakebed island_far_middle
PASS Actual rockroot extends below existing saved lakebed island_far_middle
PASS Actual rockroot extends below existing saved lakebed island_far_middle
PASS Actual rockroot extends below existing saved lakebed island_far_middle
PASS Actual rockroot extends below existing saved lakebed island_far_middle
PASS Actual rockroot extends below existing saved lakebed island_far_middle
PASS Actual rockroot extends below existing saved lakebed island_far_middle
PASS Actual rockroot extends below existing saved lakebed island_far_middle
PASS Actual rockroot extends below existing saved lakebed island_far_middle
PASS Actual rockroot extends below existing saved lakebed island_far_middle
PASS Actual rockroot extends below existing saved lakebed island_far_middle
PASS Actual rockroot extends below existing saved lakebed island_far_middle
PASS Actual rockroot extends below existing saved lakebed island_far_middle
PASS Actual rockroot extends below existing saved lakebed island_far_middle
PASS Actual rockroot extends below existing saved lakebed island_far_middle
PASS Actual rockroot extends below existing saved lakebed island_far_middle
PASS Actual rockroot extends below existing saved lakebed island_far_middle
PASS Actual rockroot extends below existing saved lakebed island_far_middle
PASS Actual rockroot extends below existing saved lakebed island_far_middle
PASS Actual rockroot extends below existing saved lakebed island_far_middle
PASS Actual rockroot extends below existing saved lakebed island_far_middle
PASS Actual rockroot extends below existing saved lakebed island_far_middle
PASS Actual rockroot extends below existing saved lakebed island_far_middle
PASS Actual rockroot extends below existing saved lakebed island_far_middle
PASS Actual rockroot extends below existing saved lakebed island_far_middle
PASS Actual rockroot extends below existing saved lakebed island_far_middle
PASS Actual rockroot extends below existing saved lakebed island_far_middle
PASS Actual rockroot extends below existing saved lakebed island_far_middle
PASS Actual rockroot extends below existing saved lakebed island_far_middle
PASS Actual rockroot extends below existing saved lakebed island_far_middle
PASS Actual rockroot extends below existing saved lakebed island_far_middle
PASS Actual rockroot extends below existing saved lakebed island_far_middle
PASS Actual rockroot extends below existing saved lakebed island_far_middle
PASS Actual rockroot extends below existing saved lakebed island_far_middle
PASS Actual rockroot extends below existing saved lakebed island_far_middle
PASS Actual rockroot extends below existing saved lakebed island_far_middle
PASS Actual rockroot extends below existing saved lakebed island_far_middle
PASS Actual rockroot extends below existing saved lakebed island_far_middle
PASS Actual rockroot extends below existing saved lakebed island_far_middle
PASS Actual rockroot extends below existing saved lakebed island_far_middle
PASS Actual rockroot extends below existing saved lakebed island_far_middle
PASS Actual rockroot extends below existing saved lakebed island_far_middle
PASS Actual rockroot extends below existing saved lakebed island_far_middle
PASS Actual rockroot extends below existing saved lakebed island_far_middle
PASS Actual rockroot extends below existing saved lakebed island_far_middle
PASS Actual rockroot extends below existing saved lakebed island_far_middle
PASS Actual rockroot extends below existing saved lakebed island_far_middle
PASS Actual rockroot extends below existing saved lakebed island_far_middle
PASS Actual rockroot extends below existing saved lakebed island_far_middle
PASS Actual rockroot extends below existing saved lakebed island_far_middle
PASS Actual rockroot extends below existing saved lakebed island_far_middle
PASS Actual rockroot extends below existing saved lakebed island_far_middle
PASS Actual rockroot extends below existing saved lakebed island_far_middle
PASS Actual rockroot extends below existing saved lakebed island_far_middle
PASS Actual rockroot extends below existing saved lakebed island_far_middle
PASS Actual rockroot extends below existing saved lakebed island_far_middle
PASS Actual rockroot extends below existing saved lakebed island_far_middle
PASS Actual rockroot extends below existing saved lakebed island_far_middle
PASS Actual rockroot extends below existing saved lakebed island_far_middle
PASS Actual rockroot extends below existing saved lakebed island_far_middle
PASS Actual rockroot extends below existing saved lakebed island_far_middle
PASS Actual rockroot extends below existing saved lakebed island_far_middle
PASS Actual rockroot extends below existing saved lakebed island_far_middle
PASS Actual rockroot extends below existing saved lakebed island_far_middle
PASS Actual rockroot extends below existing saved lakebed island_far_middle
PASS Actual rockroot extends below existing saved lakebed island_far_middle
PASS Actual rockroot extends below existing saved lakebed island_far_middle
PASS Actual rockroot extends below existing saved lakebed island_far_middle
PASS Actual rockroot extends below existing saved lakebed island_far_middle
PASS Actual rockroot extends below existing saved lakebed island_far_middle
PASS Actual rockroot extends below existing saved lakebed island_far_middle
PASS Actual rockroot extends below existing saved lakebed island_far_middle
PASS Actual rockroot extends below existing saved lakebed island_far_middle
PASS Actual rockroot extends below existing saved lakebed island_far_middle
PASS Actual rockroot extends below existing saved lakebed island_far_middle
PASS Actual rockroot extends below existing saved lakebed island_far_middle
PASS Actual rockroot extends below existing saved lakebed island_far_middle
PASS Actual rockroot extends below existing saved lakebed island_far_middle
PASS Actual rockroot extends below existing saved lakebed island_far_middle
PASS Actual rockroot extends below existing saved lakebed island_far_middle
PASS Actual rockroot extends below existing saved lakebed island_far_middle
PASS Actual rockroot extends below existing saved lakebed island_far_middle
PASS Actual rockroot extends below existing saved lakebed island_far_middle
PASS Modeled pine actual trunk base supported by saved mesh BVH island_far_middle_pine_01
PASS Modeled pine actual trunk base supported by saved mesh BVH island_far_middle_pine_02
PASS Modeled pine actual trunk base supported by saved mesh BVH island_far_middle_pine_03
PASS Actual saved closed clockwise rockroot island_near_right
PASS Actual rockroot extends below existing saved lakebed island_near_right
PASS Actual rockroot extends below existing saved lakebed island_near_right
PASS Actual rockroot extends below existing saved lakebed island_near_right
PASS Actual rockroot extends below existing saved lakebed island_near_right
PASS Actual rockroot extends below existing saved lakebed island_near_right
PASS Actual rockroot extends below existing saved lakebed island_near_right
PASS Actual rockroot extends below existing saved lakebed island_near_right
PASS Actual rockroot extends below existing saved lakebed island_near_right
PASS Actual rockroot extends below existing saved lakebed island_near_right
PASS Actual rockroot extends below existing saved lakebed island_near_right
PASS Actual rockroot extends below existing saved lakebed island_near_right
PASS Actual rockroot extends below existing saved lakebed island_near_right
PASS Actual rockroot extends below existing saved lakebed island_near_right
PASS Actual rockroot extends below existing saved lakebed island_near_right
PASS Actual rockroot extends below existing saved lakebed island_near_right
PASS Actual rockroot extends below existing saved lakebed island_near_right
PASS Actual rockroot extends below existing saved lakebed island_near_right
PASS Actual rockroot extends below existing saved lakebed island_near_right
PASS Actual rockroot extends below existing saved lakebed island_near_right
PASS Actual rockroot extends below existing saved lakebed island_near_right
PASS Actual rockroot extends below existing saved lakebed island_near_right
PASS Actual rockroot extends below existing saved lakebed island_near_right
PASS Actual rockroot extends below existing saved lakebed island_near_right
PASS Actual rockroot extends below existing saved lakebed island_near_right
PASS Actual rockroot extends below existing saved lakebed island_near_right
PASS Actual rockroot extends below existing saved lakebed island_near_right
PASS Actual rockroot extends below existing saved lakebed island_near_right
PASS Actual rockroot extends below existing saved lakebed island_near_right
PASS Actual rockroot extends below existing saved lakebed island_near_right
PASS Actual rockroot extends below existing saved lakebed island_near_right
PASS Actual rockroot extends below existing saved lakebed island_near_right
PASS Actual rockroot extends below existing saved lakebed island_near_right
PASS Actual rockroot extends below existing saved lakebed island_near_right
PASS Actual rockroot extends below existing saved lakebed island_near_right
PASS Actual rockroot extends below existing saved lakebed island_near_right
PASS Actual rockroot extends below existing saved lakebed island_near_right
PASS Actual rockroot extends below existing saved lakebed island_near_right
PASS Actual rockroot extends below existing saved lakebed island_near_right
PASS Actual rockroot extends below existing saved lakebed island_near_right
PASS Actual rockroot extends below existing saved lakebed island_near_right
PASS Actual rockroot extends below existing saved lakebed island_near_right
PASS Actual rockroot extends below existing saved lakebed island_near_right
PASS Actual rockroot extends below existing saved lakebed island_near_right
PASS Actual rockroot extends below existing saved lakebed island_near_right
PASS Actual rockroot extends below existing saved lakebed island_near_right
PASS Actual rockroot extends below existing saved lakebed island_near_right
PASS Actual rockroot extends below existing saved lakebed island_near_right
PASS Actual rockroot extends below existing saved lakebed island_near_right
PASS Actual rockroot extends below existing saved lakebed island_near_right
PASS Actual rockroot extends below existing saved lakebed island_near_right
PASS Actual rockroot extends below existing saved lakebed island_near_right
PASS Actual rockroot extends below existing saved lakebed island_near_right
PASS Actual rockroot extends below existing saved lakebed island_near_right
PASS Actual rockroot extends below existing saved lakebed island_near_right
PASS Actual rockroot extends below existing saved lakebed island_near_right
PASS Actual rockroot extends below existing saved lakebed island_near_right
PASS Actual rockroot extends below existing saved lakebed island_near_right
PASS Actual rockroot extends below existing saved lakebed island_near_right
PASS Actual rockroot extends below existing saved lakebed island_near_right
PASS Actual rockroot extends below existing saved lakebed island_near_right
PASS Actual rockroot extends below existing saved lakebed island_near_right
PASS Actual rockroot extends below existing saved lakebed island_near_right
PASS Actual rockroot extends below existing saved lakebed island_near_right
PASS Actual rockroot extends below existing saved lakebed island_near_right
PASS Actual rockroot extends below existing saved lakebed island_near_right
PASS Actual rockroot extends below existing saved lakebed island_near_right
PASS Actual rockroot extends below existing saved lakebed island_near_right
PASS Actual rockroot extends below existing saved lakebed island_near_right
PASS Actual rockroot extends below existing saved lakebed island_near_right
PASS Actual rockroot extends below existing saved lakebed island_near_right
PASS Actual rockroot extends below existing saved lakebed island_near_right
PASS Actual rockroot extends below existing saved lakebed island_near_right
PASS Actual rockroot extends below existing saved lakebed island_near_right
PASS Actual rockroot extends below existing saved lakebed island_near_right
PASS Actual rockroot extends below existing saved lakebed island_near_right
PASS Actual rockroot extends below existing saved lakebed island_near_right
PASS Actual rockroot extends below existing saved lakebed island_near_right
PASS Actual rockroot extends below existing saved lakebed island_near_right
PASS Actual rockroot extends below existing saved lakebed island_near_right
PASS Actual rockroot extends below existing saved lakebed island_near_right
PASS Actual rockroot extends below existing saved lakebed island_near_right
PASS Actual rockroot extends below existing saved lakebed island_near_right
PASS Actual rockroot extends below existing saved lakebed island_near_right
PASS Actual rockroot extends below existing saved lakebed island_near_right
PASS Actual rockroot extends below existing saved lakebed island_near_right
PASS Actual rockroot extends below existing saved lakebed island_near_right
PASS Actual rockroot extends below existing saved lakebed island_near_right
PASS Actual rockroot extends below existing saved lakebed island_near_right
PASS Actual rockroot extends below existing saved lakebed island_near_right
PASS Actual rockroot extends below existing saved lakebed island_near_right
PASS Actual rockroot extends below existing saved lakebed island_near_right
PASS Actual rockroot extends below existing saved lakebed island_near_right
PASS Actual rockroot extends below existing saved lakebed island_near_right
PASS Actual rockroot extends below existing saved lakebed island_near_right
PASS Actual rockroot extends below existing saved lakebed island_near_right
PASS Actual rockroot extends below existing saved lakebed island_near_right
PASS Modeled pine actual trunk base supported by saved mesh BVH island_near_right_pine_01
PASS Modeled pine actual trunk base supported by saved mesh BVH island_near_right_pine_02
PASS Actual saved closed clockwise rockroot foreground_rock
PASS Actual rockroot extends below existing saved lakebed foreground_rock
PASS Actual rockroot extends below existing saved lakebed foreground_rock
PASS Actual rockroot extends below existing saved lakebed foreground_rock
PASS Actual rockroot extends below existing saved lakebed foreground_rock
PASS Actual rockroot extends below existing saved lakebed foreground_rock
PASS Actual rockroot extends below existing saved lakebed foreground_rock
PASS Actual rockroot extends below existing saved lakebed foreground_rock
PASS Actual rockroot extends below existing saved lakebed foreground_rock
PASS Actual rockroot extends below existing saved lakebed foreground_rock
PASS Actual rockroot extends below existing saved lakebed foreground_rock
PASS Actual rockroot extends below existing saved lakebed foreground_rock
PASS Actual rockroot extends below existing saved lakebed foreground_rock
PASS Actual rockroot extends below existing saved lakebed foreground_rock
PASS Actual rockroot extends below existing saved lakebed foreground_rock
PASS Actual rockroot extends below existing saved lakebed foreground_rock
PASS Actual rockroot extends below existing saved lakebed foreground_rock
PASS Actual rockroot extends below existing saved lakebed foreground_rock
PASS Actual rockroot extends below existing saved lakebed foreground_rock
PASS Actual rockroot extends below existing saved lakebed foreground_rock
PASS Actual rockroot extends below existing saved lakebed foreground_rock
PASS Actual rockroot extends below existing saved lakebed foreground_rock
PASS Actual rockroot extends below existing saved lakebed foreground_rock
PASS Actual rockroot extends below existing saved lakebed foreground_rock
PASS Actual rockroot extends below existing saved lakebed foreground_rock
PASS Actual rockroot extends below existing saved lakebed foreground_rock
PASS Actual rockroot extends below existing saved lakebed foreground_rock
PASS Actual rockroot extends below existing saved lakebed foreground_rock
PASS Actual rockroot extends below existing saved lakebed foreground_rock
PASS Actual rockroot extends below existing saved lakebed foreground_rock
PASS Actual rockroot extends below existing saved lakebed foreground_rock
PASS Actual rockroot extends below existing saved lakebed foreground_rock
PASS Actual rockroot extends below existing saved lakebed foreground_rock
PASS Actual rockroot extends below existing saved lakebed foreground_rock
PASS Actual rockroot extends below existing saved lakebed foreground_rock
PASS Actual rockroot extends below existing saved lakebed foreground_rock
PASS Actual rockroot extends below existing saved lakebed foreground_rock
PASS Actual rockroot extends below existing saved lakebed foreground_rock
PASS Actual rockroot extends below existing saved lakebed foreground_rock
PASS Actual rockroot extends below existing saved lakebed foreground_rock
PASS Actual rockroot extends below existing saved lakebed foreground_rock
PASS Actual rockroot extends below existing saved lakebed foreground_rock
PASS Actual rockroot extends below existing saved lakebed foreground_rock
PASS Actual rockroot extends below existing saved lakebed foreground_rock
PASS Actual rockroot extends below existing saved lakebed foreground_rock
PASS Actual rockroot extends below existing saved lakebed foreground_rock
PASS Actual rockroot extends below existing saved lakebed foreground_rock
PASS Actual rockroot extends below existing saved lakebed foreground_rock
PASS Actual rockroot extends below existing saved lakebed foreground_rock
PASS Actual rockroot extends below existing saved lakebed foreground_rock
PASS Actual rockroot extends below existing saved lakebed foreground_rock
PASS Actual rockroot extends below existing saved lakebed foreground_rock
PASS Actual rockroot extends below existing saved lakebed foreground_rock
PASS Actual rockroot extends below existing saved lakebed foreground_rock
PASS Actual rockroot extends below existing saved lakebed foreground_rock
PASS Actual rockroot extends below existing saved lakebed foreground_rock
PASS Actual rockroot extends below existing saved lakebed foreground_rock
PASS Actual rockroot extends below existing saved lakebed foreground_rock
PASS Actual rockroot extends below existing saved lakebed foreground_rock
PASS Actual rockroot extends below existing saved lakebed foreground_rock
PASS Actual rockroot extends below existing saved lakebed foreground_rock
PASS Actual rockroot extends below existing saved lakebed foreground_rock
PASS Actual rockroot extends below existing saved lakebed foreground_rock
PASS Actual rockroot extends below existing saved lakebed foreground_rock
PASS Actual rockroot extends below existing saved lakebed foreground_rock
PASS Actual rockroot extends below existing saved lakebed foreground_rock
PASS Actual rockroot extends below existing saved lakebed foreground_rock
PASS Actual rockroot extends below existing saved lakebed foreground_rock
PASS Actual rockroot extends below existing saved lakebed foreground_rock
PASS Actual rockroot extends below existing saved lakebed foreground_rock
PASS Actual rockroot extends below existing saved lakebed foreground_rock
PASS Actual rockroot extends below existing saved lakebed foreground_rock
PASS Actual rockroot extends below existing saved lakebed foreground_rock
PASS Actual rockroot extends below existing saved lakebed foreground_rock
PASS Actual rockroot extends below existing saved lakebed foreground_rock
PASS Actual rockroot extends below existing saved lakebed foreground_rock
PASS Actual rockroot extends below existing saved lakebed foreground_rock
PASS Actual rockroot extends below existing saved lakebed foreground_rock
PASS Actual rockroot extends below existing saved lakebed foreground_rock
PASS Actual rockroot extends below existing saved lakebed foreground_rock
PASS Actual rockroot extends below existing saved lakebed foreground_rock
PASS Actual rockroot extends below existing saved lakebed foreground_rock
PASS Actual rockroot extends below existing saved lakebed foreground_rock
PASS Actual rockroot extends below existing saved lakebed foreground_rock
PASS Actual rockroot extends below existing saved lakebed foreground_rock
PASS Actual rockroot extends below existing saved lakebed foreground_rock
PASS Actual rockroot extends below existing saved lakebed foreground_rock
PASS Actual rockroot extends below existing saved lakebed foreground_rock
PASS Actual rockroot extends below existing saved lakebed foreground_rock
PASS Actual rockroot extends below existing saved lakebed foreground_rock
PASS Actual rockroot extends below existing saved lakebed foreground_rock
PASS Actual rockroot extends below existing saved lakebed foreground_rock
PASS Actual rockroot extends below existing saved lakebed foreground_rock
PASS Actual rockroot extends below existing saved lakebed foreground_rock
PASS Actual rockroot extends below existing saved lakebed foreground_rock
PASS Actual rockroot extends below existing saved lakebed foreground_rock
PASS Actual rockroot extends below existing saved lakebed foreground_rock
PASS Exactly seven independently checked modeled pines
WORLD READY: 208 independent terrain scenes, 54797 saved scatter instances, 169 scene landmarks, 6 scene ports
PASS Runtime chunks use current native mesh (1, -2)
PASS Runtime height cache samples current triangles with sea clamp (1, -2)
PASS Runtime terrain_samples exactly match native mesh (1, -2)
PASS Runtime chunks use current native mesh (1, -3)
PASS Runtime height cache samples current triangles with sea clamp (1, -3)
PASS Runtime terrain_samples exactly match native mesh (1, -3)
PASS Runtime prop bookkeeping reads all 500 current saved scatter transforms
PASS Actual rendered capture baseline48/reference-1128
PASS Camera collision-free baseline48/reference-1128
PASS Original fixed lake camera retained baseline48/1128
PASS Actual rendered capture baseline48/reference-1128-side
PASS Camera collision-free baseline48/reference-1128-side
PASS Actual rendered capture baseline48/reference-1128-back
PASS Camera collision-free baseline48/reference-1128-back
PASS Actual rendered capture baseline48/reference-1128-protected-plus150m
PASS Camera collision-free baseline48/reference-1128-protected-plus150m
PASS Actual rendered capture baseline48/reference-1128-protected-approach200m
PASS Camera collision-free baseline48/reference-1128-protected-approach200m
PASS Same physical world retained baseline48/1128
PASS Actual rendered capture baseline48/reference-1129
PASS Camera collision-free baseline48/reference-1129
PASS Original fixed lake camera retained baseline48/1129
PASS Actual rendered capture baseline48/reference-1129-side
PASS Camera collision-free baseline48/reference-1129-side
PASS Actual rendered capture baseline48/reference-1129-back
PASS Camera collision-free baseline48/reference-1129-back
PASS Actual rendered capture baseline48/reference-1129-protected-plus150m
PASS Camera collision-free baseline48/reference-1129-protected-plus150m
PASS Actual rendered capture baseline48/reference-1129-protected-approach200m
PASS Camera collision-free baseline48/reference-1129-protected-approach200m
PASS Same physical world retained baseline48/1129
PASS Actual rendered capture baseline48/reference-1275
PASS Camera collision-free baseline48/reference-1275
PASS Same physical world retained baseline48/1275
PASS Actual rendered capture baseline48/reference-1276
PASS Camera collision-free baseline48/reference-1276
PASS Same physical world retained baseline48/1276
PASS Actual rendered capture baseline48/lake-supplemental-overhead
PASS Camera collision-free baseline48/lake-supplemental-overhead
WORLD READY: 208 independent terrain scenes, 54797 saved scatter instances, 169 scene landmarks, 6 scene ports
PASS Runtime chunks use current native mesh (1, -2)
PASS Runtime height cache samples current triangles with sea clamp (1, -2)
PASS Runtime terrain_samples exactly match native mesh (1, -2)
PASS Runtime chunks use current native mesh (1, -3)
PASS Runtime height cache samples current triangles with sea clamp (1, -3)
PASS Runtime terrain_samples exactly match native mesh (1, -3)
PASS Runtime prop bookkeeping reads all 500 current saved scatter transforms
PASS Actual rendered capture candidate49/reference-1128
PASS Camera collision-free candidate49/reference-1128
PASS No extra camera obstruction versus Game48 reference-1128
PASS Original fixed lake camera retained candidate49/1128
PASS Actual rendered capture candidate49/reference-1128-side
PASS Camera collision-free candidate49/reference-1128-side
PASS No extra camera obstruction versus Game48 reference-1128-side
PASS Actual rendered capture candidate49/reference-1128-back
PASS Camera collision-free candidate49/reference-1128-back
PASS No extra camera obstruction versus Game48 reference-1128-back
PASS No new obstruction on unchanged 1128/original-plus350m
PASS No new obstruction on unchanged 1128/protected-plus150m
PASS Previously clear protected motion remains clear 1128/protected-plus150m
PASS Actual rendered capture candidate49/reference-1128-protected-plus150m
PASS Camera collision-free candidate49/reference-1128-protected-plus150m
PASS No extra camera obstruction versus Game48 reference-1128-protected-plus150m
PASS No new obstruction on unchanged 1128/protected-approach200m
PASS Previously clear protected motion remains clear 1128/protected-approach200m
PASS Actual rendered capture candidate49/reference-1128-protected-approach200m
PASS Camera collision-free candidate49/reference-1128-protected-approach200m
PASS No extra camera obstruction versus Game48 reference-1128-protected-approach200m
PASS Same physical world retained candidate49/1128
PASS Actual rendered capture candidate49/reference-1129
PASS Camera collision-free candidate49/reference-1129
PASS No extra camera obstruction versus Game48 reference-1129
PASS Original fixed lake camera retained candidate49/1129
PASS Actual rendered capture candidate49/reference-1129-side
PASS Camera collision-free candidate49/reference-1129-side
PASS No extra camera obstruction versus Game48 reference-1129-side
PASS Actual rendered capture candidate49/reference-1129-back
PASS Camera collision-free candidate49/reference-1129-back
PASS No extra camera obstruction versus Game48 reference-1129-back
PASS No new obstruction on unchanged 1129/original-plus350m
PASS No new obstruction on unchanged 1129/protected-plus150m
PASS Previously clear protected motion remains clear 1129/protected-plus150m
PASS Actual rendered capture candidate49/reference-1129-protected-plus150m
PASS Camera collision-free candidate49/reference-1129-protected-plus150m
PASS No extra camera obstruction versus Game48 reference-1129-protected-plus150m
PASS No new obstruction on unchanged 1129/protected-approach200m
PASS Previously clear protected motion remains clear 1129/protected-approach200m
PASS Actual rendered capture candidate49/reference-1129-protected-approach200m
PASS Camera collision-free candidate49/reference-1129-protected-approach200m
PASS No extra camera obstruction versus Game48 reference-1129-protected-approach200m
PASS Same physical world retained candidate49/1129
PASS Actual rendered capture candidate49/reference-1275
PASS Camera collision-free candidate49/reference-1275
PASS No extra camera obstruction versus Game48 reference-1275
PASS Same physical world retained candidate49/1275
PASS Actual rendered capture candidate49/reference-1276
PASS Camera collision-free candidate49/reference-1276
PASS No extra camera obstruction versus Game48 reference-1276
PASS Same physical world retained candidate49/1276
PASS Actual rendered capture candidate49/lake-supplemental-overhead
PASS Camera collision-free candidate49/lake-supplemental-overhead
PASS No extra camera obstruction versus Game48 lake-supplemental-overhead
PASS All new mesh/collider nodes remain in runtime tree
PASS Actual rendered capture candidate49/new-island_near_left-near
PASS Camera collision-free candidate49/new-island_near_left-near
PASS Actual rendered capture candidate49/new-island_far_middle-near
PASS Camera collision-free candidate49/new-island_far_middle-near
PASS Actual rendered capture candidate49/new-island_near_right-near
PASS Camera collision-free candidate49/new-island_near_right-near
PASS Actual rendered capture candidate49/new-foreground_rock-near
PASS Camera collision-free candidate49/new-foreground_rock-near
PASS Actual rendered capture candidate49/new-island_near_left-orbit-east
PASS Camera collision-free candidate49/new-island_near_left-orbit-east
PASS Actual rendered capture candidate49/new-island_near_left-orbit-back
PASS Camera collision-free candidate49/new-island_near_left-orbit-back
PASS Actual rendered capture candidate49/new-island_near_left-orbit-west
PASS Camera collision-free candidate49/new-island_near_left-orbit-west
PASS Actual rendered capture candidate49/new-island_far_middle-orbit-east
PASS Camera collision-free candidate49/new-island_far_middle-orbit-east
PASS Actual rendered capture candidate49/new-island_far_middle-orbit-back
PASS Camera collision-free candidate49/new-island_far_middle-orbit-back
PASS Actual rendered capture candidate49/new-island_far_middle-orbit-west
PASS Camera collision-free candidate49/new-island_far_middle-orbit-west
PASS Actual rendered capture candidate49/new-island_near_right-orbit-east
PASS Camera collision-free candidate49/new-island_near_right-orbit-east
PASS Actual rendered capture candidate49/new-island_near_right-orbit-back
PASS Camera collision-free candidate49/new-island_near_right-orbit-back
PASS Actual rendered capture candidate49/new-island_near_right-orbit-west
PASS Camera collision-free candidate49/new-island_near_right-orbit-west
PASS Actual rendered capture candidate49/new-foreground_rock-orbit-east
PASS Camera collision-free candidate49/new-foreground_rock-orbit-east
PASS Actual rendered capture candidate49/new-foreground_rock-orbit-back
PASS Camera collision-free candidate49/new-foreground_rock-orbit-back
PASS Actual rendered capture candidate49/new-foreground_rock-orbit-west
PASS Camera collision-free candidate49/new-foreground_rock-orbit-west
PASS Both source scene files remain unchanged after verification
LAKE49 VERIFICATION limited_geometry_runtime_passed=true requested_motion_all_passed=false total_acceptance_passed=false
