BUILT CloudSea52f_v1_low_saddle 24
BUILT CloudSea52f_v1_low_drift 20
BUILT CloudSea52f_v2_low_saddle 23
BUILT CloudSea52f_v2_low_drift 22
INFO Draco mesh compression is available, use library at /workspace/scratch/a29d03198654/tools-feiting/blender-4.5.14-linux-x64/4.5/scripts/addons_core/io_scene_gltf2/libextern_draco.so
14:28:26 | INFO: Starting glTF 2.0 export
14:28:26 | INFO: Extracting primitive: 52e_v0_p0_volume0.001
14:28:26 | INFO: Primitives created: 1
14:28:26 | INFO: Extracting primitive: 52e_v0_p1_volume0.001
14:28:26 | INFO: Primitives created: 1
14:28:26 | INFO: Extracting primitive: 52e_v0_p2_volume0.001
14:28:26 | INFO: Primitives created: 1
14:28:26 | INFO: Extracting primitive: 52f_v0_saddle_0_low_core.001
14:28:26 | INFO: Primitives created: 1
14:28:26 | INFO: Extracting primitive: 52f_v0_drift_0_low_start.001
14:28:26 | INFO: Primitives created: 1
14:28:26 | INFO: Finished glTF 2.0 export in 0.029326438903808594 s

14:28:26 | INFO: Starting glTF 2.0 export
14:28:26 | INFO: Extracting primitive: 52f_v0_saddle_0_low_core.001
14:28:26 | INFO: Primitives created: 1
14:28:26 | INFO: Extracting primitive: 52f_v0_drift_0_low_start.001
14:28:26 | INFO: Primitives created: 1
14:28:26 | INFO: Finished glTF 2.0 export in 0.01814436912536621 s

14:28:26 | INFO: Starting glTF 2.0 export
14:28:26 | INFO: Extracting primitive: 52e_v1_p0_volume0.001
14:28:26 | INFO: Primitives created: 1
14:28:26 | INFO: Extracting primitive: 52e_v1_p1_volume0.001
14:28:26 | INFO: Primitives created: 1
14:28:26 | INFO: Extracting primitive: 52e_v1_p2_volume0.001
14:28:26 | INFO: Primitives created: 1
14:28:26 | INFO: Extracting primitive: 52f_v1_low_saddle_0_core.001
14:28:26 | INFO: Primitives created: 1
14:28:26 | INFO: Extracting primitive: 52f_v1_low_drift_0_low_start.001
14:28:26 | INFO: Primitives created: 1
14:28:26 | INFO: Finished glTF 2.0 export in 0.023227453231811523 s

14:28:26 | INFO: Starting glTF 2.0 export
14:28:26 | INFO: Extracting primitive: 52f_v1_low_saddle_0_core.001
14:28:26 | INFO: Primitives created: 1
14:28:26 | INFO: Extracting primitive: 52f_v1_low_drift_0_low_start.001
14:28:26 | INFO: Primitives created: 1
14:28:26 | INFO: Finished glTF 2.0 export in 0.015273094177246094 s

14:28:26 | INFO: Starting glTF 2.0 export
14:28:26 | INFO: Extracting primitive: 52e_v2_p0_volume0.001
14:28:26 | INFO: Primitives created: 1
14:28:26 | INFO: Extracting primitive: 52e_v2_p1_volume0.001
14:28:26 | INFO: Primitives created: 1
14:28:26 | INFO: Extracting primitive: 52e_v2_p2_volume0.001
14:28:26 | INFO: Primitives created: 1
14:28:26 | INFO: Extracting primitive: 52f_v2_low_saddle_0_core.001
14:28:26 | INFO: Primitives created: 1
14:28:26 | INFO: Extracting primitive: 52f_v2_low_drift_0_swell.001
14:28:26 | INFO: Primitives created: 1
14:28:26 | INFO: Finished glTF 2.0 export in 0.0272829532623291 s

14:28:26 | INFO: Starting glTF 2.0 export
14:28:26 | INFO: Extracting primitive: 52f_v2_low_saddle_0_core.001
14:28:26 | INFO: Primitives created: 1
14:28:26 | INFO: Extracting primitive: 52f_v2_low_drift_0_swell.001
14:28:26 | INFO: Primitives created: 1
14:28:26 | INFO: Finished glTF 2.0 export in 0.017266273498535156 s

Info: Saved as "cloud_sea52f_variants.blend"
THREE ADDITIVE52F VARIANTS READY; NO RENDER OR WORLD INTEGRATION
Blender 4.5.14 LTS (hash 62c1db4208e8 built 2026-09-15 01:31:19)
Read blend: "/workspace/scratch/a29d03198654/Aether/source-assets/cloud-sea52f/cloud_sea52f_two_body.blend"

Blender quit
