Godot Engine v4.5.1.stable.official.f62fdbde1 - https://godotengine.org
OpenGL API 4.5 (Core Profile) Mesa 25.0.7-2+deb13u1 - Compatibility - Using Device: Mesa - llvmpipe (LLVM 19.1.7, 256 bits)

PASS Actual renderer for exact MM audit
PASS Existing report directory required
PASS Immutable52e and saved52f exist
PASS Real-renderer build report matches exact candidate
PASS Consistent original variant CloudSea_-2_-2
PASS Consistent original variant CloudSea_-2_-2
PASS Consistent original variant CloudSea_-2_-2
PASS Exactly3 untouched52e original meshes CloudSea_-2_-2
PASS Original three material aliases SkyRegion39/CloudSea_-2_-2/CloudSea52e_v0_low_tail
PASS Original three material aliases SkyRegion39/CloudSea_-2_-2/CloudSea52e_v0_main_ridge
PASS Original three material aliases SkyRegion39/CloudSea_-2_-2/CloudSea52e_v0_offset_shoulder
PASS Exact child count CloudSea_-2_-2
PASS Consistent original variant CloudSea_-2_-1
PASS Consistent original variant CloudSea_-2_-1
PASS Consistent original variant CloudSea_-2_-1
PASS Exactly3 untouched52e original meshes CloudSea_-2_-1
PASS Original three material aliases SkyRegion39/CloudSea_-2_-1/CloudSea52e_v1_low_tail
PASS Original three material aliases SkyRegion39/CloudSea_-2_-1/CloudSea52e_v1_main_ridge
PASS Original three material aliases SkyRegion39/CloudSea_-2_-1/CloudSea52e_v1_offset_shoulder
PASS Exact child count CloudSea_-2_-1
PASS Consistent original variant CloudSea_-2_0
PASS Consistent original variant CloudSea_-2_0
PASS Consistent original variant CloudSea_-2_0
PASS Exactly3 untouched52e original meshes CloudSea_-2_0
PASS Original three material aliases SkyRegion39/CloudSea_-2_0/CloudSea52e_v2_low_tail
PASS Original three material aliases SkyRegion39/CloudSea_-2_0/CloudSea52e_v2_main_ridge
PASS Original three material aliases SkyRegion39/CloudSea_-2_0/CloudSea52e_v2_offset_shoulder
PASS Exact child count CloudSea_-2_0
PASS Consistent original variant CloudSea_-2_1
PASS Consistent original variant CloudSea_-2_1
PASS Consistent original variant CloudSea_-2_1
PASS Exactly3 untouched52e original meshes CloudSea_-2_1
PASS Original three material aliases SkyRegion39/CloudSea_-2_1/CloudSea52e_v0_low_tail
PASS Original three material aliases SkyRegion39/CloudSea_-2_1/CloudSea52e_v0_main_ridge
PASS Original three material aliases SkyRegion39/CloudSea_-2_1/CloudSea52e_v0_offset_shoulder
PASS Exact child count CloudSea_-2_1
PASS Consistent original variant CloudSea_-2_2
PASS Consistent original variant CloudSea_-2_2
PASS Consistent original variant CloudSea_-2_2
PASS Exactly3 untouched52e original meshes CloudSea_-2_2
PASS Original three material aliases SkyRegion39/CloudSea_-2_2/CloudSea52e_v1_low_tail
PASS Original three material aliases SkyRegion39/CloudSea_-2_2/CloudSea52e_v1_main_ridge
PASS Original three material aliases SkyRegion39/CloudSea_-2_2/CloudSea52e_v1_offset_shoulder
PASS Exact child count CloudSea_-2_2
PASS Consistent original variant CloudSea_-1_-2
PASS Consistent original variant CloudSea_-1_-2
PASS Consistent original variant CloudSea_-1_-2
PASS Exactly3 untouched52e original meshes CloudSea_-1_-2
PASS Original three material aliases SkyRegion39/CloudSea_-1_-2/CloudSea52e_v0_low_tail
PASS Original three material aliases SkyRegion39/CloudSea_-1_-2/CloudSea52e_v0_main_ridge
PASS Original three material aliases SkyRegion39/CloudSea_-1_-2/CloudSea52e_v0_offset_shoulder
PASS Exact child count CloudSea_-1_-2
PASS Consistent original variant CloudSea_-1_-1
PASS Consistent original variant CloudSea_-1_-1
PASS Consistent original variant CloudSea_-1_-1
PASS Exactly3 untouched52e original meshes CloudSea_-1_-1
PASS Original three material aliases SkyRegion39/CloudSea_-1_-1/CloudSea52e_v1_low_tail
PASS Original three material aliases SkyRegion39/CloudSea_-1_-1/CloudSea52e_v1_main_ridge
PASS Original three material aliases SkyRegion39/CloudSea_-1_-1/CloudSea52e_v1_offset_shoulder
PASS Exact child count CloudSea_-1_-1
PASS Consistent original variant CloudSea_-1_0
PASS Consistent original variant CloudSea_-1_0
PASS Consistent original variant CloudSea_-1_0
PASS Exactly3 untouched52e original meshes CloudSea_-1_0
PASS Original three material aliases SkyRegion39/CloudSea_-1_0/CloudSea52e_v2_low_tail
PASS Original three material aliases SkyRegion39/CloudSea_-1_0/CloudSea52e_v2_main_ridge
PASS Original three material aliases SkyRegion39/CloudSea_-1_0/CloudSea52e_v2_offset_shoulder
PASS Exact child count CloudSea_-1_0
PASS Consistent original variant CloudSea_-1_1
PASS Consistent original variant CloudSea_-1_1
PASS Consistent original variant CloudSea_-1_1
PASS Exactly3 untouched52e original meshes CloudSea_-1_1
PASS Original three material aliases SkyRegion39/CloudSea_-1_1/CloudSea52e_v0_low_tail
PASS Original three material aliases SkyRegion39/CloudSea_-1_1/CloudSea52e_v0_main_ridge
PASS Original three material aliases SkyRegion39/CloudSea_-1_1/CloudSea52e_v0_offset_shoulder
PASS Exact child count CloudSea_-1_1
PASS Consistent original variant CloudSea_-1_2
PASS Consistent original variant CloudSea_-1_2
PASS Consistent original variant CloudSea_-1_2
PASS Exactly3 untouched52e original meshes CloudSea_-1_2
PASS Original three material aliases SkyRegion39/CloudSea_-1_2/CloudSea52e_v1_low_tail
PASS Original three material aliases SkyRegion39/CloudSea_-1_2/CloudSea52e_v1_main_ridge
PASS Original three material aliases SkyRegion39/CloudSea_-1_2/CloudSea52e_v1_offset_shoulder
PASS Exact child count CloudSea_-1_2
PASS Consistent original variant CloudSea_0_-2
PASS Consistent original variant CloudSea_0_-2
PASS Consistent original variant CloudSea_0_-2
PASS Exactly3 untouched52e original meshes CloudSea_0_-2
PASS Original three material aliases SkyRegion39/CloudSea_0_-2/CloudSea52e_v0_low_tail
PASS Original three material aliases SkyRegion39/CloudSea_0_-2/CloudSea52e_v0_main_ridge
PASS Original three material aliases SkyRegion39/CloudSea_0_-2/CloudSea52e_v0_offset_shoulder
PASS Exact child count CloudSea_0_-2
PASS Consistent original variant CloudSea_0_-1
PASS Consistent original variant CloudSea_0_-1
PASS Consistent original variant CloudSea_0_-1
PASS Exactly3 untouched52e original meshes CloudSea_0_-1
PASS Original three material aliases SkyRegion39/CloudSea_0_-1/CloudSea52e_v1_low_tail
PASS Original three material aliases SkyRegion39/CloudSea_0_-1/CloudSea52e_v1_main_ridge
PASS Original three material aliases SkyRegion39/CloudSea_0_-1/CloudSea52e_v1_offset_shoulder
PASS Exact child count CloudSea_0_-1
PASS Consistent original variant CloudSea_0_0
PASS Consistent original variant CloudSea_0_0
PASS Consistent original variant CloudSea_0_0
PASS Exactly3 untouched52e original meshes CloudSea_0_0
PASS Original three material aliases SkyRegion39/CloudSea_0_0/CloudSea52e_v2_low_tail
PASS Original three material aliases SkyRegion39/CloudSea_0_0/CloudSea52e_v2_main_ridge
PASS Original three material aliases SkyRegion39/CloudSea_0_0/CloudSea52e_v2_offset_shoulder
PASS Exact child count CloudSea_0_0
PASS Consistent original variant CloudSea_0_1
PASS Consistent original variant CloudSea_0_1
PASS Consistent original variant CloudSea_0_1
PASS Exactly3 untouched52e original meshes CloudSea_0_1
PASS Original three material aliases SkyRegion39/CloudSea_0_1/CloudSea52e_v0_low_tail
PASS Original three material aliases SkyRegion39/CloudSea_0_1/CloudSea52e_v0_main_ridge
PASS Original three material aliases SkyRegion39/CloudSea_0_1/CloudSea52e_v0_offset_shoulder
PASS Exact child count CloudSea_0_1
PASS Consistent original variant CloudSea_0_2
PASS Consistent original variant CloudSea_0_2
PASS Consistent original variant CloudSea_0_2
PASS Exactly3 untouched52e original meshes CloudSea_0_2
PASS Original three material aliases SkyRegion39/CloudSea_0_2/CloudSea52e_v1_low_tail
PASS Original three material aliases SkyRegion39/CloudSea_0_2/CloudSea52e_v1_main_ridge
PASS Original three material aliases SkyRegion39/CloudSea_0_2/CloudSea52e_v1_offset_shoulder
PASS Exact child count CloudSea_0_2
PASS Consistent original variant CloudSea_1_-2
PASS Consistent original variant CloudSea_1_-2
PASS Consistent original variant CloudSea_1_-2
PASS Exactly3 untouched52e original meshes CloudSea_1_-2
PASS Original three material aliases SkyRegion39/CloudSea_1_-2/CloudSea52e_v0_low_tail
PASS Original three material aliases SkyRegion39/CloudSea_1_-2/CloudSea52e_v0_main_ridge
PASS Original three material aliases SkyRegion39/CloudSea_1_-2/CloudSea52e_v0_offset_shoulder
PASS Exact child count CloudSea_1_-2
PASS Consistent original variant CloudSea_1_-1
PASS Consistent original variant CloudSea_1_-1
PASS Consistent original variant CloudSea_1_-1
PASS Exactly3 untouched52e original meshes CloudSea_1_-1
PASS Original three material aliases SkyRegion39/CloudSea_1_-1/CloudSea52e_v1_low_tail
PASS Original three material aliases SkyRegion39/CloudSea_1_-1/CloudSea52e_v1_main_ridge
PASS Original three material aliases SkyRegion39/CloudSea_1_-1/CloudSea52e_v1_offset_shoulder
PASS Exact child count CloudSea_1_-1
PASS Consistent original variant CloudSea_1_0
PASS Consistent original variant CloudSea_1_0
PASS Consistent original variant CloudSea_1_0
PASS Exactly3 untouched52e original meshes CloudSea_1_0
PASS Original three material aliases SkyRegion39/CloudSea_1_0/CloudSea52e_v2_low_tail
PASS Original three material aliases SkyRegion39/CloudSea_1_0/CloudSea52e_v2_main_ridge
PASS Original three material aliases SkyRegion39/CloudSea_1_0/CloudSea52e_v2_offset_shoulder
PASS Exact child count CloudSea_1_0
PASS Consistent original variant CloudSea_1_1
PASS Consistent original variant CloudSea_1_1
PASS Consistent original variant CloudSea_1_1
PASS Exactly3 untouched52e original meshes CloudSea_1_1
PASS Original three material aliases SkyRegion39/CloudSea_1_1/CloudSea52e_v0_low_tail
PASS Original three material aliases SkyRegion39/CloudSea_1_1/CloudSea52e_v0_main_ridge
PASS Original three material aliases SkyRegion39/CloudSea_1_1/CloudSea52e_v0_offset_shoulder
PASS Exact child count CloudSea_1_1
PASS Consistent original variant CloudSea_1_2
PASS Consistent original variant CloudSea_1_2
PASS Consistent original variant CloudSea_1_2
PASS Exactly3 untouched52e original meshes CloudSea_1_2
PASS Original three material aliases SkyRegion39/CloudSea_1_2/CloudSea52e_v1_low_tail
PASS Original three material aliases SkyRegion39/CloudSea_1_2/CloudSea52e_v1_main_ridge
PASS Original three material aliases SkyRegion39/CloudSea_1_2/CloudSea52e_v1_offset_shoulder
PASS Exact child count CloudSea_1_2
PASS Consistent original variant CloudSea_2_-2
PASS Consistent original variant CloudSea_2_-2
PASS Consistent original variant CloudSea_2_-2
PASS Exactly3 untouched52e original meshes CloudSea_2_-2
PASS Original three material aliases SkyRegion39/CloudSea_2_-2/CloudSea52e_v0_low_tail
PASS Original three material aliases SkyRegion39/CloudSea_2_-2/CloudSea52e_v0_main_ridge
PASS Original three material aliases SkyRegion39/CloudSea_2_-2/CloudSea52e_v0_offset_shoulder
PASS Exact child count CloudSea_2_-2
PASS Consistent original variant CloudSea_2_-1
PASS Consistent original variant CloudSea_2_-1
PASS Consistent original variant CloudSea_2_-1
PASS Exactly3 untouched52e original meshes CloudSea_2_-1
PASS Original three material aliases SkyRegion39/CloudSea_2_-1/CloudSea52e_v1_low_tail
PASS Original three material aliases SkyRegion39/CloudSea_2_-1/CloudSea52e_v1_main_ridge
PASS Original three material aliases SkyRegion39/CloudSea_2_-1/CloudSea52e_v1_offset_shoulder
PASS Exact child count CloudSea_2_-1
PASS Consistent original variant CloudSea_2_0
PASS Consistent original variant CloudSea_2_0
PASS Consistent original variant CloudSea_2_0
PASS Exactly3 untouched52e original meshes CloudSea_2_0
PASS Original three material aliases SkyRegion39/CloudSea_2_0/CloudSea52e_v2_low_tail
PASS Original three material aliases SkyRegion39/CloudSea_2_0/CloudSea52e_v2_main_ridge
PASS Original three material aliases SkyRegion39/CloudSea_2_0/CloudSea52e_v2_offset_shoulder
PASS Exact child count CloudSea_2_0
PASS Consistent original variant CloudSea_2_1
PASS Consistent original variant CloudSea_2_1
PASS Consistent original variant CloudSea_2_1
PASS Exactly3 untouched52e original meshes CloudSea_2_1
PASS Original three material aliases SkyRegion39/CloudSea_2_1/CloudSea52e_v0_low_tail
PASS Original three material aliases SkyRegion39/CloudSea_2_1/CloudSea52e_v0_main_ridge
PASS Original three material aliases SkyRegion39/CloudSea_2_1/CloudSea52e_v0_offset_shoulder
PASS Exact child count CloudSea_2_1
PASS Consistent original variant CloudSea_2_2
PASS Consistent original variant CloudSea_2_2
PASS Consistent original variant CloudSea_2_2
PASS Exactly3 untouched52e original meshes CloudSea_2_2
PASS Original three material aliases SkyRegion39/CloudSea_2_2/CloudSea52e_v1_low_tail
PASS Original three material aliases SkyRegion39/CloudSea_2_2/CloudSea52e_v1_main_ridge
PASS Original three material aliases SkyRegion39/CloudSea_2_2/CloudSea52e_v1_offset_shoulder
PASS Exact child count CloudSea_2_2
PASS Exact25roots/75old/50new/3materials and10-10-5 allocation
PASS Unmodified double snapshot stable res://scenes/candidate52e/Game52e.tscn
PASS Consistent original variant CloudSea_-2_-2
PASS Consistent original variant CloudSea_-2_-2
PASS Consistent original variant CloudSea_-2_-2
PASS Exactly3 untouched52e original meshes CloudSea_-2_-2
PASS Original three material aliases SkyRegion39/CloudSea_-2_-2/CloudSea52e_v0_low_tail
PASS Original three material aliases SkyRegion39/CloudSea_-2_-2/CloudSea52e_v0_main_ridge
PASS Original three material aliases SkyRegion39/CloudSea_-2_-2/CloudSea52e_v0_offset_shoulder
PASS Expected real additive mesh SkyRegion39/CloudSea_-2_-2/CloudSea52f_v0_low_drift
PASS New mesh shares exact original active material SkyRegion39/CloudSea_-2_-2/CloudSea52f_v0_low_drift
PASS New mesh preserves original render flags SkyRegion39/CloudSea_-2_-2/CloudSea52f_v0_low_drift
PASS Expected real additive mesh SkyRegion39/CloudSea_-2_-2/CloudSea52f_v0_low_saddle
PASS New mesh shares exact original active material SkyRegion39/CloudSea_-2_-2/CloudSea52f_v0_low_saddle
PASS New mesh preserves original render flags SkyRegion39/CloudSea_-2_-2/CloudSea52f_v0_low_saddle
PASS Exact child count CloudSea_-2_-2
PASS Consistent original variant CloudSea_-2_-1
PASS Consistent original variant CloudSea_-2_-1
PASS Consistent original variant CloudSea_-2_-1
PASS Exactly3 untouched52e original meshes CloudSea_-2_-1
PASS Original three material aliases SkyRegion39/CloudSea_-2_-1/CloudSea52e_v1_low_tail
PASS Original three material aliases SkyRegion39/CloudSea_-2_-1/CloudSea52e_v1_main_ridge
PASS Original three material aliases SkyRegion39/CloudSea_-2_-1/CloudSea52e_v1_offset_shoulder
PASS Expected real additive mesh SkyRegion39/CloudSea_-2_-1/CloudSea52f_v1_low_drift
PASS New mesh shares exact original active material SkyRegion39/CloudSea_-2_-1/CloudSea52f_v1_low_drift
PASS New mesh preserves original render flags SkyRegion39/CloudSea_-2_-1/CloudSea52f_v1_low_drift
PASS Expected real additive mesh SkyRegion39/CloudSea_-2_-1/CloudSea52f_v1_low_saddle
PASS New mesh shares exact original active material SkyRegion39/CloudSea_-2_-1/CloudSea52f_v1_low_saddle
PASS New mesh preserves original render flags SkyRegion39/CloudSea_-2_-1/CloudSea52f_v1_low_saddle
PASS Exact child count CloudSea_-2_-1
PASS Consistent original variant CloudSea_-2_0
PASS Consistent original variant CloudSea_-2_0
PASS Consistent original variant CloudSea_-2_0
PASS Exactly3 untouched52e original meshes CloudSea_-2_0
PASS Original three material aliases SkyRegion39/CloudSea_-2_0/CloudSea52e_v2_low_tail
PASS Original three material aliases SkyRegion39/CloudSea_-2_0/CloudSea52e_v2_main_ridge
PASS Original three material aliases SkyRegion39/CloudSea_-2_0/CloudSea52e_v2_offset_shoulder
PASS Expected real additive mesh SkyRegion39/CloudSea_-2_0/CloudSea52f_v2_low_drift
PASS New mesh shares exact original active material SkyRegion39/CloudSea_-2_0/CloudSea52f_v2_low_drift
PASS New mesh preserves original render flags SkyRegion39/CloudSea_-2_0/CloudSea52f_v2_low_drift
PASS Expected real additive mesh SkyRegion39/CloudSea_-2_0/CloudSea52f_v2_low_saddle
PASS New mesh shares exact original active material SkyRegion39/CloudSea_-2_0/CloudSea52f_v2_low_saddle
PASS New mesh preserves original render flags SkyRegion39/CloudSea_-2_0/CloudSea52f_v2_low_saddle
PASS Exact child count CloudSea_-2_0
PASS Consistent original variant CloudSea_-2_1
PASS Consistent original variant CloudSea_-2_1
PASS Consistent original variant CloudSea_-2_1
PASS Exactly3 untouched52e original meshes CloudSea_-2_1
PASS Original three material aliases SkyRegion39/CloudSea_-2_1/CloudSea52e_v0_low_tail
PASS Original three material aliases SkyRegion39/CloudSea_-2_1/CloudSea52e_v0_main_ridge
PASS Original three material aliases SkyRegion39/CloudSea_-2_1/CloudSea52e_v0_offset_shoulder
PASS Expected real additive mesh SkyRegion39/CloudSea_-2_1/CloudSea52f_v0_low_drift
PASS New mesh shares exact original active material SkyRegion39/CloudSea_-2_1/CloudSea52f_v0_low_drift
PASS New mesh preserves original render flags SkyRegion39/CloudSea_-2_1/CloudSea52f_v0_low_drift
PASS Expected real additive mesh SkyRegion39/CloudSea_-2_1/CloudSea52f_v0_low_saddle
PASS New mesh shares exact original active material SkyRegion39/CloudSea_-2_1/CloudSea52f_v0_low_saddle
PASS New mesh preserves original render flags SkyRegion39/CloudSea_-2_1/CloudSea52f_v0_low_saddle
PASS Exact child count CloudSea_-2_1
PASS Consistent original variant CloudSea_-2_2
PASS Consistent original variant CloudSea_-2_2
PASS Consistent original variant CloudSea_-2_2
PASS Exactly3 untouched52e original meshes CloudSea_-2_2
PASS Original three material aliases SkyRegion39/CloudSea_-2_2/CloudSea52e_v1_low_tail
PASS Original three material aliases SkyRegion39/CloudSea_-2_2/CloudSea52e_v1_main_ridge
PASS Original three material aliases SkyRegion39/CloudSea_-2_2/CloudSea52e_v1_offset_shoulder
PASS Expected real additive mesh SkyRegion39/CloudSea_-2_2/CloudSea52f_v1_low_drift
PASS New mesh shares exact original active material SkyRegion39/CloudSea_-2_2/CloudSea52f_v1_low_drift
PASS New mesh preserves original render flags SkyRegion39/CloudSea_-2_2/CloudSea52f_v1_low_drift
PASS Expected real additive mesh SkyRegion39/CloudSea_-2_2/CloudSea52f_v1_low_saddle
PASS New mesh shares exact original active material SkyRegion39/CloudSea_-2_2/CloudSea52f_v1_low_saddle
PASS New mesh preserves original render flags SkyRegion39/CloudSea_-2_2/CloudSea52f_v1_low_saddle
PASS Exact child count CloudSea_-2_2
PASS Consistent original variant CloudSea_-1_-2
PASS Consistent original variant CloudSea_-1_-2
PASS Consistent original variant CloudSea_-1_-2
PASS Exactly3 untouched52e original meshes CloudSea_-1_-2
PASS Original three material aliases SkyRegion39/CloudSea_-1_-2/CloudSea52e_v0_low_tail
PASS Original three material aliases SkyRegion39/CloudSea_-1_-2/CloudSea52e_v0_main_ridge
PASS Original three material aliases SkyRegion39/CloudSea_-1_-2/CloudSea52e_v0_offset_shoulder
PASS Expected real additive mesh SkyRegion39/CloudSea_-1_-2/CloudSea52f_v0_low_drift
PASS New mesh shares exact original active material SkyRegion39/CloudSea_-1_-2/CloudSea52f_v0_low_drift
PASS New mesh preserves original render flags SkyRegion39/CloudSea_-1_-2/CloudSea52f_v0_low_drift
PASS Expected real additive mesh SkyRegion39/CloudSea_-1_-2/CloudSea52f_v0_low_saddle
PASS New mesh shares exact original active material SkyRegion39/CloudSea_-1_-2/CloudSea52f_v0_low_saddle
PASS New mesh preserves original render flags SkyRegion39/CloudSea_-1_-2/CloudSea52f_v0_low_saddle
PASS Exact child count CloudSea_-1_-2
PASS Consistent original variant CloudSea_-1_-1
PASS Consistent original variant CloudSea_-1_-1
PASS Consistent original variant CloudSea_-1_-1
PASS Exactly3 untouched52e original meshes CloudSea_-1_-1
PASS Original three material aliases SkyRegion39/CloudSea_-1_-1/CloudSea52e_v1_low_tail
PASS Original three material aliases SkyRegion39/CloudSea_-1_-1/CloudSea52e_v1_main_ridge
PASS Original three material aliases SkyRegion39/CloudSea_-1_-1/CloudSea52e_v1_offset_shoulder
PASS Expected real additive mesh SkyRegion39/CloudSea_-1_-1/CloudSea52f_v1_low_drift
PASS New mesh shares exact original active material SkyRegion39/CloudSea_-1_-1/CloudSea52f_v1_low_drift
PASS New mesh preserves original render flags SkyRegion39/CloudSea_-1_-1/CloudSea52f_v1_low_drift
PASS Expected real additive mesh SkyRegion39/CloudSea_-1_-1/CloudSea52f_v1_low_saddle
PASS New mesh shares exact original active material SkyRegion39/CloudSea_-1_-1/CloudSea52f_v1_low_saddle
PASS New mesh preserves original render flags SkyRegion39/CloudSea_-1_-1/CloudSea52f_v1_low_saddle
PASS Exact child count CloudSea_-1_-1
PASS Consistent original variant CloudSea_-1_0
PASS Consistent original variant CloudSea_-1_0
PASS Consistent original variant CloudSea_-1_0
PASS Exactly3 untouched52e original meshes CloudSea_-1_0
PASS Original three material aliases SkyRegion39/CloudSea_-1_0/CloudSea52e_v2_low_tail
PASS Original three material aliases SkyRegion39/CloudSea_-1_0/CloudSea52e_v2_main_ridge
PASS Original three material aliases SkyRegion39/CloudSea_-1_0/CloudSea52e_v2_offset_shoulder
PASS Expected real additive mesh SkyRegion39/CloudSea_-1_0/CloudSea52f_v2_low_drift
PASS New mesh shares exact original active material SkyRegion39/CloudSea_-1_0/CloudSea52f_v2_low_drift
PASS New mesh preserves original render flags SkyRegion39/CloudSea_-1_0/CloudSea52f_v2_low_drift
PASS Expected real additive mesh SkyRegion39/CloudSea_-1_0/CloudSea52f_v2_low_saddle
PASS New mesh shares exact original active material SkyRegion39/CloudSea_-1_0/CloudSea52f_v2_low_saddle
PASS New mesh preserves original render flags SkyRegion39/CloudSea_-1_0/CloudSea52f_v2_low_saddle
PASS Exact child count CloudSea_-1_0
PASS Consistent original variant CloudSea_-1_1
PASS Consistent original variant CloudSea_-1_1
PASS Consistent original variant CloudSea_-1_1
PASS Exactly3 untouched52e original meshes CloudSea_-1_1
PASS Original three material aliases SkyRegion39/CloudSea_-1_1/CloudSea52e_v0_low_tail
PASS Original three material aliases SkyRegion39/CloudSea_-1_1/CloudSea52e_v0_main_ridge
PASS Original three material aliases SkyRegion39/CloudSea_-1_1/CloudSea52e_v0_offset_shoulder
PASS Expected real additive mesh SkyRegion39/CloudSea_-1_1/CloudSea52f_v0_low_drift
PASS New mesh shares exact original active material SkyRegion39/CloudSea_-1_1/CloudSea52f_v0_low_drift
PASS New mesh preserves original render flags SkyRegion39/CloudSea_-1_1/CloudSea52f_v0_low_drift
PASS Expected real additive mesh SkyRegion39/CloudSea_-1_1/CloudSea52f_v0_low_saddle
PASS New mesh shares exact original active material SkyRegion39/CloudSea_-1_1/CloudSea52f_v0_low_saddle
PASS New mesh preserves original render flags SkyRegion39/CloudSea_-1_1/CloudSea52f_v0_low_saddle
PASS Exact child count CloudSea_-1_1
PASS Consistent original variant CloudSea_-1_2
PASS Consistent original variant CloudSea_-1_2
PASS Consistent original variant CloudSea_-1_2
PASS Exactly3 untouched52e original meshes CloudSea_-1_2
PASS Original three material aliases SkyRegion39/CloudSea_-1_2/CloudSea52e_v1_low_tail
PASS Original three material aliases SkyRegion39/CloudSea_-1_2/CloudSea52e_v1_main_ridge
PASS Original three material aliases SkyRegion39/CloudSea_-1_2/CloudSea52e_v1_offset_shoulder
PASS Expected real additive mesh SkyRegion39/CloudSea_-1_2/CloudSea52f_v1_low_drift
PASS New mesh shares exact original active material SkyRegion39/CloudSea_-1_2/CloudSea52f_v1_low_drift
PASS New mesh preserves original render flags SkyRegion39/CloudSea_-1_2/CloudSea52f_v1_low_drift
PASS Expected real additive mesh SkyRegion39/CloudSea_-1_2/CloudSea52f_v1_low_saddle
PASS New mesh shares exact original active material SkyRegion39/CloudSea_-1_2/CloudSea52f_v1_low_saddle
PASS New mesh preserves original render flags SkyRegion39/CloudSea_-1_2/CloudSea52f_v1_low_saddle
PASS Exact child count CloudSea_-1_2
PASS Consistent original variant CloudSea_0_-2
PASS Consistent original variant CloudSea_0_-2
PASS Consistent original variant CloudSea_0_-2
PASS Exactly3 untouched52e original meshes CloudSea_0_-2
PASS Original three material aliases SkyRegion39/CloudSea_0_-2/CloudSea52e_v0_low_tail
PASS Original three material aliases SkyRegion39/CloudSea_0_-2/CloudSea52e_v0_main_ridge
PASS Original three material aliases SkyRegion39/CloudSea_0_-2/CloudSea52e_v0_offset_shoulder
PASS Expected real additive mesh SkyRegion39/CloudSea_0_-2/CloudSea52f_v0_low_drift
PASS New mesh shares exact original active material SkyRegion39/CloudSea_0_-2/CloudSea52f_v0_low_drift
PASS New mesh preserves original render flags SkyRegion39/CloudSea_0_-2/CloudSea52f_v0_low_drift
PASS Expected real additive mesh SkyRegion39/CloudSea_0_-2/CloudSea52f_v0_low_saddle
PASS New mesh shares exact original active material SkyRegion39/CloudSea_0_-2/CloudSea52f_v0_low_saddle
PASS New mesh preserves original render flags SkyRegion39/CloudSea_0_-2/CloudSea52f_v0_low_saddle
PASS Exact child count CloudSea_0_-2
PASS Consistent original variant CloudSea_0_-1
PASS Consistent original variant CloudSea_0_-1
PASS Consistent original variant CloudSea_0_-1
PASS Exactly3 untouched52e original meshes CloudSea_0_-1
PASS Original three material aliases SkyRegion39/CloudSea_0_-1/CloudSea52e_v1_low_tail
PASS Original three material aliases SkyRegion39/CloudSea_0_-1/CloudSea52e_v1_main_ridge
PASS Original three material aliases SkyRegion39/CloudSea_0_-1/CloudSea52e_v1_offset_shoulder
PASS Expected real additive mesh SkyRegion39/CloudSea_0_-1/CloudSea52f_v1_low_drift
PASS New mesh shares exact original active material SkyRegion39/CloudSea_0_-1/CloudSea52f_v1_low_drift
PASS New mesh preserves original render flags SkyRegion39/CloudSea_0_-1/CloudSea52f_v1_low_drift
PASS Expected real additive mesh SkyRegion39/CloudSea_0_-1/CloudSea52f_v1_low_saddle
PASS New mesh shares exact original active material SkyRegion39/CloudSea_0_-1/CloudSea52f_v1_low_saddle
PASS New mesh preserves original render flags SkyRegion39/CloudSea_0_-1/CloudSea52f_v1_low_saddle
PASS Exact child count CloudSea_0_-1
PASS Consistent original variant CloudSea_0_0
PASS Consistent original variant CloudSea_0_0
PASS Consistent original variant CloudSea_0_0
PASS Exactly3 untouched52e original meshes CloudSea_0_0
PASS Original three material aliases SkyRegion39/CloudSea_0_0/CloudSea52e_v2_low_tail
PASS Original three material aliases SkyRegion39/CloudSea_0_0/CloudSea52e_v2_main_ridge
PASS Original three material aliases SkyRegion39/CloudSea_0_0/CloudSea52e_v2_offset_shoulder
PASS Expected real additive mesh SkyRegion39/CloudSea_0_0/CloudSea52f_v2_low_drift
PASS New mesh shares exact original active material SkyRegion39/CloudSea_0_0/CloudSea52f_v2_low_drift
PASS New mesh preserves original render flags SkyRegion39/CloudSea_0_0/CloudSea52f_v2_low_drift
PASS Expected real additive mesh SkyRegion39/CloudSea_0_0/CloudSea52f_v2_low_saddle
PASS New mesh shares exact original active material SkyRegion39/CloudSea_0_0/CloudSea52f_v2_low_saddle
PASS New mesh preserves original render flags SkyRegion39/CloudSea_0_0/CloudSea52f_v2_low_saddle
PASS Exact child count CloudSea_0_0
PASS Consistent original variant CloudSea_0_1
PASS Consistent original variant CloudSea_0_1
PASS Consistent original variant CloudSea_0_1
PASS Exactly3 untouched52e original meshes CloudSea_0_1
PASS Original three material aliases SkyRegion39/CloudSea_0_1/CloudSea52e_v0_low_tail
PASS Original three material aliases SkyRegion39/CloudSea_0_1/CloudSea52e_v0_main_ridge
PASS Original three material aliases SkyRegion39/CloudSea_0_1/CloudSea52e_v0_offset_shoulder
PASS Expected real additive mesh SkyRegion39/CloudSea_0_1/CloudSea52f_v0_low_drift
PASS New mesh shares exact original active material SkyRegion39/CloudSea_0_1/CloudSea52f_v0_low_drift
PASS New mesh preserves original render flags SkyRegion39/CloudSea_0_1/CloudSea52f_v0_low_drift
PASS Expected real additive mesh SkyRegion39/CloudSea_0_1/CloudSea52f_v0_low_saddle
PASS New mesh shares exact original active material SkyRegion39/CloudSea_0_1/CloudSea52f_v0_low_saddle
PASS New mesh preserves original render flags SkyRegion39/CloudSea_0_1/CloudSea52f_v0_low_saddle
PASS Exact child count CloudSea_0_1
PASS Consistent original variant CloudSea_0_2
PASS Consistent original variant CloudSea_0_2
PASS Consistent original variant CloudSea_0_2
PASS Exactly3 untouched52e original meshes CloudSea_0_2
PASS Original three material aliases SkyRegion39/CloudSea_0_2/CloudSea52e_v1_low_tail
PASS Original three material aliases SkyRegion39/CloudSea_0_2/CloudSea52e_v1_main_ridge
PASS Original three material aliases SkyRegion39/CloudSea_0_2/CloudSea52e_v1_offset_shoulder
PASS Expected real additive mesh SkyRegion39/CloudSea_0_2/CloudSea52f_v1_low_drift
PASS New mesh shares exact original active material SkyRegion39/CloudSea_0_2/CloudSea52f_v1_low_drift
PASS New mesh preserves original render flags SkyRegion39/CloudSea_0_2/CloudSea52f_v1_low_drift
PASS Expected real additive mesh SkyRegion39/CloudSea_0_2/CloudSea52f_v1_low_saddle
PASS New mesh shares exact original active material SkyRegion39/CloudSea_0_2/CloudSea52f_v1_low_saddle
PASS New mesh preserves original render flags SkyRegion39/CloudSea_0_2/CloudSea52f_v1_low_saddle
PASS Exact child count CloudSea_0_2
PASS Consistent original variant CloudSea_1_-2
PASS Consistent original variant CloudSea_1_-2
PASS Consistent original variant CloudSea_1_-2
PASS Exactly3 untouched52e original meshes CloudSea_1_-2
PASS Original three material aliases SkyRegion39/CloudSea_1_-2/CloudSea52e_v0_low_tail
PASS Original three material aliases SkyRegion39/CloudSea_1_-2/CloudSea52e_v0_main_ridge
PASS Original three material aliases SkyRegion39/CloudSea_1_-2/CloudSea52e_v0_offset_shoulder
PASS Expected real additive mesh SkyRegion39/CloudSea_1_-2/CloudSea52f_v0_low_drift
PASS New mesh shares exact original active material SkyRegion39/CloudSea_1_-2/CloudSea52f_v0_low_drift
PASS New mesh preserves original render flags SkyRegion39/CloudSea_1_-2/CloudSea52f_v0_low_drift
PASS Expected real additive mesh SkyRegion39/CloudSea_1_-2/CloudSea52f_v0_low_saddle
PASS New mesh shares exact original active material SkyRegion39/CloudSea_1_-2/CloudSea52f_v0_low_saddle
PASS New mesh preserves original render flags SkyRegion39/CloudSea_1_-2/CloudSea52f_v0_low_saddle
PASS Exact child count CloudSea_1_-2
PASS Consistent original variant CloudSea_1_-1
PASS Consistent original variant CloudSea_1_-1
PASS Consistent original variant CloudSea_1_-1
PASS Exactly3 untouched52e original meshes CloudSea_1_-1
PASS Original three material aliases SkyRegion39/CloudSea_1_-1/CloudSea52e_v1_low_tail
PASS Original three material aliases SkyRegion39/CloudSea_1_-1/CloudSea52e_v1_main_ridge
PASS Original three material aliases SkyRegion39/CloudSea_1_-1/CloudSea52e_v1_offset_shoulder
PASS Expected real additive mesh SkyRegion39/CloudSea_1_-1/CloudSea52f_v1_low_drift
PASS New mesh shares exact original active material SkyRegion39/CloudSea_1_-1/CloudSea52f_v1_low_drift
PASS New mesh preserves original render flags SkyRegion39/CloudSea_1_-1/CloudSea52f_v1_low_drift
PASS Expected real additive mesh SkyRegion39/CloudSea_1_-1/CloudSea52f_v1_low_saddle
PASS New mesh shares exact original active material SkyRegion39/CloudSea_1_-1/CloudSea52f_v1_low_saddle
PASS New mesh preserves original render flags SkyRegion39/CloudSea_1_-1/CloudSea52f_v1_low_saddle
PASS Exact child count CloudSea_1_-1
PASS Consistent original variant CloudSea_1_0
PASS Consistent original variant CloudSea_1_0
PASS Consistent original variant CloudSea_1_0
PASS Exactly3 untouched52e original meshes CloudSea_1_0
PASS Original three material aliases SkyRegion39/CloudSea_1_0/CloudSea52e_v2_low_tail
PASS Original three material aliases SkyRegion39/CloudSea_1_0/CloudSea52e_v2_main_ridge
PASS Original three material aliases SkyRegion39/CloudSea_1_0/CloudSea52e_v2_offset_shoulder
PASS Expected real additive mesh SkyRegion39/CloudSea_1_0/CloudSea52f_v2_low_drift
PASS New mesh shares exact original active material SkyRegion39/CloudSea_1_0/CloudSea52f_v2_low_drift
PASS New mesh preserves original render flags SkyRegion39/CloudSea_1_0/CloudSea52f_v2_low_drift
PASS Expected real additive mesh SkyRegion39/CloudSea_1_0/CloudSea52f_v2_low_saddle
PASS New mesh shares exact original active material SkyRegion39/CloudSea_1_0/CloudSea52f_v2_low_saddle
PASS New mesh preserves original render flags SkyRegion39/CloudSea_1_0/CloudSea52f_v2_low_saddle
PASS Exact child count CloudSea_1_0
PASS Consistent original variant CloudSea_1_1
PASS Consistent original variant CloudSea_1_1
PASS Consistent original variant CloudSea_1_1
PASS Exactly3 untouched52e original meshes CloudSea_1_1
PASS Original three material aliases SkyRegion39/CloudSea_1_1/CloudSea52e_v0_low_tail
PASS Original three material aliases SkyRegion39/CloudSea_1_1/CloudSea52e_v0_main_ridge
PASS Original three material aliases SkyRegion39/CloudSea_1_1/CloudSea52e_v0_offset_shoulder
PASS Expected real additive mesh SkyRegion39/CloudSea_1_1/CloudSea52f_v0_low_drift
PASS New mesh shares exact original active material SkyRegion39/CloudSea_1_1/CloudSea52f_v0_low_drift
PASS New mesh preserves original render flags SkyRegion39/CloudSea_1_1/CloudSea52f_v0_low_drift
PASS Expected real additive mesh SkyRegion39/CloudSea_1_1/CloudSea52f_v0_low_saddle
PASS New mesh shares exact original active material SkyRegion39/CloudSea_1_1/CloudSea52f_v0_low_saddle
PASS New mesh preserves original render flags SkyRegion39/CloudSea_1_1/CloudSea52f_v0_low_saddle
PASS Exact child count CloudSea_1_1
PASS Consistent original variant CloudSea_1_2
PASS Consistent original variant CloudSea_1_2
PASS Consistent original variant CloudSea_1_2
PASS Exactly3 untouched52e original meshes CloudSea_1_2
PASS Original three material aliases SkyRegion39/CloudSea_1_2/CloudSea52e_v1_low_tail
PASS Original three material aliases SkyRegion39/CloudSea_1_2/CloudSea52e_v1_main_ridge
PASS Original three material aliases SkyRegion39/CloudSea_1_2/CloudSea52e_v1_offset_shoulder
PASS Expected real additive mesh SkyRegion39/CloudSea_1_2/CloudSea52f_v1_low_drift
PASS New mesh shares exact original active material SkyRegion39/CloudSea_1_2/CloudSea52f_v1_low_drift
PASS New mesh preserves original render flags SkyRegion39/CloudSea_1_2/CloudSea52f_v1_low_drift
PASS Expected real additive mesh SkyRegion39/CloudSea_1_2/CloudSea52f_v1_low_saddle
PASS New mesh shares exact original active material SkyRegion39/CloudSea_1_2/CloudSea52f_v1_low_saddle
PASS New mesh preserves original render flags SkyRegion39/CloudSea_1_2/CloudSea52f_v1_low_saddle
PASS Exact child count CloudSea_1_2
PASS Consistent original variant CloudSea_2_-2
PASS Consistent original variant CloudSea_2_-2
PASS Consistent original variant CloudSea_2_-2
PASS Exactly3 untouched52e original meshes CloudSea_2_-2
PASS Original three material aliases SkyRegion39/CloudSea_2_-2/CloudSea52e_v0_low_tail
PASS Original three material aliases SkyRegion39/CloudSea_2_-2/CloudSea52e_v0_main_ridge
PASS Original three material aliases SkyRegion39/CloudSea_2_-2/CloudSea52e_v0_offset_shoulder
PASS Expected real additive mesh SkyRegion39/CloudSea_2_-2/CloudSea52f_v0_low_drift
PASS New mesh shares exact original active material SkyRegion39/CloudSea_2_-2/CloudSea52f_v0_low_drift
PASS New mesh preserves original render flags SkyRegion39/CloudSea_2_-2/CloudSea52f_v0_low_drift
PASS Expected real additive mesh SkyRegion39/CloudSea_2_-2/CloudSea52f_v0_low_saddle
PASS New mesh shares exact original active material SkyRegion39/CloudSea_2_-2/CloudSea52f_v0_low_saddle
PASS New mesh preserves original render flags SkyRegion39/CloudSea_2_-2/CloudSea52f_v0_low_saddle
PASS Exact child count CloudSea_2_-2
PASS Consistent original variant CloudSea_2_-1
PASS Consistent original variant CloudSea_2_-1
PASS Consistent original variant CloudSea_2_-1
PASS Exactly3 untouched52e original meshes CloudSea_2_-1
PASS Original three material aliases SkyRegion39/CloudSea_2_-1/CloudSea52e_v1_low_tail
PASS Original three material aliases SkyRegion39/CloudSea_2_-1/CloudSea52e_v1_main_ridge
PASS Original three material aliases SkyRegion39/CloudSea_2_-1/CloudSea52e_v1_offset_shoulder
PASS Expected real additive mesh SkyRegion39/CloudSea_2_-1/CloudSea52f_v1_low_drift
PASS New mesh shares exact original active material SkyRegion39/CloudSea_2_-1/CloudSea52f_v1_low_drift
PASS New mesh preserves original render flags SkyRegion39/CloudSea_2_-1/CloudSea52f_v1_low_drift
PASS Expected real additive mesh SkyRegion39/CloudSea_2_-1/CloudSea52f_v1_low_saddle
PASS New mesh shares exact original active material SkyRegion39/CloudSea_2_-1/CloudSea52f_v1_low_saddle
PASS New mesh preserves original render flags SkyRegion39/CloudSea_2_-1/CloudSea52f_v1_low_saddle
PASS Exact child count CloudSea_2_-1
PASS Consistent original variant CloudSea_2_0
PASS Consistent original variant CloudSea_2_0
PASS Consistent original variant CloudSea_2_0
PASS Exactly3 untouched52e original meshes CloudSea_2_0
PASS Original three material aliases SkyRegion39/CloudSea_2_0/CloudSea52e_v2_low_tail
PASS Original three material aliases SkyRegion39/CloudSea_2_0/CloudSea52e_v2_main_ridge
PASS Original three material aliases SkyRegion39/CloudSea_2_0/CloudSea52e_v2_offset_shoulder
PASS Expected real additive mesh SkyRegion39/CloudSea_2_0/CloudSea52f_v2_low_drift
PASS New mesh shares exact original active material SkyRegion39/CloudSea_2_0/CloudSea52f_v2_low_drift
PASS New mesh preserves original render flags SkyRegion39/CloudSea_2_0/CloudSea52f_v2_low_drift
PASS Expected real additive mesh SkyRegion39/CloudSea_2_0/CloudSea52f_v2_low_saddle
PASS New mesh shares exact original active material SkyRegion39/CloudSea_2_0/CloudSea52f_v2_low_saddle
PASS New mesh preserves original render flags SkyRegion39/CloudSea_2_0/CloudSea52f_v2_low_saddle
PASS Exact child count CloudSea_2_0
PASS Consistent original variant CloudSea_2_1
PASS Consistent original variant CloudSea_2_1
PASS Consistent original variant CloudSea_2_1
PASS Exactly3 untouched52e original meshes CloudSea_2_1
PASS Original three material aliases SkyRegion39/CloudSea_2_1/CloudSea52e_v0_low_tail
PASS Original three material aliases SkyRegion39/CloudSea_2_1/CloudSea52e_v0_main_ridge
PASS Original three material aliases SkyRegion39/CloudSea_2_1/CloudSea52e_v0_offset_shoulder
PASS Expected real additive mesh SkyRegion39/CloudSea_2_1/CloudSea52f_v0_low_drift
PASS New mesh shares exact original active material SkyRegion39/CloudSea_2_1/CloudSea52f_v0_low_drift
PASS New mesh preserves original render flags SkyRegion39/CloudSea_2_1/CloudSea52f_v0_low_drift
PASS Expected real additive mesh SkyRegion39/CloudSea_2_1/CloudSea52f_v0_low_saddle
PASS New mesh shares exact original active material SkyRegion39/CloudSea_2_1/CloudSea52f_v0_low_saddle
PASS New mesh preserves original render flags SkyRegion39/CloudSea_2_1/CloudSea52f_v0_low_saddle
PASS Exact child count CloudSea_2_1
PASS Consistent original variant CloudSea_2_2
PASS Consistent original variant CloudSea_2_2
PASS Consistent original variant CloudSea_2_2
PASS Exactly3 untouched52e original meshes CloudSea_2_2
PASS Original three material aliases SkyRegion39/CloudSea_2_2/CloudSea52e_v1_low_tail
PASS Original three material aliases SkyRegion39/CloudSea_2_2/CloudSea52e_v1_main_ridge
PASS Original three material aliases SkyRegion39/CloudSea_2_2/CloudSea52e_v1_offset_shoulder
PASS Expected real additive mesh SkyRegion39/CloudSea_2_2/CloudSea52f_v1_low_drift
PASS New mesh shares exact original active material SkyRegion39/CloudSea_2_2/CloudSea52f_v1_low_drift
PASS New mesh preserves original render flags SkyRegion39/CloudSea_2_2/CloudSea52f_v1_low_drift
PASS Expected real additive mesh SkyRegion39/CloudSea_2_2/CloudSea52f_v1_low_saddle
PASS New mesh shares exact original active material SkyRegion39/CloudSea_2_2/CloudSea52f_v1_low_saddle
PASS New mesh preserves original render flags SkyRegion39/CloudSea_2_2/CloudSea52f_v1_low_saddle
PASS Exact child count CloudSea_2_2
PASS Exact25roots/75old/50new/3materials and10-10-5 allocation
PASS Unmodified double snapshot stable res://scenes/candidate52f/Game52f.tscn
PASS All original stored properties/ownership/order/groups/connections/resources preserved
PASS Independent retained graph fingerprint matches saved build
PASS Exact50adds no removed or changed old nodes
PASS 48000MM floats exact
PASS 248 guarded fields and114 ordered controller material paths exact
FAIL Exact source mesh/transform/material state SkyRegion39/CloudSea_-2_-2/CloudSea52f_v0_low_drift
FAIL Exact source mesh/transform/material state SkyRegion39/CloudSea_-2_-2/CloudSea52f_v0_low_saddle
FAIL Exact source mesh/transform/material state SkyRegion39/CloudSea_-2_-1/CloudSea52f_v1_low_drift
FAIL Exact source mesh/transform/material state SkyRegion39/CloudSea_-2_-1/CloudSea52f_v1_low_saddle
FAIL Exact source mesh/transform/material state SkyRegion39/CloudSea_-2_0/CloudSea52f_v2_low_drift
FAIL Exact source mesh/transform/material state SkyRegion39/CloudSea_-2_0/CloudSea52f_v2_low_saddle
FAIL Exact source mesh/transform/material state SkyRegion39/CloudSea_-2_1/CloudSea52f_v0_low_drift
FAIL Exact source mesh/transform/material state SkyRegion39/CloudSea_-2_1/CloudSea52f_v0_low_saddle
FAIL Exact source mesh/transform/material state SkyRegion39/CloudSea_-2_2/CloudSea52f_v1_low_drift
FAIL Exact source mesh/transform/material state SkyRegion39/CloudSea_-2_2/CloudSea52f_v1_low_saddle
FAIL Exact source mesh/transform/material state SkyRegion39/CloudSea_-1_-2/CloudSea52f_v0_low_drift
FAIL Exact source mesh/transform/material state SkyRegion39/CloudSea_-1_-2/CloudSea52f_v0_low_saddle
FAIL Exact source mesh/transform/material state SkyRegion39/CloudSea_-1_-1/CloudSea52f_v1_low_drift
FAIL Exact source mesh/transform/material state SkyRegion39/CloudSea_-1_-1/CloudSea52f_v1_low_saddle
FAIL Exact source mesh/transform/material state SkyRegion39/CloudSea_-1_0/CloudSea52f_v2_low_drift
FAIL Exact source mesh/transform/material state SkyRegion39/CloudSea_-1_0/CloudSea52f_v2_low_saddle
FAIL Exact source mesh/transform/material state SkyRegion39/CloudSea_-1_1/CloudSea52f_v0_low_drift
FAIL Exact source mesh/transform/material state SkyRegion39/CloudSea_-1_1/CloudSea52f_v0_low_saddle
FAIL Exact source mesh/transform/material state SkyRegion39/CloudSea_-1_2/CloudSea52f_v1_low_drift
FAIL Exact source mesh/transform/material state SkyRegion39/CloudSea_-1_2/CloudSea52f_v1_low_saddle
FAIL Exact source mesh/transform/material state SkyRegion39/CloudSea_0_-2/CloudSea52f_v0_low_drift
FAIL Exact source mesh/transform/material state SkyRegion39/CloudSea_0_-2/CloudSea52f_v0_low_saddle
FAIL Exact source mesh/transform/material state SkyRegion39/CloudSea_0_-1/CloudSea52f_v1_low_drift
FAIL Exact source mesh/transform/material state SkyRegion39/CloudSea_0_-1/CloudSea52f_v1_low_saddle
FAIL Exact source mesh/transform/material state SkyRegion39/CloudSea_0_0/CloudSea52f_v2_low_drift
FAIL Exact source mesh/transform/material state SkyRegion39/CloudSea_0_0/CloudSea52f_v2_low_saddle
FAIL Exact source mesh/transform/material state SkyRegion39/CloudSea_0_1/CloudSea52f_v0_low_drift
FAIL Exact source mesh/transform/material state SkyRegion39/CloudSea_0_1/CloudSea52f_v0_low_saddle
FAIL Exact source mesh/transform/material state SkyRegion39/CloudSea_0_2/CloudSea52f_v1_low_drift
FAIL Exact source mesh/transform/material state SkyRegion39/CloudSea_0_2/CloudSea52f_v1_low_saddle
FAIL Exact source mesh/transform/material state SkyRegion39/CloudSea_1_-2/CloudSea52f_v0_low_drift
FAIL Exact source mesh/transform/material state SkyRegion39/CloudSea_1_-2/CloudSea52f_v0_low_saddle
FAIL Exact source mesh/transform/material state SkyRegion39/CloudSea_1_-1/CloudSea52f_v1_low_drift
FAIL Exact source mesh/transform/material state SkyRegion39/CloudSea_1_-1/CloudSea52f_v1_low_saddle
FAIL Exact source mesh/transform/material state SkyRegion39/CloudSea_1_0/CloudSea52f_v2_low_drift
FAIL Exact source mesh/transform/material state SkyRegion39/CloudSea_1_0/CloudSea52f_v2_low_saddle
FAIL Exact source mesh/transform/material state SkyRegion39/CloudSea_1_1/CloudSea52f_v0_low_drift
FAIL Exact source mesh/transform/material state SkyRegion39/CloudSea_1_1/CloudSea52f_v0_low_saddle
FAIL Exact source mesh/transform/material state SkyRegion39/CloudSea_1_2/CloudSea52f_v1_low_drift
FAIL Exact source mesh/transform/material state SkyRegion39/CloudSea_1_2/CloudSea52f_v1_low_saddle
FAIL Exact source mesh/transform/material state SkyRegion39/CloudSea_2_-2/CloudSea52f_v0_low_drift
FAIL Exact source mesh/transform/material state SkyRegion39/CloudSea_2_-2/CloudSea52f_v0_low_saddle
FAIL Exact source mesh/transform/material state SkyRegion39/CloudSea_2_-1/CloudSea52f_v1_low_drift
FAIL Exact source mesh/transform/material state SkyRegion39/CloudSea_2_-1/CloudSea52f_v1_low_saddle
FAIL Exact source mesh/transform/material state SkyRegion39/CloudSea_2_0/CloudSea52f_v2_low_drift
FAIL Exact source mesh/transform/material state SkyRegion39/CloudSea_2_0/CloudSea52f_v2_low_saddle
FAIL Exact source mesh/transform/material state SkyRegion39/CloudSea_2_1/CloudSea52f_v0_low_drift
FAIL Exact source mesh/transform/material state SkyRegion39/CloudSea_2_1/CloudSea52f_v0_low_saddle
FAIL Exact source mesh/transform/material state SkyRegion39/CloudSea_2_2/CloudSea52f_v1_low_drift
FAIL Exact source mesh/transform/material state SkyRegion39/CloudSea_2_2/CloudSea52f_v1_low_saddle
PASS Actual additions source/copied GLB immutable res://assets/clouds52f/cloud_sea_52f_additions_0.glb
PASS Actual additions source/copied GLB immutable res://assets/clouds52f/cloud_sea_52f_additions_1.glb
PASS Actual additions source/copied GLB immutable res://assets/clouds52f/cloud_sea_52f_additions_2.glb
PASS Native audit did not change scene/build files
CLOUDSEA52F FRESH_NATIVE_AUDIT false
