{
  "candidate": "58J2",
  "solutions": [
    {
      "moving_region": "Back_Diagonal_Ledge",
      "translation_UVY_m": [
        -1.0033604133167187,
        -11.65784951006958,
        10.678240953062707
      ],
      "translation_length_m": 15.840991672559714,
      "witness_UVY": [
        6.852899553566594,
        15.208152863308605,
        757.8546914022326
      ]
    },
    {
      "moving_region": "Left_Short_Accent",
      "translation_UVY_m": [
        7.750724428052931,
        -0.14651804438161078,
        2.088040752956972
      ],
      "translation_length_m": 8.028394041335725,
      "witness_UVY": [
        -151.5322952378977,
        -42.891068864075706,
        729.4825053561452
      ]
    }
  ],
  "design_sha256": "1722e0443be6499d85d68ef3407c5878b8ae7b55e4b8a0db703da7c0b9985876",
  "native_started": false
}
