{
  "candidate_sha256": "3a0c9b31f9bcc715db982c1536596dbaba7e9a8377c409e49885804ee1a13b5d",
  "profile_definition_sha256": "4d6e3c1126569e5cb9a9a28204ee04ad467edef7c9e10482e617ca126b4dfc30",
  "method": "Actual finite PL intersections against the unchanged PCHIP targets.\nEach cubic residual is checked at interval endpoints and all real derivative\nroots. No zero-error equivalence or accepted approximation tolerance is claimed.\n",
  "sections": [
    {
      "section": "near_A",
      "interval_count": 59,
      "max_top_error_m": 2.487160229697528,
      "max_bottom_error_m": 1.1975948179346005,
      "knots": [
        {
          "station_m": -240.0,
          "vertex_index": 203,
          "xz_rounding_error_m": 2.2008686556665233e-06,
          "top_error_m": 0.0,
          "bottom_error_m": 0.0
        },
        {
          "station_m": -190.0,
          "vertex_index": 206,
          "xz_rounding_error_m": 1.3293899660692343e-05,
          "top_error_m": 0.0,
          "bottom_error_m": 0.0
        },
        {
          "station_m": -125.0,
          "vertex_index": 209,
          "xz_rounding_error_m": 1.230202920409278e-05,
          "top_error_m": 0.0,
          "bottom_error_m": 0.0
        },
        {
          "station_m": -60.0,
          "vertex_index": 213,
          "xz_rounding_error_m": 7.206285024630631e-06,
          "top_error_m": 0.0,
          "bottom_error_m": 0.0
        },
        {
          "station_m": 0.0,
          "vertex_index": 216,
          "xz_rounding_error_m": 0.0,
          "top_error_m": 0.0,
          "bottom_error_m": 0.0
        },
        {
          "station_m": 70.0,
          "vertex_index": 220,
          "xz_rounding_error_m": 3.3206716205842454e-06,
          "top_error_m": 0.0,
          "bottom_error_m": 0.0
        },
        {
          "station_m": 150.0,
          "vertex_index": 224,
          "xz_rounding_error_m": 1.1254326256580813e-05,
          "top_error_m": 0.0,
          "bottom_error_m": 0.0
        },
        {
          "station_m": 225.0,
          "vertex_index": 228,
          "xz_rounding_error_m": 3.860202279406735e-06,
          "top_error_m": 0.0,
          "bottom_error_m": 0.0
        }
      ],
      "knots_y_preserved_exactly": true
    },
    {
      "section": "D_A_valley_B",
      "interval_count": 124,
      "max_top_error_m": 2.338007667525454,
      "max_bottom_error_m": 0.36409350996418643,
      "knots": [
        {
          "station_m": 0.0,
          "vertex_index": 229,
          "xz_rounding_error_m": 0.0,
          "top_error_m": 0.0,
          "bottom_error_m": 0.0
        },
        {
          "station_m": 118.98319209031163,
          "vertex_index": 234,
          "xz_rounding_error_m": 0.0,
          "top_error_m": 0.0,
          "bottom_error_m": 0.0
        },
        {
          "station_m": 237.96638418062327,
          "vertex_index": 240,
          "xz_rounding_error_m": 0.0,
          "top_error_m": 0.0,
          "bottom_error_m": 0.0
        },
        {
          "station_m": 337.11904425588295,
          "vertex_index": 245,
          "xz_rounding_error_m": 0.0,
          "top_error_m": 0.0,
          "bottom_error_m": 0.0
        },
        {
          "station_m": 396.6106403010388,
          "vertex_index": 216,
          "xz_rounding_error_m": 0.0,
          "top_error_m": 0.0,
          "bottom_error_m": 0.0
        },
        {
          "station_m": 459.7447832032752,
          "vertex_index": 251,
          "xz_rounding_error_m": 8.631674382098143e-06,
          "top_error_m": 0.0,
          "bottom_error_m": 0.0
        },
        {
          "station_m": 520.2483368179184,
          "vertex_index": 254,
          "xz_rounding_error_m": 1.2582719937092317e-05,
          "top_error_m": 0.0,
          "bottom_error_m": 0.0
        },
        {
          "station_m": 591.2742475829342,
          "vertex_index": 258,
          "xz_rounding_error_m": 8.6316740605432e-06,
          "top_error_m": 0.0,
          "bottom_error_m": 0.0
        },
        {
          "station_m": 659.6695690603569,
          "vertex_index": 262,
          "xz_rounding_error_m": 0.0,
          "top_error_m": 0.0,
          "bottom_error_m": 0.0
        },
        {
          "station_m": 742.3216107774252,
          "vertex_index": 266,
          "xz_rounding_error_m": 2.441406286379788e-05,
          "top_error_m": 0.0,
          "bottom_error_m": 0.0
        },
        {
          "station_m": 821.529817422949,
          "vertex_index": 270,
          "xz_rounding_error_m": 1.220703143189894e-05,
          "top_error_m": 0.0,
          "bottom_error_m": 0.0
        },
        {
          "station_m": 911.0695292831064,
          "vertex_index": 275,
          "xz_rounding_error_m": 1.220703143189894e-05,
          "top_error_m": 0.0,
          "bottom_error_m": 0.0
        },
        {
          "station_m": 1004.0530762148082,
          "vertex_index": 280,
          "xz_rounding_error_m": 0.0,
          "top_error_m": 0.0,
          "bottom_error_m": 0.0
        },
        {
          "station_m": 1079.937527850173,
          "vertex_index": 284,
          "xz_rounding_error_m": 2.7295752085202627e-05,
          "top_error_m": 0.0,
          "bottom_error_m": 0.0
        },
        {
          "station_m": 1147.2312868475717,
          "vertex_index": 287,
          "xz_rounding_error_m": 0.0,
          "top_error_m": 0.0,
          "bottom_error_m": 0.0
        }
      ],
      "knots_y_preserved_exactly": true
    }
  ],
  "approximation_accepted": false,
  "pointwise_PCHIP_identity": false,
  "native_executed": false,
  "contact_acceptance": false,
  "world_acceptance": false
}
