Godot Engine v4.5.1.stable.official.f62fdbde1 - https://godotengine.org
OpenGL API 4.5 (Core Profile) Mesa 25.0.7-2+deb13u1 - Compatibility - Using Device: Mesa - llvmpipe (LLVM 19.1.7, 256 bits)

PASS Actual renderer required
PASS New output and bounded subset required
PASS Exact52e and independently audited52f required
PASS Final external runner gate proves process0/error-free complete native audit
PASS Build+fresh audit correspond to this exact52f
WORLD READY: 208 independent terrain scenes, 54797 saved scatter instances, 169 scene landmarks, 6 scene ports
PASS Callback freeze preserves live collision activity
PASS 125 live parts/75old+50new use3 original materials in sameWorld3D 1343
PASS Actual rendered under-low_saddle
PASS Physical camera clear under-low_saddle
PASS 125 live parts/75old+50new use3 original materials in sameWorld3D 1343
PASS Actual rendered under-low_drift
PASS Physical camera clear under-low_drift
PASS 125 live parts/75old+50new use3 original materials in sameWorld3D 1343
PASS Actual rendered near-low-drift-side
PASS Physical camera clear near-low-drift-side
PASS 125 live parts/75old+50new use3 original materials in sameWorld3D 1216
PASS Actual rendered low-corridor-y475
PASS Physical camera clear low-corridor-y475
PASS Saved scenes/build/audit/default unchanged
CLOUDSEA52F OBSERVED under limited=true
