{
  "candidate_version": "cloudbank58l-form-v3",
  "scope": {
    "regions_world_xz": [
      {
        "name": "near_three_offset_shoulders",
        "bounds": [
          3660,
          4090,
          3800,
          4080
        ]
      },
      {
        "name": "side_three_shoulder_belly_turns",
        "bounds": [
          3800,
          4630,
          3430,
          3790
        ]
      }
    ],
    "parent_candidate_sha256": "617b54d20c12fa53807af00655681307cacb384f436d5db2a44fe68bc83af693",
    "parent_bindings_sha256": "d10b57a7dbacb40936693bd0c1f201be0616ee02959abcb9fe6cdcea6c46c9a8",
    "old_internal_XZ_identity": false,
    "old_edge_belly_Y_identity": false,
    "old_local_top_profile_identity": false,
    "true_rim_XZ_unchanged": true,
    "core80m_rule_unchanged": true,
    "core_belly_560_630_unchanged": true,
    "core_minimum_thickness_120_unchanged": true,
    "maximum_paired_XZ_displacement_m": 35,
    "maximum_edge_Y_displacement_m": 35,
    "maximum_top_Y_displacement_m": 120,
    "topology_unchanged": true,
    "all_control_fields_unchanged": true
  },
  "lobes": {
    "near": [
      [
        "large_high",
        3818.0,
        3896.0,
        123.0,
        101.0,
        920.0
      ],
      [
        "medium_low",
        3730.0,
        4000.0,
        88.0,
        87.0,
        850.0
      ],
      [
        "small_return",
        3903.0,
        4000.0,
        69.0,
        66.0,
        821.0
      ]
    ],
    "side": [
      [
        "near_high_turn",
        4500.0,
        3595.0,
        118.0,
        115.0,
        873.0
      ],
      [
        "middle_low_turn",
        4170.0,
        3575.0,
        108.0,
        112.0,
        831.0
      ],
      [
        "far_short_turn",
        3900.0,
        3680.0,
        80.0,
        76.0,
        806.0
      ]
    ]
  },
  "changed_vertices": 308,
  "changed_plan_points": 84,
  "changed_top_y": 198,
  "changed_belly_y": 74,
  "changed_rim_y": 51,
  "max_XZ_m": 11.168033991043854,
  "top_Y_delta_range": [
    -112.2706298828125,
    71.7601318359375
  ],
  "belly_Y_delta_range": [
    -13.462646484375,
    15.16339111328125
  ],
  "native_executed": false,
  "visual_acceptance": false,
  "full_native_acceptance": false,
  "geometry_passed": true,
  "error": null
}
