{"operation": "preserve_exact_unreduced_union", "state": "running", "elapsed_seconds": 0.010092269003507681, "utc": "2026-10-01T11:45:25.056629+00:00"}
{"operation": "preserve_exact_unreduced_union", "state": "finished", "elapsed_seconds": 0.7846656200126745, "utc": "2026-10-01T11:45:25.831201+00:00"}
{"operation": "native_decimate_9000_triangle_target", "state": "running", "elapsed_seconds": 0.7857039360096678, "utc": "2026-10-01T11:45:25.832235+00:00"}
{"operation": "native_decimate_9000_triangle_target", "state": "finished", "elapsed_seconds": 1.1665859730128432, "utc": "2026-10-01T11:45:26.213122+00:00"}
{"operation": "measure_native_volume_and_bidirectional_surface_offsets", "state": "running", "elapsed_seconds": 1.1670991370046977, "utc": "2026-10-01T11:45:26.213627+00:00"}
{"operation": "measure_native_volume_and_bidirectional_surface_offsets", "state": "finished", "elapsed_seconds": 1.5701459280098788, "utc": "2026-10-01T11:45:26.616680+00:00"}
{"operation": "preserve_material_law_and_export_native_root_local_meshes", "state": "running", "elapsed_seconds": 1.5704272620059783, "utc": "2026-10-01T11:45:26.616955+00:00"}
INFO Draco mesh compression is available, use library at /workspace/scratch/a29d03198654/tools-feiting/blender-4.5.14-linux-x64/4.5/scripts/addons_core/io_scene_gltf2/libextern_draco.so
19:45:27 | INFO: Starting glTF 2.0 export
19:45:27 | INFO: Extracting primitive: EDIT58B_far_single_break.001_filled_internal_cavity.002
19:45:27 | INFO: Primitives created: 1
19:45:27 | INFO: Finished glTF 2.0 export in 0.01604008674621582 s

19:45:27 | INFO: Starting glTF 2.0 export
19:45:27 | INFO: Extracting primitive: CloudBank58_upper_west_layer_native_mesh.001
19:45:27 | INFO: Primitives created: 1
19:45:27 | INFO: Finished glTF 2.0 export in 0.003599405288696289 s

19:45:27 | INFO: Starting glTF 2.0 export
19:45:27 | INFO: Extracting primitive: CloudBank58_upper_east_layer_native_mesh.001
19:45:27 | INFO: Primitives created: 1
19:45:27 | INFO: Finished glTF 2.0 export in 0.0032587051391601562 s

19:45:27 | INFO: Starting glTF 2.0 export
19:45:27 | INFO: Extracting primitive: CloudBank58_upper_far_veil_native_mesh.001
19:45:27 | INFO: Primitives created: 1
19:45:27 | INFO: Finished glTF 2.0 export in 0.0031442642211914062 s

{"operation": "preserve_material_law_and_export_native_root_local_meshes", "state": "finished", "elapsed_seconds": 2.6036107649997575, "utc": "2026-10-01T11:45:27.650141+00:00"}
{"operation": "save_native_source_pending_fresh_readback", "state": "running", "elapsed_seconds": 2.604082196005038, "utc": "2026-10-01T11:45:27.650610+00:00"}
Info: Saved as "cloud_bank58b.blend"
{"operation": "save_native_source_pending_fresh_readback", "state": "finished", "elapsed_seconds": 2.6062905470025726, "utc": "2026-10-01T11:45:27.652819+00:00"}
Native recovered B saved with quantified simplification and original shell; fresh readback pending
Blender 4.5.14 LTS (hash 62c1db4208e8 built 2026-09-15 01:31:19)
Read blend: "/workspace/scratch/a29d03198654/Aether/source-assets/cloud-bank58/revision-b/recovery-03/cloud_bank58b_union.blend"

Blender quit
