Blender 4.5.14 LTS (hash 62c1db4208e8 built 2026-09-15 01:31:19)
Read blend: "/workspace/scratch/a29d03198654/Aether/source-assets/cloud-sea52f/cloud_sea52f_two_body.blend"
Fra:1 Mem:18.28M (Peak 18.28M) | Time:00:00.00 | Mem:0.00M, Peak:0.00M | Scene, ViewLayer | Synchronizing object | CloudSea52e_v0_main_ridge
Fra:1 Mem:18.28M (Peak 18.28M) | Time:00:00.00 | Mem:0.00M, Peak:0.00M | Scene, ViewLayer | Synchronizing object | Sun
Fra:1 Mem:18.29M (Peak 18.29M) | Time:00:00.00 | Mem:0.00M, Peak:0.00M | Scene, ViewLayer | Synchronizing object | CloudSea52f_v0_low_drift
Fra:1 Mem:18.89M (Peak 18.89M) | Time:00:00.00 | Mem:0.00M, Peak:0.00M | Scene, ViewLayer | Synchronizing object | CloudSea52f_v0_low_saddle
Fra:1 Mem:19.52M (Peak 19.52M) | Time:00:00.00 | Mem:0.00M, Peak:0.00M | Scene, ViewLayer | Initializing
Fra:1 Mem:19.18M (Peak 19.52M) | Time:00:00.00 | Mem:0.00M, Peak:0.00M | Scene, ViewLayer | Waiting for render to start
Fra:1 Mem:19.18M (Peak 19.52M) | Time:00:00.00 | Mem:0.00M, Peak:0.00M | Scene, ViewLayer | Updating Scene
Fra:1 Mem:19.18M (Peak 19.52M) | Time:00:00.00 | Mem:0.00M, Peak:0.00M | Scene, ViewLayer | Updating Shaders
Fra:1 Mem:19.18M (Peak 19.52M) | Time:00:00.00 | Mem:0.00M, Peak:0.00M | Scene, ViewLayer | Loading render kernels (may take a few minutes the first time)
Fra:1 Mem:19.27M (Peak 19.52M) | Time:00:00.00 | Mem:0.00M, Peak:0.00M | Scene, ViewLayer | Updating Procedurals
Fra:1 Mem:19.27M (Peak 19.52M) | Time:00:00.00 | Mem:0.00M, Peak:0.00M | Scene, ViewLayer | Updating Background
Fra:1 Mem:19.27M (Peak 19.52M) | Time:00:00.00 | Mem:0.00M, Peak:0.00M | Scene, ViewLayer | Updating Camera
Fra:1 Mem:19.27M (Peak 19.52M) | Time:00:00.00 | Mem:0.00M, Peak:0.00M | Scene, ViewLayer | Updating Meshes Flags
Fra:1 Mem:19.27M (Peak 19.52M) | Time:00:00.00 | Mem:0.00M, Peak:0.00M | Scene, ViewLayer | Updating Objects
Fra:1 Mem:19.27M (Peak 19.52M) | Time:00:00.00 | Mem:0.00M, Peak:0.00M | Scene, ViewLayer | Updating Objects | Copying Transformations to device
Fra:1 Mem:19.27M (Peak 19.52M) | Time:00:00.00 | Mem:0.00M, Peak:0.00M | Scene, ViewLayer | Updating Particle Systems
Fra:1 Mem:19.27M (Peak 19.52M) | Time:00:00.00 | Mem:0.00M, Peak:0.00M | Scene, ViewLayer | Updating Particle Systems | Copying Particles to device
Fra:1 Mem:19.27M (Peak 19.52M) | Time:00:00.00 | Mem:0.00M, Peak:0.00M | Scene, ViewLayer | Updating Meshes
Fra:1 Mem:19.27M (Peak 19.52M) | Time:00:00.00 | Mem:0.00M, Peak:0.00M | Scene, ViewLayer | Updating Objects | Applying Static Transformations
Fra:1 Mem:19.27M (Peak 19.52M) | Time:00:00.00 | Mem:0.00M, Peak:0.00M | Scene, ViewLayer | Updating Mesh | Computing attributes
Fra:1 Mem:19.76M (Peak 19.76M) | Time:00:00.00 | Mem:0.00M, Peak:0.00M | Scene, ViewLayer | Updating Mesh | Copying Attributes to device
Fra:1 Mem:19.76M (Peak 19.76M) | Time:00:00.00 | Mem:0.49M, Peak:0.49M | Scene, ViewLayer | Updating Scene BVH | Building
Fra:1 Mem:19.76M (Peak 19.76M) | Time:00:00.00 | Mem:0.49M, Peak:0.49M | Scene, ViewLayer | Updating Scene BVH | Building BVH
Fra:1 Mem:19.76M (Peak 19.76M) | Time:00:00.00 | Mem:0.78M, Peak:0.78M | Scene, ViewLayer | Updating Scene BVH | Building BVH 0%
Fra:1 Mem:19.76M (Peak 19.76M) | Time:00:00.00 | Mem:1.13M, Peak:1.42M | Scene, ViewLayer | Updating Scene BVH | Copying BVH to device
Fra:1 Mem:19.76M (Peak 19.76M) | Time:00:00.00 | Mem:1.13M, Peak:1.42M | Scene, ViewLayer | Updating Mesh | Computing normals
Fra:1 Mem:20.01M (Peak 20.01M) | Time:00:00.00 | Mem:1.13M, Peak:1.42M | Scene, ViewLayer | Updating Mesh | Copying Mesh to device
Fra:1 Mem:20.01M (Peak 20.01M) | Time:00:00.00 | Mem:1.38M, Peak:1.42M | Scene, ViewLayer | Updating Objects Flags
Fra:1 Mem:20.01M (Peak 20.01M) | Time:00:00.00 | Mem:1.38M, Peak:1.42M | Scene, ViewLayer | Updating Primitive Offsets
Fra:1 Mem:20.01M (Peak 20.01M) | Time:00:00.00 | Mem:1.39M, Peak:1.42M | Scene, ViewLayer | Updating Images
Fra:1 Mem:20.01M (Peak 20.01M) | Time:00:00.00 | Mem:1.39M, Peak:1.42M | Scene, ViewLayer | Updating Camera Volume
Fra:1 Mem:20.01M (Peak 20.01M) | Time:00:00.00 | Mem:1.39M, Peak:1.42M | Scene, ViewLayer | Updating Lookup Tables
Fra:1 Mem:20.01M (Peak 20.01M) | Time:00:00.00 | Mem:1.47M, Peak:1.47M | Scene, ViewLayer | Updating Lights
Fra:1 Mem:20.01M (Peak 20.01M) | Time:00:00.00 | Mem:1.47M, Peak:1.47M | Scene, ViewLayer | Updating Lights | Computing tree
Fra:1 Mem:20.01M (Peak 20.01M) | Time:00:00.00 | Mem:1.47M, Peak:1.47M | Scene, ViewLayer | Updating Integrator
Fra:1 Mem:20.01M (Peak 20.01M) | Time:00:00.00 | Mem:1.47M, Peak:1.47M | Scene, ViewLayer | Updating Film
Fra:1 Mem:20.01M (Peak 20.01M) | Time:00:00.00 | Mem:1.39M, Peak:1.47M | Scene, ViewLayer | Updating Lookup Tables
Fra:1 Mem:20.01M (Peak 20.01M) | Time:00:00.00 | Mem:1.47M, Peak:1.47M | Scene, ViewLayer | Updating Baking
Fra:1 Mem:20.01M (Peak 20.01M) | Time:00:00.00 | Mem:1.47M, Peak:1.47M | Scene, ViewLayer | Updating Device | Writing constant memory
Fra:1 Mem:20.02M (Peak 20.02M) | Time:00:00.00 | Mem:1.47M, Peak:1.47M | Scene, ViewLayer | Loading denoising kernels (may take a few minutes the first time)
Fra:1 Mem:20.02M (Peak 20.02M) | Time:00:00.00 | Mem:1.47M, Peak:1.47M | Scene, ViewLayer | Sample 0/20
Fra:1 Mem:61.81M (Peak 61.81M) | Time:00:00.08 | Remaining:00:01.44 | Mem:43.22M, Peak:43.22M | Scene, ViewLayer | Sample 1/20
Fra:1 Mem:79.39M (Peak 105.76M) | Time:00:04.67 | Mem:43.22M, Peak:43.22M | Scene, ViewLayer | Sample 20/20
Fra:1 Mem:79.39M (Peak 105.76M) | Time:00:04.67 | Mem:43.22M, Peak:43.22M | Scene, ViewLayer | Finished
Saved: '/workspace/scratch/a29d03198654/Aether/cloud-evidence/cloudsea52f-two-body-source-v0-20261001T062157Z-fze5esem/images/sea52f-two-body-0-front-combined.png'
Time: 00:04.80 (Saving: 00:00.12)

Fra:1 Mem:18.71M (Peak 18.71M) | Time:00:00.00 | Mem:0.00M, Peak:0.00M | Scene, ViewLayer | Synchronizing object | CloudSea52e_v0_main_ridge
Fra:1 Mem:18.71M (Peak 18.71M) | Time:00:00.00 | Mem:0.00M, Peak:0.00M | Scene, ViewLayer | Synchronizing object | CloudSea52e_v0_low_tail
Fra:1 Mem:18.77M (Peak 18.77M) | Time:00:00.00 | Mem:0.00M, Peak:0.00M | Scene, ViewLayer | Synchronizing object | Sun
Fra:1 Mem:18.89M (Peak 18.89M) | Time:00:00.00 | Mem:0.00M, Peak:0.00M | Scene, ViewLayer | Synchronizing object | CloudSea52f_v0_low_saddle
Fra:1 Mem:19.04M (Peak 19.04M) | Time:00:00.00 | Mem:0.00M, Peak:0.00M | Scene, ViewLayer | Synchronizing object | CloudSea52f_v0_low_drift
Fra:1 Mem:19.52M (Peak 19.52M) | Time:00:00.00 | Mem:0.00M, Peak:0.00M | Scene, ViewLayer | Initializing
Fra:1 Mem:19.18M (Peak 19.52M) | Time:00:00.00 | Mem:0.00M, Peak:0.00M | Scene, ViewLayer | Waiting for render to start
Fra:1 Mem:19.18M (Peak 19.52M) | Time:00:00.00 | Mem:0.00M, Peak:0.00M | Scene, ViewLayer | Updating Scene
Fra:1 Mem:19.18M (Peak 19.52M) | Time:00:00.00 | Mem:0.00M, Peak:0.00M | Scene, ViewLayer | Updating Shaders
Fra:1 Mem:19.18M (Peak 19.52M) | Time:00:00.00 | Mem:0.00M, Peak:0.00M | Scene, ViewLayer | Loading render kernels (may take a few minutes the first time)
Fra:1 Mem:19.27M (Peak 19.52M) | Time:00:00.00 | Mem:0.00M, Peak:0.00M | Scene, ViewLayer | Updating Procedurals
Fra:1 Mem:19.27M (Peak 19.52M) | Time:00:00.00 | Mem:0.00M, Peak:0.00M | Scene, ViewLayer | Updating Background
Fra:1 Mem:19.27M (Peak 19.52M) | Time:00:00.00 | Mem:0.00M, Peak:0.00M | Scene, ViewLayer | Updating Camera
Fra:1 Mem:19.27M (Peak 19.52M) | Time:00:00.00 | Mem:0.00M, Peak:0.00M | Scene, ViewLayer | Updating Meshes Flags
Fra:1 Mem:19.27M (Peak 19.52M) | Time:00:00.00 | Mem:0.00M, Peak:0.00M | Scene, ViewLayer | Updating Objects
Fra:1 Mem:19.27M (Peak 19.52M) | Time:00:00.00 | Mem:0.00M, Peak:0.00M | Scene, ViewLayer | Updating Objects | Copying Transformations to device
Fra:1 Mem:19.27M (Peak 19.52M) | Time:00:00.00 | Mem:0.00M, Peak:0.00M | Scene, ViewLayer | Updating Particle Systems
Fra:1 Mem:19.27M (Peak 19.52M) | Time:00:00.00 | Mem:0.00M, Peak:0.00M | Scene, ViewLayer | Updating Particle Systems | Copying Particles to device
Fra:1 Mem:19.27M (Peak 19.52M) | Time:00:00.00 | Mem:0.00M, Peak:0.00M | Scene, ViewLayer | Updating Meshes
Fra:1 Mem:19.27M (Peak 19.52M) | Time:00:00.00 | Mem:0.00M, Peak:0.00M | Scene, ViewLayer | Updating Objects | Applying Static Transformations
Fra:1 Mem:19.27M (Peak 19.52M) | Time:00:00.00 | Mem:0.00M, Peak:0.00M | Scene, ViewLayer | Updating Mesh | Computing attributes
Fra:1 Mem:19.76M (Peak 19.76M) | Time:00:00.00 | Mem:0.00M, Peak:0.00M | Scene, ViewLayer | Updating Mesh | Copying Attributes to device
Fra:1 Mem:19.76M (Peak 19.76M) | Time:00:00.00 | Mem:0.49M, Peak:0.49M | Scene, ViewLayer | Updating Scene BVH | Building
Fra:1 Mem:19.76M (Peak 19.76M) | Time:00:00.00 | Mem:0.49M, Peak:0.49M | Scene, ViewLayer | Updating Scene BVH | Building BVH
Fra:1 Mem:19.76M (Peak 19.76M) | Time:00:00.00 | Mem:0.78M, Peak:0.78M | Scene, ViewLayer | Updating Scene BVH | Building BVH 0%
Fra:1 Mem:19.76M (Peak 19.76M) | Time:00:00.00 | Mem:1.13M, Peak:1.42M | Scene, ViewLayer | Updating Scene BVH | Copying BVH to device
Fra:1 Mem:19.76M (Peak 19.76M) | Time:00:00.00 | Mem:1.13M, Peak:1.42M | Scene, ViewLayer | Updating Mesh | Computing normals
Fra:1 Mem:20.01M (Peak 20.01M) | Time:00:00.00 | Mem:1.13M, Peak:1.42M | Scene, ViewLayer | Updating Mesh | Copying Mesh to device
Fra:1 Mem:20.01M (Peak 20.01M) | Time:00:00.00 | Mem:1.38M, Peak:1.42M | Scene, ViewLayer | Updating Objects Flags
Fra:1 Mem:20.01M (Peak 20.01M) | Time:00:00.00 | Mem:1.38M, Peak:1.42M | Scene, ViewLayer | Updating Primitive Offsets
Fra:1 Mem:20.01M (Peak 20.01M) | Time:00:00.00 | Mem:1.39M, Peak:1.42M | Scene, ViewLayer | Updating Images
Fra:1 Mem:20.01M (Peak 20.01M) | Time:00:00.00 | Mem:1.39M, Peak:1.42M | Scene, ViewLayer | Updating Camera Volume
Fra:1 Mem:20.01M (Peak 20.01M) | Time:00:00.00 | Mem:1.39M, Peak:1.42M | Scene, ViewLayer | Updating Lookup Tables
Fra:1 Mem:20.01M (Peak 20.01M) | Time:00:00.00 | Mem:1.47M, Peak:1.47M | Scene, ViewLayer | Updating Lights
Fra:1 Mem:20.01M (Peak 20.01M) | Time:00:00.00 | Mem:1.47M, Peak:1.47M | Scene, ViewLayer | Updating Lights | Computing tree
Fra:1 Mem:20.01M (Peak 20.01M) | Time:00:00.00 | Mem:1.47M, Peak:1.47M | Scene, ViewLayer | Updating Integrator
Fra:1 Mem:20.01M (Peak 20.01M) | Time:00:00.00 | Mem:1.47M, Peak:1.47M | Scene, ViewLayer | Updating Film
Fra:1 Mem:20.01M (Peak 20.01M) | Time:00:00.00 | Mem:1.39M, Peak:1.47M | Scene, ViewLayer | Updating Lookup Tables
Fra:1 Mem:20.01M (Peak 20.01M) | Time:00:00.00 | Mem:1.47M, Peak:1.47M | Scene, ViewLayer | Updating Baking
Fra:1 Mem:20.01M (Peak 20.01M) | Time:00:00.00 | Mem:1.47M, Peak:1.47M | Scene, ViewLayer | Updating Device | Writing constant memory
Fra:1 Mem:20.02M (Peak 20.02M) | Time:00:00.00 | Mem:1.47M, Peak:1.47M | Scene, ViewLayer | Loading denoising kernels (may take a few minutes the first time)
Fra:1 Mem:20.02M (Peak 20.02M) | Time:00:00.00 | Mem:1.47M, Peak:1.47M | Scene, ViewLayer | Sample 0/20
Fra:1 Mem:61.81M (Peak 61.81M) | Time:00:00.10 | Remaining:00:01.83 | Mem:43.22M, Peak:43.22M | Scene, ViewLayer | Sample 1/20
Fra:1 Mem:79.39M (Peak 105.76M) | Time:00:04.63 | Mem:43.22M, Peak:43.22M | Scene, ViewLayer | Sample 20/20
Fra:1 Mem:79.39M (Peak 105.76M) | Time:00:04.63 | Mem:43.22M, Peak:43.22M | Scene, ViewLayer | Finished
Saved: '/workspace/scratch/a29d03198654/Aether/cloud-evidence/cloudsea52f-two-body-source-v0-20261001T062157Z-fze5esem/images/sea52f-two-body-0-back-combined.png'
Time: 00:04.68 (Saving: 00:00.05)

Fra:1 Mem:18.71M (Peak 18.71M) | Time:00:00.00 | Mem:0.00M, Peak:0.00M | Scene, ViewLayer | Synchronizing object | CloudSea52e_v0_main_ridge
Fra:1 Mem:18.71M (Peak 18.71M) | Time:00:00.00 | Mem:0.00M, Peak:0.00M | Scene, ViewLayer | Synchronizing object | CloudSea52e_v0_low_tail
Fra:1 Mem:18.78M (Peak 18.78M) | Time:00:00.00 | Mem:0.00M, Peak:0.00M | Scene, ViewLayer | Synchronizing object | Sun
Fra:1 Mem:18.95M (Peak 18.95M) | Time:00:00.00 | Mem:0.00M, Peak:0.00M | Scene, ViewLayer | Synchronizing object | CloudSea52f_v0_low_drift
Fra:1 Mem:18.96M (Peak 18.96M) | Time:00:00.00 | Mem:0.00M, Peak:0.00M | Scene, ViewLayer | Synchronizing object | CloudSea52f_v0_low_saddle
Fra:1 Mem:19.52M (Peak 19.52M) | Time:00:00.00 | Mem:0.00M, Peak:0.00M | Scene, ViewLayer | Initializing
Fra:1 Mem:19.18M (Peak 19.52M) | Time:00:00.00 | Mem:0.00M, Peak:0.00M | Scene, ViewLayer | Waiting for render to start
Fra:1 Mem:19.18M (Peak 19.52M) | Time:00:00.00 | Mem:0.00M, Peak:0.00M | Scene, ViewLayer | Updating Scene
Fra:1 Mem:19.18M (Peak 19.52M) | Time:00:00.00 | Mem:0.00M, Peak:0.00M | Scene, ViewLayer | Updating Shaders
Fra:1 Mem:19.18M (Peak 19.52M) | Time:00:00.00 | Mem:0.00M, Peak:0.00M | Scene, ViewLayer | Loading render kernels (may take a few minutes the first time)
Fra:1 Mem:19.27M (Peak 19.52M) | Time:00:00.00 | Mem:0.00M, Peak:0.00M | Scene, ViewLayer | Updating Procedurals
Fra:1 Mem:19.27M (Peak 19.52M) | Time:00:00.00 | Mem:0.00M, Peak:0.00M | Scene, ViewLayer | Updating Background
Fra:1 Mem:19.27M (Peak 19.52M) | Time:00:00.00 | Mem:0.00M, Peak:0.00M | Scene, ViewLayer | Updating Camera
Fra:1 Mem:19.27M (Peak 19.52M) | Time:00:00.00 | Mem:0.00M, Peak:0.00M | Scene, ViewLayer | Updating Meshes Flags
Fra:1 Mem:19.27M (Peak 19.52M) | Time:00:00.00 | Mem:0.00M, Peak:0.00M | Scene, ViewLayer | Updating Objects
Fra:1 Mem:19.27M (Peak 19.52M) | Time:00:00.00 | Mem:0.00M, Peak:0.00M | Scene, ViewLayer | Updating Objects | Copying Transformations to device
Fra:1 Mem:19.27M (Peak 19.52M) | Time:00:00.00 | Mem:0.00M, Peak:0.00M | Scene, ViewLayer | Updating Particle Systems
Fra:1 Mem:19.27M (Peak 19.52M) | Time:00:00.00 | Mem:0.00M, Peak:0.00M | Scene, ViewLayer | Updating Particle Systems | Copying Particles to device
Fra:1 Mem:19.27M (Peak 19.52M) | Time:00:00.00 | Mem:0.00M, Peak:0.00M | Scene, ViewLayer | Updating Meshes
Fra:1 Mem:19.27M (Peak 19.52M) | Time:00:00.00 | Mem:0.00M, Peak:0.00M | Scene, ViewLayer | Updating Objects | Applying Static Transformations
Fra:1 Mem:19.27M (Peak 19.52M) | Time:00:00.00 | Mem:0.00M, Peak:0.00M | Scene, ViewLayer | Updating Mesh | Computing attributes
Fra:1 Mem:19.76M (Peak 19.76M) | Time:00:00.00 | Mem:0.00M, Peak:0.00M | Scene, ViewLayer | Updating Mesh | Copying Attributes to device
Fra:1 Mem:19.76M (Peak 19.76M) | Time:00:00.00 | Mem:0.49M, Peak:0.49M | Scene, ViewLayer | Updating Scene BVH | Building
Fra:1 Mem:19.76M (Peak 19.76M) | Time:00:00.00 | Mem:0.49M, Peak:0.49M | Scene, ViewLayer | Updating Scene BVH | Building BVH
Fra:1 Mem:19.76M (Peak 19.76M) | Time:00:00.00 | Mem:0.78M, Peak:0.78M | Scene, ViewLayer | Updating Scene BVH | Building BVH 0%
Fra:1 Mem:19.76M (Peak 19.76M) | Time:00:00.00 | Mem:1.13M, Peak:1.42M | Scene, ViewLayer | Updating Scene BVH | Copying BVH to device
Fra:1 Mem:19.76M (Peak 19.76M) | Time:00:00.00 | Mem:1.13M, Peak:1.42M | Scene, ViewLayer | Updating Mesh | Computing normals
Fra:1 Mem:20.01M (Peak 20.01M) | Time:00:00.00 | Mem:1.13M, Peak:1.42M | Scene, ViewLayer | Updating Mesh | Copying Mesh to device
Fra:1 Mem:20.01M (Peak 20.01M) | Time:00:00.00 | Mem:1.38M, Peak:1.42M | Scene, ViewLayer | Updating Objects Flags
Fra:1 Mem:20.01M (Peak 20.01M) | Time:00:00.00 | Mem:1.38M, Peak:1.42M | Scene, ViewLayer | Updating Primitive Offsets
Fra:1 Mem:20.01M (Peak 20.01M) | Time:00:00.00 | Mem:1.39M, Peak:1.42M | Scene, ViewLayer | Updating Images
Fra:1 Mem:20.01M (Peak 20.01M) | Time:00:00.00 | Mem:1.39M, Peak:1.42M | Scene, ViewLayer | Updating Camera Volume
Fra:1 Mem:20.01M (Peak 20.01M) | Time:00:00.00 | Mem:1.39M, Peak:1.42M | Scene, ViewLayer | Updating Lookup Tables
Fra:1 Mem:20.01M (Peak 20.01M) | Time:00:00.00 | Mem:1.47M, Peak:1.47M | Scene, ViewLayer | Updating Lights
Fra:1 Mem:20.01M (Peak 20.01M) | Time:00:00.00 | Mem:1.47M, Peak:1.47M | Scene, ViewLayer | Updating Lights | Computing tree
Fra:1 Mem:20.01M (Peak 20.01M) | Time:00:00.00 | Mem:1.47M, Peak:1.47M | Scene, ViewLayer | Updating Integrator
Fra:1 Mem:20.01M (Peak 20.01M) | Time:00:00.00 | Mem:1.47M, Peak:1.47M | Scene, ViewLayer | Updating Film
Fra:1 Mem:20.01M (Peak 20.01M) | Time:00:00.00 | Mem:1.39M, Peak:1.47M | Scene, ViewLayer | Updating Lookup Tables
Fra:1 Mem:20.01M (Peak 20.01M) | Time:00:00.00 | Mem:1.47M, Peak:1.47M | Scene, ViewLayer | Updating Baking
Fra:1 Mem:20.01M (Peak 20.01M) | Time:00:00.00 | Mem:1.47M, Peak:1.47M | Scene, ViewLayer | Updating Device | Writing constant memory
Fra:1 Mem:20.02M (Peak 20.02M) | Time:00:00.00 | Mem:1.47M, Peak:1.47M | Scene, ViewLayer | Loading denoising kernels (may take a few minutes the first time)
Fra:1 Mem:20.02M (Peak 20.02M) | Time:00:00.00 | Mem:1.47M, Peak:1.47M | Scene, ViewLayer | Sample 0/20
Fra:1 Mem:61.81M (Peak 61.81M) | Time:00:00.07 | Remaining:00:01.41 | Mem:43.22M, Peak:43.22M | Scene, ViewLayer | Sample 1/20
Fra:1 Mem:79.39M (Peak 105.76M) | Time:00:04.68 | Mem:43.22M, Peak:43.22M | Scene, ViewLayer | Sample 20/20
Fra:1 Mem:79.39M (Peak 105.76M) | Time:00:04.68 | Mem:43.22M, Peak:43.22M | Scene, ViewLayer | Finished
Saved: '/workspace/scratch/a29d03198654/Aether/cloud-evidence/cloudsea52f-two-body-source-v0-20261001T062157Z-fze5esem/images/sea52f-two-body-0-side-combined.png'
Time: 00:04.74 (Saving: 00:00.05)

Fra:1 Mem:18.71M (Peak 18.71M) | Time:00:00.00 | Mem:0.00M, Peak:0.00M | Scene, ViewLayer | Synchronizing object | CloudSea52e_v0_main_ridge
Fra:1 Mem:18.71M (Peak 18.71M) | Time:00:00.00 | Mem:0.00M, Peak:0.00M | Scene, ViewLayer | Synchronizing object | Sun
Fra:1 Mem:18.76M (Peak 18.76M) | Time:00:00.00 | Mem:0.00M, Peak:0.00M | Scene, ViewLayer | Synchronizing object | CloudSea52f_v0_low_drift
Fra:1 Mem:18.89M (Peak 18.89M) | Time:00:00.00 | Mem:0.00M, Peak:0.00M | Scene, ViewLayer | Synchronizing object | CloudSea52f_v0_low_saddle
Fra:1 Mem:19.52M (Peak 19.52M) | Time:00:00.00 | Mem:0.00M, Peak:0.00M | Scene, ViewLayer | Initializing
Fra:1 Mem:19.18M (Peak 19.52M) | Time:00:00.00 | Mem:0.00M, Peak:0.00M | Scene, ViewLayer | Waiting for render to start
Fra:1 Mem:19.18M (Peak 19.52M) | Time:00:00.00 | Mem:0.00M, Peak:0.00M | Scene, ViewLayer | Updating Scene
Fra:1 Mem:19.18M (Peak 19.52M) | Time:00:00.00 | Mem:0.00M, Peak:0.00M | Scene, ViewLayer | Updating Shaders
Fra:1 Mem:19.18M (Peak 19.52M) | Time:00:00.00 | Mem:0.00M, Peak:0.00M | Scene, ViewLayer | Loading render kernels (may take a few minutes the first time)
Fra:1 Mem:19.27M (Peak 19.52M) | Time:00:00.00 | Mem:0.00M, Peak:0.00M | Scene, ViewLayer | Updating Procedurals
Fra:1 Mem:19.27M (Peak 19.52M) | Time:00:00.00 | Mem:0.00M, Peak:0.00M | Scene, ViewLayer | Updating Background
Fra:1 Mem:19.27M (Peak 19.52M) | Time:00:00.00 | Mem:0.00M, Peak:0.00M | Scene, ViewLayer | Updating Camera
Fra:1 Mem:19.27M (Peak 19.52M) | Time:00:00.00 | Mem:0.00M, Peak:0.00M | Scene, ViewLayer | Updating Meshes Flags
Fra:1 Mem:19.27M (Peak 19.52M) | Time:00:00.00 | Mem:0.00M, Peak:0.00M | Scene, ViewLayer | Updating Objects
Fra:1 Mem:19.27M (Peak 19.52M) | Time:00:00.00 | Mem:0.00M, Peak:0.00M | Scene, ViewLayer | Updating Objects | Copying Transformations to device
Fra:1 Mem:19.27M (Peak 19.52M) | Time:00:00.00 | Mem:0.00M, Peak:0.00M | Scene, ViewLayer | Updating Particle Systems
Fra:1 Mem:19.27M (Peak 19.52M) | Time:00:00.00 | Mem:0.00M, Peak:0.00M | Scene, ViewLayer | Updating Particle Systems | Copying Particles to device
Fra:1 Mem:19.27M (Peak 19.52M) | Time:00:00.00 | Mem:0.00M, Peak:0.00M | Scene, ViewLayer | Updating Meshes
Fra:1 Mem:19.27M (Peak 19.52M) | Time:00:00.00 | Mem:0.00M, Peak:0.00M | Scene, ViewLayer | Updating Objects | Applying Static Transformations
Fra:1 Mem:19.27M (Peak 19.52M) | Time:00:00.00 | Mem:0.00M, Peak:0.00M | Scene, ViewLayer | Updating Mesh | Computing attributes
Fra:1 Mem:19.76M (Peak 19.76M) | Time:00:00.00 | Mem:0.00M, Peak:0.00M | Scene, ViewLayer | Updating Mesh | Copying Attributes to device
Fra:1 Mem:19.76M (Peak 19.76M) | Time:00:00.00 | Mem:0.49M, Peak:0.49M | Scene, ViewLayer | Updating Scene BVH | Building
Fra:1 Mem:19.76M (Peak 19.76M) | Time:00:00.00 | Mem:0.49M, Peak:0.49M | Scene, ViewLayer | Updating Scene BVH | Building BVH
Fra:1 Mem:19.76M (Peak 19.76M) | Time:00:00.00 | Mem:0.78M, Peak:0.78M | Scene, ViewLayer | Updating Scene BVH | Building BVH 0%
Fra:1 Mem:19.76M (Peak 19.76M) | Time:00:00.00 | Mem:1.13M, Peak:1.42M | Scene, ViewLayer | Updating Scene BVH | Copying BVH to device
Fra:1 Mem:19.76M (Peak 19.76M) | Time:00:00.00 | Mem:1.13M, Peak:1.42M | Scene, ViewLayer | Updating Mesh | Computing normals
Fra:1 Mem:20.01M (Peak 20.01M) | Time:00:00.00 | Mem:1.13M, Peak:1.42M | Scene, ViewLayer | Updating Mesh | Copying Mesh to device
Fra:1 Mem:20.01M (Peak 20.01M) | Time:00:00.00 | Mem:1.38M, Peak:1.42M | Scene, ViewLayer | Updating Objects Flags
Fra:1 Mem:20.01M (Peak 20.01M) | Time:00:00.00 | Mem:1.38M, Peak:1.42M | Scene, ViewLayer | Updating Primitive Offsets
Fra:1 Mem:20.01M (Peak 20.01M) | Time:00:00.00 | Mem:1.39M, Peak:1.42M | Scene, ViewLayer | Updating Images
Fra:1 Mem:20.01M (Peak 20.01M) | Time:00:00.00 | Mem:1.39M, Peak:1.42M | Scene, ViewLayer | Updating Camera Volume
Fra:1 Mem:20.01M (Peak 20.01M) | Time:00:00.00 | Mem:1.39M, Peak:1.42M | Scene, ViewLayer | Updating Lookup Tables
Fra:1 Mem:20.01M (Peak 20.01M) | Time:00:00.00 | Mem:1.47M, Peak:1.47M | Scene, ViewLayer | Updating Lights
Fra:1 Mem:20.01M (Peak 20.01M) | Time:00:00.00 | Mem:1.47M, Peak:1.47M | Scene, ViewLayer | Updating Lights | Computing tree
Fra:1 Mem:20.01M (Peak 20.01M) | Time:00:00.00 | Mem:1.47M, Peak:1.47M | Scene, ViewLayer | Updating Integrator
Fra:1 Mem:20.01M (Peak 20.01M) | Time:00:00.00 | Mem:1.47M, Peak:1.47M | Scene, ViewLayer | Updating Film
Fra:1 Mem:20.01M (Peak 20.01M) | Time:00:00.00 | Mem:1.39M, Peak:1.47M | Scene, ViewLayer | Updating Lookup Tables
Fra:1 Mem:20.01M (Peak 20.01M) | Time:00:00.00 | Mem:1.47M, Peak:1.47M | Scene, ViewLayer | Updating Baking
Fra:1 Mem:20.01M (Peak 20.01M) | Time:00:00.00 | Mem:1.47M, Peak:1.47M | Scene, ViewLayer | Updating Device | Writing constant memory
Fra:1 Mem:20.02M (Peak 20.02M) | Time:00:00.00 | Mem:1.47M, Peak:1.47M | Scene, ViewLayer | Loading denoising kernels (may take a few minutes the first time)
Fra:1 Mem:20.02M (Peak 20.02M) | Time:00:00.00 | Mem:1.47M, Peak:1.47M | Scene, ViewLayer | Sample 0/20
Fra:1 Mem:61.81M (Peak 61.81M) | Time:00:00.09 | Remaining:00:01.73 | Mem:43.22M, Peak:43.22M | Scene, ViewLayer | Sample 1/20
Fra:1 Mem:79.39M (Peak 105.76M) | Time:00:04.98 | Mem:43.22M, Peak:43.22M | Scene, ViewLayer | Sample 20/20
Fra:1 Mem:79.39M (Peak 105.76M) | Time:00:04.98 | Mem:43.22M, Peak:43.22M | Scene, ViewLayer | Finished
Saved: '/workspace/scratch/a29d03198654/Aether/cloud-evidence/cloudsea52f-two-body-source-v0-20261001T062157Z-fze5esem/images/sea52f-two-body-0-underside-combined.png'
Time: 00:05.04 (Saving: 00:00.05)

Fra:1 Mem:18.71M (Peak 18.71M) | Time:00:00.00 | Mem:0.00M, Peak:0.00M | Scene, ViewLayer | Synchronizing object | CloudSea52e_v0_main_ridge
Fra:1 Mem:18.71M (Peak 18.71M) | Time:00:00.00 | Mem:0.00M, Peak:0.00M | Scene, ViewLayer | Synchronizing object | CloudSea52e_v0_offset_shoulder
Fra:1 Mem:18.76M (Peak 18.76M) | Time:00:00.00 | Mem:0.00M, Peak:0.00M | Scene, ViewLayer | Synchronizing object | Sun
Fra:1 Mem:18.90M (Peak 18.90M) | Time:00:00.00 | Mem:0.00M, Peak:0.00M | Scene, ViewLayer | Synchronizing object | CloudSea52f_v0_low_drift
Fra:1 Mem:19.06M (Peak 19.06M) | Time:00:00.00 | Mem:0.00M, Peak:0.00M | Scene, ViewLayer | Synchronizing object | CloudSea52f_v0_low_saddle
Fra:1 Mem:19.52M (Peak 19.52M) | Time:00:00.00 | Mem:0.00M, Peak:0.00M | Scene, ViewLayer | Initializing
Fra:1 Mem:19.18M (Peak 19.52M) | Time:00:00.00 | Mem:0.00M, Peak:0.00M | Scene, ViewLayer | Waiting for render to start
Fra:1 Mem:19.18M (Peak 19.52M) | Time:00:00.00 | Mem:0.00M, Peak:0.00M | Scene, ViewLayer | Updating Scene
Fra:1 Mem:19.18M (Peak 19.52M) | Time:00:00.00 | Mem:0.00M, Peak:0.00M | Scene, ViewLayer | Updating Shaders
Fra:1 Mem:19.18M (Peak 19.52M) | Time:00:00.00 | Mem:0.00M, Peak:0.00M | Scene, ViewLayer | Loading render kernels (may take a few minutes the first time)
Fra:1 Mem:19.27M (Peak 19.52M) | Time:00:00.00 | Mem:0.00M, Peak:0.00M | Scene, ViewLayer | Updating Procedurals
Fra:1 Mem:19.27M (Peak 19.52M) | Time:00:00.00 | Mem:0.00M, Peak:0.00M | Scene, ViewLayer | Updating Background
Fra:1 Mem:19.27M (Peak 19.52M) | Time:00:00.00 | Mem:0.00M, Peak:0.00M | Scene, ViewLayer | Updating Camera
Fra:1 Mem:19.27M (Peak 19.52M) | Time:00:00.00 | Mem:0.00M, Peak:0.00M | Scene, ViewLayer | Updating Meshes Flags
Fra:1 Mem:19.27M (Peak 19.52M) | Time:00:00.00 | Mem:0.00M, Peak:0.00M | Scene, ViewLayer | Updating Objects
Fra:1 Mem:19.27M (Peak 19.52M) | Time:00:00.00 | Mem:0.00M, Peak:0.00M | Scene, ViewLayer | Updating Objects | Copying Transformations to device
Fra:1 Mem:19.27M (Peak 19.52M) | Time:00:00.00 | Mem:0.00M, Peak:0.00M | Scene, ViewLayer | Updating Particle Systems
Fra:1 Mem:19.27M (Peak 19.52M) | Time:00:00.00 | Mem:0.00M, Peak:0.00M | Scene, ViewLayer | Updating Particle Systems | Copying Particles to device
Fra:1 Mem:19.27M (Peak 19.52M) | Time:00:00.00 | Mem:0.00M, Peak:0.00M | Scene, ViewLayer | Updating Meshes
Fra:1 Mem:19.27M (Peak 19.52M) | Time:00:00.00 | Mem:0.00M, Peak:0.00M | Scene, ViewLayer | Updating Objects | Applying Static Transformations
Fra:1 Mem:19.27M (Peak 19.52M) | Time:00:00.00 | Mem:0.00M, Peak:0.00M | Scene, ViewLayer | Updating Mesh | Computing attributes
Fra:1 Mem:19.76M (Peak 19.76M) | Time:00:00.00 | Mem:0.00M, Peak:0.00M | Scene, ViewLayer | Updating Mesh | Copying Attributes to device
Fra:1 Mem:19.76M (Peak 19.76M) | Time:00:00.00 | Mem:0.49M, Peak:0.49M | Scene, ViewLayer | Updating Scene BVH | Building
Fra:1 Mem:19.76M (Peak 19.76M) | Time:00:00.00 | Mem:0.49M, Peak:0.49M | Scene, ViewLayer | Updating Scene BVH | Building BVH
Fra:1 Mem:19.76M (Peak 19.76M) | Time:00:00.00 | Mem:0.78M, Peak:0.78M | Scene, ViewLayer | Updating Scene BVH | Building BVH 0%
Fra:1 Mem:19.76M (Peak 19.76M) | Time:00:00.00 | Mem:1.13M, Peak:1.42M | Scene, ViewLayer | Updating Scene BVH | Copying BVH to device
Fra:1 Mem:19.76M (Peak 19.76M) | Time:00:00.00 | Mem:1.13M, Peak:1.42M | Scene, ViewLayer | Updating Mesh | Computing normals
Fra:1 Mem:20.01M (Peak 20.01M) | Time:00:00.00 | Mem:1.13M, Peak:1.42M | Scene, ViewLayer | Updating Mesh | Copying Mesh to device
Fra:1 Mem:20.01M (Peak 20.01M) | Time:00:00.00 | Mem:1.38M, Peak:1.42M | Scene, ViewLayer | Updating Objects Flags
Fra:1 Mem:20.01M (Peak 20.01M) | Time:00:00.00 | Mem:1.38M, Peak:1.42M | Scene, ViewLayer | Updating Primitive Offsets
Fra:1 Mem:20.01M (Peak 20.01M) | Time:00:00.00 | Mem:1.39M, Peak:1.42M | Scene, ViewLayer | Updating Images
Fra:1 Mem:20.01M (Peak 20.01M) | Time:00:00.00 | Mem:1.39M, Peak:1.42M | Scene, ViewLayer | Updating Camera Volume
Fra:1 Mem:20.01M (Peak 20.01M) | Time:00:00.00 | Mem:1.39M, Peak:1.42M | Scene, ViewLayer | Updating Lookup Tables
Fra:1 Mem:20.01M (Peak 20.01M) | Time:00:00.00 | Mem:1.47M, Peak:1.47M | Scene, ViewLayer | Updating Lights
Fra:1 Mem:20.01M (Peak 20.01M) | Time:00:00.00 | Mem:1.47M, Peak:1.47M | Scene, ViewLayer | Updating Lights | Computing tree
Fra:1 Mem:20.01M (Peak 20.01M) | Time:00:00.00 | Mem:1.47M, Peak:1.47M | Scene, ViewLayer | Updating Integrator
Fra:1 Mem:20.01M (Peak 20.01M) | Time:00:00.00 | Mem:1.47M, Peak:1.47M | Scene, ViewLayer | Updating Film
Fra:1 Mem:20.01M (Peak 20.01M) | Time:00:00.00 | Mem:1.39M, Peak:1.47M | Scene, ViewLayer | Updating Lookup Tables
Fra:1 Mem:20.01M (Peak 20.01M) | Time:00:00.00 | Mem:1.47M, Peak:1.47M | Scene, ViewLayer | Updating Baking
Fra:1 Mem:20.01M (Peak 20.01M) | Time:00:00.00 | Mem:1.47M, Peak:1.47M | Scene, ViewLayer | Updating Device | Writing constant memory
Fra:1 Mem:20.02M (Peak 20.02M) | Time:00:00.00 | Mem:1.47M, Peak:1.47M | Scene, ViewLayer | Loading denoising kernels (may take a few minutes the first time)
Fra:1 Mem:20.02M (Peak 20.02M) | Time:00:00.00 | Mem:1.47M, Peak:1.47M | Scene, ViewLayer | Sample 0/20
Fra:1 Mem:61.81M (Peak 61.81M) | Time:00:00.14 | Remaining:00:02.65 | Mem:43.22M, Peak:43.22M | Scene, ViewLayer | Sample 1/20
Fra:1 Mem:79.39M (Peak 105.76M) | Time:00:06.07 | Mem:43.22M, Peak:43.22M | Scene, ViewLayer | Sample 20/20
Fra:1 Mem:79.39M (Peak 105.76M) | Time:00:06.07 | Mem:43.22M, Peak:43.22M | Scene, ViewLayer | Finished
Saved: '/workspace/scratch/a29d03198654/Aether/cloud-evidence/cloudsea52f-two-body-source-v0-20261001T062157Z-fze5esem/images/sea52f-two-body-0-top-combined.png'
Time: 00:06.13 (Saving: 00:00.05)


Blender quit
