Blender 4.5.14 LTS (hash 62c1db4208e8 built 2026-09-15 01:31:19)
Read blend: "/workspace/scratch/a29d03198654/Aether/source-assets/cloud-bank58/revision-j2/polyhedral_patch58j2.blend"
Fra:1 Mem:8.99M (Peak 8.99M) | Time:00:00.00 | Mem:0.00M, Peak:0.00M | Scene, ViewLayer | Synchronizing object | CloudBank58J2_authored_polyhedral_shell
Fra:1 Mem:8.99M (Peak 8.99M) | Time:00:00.00 | Mem:0.00M, Peak:0.00M | Scene, ViewLayer | Synchronizing object | 58J2 fixed Sun
Fra:1 Mem:9.11M (Peak 9.11M) | Time:00:00.00 | Mem:0.00M, Peak:0.00M | Scene, ViewLayer | Initializing
Fra:1 Mem:8.86M (Peak 9.11M) | Time:00:00.00 | Mem:0.00M, Peak:0.00M | Scene, ViewLayer | Waiting for render to start
Fra:1 Mem:8.86M (Peak 9.11M) | Time:00:00.00 | Mem:0.00M, Peak:0.00M | Scene, ViewLayer | Updating Scene
Fra:1 Mem:8.86M (Peak 9.11M) | Time:00:00.00 | Mem:0.00M, Peak:0.00M | Scene, ViewLayer | Updating Shaders
Fra:1 Mem:8.86M (Peak 9.11M) | Time:00:00.00 | Mem:0.00M, Peak:0.00M | Scene, ViewLayer | Loading render kernels (may take a few minutes the first time)
Fra:1 Mem:8.94M (Peak 9.11M) | Time:00:00.00 | Mem:0.00M, Peak:0.00M | Scene, ViewLayer | Updating Procedurals
Fra:1 Mem:8.94M (Peak 9.11M) | Time:00:00.00 | Mem:0.00M, Peak:0.00M | Scene, ViewLayer | Updating Background
Fra:1 Mem:8.94M (Peak 9.11M) | Time:00:00.00 | Mem:0.00M, Peak:0.00M | Scene, ViewLayer | Updating Camera
Fra:1 Mem:8.94M (Peak 9.11M) | Time:00:00.00 | Mem:0.00M, Peak:0.00M | Scene, ViewLayer | Updating Meshes Flags
Fra:1 Mem:8.94M (Peak 9.11M) | Time:00:00.00 | Mem:0.00M, Peak:0.00M | Scene, ViewLayer | Updating Objects
Fra:1 Mem:8.94M (Peak 9.11M) | Time:00:00.00 | Mem:0.00M, Peak:0.00M | Scene, ViewLayer | Updating Objects | Copying Transformations to device
Fra:1 Mem:8.95M (Peak 9.11M) | Time:00:00.00 | Mem:0.00M, Peak:0.00M | Scene, ViewLayer | Updating Particle Systems
Fra:1 Mem:8.95M (Peak 9.11M) | Time:00:00.00 | Mem:0.00M, Peak:0.00M | Scene, ViewLayer | Updating Particle Systems | Copying Particles to device
Fra:1 Mem:8.95M (Peak 9.11M) | Time:00:00.00 | Mem:0.00M, Peak:0.00M | Scene, ViewLayer | Updating Meshes
Fra:1 Mem:8.95M (Peak 9.11M) | Time:00:00.00 | Mem:0.00M, Peak:0.00M | Scene, ViewLayer | Updating Objects | Applying Static Transformations
Fra:1 Mem:8.95M (Peak 9.11M) | Time:00:00.00 | Mem:0.00M, Peak:0.00M | Scene, ViewLayer | Updating Mesh | Computing attributes
Fra:1 Mem:8.95M (Peak 9.11M) | Time:00:00.00 | Mem:0.00M, Peak:0.00M | Scene, ViewLayer | Updating Mesh | Copying Attributes to device
Fra:1 Mem:8.95M (Peak 9.11M) | Time:00:00.00 | Mem:0.01M, Peak:0.01M | Scene, ViewLayer | Updating Scene BVH | Building
Fra:1 Mem:8.95M (Peak 9.11M) | Time:00:00.00 | Mem:0.01M, Peak:0.01M | Scene, ViewLayer | Updating Scene BVH | Building BVH
Fra:1 Mem:8.95M (Peak 9.11M) | Time:00:00.00 | Mem:0.05M, Peak:0.05M | Scene, ViewLayer | Updating Scene BVH | Building BVH 0%
Fra:1 Mem:8.95M (Peak 9.11M) | Time:00:00.00 | Mem:0.11M, Peak:0.15M | Scene, ViewLayer | Updating Scene BVH | Copying BVH to device
Fra:1 Mem:8.95M (Peak 9.11M) | Time:00:00.00 | Mem:0.11M, Peak:0.15M | Scene, ViewLayer | Updating Mesh | Computing normals
Fra:1 Mem:8.99M (Peak 9.11M) | Time:00:00.00 | Mem:0.11M, Peak:0.15M | Scene, ViewLayer | Updating Mesh | Copying Mesh to device
Fra:1 Mem:8.99M (Peak 9.11M) | Time:00:00.00 | Mem:0.14M, Peak:0.15M | Scene, ViewLayer | Updating Objects Flags
Fra:1 Mem:8.99M (Peak 9.11M) | Time:00:00.00 | Mem:0.14M, Peak:0.15M | Scene, ViewLayer | Updating Primitive Offsets
Fra:1 Mem:8.99M (Peak 9.11M) | Time:00:00.00 | Mem:0.14M, Peak:0.15M | Scene, ViewLayer | Updating Images
Fra:1 Mem:8.99M (Peak 9.11M) | Time:00:00.00 | Mem:0.14M, Peak:0.15M | Scene, ViewLayer | Updating Camera Volume
Fra:1 Mem:8.99M (Peak 9.11M) | Time:00:00.00 | Mem:0.14M, Peak:0.15M | Scene, ViewLayer | Updating Lookup Tables
Fra:1 Mem:8.99M (Peak 9.11M) | Time:00:00.00 | Mem:0.22M, Peak:0.22M | Scene, ViewLayer | Updating Lights
Fra:1 Mem:8.99M (Peak 9.11M) | Time:00:00.00 | Mem:0.22M, Peak:0.22M | Scene, ViewLayer | Updating Lights | Computing tree
Fra:1 Mem:8.99M (Peak 9.11M) | Time:00:00.00 | Mem:0.22M, Peak:0.22M | Scene, ViewLayer | Updating Integrator
Fra:1 Mem:8.99M (Peak 9.11M) | Time:00:00.00 | Mem:0.22M, Peak:0.22M | Scene, ViewLayer | Updating Film
Fra:1 Mem:8.99M (Peak 9.11M) | Time:00:00.00 | Mem:0.14M, Peak:0.22M | Scene, ViewLayer | Updating Lookup Tables
Fra:1 Mem:8.99M (Peak 9.11M) | Time:00:00.00 | Mem:0.23M, Peak:0.23M | Scene, ViewLayer | Updating Baking
Fra:1 Mem:8.99M (Peak 9.11M) | Time:00:00.00 | Mem:0.23M, Peak:0.23M | Scene, ViewLayer | Updating Device | Writing constant memory
Fra:1 Mem:8.99M (Peak 9.11M) | Time:00:00.00 | Mem:0.23M, Peak:0.23M | Scene, ViewLayer | Sample 0/8
Fra:1 Mem:22.53M (Peak 22.53M) | Time:00:00.05 | Remaining:00:00.33 | Mem:13.75M, Peak:13.75M | Scene, ViewLayer | Sample 1/8
Fra:1 Mem:28.54M (Peak 40.56M) | Time:00:00.38 | Mem:13.75M, Peak:13.75M | Scene, ViewLayer | Sample 8/8
Fra:1 Mem:28.54M (Peak 40.56M) | Time:00:00.38 | Mem:13.75M, Peak:13.75M | Scene, ViewLayer | Finished
Saved: '/workspace/scratch/a29d03198654/Aether/cloud-evidence/cloudbank58j2-contact-v1-20261002T064602Z-jf2pmotn/outputs/58J2-1216-source-front.png'
Time: 00:00.43 (Saving: 00:00.04)


Blender quit
