Godot Engine v4.5.1.stable.official.f62fdbde1 - https://godotengine.org
OpenGL API 4.5 (Core Profile) Mesa 25.0.7-2+deb13u1 - Compatibility - Using Device: Mesa - llvmpipe (LLVM 19.1.7, 256 bits)

NEAR_SHIP53WEST STAGE identity
PASS Actual rendered A/B/A2 needs a renderer
PASS Exact locked identity res://scenes/candidate53d-west/Game53dWest.tscn
PASS Exact locked identity res://scenes/candidate53d-west/build-report-west53.json
PASS Exact locked identity /workspace/scratch/a29d03198654/Aether/source-assets/lake-rim53/integration-west53/integration-manifest.json
PASS Exact locked identity /workspace/scratch/a29d03198654/Aether/cloud-evidence/rim53d-west-verify-v2-20261001T064631Z-OrTCQY/verify-report-west53-v2.json
PASS Exact locked identity /workspace/scratch/a29d03198654/Aether/source-assets/near-ship53west/reference-measurements.json
PASS Reuse completed202-check saved53west audit without loading another scene
PASS Current source hash res://scenes/candidate53d-west/Game53dWest.tscn
PASS Current source hash res://scenes/candidate53d-west/build-report-west53.json
PASS Current source hash /workspace/scratch/a29d03198654/Aether/source-assets/lake-rim53/integration-west53/integration-manifest.json
PASS Current source hash /workspace/scratch/a29d03198654/Aether/cloud-evidence/rim53d-west-verify-v2-20261001T064631Z-OrTCQY/verify-report-west53-v2.json
PASS Current source hash /workspace/scratch/a29d03198654/Aether/source-assets/near-ship53west/reference-measurements.json
PASS Current source hash /workspace/scratch/a29d03198654/Aether/source-assets/lake-rim53/revision-d/massif_west_spur_rim53.blend
PASS Current source hash /workspace/scratch/a29d03198654/Aether/source-assets/lake-rim53/revision-d/massif_west_spur_rim53.glb
PASS Current source hash /workspace/scratch/a29d03198654/Aether/source-assets/lake-rim53/revision-d/rim53-payload.json
PASS Current source hash /workspace/scratch/a29d03198654/Aether/source-assets/lake-rim53/revision-d/sculpt-report.json
PASS Current source hash /workspace/scratch/a29d03198654/Aether/source-assets/lake-rim53/revision-d/native-readback-impact.json
PASS Current source hash /workspace/scratch/a29d03198654/Aether/source-assets/lake-rim53/revision-d/root-join-check.json
PASS Current source hash /workspace/scratch/a29d03198654/Aether/source-assets/lake-rim53/revision-d/continuous-water-footprint-proof.json
PASS Current source hash /workspace/scratch/a29d03198654/Aether/source-assets/lake-rim53/base51b.json
PASS Current source hash /workspace/scratch/a29d03198654/Aether/source-assets/lake-rim53/integration-west53/integration-payload.json
PASS Current source hash /workspace/scratch/a29d03198654/Aether/source-assets/lake-rim53/integration-west53/scatter-reconcile-report.json
PASS Current source hash /workspace/scratch/a29d03198654/Aether/source-assets/lake-rim53/integration-west53/west53_audit.gd
PASS Current source hash /workspace/scratch/a29d03198654/Aether/source-assets/lake-rim53/integration-west53/build_west53.gd
PASS Current source hash /workspace/scratch/a29d03198654/Aether/source-assets/lake-rim53/integration-west53/source-visual-gate.json
PASS Current source hash /workspace/scratch/a29d03198654/Aether/source-assets/lake-rim53/integration-west53/runtime-probes.json
PASS Current source hash /workspace/scratch/a29d03198654/Aether/candidates/round40-exclusive-20260930/project/scenes/candidate51b/build-report-51b.json
PASS Current source hash /workspace/scratch/a29d03198654/Aether/candidates/round40-exclusive-20260930/project/assets/reflection51b/clip_material_000.tres
PASS Current source hash /workspace/scratch/a29d03198654/Aether/candidates/round40-exclusive-20260930/project/assets/reflection51b/clip_material_001.tres
PASS Current source hash /workspace/scratch/a29d03198654/Aether/candidates/round40-exclusive-20260930/project/assets/reflection51b/clip_material_002.tres
PASS Current source hash /workspace/scratch/a29d03198654/Aether/candidates/round40-exclusive-20260930/project/assets/reflection51b/clip_material_003.tres
PASS Current source hash /workspace/scratch/a29d03198654/Aether/candidates/round40-exclusive-20260930/project/assets/reflection51b/clip_material_004.tres
PASS Current source hash /workspace/scratch/a29d03198654/Aether/candidates/round40-exclusive-20260930/project/assets/reflection51b/clip_material_005.tres
PASS Current source hash /workspace/scratch/a29d03198654/Aether/candidates/round40-exclusive-20260930/project/assets/reflection51b/clip_material_006.tres
PASS Current source hash /workspace/scratch/a29d03198654/Aether/candidates/round40-exclusive-20260930/project/assets/reflection51b/clip_material_007.tres
PASS Current source hash /workspace/scratch/a29d03198654/Aether/candidates/round40-exclusive-20260930/project/assets/reflection51b/clip_material_008.tres
PASS Current source hash /workspace/scratch/a29d03198654/Aether/candidates/round40-exclusive-20260930/project/assets/reflection51b/clip_material_009.tres
PASS Current source hash /workspace/scratch/a29d03198654/Aether/candidates/round40-exclusive-20260930/project/assets/reflection51b/clip_material_010.tres
PASS Current source hash /workspace/scratch/a29d03198654/Aether/candidates/round40-exclusive-20260930/project/assets/reflection51b/clip_material_011.tres
PASS Current source hash /workspace/scratch/a29d03198654/Aether/candidates/round40-exclusive-20260930/project/assets/reflection51b/clip_material_012.tres
PASS Current source hash /workspace/scratch/a29d03198654/Aether/candidates/round40-exclusive-20260930/project/assets/reflection51b/clip_material_013.tres
PASS Current source hash /workspace/scratch/a29d03198654/Aether/candidates/round40-exclusive-20260930/project/assets/reflection51b/clip_material_014.tres
PASS Current source hash /workspace/scratch/a29d03198654/Aether/candidates/round40-exclusive-20260930/project/assets/reflection51b/clip_material_015.tres
PASS Current source hash /workspace/scratch/a29d03198654/Aether/candidates/round40-exclusive-20260930/project/assets/reflection51b/clip_material_016.tres
PASS Current source hash /workspace/scratch/a29d03198654/Aether/candidates/round40-exclusive-20260930/project/assets/reflection51b/clip_material_017.tres
PASS Current source hash /workspace/scratch/a29d03198654/Aether/candidates/round40-exclusive-20260930/project/assets/reflection51b/clip_material_018.tres
PASS Current source hash /workspace/scratch/a29d03198654/Aether/candidates/round40-exclusive-20260930/project/assets/reflection51b/clip_material_019.tres
PASS Current source hash /workspace/scratch/a29d03198654/Aether/candidates/round40-exclusive-20260930/project/assets/reflection51b/clip_material_020.tres
PASS Current source hash /workspace/scratch/a29d03198654/Aether/candidates/round40-exclusive-20260930/project/assets/reflection51b/clip_material_021.tres
PASS Current source hash /workspace/scratch/a29d03198654/Aether/candidates/round40-exclusive-20260930/project/assets/reflection51b/clip_material_022.tres
PASS Current source hash /workspace/scratch/a29d03198654/Aether/candidates/round40-exclusive-20260930/project/assets/reflection51b/clip_material_023.tres
PASS Current source hash /workspace/scratch/a29d03198654/Aether/candidates/round40-exclusive-20260930/project/assets/reflection51b/clip_material_024.tres
PASS Current source hash /workspace/scratch/a29d03198654/Aether/candidates/round40-exclusive-20260930/project/assets/reflection51b/clip_material_025.tres
PASS Current source hash /workspace/scratch/a29d03198654/Aether/candidates/round40-exclusive-20260930/project/assets/reflection51b/clip_material_026.tres
PASS Current source hash /workspace/scratch/a29d03198654/Aether/candidates/round40-exclusive-20260930/project/assets/reflection51b/clip_material_027.tres
PASS Current source hash /workspace/scratch/a29d03198654/Aether/candidates/round40-exclusive-20260930/project/assets/reflection51b/clip_material_028.tres
PASS Current source hash /workspace/scratch/a29d03198654/Aether/candidates/round40-exclusive-20260930/project/assets/reflection51b/clip_material_029.tres
PASS Current source hash /workspace/scratch/a29d03198654/Aether/candidates/round40-exclusive-20260930/project/assets/reflection51b/clip_material_030.tres
PASS Current source hash /workspace/scratch/a29d03198654/Aether/candidates/round40-exclusive-20260930/project/assets/reflection51b/clip_material_031.tres
PASS Current source hash /workspace/scratch/a29d03198654/Aether/candidates/round40-exclusive-20260930/project/assets/reflection51b/clip_material_032.tres
PASS Current source hash /workspace/scratch/a29d03198654/Aether/candidates/round40-exclusive-20260930/project/assets/reflection51b/clip_material_033.tres
PASS Current source hash /workspace/scratch/a29d03198654/Aether/candidates/round40-exclusive-20260930/project/assets/reflection51b/clip_material_034.tres
PASS Current source hash /workspace/scratch/a29d03198654/Aether/candidates/round40-exclusive-20260930/project/assets/reflection51b/clip_material_035.tres
PASS Current source hash /workspace/scratch/a29d03198654/Aether/candidates/round40-exclusive-20260930/project/assets/reflection51b/clip_material_036.tres
PASS Current source hash /workspace/scratch/a29d03198654/Aether/candidates/round40-exclusive-20260930/project/assets/reflection51b/clip_material_037.tres
PASS Current source hash /workspace/scratch/a29d03198654/Aether/candidates/round40-exclusive-20260930/project/assets/reflection51b/clip_material_038.tres
PASS Current source hash /workspace/scratch/a29d03198654/Aether/candidates/round40-exclusive-20260930/project/assets/reflection51b/clip_material_039.tres
PASS Current source hash /workspace/scratch/a29d03198654/Aether/candidates/round40-exclusive-20260930/project/assets/reflection51b/clip_material_040.tres
PASS Current source hash /workspace/scratch/a29d03198654/Aether/candidates/round40-exclusive-20260930/project/assets/reflection51b/clip_material_041.tres
PASS Current source hash /workspace/scratch/a29d03198654/Aether/candidates/round40-exclusive-20260930/project/assets/reflection51b/clip_material_042.tres
PASS Current source hash /workspace/scratch/a29d03198654/Aether/candidates/round40-exclusive-20260930/project/assets/reflection51b/clip_material_043.tres
PASS Current source hash /workspace/scratch/a29d03198654/Aether/candidates/round40-exclusive-20260930/project/assets/reflection51b/clip_material_044.tres
PASS Current source hash /workspace/scratch/a29d03198654/Aether/candidates/round40-exclusive-20260930/project/assets/reflection51b/clip_material_045.tres
PASS Current source hash /workspace/scratch/a29d03198654/Aether/candidates/round40-exclusive-20260930/project/assets/reflection51b/clip_material_046.tres
PASS Current source hash /workspace/scratch/a29d03198654/Aether/candidates/round40-exclusive-20260930/project/assets/reflection51b/clip_material_047.tres
PASS Current source hash /workspace/scratch/a29d03198654/Aether/candidates/round40-exclusive-20260930/project/assets/reflection51b/clip_material_048.tres
PASS Current source hash /workspace/scratch/a29d03198654/Aether/candidates/round40-exclusive-20260930/project/assets/reflection51b/clip_material_049.tres
PASS Current source hash /workspace/scratch/a29d03198654/Aether/candidates/round40-exclusive-20260930/project/assets/reflection51b/clip_material_050.tres
PASS Current source hash /workspace/scratch/a29d03198654/Aether/candidates/round40-exclusive-20260930/project/assets/reflection51b/clip_material_051.tres
PASS Current source hash /workspace/scratch/a29d03198654/Aether/candidates/round40-exclusive-20260930/project/assets/reflection51b/clip_material_052.tres
PASS Current source hash /workspace/scratch/a29d03198654/Aether/candidates/round40-exclusive-20260930/project/assets/reflection51b/clip_material_053.tres
PASS Current source hash /workspace/scratch/a29d03198654/Aether/candidates/round40-exclusive-20260930/project/assets/reflection51b/clip_material_054.tres
PASS Current source hash /workspace/scratch/a29d03198654/Aether/candidates/round40-exclusive-20260930/project/assets/reflection51b/clip_material_055.tres
PASS Current source hash /workspace/scratch/a29d03198654/Aether/candidates/round40-exclusive-20260930/project/assets/reflection51b/clip_material_056.tres
PASS Current source hash /workspace/scratch/a29d03198654/Aether/candidates/round40-exclusive-20260930/project/assets/reflection51b/clip_material_057.tres
PASS Current source hash /workspace/scratch/a29d03198654/Aether/candidates/round40-exclusive-20260930/project/assets/reflection51b/clip_material_058.tres
PASS Current source hash /workspace/scratch/a29d03198654/Aether/candidates/round40-exclusive-20260930/project/assets/reflection51b/clip_material_059.tres
PASS Current source hash /workspace/scratch/a29d03198654/Aether/candidates/round40-exclusive-20260930/project/assets/reflection51b/clip_material_060.tres
PASS Current source hash /workspace/scratch/a29d03198654/Aether/candidates/round40-exclusive-20260930/project/assets/reflection51b/clip_material_061.tres
PASS Current source hash /workspace/scratch/a29d03198654/Aether/candidates/round40-exclusive-20260930/project/assets/reflection51b/clip_material_062.tres
PASS Current source hash /workspace/scratch/a29d03198654/Aether/candidates/round40-exclusive-20260930/project/assets/reflection51b/clip_material_063.tres
PASS Current source hash /workspace/scratch/a29d03198654/Aether/candidates/round40-exclusive-20260930/project/assets/reflection51b/clip_material_064.tres
PASS Current source hash /workspace/scratch/a29d03198654/Aether/candidates/round40-exclusive-20260930/project/assets/reflection51b/clip_material_065.tres
PASS Current source hash /workspace/scratch/a29d03198654/Aether/candidates/round40-exclusive-20260930/project/assets/reflection51b/clip_material_066.tres
PASS Current source hash /workspace/scratch/a29d03198654/Aether/candidates/round40-exclusive-20260930/project/assets/reflection51b/clip_material_067.tres
PASS Current source hash /workspace/scratch/a29d03198654/Aether/candidates/round40-exclusive-20260930/project/assets/reflection51b/clip_material_068.tres
PASS Current source hash /workspace/scratch/a29d03198654/Aether/candidates/round40-exclusive-20260930/project/assets/reflection51b/clip_material_069.tres
PASS Current source hash /workspace/scratch/a29d03198654/Aether/candidates/round40-exclusive-20260930/project/assets/reflection51b/clip_material_070.tres
PASS Current source hash /workspace/scratch/a29d03198654/Aether/candidates/round40-exclusive-20260930/project/assets/reflection51b/clip_material_071.tres
PASS Current source hash /workspace/scratch/a29d03198654/Aether/candidates/round40-exclusive-20260930/project/assets/reflection51b/clip_material_072.tres
PASS Current source hash /workspace/scratch/a29d03198654/Aether/candidates/round40-exclusive-20260930/project/assets/reflection51b/clip_material_073.tres
PASS Current source hash /workspace/scratch/a29d03198654/Aether/candidates/round40-exclusive-20260930/project/assets/reflection51b/clip_material_074.tres
PASS Current source hash /workspace/scratch/a29d03198654/Aether/candidates/round40-exclusive-20260930/project/assets/reflection51b/clip_material_075.tres
PASS Current source hash /workspace/scratch/a29d03198654/Aether/candidates/round40-exclusive-20260930/project/assets/reflection51b/clip_material_076.tres
PASS Current source hash /workspace/scratch/a29d03198654/Aether/candidates/round40-exclusive-20260930/project/assets/reflection51b/clip_material_077.tres
PASS Current source hash /workspace/scratch/a29d03198654/Aether/candidates/round40-exclusive-20260930/project/assets/reflection51b/clip_material_078.tres
PASS Current source hash /workspace/scratch/a29d03198654/Aether/candidates/round40-exclusive-20260930/project/assets/reflection51b/clip_material_079.tres
PASS Current source hash /workspace/scratch/a29d03198654/Aether/candidates/round40-exclusive-20260930/project/assets/reflection51b/clip_material_080.tres
PASS Current source hash /workspace/scratch/a29d03198654/Aether/candidates/round40-exclusive-20260930/project/assets/reflection51b/clip_material_081.tres
PASS Current source hash /workspace/scratch/a29d03198654/Aether/candidates/round40-exclusive-20260930/project/assets/reflection51b/clip_material_082.tres
PASS Current source hash /workspace/scratch/a29d03198654/Aether/candidates/round40-exclusive-20260930/project/assets/reflection51b/clip_material_083.tres
PASS Current source hash /workspace/scratch/a29d03198654/Aether/candidates/round40-exclusive-20260930/project/assets/reflection51b/clip_material_084.tres
PASS Current source hash /workspace/scratch/a29d03198654/Aether/candidates/round40-exclusive-20260930/project/assets/reflection51b/clip_material_085.tres
PASS Current source hash /workspace/scratch/a29d03198654/Aether/candidates/round40-exclusive-20260930/project/assets/reflection51b/clip_material_086.tres
PASS Current source hash /workspace/scratch/a29d03198654/Aether/candidates/round40-exclusive-20260930/project/assets/reflection51b/clip_material_087.tres
PASS Current source hash /workspace/scratch/a29d03198654/Aether/candidates/round40-exclusive-20260930/project/assets/reflection51b/clip_material_088.tres
PASS Current source hash /workspace/scratch/a29d03198654/Aether/candidates/round40-exclusive-20260930/project/assets/reflection51b/clip_material_089.tres
PASS Current source hash /workspace/scratch/a29d03198654/Aether/candidates/round40-exclusive-20260930/project/assets/reflection51b/clip_material_090.tres
PASS Current source hash /workspace/scratch/a29d03198654/Aether/candidates/round40-exclusive-20260930/project/assets/reflection51b/clip_material_091.tres
PASS Current source hash /workspace/scratch/a29d03198654/Aether/candidates/round40-exclusive-20260930/project/assets/reflection51b/clip_material_092.tres
PASS Current source hash /workspace/scratch/a29d03198654/Aether/candidates/round40-exclusive-20260930/project/assets/reflection51b/clip_material_093.tres
PASS Current source hash /workspace/scratch/a29d03198654/Aether/candidates/round40-exclusive-20260930/project/assets/reflection51b/clip_material_094.tres
PASS Current source hash /workspace/scratch/a29d03198654/Aether/candidates/round40-exclusive-20260930/project/assets/reflection51b/clip_material_095.tres
PASS Current source hash /workspace/scratch/a29d03198654/Aether/candidates/round40-exclusive-20260930/project/assets/reflection51b/clip_material_096.tres
PASS Current source hash /workspace/scratch/a29d03198654/Aether/candidates/round40-exclusive-20260930/project/assets/reflection51b/clip_material_097.tres
PASS Current source hash /workspace/scratch/a29d03198654/Aether/candidates/round40-exclusive-20260930/project/assets/reflection51b/clip_material_098.tres
PASS Current source hash /workspace/scratch/a29d03198654/Aether/candidates/round40-exclusive-20260930/project/assets/reflection51b/clip_material_099.tres
PASS Current source hash /workspace/scratch/a29d03198654/Aether/candidates/round40-exclusive-20260930/project/assets/reflection51b/clip_material_100.tres
PASS Current source hash /workspace/scratch/a29d03198654/Aether/candidates/round40-exclusive-20260930/project/assets/reflection51b/clip_material_101.tres
PASS Current source hash /workspace/scratch/a29d03198654/Aether/candidates/round40-exclusive-20260930/project/assets/reflection51b/clip_material_102.tres
PASS Current source hash /workspace/scratch/a29d03198654/Aether/candidates/round40-exclusive-20260930/project/assets/reflection51b/clip_material_103.tres
PASS Current source hash /workspace/scratch/a29d03198654/Aether/candidates/round40-exclusive-20260930/project/assets/reflection51b/clip_material_104.tres
PASS Current source hash /workspace/scratch/a29d03198654/Aether/candidates/round40-exclusive-20260930/project/assets/reflection51b/clip_material_105.tres
PASS Current source hash /workspace/scratch/a29d03198654/Aether/candidates/round40-exclusive-20260930/project/assets/reflection51b/clip_material_106.tres
PASS Current source hash /workspace/scratch/a29d03198654/Aether/candidates/round40-exclusive-20260930/project/assets/reflection51b/clip_material_107.tres
PASS Current source hash /workspace/scratch/a29d03198654/Aether/candidates/round40-exclusive-20260930/project/assets/reflection51b/clip_material_108.tres
PASS Current source hash /workspace/scratch/a29d03198654/Aether/candidates/round40-exclusive-20260930/project/assets/reflection51b/clip_material_109.tres
PASS Current source hash /workspace/scratch/a29d03198654/Aether/candidates/round40-exclusive-20260930/project/assets/reflection51b/clip_material_110.tres
PASS Current source hash /workspace/scratch/a29d03198654/Aether/candidates/round40-exclusive-20260930/project/assets/reflection51b/clip_material_111.tres
PASS Current source hash /workspace/scratch/a29d03198654/Aether/candidates/round40-exclusive-20260930/project/assets/reflection51b/clip_material_112.tres
PASS Current source hash /workspace/scratch/a29d03198654/Aether/candidates/round40-exclusive-20260930/project/assets/reflection51b/clip_material_113.tres
PASS Current source hash /workspace/scratch/a29d03198654/Aether/candidates/round40-exclusive-20260930/project/assets/reflection51b/clip_shader_000.tres
PASS Current source hash /workspace/scratch/a29d03198654/Aether/candidates/round40-exclusive-20260930/project/assets/reflection51b/clip_shader_001.tres
PASS Current source hash /workspace/scratch/a29d03198654/Aether/candidates/round40-exclusive-20260930/project/assets/reflection51b/clip_shader_002.tres
PASS Current source hash /workspace/scratch/a29d03198654/Aether/candidates/round40-exclusive-20260930/project/assets/reflection51b/clip_shader_003.tres
PASS Current source hash /workspace/scratch/a29d03198654/Aether/candidates/round40-exclusive-20260930/project/assets/reflection51b/clip_shader_004.tres
PASS Current source hash /workspace/scratch/a29d03198654/Aether/candidates/round40-exclusive-20260930/project/assets/reflection51b/clip_shader_005.tres
PASS Current source hash /workspace/scratch/a29d03198654/Aether/candidates/round40-exclusive-20260930/project/assets/reflection51b/clip_shader_006.tres
PASS Current source hash /workspace/scratch/a29d03198654/Aether/candidates/round40-exclusive-20260930/project/assets/reflection51b/clip_shader_007.tres
PASS Current source hash /workspace/scratch/a29d03198654/Aether/candidates/round40-exclusive-20260930/project/assets/reflection51b/clip_shader_008.tres
PASS Current source hash /workspace/scratch/a29d03198654/Aether/candidates/round40-exclusive-20260930/project/assets/reflection51b/clip_shader_009.tres
PASS Current source hash /workspace/scratch/a29d03198654/Aether/candidates/round40-exclusive-20260930/project/assets/reflection51b/clip_shader_010.tres
PASS Current source hash /workspace/scratch/a29d03198654/Aether/candidates/round40-exclusive-20260930/project/assets/reflection51b/clip_shader_011.tres
PASS Current source hash res://assets/rim53d-west/ridge_shoulders.mesh
PASS Current source hash res://assets/rim53d-west/snow_cap.mesh
PASS Current source hash res://assets/rim53d-west/snow_gully.mesh
PASS Current source hash res://assets/rim53d-west/shore_rock_apron.mesh
PASS Current source hash res://assets/rim53d-west/massif_west_spur_collision.res
PASS Current source hash res://assets/rim53d-west/Grounded_oak_0_-3.res
PASS Current source hash res://assets/rim53d-west/Grounded_poplar_0_-3.res
PASS Current source hash res://assets/rim53d-west/Grounded_bush_0_-3.res
PASS Current source hash res://assets/rim53d-west/Grounded_rock_0_-3.res
PASS Current source hash res://scenes/candidate53d-west/massif_west_spur.tscn
PASS Current source hash res://scripts/game.gd
PASS Current source hash res://scripts/game42b.gd
PASS Current source hash res://scripts/airship_body.gd
PASS Current source hash res://scripts/open_world.gd
PASS Current source hash res://scripts/lake_reflection51b.gd
PASS Current source hash res://project.godot
PASS Current source hash res://assets/reference_views42.json
PASS Measured original reference source 1128
PASS Measured original reference source 1129
NEAR_SHIP53WEST STAGE before_single_scene_load
WORLD READY: 208 independent terrain scenes, 54797 saved scatter instances, 169 scene landmarks, 6 scene ports
PASS Callback freeze retains live collision modes/layers/RIDs
PASS Original reference camera position and FOV 1128
PASS Actual visible geometry and two body shapes collected
PASS Saved actual 1128/A-original/main
PASS Saved actual 1128/A-original/reflection
NEAR_SHIP53WEST STAGE 1128_A-original
PASS Original A body/full-visible volume is physically clear 1128
PASS Physically clear fixed-camera near-side candidate found 1128
NEAR_SHIP53WEST STAGE 1128_candidate_prechecked
PASS B changes only same ship position/yaw; complete unrelated state remains exact 1128
PASS Actual placed B full body and rotating visual envelope remain physically clear 1128
PASS Saved actual 1128/B-near-side-study/main
PASS Saved actual 1128/B-near-side-study/reflection
NEAR_SHIP53WEST STAGE 1128_B-near-side-study
PASS Exact complete A runtime state restored; original camera/FOV/geometry/environment/collision retained
PASS Saved actual 1128/A2-restored/main
PASS Saved actual 1128/A2-restored/reflection
NEAR_SHIP53WEST STAGE 1128_A2-restored
PASS A/B/A2 real main/reflection contrast and full restoration 1128
NEAR_SHIP53WEST STAGE 1128_restoration_verified
PASS Original reference camera position and FOV 1129
PASS Actual visible geometry and two body shapes collected
PASS Saved actual 1129/A-original/main
PASS Saved actual 1129/A-original/reflection
NEAR_SHIP53WEST STAGE 1129_A-original
PASS Original A body/full-visible volume is physically clear 1129
PASS Physically clear fixed-camera near-side candidate found 1129
NEAR_SHIP53WEST STAGE 1129_candidate_prechecked
PASS B changes only same ship position/yaw; complete unrelated state remains exact 1129
PASS Actual placed B full body and rotating visual envelope remain physically clear 1129
PASS Saved actual 1129/B-near-side-study/main
PASS Saved actual 1129/B-near-side-study/reflection
NEAR_SHIP53WEST STAGE 1129_B-near-side-study
PASS Exact complete A runtime state restored; original camera/FOV/geometry/environment/collision retained
PASS Saved actual 1129/A2-restored/main
PASS Saved actual 1129/A2-restored/reflection
NEAR_SHIP53WEST STAGE 1129_A2-restored
PASS A/B/A2 real main/reflection contrast and full restoration 1129
NEAR_SHIP53WEST STAGE 1129_restoration_verified
PASS Exact complete A runtime state restored; original camera/FOV/geometry/environment/collision retained
PASS Source preserved res://scenes/candidate53d-west/Game53dWest.tscn
PASS Source preserved res://scenes/candidate53d-west/build-report-west53.json
PASS Source preserved /workspace/scratch/a29d03198654/Aether/source-assets/lake-rim53/integration-west53/integration-manifest.json
PASS Source preserved /workspace/scratch/a29d03198654/Aether/cloud-evidence/rim53d-west-verify-v2-20261001T064631Z-OrTCQY/verify-report-west53-v2.json
PASS Source preserved /workspace/scratch/a29d03198654/Aether/source-assets/near-ship53west/reference-measurements.json
PASS Source preserved /workspace/scratch/a29d03198654/Aether/source-assets/lake-rim53/revision-d/massif_west_spur_rim53.blend
PASS Source preserved /workspace/scratch/a29d03198654/Aether/source-assets/lake-rim53/revision-d/massif_west_spur_rim53.glb
PASS Source preserved /workspace/scratch/a29d03198654/Aether/source-assets/lake-rim53/revision-d/rim53-payload.json
PASS Source preserved /workspace/scratch/a29d03198654/Aether/source-assets/lake-rim53/revision-d/sculpt-report.json
PASS Source preserved /workspace/scratch/a29d03198654/Aether/source-assets/lake-rim53/revision-d/native-readback-impact.json
PASS Source preserved /workspace/scratch/a29d03198654/Aether/source-assets/lake-rim53/revision-d/root-join-check.json
PASS Source preserved /workspace/scratch/a29d03198654/Aether/source-assets/lake-rim53/revision-d/continuous-water-footprint-proof.json
PASS Source preserved /workspace/scratch/a29d03198654/Aether/source-assets/lake-rim53/base51b.json
PASS Source preserved /workspace/scratch/a29d03198654/Aether/source-assets/lake-rim53/integration-west53/integration-payload.json
PASS Source preserved /workspace/scratch/a29d03198654/Aether/source-assets/lake-rim53/integration-west53/scatter-reconcile-report.json
PASS Source preserved /workspace/scratch/a29d03198654/Aether/source-assets/lake-rim53/integration-west53/west53_audit.gd
PASS Source preserved /workspace/scratch/a29d03198654/Aether/source-assets/lake-rim53/integration-west53/build_west53.gd
PASS Source preserved /workspace/scratch/a29d03198654/Aether/source-assets/lake-rim53/integration-west53/source-visual-gate.json
PASS Source preserved /workspace/scratch/a29d03198654/Aether/source-assets/lake-rim53/integration-west53/runtime-probes.json
PASS Source preserved /workspace/scratch/a29d03198654/Aether/candidates/round40-exclusive-20260930/project/scenes/candidate51b/build-report-51b.json
PASS Source preserved /workspace/scratch/a29d03198654/Aether/candidates/round40-exclusive-20260930/project/assets/reflection51b/clip_material_000.tres
PASS Source preserved /workspace/scratch/a29d03198654/Aether/candidates/round40-exclusive-20260930/project/assets/reflection51b/clip_material_001.tres
PASS Source preserved /workspace/scratch/a29d03198654/Aether/candidates/round40-exclusive-20260930/project/assets/reflection51b/clip_material_002.tres
PASS Source preserved /workspace/scratch/a29d03198654/Aether/candidates/round40-exclusive-20260930/project/assets/reflection51b/clip_material_003.tres
PASS Source preserved /workspace/scratch/a29d03198654/Aether/candidates/round40-exclusive-20260930/project/assets/reflection51b/clip_material_004.tres
PASS Source preserved /workspace/scratch/a29d03198654/Aether/candidates/round40-exclusive-20260930/project/assets/reflection51b/clip_material_005.tres
PASS Source preserved /workspace/scratch/a29d03198654/Aether/candidates/round40-exclusive-20260930/project/assets/reflection51b/clip_material_006.tres
PASS Source preserved /workspace/scratch/a29d03198654/Aether/candidates/round40-exclusive-20260930/project/assets/reflection51b/clip_material_007.tres
PASS Source preserved /workspace/scratch/a29d03198654/Aether/candidates/round40-exclusive-20260930/project/assets/reflection51b/clip_material_008.tres
PASS Source preserved /workspace/scratch/a29d03198654/Aether/candidates/round40-exclusive-20260930/project/assets/reflection51b/clip_material_009.tres
PASS Source preserved /workspace/scratch/a29d03198654/Aether/candidates/round40-exclusive-20260930/project/assets/reflection51b/clip_material_010.tres
PASS Source preserved /workspace/scratch/a29d03198654/Aether/candidates/round40-exclusive-20260930/project/assets/reflection51b/clip_material_011.tres
PASS Source preserved /workspace/scratch/a29d03198654/Aether/candidates/round40-exclusive-20260930/project/assets/reflection51b/clip_material_012.tres
PASS Source preserved /workspace/scratch/a29d03198654/Aether/candidates/round40-exclusive-20260930/project/assets/reflection51b/clip_material_013.tres
PASS Source preserved /workspace/scratch/a29d03198654/Aether/candidates/round40-exclusive-20260930/project/assets/reflection51b/clip_material_014.tres
PASS Source preserved /workspace/scratch/a29d03198654/Aether/candidates/round40-exclusive-20260930/project/assets/reflection51b/clip_material_015.tres
PASS Source preserved /workspace/scratch/a29d03198654/Aether/candidates/round40-exclusive-20260930/project/assets/reflection51b/clip_material_016.tres
PASS Source preserved /workspace/scratch/a29d03198654/Aether/candidates/round40-exclusive-20260930/project/assets/reflection51b/clip_material_017.tres
PASS Source preserved /workspace/scratch/a29d03198654/Aether/candidates/round40-exclusive-20260930/project/assets/reflection51b/clip_material_018.tres
PASS Source preserved /workspace/scratch/a29d03198654/Aether/candidates/round40-exclusive-20260930/project/assets/reflection51b/clip_material_019.tres
PASS Source preserved /workspace/scratch/a29d03198654/Aether/candidates/round40-exclusive-20260930/project/assets/reflection51b/clip_material_020.tres
PASS Source preserved /workspace/scratch/a29d03198654/Aether/candidates/round40-exclusive-20260930/project/assets/reflection51b/clip_material_021.tres
PASS Source preserved /workspace/scratch/a29d03198654/Aether/candidates/round40-exclusive-20260930/project/assets/reflection51b/clip_material_022.tres
PASS Source preserved /workspace/scratch/a29d03198654/Aether/candidates/round40-exclusive-20260930/project/assets/reflection51b/clip_material_023.tres
PASS Source preserved /workspace/scratch/a29d03198654/Aether/candidates/round40-exclusive-20260930/project/assets/reflection51b/clip_material_024.tres
PASS Source preserved /workspace/scratch/a29d03198654/Aether/candidates/round40-exclusive-20260930/project/assets/reflection51b/clip_material_025.tres
PASS Source preserved /workspace/scratch/a29d03198654/Aether/candidates/round40-exclusive-20260930/project/assets/reflection51b/clip_material_026.tres
PASS Source preserved /workspace/scratch/a29d03198654/Aether/candidates/round40-exclusive-20260930/project/assets/reflection51b/clip_material_027.tres
PASS Source preserved /workspace/scratch/a29d03198654/Aether/candidates/round40-exclusive-20260930/project/assets/reflection51b/clip_material_028.tres
PASS Source preserved /workspace/scratch/a29d03198654/Aether/candidates/round40-exclusive-20260930/project/assets/reflection51b/clip_material_029.tres
PASS Source preserved /workspace/scratch/a29d03198654/Aether/candidates/round40-exclusive-20260930/project/assets/reflection51b/clip_material_030.tres
PASS Source preserved /workspace/scratch/a29d03198654/Aether/candidates/round40-exclusive-20260930/project/assets/reflection51b/clip_material_031.tres
PASS Source preserved /workspace/scratch/a29d03198654/Aether/candidates/round40-exclusive-20260930/project/assets/reflection51b/clip_material_032.tres
PASS Source preserved /workspace/scratch/a29d03198654/Aether/candidates/round40-exclusive-20260930/project/assets/reflection51b/clip_material_033.tres
PASS Source preserved /workspace/scratch/a29d03198654/Aether/candidates/round40-exclusive-20260930/project/assets/reflection51b/clip_material_034.tres
PASS Source preserved /workspace/scratch/a29d03198654/Aether/candidates/round40-exclusive-20260930/project/assets/reflection51b/clip_material_035.tres
PASS Source preserved /workspace/scratch/a29d03198654/Aether/candidates/round40-exclusive-20260930/project/assets/reflection51b/clip_material_036.tres
PASS Source preserved /workspace/scratch/a29d03198654/Aether/candidates/round40-exclusive-20260930/project/assets/reflection51b/clip_material_037.tres
PASS Source preserved /workspace/scratch/a29d03198654/Aether/candidates/round40-exclusive-20260930/project/assets/reflection51b/clip_material_038.tres
PASS Source preserved /workspace/scratch/a29d03198654/Aether/candidates/round40-exclusive-20260930/project/assets/reflection51b/clip_material_039.tres
PASS Source preserved /workspace/scratch/a29d03198654/Aether/candidates/round40-exclusive-20260930/project/assets/reflection51b/clip_material_040.tres
PASS Source preserved /workspace/scratch/a29d03198654/Aether/candidates/round40-exclusive-20260930/project/assets/reflection51b/clip_material_041.tres
PASS Source preserved /workspace/scratch/a29d03198654/Aether/candidates/round40-exclusive-20260930/project/assets/reflection51b/clip_material_042.tres
PASS Source preserved /workspace/scratch/a29d03198654/Aether/candidates/round40-exclusive-20260930/project/assets/reflection51b/clip_material_043.tres
PASS Source preserved /workspace/scratch/a29d03198654/Aether/candidates/round40-exclusive-20260930/project/assets/reflection51b/clip_material_044.tres
PASS Source preserved /workspace/scratch/a29d03198654/Aether/candidates/round40-exclusive-20260930/project/assets/reflection51b/clip_material_045.tres
PASS Source preserved /workspace/scratch/a29d03198654/Aether/candidates/round40-exclusive-20260930/project/assets/reflection51b/clip_material_046.tres
PASS Source preserved /workspace/scratch/a29d03198654/Aether/candidates/round40-exclusive-20260930/project/assets/reflection51b/clip_material_047.tres
PASS Source preserved /workspace/scratch/a29d03198654/Aether/candidates/round40-exclusive-20260930/project/assets/reflection51b/clip_material_048.tres
PASS Source preserved /workspace/scratch/a29d03198654/Aether/candidates/round40-exclusive-20260930/project/assets/reflection51b/clip_material_049.tres
PASS Source preserved /workspace/scratch/a29d03198654/Aether/candidates/round40-exclusive-20260930/project/assets/reflection51b/clip_material_050.tres
PASS Source preserved /workspace/scratch/a29d03198654/Aether/candidates/round40-exclusive-20260930/project/assets/reflection51b/clip_material_051.tres
PASS Source preserved /workspace/scratch/a29d03198654/Aether/candidates/round40-exclusive-20260930/project/assets/reflection51b/clip_material_052.tres
PASS Source preserved /workspace/scratch/a29d03198654/Aether/candidates/round40-exclusive-20260930/project/assets/reflection51b/clip_material_053.tres
PASS Source preserved /workspace/scratch/a29d03198654/Aether/candidates/round40-exclusive-20260930/project/assets/reflection51b/clip_material_054.tres
PASS Source preserved /workspace/scratch/a29d03198654/Aether/candidates/round40-exclusive-20260930/project/assets/reflection51b/clip_material_055.tres
PASS Source preserved /workspace/scratch/a29d03198654/Aether/candidates/round40-exclusive-20260930/project/assets/reflection51b/clip_material_056.tres
PASS Source preserved /workspace/scratch/a29d03198654/Aether/candidates/round40-exclusive-20260930/project/assets/reflection51b/clip_material_057.tres
PASS Source preserved /workspace/scratch/a29d03198654/Aether/candidates/round40-exclusive-20260930/project/assets/reflection51b/clip_material_058.tres
PASS Source preserved /workspace/scratch/a29d03198654/Aether/candidates/round40-exclusive-20260930/project/assets/reflection51b/clip_material_059.tres
PASS Source preserved /workspace/scratch/a29d03198654/Aether/candidates/round40-exclusive-20260930/project/assets/reflection51b/clip_material_060.tres
PASS Source preserved /workspace/scratch/a29d03198654/Aether/candidates/round40-exclusive-20260930/project/assets/reflection51b/clip_material_061.tres
PASS Source preserved /workspace/scratch/a29d03198654/Aether/candidates/round40-exclusive-20260930/project/assets/reflection51b/clip_material_062.tres
PASS Source preserved /workspace/scratch/a29d03198654/Aether/candidates/round40-exclusive-20260930/project/assets/reflection51b/clip_material_063.tres
PASS Source preserved /workspace/scratch/a29d03198654/Aether/candidates/round40-exclusive-20260930/project/assets/reflection51b/clip_material_064.tres
PASS Source preserved /workspace/scratch/a29d03198654/Aether/candidates/round40-exclusive-20260930/project/assets/reflection51b/clip_material_065.tres
PASS Source preserved /workspace/scratch/a29d03198654/Aether/candidates/round40-exclusive-20260930/project/assets/reflection51b/clip_material_066.tres
PASS Source preserved /workspace/scratch/a29d03198654/Aether/candidates/round40-exclusive-20260930/project/assets/reflection51b/clip_material_067.tres
PASS Source preserved /workspace/scratch/a29d03198654/Aether/candidates/round40-exclusive-20260930/project/assets/reflection51b/clip_material_068.tres
PASS Source preserved /workspace/scratch/a29d03198654/Aether/candidates/round40-exclusive-20260930/project/assets/reflection51b/clip_material_069.tres
PASS Source preserved /workspace/scratch/a29d03198654/Aether/candidates/round40-exclusive-20260930/project/assets/reflection51b/clip_material_070.tres
PASS Source preserved /workspace/scratch/a29d03198654/Aether/candidates/round40-exclusive-20260930/project/assets/reflection51b/clip_material_071.tres
PASS Source preserved /workspace/scratch/a29d03198654/Aether/candidates/round40-exclusive-20260930/project/assets/reflection51b/clip_material_072.tres
PASS Source preserved /workspace/scratch/a29d03198654/Aether/candidates/round40-exclusive-20260930/project/assets/reflection51b/clip_material_073.tres
PASS Source preserved /workspace/scratch/a29d03198654/Aether/candidates/round40-exclusive-20260930/project/assets/reflection51b/clip_material_074.tres
PASS Source preserved /workspace/scratch/a29d03198654/Aether/candidates/round40-exclusive-20260930/project/assets/reflection51b/clip_material_075.tres
PASS Source preserved /workspace/scratch/a29d03198654/Aether/candidates/round40-exclusive-20260930/project/assets/reflection51b/clip_material_076.tres
PASS Source preserved /workspace/scratch/a29d03198654/Aether/candidates/round40-exclusive-20260930/project/assets/reflection51b/clip_material_077.tres
PASS Source preserved /workspace/scratch/a29d03198654/Aether/candidates/round40-exclusive-20260930/project/assets/reflection51b/clip_material_078.tres
PASS Source preserved /workspace/scratch/a29d03198654/Aether/candidates/round40-exclusive-20260930/project/assets/reflection51b/clip_material_079.tres
PASS Source preserved /workspace/scratch/a29d03198654/Aether/candidates/round40-exclusive-20260930/project/assets/reflection51b/clip_material_080.tres
PASS Source preserved /workspace/scratch/a29d03198654/Aether/candidates/round40-exclusive-20260930/project/assets/reflection51b/clip_material_081.tres
PASS Source preserved /workspace/scratch/a29d03198654/Aether/candidates/round40-exclusive-20260930/project/assets/reflection51b/clip_material_082.tres
PASS Source preserved /workspace/scratch/a29d03198654/Aether/candidates/round40-exclusive-20260930/project/assets/reflection51b/clip_material_083.tres
PASS Source preserved /workspace/scratch/a29d03198654/Aether/candidates/round40-exclusive-20260930/project/assets/reflection51b/clip_material_084.tres
PASS Source preserved /workspace/scratch/a29d03198654/Aether/candidates/round40-exclusive-20260930/project/assets/reflection51b/clip_material_085.tres
PASS Source preserved /workspace/scratch/a29d03198654/Aether/candidates/round40-exclusive-20260930/project/assets/reflection51b/clip_material_086.tres
PASS Source preserved /workspace/scratch/a29d03198654/Aether/candidates/round40-exclusive-20260930/project/assets/reflection51b/clip_material_087.tres
PASS Source preserved /workspace/scratch/a29d03198654/Aether/candidates/round40-exclusive-20260930/project/assets/reflection51b/clip_material_088.tres
PASS Source preserved /workspace/scratch/a29d03198654/Aether/candidates/round40-exclusive-20260930/project/assets/reflection51b/clip_material_089.tres
PASS Source preserved /workspace/scratch/a29d03198654/Aether/candidates/round40-exclusive-20260930/project/assets/reflection51b/clip_material_090.tres
PASS Source preserved /workspace/scratch/a29d03198654/Aether/candidates/round40-exclusive-20260930/project/assets/reflection51b/clip_material_091.tres
PASS Source preserved /workspace/scratch/a29d03198654/Aether/candidates/round40-exclusive-20260930/project/assets/reflection51b/clip_material_092.tres
PASS Source preserved /workspace/scratch/a29d03198654/Aether/candidates/round40-exclusive-20260930/project/assets/reflection51b/clip_material_093.tres
PASS Source preserved /workspace/scratch/a29d03198654/Aether/candidates/round40-exclusive-20260930/project/assets/reflection51b/clip_material_094.tres
PASS Source preserved /workspace/scratch/a29d03198654/Aether/candidates/round40-exclusive-20260930/project/assets/reflection51b/clip_material_095.tres
PASS Source preserved /workspace/scratch/a29d03198654/Aether/candidates/round40-exclusive-20260930/project/assets/reflection51b/clip_material_096.tres
PASS Source preserved /workspace/scratch/a29d03198654/Aether/candidates/round40-exclusive-20260930/project/assets/reflection51b/clip_material_097.tres
PASS Source preserved /workspace/scratch/a29d03198654/Aether/candidates/round40-exclusive-20260930/project/assets/reflection51b/clip_material_098.tres
PASS Source preserved /workspace/scratch/a29d03198654/Aether/candidates/round40-exclusive-20260930/project/assets/reflection51b/clip_material_099.tres
PASS Source preserved /workspace/scratch/a29d03198654/Aether/candidates/round40-exclusive-20260930/project/assets/reflection51b/clip_material_100.tres
PASS Source preserved /workspace/scratch/a29d03198654/Aether/candidates/round40-exclusive-20260930/project/assets/reflection51b/clip_material_101.tres
PASS Source preserved /workspace/scratch/a29d03198654/Aether/candidates/round40-exclusive-20260930/project/assets/reflection51b/clip_material_102.tres
PASS Source preserved /workspace/scratch/a29d03198654/Aether/candidates/round40-exclusive-20260930/project/assets/reflection51b/clip_material_103.tres
PASS Source preserved /workspace/scratch/a29d03198654/Aether/candidates/round40-exclusive-20260930/project/assets/reflection51b/clip_material_104.tres
PASS Source preserved /workspace/scratch/a29d03198654/Aether/candidates/round40-exclusive-20260930/project/assets/reflection51b/clip_material_105.tres
PASS Source preserved /workspace/scratch/a29d03198654/Aether/candidates/round40-exclusive-20260930/project/assets/reflection51b/clip_material_106.tres
PASS Source preserved /workspace/scratch/a29d03198654/Aether/candidates/round40-exclusive-20260930/project/assets/reflection51b/clip_material_107.tres
PASS Source preserved /workspace/scratch/a29d03198654/Aether/candidates/round40-exclusive-20260930/project/assets/reflection51b/clip_material_108.tres
PASS Source preserved /workspace/scratch/a29d03198654/Aether/candidates/round40-exclusive-20260930/project/assets/reflection51b/clip_material_109.tres
PASS Source preserved /workspace/scratch/a29d03198654/Aether/candidates/round40-exclusive-20260930/project/assets/reflection51b/clip_material_110.tres
PASS Source preserved /workspace/scratch/a29d03198654/Aether/candidates/round40-exclusive-20260930/project/assets/reflection51b/clip_material_111.tres
PASS Source preserved /workspace/scratch/a29d03198654/Aether/candidates/round40-exclusive-20260930/project/assets/reflection51b/clip_material_112.tres
PASS Source preserved /workspace/scratch/a29d03198654/Aether/candidates/round40-exclusive-20260930/project/assets/reflection51b/clip_material_113.tres
PASS Source preserved /workspace/scratch/a29d03198654/Aether/candidates/round40-exclusive-20260930/project/assets/reflection51b/clip_shader_000.tres
PASS Source preserved /workspace/scratch/a29d03198654/Aether/candidates/round40-exclusive-20260930/project/assets/reflection51b/clip_shader_001.tres
PASS Source preserved /workspace/scratch/a29d03198654/Aether/candidates/round40-exclusive-20260930/project/assets/reflection51b/clip_shader_002.tres
PASS Source preserved /workspace/scratch/a29d03198654/Aether/candidates/round40-exclusive-20260930/project/assets/reflection51b/clip_shader_003.tres
PASS Source preserved /workspace/scratch/a29d03198654/Aether/candidates/round40-exclusive-20260930/project/assets/reflection51b/clip_shader_004.tres
PASS Source preserved /workspace/scratch/a29d03198654/Aether/candidates/round40-exclusive-20260930/project/assets/reflection51b/clip_shader_005.tres
PASS Source preserved /workspace/scratch/a29d03198654/Aether/candidates/round40-exclusive-20260930/project/assets/reflection51b/clip_shader_006.tres
PASS Source preserved /workspace/scratch/a29d03198654/Aether/candidates/round40-exclusive-20260930/project/assets/reflection51b/clip_shader_007.tres
PASS Source preserved /workspace/scratch/a29d03198654/Aether/candidates/round40-exclusive-20260930/project/assets/reflection51b/clip_shader_008.tres
PASS Source preserved /workspace/scratch/a29d03198654/Aether/candidates/round40-exclusive-20260930/project/assets/reflection51b/clip_shader_009.tres
PASS Source preserved /workspace/scratch/a29d03198654/Aether/candidates/round40-exclusive-20260930/project/assets/reflection51b/clip_shader_010.tres
PASS Source preserved /workspace/scratch/a29d03198654/Aether/candidates/round40-exclusive-20260930/project/assets/reflection51b/clip_shader_011.tres
PASS Source preserved res://assets/rim53d-west/ridge_shoulders.mesh
PASS Source preserved res://assets/rim53d-west/snow_cap.mesh
PASS Source preserved res://assets/rim53d-west/snow_gully.mesh
PASS Source preserved res://assets/rim53d-west/shore_rock_apron.mesh
PASS Source preserved res://assets/rim53d-west/massif_west_spur_collision.res
PASS Source preserved res://assets/rim53d-west/Grounded_oak_0_-3.res
PASS Source preserved res://assets/rim53d-west/Grounded_poplar_0_-3.res
PASS Source preserved res://assets/rim53d-west/Grounded_bush_0_-3.res
PASS Source preserved res://assets/rim53d-west/Grounded_rock_0_-3.res
PASS Source preserved res://scenes/candidate53d-west/massif_west_spur.tscn
PASS Source preserved res://scripts/game.gd
PASS Source preserved res://scripts/game42b.gd
PASS Source preserved res://scripts/airship_body.gd
PASS Source preserved res://scripts/open_world.gd
PASS Source preserved res://scripts/lake_reflection51b.gd
PASS Source preserved res://project.godot
PASS Source preserved res://assets/reference_views42.json
