L58_SOURCE_STAGE {"stage": "native_entry", "pid": 45, "elapsed_seconds": 0.04886632598936558, "user_seconds": 0.361095, "system_seconds": 0.072696, "peak_rss_kib": 245692, "mode": "render", "views_stage": "views", "views_version": "cloudbank58l-form-v3-views-v1"}
L58_SOURCE_STAGE {"stage": "candidate_validation.begin", "pid": 45, "elapsed_seconds": 0.07004681699618232, "user_seconds": 0.381959, "system_seconds": 0.072696, "peak_rss_kib": 250044}
L58_SOURCE_STAGE {"stage": "candidate_validation.complete", "pid": 45, "elapsed_seconds": 1.1971978020010283, "user_seconds": 1.4916, "system_seconds": 0.076574, "peak_rss_kib": 258028}
L58_SOURCE_STAGE {"stage": "fresh_open.begin", "pid": 45, "elapsed_seconds": 1.1976071659883019, "user_seconds": 1.4919989999999999, "system_seconds": 0.076595, "peak_rss_kib": 258028}
L58_SOURCE_STAGE {"stage": "fresh_open.complete", "pid": 45, "elapsed_seconds": 1.2064300229976652, "user_seconds": 1.500875, "system_seconds": 0.076595, "peak_rss_kib": 258028, "opened_filepath": "/workspace/scratch/a29d03198654/Aether/source-assets/cloud-bank58/revision-l/form-v3/cloud_bank58l_form_v3.blend"}
L58_SOURCE_STAGE {"stage": "render.begin", "pid": 45, "elapsed_seconds": 2.55419689998962, "user_seconds": 2.830617, "system_seconds": 0.084631, "peak_rss_kib": 273452, "view": "03-k-fixed-side-back"}
Blender 4.5.14 LTS (hash 62c1db4208e8 built 2026-09-15 01:31:19)
Read blend: "/workspace/scratch/a29d03198654/Aether/source-assets/cloud-bank58/revision-l/form-v3/cloud_bank58l_form_v3.blend"
Fra:1 Mem:12.20M (Peak 12.20M) | Time:00:00.00 | Mem:0.00M, Peak:0.00M | Scene, ViewLayer | Synchronizing object | L58_EDITABLE_MASTER
Fra:1 Mem:12.20M (Peak 12.20M) | Time:00:00.00 | Mem:0.00M, Peak:0.00M | Scene, ViewLayer | Synchronizing object | L58_K_FIXED_SUN
Fra:1 Mem:12.43M (Peak 12.43M) | Time:00:00.00 | Mem:0.00M, Peak:0.00M | Scene, ViewLayer | Initializing
Fra:1 Mem:12.17M (Peak 12.43M) | Time:00:00.00 | Mem:0.00M, Peak:0.00M | Scene, ViewLayer | Waiting for render to start
Fra:1 Mem:12.17M (Peak 12.43M) | Time:00:00.00 | Mem:0.00M, Peak:0.00M | Scene, ViewLayer | Updating Scene
Fra:1 Mem:12.17M (Peak 12.43M) | Time:00:00.00 | Mem:0.00M, Peak:0.00M | Scene, ViewLayer | Updating Shaders
Fra:1 Mem:12.17M (Peak 12.43M) | Time:00:00.00 | Mem:0.00M, Peak:0.00M | Scene, ViewLayer | Loading render kernels (may take a few minutes the first time)
Fra:1 Mem:12.26M (Peak 12.43M) | Time:00:00.00 | Mem:0.00M, Peak:0.00M | Scene, ViewLayer | Updating Procedurals
Fra:1 Mem:12.26M (Peak 12.43M) | Time:00:00.00 | Mem:0.00M, Peak:0.00M | Scene, ViewLayer | Updating Background
Fra:1 Mem:12.26M (Peak 12.43M) | Time:00:00.00 | Mem:0.00M, Peak:0.00M | Scene, ViewLayer | Updating Camera
Fra:1 Mem:12.26M (Peak 12.43M) | Time:00:00.00 | Mem:0.00M, Peak:0.00M | Scene, ViewLayer | Updating Meshes Flags
Fra:1 Mem:12.26M (Peak 12.43M) | Time:00:00.00 | Mem:0.00M, Peak:0.00M | Scene, ViewLayer | Updating Objects
Fra:1 Mem:12.26M (Peak 12.43M) | Time:00:00.00 | Mem:0.00M, Peak:0.00M | Scene, ViewLayer | Updating Objects | Copying Transformations to device
Fra:1 Mem:12.26M (Peak 12.43M) | Time:00:00.00 | Mem:0.00M, Peak:0.00M | Scene, ViewLayer | Updating Particle Systems
Fra:1 Mem:12.26M (Peak 12.43M) | Time:00:00.00 | Mem:0.00M, Peak:0.00M | Scene, ViewLayer | Updating Particle Systems | Copying Particles to device
Fra:1 Mem:12.26M (Peak 12.43M) | Time:00:00.00 | Mem:0.00M, Peak:0.00M | Scene, ViewLayer | Updating Meshes
Fra:1 Mem:12.26M (Peak 12.43M) | Time:00:00.00 | Mem:0.00M, Peak:0.00M | Scene, ViewLayer | Updating Objects | Applying Static Transformations
Fra:1 Mem:12.26M (Peak 12.43M) | Time:00:00.00 | Mem:0.00M, Peak:0.00M | Scene, ViewLayer | Updating Mesh | Computing attributes
Fra:1 Mem:12.27M (Peak 12.43M) | Time:00:00.00 | Mem:0.00M, Peak:0.00M | Scene, ViewLayer | Updating Mesh | Copying Attributes to device
Fra:1 Mem:12.27M (Peak 12.43M) | Time:00:00.00 | Mem:0.02M, Peak:0.02M | Scene, ViewLayer | Updating Scene BVH | Building
Fra:1 Mem:12.27M (Peak 12.43M) | Time:00:00.00 | Mem:0.02M, Peak:0.02M | Scene, ViewLayer | Updating Scene BVH | Building BVH
Fra:1 Mem:12.27M (Peak 12.43M) | Time:00:00.00 | Mem:0.12M, Peak:0.12M | Scene, ViewLayer | Updating Scene BVH | Building BVH 0%
Fra:1 Mem:12.27M (Peak 12.43M) | Time:00:00.00 | Mem:0.23M, Peak:0.33M | Scene, ViewLayer | Updating Scene BVH | Copying BVH to device
Fra:1 Mem:12.27M (Peak 12.43M) | Time:00:00.00 | Mem:0.23M, Peak:0.33M | Scene, ViewLayer | Updating Mesh | Computing normals
Fra:1 Mem:12.36M (Peak 12.43M) | Time:00:00.00 | Mem:0.23M, Peak:0.33M | Scene, ViewLayer | Updating Mesh | Copying Mesh to device
Fra:1 Mem:12.36M (Peak 12.43M) | Time:00:00.00 | Mem:0.32M, Peak:0.33M | Scene, ViewLayer | Updating Objects Flags
Fra:1 Mem:12.36M (Peak 12.43M) | Time:00:00.00 | Mem:0.32M, Peak:0.33M | Scene, ViewLayer | Updating Primitive Offsets
Fra:1 Mem:12.36M (Peak 12.43M) | Time:00:00.00 | Mem:0.32M, Peak:0.33M | Scene, ViewLayer | Updating Images
Fra:1 Mem:12.36M (Peak 12.43M) | Time:00:00.00 | Mem:0.32M, Peak:0.33M | Scene, ViewLayer | Updating Camera Volume
Fra:1 Mem:12.36M (Peak 12.43M) | Time:00:00.00 | Mem:0.32M, Peak:0.33M | Scene, ViewLayer | Updating Lookup Tables
Fra:1 Mem:12.36M (Peak 12.43M) | Time:00:00.00 | Mem:0.40M, Peak:0.40M | Scene, ViewLayer | Updating Lights
Fra:1 Mem:12.36M (Peak 12.43M) | Time:00:00.00 | Mem:0.40M, Peak:0.40M | Scene, ViewLayer | Updating Lights | Computing tree
Fra:1 Mem:12.36M (Peak 12.43M) | Time:00:00.00 | Mem:0.40M, Peak:0.40M | Scene, ViewLayer | Updating Integrator
Fra:1 Mem:12.36M (Peak 12.43M) | Time:00:00.00 | Mem:0.40M, Peak:0.40M | Scene, ViewLayer | Updating Film
Fra:1 Mem:12.36M (Peak 12.43M) | Time:00:00.00 | Mem:0.32M, Peak:0.40M | Scene, ViewLayer | Updating Lookup Tables
Fra:1 Mem:12.36M (Peak 12.43M) | Time:00:00.00 | Mem:0.40M, Peak:0.40M | Scene, ViewLayer | Updating Baking
Fra:1 Mem:12.36M (Peak 12.43M) | Time:00:00.00 | Mem:0.40M, Peak:0.40M | Scene, ViewLayer | Updating Device | Writing constant memory
Fra:1 Mem:12.36M (Peak 12.43M) | Time:00:00.00 | Mem:0.40M, Peak:0.40M | Scene, ViewLayer | Sample 0/8
Fra:1 Mem:39.26M (Peak 39.26M) | Time:00:00.26 | Remaining:00:01.83 | Mem:27.28M, Peak:27.28M | Scene, ViewLayer | Sample 1/8
Fra:1 Mem:51.21M (Peak 75.10M) | Time:00:02.09 | Mem:27.28M, Peak:27.28M | Scene, ViewLayer | Sample 8/8
Fra:1 Mem:51.21M (Peak 75.10M) | Time:00:02.09 | Mem:27.28M, Peak:27.28M | Scene, ViewLayer | Finished
Saved: '/workspace/scratch/a29d03198654/Aether/cloud-evidence/cloudbank58l-form-v3-views-v1-views-20261002T232517Z-ys00xc39/outputs/03-k-fixed-side-back.png'
Time: 00:02.23 (Saving: 00:00.14)

L58_SOURCE_STAGE {"stage": "render.complete", "pid": 45, "elapsed_seconds": 4.793863193990546, "user_seconds": 7.005348, "system_seconds": 0.126596, "peak_rss_kib": 342644, "view": "03-k-fixed-side-back"}
L58_SOURCE_STAGE {"stage": "native_terminal", "pid": 45, "elapsed_seconds": 5.128636408000602, "user_seconds": 7.337106, "system_seconds": 0.130654, "peak_rss_kib": 342644, "passed": true, "state": "completed"}
