L58_SOURCE_STAGE {"stage": "native_entry", "pid": 64, "elapsed_seconds": 0.049537946993950754, "user_seconds": 0.424685, "system_seconds": 0.040082, "peak_rss_kib": 245384, "mode": "render", "views_stage": "views", "views_version": "cloudbank58l-form-v3-views-v1"}
L58_SOURCE_STAGE {"stage": "candidate_validation.begin", "pid": 64, "elapsed_seconds": 0.07103551499312744, "user_seconds": 0.442011, "system_seconds": 0.04425, "peak_rss_kib": 249864}
L58_SOURCE_STAGE {"stage": "candidate_validation.complete", "pid": 64, "elapsed_seconds": 1.3063267760007875, "user_seconds": 1.653818, "system_seconds": 0.054825, "peak_rss_kib": 257540}
L58_SOURCE_STAGE {"stage": "fresh_open.begin", "pid": 64, "elapsed_seconds": 1.3067358089901973, "user_seconds": 1.654236, "system_seconds": 0.054825, "peak_rss_kib": 257540}
L58_SOURCE_STAGE {"stage": "fresh_open.complete", "pid": 64, "elapsed_seconds": 1.3154846660036128, "user_seconds": 1.662948, "system_seconds": 0.054825, "peak_rss_kib": 257540, "opened_filepath": "/workspace/scratch/a29d03198654/Aether/source-assets/cloud-bank58/revision-l/form-v3/cloud_bank58l_form_v3.blend"}
L58_SOURCE_STAGE {"stage": "render.begin", "pid": 64, "elapsed_seconds": 2.6708582040009787, "user_seconds": 2.997638, "system_seconds": 0.06202, "peak_rss_kib": 274500, "view": "04-k-fixed-near"}
Blender 4.5.14 LTS (hash 62c1db4208e8 built 2026-09-15 01:31:19)
Read blend: "/workspace/scratch/a29d03198654/Aether/source-assets/cloud-bank58/revision-l/form-v3/cloud_bank58l_form_v3.blend"
Fra:1 Mem:12.20M (Peak 12.20M) | Time:00:00.00 | Mem:0.00M, Peak:0.00M | Scene, ViewLayer | Synchronizing object | L58_EDITABLE_MASTER
Fra:1 Mem:12.20M (Peak 12.20M) | Time:00:00.00 | Mem:0.00M, Peak:0.00M | Scene, ViewLayer | Synchronizing object | L58_K_FIXED_SUN
Fra:1 Mem:12.43M (Peak 12.43M) | Time:00:00.00 | Mem:0.00M, Peak:0.00M | Scene, ViewLayer | Initializing
Fra:1 Mem:12.17M (Peak 12.43M) | Time:00:00.00 | Mem:0.00M, Peak:0.00M | Scene, ViewLayer | Waiting for render to start
Fra:1 Mem:12.17M (Peak 12.43M) | Time:00:00.00 | Mem:0.00M, Peak:0.00M | Scene, ViewLayer | Updating Scene
Fra:1 Mem:12.17M (Peak 12.43M) | Time:00:00.00 | Mem:0.00M, Peak:0.00M | Scene, ViewLayer | Updating Shaders
Fra:1 Mem:12.17M (Peak 12.43M) | Time:00:00.00 | Mem:0.00M, Peak:0.00M | Scene, ViewLayer | Loading render kernels (may take a few minutes the first time)
Fra:1 Mem:12.26M (Peak 12.43M) | Time:00:00.00 | Mem:0.00M, Peak:0.00M | Scene, ViewLayer | Updating Procedurals
Fra:1 Mem:12.26M (Peak 12.43M) | Time:00:00.00 | Mem:0.00M, Peak:0.00M | Scene, ViewLayer | Updating Background
Fra:1 Mem:12.26M (Peak 12.43M) | Time:00:00.00 | Mem:0.00M, Peak:0.00M | Scene, ViewLayer | Updating Camera
Fra:1 Mem:12.26M (Peak 12.43M) | Time:00:00.00 | Mem:0.00M, Peak:0.00M | Scene, ViewLayer | Updating Meshes Flags
Fra:1 Mem:12.26M (Peak 12.43M) | Time:00:00.00 | Mem:0.00M, Peak:0.00M | Scene, ViewLayer | Updating Objects
Fra:1 Mem:12.26M (Peak 12.43M) | Time:00:00.00 | Mem:0.00M, Peak:0.00M | Scene, ViewLayer | Updating Objects | Copying Transformations to device
Fra:1 Mem:12.26M (Peak 12.43M) | Time:00:00.00 | Mem:0.00M, Peak:0.00M | Scene, ViewLayer | Updating Particle Systems
Fra:1 Mem:12.26M (Peak 12.43M) | Time:00:00.00 | Mem:0.00M, Peak:0.00M | Scene, ViewLayer | Updating Particle Systems | Copying Particles to device
Fra:1 Mem:12.26M (Peak 12.43M) | Time:00:00.00 | Mem:0.00M, Peak:0.00M | Scene, ViewLayer | Updating Meshes
Fra:1 Mem:12.26M (Peak 12.43M) | Time:00:00.00 | Mem:0.00M, Peak:0.00M | Scene, ViewLayer | Updating Objects | Applying Static Transformations
Fra:1 Mem:12.26M (Peak 12.43M) | Time:00:00.00 | Mem:0.00M, Peak:0.00M | Scene, ViewLayer | Updating Mesh | Computing attributes
Fra:1 Mem:12.27M (Peak 12.43M) | Time:00:00.00 | Mem:0.00M, Peak:0.00M | Scene, ViewLayer | Updating Mesh | Copying Attributes to device
Fra:1 Mem:12.27M (Peak 12.43M) | Time:00:00.00 | Mem:0.02M, Peak:0.02M | Scene, ViewLayer | Updating Scene BVH | Building
Fra:1 Mem:12.27M (Peak 12.43M) | Time:00:00.00 | Mem:0.02M, Peak:0.02M | Scene, ViewLayer | Updating Scene BVH | Building BVH
Fra:1 Mem:12.27M (Peak 12.43M) | Time:00:00.00 | Mem:0.12M, Peak:0.12M | Scene, ViewLayer | Updating Scene BVH | Building BVH 0%
Fra:1 Mem:12.27M (Peak 12.43M) | Time:00:00.00 | Mem:0.23M, Peak:0.33M | Scene, ViewLayer | Updating Scene BVH | Copying BVH to device
Fra:1 Mem:12.27M (Peak 12.43M) | Time:00:00.00 | Mem:0.23M, Peak:0.33M | Scene, ViewLayer | Updating Mesh | Computing normals
Fra:1 Mem:12.36M (Peak 12.43M) | Time:00:00.00 | Mem:0.23M, Peak:0.33M | Scene, ViewLayer | Updating Mesh | Copying Mesh to device
Fra:1 Mem:12.36M (Peak 12.43M) | Time:00:00.00 | Mem:0.32M, Peak:0.33M | Scene, ViewLayer | Updating Objects Flags
Fra:1 Mem:12.36M (Peak 12.43M) | Time:00:00.00 | Mem:0.32M, Peak:0.33M | Scene, ViewLayer | Updating Primitive Offsets
Fra:1 Mem:12.36M (Peak 12.43M) | Time:00:00.00 | Mem:0.32M, Peak:0.33M | Scene, ViewLayer | Updating Images
Fra:1 Mem:12.36M (Peak 12.43M) | Time:00:00.00 | Mem:0.32M, Peak:0.33M | Scene, ViewLayer | Updating Camera Volume
Fra:1 Mem:12.36M (Peak 12.43M) | Time:00:00.00 | Mem:0.32M, Peak:0.33M | Scene, ViewLayer | Updating Lookup Tables
Fra:1 Mem:12.36M (Peak 12.43M) | Time:00:00.00 | Mem:0.40M, Peak:0.40M | Scene, ViewLayer | Updating Lights
Fra:1 Mem:12.36M (Peak 12.43M) | Time:00:00.00 | Mem:0.40M, Peak:0.40M | Scene, ViewLayer | Updating Lights | Computing tree
Fra:1 Mem:12.36M (Peak 12.43M) | Time:00:00.00 | Mem:0.40M, Peak:0.40M | Scene, ViewLayer | Updating Integrator
Fra:1 Mem:12.36M (Peak 12.43M) | Time:00:00.00 | Mem:0.40M, Peak:0.40M | Scene, ViewLayer | Updating Film
Fra:1 Mem:12.36M (Peak 12.43M) | Time:00:00.00 | Mem:0.32M, Peak:0.40M | Scene, ViewLayer | Updating Lookup Tables
Fra:1 Mem:12.36M (Peak 12.43M) | Time:00:00.00 | Mem:0.40M, Peak:0.40M | Scene, ViewLayer | Updating Baking
Fra:1 Mem:12.36M (Peak 12.43M) | Time:00:00.00 | Mem:0.40M, Peak:0.40M | Scene, ViewLayer | Updating Device | Writing constant memory
Fra:1 Mem:12.36M (Peak 12.43M) | Time:00:00.00 | Mem:0.40M, Peak:0.40M | Scene, ViewLayer | Sample 0/8
Fra:1 Mem:39.26M (Peak 39.26M) | Time:00:00.41 | Remaining:00:02.85 | Mem:27.28M, Peak:27.28M | Scene, ViewLayer | Sample 1/8
Fra:1 Mem:51.21M (Peak 75.10M) | Time:00:03.11 | Mem:27.28M, Peak:27.28M | Scene, ViewLayer | Sample 8/8
Fra:1 Mem:51.21M (Peak 75.10M) | Time:00:03.11 | Mem:27.28M, Peak:27.28M | Scene, ViewLayer | Finished
Saved: '/workspace/scratch/a29d03198654/Aether/cloud-evidence/cloudbank58l-form-v3-views-v1-views-20261002T232517Z-ys00xc39/outputs/04-k-fixed-near.png'
Time: 00:03.27 (Saving: 00:00.15)

L58_SOURCE_STAGE {"stage": "render.complete", "pid": 64, "elapsed_seconds": 5.945999873991241, "user_seconds": 9.09509, "system_seconds": 0.121822, "peak_rss_kib": 338748, "view": "04-k-fixed-near"}
L58_SOURCE_STAGE {"stage": "native_terminal", "pid": 64, "elapsed_seconds": 6.293353200991987, "user_seconds": 9.439773, "system_seconds": 0.121822, "peak_rss_kib": 338748, "passed": true, "state": "completed"}
