L58_SOURCE_STAGE {"stage": "native_entry", "pid": 7, "elapsed_seconds": 0.052241249999497086, "user_seconds": 0.382156, "system_seconds": 0.12659, "peak_rss_kib": 244840, "mode": "render", "views_stage": "views", "views_version": "cloudbank58l-form-v3-views-v1"}
L58_SOURCE_STAGE {"stage": "candidate_validation.begin", "pid": 7, "elapsed_seconds": 0.07468905099085532, "user_seconds": 0.40066799999999997, "system_seconds": 0.130419, "peak_rss_kib": 249192}
L58_SOURCE_STAGE {"stage": "candidate_validation.complete", "pid": 7, "elapsed_seconds": 1.224430656991899, "user_seconds": 1.545373, "system_seconds": 0.135013, "peak_rss_kib": 256872}
L58_SOURCE_STAGE {"stage": "fresh_open.begin", "pid": 7, "elapsed_seconds": 1.2248600609891582, "user_seconds": 1.545373, "system_seconds": 0.135452, "peak_rss_kib": 256872}
L58_SOURCE_STAGE {"stage": "fresh_open.complete", "pid": 7, "elapsed_seconds": 1.2334159419988282, "user_seconds": 1.551927, "system_seconds": 0.137409, "peak_rss_kib": 256872, "opened_filepath": "/workspace/scratch/a29d03198654/Aether/source-assets/cloud-bank58/revision-l/form-v3/cloud_bank58l_form_v3.blend"}
L58_SOURCE_STAGE {"stage": "render.begin", "pid": 7, "elapsed_seconds": 2.591449734987691, "user_seconds": 2.905152, "system_seconds": 0.144063, "peak_rss_kib": 273868, "view": "01-original61-front"}
Blender 4.5.14 LTS (hash 62c1db4208e8 built 2026-09-15 01:31:19)
Read blend: "/workspace/scratch/a29d03198654/Aether/source-assets/cloud-bank58/revision-l/form-v3/cloud_bank58l_form_v3.blend"
Fra:1 Mem:12.20M (Peak 12.20M) | Time:00:00.00 | Mem:0.00M, Peak:0.00M | Scene, ViewLayer | Synchronizing object | L58_EDITABLE_MASTER
Fra:1 Mem:12.20M (Peak 12.20M) | Time:00:00.00 | Mem:0.00M, Peak:0.00M | Scene, ViewLayer | Synchronizing object | L58_K_FIXED_SUN
Fra:1 Mem:12.43M (Peak 12.43M) | Time:00:00.00 | Mem:0.00M, Peak:0.00M | Scene, ViewLayer | Initializing
Fra:1 Mem:12.17M (Peak 12.43M) | Time:00:00.00 | Mem:0.00M, Peak:0.00M | Scene, ViewLayer | Waiting for render to start
Fra:1 Mem:12.17M (Peak 12.43M) | Time:00:00.00 | Mem:0.00M, Peak:0.00M | Scene, ViewLayer | Updating Scene
Fra:1 Mem:12.17M (Peak 12.43M) | Time:00:00.00 | Mem:0.00M, Peak:0.00M | Scene, ViewLayer | Updating Shaders
Fra:1 Mem:12.17M (Peak 12.43M) | Time:00:00.00 | Mem:0.00M, Peak:0.00M | Scene, ViewLayer | Loading render kernels (may take a few minutes the first time)
Fra:1 Mem:12.26M (Peak 12.43M) | Time:00:00.00 | Mem:0.00M, Peak:0.00M | Scene, ViewLayer | Updating Procedurals
Fra:1 Mem:12.26M (Peak 12.43M) | Time:00:00.00 | Mem:0.00M, Peak:0.00M | Scene, ViewLayer | Updating Background
Fra:1 Mem:12.26M (Peak 12.43M) | Time:00:00.00 | Mem:0.00M, Peak:0.00M | Scene, ViewLayer | Updating Camera
Fra:1 Mem:12.26M (Peak 12.43M) | Time:00:00.00 | Mem:0.00M, Peak:0.00M | Scene, ViewLayer | Updating Meshes Flags
Fra:1 Mem:12.26M (Peak 12.43M) | Time:00:00.00 | Mem:0.00M, Peak:0.00M | Scene, ViewLayer | Updating Objects
Fra:1 Mem:12.26M (Peak 12.43M) | Time:00:00.00 | Mem:0.00M, Peak:0.00M | Scene, ViewLayer | Updating Objects | Copying Transformations to device
Fra:1 Mem:12.26M (Peak 12.43M) | Time:00:00.00 | Mem:0.00M, Peak:0.00M | Scene, ViewLayer | Updating Particle Systems
Fra:1 Mem:12.26M (Peak 12.43M) | Time:00:00.00 | Mem:0.00M, Peak:0.00M | Scene, ViewLayer | Updating Particle Systems | Copying Particles to device
Fra:1 Mem:12.26M (Peak 12.43M) | Time:00:00.00 | Mem:0.00M, Peak:0.00M | Scene, ViewLayer | Updating Meshes
Fra:1 Mem:12.26M (Peak 12.43M) | Time:00:00.00 | Mem:0.00M, Peak:0.00M | Scene, ViewLayer | Updating Objects | Applying Static Transformations
Fra:1 Mem:12.26M (Peak 12.43M) | Time:00:00.00 | Mem:0.00M, Peak:0.00M | Scene, ViewLayer | Updating Mesh | Computing attributes
Fra:1 Mem:12.27M (Peak 12.43M) | Time:00:00.00 | Mem:0.00M, Peak:0.00M | Scene, ViewLayer | Updating Mesh | Copying Attributes to device
Fra:1 Mem:12.27M (Peak 12.43M) | Time:00:00.00 | Mem:0.02M, Peak:0.02M | Scene, ViewLayer | Updating Scene BVH | Building
Fra:1 Mem:12.27M (Peak 12.43M) | Time:00:00.00 | Mem:0.02M, Peak:0.02M | Scene, ViewLayer | Updating Scene BVH | Building BVH
Fra:1 Mem:12.27M (Peak 12.43M) | Time:00:00.00 | Mem:0.12M, Peak:0.12M | Scene, ViewLayer | Updating Scene BVH | Building BVH 0%
Fra:1 Mem:12.27M (Peak 12.43M) | Time:00:00.00 | Mem:0.23M, Peak:0.33M | Scene, ViewLayer | Updating Scene BVH | Copying BVH to device
Fra:1 Mem:12.27M (Peak 12.43M) | Time:00:00.00 | Mem:0.23M, Peak:0.33M | Scene, ViewLayer | Updating Mesh | Computing normals
Fra:1 Mem:12.36M (Peak 12.43M) | Time:00:00.00 | Mem:0.23M, Peak:0.33M | Scene, ViewLayer | Updating Mesh | Copying Mesh to device
Fra:1 Mem:12.36M (Peak 12.43M) | Time:00:00.00 | Mem:0.32M, Peak:0.33M | Scene, ViewLayer | Updating Objects Flags
Fra:1 Mem:12.36M (Peak 12.43M) | Time:00:00.00 | Mem:0.32M, Peak:0.33M | Scene, ViewLayer | Updating Primitive Offsets
Fra:1 Mem:12.36M (Peak 12.43M) | Time:00:00.00 | Mem:0.32M, Peak:0.33M | Scene, ViewLayer | Updating Images
Fra:1 Mem:12.36M (Peak 12.43M) | Time:00:00.00 | Mem:0.32M, Peak:0.33M | Scene, ViewLayer | Updating Camera Volume
Fra:1 Mem:12.36M (Peak 12.43M) | Time:00:00.00 | Mem:0.32M, Peak:0.33M | Scene, ViewLayer | Updating Lookup Tables
Fra:1 Mem:12.36M (Peak 12.43M) | Time:00:00.00 | Mem:0.40M, Peak:0.40M | Scene, ViewLayer | Updating Lights
Fra:1 Mem:12.36M (Peak 12.43M) | Time:00:00.00 | Mem:0.40M, Peak:0.40M | Scene, ViewLayer | Updating Lights | Computing tree
Fra:1 Mem:12.36M (Peak 12.43M) | Time:00:00.00 | Mem:0.40M, Peak:0.40M | Scene, ViewLayer | Updating Integrator
Fra:1 Mem:12.36M (Peak 12.43M) | Time:00:00.00 | Mem:0.40M, Peak:0.40M | Scene, ViewLayer | Updating Film
Fra:1 Mem:12.36M (Peak 12.43M) | Time:00:00.00 | Mem:0.32M, Peak:0.40M | Scene, ViewLayer | Updating Lookup Tables
Fra:1 Mem:12.36M (Peak 12.43M) | Time:00:00.00 | Mem:0.40M, Peak:0.40M | Scene, ViewLayer | Updating Baking
Fra:1 Mem:12.36M (Peak 12.43M) | Time:00:00.00 | Mem:0.40M, Peak:0.40M | Scene, ViewLayer | Updating Device | Writing constant memory
Fra:1 Mem:12.36M (Peak 12.43M) | Time:00:00.00 | Mem:0.40M, Peak:0.40M | Scene, ViewLayer | Sample 0/8
Fra:1 Mem:39.26M (Peak 39.26M) | Time:00:00.23 | Remaining:00:01.60 | Mem:27.28M, Peak:27.28M | Scene, ViewLayer | Sample 1/8
Fra:1 Mem:51.21M (Peak 75.10M) | Time:00:01.71 | Mem:27.28M, Peak:27.28M | Scene, ViewLayer | Sample 8/8
Fra:1 Mem:51.21M (Peak 75.10M) | Time:00:01.71 | Mem:27.28M, Peak:27.28M | Scene, ViewLayer | Finished
Saved: '/workspace/scratch/a29d03198654/Aether/cloud-evidence/cloudbank58l-form-v3-views-v1-views-20261002T232517Z-ys00xc39/outputs/01-original61-front.png'
Time: 00:01.87 (Saving: 00:00.15)

L58_SOURCE_STAGE {"stage": "render.complete", "pid": 7, "elapsed_seconds": 4.4654472439870005, "user_seconds": 6.297043, "system_seconds": 0.188638, "peak_rss_kib": 343188, "view": "01-original61-front"}
L58_SOURCE_STAGE {"stage": "native_terminal", "pid": 7, "elapsed_seconds": 4.816618758995901, "user_seconds": 6.645337, "system_seconds": 0.19258399999999998, "peak_rss_kib": 343188, "passed": true, "state": "completed"}
