{
  "status": "B source placement candidate; independent visual/native readback still required",
  "foot_contact_method": "Exact convex foot-polygon versus terrain-triangle intersection; extrema of plane differences occur at intersection vertices. Full footprint coverage checked per polygon. Pine actual base ring; rock/bush actual lower surfaces clipped at root plane.",
  "evaluation_bound_metres": 0.001,
  "rounding_seat_pad_metres": 0.002,
  "basis_preserved_for_all": true,
  "relocations": [
    {
      "node": "World/Vegetation/rock_-5_-5",
      "index": 4,
      "kind": "rock",
      "terrain_height": 77.2038068411655,
      "terrain_triangle": 2079,
      "terrain_slope_degrees": 13.176974242537563,
      "seat_depth_from_root_point": 0.8116532464039541,
      "horizontal_move": [
        2.0,
        -4.0
      ],
      "horizontal_distance": 4.47213595499958,
      "max_extra_seat_allowed_by_model": 2.2188000669797248,
      "max_burial_allowed_by_model": 4.179600106859205,
      "above_terrain_area_relative_to_original": 0.7671897394849904,
      "top_clearance_relative_to_original": 0.8780620107225371
    },
    {
      "node": "World/Vegetation/rock_-5_-5",
      "index": 7,
      "kind": "rock",
      "terrain_height": 5.181186557784031,
      "terrain_triangle": 1865,
      "terrain_slope_degrees": 19.663838655254718,
      "seat_depth_from_root_point": 1.2446725915394172,
      "horizontal_move": [
        -8.0,
        28.0
      ],
      "horizontal_distance": 29.120439557122072,
      "max_extra_seat_allowed_by_model": 2.008100121879579,
      "max_burial_allowed_by_model": 3.7827002121090914,
      "above_terrain_area_relative_to_original": 0.750472170572466,
      "top_clearance_relative_to_original": 0.7933917763196772
    },
    {
      "node": "World/Vegetation/oak_-5_-5_CoastalPines36b",
      "index": 6,
      "kind": "pine",
      "terrain_height": 10.643460353765647,
      "terrain_triangle": 1863,
      "terrain_slope_degrees": 33.045824337408014,
      "seat_depth_from_root_point": 0.18175119063072498,
      "horizontal_move": [
        2.0,
        16.0
      ],
      "horizontal_distance": 16.1245154965971,
      "max_extra_seat_allowed_by_model": 0.5704768857356335,
      "max_burial_allowed_by_model": 0.5704768857356335,
      "above_terrain_area_relative_to_original": 0.9540737419740399,
      "top_clearance_relative_to_original": 0.9788819940014057
    },
    {
      "node": "World/Vegetation/oak_-5_-5_CoastalPines36b",
      "index": 33,
      "kind": "pine",
      "terrain_height": 3.0315835301805123,
      "terrain_triangle": 1865,
      "terrain_slope_degrees": 19.663838655254718,
      "seat_depth_from_root_point": 0.10136956824131471,
      "horizontal_move": [
        0.0,
        -2.0
      ],
      "horizontal_distance": 2.0,
      "max_extra_seat_allowed_by_model": 0.6430989459151917,
      "max_burial_allowed_by_model": 0.6430989459151917,
      "above_terrain_area_relative_to_original": 1.0676991449961089,
      "top_clearance_relative_to_original": 0.9895514779885594
    },
    {
      "node": "World/Vegetation/oak_-5_-5_CoastalPines36b",
      "index": 37,
      "kind": "pine",
      "terrain_height": 49.662367696127376,
      "terrain_triangle": 1582,
      "terrain_slope_degrees": 35.4920408874519,
      "seat_depth_from_root_point": 0.18689157847716342,
      "horizontal_move": [
        -8.0,
        -14.0
      ],
      "horizontal_distance": 16.1245154965971,
      "max_extra_seat_allowed_by_model": 0.5109792810681526,
      "max_burial_allowed_by_model": 0.5109792810681526,
      "above_terrain_area_relative_to_original": 0.9602099606632649,
      "top_clearance_relative_to_original": 0.9757556318393868
    },
    {
      "node": "World/Vegetation/oak_-5_-5_CoastalPines36b",
      "index": 44,
      "kind": "pine",
      "terrain_height": 60.82326224820963,
      "terrain_triangle": 2181,
      "terrain_slope_degrees": 39.05374862055815,
      "seat_depth_from_root_point": 0.23825527762737875,
      "horizontal_move": [
        10.0,
        0.0
      ],
      "horizontal_distance": 10.0,
      "max_extra_seat_allowed_by_model": 0.6159750294686717,
      "max_burial_allowed_by_model": 0.6159750294686717,
      "above_terrain_area_relative_to_original": 0.9588877604791741,
      "top_clearance_relative_to_original": 0.9743611194496745
    },
    {
      "node": "World/Vegetation/poplar_-5_-5_CoastalPines36b",
      "index": 4,
      "kind": "pine",
      "terrain_height": 15.597231894357492,
      "terrain_triangle": 1529,
      "terrain_slope_degrees": 36.482605313596245,
      "seat_depth_from_root_point": 0.18480195790498866,
      "horizontal_move": [
        0.0,
        12.0
      ],
      "horizontal_distance": 12.0,
      "max_extra_seat_allowed_by_model": 0.5039795506009312,
      "max_burial_allowed_by_model": 0.5039795506009312,
      "above_terrain_area_relative_to_original": 0.9516040319063865,
      "top_clearance_relative_to_original": 0.9756939172913152
    }
  ],
  "count": 60,
  "affected_count": 40,
  "max_final_air_gap_on_affected": 0,
  "unchanged_original_foot_conditions_retained": true,
  "limits": "Continuous lower-foot contact, not full rigid-body stability or runtime collision. Model-based burial limits prevent solving gaps by hiding most of an object. Existing unaffected placements preserve baseline defects."
}
