Blender 4.5.14 LTS (hash 62c1db4208e8 built 2026-09-15 01:31:19)
Read blend: "/workspace/scratch/a29d03198654/Aether/source-assets/coast57/revision-b/Ground_-5_-5_coast57b.blend"
Fra:1 Mem:14.46M (Peak 14.46M) | Time:00:00.00 | Mem:0.00M, Peak:0.00M | Scene, ViewLayer | Synchronizing object | Ground_-5_-5_COAST57B
Fra:1 Mem:16.48M (Peak 16.48M) | Time:00:00.00 | Mem:0.00M, Peak:0.00M | Scene, ViewLayer | Synchronizing object | PREVIEW_ONLY Sun
Fra:1 Mem:16.48M (Peak 16.48M) | Time:00:00.00 | Mem:0.00M, Peak:0.00M | Scene, ViewLayer | Synchronizing object | Candidate_oak_-5_-5_CoastalPines36b_1
Fra:1 Mem:18.14M (Peak 18.14M) | Time:00:00.00 | Mem:0.00M, Peak:0.00M | Scene, ViewLayer | Synchronizing object | Candidate_rock_-5_-5_0
Fra:1 Mem:18.17M (Peak 18.17M) | Time:00:00.00 | Mem:0.00M, Peak:0.00M | Scene, ViewLayer | Synchronizing object | Candidate_bush_-5_-5_0
Fra:1 Mem:18.18M (Peak 18.18M) | Time:00:00.00 | Mem:0.00M, Peak:0.00M | Scene, ViewLayer | Synchronizing object | PREVIEW_ONLY_sea_level_0
Fra:1 Mem:17.18M (Peak 18.18M) | Time:00:00.01 | Mem:0.00M, Peak:0.00M | Scene, ViewLayer | Initializing
Fra:1 Mem:15.56M (Peak 18.18M) | Time:00:00.01 | Mem:0.00M, Peak:0.00M | Scene, ViewLayer | Waiting for render to start
Fra:1 Mem:15.56M (Peak 18.18M) | Time:00:00.01 | Mem:0.00M, Peak:0.00M | Scene, ViewLayer | Updating Scene
Fra:1 Mem:15.56M (Peak 18.18M) | Time:00:00.01 | Mem:0.00M, Peak:0.00M | Scene, ViewLayer | Updating Shaders
Fra:1 Mem:15.56M (Peak 18.18M) | Time:00:00.01 | Mem:0.00M, Peak:0.00M | Scene, ViewLayer | Loading render kernels (may take a few minutes the first time)
Fra:1 Mem:15.65M (Peak 18.18M) | Time:00:00.01 | Mem:0.00M, Peak:0.00M | Scene, ViewLayer | Updating Procedurals
Fra:1 Mem:15.65M (Peak 18.18M) | Time:00:00.01 | Mem:0.00M, Peak:0.00M | Scene, ViewLayer | Updating Background
Fra:1 Mem:15.65M (Peak 18.18M) | Time:00:00.01 | Mem:0.00M, Peak:0.00M | Scene, ViewLayer | Updating Camera
Fra:1 Mem:15.65M (Peak 18.18M) | Time:00:00.01 | Mem:0.00M, Peak:0.00M | Scene, ViewLayer | Updating Meshes Flags
Fra:1 Mem:15.65M (Peak 18.18M) | Time:00:00.01 | Mem:0.00M, Peak:0.00M | Scene, ViewLayer | Updating Objects
Fra:1 Mem:15.65M (Peak 18.18M) | Time:00:00.01 | Mem:0.00M, Peak:0.00M | Scene, ViewLayer | Updating Objects | Copying Transformations to device
Fra:1 Mem:15.66M (Peak 18.18M) | Time:00:00.01 | Mem:0.02M, Peak:0.02M | Scene, ViewLayer | Updating Particle Systems
Fra:1 Mem:15.66M (Peak 18.18M) | Time:00:00.01 | Mem:0.02M, Peak:0.02M | Scene, ViewLayer | Updating Particle Systems | Copying Particles to device
Fra:1 Mem:15.66M (Peak 18.18M) | Time:00:00.01 | Mem:0.02M, Peak:0.02M | Scene, ViewLayer | Updating Meshes
Fra:1 Mem:15.66M (Peak 18.18M) | Time:00:00.01 | Mem:0.02M, Peak:0.02M | Scene, ViewLayer | Updating Objects | Applying Static Transformations
Fra:1 Mem:15.66M (Peak 18.18M) | Time:00:00.01 | Mem:0.02M, Peak:0.02M | Scene, ViewLayer | Updating Mesh | Computing attributes
Fra:1 Mem:15.91M (Peak 18.18M) | Time:00:00.01 | Mem:0.02M, Peak:0.02M | Scene, ViewLayer | Updating Mesh | Copying Attributes to device
Fra:1 Mem:15.90M (Peak 18.18M) | Time:00:00.01 | Mem:0.26M, Peak:0.26M | Scene, ViewLayer | Updating Geometry BVH oak_-5_-5_CoastalPines36b_native_mesh 4/3 | Building BVH
Fra:1 Mem:15.90M (Peak 18.18M) | Time:00:00.01 | Mem:0.26M, Peak:0.26M | Scene, ViewLayer | Updating Geometry BVH bush_-5_-5_native_mesh 2/3 | Building BVH
Fra:1 Mem:15.90M (Peak 18.18M) | Time:00:00.01 | Mem:0.26M, Peak:0.26M | Scene, ViewLayer | Updating Geometry BVH bush_-5_-5_native_mesh 2/3 | Building BVH 0%
Fra:1 Mem:15.90M (Peak 18.18M) | Time:00:00.01 | Mem:0.27M, Peak:0.27M | Scene, ViewLayer | Updating Geometry BVH rock_-5_-5_native_mesh 3/3 | Building BVH
Fra:1 Mem:15.90M (Peak 18.18M) | Time:00:00.01 | Mem:0.27M, Peak:0.28M | Scene, ViewLayer | Updating Scene BVH | Building
Fra:1 Mem:15.90M (Peak 18.18M) | Time:00:00.01 | Mem:0.27M, Peak:0.28M | Scene, ViewLayer | Updating Scene BVH | Building BVH
Fra:1 Mem:15.90M (Peak 18.18M) | Time:00:00.01 | Mem:0.49M, Peak:0.58M | Scene, ViewLayer | Updating Scene BVH | Copying BVH to device
Fra:1 Mem:15.90M (Peak 18.18M) | Time:00:00.01 | Mem:0.49M, Peak:0.58M | Scene, ViewLayer | Updating Mesh | Computing normals
Fra:1 Mem:16.16M (Peak 18.18M) | Time:00:00.01 | Mem:0.49M, Peak:0.58M | Scene, ViewLayer | Updating Mesh | Copying Mesh to device
Fra:1 Mem:16.16M (Peak 18.18M) | Time:00:00.01 | Mem:0.74M, Peak:0.74M | Scene, ViewLayer | Updating Objects Flags
Fra:1 Mem:16.16M (Peak 18.18M) | Time:00:00.01 | Mem:0.74M, Peak:0.74M | Scene, ViewLayer | Updating Primitive Offsets
Fra:1 Mem:16.16M (Peak 18.18M) | Time:00:00.01 | Mem:0.74M, Peak:0.74M | Scene, ViewLayer | Updating Images
Fra:1 Mem:16.16M (Peak 18.18M) | Time:00:00.01 | Mem:0.74M, Peak:0.74M | Scene, ViewLayer | Updating Camera Volume
Fra:1 Mem:16.16M (Peak 18.18M) | Time:00:00.01 | Mem:0.74M, Peak:0.74M | Scene, ViewLayer | Updating Lookup Tables
Fra:1 Mem:16.16M (Peak 18.18M) | Time:00:00.01 | Mem:0.82M, Peak:0.82M | Scene, ViewLayer | Updating Lights
Fra:1 Mem:16.16M (Peak 18.18M) | Time:00:00.01 | Mem:0.82M, Peak:0.82M | Scene, ViewLayer | Updating Lights | Computing tree
Fra:1 Mem:16.16M (Peak 18.18M) | Time:00:00.01 | Mem:0.82M, Peak:0.82M | Scene, ViewLayer | Updating Integrator
Fra:1 Mem:16.16M (Peak 18.18M) | Time:00:00.01 | Mem:0.82M, Peak:0.82M | Scene, ViewLayer | Updating Film
Fra:1 Mem:16.16M (Peak 18.18M) | Time:00:00.01 | Mem:0.74M, Peak:0.82M | Scene, ViewLayer | Updating Lookup Tables
Fra:1 Mem:16.16M (Peak 18.18M) | Time:00:00.01 | Mem:0.83M, Peak:0.83M | Scene, ViewLayer | Updating Baking
Fra:1 Mem:16.16M (Peak 18.18M) | Time:00:00.01 | Mem:0.83M, Peak:0.83M | Scene, ViewLayer | Updating Device | Writing constant memory
Fra:1 Mem:16.16M (Peak 18.18M) | Time:00:00.01 | Mem:0.83M, Peak:0.83M | Scene, ViewLayer | Loading denoising kernels (may take a few minutes the first time)
Fra:1 Mem:16.16M (Peak 18.18M) | Time:00:00.01 | Mem:0.83M, Peak:0.83M | Scene, ViewLayer | Sample 0/16
Fra:1 Mem:61.85M (Peak 61.85M) | Time:00:00.67 | Remaining:00:09.87 | Mem:46.49M, Peak:46.49M | Scene, ViewLayer | Sample 1/16
Fra:1 Mem:81.08M (Peak 109.92M) | Time:00:15.74 | Mem:46.49M, Peak:46.49M | Scene, ViewLayer | Sample 16/16
Fra:1 Mem:81.08M (Peak 109.92M) | Time:00:15.74 | Mem:46.49M, Peak:46.49M | Scene, ViewLayer | Finished
Saved: '/workspace/scratch/a29d03198654/Aether/source-assets/coast57/revision-b/previews/candidate_sea_south.png'
Time: 00:15.87 (Saving: 00:00.12)

Fra:1 Mem:16.57M (Peak 16.57M) | Time:00:00.00 | Mem:0.00M, Peak:0.00M | Scene, ViewLayer | Synchronizing object | Ground_-5_-5_AUTHORITY
Fra:1 Mem:16.69M (Peak 16.69M) | Time:00:00.00 | Mem:0.00M, Peak:0.00M | Scene, ViewLayer | Synchronizing object | PREVIEW_ONLY Sun
Fra:1 Mem:16.69M (Peak 16.69M) | Time:00:00.00 | Mem:0.00M, Peak:0.00M | Scene, ViewLayer | Synchronizing object | Original_oak_-5_-5_CoastalPines36b_1
Fra:1 Mem:18.25M (Peak 18.25M) | Time:00:00.00 | Mem:0.00M, Peak:0.00M | Scene, ViewLayer | Synchronizing object | Original_rock_-5_-5_0
Fra:1 Mem:18.27M (Peak 18.27M) | Time:00:00.00 | Mem:0.00M, Peak:0.00M | Scene, ViewLayer | Synchronizing object | Original_bush_-5_-5_0
Fra:1 Mem:18.28M (Peak 18.28M) | Time:00:00.00 | Mem:0.00M, Peak:0.00M | Scene, ViewLayer | Synchronizing object | PREVIEW_ONLY_sea_level_0
Fra:1 Mem:17.29M (Peak 18.28M) | Time:00:00.00 | Mem:0.00M, Peak:0.00M | Scene, ViewLayer | Initializing
Fra:1 Mem:15.67M (Peak 18.28M) | Time:00:00.00 | Mem:0.00M, Peak:0.00M | Scene, ViewLayer | Waiting for render to start
Fra:1 Mem:15.67M (Peak 18.28M) | Time:00:00.00 | Mem:0.00M, Peak:0.00M | Scene, ViewLayer | Updating Scene
Fra:1 Mem:15.67M (Peak 18.28M) | Time:00:00.00 | Mem:0.00M, Peak:0.00M | Scene, ViewLayer | Updating Shaders
Fra:1 Mem:15.67M (Peak 18.28M) | Time:00:00.00 | Mem:0.00M, Peak:0.00M | Scene, ViewLayer | Loading render kernels (may take a few minutes the first time)
Fra:1 Mem:15.76M (Peak 18.28M) | Time:00:00.00 | Mem:0.00M, Peak:0.00M | Scene, ViewLayer | Updating Procedurals
Fra:1 Mem:15.76M (Peak 18.28M) | Time:00:00.00 | Mem:0.00M, Peak:0.00M | Scene, ViewLayer | Updating Background
Fra:1 Mem:15.76M (Peak 18.28M) | Time:00:00.00 | Mem:0.00M, Peak:0.00M | Scene, ViewLayer | Updating Camera
Fra:1 Mem:15.76M (Peak 18.28M) | Time:00:00.00 | Mem:0.00M, Peak:0.00M | Scene, ViewLayer | Updating Meshes Flags
Fra:1 Mem:15.76M (Peak 18.28M) | Time:00:00.00 | Mem:0.00M, Peak:0.00M | Scene, ViewLayer | Updating Objects
Fra:1 Mem:15.76M (Peak 18.28M) | Time:00:00.00 | Mem:0.00M, Peak:0.00M | Scene, ViewLayer | Updating Objects | Copying Transformations to device
Fra:1 Mem:15.77M (Peak 18.28M) | Time:00:00.00 | Mem:0.02M, Peak:0.02M | Scene, ViewLayer | Updating Particle Systems
Fra:1 Mem:15.77M (Peak 18.28M) | Time:00:00.00 | Mem:0.02M, Peak:0.02M | Scene, ViewLayer | Updating Particle Systems | Copying Particles to device
Fra:1 Mem:15.77M (Peak 18.28M) | Time:00:00.00 | Mem:0.02M, Peak:0.02M | Scene, ViewLayer | Updating Meshes
Fra:1 Mem:15.77M (Peak 18.28M) | Time:00:00.00 | Mem:0.02M, Peak:0.02M | Scene, ViewLayer | Updating Objects | Applying Static Transformations
Fra:1 Mem:15.77M (Peak 18.28M) | Time:00:00.00 | Mem:0.02M, Peak:0.02M | Scene, ViewLayer | Updating Mesh | Computing attributes
Fra:1 Mem:16.02M (Peak 18.28M) | Time:00:00.00 | Mem:0.02M, Peak:0.02M | Scene, ViewLayer | Updating Mesh | Copying Attributes to device
Fra:1 Mem:16.01M (Peak 18.28M) | Time:00:00.00 | Mem:0.26M, Peak:0.26M | Scene, ViewLayer | Updating Geometry BVH oak_-5_-5_CoastalPines36b_native_mesh 4/3 | Building BVH
Fra:1 Mem:16.01M (Peak 18.28M) | Time:00:00.00 | Mem:0.26M, Peak:0.26M | Scene, ViewLayer | Updating Geometry BVH bush_-5_-5_native_mesh 2/3 | Building BVH
Fra:1 Mem:16.01M (Peak 18.28M) | Time:00:00.00 | Mem:0.26M, Peak:0.26M | Scene, ViewLayer | Updating Geometry BVH bush_-5_-5_native_mesh 2/3 | Building BVH 0%
Fra:1 Mem:16.01M (Peak 18.28M) | Time:00:00.00 | Mem:0.27M, Peak:0.27M | Scene, ViewLayer | Updating Geometry BVH rock_-5_-5_native_mesh 3/3 | Building BVH
Fra:1 Mem:16.01M (Peak 18.28M) | Time:00:00.00 | Mem:0.27M, Peak:0.28M | Scene, ViewLayer | Updating Scene BVH | Building
Fra:1 Mem:16.01M (Peak 18.28M) | Time:00:00.00 | Mem:0.27M, Peak:0.28M | Scene, ViewLayer | Updating Scene BVH | Building BVH
Fra:1 Mem:16.01M (Peak 18.28M) | Time:00:00.00 | Mem:0.49M, Peak:0.58M | Scene, ViewLayer | Updating Scene BVH | Copying BVH to device
Fra:1 Mem:16.01M (Peak 18.28M) | Time:00:00.00 | Mem:0.49M, Peak:0.58M | Scene, ViewLayer | Updating Mesh | Computing normals
Fra:1 Mem:16.26M (Peak 18.28M) | Time:00:00.00 | Mem:0.49M, Peak:0.58M | Scene, ViewLayer | Updating Mesh | Copying Mesh to device
Fra:1 Mem:16.26M (Peak 18.28M) | Time:00:00.00 | Mem:0.74M, Peak:0.74M | Scene, ViewLayer | Updating Objects Flags
Fra:1 Mem:16.26M (Peak 18.28M) | Time:00:00.00 | Mem:0.74M, Peak:0.74M | Scene, ViewLayer | Updating Primitive Offsets
Fra:1 Mem:16.26M (Peak 18.28M) | Time:00:00.00 | Mem:0.74M, Peak:0.74M | Scene, ViewLayer | Updating Images
Fra:1 Mem:16.26M (Peak 18.28M) | Time:00:00.00 | Mem:0.74M, Peak:0.74M | Scene, ViewLayer | Updating Camera Volume
Fra:1 Mem:16.26M (Peak 18.28M) | Time:00:00.00 | Mem:0.74M, Peak:0.74M | Scene, ViewLayer | Updating Lookup Tables
Fra:1 Mem:16.26M (Peak 18.28M) | Time:00:00.00 | Mem:0.82M, Peak:0.82M | Scene, ViewLayer | Updating Lights
Fra:1 Mem:16.26M (Peak 18.28M) | Time:00:00.00 | Mem:0.82M, Peak:0.82M | Scene, ViewLayer | Updating Lights | Computing tree
Fra:1 Mem:16.27M (Peak 18.28M) | Time:00:00.00 | Mem:0.82M, Peak:0.82M | Scene, ViewLayer | Updating Integrator
Fra:1 Mem:16.27M (Peak 18.28M) | Time:00:00.00 | Mem:0.82M, Peak:0.82M | Scene, ViewLayer | Updating Film
Fra:1 Mem:16.27M (Peak 18.28M) | Time:00:00.00 | Mem:0.74M, Peak:0.82M | Scene, ViewLayer | Updating Lookup Tables
Fra:1 Mem:16.27M (Peak 18.28M) | Time:00:00.00 | Mem:0.83M, Peak:0.83M | Scene, ViewLayer | Updating Baking
Fra:1 Mem:16.27M (Peak 18.28M) | Time:00:00.00 | Mem:0.83M, Peak:0.83M | Scene, ViewLayer | Updating Device | Writing constant memory
Fra:1 Mem:16.27M (Peak 18.28M) | Time:00:00.00 | Mem:0.83M, Peak:0.83M | Scene, ViewLayer | Loading denoising kernels (may take a few minutes the first time)
Fra:1 Mem:16.27M (Peak 18.28M) | Time:00:00.00 | Mem:0.83M, Peak:0.83M | Scene, ViewLayer | Sample 0/16
Fra:1 Mem:61.96M (Peak 61.96M) | Time:00:00.59 | Remaining:00:08.75 | Mem:46.49M, Peak:46.49M | Scene, ViewLayer | Sample 1/16
Fra:1 Mem:81.19M (Peak 110.03M) | Time:00:15.83 | Mem:46.49M, Peak:46.49M | Scene, ViewLayer | Sample 16/16
Fra:1 Mem:81.19M (Peak 110.03M) | Time:00:15.83 | Mem:46.49M, Peak:46.49M | Scene, ViewLayer | Finished
Saved: '/workspace/scratch/a29d03198654/Aether/source-assets/coast57/revision-b/previews/original_sea_south.png'
Time: 00:15.90 (Saving: 00:00.06)

Fra:1 Mem:16.68M (Peak 16.68M) | Time:00:00.00 | Mem:0.00M, Peak:0.00M | Scene, ViewLayer | Synchronizing object | Ground_-5_-5_COAST57B
Fra:1 Mem:18.26M (Peak 18.26M) | Time:00:00.00 | Mem:0.00M, Peak:0.00M | Scene, ViewLayer | Synchronizing object | PREVIEW_ONLY Sun
Fra:1 Mem:18.27M (Peak 18.27M) | Time:00:00.00 | Mem:0.00M, Peak:0.00M | Scene, ViewLayer | Synchronizing object | Candidate_oak_-5_-5_CoastalPines36b_1
Fra:1 Mem:18.28M (Peak 18.28M) | Time:00:00.00 | Mem:0.00M, Peak:0.00M | Scene, ViewLayer | Synchronizing object | Candidate_rock_-5_-5_0
Fra:1 Mem:18.29M (Peak 18.29M) | Time:00:00.00 | Mem:0.00M, Peak:0.00M | Scene, ViewLayer | Synchronizing object | Candidate_bush_-5_-5_0
Fra:1 Mem:18.29M (Peak 18.29M) | Time:00:00.00 | Mem:0.00M, Peak:0.00M | Scene, ViewLayer | Synchronizing object | PREVIEW_ONLY_sea_level_0
Fra:1 Mem:17.29M (Peak 18.29M) | Time:00:00.00 | Mem:0.00M, Peak:0.00M | Scene, ViewLayer | Initializing
Fra:1 Mem:15.67M (Peak 18.29M) | Time:00:00.00 | Mem:0.00M, Peak:0.00M | Scene, ViewLayer | Waiting for render to start
Fra:1 Mem:15.67M (Peak 18.29M) | Time:00:00.00 | Mem:0.00M, Peak:0.00M | Scene, ViewLayer | Updating Scene
Fra:1 Mem:15.67M (Peak 18.29M) | Time:00:00.00 | Mem:0.00M, Peak:0.00M | Scene, ViewLayer | Updating Shaders
Fra:1 Mem:15.67M (Peak 18.29M) | Time:00:00.00 | Mem:0.00M, Peak:0.00M | Scene, ViewLayer | Loading render kernels (may take a few minutes the first time)
Fra:1 Mem:15.76M (Peak 18.29M) | Time:00:00.00 | Mem:0.00M, Peak:0.00M | Scene, ViewLayer | Updating Procedurals
Fra:1 Mem:15.76M (Peak 18.29M) | Time:00:00.00 | Mem:0.00M, Peak:0.00M | Scene, ViewLayer | Updating Background
Fra:1 Mem:15.76M (Peak 18.29M) | Time:00:00.00 | Mem:0.00M, Peak:0.00M | Scene, ViewLayer | Updating Camera
Fra:1 Mem:15.76M (Peak 18.29M) | Time:00:00.00 | Mem:0.00M, Peak:0.00M | Scene, ViewLayer | Updating Meshes Flags
Fra:1 Mem:15.76M (Peak 18.29M) | Time:00:00.00 | Mem:0.00M, Peak:0.00M | Scene, ViewLayer | Updating Objects
Fra:1 Mem:15.76M (Peak 18.29M) | Time:00:00.00 | Mem:0.00M, Peak:0.00M | Scene, ViewLayer | Updating Objects | Copying Transformations to device
Fra:1 Mem:15.77M (Peak 18.29M) | Time:00:00.00 | Mem:0.02M, Peak:0.02M | Scene, ViewLayer | Updating Particle Systems
Fra:1 Mem:15.77M (Peak 18.29M) | Time:00:00.00 | Mem:0.02M, Peak:0.02M | Scene, ViewLayer | Updating Particle Systems | Copying Particles to device
Fra:1 Mem:15.77M (Peak 18.29M) | Time:00:00.00 | Mem:0.02M, Peak:0.02M | Scene, ViewLayer | Updating Meshes
Fra:1 Mem:15.77M (Peak 18.29M) | Time:00:00.00 | Mem:0.02M, Peak:0.02M | Scene, ViewLayer | Updating Objects | Applying Static Transformations
Fra:1 Mem:15.77M (Peak 18.29M) | Time:00:00.00 | Mem:0.02M, Peak:0.02M | Scene, ViewLayer | Updating Mesh | Computing attributes
Fra:1 Mem:16.02M (Peak 18.29M) | Time:00:00.00 | Mem:0.02M, Peak:0.02M | Scene, ViewLayer | Updating Mesh | Copying Attributes to device
Fra:1 Mem:16.01M (Peak 18.29M) | Time:00:00.00 | Mem:0.26M, Peak:0.26M | Scene, ViewLayer | Updating Geometry BVH oak_-5_-5_CoastalPines36b_native_mesh 4/3 | Building BVH
Fra:1 Mem:16.01M (Peak 18.29M) | Time:00:00.00 | Mem:0.26M, Peak:0.26M | Scene, ViewLayer | Updating Geometry BVH bush_-5_-5_native_mesh 2/3 | Building BVH
Fra:1 Mem:16.01M (Peak 18.29M) | Time:00:00.00 | Mem:0.26M, Peak:0.26M | Scene, ViewLayer | Updating Geometry BVH bush_-5_-5_native_mesh 2/3 | Building BVH 0%
Fra:1 Mem:16.01M (Peak 18.29M) | Time:00:00.00 | Mem:0.27M, Peak:0.27M | Scene, ViewLayer | Updating Geometry BVH rock_-5_-5_native_mesh 3/3 | Building BVH
Fra:1 Mem:16.01M (Peak 18.29M) | Time:00:00.00 | Mem:0.27M, Peak:0.28M | Scene, ViewLayer | Updating Scene BVH | Building
Fra:1 Mem:16.01M (Peak 18.29M) | Time:00:00.00 | Mem:0.27M, Peak:0.28M | Scene, ViewLayer | Updating Scene BVH | Building BVH
Fra:1 Mem:16.01M (Peak 18.29M) | Time:00:00.00 | Mem:0.49M, Peak:0.58M | Scene, ViewLayer | Updating Scene BVH | Copying BVH to device
Fra:1 Mem:16.01M (Peak 18.29M) | Time:00:00.00 | Mem:0.49M, Peak:0.58M | Scene, ViewLayer | Updating Mesh | Computing normals
Fra:1 Mem:16.26M (Peak 18.29M) | Time:00:00.00 | Mem:0.49M, Peak:0.58M | Scene, ViewLayer | Updating Mesh | Copying Mesh to device
Fra:1 Mem:16.26M (Peak 18.29M) | Time:00:00.00 | Mem:0.74M, Peak:0.74M | Scene, ViewLayer | Updating Objects Flags
Fra:1 Mem:16.26M (Peak 18.29M) | Time:00:00.00 | Mem:0.74M, Peak:0.74M | Scene, ViewLayer | Updating Primitive Offsets
Fra:1 Mem:16.26M (Peak 18.29M) | Time:00:00.00 | Mem:0.74M, Peak:0.74M | Scene, ViewLayer | Updating Images
Fra:1 Mem:16.26M (Peak 18.29M) | Time:00:00.00 | Mem:0.74M, Peak:0.74M | Scene, ViewLayer | Updating Camera Volume
Fra:1 Mem:16.26M (Peak 18.29M) | Time:00:00.00 | Mem:0.74M, Peak:0.74M | Scene, ViewLayer | Updating Lookup Tables
Fra:1 Mem:16.26M (Peak 18.29M) | Time:00:00.00 | Mem:0.82M, Peak:0.82M | Scene, ViewLayer | Updating Lights
Fra:1 Mem:16.26M (Peak 18.29M) | Time:00:00.00 | Mem:0.82M, Peak:0.82M | Scene, ViewLayer | Updating Lights | Computing tree
Fra:1 Mem:16.27M (Peak 18.29M) | Time:00:00.00 | Mem:0.82M, Peak:0.82M | Scene, ViewLayer | Updating Integrator
Fra:1 Mem:16.27M (Peak 18.29M) | Time:00:00.00 | Mem:0.82M, Peak:0.82M | Scene, ViewLayer | Updating Film
Fra:1 Mem:16.27M (Peak 18.29M) | Time:00:00.00 | Mem:0.74M, Peak:0.82M | Scene, ViewLayer | Updating Lookup Tables
Fra:1 Mem:16.27M (Peak 18.29M) | Time:00:00.00 | Mem:0.83M, Peak:0.83M | Scene, ViewLayer | Updating Baking
Fra:1 Mem:16.27M (Peak 18.29M) | Time:00:00.00 | Mem:0.83M, Peak:0.83M | Scene, ViewLayer | Updating Device | Writing constant memory
Fra:1 Mem:16.27M (Peak 18.29M) | Time:00:00.00 | Mem:0.83M, Peak:0.83M | Scene, ViewLayer | Loading denoising kernels (may take a few minutes the first time)
Fra:1 Mem:16.27M (Peak 18.29M) | Time:00:00.00 | Mem:0.83M, Peak:0.83M | Scene, ViewLayer | Sample 0/16
Fra:1 Mem:61.96M (Peak 61.96M) | Time:00:00.54 | Remaining:00:08.08 | Mem:46.49M, Peak:46.49M | Scene, ViewLayer | Sample 1/16
Fra:1 Mem:81.19M (Peak 110.03M) | Time:00:15.26 | Mem:46.49M, Peak:46.49M | Scene, ViewLayer | Sample 16/16
Fra:1 Mem:81.19M (Peak 110.03M) | Time:00:15.26 | Mem:46.49M, Peak:46.49M | Scene, ViewLayer | Finished
Saved: '/workspace/scratch/a29d03198654/Aether/source-assets/coast57/revision-b/previews/candidate_sea_north.png'
Time: 00:15.34 (Saving: 00:00.07)

Fra:1 Mem:16.68M (Peak 16.68M) | Time:00:00.00 | Mem:0.00M, Peak:0.00M | Scene, ViewLayer | Synchronizing object | Ground_-5_-5_COAST57B
Fra:1 Mem:18.26M (Peak 18.26M) | Time:00:00.00 | Mem:0.00M, Peak:0.00M | Scene, ViewLayer | Synchronizing object | PREVIEW_ONLY Sun
Fra:1 Mem:18.26M (Peak 18.26M) | Time:00:00.00 | Mem:0.00M, Peak:0.00M | Scene, ViewLayer | Synchronizing object | Candidate_oak_-5_-5_CoastalPines36b_1
Fra:1 Mem:18.28M (Peak 18.28M) | Time:00:00.00 | Mem:0.00M, Peak:0.00M | Scene, ViewLayer | Synchronizing object | Candidate_rock_-5_-5_0
Fra:1 Mem:18.29M (Peak 18.29M) | Time:00:00.00 | Mem:0.00M, Peak:0.00M | Scene, ViewLayer | Synchronizing object | Candidate_bush_-5_-5_0
Fra:1 Mem:18.29M (Peak 18.29M) | Time:00:00.00 | Mem:0.00M, Peak:0.00M | Scene, ViewLayer | Synchronizing object | PREVIEW_ONLY_sea_level_0
Fra:1 Mem:17.29M (Peak 18.29M) | Time:00:00.00 | Mem:0.00M, Peak:0.00M | Scene, ViewLayer | Initializing
Fra:1 Mem:15.67M (Peak 18.29M) | Time:00:00.00 | Mem:0.00M, Peak:0.00M | Scene, ViewLayer | Waiting for render to start
Fra:1 Mem:15.67M (Peak 18.29M) | Time:00:00.00 | Mem:0.00M, Peak:0.00M | Scene, ViewLayer | Updating Scene
Fra:1 Mem:15.67M (Peak 18.29M) | Time:00:00.00 | Mem:0.00M, Peak:0.00M | Scene, ViewLayer | Updating Shaders
Fra:1 Mem:15.67M (Peak 18.29M) | Time:00:00.00 | Mem:0.00M, Peak:0.00M | Scene, ViewLayer | Loading render kernels (may take a few minutes the first time)
Fra:1 Mem:15.76M (Peak 18.29M) | Time:00:00.00 | Mem:0.00M, Peak:0.00M | Scene, ViewLayer | Updating Procedurals
Fra:1 Mem:15.76M (Peak 18.29M) | Time:00:00.00 | Mem:0.00M, Peak:0.00M | Scene, ViewLayer | Updating Background
Fra:1 Mem:15.76M (Peak 18.29M) | Time:00:00.00 | Mem:0.00M, Peak:0.00M | Scene, ViewLayer | Updating Camera
Fra:1 Mem:15.76M (Peak 18.29M) | Time:00:00.00 | Mem:0.00M, Peak:0.00M | Scene, ViewLayer | Updating Meshes Flags
Fra:1 Mem:15.76M (Peak 18.29M) | Time:00:00.00 | Mem:0.00M, Peak:0.00M | Scene, ViewLayer | Updating Objects
Fra:1 Mem:15.76M (Peak 18.29M) | Time:00:00.00 | Mem:0.00M, Peak:0.00M | Scene, ViewLayer | Updating Objects | Copying Transformations to device
Fra:1 Mem:15.77M (Peak 18.29M) | Time:00:00.00 | Mem:0.02M, Peak:0.02M | Scene, ViewLayer | Updating Particle Systems
Fra:1 Mem:15.77M (Peak 18.29M) | Time:00:00.00 | Mem:0.02M, Peak:0.02M | Scene, ViewLayer | Updating Particle Systems | Copying Particles to device
Fra:1 Mem:15.77M (Peak 18.29M) | Time:00:00.00 | Mem:0.02M, Peak:0.02M | Scene, ViewLayer | Updating Meshes
Fra:1 Mem:15.77M (Peak 18.29M) | Time:00:00.00 | Mem:0.02M, Peak:0.02M | Scene, ViewLayer | Updating Objects | Applying Static Transformations
Fra:1 Mem:15.77M (Peak 18.29M) | Time:00:00.00 | Mem:0.02M, Peak:0.02M | Scene, ViewLayer | Updating Mesh | Computing attributes
Fra:1 Mem:16.02M (Peak 18.29M) | Time:00:00.00 | Mem:0.02M, Peak:0.02M | Scene, ViewLayer | Updating Mesh | Copying Attributes to device
Fra:1 Mem:16.01M (Peak 18.29M) | Time:00:00.00 | Mem:0.26M, Peak:0.26M | Scene, ViewLayer | Updating Geometry BVH oak_-5_-5_CoastalPines36b_native_mesh 4/3 | Building BVH
Fra:1 Mem:16.01M (Peak 18.29M) | Time:00:00.00 | Mem:0.26M, Peak:0.26M | Scene, ViewLayer | Updating Geometry BVH bush_-5_-5_native_mesh 2/3 | Building BVH
Fra:1 Mem:16.01M (Peak 18.29M) | Time:00:00.00 | Mem:0.26M, Peak:0.26M | Scene, ViewLayer | Updating Geometry BVH bush_-5_-5_native_mesh 2/3 | Building BVH 0%
Fra:1 Mem:16.01M (Peak 18.29M) | Time:00:00.00 | Mem:0.27M, Peak:0.27M | Scene, ViewLayer | Updating Geometry BVH rock_-5_-5_native_mesh 3/3 | Building BVH
Fra:1 Mem:16.01M (Peak 18.29M) | Time:00:00.00 | Mem:0.27M, Peak:0.28M | Scene, ViewLayer | Updating Scene BVH | Building
Fra:1 Mem:16.01M (Peak 18.29M) | Time:00:00.00 | Mem:0.27M, Peak:0.28M | Scene, ViewLayer | Updating Scene BVH | Building BVH
Fra:1 Mem:16.01M (Peak 18.29M) | Time:00:00.00 | Mem:0.49M, Peak:0.58M | Scene, ViewLayer | Updating Scene BVH | Copying BVH to device
Fra:1 Mem:16.01M (Peak 18.29M) | Time:00:00.00 | Mem:0.49M, Peak:0.58M | Scene, ViewLayer | Updating Mesh | Computing normals
Fra:1 Mem:16.26M (Peak 18.29M) | Time:00:00.00 | Mem:0.49M, Peak:0.58M | Scene, ViewLayer | Updating Mesh | Copying Mesh to device
Fra:1 Mem:16.26M (Peak 18.29M) | Time:00:00.00 | Mem:0.74M, Peak:0.74M | Scene, ViewLayer | Updating Objects Flags
Fra:1 Mem:16.26M (Peak 18.29M) | Time:00:00.00 | Mem:0.74M, Peak:0.74M | Scene, ViewLayer | Updating Primitive Offsets
Fra:1 Mem:16.26M (Peak 18.29M) | Time:00:00.00 | Mem:0.74M, Peak:0.74M | Scene, ViewLayer | Updating Images
Fra:1 Mem:16.26M (Peak 18.29M) | Time:00:00.00 | Mem:0.74M, Peak:0.74M | Scene, ViewLayer | Updating Camera Volume
Fra:1 Mem:16.26M (Peak 18.29M) | Time:00:00.00 | Mem:0.74M, Peak:0.74M | Scene, ViewLayer | Updating Lookup Tables
Fra:1 Mem:16.26M (Peak 18.29M) | Time:00:00.00 | Mem:0.82M, Peak:0.82M | Scene, ViewLayer | Updating Lights
Fra:1 Mem:16.26M (Peak 18.29M) | Time:00:00.00 | Mem:0.82M, Peak:0.82M | Scene, ViewLayer | Updating Lights | Computing tree
Fra:1 Mem:16.27M (Peak 18.29M) | Time:00:00.00 | Mem:0.82M, Peak:0.82M | Scene, ViewLayer | Updating Integrator
Fra:1 Mem:16.27M (Peak 18.29M) | Time:00:00.00 | Mem:0.82M, Peak:0.82M | Scene, ViewLayer | Updating Film
Fra:1 Mem:16.27M (Peak 18.29M) | Time:00:00.00 | Mem:0.74M, Peak:0.82M | Scene, ViewLayer | Updating Lookup Tables
Fra:1 Mem:16.27M (Peak 18.29M) | Time:00:00.00 | Mem:0.83M, Peak:0.83M | Scene, ViewLayer | Updating Baking
Fra:1 Mem:16.27M (Peak 18.29M) | Time:00:00.00 | Mem:0.83M, Peak:0.83M | Scene, ViewLayer | Updating Device | Writing constant memory
Fra:1 Mem:16.27M (Peak 18.29M) | Time:00:00.00 | Mem:0.83M, Peak:0.83M | Scene, ViewLayer | Loading denoising kernels (may take a few minutes the first time)
Fra:1 Mem:16.27M (Peak 18.29M) | Time:00:00.00 | Mem:0.83M, Peak:0.83M | Scene, ViewLayer | Sample 0/16
Fra:1 Mem:61.96M (Peak 61.96M) | Time:00:00.53 | Remaining:00:07.89 | Mem:46.49M, Peak:46.49M | Scene, ViewLayer | Sample 1/16
Fra:1 Mem:81.19M (Peak 110.03M) | Time:00:15.16 | Mem:46.49M, Peak:46.49M | Scene, ViewLayer | Sample 16/16
Fra:1 Mem:81.19M (Peak 110.03M) | Time:00:15.16 | Mem:46.49M, Peak:46.49M | Scene, ViewLayer | Finished
Saved: '/workspace/scratch/a29d03198654/Aether/source-assets/coast57/revision-b/previews/candidate_overhead.png'
Time: 00:15.23 (Saving: 00:00.06)

Fra:1 Mem:16.68M (Peak 16.68M) | Time:00:00.00 | Mem:0.00M, Peak:0.00M | Scene, ViewLayer | Synchronizing object | Ground_-5_-5_AUTHORITY
Fra:1 Mem:18.26M (Peak 18.26M) | Time:00:00.00 | Mem:0.00M, Peak:0.00M | Scene, ViewLayer | Synchronizing object | PREVIEW_ONLY Sun
Fra:1 Mem:18.26M (Peak 18.26M) | Time:00:00.00 | Mem:0.00M, Peak:0.00M | Scene, ViewLayer | Synchronizing object | Original_oak_-5_-5_CoastalPines36b_1
Fra:1 Mem:18.28M (Peak 18.28M) | Time:00:00.00 | Mem:0.00M, Peak:0.00M | Scene, ViewLayer | Synchronizing object | Original_rock_-5_-5_0
Fra:1 Mem:18.29M (Peak 18.29M) | Time:00:00.00 | Mem:0.00M, Peak:0.00M | Scene, ViewLayer | Synchronizing object | Original_bush_-5_-5_0
Fra:1 Mem:18.29M (Peak 18.29M) | Time:00:00.00 | Mem:0.00M, Peak:0.00M | Scene, ViewLayer | Synchronizing object | PREVIEW_ONLY_sea_level_0
Fra:1 Mem:17.29M (Peak 18.29M) | Time:00:00.00 | Mem:0.00M, Peak:0.00M | Scene, ViewLayer | Initializing
Fra:1 Mem:15.67M (Peak 18.29M) | Time:00:00.00 | Mem:0.00M, Peak:0.00M | Scene, ViewLayer | Waiting for render to start
Fra:1 Mem:15.67M (Peak 18.29M) | Time:00:00.00 | Mem:0.00M, Peak:0.00M | Scene, ViewLayer | Updating Scene
Fra:1 Mem:15.67M (Peak 18.29M) | Time:00:00.00 | Mem:0.00M, Peak:0.00M | Scene, ViewLayer | Updating Shaders
Fra:1 Mem:15.67M (Peak 18.29M) | Time:00:00.00 | Mem:0.00M, Peak:0.00M | Scene, ViewLayer | Loading render kernels (may take a few minutes the first time)
Fra:1 Mem:15.76M (Peak 18.29M) | Time:00:00.00 | Mem:0.00M, Peak:0.00M | Scene, ViewLayer | Updating Procedurals
Fra:1 Mem:15.76M (Peak 18.29M) | Time:00:00.00 | Mem:0.00M, Peak:0.00M | Scene, ViewLayer | Updating Background
Fra:1 Mem:15.76M (Peak 18.29M) | Time:00:00.00 | Mem:0.00M, Peak:0.00M | Scene, ViewLayer | Updating Camera
Fra:1 Mem:15.76M (Peak 18.29M) | Time:00:00.00 | Mem:0.00M, Peak:0.00M | Scene, ViewLayer | Updating Meshes Flags
Fra:1 Mem:15.76M (Peak 18.29M) | Time:00:00.00 | Mem:0.00M, Peak:0.00M | Scene, ViewLayer | Updating Objects
Fra:1 Mem:15.76M (Peak 18.29M) | Time:00:00.00 | Mem:0.00M, Peak:0.00M | Scene, ViewLayer | Updating Objects | Copying Transformations to device
Fra:1 Mem:15.77M (Peak 18.29M) | Time:00:00.00 | Mem:0.02M, Peak:0.02M | Scene, ViewLayer | Updating Particle Systems
Fra:1 Mem:15.77M (Peak 18.29M) | Time:00:00.00 | Mem:0.02M, Peak:0.02M | Scene, ViewLayer | Updating Particle Systems | Copying Particles to device
Fra:1 Mem:15.77M (Peak 18.29M) | Time:00:00.00 | Mem:0.02M, Peak:0.02M | Scene, ViewLayer | Updating Meshes
Fra:1 Mem:15.77M (Peak 18.29M) | Time:00:00.00 | Mem:0.02M, Peak:0.02M | Scene, ViewLayer | Updating Objects | Applying Static Transformations
Fra:1 Mem:15.77M (Peak 18.29M) | Time:00:00.00 | Mem:0.02M, Peak:0.02M | Scene, ViewLayer | Updating Mesh | Computing attributes
Fra:1 Mem:16.02M (Peak 18.29M) | Time:00:00.00 | Mem:0.02M, Peak:0.02M | Scene, ViewLayer | Updating Mesh | Copying Attributes to device
Fra:1 Mem:16.01M (Peak 18.29M) | Time:00:00.00 | Mem:0.26M, Peak:0.26M | Scene, ViewLayer | Updating Geometry BVH oak_-5_-5_CoastalPines36b_native_mesh 4/3 | Building BVH
Fra:1 Mem:16.01M (Peak 18.29M) | Time:00:00.00 | Mem:0.26M, Peak:0.26M | Scene, ViewLayer | Updating Geometry BVH bush_-5_-5_native_mesh 2/3 | Building BVH
Fra:1 Mem:16.01M (Peak 18.29M) | Time:00:00.00 | Mem:0.27M, Peak:0.27M | Scene, ViewLayer | Updating Geometry BVH rock_-5_-5_native_mesh 3/3 | Building BVH
Fra:1 Mem:16.01M (Peak 18.29M) | Time:00:00.00 | Mem:0.27M, Peak:0.28M | Scene, ViewLayer | Updating Scene BVH | Building
Fra:1 Mem:16.01M (Peak 18.29M) | Time:00:00.00 | Mem:0.27M, Peak:0.28M | Scene, ViewLayer | Updating Scene BVH | Building BVH
Fra:1 Mem:16.01M (Peak 18.29M) | Time:00:00.00 | Mem:0.49M, Peak:0.58M | Scene, ViewLayer | Updating Scene BVH | Copying BVH to device
Fra:1 Mem:16.01M (Peak 18.29M) | Time:00:00.00 | Mem:0.49M, Peak:0.58M | Scene, ViewLayer | Updating Mesh | Computing normals
Fra:1 Mem:16.26M (Peak 18.29M) | Time:00:00.00 | Mem:0.49M, Peak:0.58M | Scene, ViewLayer | Updating Mesh | Copying Mesh to device
Fra:1 Mem:16.26M (Peak 18.29M) | Time:00:00.00 | Mem:0.74M, Peak:0.74M | Scene, ViewLayer | Updating Objects Flags
Fra:1 Mem:16.26M (Peak 18.29M) | Time:00:00.00 | Mem:0.74M, Peak:0.74M | Scene, ViewLayer | Updating Primitive Offsets
Fra:1 Mem:16.26M (Peak 18.29M) | Time:00:00.00 | Mem:0.74M, Peak:0.74M | Scene, ViewLayer | Updating Images
Fra:1 Mem:16.26M (Peak 18.29M) | Time:00:00.00 | Mem:0.74M, Peak:0.74M | Scene, ViewLayer | Updating Camera Volume
Fra:1 Mem:16.26M (Peak 18.29M) | Time:00:00.00 | Mem:0.74M, Peak:0.74M | Scene, ViewLayer | Updating Lookup Tables
Fra:1 Mem:16.26M (Peak 18.29M) | Time:00:00.00 | Mem:0.82M, Peak:0.82M | Scene, ViewLayer | Updating Lights
Fra:1 Mem:16.26M (Peak 18.29M) | Time:00:00.00 | Mem:0.82M, Peak:0.82M | Scene, ViewLayer | Updating Lights | Computing tree
Fra:1 Mem:16.27M (Peak 18.29M) | Time:00:00.00 | Mem:0.82M, Peak:0.82M | Scene, ViewLayer | Updating Integrator
Fra:1 Mem:16.27M (Peak 18.29M) | Time:00:00.00 | Mem:0.82M, Peak:0.82M | Scene, ViewLayer | Updating Film
Fra:1 Mem:16.27M (Peak 18.29M) | Time:00:00.00 | Mem:0.74M, Peak:0.82M | Scene, ViewLayer | Updating Lookup Tables
Fra:1 Mem:16.27M (Peak 18.29M) | Time:00:00.00 | Mem:0.83M, Peak:0.83M | Scene, ViewLayer | Updating Baking
Fra:1 Mem:16.27M (Peak 18.29M) | Time:00:00.00 | Mem:0.83M, Peak:0.83M | Scene, ViewLayer | Updating Device | Writing constant memory
Fra:1 Mem:16.27M (Peak 18.29M) | Time:00:00.00 | Mem:0.83M, Peak:0.83M | Scene, ViewLayer | Loading denoising kernels (may take a few minutes the first time)
Fra:1 Mem:16.27M (Peak 18.29M) | Time:00:00.00 | Mem:0.83M, Peak:0.83M | Scene, ViewLayer | Sample 0/16
Fra:1 Mem:61.96M (Peak 61.96M) | Time:00:00.55 | Remaining:00:08.20 | Mem:46.49M, Peak:46.49M | Scene, ViewLayer | Sample 1/16
Fra:1 Mem:81.19M (Peak 110.03M) | Time:00:17.44 | Mem:46.49M, Peak:46.49M | Scene, ViewLayer | Sample 16/16
Fra:1 Mem:81.19M (Peak 110.03M) | Time:00:17.44 | Mem:46.49M, Peak:46.49M | Scene, ViewLayer | Finished
Saved: '/workspace/scratch/a29d03198654/Aether/source-assets/coast57/revision-b/previews/original_overhead.png'
Time: 00:17.52 (Saving: 00:00.07)

Fra:1 Mem:16.68M (Peak 16.68M) | Time:00:00.00 | Mem:0.00M, Peak:0.00M | Scene, ViewLayer | Synchronizing object | Ground_-5_-5_COAST57B
Fra:1 Mem:18.25M (Peak 18.25M) | Time:00:00.00 | Mem:0.00M, Peak:0.00M | Scene, ViewLayer | Synchronizing object | PREVIEW_ONLY Sun
Fra:1 Mem:18.26M (Peak 18.26M) | Time:00:00.00 | Mem:0.00M, Peak:0.00M | Scene, ViewLayer | Synchronizing object | Candidate_oak_-5_-5_CoastalPines36b_1
Fra:1 Mem:18.28M (Peak 18.28M) | Time:00:00.00 | Mem:0.00M, Peak:0.00M | Scene, ViewLayer | Synchronizing object | Candidate_rock_-5_-5_0
Fra:1 Mem:18.29M (Peak 18.29M) | Time:00:00.00 | Mem:0.00M, Peak:0.00M | Scene, ViewLayer | Synchronizing object | Candidate_bush_-5_-5_0
Fra:1 Mem:18.29M (Peak 18.29M) | Time:00:00.00 | Mem:0.00M, Peak:0.00M | Scene, ViewLayer | Synchronizing object | PREVIEW_ONLY_sea_level_0
Fra:1 Mem:17.29M (Peak 18.29M) | Time:00:00.00 | Mem:0.00M, Peak:0.00M | Scene, ViewLayer | Initializing
Fra:1 Mem:15.67M (Peak 18.29M) | Time:00:00.00 | Mem:0.00M, Peak:0.00M | Scene, ViewLayer | Waiting for render to start
Fra:1 Mem:15.67M (Peak 18.29M) | Time:00:00.00 | Mem:0.00M, Peak:0.00M | Scene, ViewLayer | Updating Scene
Fra:1 Mem:15.67M (Peak 18.29M) | Time:00:00.00 | Mem:0.00M, Peak:0.00M | Scene, ViewLayer | Updating Shaders
Fra:1 Mem:15.67M (Peak 18.29M) | Time:00:00.00 | Mem:0.00M, Peak:0.00M | Scene, ViewLayer | Loading render kernels (may take a few minutes the first time)
Fra:1 Mem:15.76M (Peak 18.29M) | Time:00:00.00 | Mem:0.00M, Peak:0.00M | Scene, ViewLayer | Updating Procedurals
Fra:1 Mem:15.76M (Peak 18.29M) | Time:00:00.00 | Mem:0.00M, Peak:0.00M | Scene, ViewLayer | Updating Background
Fra:1 Mem:15.76M (Peak 18.29M) | Time:00:00.00 | Mem:0.00M, Peak:0.00M | Scene, ViewLayer | Updating Camera
Fra:1 Mem:15.76M (Peak 18.29M) | Time:00:00.00 | Mem:0.00M, Peak:0.00M | Scene, ViewLayer | Updating Meshes Flags
Fra:1 Mem:15.76M (Peak 18.29M) | Time:00:00.00 | Mem:0.00M, Peak:0.00M | Scene, ViewLayer | Updating Objects
Fra:1 Mem:15.76M (Peak 18.29M) | Time:00:00.00 | Mem:0.00M, Peak:0.00M | Scene, ViewLayer | Updating Objects | Copying Transformations to device
Fra:1 Mem:15.77M (Peak 18.29M) | Time:00:00.00 | Mem:0.02M, Peak:0.02M | Scene, ViewLayer | Updating Particle Systems
Fra:1 Mem:15.77M (Peak 18.29M) | Time:00:00.00 | Mem:0.02M, Peak:0.02M | Scene, ViewLayer | Updating Particle Systems | Copying Particles to device
Fra:1 Mem:15.77M (Peak 18.29M) | Time:00:00.00 | Mem:0.02M, Peak:0.02M | Scene, ViewLayer | Updating Meshes
Fra:1 Mem:15.77M (Peak 18.29M) | Time:00:00.00 | Mem:0.02M, Peak:0.02M | Scene, ViewLayer | Updating Objects | Applying Static Transformations
Fra:1 Mem:15.77M (Peak 18.29M) | Time:00:00.00 | Mem:0.02M, Peak:0.02M | Scene, ViewLayer | Updating Mesh | Computing attributes
Fra:1 Mem:16.02M (Peak 18.29M) | Time:00:00.00 | Mem:0.02M, Peak:0.02M | Scene, ViewLayer | Updating Mesh | Copying Attributes to device
Fra:1 Mem:16.01M (Peak 18.29M) | Time:00:00.00 | Mem:0.26M, Peak:0.26M | Scene, ViewLayer | Updating Geometry BVH oak_-5_-5_CoastalPines36b_native_mesh 4/3 | Building BVH
Fra:1 Mem:16.01M (Peak 18.29M) | Time:00:00.00 | Mem:0.26M, Peak:0.26M | Scene, ViewLayer | Updating Geometry BVH bush_-5_-5_native_mesh 2/3 | Building BVH
Fra:1 Mem:16.01M (Peak 18.29M) | Time:00:00.00 | Mem:0.26M, Peak:0.26M | Scene, ViewLayer | Updating Geometry BVH bush_-5_-5_native_mesh 2/3 | Building BVH 0%
Fra:1 Mem:16.01M (Peak 18.29M) | Time:00:00.00 | Mem:0.27M, Peak:0.27M | Scene, ViewLayer | Updating Geometry BVH rock_-5_-5_native_mesh 3/3 | Building BVH
Fra:1 Mem:16.01M (Peak 18.29M) | Time:00:00.00 | Mem:0.27M, Peak:0.28M | Scene, ViewLayer | Updating Scene BVH | Building
Fra:1 Mem:16.01M (Peak 18.29M) | Time:00:00.00 | Mem:0.27M, Peak:0.28M | Scene, ViewLayer | Updating Scene BVH | Building BVH
Fra:1 Mem:16.01M (Peak 18.29M) | Time:00:00.00 | Mem:0.49M, Peak:0.58M | Scene, ViewLayer | Updating Scene BVH | Copying BVH to device
Fra:1 Mem:16.01M (Peak 18.29M) | Time:00:00.00 | Mem:0.49M, Peak:0.58M | Scene, ViewLayer | Updating Mesh | Computing normals
Fra:1 Mem:16.26M (Peak 18.29M) | Time:00:00.00 | Mem:0.49M, Peak:0.58M | Scene, ViewLayer | Updating Mesh | Copying Mesh to device
Fra:1 Mem:16.26M (Peak 18.29M) | Time:00:00.00 | Mem:0.74M, Peak:0.74M | Scene, ViewLayer | Updating Objects Flags
Fra:1 Mem:16.26M (Peak 18.29M) | Time:00:00.00 | Mem:0.74M, Peak:0.74M | Scene, ViewLayer | Updating Primitive Offsets
Fra:1 Mem:16.26M (Peak 18.29M) | Time:00:00.00 | Mem:0.74M, Peak:0.74M | Scene, ViewLayer | Updating Images
Fra:1 Mem:16.26M (Peak 18.29M) | Time:00:00.00 | Mem:0.74M, Peak:0.74M | Scene, ViewLayer | Updating Camera Volume
Fra:1 Mem:16.26M (Peak 18.29M) | Time:00:00.00 | Mem:0.74M, Peak:0.74M | Scene, ViewLayer | Updating Lookup Tables
Fra:1 Mem:16.26M (Peak 18.29M) | Time:00:00.00 | Mem:0.82M, Peak:0.82M | Scene, ViewLayer | Updating Lights
Fra:1 Mem:16.26M (Peak 18.29M) | Time:00:00.00 | Mem:0.82M, Peak:0.82M | Scene, ViewLayer | Updating Lights | Computing tree
Fra:1 Mem:16.27M (Peak 18.29M) | Time:00:00.00 | Mem:0.82M, Peak:0.82M | Scene, ViewLayer | Updating Integrator
Fra:1 Mem:16.27M (Peak 18.29M) | Time:00:00.00 | Mem:0.82M, Peak:0.82M | Scene, ViewLayer | Updating Film
Fra:1 Mem:16.27M (Peak 18.29M) | Time:00:00.00 | Mem:0.74M, Peak:0.82M | Scene, ViewLayer | Updating Lookup Tables
Fra:1 Mem:16.27M (Peak 18.29M) | Time:00:00.00 | Mem:0.83M, Peak:0.83M | Scene, ViewLayer | Updating Baking
Fra:1 Mem:16.27M (Peak 18.29M) | Time:00:00.00 | Mem:0.83M, Peak:0.83M | Scene, ViewLayer | Updating Device | Writing constant memory
Fra:1 Mem:16.27M (Peak 18.29M) | Time:00:00.00 | Mem:0.83M, Peak:0.83M | Scene, ViewLayer | Loading denoising kernels (may take a few minutes the first time)
Fra:1 Mem:16.27M (Peak 18.29M) | Time:00:00.00 | Mem:0.83M, Peak:0.83M | Scene, ViewLayer | Sample 0/16
Fra:1 Mem:61.96M (Peak 61.96M) | Time:00:00.60 | Remaining:00:08.98 | Mem:46.49M, Peak:46.49M | Scene, ViewLayer | Sample 1/16
Fra:1 Mem:81.19M (Peak 110.03M) | Time:00:15.95 | Mem:46.49M, Peak:46.49M | Scene, ViewLayer | Sample 16/16
Fra:1 Mem:81.19M (Peak 110.03M) | Time:00:15.95 | Mem:46.49M, Peak:46.49M | Scene, ViewLayer | Finished
Saved: '/workspace/scratch/a29d03198654/Aether/source-assets/coast57/revision-b/previews/candidate_land_back.png'
Time: 00:16.03 (Saving: 00:00.07)

Fra:1 Mem:16.68M (Peak 16.68M) | Time:00:00.00 | Mem:0.00M, Peak:0.00M | Scene, ViewLayer | Synchronizing object | Ground_-5_-5_COAST57B
Fra:1 Mem:18.25M (Peak 18.25M) | Time:00:00.00 | Mem:0.00M, Peak:0.00M | Scene, ViewLayer | Synchronizing object | PREVIEW_ONLY Sun
Fra:1 Mem:18.26M (Peak 18.26M) | Time:00:00.00 | Mem:0.00M, Peak:0.00M | Scene, ViewLayer | Synchronizing object | Candidate_oak_-5_-5_CoastalPines36b_1
Fra:1 Mem:18.28M (Peak 18.28M) | Time:00:00.00 | Mem:0.00M, Peak:0.00M | Scene, ViewLayer | Synchronizing object | Candidate_rock_-5_-5_0
Fra:1 Mem:18.29M (Peak 18.29M) | Time:00:00.00 | Mem:0.00M, Peak:0.00M | Scene, ViewLayer | Synchronizing object | Candidate_bush_-5_-5_0
Fra:1 Mem:18.29M (Peak 18.29M) | Time:00:00.00 | Mem:0.00M, Peak:0.00M | Scene, ViewLayer | Synchronizing object | PREVIEW_ONLY_sea_level_0
Fra:1 Mem:17.29M (Peak 18.29M) | Time:00:00.00 | Mem:0.00M, Peak:0.00M | Scene, ViewLayer | Initializing
Fra:1 Mem:15.67M (Peak 18.29M) | Time:00:00.00 | Mem:0.00M, Peak:0.00M | Scene, ViewLayer | Waiting for render to start
Fra:1 Mem:15.67M (Peak 18.29M) | Time:00:00.00 | Mem:0.00M, Peak:0.00M | Scene, ViewLayer | Updating Scene
Fra:1 Mem:15.67M (Peak 18.29M) | Time:00:00.00 | Mem:0.00M, Peak:0.00M | Scene, ViewLayer | Updating Shaders
Fra:1 Mem:15.67M (Peak 18.29M) | Time:00:00.00 | Mem:0.00M, Peak:0.00M | Scene, ViewLayer | Loading render kernels (may take a few minutes the first time)
Fra:1 Mem:15.76M (Peak 18.29M) | Time:00:00.00 | Mem:0.00M, Peak:0.00M | Scene, ViewLayer | Updating Procedurals
Fra:1 Mem:15.76M (Peak 18.29M) | Time:00:00.00 | Mem:0.00M, Peak:0.00M | Scene, ViewLayer | Updating Background
Fra:1 Mem:15.76M (Peak 18.29M) | Time:00:00.00 | Mem:0.00M, Peak:0.00M | Scene, ViewLayer | Updating Camera
Fra:1 Mem:15.76M (Peak 18.29M) | Time:00:00.00 | Mem:0.00M, Peak:0.00M | Scene, ViewLayer | Updating Meshes Flags
Fra:1 Mem:15.76M (Peak 18.29M) | Time:00:00.00 | Mem:0.00M, Peak:0.00M | Scene, ViewLayer | Updating Objects
Fra:1 Mem:15.76M (Peak 18.29M) | Time:00:00.00 | Mem:0.00M, Peak:0.00M | Scene, ViewLayer | Updating Objects | Copying Transformations to device
Fra:1 Mem:15.77M (Peak 18.29M) | Time:00:00.00 | Mem:0.02M, Peak:0.02M | Scene, ViewLayer | Updating Particle Systems
Fra:1 Mem:15.77M (Peak 18.29M) | Time:00:00.00 | Mem:0.02M, Peak:0.02M | Scene, ViewLayer | Updating Particle Systems | Copying Particles to device
Fra:1 Mem:15.77M (Peak 18.29M) | Time:00:00.00 | Mem:0.02M, Peak:0.02M | Scene, ViewLayer | Updating Meshes
Fra:1 Mem:15.77M (Peak 18.29M) | Time:00:00.00 | Mem:0.02M, Peak:0.02M | Scene, ViewLayer | Updating Objects | Applying Static Transformations
Fra:1 Mem:15.77M (Peak 18.29M) | Time:00:00.00 | Mem:0.02M, Peak:0.02M | Scene, ViewLayer | Updating Mesh | Computing attributes
Fra:1 Mem:16.02M (Peak 18.29M) | Time:00:00.00 | Mem:0.02M, Peak:0.02M | Scene, ViewLayer | Updating Mesh | Copying Attributes to device
Fra:1 Mem:16.01M (Peak 18.29M) | Time:00:00.00 | Mem:0.26M, Peak:0.26M | Scene, ViewLayer | Updating Geometry BVH oak_-5_-5_CoastalPines36b_native_mesh 4/3 | Building BVH
Fra:1 Mem:16.01M (Peak 18.29M) | Time:00:00.00 | Mem:0.26M, Peak:0.26M | Scene, ViewLayer | Updating Geometry BVH bush_-5_-5_native_mesh 2/3 | Building BVH
Fra:1 Mem:16.01M (Peak 18.29M) | Time:00:00.00 | Mem:0.26M, Peak:0.26M | Scene, ViewLayer | Updating Geometry BVH bush_-5_-5_native_mesh 2/3 | Building BVH 0%
Fra:1 Mem:16.01M (Peak 18.29M) | Time:00:00.00 | Mem:0.27M, Peak:0.27M | Scene, ViewLayer | Updating Geometry BVH rock_-5_-5_native_mesh 3/3 | Building BVH
Fra:1 Mem:16.01M (Peak 18.29M) | Time:00:00.00 | Mem:0.27M, Peak:0.28M | Scene, ViewLayer | Updating Scene BVH | Building
Fra:1 Mem:16.01M (Peak 18.29M) | Time:00:00.00 | Mem:0.27M, Peak:0.28M | Scene, ViewLayer | Updating Scene BVH | Building BVH
Fra:1 Mem:16.01M (Peak 18.29M) | Time:00:00.00 | Mem:0.49M, Peak:0.58M | Scene, ViewLayer | Updating Scene BVH | Copying BVH to device
Fra:1 Mem:16.01M (Peak 18.29M) | Time:00:00.00 | Mem:0.49M, Peak:0.58M | Scene, ViewLayer | Updating Mesh | Computing normals
Fra:1 Mem:16.26M (Peak 18.29M) | Time:00:00.00 | Mem:0.49M, Peak:0.58M | Scene, ViewLayer | Updating Mesh | Copying Mesh to device
Fra:1 Mem:16.26M (Peak 18.29M) | Time:00:00.00 | Mem:0.74M, Peak:0.74M | Scene, ViewLayer | Updating Objects Flags
Fra:1 Mem:16.26M (Peak 18.29M) | Time:00:00.00 | Mem:0.74M, Peak:0.74M | Scene, ViewLayer | Updating Primitive Offsets
Fra:1 Mem:16.26M (Peak 18.29M) | Time:00:00.00 | Mem:0.74M, Peak:0.74M | Scene, ViewLayer | Updating Images
Fra:1 Mem:16.26M (Peak 18.29M) | Time:00:00.00 | Mem:0.74M, Peak:0.74M | Scene, ViewLayer | Updating Camera Volume
Fra:1 Mem:16.26M (Peak 18.29M) | Time:00:00.00 | Mem:0.74M, Peak:0.74M | Scene, ViewLayer | Updating Lookup Tables
Fra:1 Mem:16.26M (Peak 18.29M) | Time:00:00.00 | Mem:0.82M, Peak:0.82M | Scene, ViewLayer | Updating Lights
Fra:1 Mem:16.26M (Peak 18.29M) | Time:00:00.00 | Mem:0.82M, Peak:0.82M | Scene, ViewLayer | Updating Lights | Computing tree
Fra:1 Mem:16.27M (Peak 18.29M) | Time:00:00.00 | Mem:0.82M, Peak:0.82M | Scene, ViewLayer | Updating Integrator
Fra:1 Mem:16.27M (Peak 18.29M) | Time:00:00.00 | Mem:0.82M, Peak:0.82M | Scene, ViewLayer | Updating Film
Fra:1 Mem:16.27M (Peak 18.29M) | Time:00:00.00 | Mem:0.74M, Peak:0.82M | Scene, ViewLayer | Updating Lookup Tables
Fra:1 Mem:16.27M (Peak 18.29M) | Time:00:00.00 | Mem:0.83M, Peak:0.83M | Scene, ViewLayer | Updating Baking
Fra:1 Mem:16.27M (Peak 18.29M) | Time:00:00.00 | Mem:0.83M, Peak:0.83M | Scene, ViewLayer | Updating Device | Writing constant memory
Fra:1 Mem:16.27M (Peak 18.29M) | Time:00:00.00 | Mem:0.83M, Peak:0.83M | Scene, ViewLayer | Loading denoising kernels (may take a few minutes the first time)
Fra:1 Mem:16.27M (Peak 18.29M) | Time:00:00.00 | Mem:0.83M, Peak:0.83M | Scene, ViewLayer | Sample 0/16
Fra:1 Mem:61.96M (Peak 61.96M) | Time:00:00.47 | Remaining:00:06.97 | Mem:46.49M, Peak:46.49M | Scene, ViewLayer | Sample 1/16
Fra:1 Mem:81.19M (Peak 110.03M) | Time:00:14.35 | Mem:46.49M, Peak:46.49M | Scene, ViewLayer | Sample 16/16
Fra:1 Mem:81.19M (Peak 110.03M) | Time:00:14.35 | Mem:46.49M, Peak:46.49M | Scene, ViewLayer | Finished
Saved: '/workspace/scratch/a29d03198654/Aether/source-assets/coast57/revision-b/previews/candidate_low_shore.png'
Time: 00:14.43 (Saving: 00:00.07)

Fra:1 Mem:16.68M (Peak 16.68M) | Time:00:00.00 | Mem:0.00M, Peak:0.00M | Scene, ViewLayer | Synchronizing object | Ground_-5_-5_AUTHORITY
Fra:1 Mem:16.80M (Peak 16.80M) | Time:00:00.00 | Mem:0.00M, Peak:0.00M | Scene, ViewLayer | Synchronizing object | PREVIEW_ONLY Sun
Fra:1 Mem:16.77M (Peak 16.80M) | Time:00:00.00 | Mem:0.00M, Peak:0.00M | Scene, ViewLayer | Synchronizing object | Original_oak_-5_-5_CoastalPines36b_1
Fra:1 Mem:18.28M (Peak 18.28M) | Time:00:00.00 | Mem:0.00M, Peak:0.00M | Scene, ViewLayer | Synchronizing object | Original_rock_-5_-5_0
Fra:1 Mem:18.29M (Peak 18.29M) | Time:00:00.00 | Mem:0.00M, Peak:0.00M | Scene, ViewLayer | Synchronizing object | Original_bush_-5_-5_0
Fra:1 Mem:18.29M (Peak 18.29M) | Time:00:00.00 | Mem:0.00M, Peak:0.00M | Scene, ViewLayer | Synchronizing object | PREVIEW_ONLY_sea_level_0
Fra:1 Mem:17.29M (Peak 18.29M) | Time:00:00.00 | Mem:0.00M, Peak:0.00M | Scene, ViewLayer | Initializing
Fra:1 Mem:15.67M (Peak 18.29M) | Time:00:00.00 | Mem:0.00M, Peak:0.00M | Scene, ViewLayer | Waiting for render to start
Fra:1 Mem:15.67M (Peak 18.29M) | Time:00:00.00 | Mem:0.00M, Peak:0.00M | Scene, ViewLayer | Updating Scene
Fra:1 Mem:15.67M (Peak 18.29M) | Time:00:00.00 | Mem:0.00M, Peak:0.00M | Scene, ViewLayer | Updating Shaders
Fra:1 Mem:15.67M (Peak 18.29M) | Time:00:00.00 | Mem:0.00M, Peak:0.00M | Scene, ViewLayer | Loading render kernels (may take a few minutes the first time)
Fra:1 Mem:15.76M (Peak 18.29M) | Time:00:00.00 | Mem:0.00M, Peak:0.00M | Scene, ViewLayer | Updating Procedurals
Fra:1 Mem:15.76M (Peak 18.29M) | Time:00:00.00 | Mem:0.00M, Peak:0.00M | Scene, ViewLayer | Updating Background
Fra:1 Mem:15.76M (Peak 18.29M) | Time:00:00.00 | Mem:0.00M, Peak:0.00M | Scene, ViewLayer | Updating Camera
Fra:1 Mem:15.76M (Peak 18.29M) | Time:00:00.00 | Mem:0.00M, Peak:0.00M | Scene, ViewLayer | Updating Meshes Flags
Fra:1 Mem:15.76M (Peak 18.29M) | Time:00:00.00 | Mem:0.00M, Peak:0.00M | Scene, ViewLayer | Updating Objects
Fra:1 Mem:15.76M (Peak 18.29M) | Time:00:00.00 | Mem:0.00M, Peak:0.00M | Scene, ViewLayer | Updating Objects | Copying Transformations to device
Fra:1 Mem:15.77M (Peak 18.29M) | Time:00:00.00 | Mem:0.02M, Peak:0.02M | Scene, ViewLayer | Updating Particle Systems
Fra:1 Mem:15.77M (Peak 18.29M) | Time:00:00.00 | Mem:0.02M, Peak:0.02M | Scene, ViewLayer | Updating Particle Systems | Copying Particles to device
Fra:1 Mem:15.77M (Peak 18.29M) | Time:00:00.00 | Mem:0.02M, Peak:0.02M | Scene, ViewLayer | Updating Meshes
Fra:1 Mem:15.77M (Peak 18.29M) | Time:00:00.00 | Mem:0.02M, Peak:0.02M | Scene, ViewLayer | Updating Objects | Applying Static Transformations
Fra:1 Mem:15.77M (Peak 18.29M) | Time:00:00.00 | Mem:0.02M, Peak:0.02M | Scene, ViewLayer | Updating Mesh | Computing attributes
Fra:1 Mem:16.02M (Peak 18.29M) | Time:00:00.00 | Mem:0.02M, Peak:0.02M | Scene, ViewLayer | Updating Mesh | Copying Attributes to device
Fra:1 Mem:16.01M (Peak 18.29M) | Time:00:00.00 | Mem:0.26M, Peak:0.26M | Scene, ViewLayer | Updating Geometry BVH oak_-5_-5_CoastalPines36b_native_mesh 4/3 | Building BVH
Fra:1 Mem:16.01M (Peak 18.29M) | Time:00:00.00 | Mem:0.26M, Peak:0.26M | Scene, ViewLayer | Updating Geometry BVH bush_-5_-5_native_mesh 2/3 | Building BVH
Fra:1 Mem:16.01M (Peak 18.29M) | Time:00:00.00 | Mem:0.26M, Peak:0.26M | Scene, ViewLayer | Updating Geometry BVH bush_-5_-5_native_mesh 2/3 | Building BVH 0%
Fra:1 Mem:16.01M (Peak 18.29M) | Time:00:00.00 | Mem:0.27M, Peak:0.27M | Scene, ViewLayer | Updating Geometry BVH rock_-5_-5_native_mesh 3/3 | Building BVH
Fra:1 Mem:16.01M (Peak 18.29M) | Time:00:00.00 | Mem:0.27M, Peak:0.28M | Scene, ViewLayer | Updating Scene BVH | Building
Fra:1 Mem:16.01M (Peak 18.29M) | Time:00:00.00 | Mem:0.27M, Peak:0.28M | Scene, ViewLayer | Updating Scene BVH | Building BVH
Fra:1 Mem:16.01M (Peak 18.29M) | Time:00:00.00 | Mem:0.49M, Peak:0.58M | Scene, ViewLayer | Updating Scene BVH | Copying BVH to device
Fra:1 Mem:16.01M (Peak 18.29M) | Time:00:00.00 | Mem:0.49M, Peak:0.58M | Scene, ViewLayer | Updating Mesh | Computing normals
Fra:1 Mem:16.26M (Peak 18.29M) | Time:00:00.00 | Mem:0.49M, Peak:0.58M | Scene, ViewLayer | Updating Mesh | Copying Mesh to device
Fra:1 Mem:16.26M (Peak 18.29M) | Time:00:00.00 | Mem:0.74M, Peak:0.74M | Scene, ViewLayer | Updating Objects Flags
Fra:1 Mem:16.26M (Peak 18.29M) | Time:00:00.00 | Mem:0.74M, Peak:0.74M | Scene, ViewLayer | Updating Primitive Offsets
Fra:1 Mem:16.26M (Peak 18.29M) | Time:00:00.00 | Mem:0.74M, Peak:0.74M | Scene, ViewLayer | Updating Images
Fra:1 Mem:16.26M (Peak 18.29M) | Time:00:00.00 | Mem:0.74M, Peak:0.74M | Scene, ViewLayer | Updating Camera Volume
Fra:1 Mem:16.26M (Peak 18.29M) | Time:00:00.00 | Mem:0.74M, Peak:0.74M | Scene, ViewLayer | Updating Lookup Tables
Fra:1 Mem:16.26M (Peak 18.29M) | Time:00:00.00 | Mem:0.82M, Peak:0.82M | Scene, ViewLayer | Updating Lights
Fra:1 Mem:16.26M (Peak 18.29M) | Time:00:00.00 | Mem:0.82M, Peak:0.82M | Scene, ViewLayer | Updating Lights | Computing tree
Fra:1 Mem:16.27M (Peak 18.29M) | Time:00:00.00 | Mem:0.82M, Peak:0.82M | Scene, ViewLayer | Updating Integrator
Fra:1 Mem:16.27M (Peak 18.29M) | Time:00:00.00 | Mem:0.82M, Peak:0.82M | Scene, ViewLayer | Updating Film
Fra:1 Mem:16.27M (Peak 18.29M) | Time:00:00.00 | Mem:0.74M, Peak:0.82M | Scene, ViewLayer | Updating Lookup Tables
Fra:1 Mem:16.27M (Peak 18.29M) | Time:00:00.00 | Mem:0.83M, Peak:0.83M | Scene, ViewLayer | Updating Baking
Fra:1 Mem:16.27M (Peak 18.29M) | Time:00:00.00 | Mem:0.83M, Peak:0.83M | Scene, ViewLayer | Updating Device | Writing constant memory
Fra:1 Mem:16.27M (Peak 18.29M) | Time:00:00.00 | Mem:0.83M, Peak:0.83M | Scene, ViewLayer | Loading denoising kernels (may take a few minutes the first time)
Fra:1 Mem:16.27M (Peak 18.29M) | Time:00:00.00 | Mem:0.83M, Peak:0.83M | Scene, ViewLayer | Sample 0/16
Fra:1 Mem:61.96M (Peak 61.96M) | Time:00:00.53 | Remaining:00:07.84 | Mem:46.49M, Peak:46.49M | Scene, ViewLayer | Sample 1/16
Fra:1 Mem:81.19M (Peak 110.03M) | Time:00:14.53 | Mem:46.49M, Peak:46.49M | Scene, ViewLayer | Sample 16/16
Fra:1 Mem:81.19M (Peak 110.03M) | Time:00:14.53 | Mem:46.49M, Peak:46.49M | Scene, ViewLayer | Finished
Saved: '/workspace/scratch/a29d03198654/Aether/source-assets/coast57/revision-b/previews/original_low_shore.png'
Time: 00:14.60 (Saving: 00:00.06)

COAST57B_SOURCE_PREVIEWS_COMPLETE; standalone tile only; no scene save

Blender quit
