Godot Engine v4.5.1.stable.official.f62fdbde1 - https://godotengine.org
OpenGL API 4.5 (Core Profile) Mesa 25.0.7-2+deb13u1 - Compatibility - Using Device: Mesa - llvmpipe (LLVM 19.1.7, 256 bits)

PASS Actual renderer only when parent launches GUI diagnostic
PASS Fresh diagnostic output required
PASS Exact fixed Game52f required
PASS Existing52f v3 external process/error/completeness gate bound to exact scene
WORLD READY: 208 independent terrain scenes, 54797 saved scatter instances, 169 scene landmarks, 6 scene ports
PASS Callback freeze preserves live physics state
PASS 125 live parts/75old+50new use3 original materials in sameWorld3D 1216
PASS Contract binds fixed scene and exact D source
PASS Exactly ten contracted v0 main paths
PASS Unique original main target SkyRegion39/CloudSea_-2_-2/CloudSea52e_v0_main_ridge
PASS Single-surface target with original active override SkyRegion39/CloudSea_-2_-2/CloudSea52e_v0_main_ridge
PASS Unique original main target SkyRegion39/CloudSea_-2_1/CloudSea52e_v0_main_ridge
PASS Single-surface target with original active override SkyRegion39/CloudSea_-2_1/CloudSea52e_v0_main_ridge
PASS Unique original main target SkyRegion39/CloudSea_-1_-2/CloudSea52e_v0_main_ridge
PASS Single-surface target with original active override SkyRegion39/CloudSea_-1_-2/CloudSea52e_v0_main_ridge
PASS Unique original main target SkyRegion39/CloudSea_-1_1/CloudSea52e_v0_main_ridge
PASS Single-surface target with original active override SkyRegion39/CloudSea_-1_1/CloudSea52e_v0_main_ridge
PASS Unique original main target SkyRegion39/CloudSea_0_-2/CloudSea52e_v0_main_ridge
PASS Single-surface target with original active override SkyRegion39/CloudSea_0_-2/CloudSea52e_v0_main_ridge
PASS Unique original main target SkyRegion39/CloudSea_0_1/CloudSea52e_v0_main_ridge
PASS Single-surface target with original active override SkyRegion39/CloudSea_0_1/CloudSea52e_v0_main_ridge
PASS Unique original main target SkyRegion39/CloudSea_1_-2/CloudSea52e_v0_main_ridge
PASS Single-surface target with original active override SkyRegion39/CloudSea_1_-2/CloudSea52e_v0_main_ridge
PASS Unique original main target SkyRegion39/CloudSea_1_1/CloudSea52e_v0_main_ridge
PASS Single-surface target with original active override SkyRegion39/CloudSea_1_1/CloudSea52e_v0_main_ridge
PASS Unique original main target SkyRegion39/CloudSea_2_-2/CloudSea52e_v0_main_ridge
PASS Single-surface target with original active override SkyRegion39/CloudSea_2_-2/CloudSea52e_v0_main_ridge
PASS Unique original main target SkyRegion39/CloudSea_2_1/CloudSea52e_v0_main_ridge
PASS Single-surface target with original active override SkyRegion39/CloudSea_2_1/CloudSea52e_v0_main_ridge
PASS Exact geometry/material clone SkyRegion39/CloudSea_-2_-2/CloudSea52e_v0_main_ridge
PASS Exact geometry/material clone SkyRegion39/CloudSea_-2_1/CloudSea52e_v0_main_ridge
PASS Exact geometry/material clone SkyRegion39/CloudSea_-1_-2/CloudSea52e_v0_main_ridge
PASS Exact geometry/material clone SkyRegion39/CloudSea_-1_1/CloudSea52e_v0_main_ridge
PASS Exact geometry/material clone SkyRegion39/CloudSea_0_-2/CloudSea52e_v0_main_ridge
PASS Exact geometry/material clone SkyRegion39/CloudSea_0_1/CloudSea52e_v0_main_ridge
PASS Exact geometry/material clone SkyRegion39/CloudSea_1_-2/CloudSea52e_v0_main_ridge
PASS Exact geometry/material clone SkyRegion39/CloudSea_1_1/CloudSea52e_v0_main_ridge
PASS Exact geometry/material clone SkyRegion39/CloudSea_2_-2/CloudSea52e_v0_main_ridge
PASS Exact geometry/material clone SkyRegion39/CloudSea_2_1/CloudSea52e_v0_main_ridge
PASS 125 live parts/75old+50new use3 original materials in sameWorld3D A0
PASS Actual rendered 1216-front-A0
PASS Physical camera sphere clear 1216-front-A0
PASS Single full typed baseline file writable
PASS Full unmasked native state exact A0
PASS Viewport configuration and metadata stable A0
PASS Requested Window and fixed project content dimensions exact A0
PASS Actual captured Image readback1179x664 exact A0
PASS ViewportTexture metadata831x468 matches engine stretch formula A0
PASS Camera projection aspect matches fixed1672x941 content A0
PASS 125 live parts/75old+50new use3 original materials in sameWorld3D A1
PASS Actual rendered 1216-front-A1
PASS Physical camera sphere clear 1216-front-A1
PASS Full unmasked native state exact A1
PASS Viewport configuration and metadata stable A1
PASS Requested Window and fixed project content dimensions exact A1
PASS Actual captured Image readback1179x664 exact A1
PASS ViewportTexture metadata831x468 matches engine stretch formula A1
PASS Camera projection aspect matches fixed1672x941 content A1
PASS Only exact resource rebind SkyRegion39/CloudSea_-2_-2/CloudSea52e_v0_main_ridge
PASS Only exact resource rebind SkyRegion39/CloudSea_-2_1/CloudSea52e_v0_main_ridge
PASS Only exact resource rebind SkyRegion39/CloudSea_-1_-2/CloudSea52e_v0_main_ridge
PASS Only exact resource rebind SkyRegion39/CloudSea_-1_1/CloudSea52e_v0_main_ridge
PASS Only exact resource rebind SkyRegion39/CloudSea_0_-2/CloudSea52e_v0_main_ridge
PASS Only exact resource rebind SkyRegion39/CloudSea_0_1/CloudSea52e_v0_main_ridge
PASS Only exact resource rebind SkyRegion39/CloudSea_1_-2/CloudSea52e_v0_main_ridge
PASS Only exact resource rebind SkyRegion39/CloudSea_1_1/CloudSea52e_v0_main_ridge
PASS Only exact resource rebind SkyRegion39/CloudSea_2_-2/CloudSea52e_v0_main_ridge
PASS Only exact resource rebind SkyRegion39/CloudSea_2_1/CloudSea52e_v0_main_ridge
PASS Ten exact original mesh/component/material restores; no component setters
PASS 125 live parts/75old+50new use3 original materials in sameWorld3D R0
PASS Actual rendered 1216-front-R0
PASS Physical camera sphere clear 1216-front-R0
PASS Full unmasked native state exact R0
PASS Viewport configuration and metadata stable R0
PASS Requested Window and fixed project content dimensions exact R0
PASS Actual captured Image readback1179x664 exact R0
PASS ViewportTexture metadata831x468 matches engine stretch formula R0
PASS Camera projection aspect matches fixed1672x941 content R0
PASS 125 live parts/75old+50new use3 original materials in sameWorld3D R1
PASS Actual rendered 1216-front-R1
PASS Physical camera sphere clear 1216-front-R1
PASS Full unmasked native state exact R1
PASS Viewport configuration and metadata stable R1
PASS Requested Window and fixed project content dimensions exact R1
PASS Actual captured Image readback1179x664 exact R1
PASS ViewportTexture metadata831x468 matches engine stretch formula R1
PASS Camera projection aspect matches fixed1672x941 content R1
PASS Fixed scene/default file bytes unchanged
PASS Diagnostic functions/captures/restoration complete; pixel equality separately reported
