L58_SOURCE_STAGE {"stage": "native_entry", "pid": 45, "elapsed_seconds": 0.050546825004857965, "user_seconds": 0.405153, "system_seconds": 0.031871, "peak_rss_kib": 295028, "mode": "render", "views_stage": "views", "views_version": "cloudbank58l-form-v2-views-v1"}
L58_SOURCE_STAGE {"stage": "candidate_validation.begin", "pid": 45, "elapsed_seconds": 0.07584160000260454, "user_seconds": 0.428903, "system_seconds": 0.031871, "peak_rss_kib": 299764}
L58_SOURCE_STAGE {"stage": "candidate_validation.complete", "pid": 45, "elapsed_seconds": 1.1222987189976266, "user_seconds": 1.4450159999999999, "system_seconds": 0.043168, "peak_rss_kib": 307076}
L58_SOURCE_STAGE {"stage": "fresh_open.begin", "pid": 45, "elapsed_seconds": 1.1226656710059615, "user_seconds": 1.445381, "system_seconds": 0.043178999999999995, "peak_rss_kib": 307076}
L58_SOURCE_STAGE {"stage": "fresh_open.complete", "pid": 45, "elapsed_seconds": 1.1310655109991785, "user_seconds": 1.453633, "system_seconds": 0.043189, "peak_rss_kib": 307076, "opened_filepath": "/workspace/scratch/a29d03198654/Aether/source-assets/cloud-bank58/revision-l/form-v2/cloud_bank58l_form_v2.blend"}
L58_SOURCE_STAGE {"stage": "render.begin", "pid": 45, "elapsed_seconds": 2.4106688640022185, "user_seconds": 2.7257819999999997, "system_seconds": 0.051484999999999996, "peak_rss_kib": 324300, "view": "03-k-fixed-side-back"}
Blender 4.5.14 LTS (hash 62c1db4208e8 built 2026-09-15 01:31:19)
Read blend: "/workspace/scratch/a29d03198654/Aether/source-assets/cloud-bank58/revision-l/form-v2/cloud_bank58l_form_v2.blend"
Fra:1 Mem:12.19M (Peak 12.19M) | Time:00:00.00 | Mem:0.00M, Peak:0.00M | Scene, ViewLayer | Synchronizing object | L58_EDITABLE_MASTER
Fra:1 Mem:12.19M (Peak 12.19M) | Time:00:00.00 | Mem:0.00M, Peak:0.00M | Scene, ViewLayer | Synchronizing object | L58_K_FIXED_SUN
Fra:1 Mem:12.42M (Peak 12.42M) | Time:00:00.00 | Mem:0.00M, Peak:0.00M | Scene, ViewLayer | Initializing
Fra:1 Mem:12.17M (Peak 12.42M) | Time:00:00.00 | Mem:0.00M, Peak:0.00M | Scene, ViewLayer | Waiting for render to start
Fra:1 Mem:12.17M (Peak 12.42M) | Time:00:00.00 | Mem:0.00M, Peak:0.00M | Scene, ViewLayer | Updating Scene
Fra:1 Mem:12.17M (Peak 12.42M) | Time:00:00.00 | Mem:0.00M, Peak:0.00M | Scene, ViewLayer | Updating Shaders
Fra:1 Mem:12.17M (Peak 12.42M) | Time:00:00.00 | Mem:0.00M, Peak:0.00M | Scene, ViewLayer | Loading render kernels (may take a few minutes the first time)
Fra:1 Mem:12.25M (Peak 12.42M) | Time:00:00.00 | Mem:0.00M, Peak:0.00M | Scene, ViewLayer | Updating Procedurals
Fra:1 Mem:12.25M (Peak 12.42M) | Time:00:00.00 | Mem:0.00M, Peak:0.00M | Scene, ViewLayer | Updating Background
Fra:1 Mem:12.25M (Peak 12.42M) | Time:00:00.00 | Mem:0.00M, Peak:0.00M | Scene, ViewLayer | Updating Camera
Fra:1 Mem:12.25M (Peak 12.42M) | Time:00:00.00 | Mem:0.00M, Peak:0.00M | Scene, ViewLayer | Updating Meshes Flags
Fra:1 Mem:12.25M (Peak 12.42M) | Time:00:00.00 | Mem:0.00M, Peak:0.00M | Scene, ViewLayer | Updating Objects
Fra:1 Mem:12.25M (Peak 12.42M) | Time:00:00.00 | Mem:0.00M, Peak:0.00M | Scene, ViewLayer | Updating Objects | Copying Transformations to device
Fra:1 Mem:12.25M (Peak 12.42M) | Time:00:00.00 | Mem:0.00M, Peak:0.00M | Scene, ViewLayer | Updating Particle Systems
Fra:1 Mem:12.25M (Peak 12.42M) | Time:00:00.00 | Mem:0.00M, Peak:0.00M | Scene, ViewLayer | Updating Particle Systems | Copying Particles to device
Fra:1 Mem:12.25M (Peak 12.42M) | Time:00:00.00 | Mem:0.00M, Peak:0.00M | Scene, ViewLayer | Updating Meshes
Fra:1 Mem:12.25M (Peak 12.42M) | Time:00:00.00 | Mem:0.00M, Peak:0.00M | Scene, ViewLayer | Updating Objects | Applying Static Transformations
Fra:1 Mem:12.25M (Peak 12.42M) | Time:00:00.00 | Mem:0.00M, Peak:0.00M | Scene, ViewLayer | Updating Mesh | Computing attributes
Fra:1 Mem:12.27M (Peak 12.42M) | Time:00:00.00 | Mem:0.00M, Peak:0.00M | Scene, ViewLayer | Updating Mesh | Copying Attributes to device
Fra:1 Mem:12.27M (Peak 12.42M) | Time:00:00.00 | Mem:0.02M, Peak:0.02M | Scene, ViewLayer | Updating Scene BVH | Building
Fra:1 Mem:12.27M (Peak 12.42M) | Time:00:00.00 | Mem:0.02M, Peak:0.02M | Scene, ViewLayer | Updating Scene BVH | Building BVH
Fra:1 Mem:12.27M (Peak 12.42M) | Time:00:00.00 | Mem:0.12M, Peak:0.12M | Scene, ViewLayer | Updating Scene BVH | Building BVH 0%
Fra:1 Mem:12.27M (Peak 12.42M) | Time:00:00.00 | Mem:0.22M, Peak:0.32M | Scene, ViewLayer | Updating Scene BVH | Copying BVH to device
Fra:1 Mem:12.27M (Peak 12.42M) | Time:00:00.00 | Mem:0.22M, Peak:0.32M | Scene, ViewLayer | Updating Mesh | Computing normals
Fra:1 Mem:12.35M (Peak 12.42M) | Time:00:00.00 | Mem:0.22M, Peak:0.32M | Scene, ViewLayer | Updating Mesh | Copying Mesh to device
Fra:1 Mem:12.35M (Peak 12.42M) | Time:00:00.00 | Mem:0.31M, Peak:0.32M | Scene, ViewLayer | Updating Objects Flags
Fra:1 Mem:12.35M (Peak 12.42M) | Time:00:00.00 | Mem:0.31M, Peak:0.32M | Scene, ViewLayer | Updating Primitive Offsets
Fra:1 Mem:12.35M (Peak 12.42M) | Time:00:00.00 | Mem:0.31M, Peak:0.32M | Scene, ViewLayer | Updating Images
Fra:1 Mem:12.35M (Peak 12.42M) | Time:00:00.00 | Mem:0.31M, Peak:0.32M | Scene, ViewLayer | Updating Camera Volume
Fra:1 Mem:12.35M (Peak 12.42M) | Time:00:00.00 | Mem:0.31M, Peak:0.32M | Scene, ViewLayer | Updating Lookup Tables
Fra:1 Mem:12.35M (Peak 12.42M) | Time:00:00.00 | Mem:0.39M, Peak:0.39M | Scene, ViewLayer | Updating Lights
Fra:1 Mem:12.35M (Peak 12.42M) | Time:00:00.00 | Mem:0.39M, Peak:0.39M | Scene, ViewLayer | Updating Lights | Computing tree
Fra:1 Mem:12.35M (Peak 12.42M) | Time:00:00.00 | Mem:0.39M, Peak:0.39M | Scene, ViewLayer | Updating Integrator
Fra:1 Mem:12.35M (Peak 12.42M) | Time:00:00.00 | Mem:0.39M, Peak:0.39M | Scene, ViewLayer | Updating Film
Fra:1 Mem:12.36M (Peak 12.42M) | Time:00:00.00 | Mem:0.31M, Peak:0.39M | Scene, ViewLayer | Updating Lookup Tables
Fra:1 Mem:12.36M (Peak 12.42M) | Time:00:00.00 | Mem:0.39M, Peak:0.39M | Scene, ViewLayer | Updating Baking
Fra:1 Mem:12.36M (Peak 12.42M) | Time:00:00.00 | Mem:0.39M, Peak:0.39M | Scene, ViewLayer | Updating Device | Writing constant memory
Fra:1 Mem:12.36M (Peak 12.42M) | Time:00:00.00 | Mem:0.39M, Peak:0.39M | Scene, ViewLayer | Sample 0/8
Fra:1 Mem:39.26M (Peak 39.26M) | Time:00:00.26 | Remaining:00:01.84 | Mem:27.27M, Peak:27.27M | Scene, ViewLayer | Sample 1/8
Fra:1 Mem:51.20M (Peak 75.09M) | Time:00:02.12 | Mem:27.27M, Peak:27.27M | Scene, ViewLayer | Sample 8/8
Fra:1 Mem:51.20M (Peak 75.09M) | Time:00:02.12 | Mem:27.27M, Peak:27.27M | Scene, ViewLayer | Finished
Saved: '/workspace/scratch/a29d03198654/Aether/cloud-evidence/cloudbank58l-form-v2-views-v1-views-20261002T221408Z-plb7q1yk/outputs/03-k-fixed-side-back.png'
Time: 00:02.27 (Saving: 00:00.15)

L58_SOURCE_STAGE {"stage": "render.complete", "pid": 45, "elapsed_seconds": 4.688685651999549, "user_seconds": 6.93616, "system_seconds": 0.08985599999999999, "peak_rss_kib": 390604, "view": "03-k-fixed-side-back"}
L58_SOURCE_STAGE {"stage": "native_terminal", "pid": 45, "elapsed_seconds": 5.047065029997611, "user_seconds": 7.269264, "system_seconds": 0.09827899999999999, "peak_rss_kib": 390604, "passed": true, "state": "completed"}
