L58_SOURCE_STAGE {"stage": "native_entry", "pid": 26, "elapsed_seconds": 0.04395845299586654, "user_seconds": 0.36228099999999996, "system_seconds": 0.075658, "peak_rss_kib": 295332, "mode": "render", "views_stage": "views", "views_version": "cloudbank58l-form-v2-views-v1"}
L58_SOURCE_STAGE {"stage": "candidate_validation.begin", "pid": 26, "elapsed_seconds": 0.06555847999698017, "user_seconds": 0.383681, "system_seconds": 0.07585599999999999, "peak_rss_kib": 300068}
L58_SOURCE_STAGE {"stage": "candidate_validation.complete", "pid": 26, "elapsed_seconds": 1.1566386710037477, "user_seconds": 1.467964, "system_seconds": 0.08059, "peak_rss_kib": 307764}
L58_SOURCE_STAGE {"stage": "fresh_open.begin", "pid": 26, "elapsed_seconds": 1.1570234789978713, "user_seconds": 1.468337, "system_seconds": 0.08061, "peak_rss_kib": 307764}
L58_SOURCE_STAGE {"stage": "fresh_open.complete", "pid": 26, "elapsed_seconds": 1.1654066439950839, "user_seconds": 1.476767, "system_seconds": 0.080622, "peak_rss_kib": 307764, "opened_filepath": "/workspace/scratch/a29d03198654/Aether/source-assets/cloud-bank58/revision-l/form-v2/cloud_bank58l_form_v2.blend"}
L58_SOURCE_STAGE {"stage": "render.begin", "pid": 26, "elapsed_seconds": 2.54103503600345, "user_seconds": 2.841536, "system_seconds": 0.092288, "peak_rss_kib": 325280, "view": "02-k-trial-front"}
Blender 4.5.14 LTS (hash 62c1db4208e8 built 2026-09-15 01:31:19)
Read blend: "/workspace/scratch/a29d03198654/Aether/source-assets/cloud-bank58/revision-l/form-v2/cloud_bank58l_form_v2.blend"
Fra:1 Mem:12.19M (Peak 12.19M) | Time:00:00.00 | Mem:0.00M, Peak:0.00M | Scene, ViewLayer | Synchronizing object | L58_EDITABLE_MASTER
Fra:1 Mem:12.19M (Peak 12.19M) | Time:00:00.00 | Mem:0.00M, Peak:0.00M | Scene, ViewLayer | Synchronizing object | L58_K_FIXED_SUN
Fra:1 Mem:12.42M (Peak 12.42M) | Time:00:00.00 | Mem:0.00M, Peak:0.00M | Scene, ViewLayer | Initializing
Fra:1 Mem:12.17M (Peak 12.42M) | Time:00:00.00 | Mem:0.00M, Peak:0.00M | Scene, ViewLayer | Waiting for render to start
Fra:1 Mem:12.17M (Peak 12.42M) | Time:00:00.00 | Mem:0.00M, Peak:0.00M | Scene, ViewLayer | Updating Scene
Fra:1 Mem:12.17M (Peak 12.42M) | Time:00:00.00 | Mem:0.00M, Peak:0.00M | Scene, ViewLayer | Updating Shaders
Fra:1 Mem:12.17M (Peak 12.42M) | Time:00:00.00 | Mem:0.00M, Peak:0.00M | Scene, ViewLayer | Loading render kernels (may take a few minutes the first time)
Fra:1 Mem:12.25M (Peak 12.42M) | Time:00:00.00 | Mem:0.00M, Peak:0.00M | Scene, ViewLayer | Updating Procedurals
Fra:1 Mem:12.25M (Peak 12.42M) | Time:00:00.00 | Mem:0.00M, Peak:0.00M | Scene, ViewLayer | Updating Background
Fra:1 Mem:12.25M (Peak 12.42M) | Time:00:00.00 | Mem:0.00M, Peak:0.00M | Scene, ViewLayer | Updating Camera
Fra:1 Mem:12.25M (Peak 12.42M) | Time:00:00.00 | Mem:0.00M, Peak:0.00M | Scene, ViewLayer | Updating Meshes Flags
Fra:1 Mem:12.25M (Peak 12.42M) | Time:00:00.00 | Mem:0.00M, Peak:0.00M | Scene, ViewLayer | Updating Objects
Fra:1 Mem:12.25M (Peak 12.42M) | Time:00:00.00 | Mem:0.00M, Peak:0.00M | Scene, ViewLayer | Updating Objects | Copying Transformations to device
Fra:1 Mem:12.25M (Peak 12.42M) | Time:00:00.00 | Mem:0.00M, Peak:0.00M | Scene, ViewLayer | Updating Particle Systems
Fra:1 Mem:12.25M (Peak 12.42M) | Time:00:00.00 | Mem:0.00M, Peak:0.00M | Scene, ViewLayer | Updating Particle Systems | Copying Particles to device
Fra:1 Mem:12.25M (Peak 12.42M) | Time:00:00.00 | Mem:0.00M, Peak:0.00M | Scene, ViewLayer | Updating Meshes
Fra:1 Mem:12.25M (Peak 12.42M) | Time:00:00.00 | Mem:0.00M, Peak:0.00M | Scene, ViewLayer | Updating Objects | Applying Static Transformations
Fra:1 Mem:12.25M (Peak 12.42M) | Time:00:00.00 | Mem:0.00M, Peak:0.00M | Scene, ViewLayer | Updating Mesh | Computing attributes
Fra:1 Mem:12.27M (Peak 12.42M) | Time:00:00.00 | Mem:0.00M, Peak:0.00M | Scene, ViewLayer | Updating Mesh | Copying Attributes to device
Fra:1 Mem:12.27M (Peak 12.42M) | Time:00:00.00 | Mem:0.02M, Peak:0.02M | Scene, ViewLayer | Updating Scene BVH | Building
Fra:1 Mem:12.27M (Peak 12.42M) | Time:00:00.00 | Mem:0.02M, Peak:0.02M | Scene, ViewLayer | Updating Scene BVH | Building BVH
Fra:1 Mem:12.27M (Peak 12.42M) | Time:00:00.00 | Mem:0.12M, Peak:0.12M | Scene, ViewLayer | Updating Scene BVH | Building BVH 0%
Fra:1 Mem:12.27M (Peak 12.42M) | Time:00:00.00 | Mem:0.22M, Peak:0.32M | Scene, ViewLayer | Updating Scene BVH | Copying BVH to device
Fra:1 Mem:12.27M (Peak 12.42M) | Time:00:00.00 | Mem:0.22M, Peak:0.32M | Scene, ViewLayer | Updating Mesh | Computing normals
Fra:1 Mem:12.35M (Peak 12.42M) | Time:00:00.00 | Mem:0.22M, Peak:0.32M | Scene, ViewLayer | Updating Mesh | Copying Mesh to device
Fra:1 Mem:12.35M (Peak 12.42M) | Time:00:00.00 | Mem:0.31M, Peak:0.32M | Scene, ViewLayer | Updating Objects Flags
Fra:1 Mem:12.35M (Peak 12.42M) | Time:00:00.00 | Mem:0.31M, Peak:0.32M | Scene, ViewLayer | Updating Primitive Offsets
Fra:1 Mem:12.35M (Peak 12.42M) | Time:00:00.00 | Mem:0.31M, Peak:0.32M | Scene, ViewLayer | Updating Images
Fra:1 Mem:12.35M (Peak 12.42M) | Time:00:00.00 | Mem:0.31M, Peak:0.32M | Scene, ViewLayer | Updating Camera Volume
Fra:1 Mem:12.35M (Peak 12.42M) | Time:00:00.00 | Mem:0.31M, Peak:0.32M | Scene, ViewLayer | Updating Lookup Tables
Fra:1 Mem:12.35M (Peak 12.42M) | Time:00:00.00 | Mem:0.39M, Peak:0.39M | Scene, ViewLayer | Updating Lights
Fra:1 Mem:12.35M (Peak 12.42M) | Time:00:00.00 | Mem:0.39M, Peak:0.39M | Scene, ViewLayer | Updating Lights | Computing tree
Fra:1 Mem:12.35M (Peak 12.42M) | Time:00:00.00 | Mem:0.39M, Peak:0.39M | Scene, ViewLayer | Updating Integrator
Fra:1 Mem:12.35M (Peak 12.42M) | Time:00:00.00 | Mem:0.39M, Peak:0.39M | Scene, ViewLayer | Updating Film
Fra:1 Mem:12.36M (Peak 12.42M) | Time:00:00.00 | Mem:0.31M, Peak:0.39M | Scene, ViewLayer | Updating Lookup Tables
Fra:1 Mem:12.36M (Peak 12.42M) | Time:00:00.00 | Mem:0.39M, Peak:0.39M | Scene, ViewLayer | Updating Baking
Fra:1 Mem:12.36M (Peak 12.42M) | Time:00:00.00 | Mem:0.39M, Peak:0.39M | Scene, ViewLayer | Updating Device | Writing constant memory
Fra:1 Mem:12.36M (Peak 12.42M) | Time:00:00.00 | Mem:0.39M, Peak:0.39M | Scene, ViewLayer | Sample 0/8
Fra:1 Mem:39.26M (Peak 39.26M) | Time:00:00.20 | Remaining:00:01.39 | Mem:27.27M, Peak:27.27M | Scene, ViewLayer | Sample 1/8
Fra:1 Mem:51.20M (Peak 75.09M) | Time:00:01.61 | Mem:27.27M, Peak:27.27M | Scene, ViewLayer | Sample 8/8
Fra:1 Mem:51.20M (Peak 75.09M) | Time:00:01.61 | Mem:27.27M, Peak:27.27M | Scene, ViewLayer | Finished
Saved: '/workspace/scratch/a29d03198654/Aether/cloud-evidence/cloudbank58l-form-v2-views-v1-views-20261002T221408Z-plb7q1yk/outputs/02-k-trial-front.png'
Time: 00:01.77 (Saving: 00:00.15)

L58_SOURCE_STAGE {"stage": "render.complete", "pid": 26, "elapsed_seconds": 4.318545039990568, "user_seconds": 6.086784, "system_seconds": 0.122599, "peak_rss_kib": 391296, "view": "02-k-trial-front"}
L58_SOURCE_STAGE {"stage": "native_terminal", "pid": 26, "elapsed_seconds": 4.6763758919987595, "user_seconds": 6.4411059999999996, "system_seconds": 0.122599, "peak_rss_kib": 391296, "passed": true, "state": "completed"}
