L58_SOURCE_STAGE {"stage": "native_entry", "pid": 7, "elapsed_seconds": 0.043853538008988835, "user_seconds": 0.374586, "system_seconds": 0.12443299999999999, "peak_rss_kib": 294868, "mode": "render", "views_stage": "views", "views_version": "cloudbank58l-form-v2-views-v1"}
L58_SOURCE_STAGE {"stage": "candidate_validation.begin", "pid": 7, "elapsed_seconds": 0.06674205700983293, "user_seconds": 0.39547099999999996, "system_seconds": 0.126074, "peak_rss_kib": 299604}
L58_SOURCE_STAGE {"stage": "candidate_validation.complete", "pid": 7, "elapsed_seconds": 1.1539877580071334, "user_seconds": 1.471168, "system_seconds": 0.12770399999999998, "peak_rss_kib": 307172}
L58_SOURCE_STAGE {"stage": "fresh_open.begin", "pid": 7, "elapsed_seconds": 1.1543707130040275, "user_seconds": 1.471528, "system_seconds": 0.127736, "peak_rss_kib": 307172}
L58_SOURCE_STAGE {"stage": "fresh_open.complete", "pid": 7, "elapsed_seconds": 1.1630721190012991, "user_seconds": 1.480316, "system_seconds": 0.127807, "peak_rss_kib": 307476, "opened_filepath": "/workspace/scratch/a29d03198654/Aether/source-assets/cloud-bank58/revision-l/form-v2/cloud_bank58l_form_v2.blend"}
L58_SOURCE_STAGE {"stage": "render.begin", "pid": 7, "elapsed_seconds": 2.511193665006431, "user_seconds": 2.796684, "system_seconds": 0.150836, "peak_rss_kib": 324700, "view": "01-original61-front"}
Blender 4.5.14 LTS (hash 62c1db4208e8 built 2026-09-15 01:31:19)
Read blend: "/workspace/scratch/a29d03198654/Aether/source-assets/cloud-bank58/revision-l/form-v2/cloud_bank58l_form_v2.blend"
Fra:1 Mem:12.19M (Peak 12.19M) | Time:00:00.00 | Mem:0.00M, Peak:0.00M | Scene, ViewLayer | Synchronizing object | L58_K_FIXED_SUN
Fra:1 Mem:12.19M (Peak 12.19M) | Time:00:00.00 | Mem:0.00M, Peak:0.00M | Scene, ViewLayer | Synchronizing object | L58_EDITABLE_MASTER
Fra:1 Mem:12.42M (Peak 12.42M) | Time:00:00.00 | Mem:0.00M, Peak:0.00M | Scene, ViewLayer | Initializing
Fra:1 Mem:12.17M (Peak 12.42M) | Time:00:00.00 | Mem:0.00M, Peak:0.00M | Scene, ViewLayer | Waiting for render to start
Fra:1 Mem:12.17M (Peak 12.42M) | Time:00:00.00 | Mem:0.00M, Peak:0.00M | Scene, ViewLayer | Updating Scene
Fra:1 Mem:12.17M (Peak 12.42M) | Time:00:00.00 | Mem:0.00M, Peak:0.00M | Scene, ViewLayer | Updating Shaders
Fra:1 Mem:12.17M (Peak 12.42M) | Time:00:00.00 | Mem:0.00M, Peak:0.00M | Scene, ViewLayer | Loading render kernels (may take a few minutes the first time)
Fra:1 Mem:12.25M (Peak 12.42M) | Time:00:00.00 | Mem:0.00M, Peak:0.00M | Scene, ViewLayer | Updating Procedurals
Fra:1 Mem:12.25M (Peak 12.42M) | Time:00:00.00 | Mem:0.00M, Peak:0.00M | Scene, ViewLayer | Updating Background
Fra:1 Mem:12.25M (Peak 12.42M) | Time:00:00.00 | Mem:0.00M, Peak:0.00M | Scene, ViewLayer | Updating Camera
Fra:1 Mem:12.25M (Peak 12.42M) | Time:00:00.00 | Mem:0.00M, Peak:0.00M | Scene, ViewLayer | Updating Meshes Flags
Fra:1 Mem:12.25M (Peak 12.42M) | Time:00:00.00 | Mem:0.00M, Peak:0.00M | Scene, ViewLayer | Updating Objects
Fra:1 Mem:12.25M (Peak 12.42M) | Time:00:00.00 | Mem:0.00M, Peak:0.00M | Scene, ViewLayer | Updating Objects | Copying Transformations to device
Fra:1 Mem:12.25M (Peak 12.42M) | Time:00:00.00 | Mem:0.00M, Peak:0.00M | Scene, ViewLayer | Updating Particle Systems
Fra:1 Mem:12.25M (Peak 12.42M) | Time:00:00.00 | Mem:0.00M, Peak:0.00M | Scene, ViewLayer | Updating Particle Systems | Copying Particles to device
Fra:1 Mem:12.25M (Peak 12.42M) | Time:00:00.00 | Mem:0.00M, Peak:0.00M | Scene, ViewLayer | Updating Meshes
Fra:1 Mem:12.25M (Peak 12.42M) | Time:00:00.00 | Mem:0.00M, Peak:0.00M | Scene, ViewLayer | Updating Objects | Applying Static Transformations
Fra:1 Mem:12.25M (Peak 12.42M) | Time:00:00.00 | Mem:0.00M, Peak:0.00M | Scene, ViewLayer | Updating Mesh | Computing attributes
Fra:1 Mem:12.27M (Peak 12.42M) | Time:00:00.00 | Mem:0.00M, Peak:0.00M | Scene, ViewLayer | Updating Mesh | Copying Attributes to device
Fra:1 Mem:12.27M (Peak 12.42M) | Time:00:00.00 | Mem:0.02M, Peak:0.02M | Scene, ViewLayer | Updating Scene BVH | Building
Fra:1 Mem:12.27M (Peak 12.42M) | Time:00:00.00 | Mem:0.02M, Peak:0.02M | Scene, ViewLayer | Updating Scene BVH | Building BVH
Fra:1 Mem:12.27M (Peak 12.42M) | Time:00:00.00 | Mem:0.12M, Peak:0.12M | Scene, ViewLayer | Updating Scene BVH | Building BVH 0%
Fra:1 Mem:12.27M (Peak 12.42M) | Time:00:00.00 | Mem:0.22M, Peak:0.32M | Scene, ViewLayer | Updating Scene BVH | Copying BVH to device
Fra:1 Mem:12.27M (Peak 12.42M) | Time:00:00.00 | Mem:0.22M, Peak:0.32M | Scene, ViewLayer | Updating Mesh | Computing normals
Fra:1 Mem:12.35M (Peak 12.42M) | Time:00:00.00 | Mem:0.22M, Peak:0.32M | Scene, ViewLayer | Updating Mesh | Copying Mesh to device
Fra:1 Mem:12.35M (Peak 12.42M) | Time:00:00.00 | Mem:0.31M, Peak:0.32M | Scene, ViewLayer | Updating Objects Flags
Fra:1 Mem:12.35M (Peak 12.42M) | Time:00:00.00 | Mem:0.31M, Peak:0.32M | Scene, ViewLayer | Updating Primitive Offsets
Fra:1 Mem:12.35M (Peak 12.42M) | Time:00:00.00 | Mem:0.31M, Peak:0.32M | Scene, ViewLayer | Updating Images
Fra:1 Mem:12.35M (Peak 12.42M) | Time:00:00.00 | Mem:0.31M, Peak:0.32M | Scene, ViewLayer | Updating Camera Volume
Fra:1 Mem:12.35M (Peak 12.42M) | Time:00:00.00 | Mem:0.31M, Peak:0.32M | Scene, ViewLayer | Updating Lookup Tables
Fra:1 Mem:12.35M (Peak 12.42M) | Time:00:00.00 | Mem:0.39M, Peak:0.39M | Scene, ViewLayer | Updating Lights
Fra:1 Mem:12.35M (Peak 12.42M) | Time:00:00.00 | Mem:0.39M, Peak:0.39M | Scene, ViewLayer | Updating Lights | Computing tree
Fra:1 Mem:12.35M (Peak 12.42M) | Time:00:00.00 | Mem:0.39M, Peak:0.39M | Scene, ViewLayer | Updating Integrator
Fra:1 Mem:12.35M (Peak 12.42M) | Time:00:00.00 | Mem:0.39M, Peak:0.39M | Scene, ViewLayer | Updating Film
Fra:1 Mem:12.36M (Peak 12.42M) | Time:00:00.00 | Mem:0.31M, Peak:0.39M | Scene, ViewLayer | Updating Lookup Tables
Fra:1 Mem:12.36M (Peak 12.42M) | Time:00:00.00 | Mem:0.39M, Peak:0.39M | Scene, ViewLayer | Updating Baking
Fra:1 Mem:12.36M (Peak 12.42M) | Time:00:00.00 | Mem:0.39M, Peak:0.39M | Scene, ViewLayer | Updating Device | Writing constant memory
Fra:1 Mem:12.36M (Peak 12.42M) | Time:00:00.00 | Mem:0.39M, Peak:0.39M | Scene, ViewLayer | Sample 0/8
Fra:1 Mem:39.26M (Peak 39.26M) | Time:00:00.21 | Remaining:00:01.45 | Mem:27.27M, Peak:27.27M | Scene, ViewLayer | Sample 1/8
Fra:1 Mem:51.20M (Peak 75.09M) | Time:00:01.64 | Mem:27.27M, Peak:27.27M | Scene, ViewLayer | Sample 8/8
Fra:1 Mem:51.20M (Peak 75.09M) | Time:00:01.64 | Mem:27.27M, Peak:27.27M | Scene, ViewLayer | Finished
Saved: '/workspace/scratch/a29d03198654/Aether/cloud-evidence/cloudbank58l-form-v2-views-v1-views-20261002T221408Z-plb7q1yk/outputs/01-original61-front.png'
Time: 00:01.80 (Saving: 00:00.16)

L58_SOURCE_STAGE {"stage": "render.complete", "pid": 7, "elapsed_seconds": 4.321418890001951, "user_seconds": 6.056713, "system_seconds": 0.21454099999999998, "peak_rss_kib": 385388, "view": "01-original61-front"}
L58_SOURCE_STAGE {"stage": "native_terminal", "pid": 7, "elapsed_seconds": 4.680640611011768, "user_seconds": 6.408089, "system_seconds": 0.218798, "peak_rss_kib": 385388, "passed": true, "state": "completed"}
