Extensions: writing cache failed ([Errno 30] Read-only file system: '/home/agent/.config/blender').
Info: Saved as "island_near_left.blend"
INFO Draco mesh compression is available, use library at /workspace/scratch/a29d03198654/tools-feiting/blender-4.5.14-linux-x64/4.5/scripts/addons_core/io_scene_gltf2/libextern_draco.so
07:41:51 | INFO: Starting glTF 2.0 export
07:41:51 | INFO: Extracting primitive: island_near_left_rockroot_Mesh
07:41:51 | INFO: Primitives created: 1
07:41:51 | INFO: Extracting primitive: island_near_left_shoulder_Mesh
07:41:51 | INFO: Primitives created: 1
07:41:51 | INFO: Extracting primitive: island_near_left_grasscap_west_Mesh
07:41:51 | INFO: Primitives created: 1
07:41:51 | INFO: Extracting primitive: island_near_left_grasscap_east_Mesh
07:41:51 | INFO: Primitives created: 1
07:41:51 | INFO: Extracting primitive: island_near_left_wetshore_00_Mesh
07:41:51 | INFO: Primitives created: 1
07:41:51 | INFO: Extracting primitive: island_near_left_wetshore_01_Mesh
07:41:51 | INFO: Primitives created: 1
07:41:51 | INFO: Extracting primitive: island_near_left_wetshore_02_Mesh
07:41:51 | INFO: Primitives created: 1
07:41:51 | INFO: Extracting primitive: island_near_left_wetshore_03_Mesh
07:41:51 | INFO: Primitives created: 1
07:41:51 | INFO: Extracting primitive: island_near_left_wetshore_04_Mesh
07:41:51 | INFO: Primitives created: 1
07:41:51 | INFO: Extracting primitive: island_near_left_wetshore_05_Mesh
07:41:51 | INFO: Primitives created: 1
07:41:51 | INFO: Extracting primitive: island_near_left_pine_01_trunk_Mesh
07:41:51 | INFO: Primitives created: 1
07:41:51 | INFO: Extracting primitive: island_near_left_pine_01_branch_00_00_Mesh
07:41:51 | INFO: Primitives created: 1
07:41:51 | INFO: Extracting primitive: island_near_left_pine_01_branch_00_01_Mesh
07:41:51 | INFO: Primitives created: 1
07:41:51 | INFO: Extracting primitive: island_near_left_pine_01_branch_00_02_Mesh
07:41:51 | INFO: Primitives created: 1
07:41:51 | INFO: Extracting primitive: island_near_left_pine_01_branch_00_03_Mesh
07:41:51 | INFO: Primitives created: 1
07:41:51 | INFO: Extracting primitive: island_near_left_pine_01_branch_00_04_Mesh
07:41:51 | INFO: Primitives created: 1
07:41:51 | INFO: Extracting primitive: island_near_left_pine_01_crown_tier_00_Mesh
07:41:51 | INFO: Primitives created: 1
07:41:51 | INFO: Extracting primitive: island_near_left_pine_01_branch_01_00_Mesh
07:41:51 | INFO: Primitives created: 1
07:41:51 | INFO: Extracting primitive: island_near_left_pine_01_branch_01_01_Mesh
07:41:51 | INFO: Primitives created: 1
07:41:51 | INFO: Extracting primitive: island_near_left_pine_01_branch_01_02_Mesh
07:41:51 | INFO: Primitives created: 1
07:41:51 | INFO: Extracting primitive: island_near_left_pine_01_branch_01_03_Mesh
07:41:51 | INFO: Primitives created: 1
07:41:51 | INFO: Extracting primitive: island_near_left_pine_01_branch_01_04_Mesh
07:41:51 | INFO: Primitives created: 1
07:41:51 | INFO: Extracting primitive: island_near_left_pine_01_crown_tier_01_Mesh
07:41:51 | INFO: Primitives created: 1
07:41:51 | INFO: Extracting primitive: island_near_left_pine_01_branch_02_00_Mesh
07:41:51 | INFO: Primitives created: 1
07:41:51 | INFO: Extracting primitive: island_near_left_pine_01_branch_02_01_Mesh
07:41:51 | INFO: Primitives created: 1
07:41:51 | INFO: Extracting primitive: island_near_left_pine_01_branch_02_02_Mesh
07:41:51 | INFO: Primitives created: 1
07:41:51 | INFO: Extracting primitive: island_near_left_pine_01_branch_02_03_Mesh
07:41:51 | INFO: Primitives created: 1
07:41:51 | INFO: Extracting primitive: island_near_left_pine_01_branch_02_04_Mesh
07:41:51 | INFO: Primitives created: 1
07:41:51 | INFO: Extracting primitive: island_near_left_pine_01_crown_tier_02_Mesh
07:41:51 | INFO: Primitives created: 1
07:41:51 | INFO: Extracting primitive: island_near_left_pine_01_crown_tier_03_Mesh
07:41:51 | INFO: Primitives created: 1
07:41:51 | INFO: Extracting primitive: island_near_left_pine_01_crown_tier_04_Mesh
07:41:51 | INFO: Primitives created: 1
07:41:51 | INFO: Extracting primitive: island_near_left_pine_01_leader_Mesh
07:41:51 | INFO: Primitives created: 1
07:41:51 | INFO: Extracting primitive: island_near_left_pine_02_trunk_Mesh
07:41:51 | INFO: Primitives created: 1
07:41:51 | INFO: Extracting primitive: island_near_left_pine_02_branch_00_00_Mesh
07:41:51 | INFO: Primitives created: 1
07:41:51 | INFO: Extracting primitive: island_near_left_pine_02_branch_00_01_Mesh
07:41:51 | INFO: Primitives created: 1
07:41:51 | INFO: Extracting primitive: island_near_left_pine_02_branch_00_02_Mesh
07:41:51 | INFO: Primitives created: 1
07:41:51 | INFO: Extracting primitive: island_near_left_pine_02_branch_00_03_Mesh
07:41:51 | INFO: Primitives created: 1
07:41:51 | INFO: Extracting primitive: island_near_left_pine_02_branch_00_04_Mesh
07:41:51 | INFO: Primitives created: 1
07:41:51 | INFO: Extracting primitive: island_near_left_pine_02_crown_tier_00_Mesh
07:41:51 | INFO: Primitives created: 1
07:41:51 | INFO: Extracting primitive: island_near_left_pine_02_branch_01_00_Mesh
07:41:51 | INFO: Primitives created: 1
07:41:51 | INFO: Extracting primitive: island_near_left_pine_02_branch_01_01_Mesh
07:41:51 | INFO: Primitives created: 1
07:41:51 | INFO: Extracting primitive: island_near_left_pine_02_branch_01_02_Mesh
07:41:51 | INFO: Primitives created: 1
07:41:51 | INFO: Extracting primitive: island_near_left_pine_02_branch_01_03_Mesh
07:41:51 | INFO: Primitives created: 1
07:41:51 | INFO: Extracting primitive: island_near_left_pine_02_branch_01_04_Mesh
07:41:51 | INFO: Primitives created: 1
07:41:51 | INFO: Extracting primitive: island_near_left_pine_02_crown_tier_01_Mesh
07:41:51 | INFO: Primitives created: 1
07:41:51 | INFO: Extracting primitive: island_near_left_pine_02_branch_02_00_Mesh
07:41:51 | INFO: Primitives created: 1
07:41:51 | INFO: Extracting primitive: island_near_left_pine_02_branch_02_01_Mesh
07:41:51 | INFO: Primitives created: 1
07:41:51 | INFO: Extracting primitive: island_near_left_pine_02_branch_02_02_Mesh
07:41:51 | INFO: Primitives created: 1
07:41:51 | INFO: Extracting primitive: island_near_left_pine_02_branch_02_03_Mesh
07:41:51 | INFO: Primitives created: 1
07:41:51 | INFO: Extracting primitive: island_near_left_pine_02_branch_02_04_Mesh
07:41:51 | INFO: Primitives created: 1
07:41:51 | INFO: Extracting primitive: island_near_left_pine_02_crown_tier_02_Mesh
07:41:51 | INFO: Primitives created: 1
07:41:51 | INFO: Extracting primitive: island_near_left_pine_02_crown_tier_03_Mesh
07:41:51 | INFO: Primitives created: 1
07:41:51 | INFO: Extracting primitive: island_near_left_pine_02_crown_tier_04_Mesh
07:41:51 | INFO: Primitives created: 1
07:41:51 | INFO: Extracting primitive: island_near_left_pine_02_leader_Mesh
07:41:51 | INFO: Primitives created: 1
07:41:51 | INFO: Finished glTF 2.0 export in 0.09645891189575195 s

CREATED island_near_left 54 objects 2244 triangles
Extensions: writing cache failed ([Errno 30] Read-only file system: '/home/agent/.config/blender').
Info: Saved as "island_far_middle.blend"
07:41:51 | INFO: Starting glTF 2.0 export
07:41:51 | INFO: Extracting primitive: island_far_middle_rockroot_Mesh
07:41:51 | INFO: Primitives created: 1
07:41:51 | INFO: Extracting primitive: island_far_middle_shoulder_Mesh
07:41:51 | INFO: Primitives created: 1
07:41:51 | INFO: Extracting primitive: island_far_middle_grasscap_west_Mesh
07:41:51 | INFO: Primitives created: 1
07:41:51 | INFO: Extracting primitive: island_far_middle_grasscap_east_Mesh
07:41:51 | INFO: Primitives created: 1
07:41:51 | INFO: Extracting primitive: island_far_middle_wetshore_00_Mesh
07:41:51 | INFO: Primitives created: 1
07:41:51 | INFO: Extracting primitive: island_far_middle_wetshore_01_Mesh
07:41:51 | INFO: Primitives created: 1
07:41:51 | INFO: Extracting primitive: island_far_middle_wetshore_02_Mesh
07:41:51 | INFO: Primitives created: 1
07:41:51 | INFO: Extracting primitive: island_far_middle_wetshore_03_Mesh
07:41:51 | INFO: Primitives created: 1
07:41:51 | INFO: Extracting primitive: island_far_middle_wetshore_04_Mesh
07:41:51 | INFO: Primitives created: 1
07:41:51 | INFO: Extracting primitive: island_far_middle_wetshore_05_Mesh
07:41:51 | INFO: Primitives created: 1
07:41:51 | INFO: Extracting primitive: island_far_middle_pine_01_trunk_Mesh
07:41:51 | INFO: Primitives created: 1
07:41:51 | INFO: Extracting primitive: island_far_middle_pine_01_branch_00_00_Mesh
07:41:51 | INFO: Primitives created: 1
07:41:51 | INFO: Extracting primitive: island_far_middle_pine_01_branch_00_01_Mesh
07:41:51 | INFO: Primitives created: 1
07:41:51 | INFO: Extracting primitive: island_far_middle_pine_01_branch_00_02_Mesh
07:41:51 | INFO: Primitives created: 1
07:41:51 | INFO: Extracting primitive: island_far_middle_pine_01_branch_00_03_Mesh
07:41:51 | INFO: Primitives created: 1
07:41:51 | INFO: Extracting primitive: island_far_middle_pine_01_branch_00_04_Mesh
07:41:51 | INFO: Primitives created: 1
07:41:51 | INFO: Extracting primitive: island_far_middle_pine_01_crown_tier_00_Mesh
07:41:51 | INFO: Primitives created: 1
07:41:51 | INFO: Extracting primitive: island_far_middle_pine_01_branch_01_00_Mesh
07:41:51 | INFO: Primitives created: 1
07:41:51 | INFO: Extracting primitive: island_far_middle_pine_01_branch_01_01_Mesh
07:41:51 | INFO: Primitives created: 1
07:41:51 | INFO: Extracting primitive: island_far_middle_pine_01_branch_01_02_Mesh
07:41:51 | INFO: Primitives created: 1
07:41:51 | INFO: Extracting primitive: island_far_middle_pine_01_branch_01_03_Mesh
07:41:51 | INFO: Primitives created: 1
07:41:51 | INFO: Extracting primitive: island_far_middle_pine_01_branch_01_04_Mesh
07:41:51 | INFO: Primitives created: 1
07:41:51 | INFO: Extracting primitive: island_far_middle_pine_01_crown_tier_01_Mesh
07:41:51 | INFO: Primitives created: 1
07:41:51 | INFO: Extracting primitive: island_far_middle_pine_01_branch_02_00_Mesh
07:41:51 | INFO: Primitives created: 1
07:41:51 | INFO: Extracting primitive: island_far_middle_pine_01_branch_02_01_Mesh
07:41:51 | INFO: Primitives created: 1
07:41:51 | INFO: Extracting primitive: island_far_middle_pine_01_branch_02_02_Mesh
07:41:51 | INFO: Primitives created: 1
07:41:51 | INFO: Extracting primitive: island_far_middle_pine_01_branch_02_03_Mesh
07:41:51 | INFO: Primitives created: 1
07:41:51 | INFO: Extracting primitive: island_far_middle_pine_01_branch_02_04_Mesh
07:41:51 | INFO: Primitives created: 1
07:41:51 | INFO: Extracting primitive: island_far_middle_pine_01_crown_tier_02_Mesh
07:41:51 | INFO: Primitives created: 1
07:41:51 | INFO: Extracting primitive: island_far_middle_pine_01_crown_tier_03_Mesh
07:41:51 | INFO: Primitives created: 1
07:41:51 | INFO: Extracting primitive: island_far_middle_pine_01_crown_tier_04_Mesh
07:41:51 | INFO: Primitives created: 1
07:41:51 | INFO: Extracting primitive: island_far_middle_pine_01_leader_Mesh
07:41:51 | INFO: Primitives created: 1
07:41:51 | INFO: Extracting primitive: island_far_middle_pine_02_trunk_Mesh
07:41:51 | INFO: Primitives created: 1
07:41:51 | INFO: Extracting primitive: island_far_middle_pine_02_branch_00_00_Mesh
07:41:51 | INFO: Primitives created: 1
07:41:51 | INFO: Extracting primitive: island_far_middle_pine_02_branch_00_01_Mesh
07:41:51 | INFO: Primitives created: 1
07:41:51 | INFO: Extracting primitive: island_far_middle_pine_02_branch_00_02_Mesh
07:41:51 | INFO: Primitives created: 1
07:41:51 | INFO: Extracting primitive: island_far_middle_pine_02_branch_00_03_Mesh
07:41:51 | INFO: Primitives created: 1
07:41:51 | INFO: Extracting primitive: island_far_middle_pine_02_branch_00_04_Mesh
07:41:51 | INFO: Primitives created: 1
07:41:51 | INFO: Extracting primitive: island_far_middle_pine_02_crown_tier_00_Mesh
07:41:51 | INFO: Primitives created: 1
07:41:51 | INFO: Extracting primitive: island_far_middle_pine_02_branch_01_00_Mesh
07:41:51 | INFO: Primitives created: 1
07:41:51 | INFO: Extracting primitive: island_far_middle_pine_02_branch_01_01_Mesh
07:41:51 | INFO: Primitives created: 1
07:41:51 | INFO: Extracting primitive: island_far_middle_pine_02_branch_01_02_Mesh
07:41:51 | INFO: Primitives created: 1
07:41:51 | INFO: Extracting primitive: island_far_middle_pine_02_branch_01_03_Mesh
07:41:51 | INFO: Primitives created: 1
07:41:51 | INFO: Extracting primitive: island_far_middle_pine_02_branch_01_04_Mesh
07:41:51 | INFO: Primitives created: 1
07:41:51 | INFO: Extracting primitive: island_far_middle_pine_02_crown_tier_01_Mesh
07:41:51 | INFO: Primitives created: 1
07:41:51 | INFO: Extracting primitive: island_far_middle_pine_02_branch_02_00_Mesh
07:41:51 | INFO: Primitives created: 1
07:41:51 | INFO: Extracting primitive: island_far_middle_pine_02_branch_02_01_Mesh
07:41:51 | INFO: Primitives created: 1
07:41:51 | INFO: Extracting primitive: island_far_middle_pine_02_branch_02_02_Mesh
07:41:51 | INFO: Primitives created: 1
07:41:51 | INFO: Extracting primitive: island_far_middle_pine_02_branch_02_03_Mesh
07:41:51 | INFO: Primitives created: 1
07:41:51 | INFO: Extracting primitive: island_far_middle_pine_02_branch_02_04_Mesh
07:41:51 | INFO: Primitives created: 1
07:41:51 | INFO: Extracting primitive: island_far_middle_pine_02_crown_tier_02_Mesh
07:41:51 | INFO: Primitives created: 1
07:41:51 | INFO: Extracting primitive: island_far_middle_pine_02_crown_tier_03_Mesh
07:41:51 | INFO: Primitives created: 1
07:41:51 | INFO: Extracting primitive: island_far_middle_pine_02_crown_tier_04_Mesh
07:41:51 | INFO: Primitives created: 1
07:41:51 | INFO: Extracting primitive: island_far_middle_pine_02_leader_Mesh
07:41:51 | INFO: Primitives created: 1
07:41:51 | INFO: Extracting primitive: island_far_middle_pine_03_trunk_Mesh
07:41:51 | INFO: Primitives created: 1
07:41:51 | INFO: Extracting primitive: island_far_middle_pine_03_branch_00_00_Mesh
07:41:51 | INFO: Primitives created: 1
07:41:51 | INFO: Extracting primitive: island_far_middle_pine_03_branch_00_01_Mesh
07:41:51 | INFO: Primitives created: 1
07:41:51 | INFO: Extracting primitive: island_far_middle_pine_03_branch_00_02_Mesh
07:41:51 | INFO: Primitives created: 1
07:41:51 | INFO: Extracting primitive: island_far_middle_pine_03_branch_00_03_Mesh
07:41:51 | INFO: Primitives created: 1
07:41:51 | INFO: Extracting primitive: island_far_middle_pine_03_branch_00_04_Mesh
07:41:51 | INFO: Primitives created: 1
07:41:51 | INFO: Extracting primitive: island_far_middle_pine_03_crown_tier_00_Mesh
07:41:51 | INFO: Primitives created: 1
07:41:51 | INFO: Extracting primitive: island_far_middle_pine_03_branch_01_00_Mesh
07:41:51 | INFO: Primitives created: 1
07:41:51 | INFO: Extracting primitive: island_far_middle_pine_03_branch_01_01_Mesh
07:41:51 | INFO: Primitives created: 1
07:41:51 | INFO: Extracting primitive: island_far_middle_pine_03_branch_01_02_Mesh
07:41:51 | INFO: Primitives created: 1
07:41:51 | INFO: Extracting primitive: island_far_middle_pine_03_branch_01_03_Mesh
07:41:51 | INFO: Primitives created: 1
07:41:51 | INFO: Extracting primitive: island_far_middle_pine_03_branch_01_04_Mesh
07:41:51 | INFO: Primitives created: 1
07:41:51 | INFO: Extracting primitive: island_far_middle_pine_03_crown_tier_01_Mesh
07:41:51 | INFO: Primitives created: 1
07:41:51 | INFO: Extracting primitive: island_far_middle_pine_03_branch_02_00_Mesh
07:41:51 | INFO: Primitives created: 1
07:41:51 | INFO: Extracting primitive: island_far_middle_pine_03_branch_02_01_Mesh
07:41:51 | INFO: Primitives created: 1
07:41:51 | INFO: Extracting primitive: island_far_middle_pine_03_branch_02_02_Mesh
07:41:51 | INFO: Primitives created: 1
07:41:51 | INFO: Extracting primitive: island_far_middle_pine_03_branch_02_03_Mesh
07:41:51 | INFO: Primitives created: 1
07:41:51 | INFO: Extracting primitive: island_far_middle_pine_03_branch_02_04_Mesh
07:41:51 | INFO: Primitives created: 1
07:41:51 | INFO: Extracting primitive: island_far_middle_pine_03_crown_tier_02_Mesh
07:41:51 | INFO: Primitives created: 1
07:41:51 | INFO: Extracting primitive: island_far_middle_pine_03_crown_tier_03_Mesh
07:41:51 | INFO: Primitives created: 1
07:41:51 | INFO: Extracting primitive: island_far_middle_pine_03_crown_tier_04_Mesh
07:41:51 | INFO: Primitives created: 1
07:41:51 | INFO: Extracting primitive: island_far_middle_pine_03_leader_Mesh
07:41:51 | INFO: Primitives created: 1
07:41:51 | INFO: Finished glTF 2.0 export in 0.08115124702453613 s

CREATED island_far_middle 76 objects 2890 triangles
Extensions: writing cache failed ([Errno 30] Read-only file system: '/home/agent/.config/blender').
Info: Saved as "island_near_right.blend"
07:41:51 | INFO: Starting glTF 2.0 export
07:41:51 | INFO: Extracting primitive: island_near_right_rockroot_Mesh
07:41:51 | INFO: Primitives created: 1
07:41:51 | INFO: Extracting primitive: island_near_right_shoulder_Mesh
07:41:51 | INFO: Primitives created: 1
07:41:51 | INFO: Extracting primitive: island_near_right_grasscap_west_Mesh
07:41:51 | INFO: Primitives created: 1
07:41:51 | INFO: Extracting primitive: island_near_right_grasscap_east_Mesh
07:41:51 | INFO: Primitives created: 1
07:41:51 | INFO: Extracting primitive: island_near_right_wetshore_00_Mesh
07:41:51 | INFO: Primitives created: 1
07:41:51 | INFO: Extracting primitive: island_near_right_wetshore_01_Mesh
07:41:51 | INFO: Primitives created: 1
07:41:51 | INFO: Extracting primitive: island_near_right_wetshore_02_Mesh
07:41:51 | INFO: Primitives created: 1
07:41:51 | INFO: Extracting primitive: island_near_right_wetshore_03_Mesh
07:41:51 | INFO: Primitives created: 1
07:41:51 | INFO: Extracting primitive: island_near_right_wetshore_04_Mesh
07:41:51 | INFO: Primitives created: 1
07:41:51 | INFO: Extracting primitive: island_near_right_wetshore_05_Mesh
07:41:51 | INFO: Primitives created: 1
07:41:51 | INFO: Extracting primitive: island_near_right_pine_01_trunk_Mesh
07:41:51 | INFO: Primitives created: 1
07:41:51 | INFO: Extracting primitive: island_near_right_pine_01_branch_00_00_Mesh
07:41:51 | INFO: Primitives created: 1
07:41:51 | INFO: Extracting primitive: island_near_right_pine_01_branch_00_01_Mesh
07:41:51 | INFO: Primitives created: 1
07:41:51 | INFO: Extracting primitive: island_near_right_pine_01_branch_00_02_Mesh
07:41:51 | INFO: Primitives created: 1
07:41:51 | INFO: Extracting primitive: island_near_right_pine_01_branch_00_03_Mesh
07:41:51 | INFO: Primitives created: 1
07:41:51 | INFO: Extracting primitive: island_near_right_pine_01_branch_00_04_Mesh
07:41:51 | INFO: Primitives created: 1
07:41:51 | INFO: Extracting primitive: island_near_right_pine_01_crown_tier_00_Mesh
07:41:51 | INFO: Primitives created: 1
07:41:51 | INFO: Extracting primitive: island_near_right_pine_01_branch_01_00_Mesh
07:41:51 | INFO: Primitives created: 1
07:41:51 | INFO: Extracting primitive: island_near_right_pine_01_branch_01_01_Mesh
07:41:51 | INFO: Primitives created: 1
07:41:51 | INFO: Extracting primitive: island_near_right_pine_01_branch_01_02_Mesh
07:41:51 | INFO: Primitives created: 1
07:41:51 | INFO: Extracting primitive: island_near_right_pine_01_branch_01_03_Mesh
07:41:51 | INFO: Primitives created: 1
07:41:51 | INFO: Extracting primitive: island_near_right_pine_01_branch_01_04_Mesh
07:41:51 | INFO: Primitives created: 1
07:41:51 | INFO: Extracting primitive: island_near_right_pine_01_crown_tier_01_Mesh
07:41:51 | INFO: Primitives created: 1
07:41:51 | INFO: Extracting primitive: island_near_right_pine_01_branch_02_00_Mesh
07:41:51 | INFO: Primitives created: 1
07:41:51 | INFO: Extracting primitive: island_near_right_pine_01_branch_02_01_Mesh
07:41:51 | INFO: Primitives created: 1
07:41:51 | INFO: Extracting primitive: island_near_right_pine_01_branch_02_02_Mesh
07:41:51 | INFO: Primitives created: 1
07:41:51 | INFO: Extracting primitive: island_near_right_pine_01_branch_02_03_Mesh
07:41:51 | INFO: Primitives created: 1
07:41:51 | INFO: Extracting primitive: island_near_right_pine_01_branch_02_04_Mesh
07:41:51 | INFO: Primitives created: 1
07:41:51 | INFO: Extracting primitive: island_near_right_pine_01_crown_tier_02_Mesh
07:41:51 | INFO: Primitives created: 1
07:41:51 | INFO: Extracting primitive: island_near_right_pine_01_crown_tier_03_Mesh
07:41:51 | INFO: Primitives created: 1
07:41:51 | INFO: Extracting primitive: island_near_right_pine_01_crown_tier_04_Mesh
07:41:51 | INFO: Primitives created: 1
07:41:51 | INFO: Extracting primitive: island_near_right_pine_01_leader_Mesh
07:41:51 | INFO: Primitives created: 1
07:41:51 | INFO: Extracting primitive: island_near_right_pine_02_trunk_Mesh
07:41:51 | INFO: Primitives created: 1
07:41:51 | INFO: Extracting primitive: island_near_right_pine_02_branch_00_00_Mesh
07:41:51 | INFO: Primitives created: 1
07:41:51 | INFO: Extracting primitive: island_near_right_pine_02_branch_00_01_Mesh
07:41:51 | INFO: Primitives created: 1
07:41:51 | INFO: Extracting primitive: island_near_right_pine_02_branch_00_02_Mesh
07:41:51 | INFO: Primitives created: 1
07:41:51 | INFO: Extracting primitive: island_near_right_pine_02_branch_00_03_Mesh
07:41:51 | INFO: Primitives created: 1
07:41:51 | INFO: Extracting primitive: island_near_right_pine_02_branch_00_04_Mesh
07:41:51 | INFO: Primitives created: 1
07:41:51 | INFO: Extracting primitive: island_near_right_pine_02_crown_tier_00_Mesh
07:41:51 | INFO: Primitives created: 1
07:41:51 | INFO: Extracting primitive: island_near_right_pine_02_branch_01_00_Mesh
07:41:51 | INFO: Primitives created: 1
07:41:51 | INFO: Extracting primitive: island_near_right_pine_02_branch_01_01_Mesh
07:41:51 | INFO: Primitives created: 1
07:41:51 | INFO: Extracting primitive: island_near_right_pine_02_branch_01_02_Mesh
07:41:51 | INFO: Primitives created: 1
07:41:51 | INFO: Extracting primitive: island_near_right_pine_02_branch_01_03_Mesh
07:41:51 | INFO: Primitives created: 1
07:41:51 | INFO: Extracting primitive: island_near_right_pine_02_branch_01_04_Mesh
07:41:51 | INFO: Primitives created: 1
07:41:51 | INFO: Extracting primitive: island_near_right_pine_02_crown_tier_01_Mesh
07:41:51 | INFO: Primitives created: 1
07:41:51 | INFO: Extracting primitive: island_near_right_pine_02_branch_02_00_Mesh
07:41:51 | INFO: Primitives created: 1
07:41:51 | INFO: Extracting primitive: island_near_right_pine_02_branch_02_01_Mesh
07:41:51 | INFO: Primitives created: 1
07:41:51 | INFO: Extracting primitive: island_near_right_pine_02_branch_02_02_Mesh
07:41:51 | INFO: Primitives created: 1
07:41:51 | INFO: Extracting primitive: island_near_right_pine_02_branch_02_03_Mesh
07:41:51 | INFO: Primitives created: 1
07:41:51 | INFO: Extracting primitive: island_near_right_pine_02_branch_02_04_Mesh
07:41:51 | INFO: Primitives created: 1
07:41:51 | INFO: Extracting primitive: island_near_right_pine_02_crown_tier_02_Mesh
07:41:51 | INFO: Primitives created: 1
07:41:51 | INFO: Extracting primitive: island_near_right_pine_02_crown_tier_03_Mesh
07:41:51 | INFO: Primitives created: 1
07:41:51 | INFO: Extracting primitive: island_near_right_pine_02_crown_tier_04_Mesh
07:41:51 | INFO: Primitives created: 1
07:41:51 | INFO: Extracting primitive: island_near_right_pine_02_leader_Mesh
07:41:51 | INFO: Primitives created: 1
07:41:51 | INFO: Finished glTF 2.0 export in 0.058698177337646484 s

CREATED island_near_right 54 objects 2236 triangles
Extensions: writing cache failed ([Errno 30] Read-only file system: '/home/agent/.config/blender').
Info: Saved as "foreground_rock.blend"
07:41:51 | INFO: Starting glTF 2.0 export
07:41:51 | INFO: Extracting primitive: foreground_rock_rockroot_Mesh
07:41:51 | INFO: Primitives created: 1
07:41:51 | INFO: Extracting primitive: foreground_rock_shoulder_Mesh
07:41:51 | INFO: Primitives created: 1
07:41:51 | INFO: Extracting primitive: foreground_rock_wetshore_00_Mesh
07:41:51 | INFO: Primitives created: 1
07:41:51 | INFO: Extracting primitive: foreground_rock_wetshore_01_Mesh
07:41:51 | INFO: Primitives created: 1
07:41:51 | INFO: Extracting primitive: foreground_rock_wetshore_02_Mesh
07:41:51 | INFO: Primitives created: 1
07:41:51 | INFO: Extracting primitive: foreground_rock_wetshore_03_Mesh
07:41:51 | INFO: Primitives created: 1
07:41:51 | INFO: Extracting primitive: foreground_rock_wetshore_04_Mesh
07:41:51 | INFO: Primitives created: 1
07:41:51 | INFO: Extracting primitive: foreground_rock_wetshore_05_Mesh
07:41:51 | INFO: Primitives created: 1
07:41:51 | INFO: Extracting primitive: foreground_rock_grassblade_00_Mesh
07:41:51 | INFO: Primitives created: 1
07:41:51 | INFO: Extracting primitive: foreground_rock_grassblade_01_Mesh
07:41:51 | INFO: Primitives created: 1
07:41:51 | INFO: Extracting primitive: foreground_rock_grassblade_02_Mesh
07:41:51 | INFO: Primitives created: 1
07:41:51 | INFO: Extracting primitive: foreground_rock_grassblade_03_Mesh
07:41:51 | INFO: Primitives created: 1
07:41:51 | INFO: Extracting primitive: foreground_rock_grassblade_04_Mesh
07:41:51 | INFO: Primitives created: 1
07:41:51 | INFO: Extracting primitive: foreground_rock_grassblade_05_Mesh
07:41:51 | INFO: Primitives created: 1
07:41:51 | INFO: Extracting primitive: foreground_rock_grassblade_06_Mesh
07:41:51 | INFO: Primitives created: 1
07:41:51 | INFO: Finished glTF 2.0 export in 0.06591987609863281 s

CREATED foreground_rock 15 objects 716 triangles
LAKE49_NATIVE_DONE
Blender 4.5.14 LTS (hash 62c1db4208e8 built 2026-09-15 01:31:19)

Blender quit
