Blender 4.5.14 LTS (hash 62c1db4208e8 built 2026-09-15 01:31:19)
Read blend: "/workspace/scratch/a29d03198654/Aether/source-assets/lake49/foreground_rock.blend"
Fra:1 Mem:10.06M (Peak 10.06M) | Time:00:00.00 | Mem:0.00M, Peak:0.00M | Scene, ViewLayer | Synchronizing object | foreground_rock_rockroot
Fra:1 Mem:10.06M (Peak 10.06M) | Time:00:00.00 | Mem:0.00M, Peak:0.00M | Scene, ViewLayer | Synchronizing object | foreground_rock_wetshore_00
Fra:1 Mem:10.12M (Peak 10.12M) | Time:00:00.00 | Mem:0.00M, Peak:0.00M | Scene, ViewLayer | Synchronizing object | foreground_rock_wetshore_01
Fra:1 Mem:10.11M (Peak 10.12M) | Time:00:00.00 | Mem:0.00M, Peak:0.00M | Scene, ViewLayer | Synchronizing object | foreground_rock_wetshore_03
Fra:1 Mem:10.12M (Peak 10.12M) | Time:00:00.00 | Mem:0.00M, Peak:0.00M | Scene, ViewLayer | Synchronizing object | Evidence_Water_guide_only
Fra:1 Mem:10.13M (Peak 10.13M) | Time:00:00.00 | Mem:0.00M, Peak:0.00M | Scene, ViewLayer | Synchronizing object | foreground_rock_wetshore_04
Fra:1 Mem:10.14M (Peak 10.14M) | Time:00:00.00 | Mem:0.00M, Peak:0.00M | Scene, ViewLayer | Synchronizing object | Evidence_Sun
Fra:1 Mem:10.14M (Peak 10.14M) | Time:00:00.00 | Mem:0.00M, Peak:0.00M | Scene, ViewLayer | Synchronizing object | foreground_rock_wetshore_05
Fra:1 Mem:10.14M (Peak 10.14M) | Time:00:00.00 | Mem:0.00M, Peak:0.00M | Scene, ViewLayer | Synchronizing object | foreground_rock_grassblade_01
Fra:1 Mem:10.15M (Peak 10.15M) | Time:00:00.00 | Mem:0.00M, Peak:0.00M | Scene, ViewLayer | Synchronizing object | foreground_rock_grassblade_06
Fra:1 Mem:10.15M (Peak 10.15M) | Time:00:00.00 | Mem:0.00M, Peak:0.00M | Scene, ViewLayer | Synchronizing object | foreground_rock_grassblade_02
Fra:1 Mem:10.15M (Peak 10.15M) | Time:00:00.00 | Mem:0.00M, Peak:0.00M | Scene, ViewLayer | Synchronizing object | foreground_rock_grassblade_03
Fra:1 Mem:10.15M (Peak 10.15M) | Time:00:00.00 | Mem:0.00M, Peak:0.00M | Scene, ViewLayer | Synchronizing object | foreground_rock_grassblade_04
Fra:1 Mem:10.15M (Peak 10.15M) | Time:00:00.00 | Mem:0.00M, Peak:0.00M | Scene, ViewLayer | Initializing
Fra:1 Mem:9.31M (Peak 10.15M) | Time:00:00.00 | Mem:0.00M, Peak:0.00M | Scene, ViewLayer | Waiting for render to start
Fra:1 Mem:9.31M (Peak 10.15M) | Time:00:00.00 | Mem:0.00M, Peak:0.00M | Scene, ViewLayer | Updating Scene
Fra:1 Mem:9.31M (Peak 10.15M) | Time:00:00.00 | Mem:0.00M, Peak:0.00M | Scene, ViewLayer | Updating Shaders
Fra:1 Mem:9.31M (Peak 10.15M) | Time:00:00.00 | Mem:0.00M, Peak:0.00M | Scene, ViewLayer | Loading render kernels (may take a few minutes the first time)
Fra:1 Mem:9.40M (Peak 10.15M) | Time:00:00.00 | Mem:0.00M, Peak:0.00M | Scene, ViewLayer | Updating Procedurals
Fra:1 Mem:9.40M (Peak 10.15M) | Time:00:00.00 | Mem:0.00M, Peak:0.00M | Scene, ViewLayer | Updating Background
Fra:1 Mem:9.40M (Peak 10.15M) | Time:00:00.00 | Mem:0.00M, Peak:0.00M | Scene, ViewLayer | Updating Camera
Fra:1 Mem:9.40M (Peak 10.15M) | Time:00:00.00 | Mem:0.00M, Peak:0.00M | Scene, ViewLayer | Updating Meshes Flags
Fra:1 Mem:9.40M (Peak 10.15M) | Time:00:00.00 | Mem:0.00M, Peak:0.00M | Scene, ViewLayer | Updating Objects
Fra:1 Mem:9.40M (Peak 10.15M) | Time:00:00.00 | Mem:0.00M, Peak:0.00M | Scene, ViewLayer | Updating Objects | Copying Transformations to device
Fra:1 Mem:9.40M (Peak 10.15M) | Time:00:00.00 | Mem:0.01M, Peak:0.01M | Scene, ViewLayer | Updating Particle Systems
Fra:1 Mem:9.40M (Peak 10.15M) | Time:00:00.00 | Mem:0.01M, Peak:0.01M | Scene, ViewLayer | Updating Particle Systems | Copying Particles to device
Fra:1 Mem:9.40M (Peak 10.15M) | Time:00:00.00 | Mem:0.01M, Peak:0.01M | Scene, ViewLayer | Updating Meshes
Fra:1 Mem:9.40M (Peak 10.15M) | Time:00:00.00 | Mem:0.01M, Peak:0.01M | Scene, ViewLayer | Updating Objects | Applying Static Transformations
Fra:1 Mem:9.40M (Peak 10.15M) | Time:00:00.00 | Mem:0.01M, Peak:0.01M | Scene, ViewLayer | Updating Mesh | Computing attributes
Fra:1 Mem:9.45M (Peak 10.15M) | Time:00:00.00 | Mem:0.01M, Peak:0.01M | Scene, ViewLayer | Updating Mesh | Copying Attributes to device
Fra:1 Mem:9.44M (Peak 10.15M) | Time:00:00.00 | Mem:0.05M, Peak:0.05M | Scene, ViewLayer | Updating Scene BVH | Building
Fra:1 Mem:9.44M (Peak 10.15M) | Time:00:00.00 | Mem:0.05M, Peak:0.05M | Scene, ViewLayer | Updating Scene BVH | Building BVH
Fra:1 Mem:9.44M (Peak 10.15M) | Time:00:00.00 | Mem:0.07M, Peak:0.07M | Scene, ViewLayer | Updating Scene BVH | Building BVH 0%
Fra:1 Mem:9.44M (Peak 10.15M) | Time:00:00.00 | Mem:0.10M, Peak:0.12M | Scene, ViewLayer | Updating Scene BVH | Copying BVH to device
Fra:1 Mem:9.44M (Peak 10.15M) | Time:00:00.00 | Mem:0.10M, Peak:0.12M | Scene, ViewLayer | Updating Mesh | Computing normals
Fra:1 Mem:9.46M (Peak 10.15M) | Time:00:00.00 | Mem:0.10M, Peak:0.12M | Scene, ViewLayer | Updating Mesh | Copying Mesh to device
Fra:1 Mem:9.46M (Peak 10.15M) | Time:00:00.00 | Mem:0.12M, Peak:0.12M | Scene, ViewLayer | Updating Objects Flags
Fra:1 Mem:9.46M (Peak 10.15M) | Time:00:00.00 | Mem:0.12M, Peak:0.12M | Scene, ViewLayer | Updating Primitive Offsets
Fra:1 Mem:9.46M (Peak 10.15M) | Time:00:00.00 | Mem:0.12M, Peak:0.12M | Scene, ViewLayer | Updating Images
Fra:1 Mem:9.46M (Peak 10.15M) | Time:00:00.00 | Mem:0.12M, Peak:0.12M | Scene, ViewLayer | Updating Camera Volume
Fra:1 Mem:9.46M (Peak 10.15M) | Time:00:00.00 | Mem:0.12M, Peak:0.12M | Scene, ViewLayer | Updating Lookup Tables
Fra:1 Mem:9.46M (Peak 10.15M) | Time:00:00.00 | Mem:0.20M, Peak:0.20M | Scene, ViewLayer | Updating Lights
Fra:1 Mem:9.46M (Peak 10.15M) | Time:00:00.00 | Mem:0.20M, Peak:0.20M | Scene, ViewLayer | Updating Lights | Computing tree
Fra:1 Mem:9.46M (Peak 10.15M) | Time:00:00.00 | Mem:0.20M, Peak:0.20M | Scene, ViewLayer | Updating Integrator
Fra:1 Mem:9.46M (Peak 10.15M) | Time:00:00.00 | Mem:0.20M, Peak:0.20M | Scene, ViewLayer | Updating Film
Fra:1 Mem:9.47M (Peak 10.15M) | Time:00:00.00 | Mem:0.12M, Peak:0.20M | Scene, ViewLayer | Updating Lookup Tables
Fra:1 Mem:9.47M (Peak 10.15M) | Time:00:00.00 | Mem:0.20M, Peak:0.20M | Scene, ViewLayer | Updating Baking
Fra:1 Mem:9.47M (Peak 10.15M) | Time:00:00.00 | Mem:0.20M, Peak:0.20M | Scene, ViewLayer | Updating Device | Writing constant memory
Fra:1 Mem:9.47M (Peak 10.15M) | Time:00:00.00 | Mem:0.20M, Peak:0.20M | Scene, ViewLayer | Loading denoising kernels (may take a few minutes the first time)
Fra:1 Mem:9.47M (Peak 10.15M) | Time:00:00.00 | Mem:0.20M, Peak:0.20M | Scene, ViewLayer | Sample 0/12
Fra:1 Mem:44.30M (Peak 44.30M) | Time:00:00.21 | Remaining:00:02.30 | Mem:34.99M, Peak:34.99M | Scene, ViewLayer | Sample 1/12
Fra:1 Mem:58.95M (Peak 80.93M) | Time:00:05.17 | Mem:34.99M, Peak:34.99M | Scene, ViewLayer | Sample 12/12
Fra:1 Mem:58.95M (Peak 80.93M) | Time:00:05.17 | Mem:34.99M, Peak:34.99M | Scene, ViewLayer | Finished
Saved: '/workspace/scratch/a29d03198654/Aether/source-assets/lake49/source-views/foreground_rock-front.png'
Time: 00:05.23 (Saving: 00:00.05)

RENDERED foreground_rock front
Fra:1 Mem:10.09M (Peak 10.09M) | Time:00:00.00 | Mem:0.00M, Peak:0.00M | Scene, ViewLayer | Synchronizing object | foreground_rock_rockroot
Fra:1 Mem:10.09M (Peak 10.09M) | Time:00:00.00 | Mem:0.00M, Peak:0.00M | Scene, ViewLayer | Synchronizing object | foreground_rock_wetshore_00
Fra:1 Mem:10.13M (Peak 10.13M) | Time:00:00.00 | Mem:0.00M, Peak:0.00M | Scene, ViewLayer | Synchronizing object | Evidence_Water_guide_only
Fra:1 Mem:10.13M (Peak 10.13M) | Time:00:00.00 | Mem:0.00M, Peak:0.00M | Scene, ViewLayer | Synchronizing object | foreground_rock_wetshore_03
Fra:1 Mem:10.13M (Peak 10.13M) | Time:00:00.00 | Mem:0.00M, Peak:0.00M | Scene, ViewLayer | Synchronizing object | Evidence_Sun
Fra:1 Mem:10.13M (Peak 10.13M) | Time:00:00.00 | Mem:0.00M, Peak:0.00M | Scene, ViewLayer | Synchronizing object | foreground_rock_grassblade_06
Fra:1 Mem:10.13M (Peak 10.13M) | Time:00:00.00 | Mem:0.00M, Peak:0.00M | Scene, ViewLayer | Synchronizing object | foreground_rock_grassblade_05
Fra:1 Mem:10.13M (Peak 10.13M) | Time:00:00.00 | Mem:0.00M, Peak:0.00M | Scene, ViewLayer | Synchronizing object | foreground_rock_wetshore_04
Fra:1 Mem:10.14M (Peak 10.14M) | Time:00:00.00 | Mem:0.00M, Peak:0.00M | Scene, ViewLayer | Synchronizing object | foreground_rock_grassblade_04
Fra:1 Mem:10.14M (Peak 10.14M) | Time:00:00.00 | Mem:0.00M, Peak:0.00M | Scene, ViewLayer | Synchronizing object | foreground_rock_wetshore_05
Fra:1 Mem:10.14M (Peak 10.14M) | Time:00:00.00 | Mem:0.00M, Peak:0.00M | Scene, ViewLayer | Synchronizing object | foreground_rock_grassblade_00
Fra:1 Mem:10.15M (Peak 10.15M) | Time:00:00.00 | Mem:0.00M, Peak:0.00M | Scene, ViewLayer | Synchronizing object | foreground_rock_grassblade_01
Fra:1 Mem:10.15M (Peak 10.15M) | Time:00:00.00 | Mem:0.00M, Peak:0.00M | Scene, ViewLayer | Synchronizing object | foreground_rock_grassblade_02
Fra:1 Mem:10.15M (Peak 10.15M) | Time:00:00.00 | Mem:0.00M, Peak:0.00M | Scene, ViewLayer | Synchronizing object | foreground_rock_grassblade_03
Fra:1 Mem:10.15M (Peak 10.15M) | Time:00:00.00 | Mem:0.00M, Peak:0.00M | Scene, ViewLayer | Initializing
Fra:1 Mem:9.31M (Peak 10.15M) | Time:00:00.00 | Mem:0.00M, Peak:0.00M | Scene, ViewLayer | Waiting for render to start
Fra:1 Mem:9.31M (Peak 10.15M) | Time:00:00.00 | Mem:0.00M, Peak:0.00M | Scene, ViewLayer | Updating Scene
Fra:1 Mem:9.31M (Peak 10.15M) | Time:00:00.00 | Mem:0.00M, Peak:0.00M | Scene, ViewLayer | Updating Shaders
Fra:1 Mem:9.31M (Peak 10.15M) | Time:00:00.00 | Mem:0.00M, Peak:0.00M | Scene, ViewLayer | Loading render kernels (may take a few minutes the first time)
Fra:1 Mem:9.40M (Peak 10.15M) | Time:00:00.00 | Mem:0.00M, Peak:0.00M | Scene, ViewLayer | Updating Procedurals
Fra:1 Mem:9.40M (Peak 10.15M) | Time:00:00.00 | Mem:0.00M, Peak:0.00M | Scene, ViewLayer | Updating Background
Fra:1 Mem:9.40M (Peak 10.15M) | Time:00:00.00 | Mem:0.00M, Peak:0.00M | Scene, ViewLayer | Updating Camera
Fra:1 Mem:9.40M (Peak 10.15M) | Time:00:00.00 | Mem:0.00M, Peak:0.00M | Scene, ViewLayer | Updating Meshes Flags
Fra:1 Mem:9.40M (Peak 10.15M) | Time:00:00.00 | Mem:0.00M, Peak:0.00M | Scene, ViewLayer | Updating Objects
Fra:1 Mem:9.40M (Peak 10.15M) | Time:00:00.00 | Mem:0.00M, Peak:0.00M | Scene, ViewLayer | Updating Objects | Copying Transformations to device
Fra:1 Mem:9.40M (Peak 10.15M) | Time:00:00.00 | Mem:0.01M, Peak:0.01M | Scene, ViewLayer | Updating Particle Systems
Fra:1 Mem:9.40M (Peak 10.15M) | Time:00:00.00 | Mem:0.01M, Peak:0.01M | Scene, ViewLayer | Updating Particle Systems | Copying Particles to device
Fra:1 Mem:9.40M (Peak 10.15M) | Time:00:00.00 | Mem:0.01M, Peak:0.01M | Scene, ViewLayer | Updating Meshes
Fra:1 Mem:9.40M (Peak 10.15M) | Time:00:00.00 | Mem:0.01M, Peak:0.01M | Scene, ViewLayer | Updating Objects | Applying Static Transformations
Fra:1 Mem:9.40M (Peak 10.15M) | Time:00:00.00 | Mem:0.01M, Peak:0.01M | Scene, ViewLayer | Updating Mesh | Computing attributes
Fra:1 Mem:9.45M (Peak 10.15M) | Time:00:00.00 | Mem:0.01M, Peak:0.01M | Scene, ViewLayer | Updating Mesh | Copying Attributes to device
Fra:1 Mem:9.44M (Peak 10.15M) | Time:00:00.00 | Mem:0.05M, Peak:0.05M | Scene, ViewLayer | Updating Scene BVH | Building
Fra:1 Mem:9.44M (Peak 10.15M) | Time:00:00.00 | Mem:0.05M, Peak:0.05M | Scene, ViewLayer | Updating Scene BVH | Building BVH
Fra:1 Mem:9.44M (Peak 10.15M) | Time:00:00.00 | Mem:0.07M, Peak:0.07M | Scene, ViewLayer | Updating Scene BVH | Building BVH 0%
Fra:1 Mem:9.44M (Peak 10.15M) | Time:00:00.00 | Mem:0.10M, Peak:0.12M | Scene, ViewLayer | Updating Scene BVH | Copying BVH to device
Fra:1 Mem:9.44M (Peak 10.15M) | Time:00:00.00 | Mem:0.10M, Peak:0.12M | Scene, ViewLayer | Updating Mesh | Computing normals
Fra:1 Mem:9.46M (Peak 10.15M) | Time:00:00.00 | Mem:0.10M, Peak:0.12M | Scene, ViewLayer | Updating Mesh | Copying Mesh to device
Fra:1 Mem:9.46M (Peak 10.15M) | Time:00:00.00 | Mem:0.12M, Peak:0.12M | Scene, ViewLayer | Updating Objects Flags
Fra:1 Mem:9.46M (Peak 10.15M) | Time:00:00.00 | Mem:0.12M, Peak:0.12M | Scene, ViewLayer | Updating Primitive Offsets
Fra:1 Mem:9.46M (Peak 10.15M) | Time:00:00.00 | Mem:0.12M, Peak:0.12M | Scene, ViewLayer | Updating Images
Fra:1 Mem:9.46M (Peak 10.15M) | Time:00:00.00 | Mem:0.12M, Peak:0.12M | Scene, ViewLayer | Updating Camera Volume
Fra:1 Mem:9.46M (Peak 10.15M) | Time:00:00.00 | Mem:0.12M, Peak:0.12M | Scene, ViewLayer | Updating Lookup Tables
Fra:1 Mem:9.46M (Peak 10.15M) | Time:00:00.00 | Mem:0.20M, Peak:0.20M | Scene, ViewLayer | Updating Lights
Fra:1 Mem:9.46M (Peak 10.15M) | Time:00:00.00 | Mem:0.20M, Peak:0.20M | Scene, ViewLayer | Updating Lights | Computing tree
Fra:1 Mem:9.46M (Peak 10.15M) | Time:00:00.00 | Mem:0.20M, Peak:0.20M | Scene, ViewLayer | Updating Integrator
Fra:1 Mem:9.46M (Peak 10.15M) | Time:00:00.00 | Mem:0.20M, Peak:0.20M | Scene, ViewLayer | Updating Film
Fra:1 Mem:9.47M (Peak 10.15M) | Time:00:00.00 | Mem:0.12M, Peak:0.20M | Scene, ViewLayer | Updating Lookup Tables
Fra:1 Mem:9.47M (Peak 10.15M) | Time:00:00.00 | Mem:0.20M, Peak:0.20M | Scene, ViewLayer | Updating Baking
Fra:1 Mem:9.47M (Peak 10.15M) | Time:00:00.00 | Mem:0.20M, Peak:0.20M | Scene, ViewLayer | Updating Device | Writing constant memory
Fra:1 Mem:9.47M (Peak 10.15M) | Time:00:00.00 | Mem:0.20M, Peak:0.20M | Scene, ViewLayer | Loading denoising kernels (may take a few minutes the first time)
Fra:1 Mem:9.47M (Peak 10.15M) | Time:00:00.00 | Mem:0.20M, Peak:0.20M | Scene, ViewLayer | Sample 0/12
Fra:1 Mem:44.30M (Peak 44.30M) | Time:00:00.18 | Remaining:00:02.01 | Mem:34.99M, Peak:34.99M | Scene, ViewLayer | Sample 1/12
Fra:1 Mem:58.95M (Peak 80.93M) | Time:00:04.68 | Mem:34.99M, Peak:34.99M | Scene, ViewLayer | Sample 12/12
Fra:1 Mem:58.95M (Peak 80.93M) | Time:00:04.68 | Mem:34.99M, Peak:34.99M | Scene, ViewLayer | Finished
Saved: '/workspace/scratch/a29d03198654/Aether/source-assets/lake49/source-views/foreground_rock-side.png'
Time: 00:04.73 (Saving: 00:00.04)

RENDERED foreground_rock side
Fra:1 Mem:10.09M (Peak 10.09M) | Time:00:00.00 | Mem:0.00M, Peak:0.00M | Scene, ViewLayer | Synchronizing object | foreground_rock_rockroot
Fra:1 Mem:10.09M (Peak 10.09M) | Time:00:00.00 | Mem:0.00M, Peak:0.00M | Scene, ViewLayer | Synchronizing object | foreground_rock_wetshore_00
Fra:1 Mem:10.12M (Peak 10.12M) | Time:00:00.00 | Mem:0.00M, Peak:0.00M | Scene, ViewLayer | Synchronizing object | foreground_rock_wetshore_01
Fra:1 Mem:10.13M (Peak 10.13M) | Time:00:00.00 | Mem:0.00M, Peak:0.00M | Scene, ViewLayer | Synchronizing object | foreground_rock_wetshore_02
Fra:1 Mem:10.13M (Peak 10.13M) | Time:00:00.00 | Mem:0.00M, Peak:0.00M | Scene, ViewLayer | Synchronizing object | foreground_rock_wetshore_03
Fra:1 Mem:10.14M (Peak 10.14M) | Time:00:00.00 | Mem:0.00M, Peak:0.00M | Scene, ViewLayer | Synchronizing object | foreground_rock_wetshore_04
Fra:1 Mem:10.14M (Peak 10.14M) | Time:00:00.00 | Mem:0.00M, Peak:0.00M | Scene, ViewLayer | Synchronizing object | foreground_rock_grassblade_00
Fra:1 Mem:10.15M (Peak 10.15M) | Time:00:00.00 | Mem:0.00M, Peak:0.00M | Scene, ViewLayer | Synchronizing object | foreground_rock_grassblade_01
Fra:1 Mem:10.15M (Peak 10.15M) | Time:00:00.00 | Mem:0.00M, Peak:0.00M | Scene, ViewLayer | Synchronizing object | foreground_rock_grassblade_02
Fra:1 Mem:10.15M (Peak 10.15M) | Time:00:00.00 | Mem:0.00M, Peak:0.00M | Scene, ViewLayer | Synchronizing object | foreground_rock_grassblade_03
Fra:1 Mem:10.15M (Peak 10.15M) | Time:00:00.00 | Mem:0.00M, Peak:0.00M | Scene, ViewLayer | Synchronizing object | foreground_rock_grassblade_04
Fra:1 Mem:10.15M (Peak 10.15M) | Time:00:00.00 | Mem:0.00M, Peak:0.00M | Scene, ViewLayer | Synchronizing object | foreground_rock_grassblade_05
Fra:1 Mem:10.15M (Peak 10.15M) | Time:00:00.00 | Mem:0.00M, Peak:0.00M | Scene, ViewLayer | Synchronizing object | foreground_rock_grassblade_06
Fra:1 Mem:10.15M (Peak 10.15M) | Time:00:00.00 | Mem:0.00M, Peak:0.00M | Scene, ViewLayer | Synchronizing object | Evidence_Sun
Fra:1 Mem:10.15M (Peak 10.15M) | Time:00:00.00 | Mem:0.00M, Peak:0.00M | Scene, ViewLayer | Initializing
Fra:1 Mem:9.31M (Peak 10.15M) | Time:00:00.00 | Mem:0.00M, Peak:0.00M | Scene, ViewLayer | Waiting for render to start
Fra:1 Mem:9.31M (Peak 10.15M) | Time:00:00.00 | Mem:0.00M, Peak:0.00M | Scene, ViewLayer | Updating Scene
Fra:1 Mem:9.31M (Peak 10.15M) | Time:00:00.00 | Mem:0.00M, Peak:0.00M | Scene, ViewLayer | Updating Shaders
Fra:1 Mem:9.31M (Peak 10.15M) | Time:00:00.00 | Mem:0.00M, Peak:0.00M | Scene, ViewLayer | Loading render kernels (may take a few minutes the first time)
Fra:1 Mem:9.40M (Peak 10.15M) | Time:00:00.00 | Mem:0.00M, Peak:0.00M | Scene, ViewLayer | Updating Procedurals
Fra:1 Mem:9.40M (Peak 10.15M) | Time:00:00.00 | Mem:0.00M, Peak:0.00M | Scene, ViewLayer | Updating Background
Fra:1 Mem:9.40M (Peak 10.15M) | Time:00:00.00 | Mem:0.00M, Peak:0.00M | Scene, ViewLayer | Updating Camera
Fra:1 Mem:9.40M (Peak 10.15M) | Time:00:00.00 | Mem:0.00M, Peak:0.00M | Scene, ViewLayer | Updating Meshes Flags
Fra:1 Mem:9.40M (Peak 10.15M) | Time:00:00.00 | Mem:0.00M, Peak:0.00M | Scene, ViewLayer | Updating Objects
Fra:1 Mem:9.40M (Peak 10.15M) | Time:00:00.00 | Mem:0.00M, Peak:0.00M | Scene, ViewLayer | Updating Objects | Copying Transformations to device
Fra:1 Mem:9.40M (Peak 10.15M) | Time:00:00.00 | Mem:0.01M, Peak:0.01M | Scene, ViewLayer | Updating Particle Systems
Fra:1 Mem:9.40M (Peak 10.15M) | Time:00:00.00 | Mem:0.01M, Peak:0.01M | Scene, ViewLayer | Updating Particle Systems | Copying Particles to device
Fra:1 Mem:9.40M (Peak 10.15M) | Time:00:00.00 | Mem:0.01M, Peak:0.01M | Scene, ViewLayer | Updating Meshes
Fra:1 Mem:9.40M (Peak 10.15M) | Time:00:00.00 | Mem:0.01M, Peak:0.01M | Scene, ViewLayer | Updating Objects | Applying Static Transformations
Fra:1 Mem:9.40M (Peak 10.15M) | Time:00:00.00 | Mem:0.01M, Peak:0.01M | Scene, ViewLayer | Updating Mesh | Computing attributes
Fra:1 Mem:9.45M (Peak 10.15M) | Time:00:00.00 | Mem:0.01M, Peak:0.01M | Scene, ViewLayer | Updating Mesh | Copying Attributes to device
Fra:1 Mem:9.44M (Peak 10.15M) | Time:00:00.00 | Mem:0.05M, Peak:0.05M | Scene, ViewLayer | Updating Scene BVH | Building
Fra:1 Mem:9.44M (Peak 10.15M) | Time:00:00.00 | Mem:0.05M, Peak:0.05M | Scene, ViewLayer | Updating Scene BVH | Building BVH
Fra:1 Mem:9.44M (Peak 10.15M) | Time:00:00.00 | Mem:0.07M, Peak:0.07M | Scene, ViewLayer | Updating Scene BVH | Building BVH 0%
Fra:1 Mem:9.44M (Peak 10.15M) | Time:00:00.00 | Mem:0.10M, Peak:0.12M | Scene, ViewLayer | Updating Scene BVH | Copying BVH to device
Fra:1 Mem:9.44M (Peak 10.15M) | Time:00:00.00 | Mem:0.10M, Peak:0.12M | Scene, ViewLayer | Updating Mesh | Computing normals
Fra:1 Mem:9.46M (Peak 10.15M) | Time:00:00.00 | Mem:0.10M, Peak:0.12M | Scene, ViewLayer | Updating Mesh | Copying Mesh to device
Fra:1 Mem:9.46M (Peak 10.15M) | Time:00:00.00 | Mem:0.12M, Peak:0.12M | Scene, ViewLayer | Updating Objects Flags
Fra:1 Mem:9.46M (Peak 10.15M) | Time:00:00.00 | Mem:0.12M, Peak:0.12M | Scene, ViewLayer | Updating Primitive Offsets
Fra:1 Mem:9.46M (Peak 10.15M) | Time:00:00.00 | Mem:0.12M, Peak:0.12M | Scene, ViewLayer | Updating Images
Fra:1 Mem:9.46M (Peak 10.15M) | Time:00:00.00 | Mem:0.12M, Peak:0.12M | Scene, ViewLayer | Updating Camera Volume
Fra:1 Mem:9.46M (Peak 10.15M) | Time:00:00.00 | Mem:0.12M, Peak:0.12M | Scene, ViewLayer | Updating Lookup Tables
Fra:1 Mem:9.46M (Peak 10.15M) | Time:00:00.00 | Mem:0.20M, Peak:0.20M | Scene, ViewLayer | Updating Lights
Fra:1 Mem:9.46M (Peak 10.15M) | Time:00:00.00 | Mem:0.20M, Peak:0.20M | Scene, ViewLayer | Updating Lights | Computing tree
Fra:1 Mem:9.46M (Peak 10.15M) | Time:00:00.00 | Mem:0.20M, Peak:0.20M | Scene, ViewLayer | Updating Integrator
Fra:1 Mem:9.46M (Peak 10.15M) | Time:00:00.00 | Mem:0.20M, Peak:0.20M | Scene, ViewLayer | Updating Film
Fra:1 Mem:9.47M (Peak 10.15M) | Time:00:00.00 | Mem:0.12M, Peak:0.20M | Scene, ViewLayer | Updating Lookup Tables
Fra:1 Mem:9.47M (Peak 10.15M) | Time:00:00.00 | Mem:0.20M, Peak:0.20M | Scene, ViewLayer | Updating Baking
Fra:1 Mem:9.47M (Peak 10.15M) | Time:00:00.00 | Mem:0.20M, Peak:0.20M | Scene, ViewLayer | Updating Device | Writing constant memory
Fra:1 Mem:9.47M (Peak 10.15M) | Time:00:00.00 | Mem:0.20M, Peak:0.20M | Scene, ViewLayer | Loading denoising kernels (may take a few minutes the first time)
Fra:1 Mem:9.47M (Peak 10.15M) | Time:00:00.00 | Mem:0.20M, Peak:0.20M | Scene, ViewLayer | Sample 0/12
Fra:1 Mem:44.30M (Peak 44.30M) | Time:00:00.19 | Remaining:00:02.11 | Mem:34.99M, Peak:34.99M | Scene, ViewLayer | Sample 1/12
Fra:1 Mem:58.95M (Peak 80.93M) | Time:00:04.76 | Mem:34.99M, Peak:34.99M | Scene, ViewLayer | Sample 12/12
Fra:1 Mem:58.95M (Peak 80.93M) | Time:00:04.76 | Mem:34.99M, Peak:34.99M | Scene, ViewLayer | Finished
Saved: '/workspace/scratch/a29d03198654/Aether/source-assets/lake49/source-views/foreground_rock-top.png'
Time: 00:04.81 (Saving: 00:00.05)

RENDERED foreground_rock top
Fra:1 Mem:10.02M (Peak 10.02M) | Time:00:00.00 | Mem:0.00M, Peak:0.00M | Scene, ViewLayer | Synchronizing object | foreground_rock_rockroot
Fra:1 Mem:10.02M (Peak 10.02M) | Time:00:00.00 | Mem:0.00M, Peak:0.00M | Scene, ViewLayer | Synchronizing object | foreground_rock_shoulder
Fra:1 Mem:10.06M (Peak 10.06M) | Time:00:00.00 | Mem:0.00M, Peak:0.00M | Scene, ViewLayer | Synchronizing object | foreground_rock_wetshore_00
Fra:1 Mem:10.05M (Peak 10.06M) | Time:00:00.00 | Mem:0.00M, Peak:0.00M | Scene, ViewLayer | Synchronizing object | Evidence_Sun
Fra:1 Mem:10.06M (Peak 10.06M) | Time:00:00.00 | Mem:0.00M, Peak:0.00M | Scene, ViewLayer | Synchronizing object | foreground_rock_wetshore_03
Fra:1 Mem:10.07M (Peak 10.07M) | Time:00:00.00 | Mem:0.00M, Peak:0.00M | Scene, ViewLayer | Synchronizing object | foreground_rock_wetshore_04
Fra:1 Mem:10.07M (Peak 10.07M) | Time:00:00.00 | Mem:0.00M, Peak:0.00M | Scene, ViewLayer | Synchronizing object | foreground_rock_grassblade_06
Fra:1 Mem:10.08M (Peak 10.08M) | Time:00:00.00 | Mem:0.00M, Peak:0.00M | Scene, ViewLayer | Synchronizing object | foreground_rock_grassblade_00
Fra:1 Mem:10.08M (Peak 10.08M) | Time:00:00.00 | Mem:0.00M, Peak:0.00M | Scene, ViewLayer | Synchronizing object | foreground_rock_grassblade_05
Fra:1 Mem:10.08M (Peak 10.08M) | Time:00:00.00 | Mem:0.00M, Peak:0.00M | Scene, ViewLayer | Synchronizing object | foreground_rock_grassblade_04
Fra:1 Mem:10.08M (Peak 10.08M) | Time:00:00.00 | Mem:0.00M, Peak:0.00M | Scene, ViewLayer | Synchronizing object | foreground_rock_grassblade_02
Fra:1 Mem:10.08M (Peak 10.08M) | Time:00:00.00 | Mem:0.00M, Peak:0.00M | Scene, ViewLayer | Synchronizing object | foreground_rock_grassblade_03
Fra:1 Mem:10.08M (Peak 10.08M) | Time:00:00.00 | Mem:0.00M, Peak:0.00M | Scene, ViewLayer | Initializing
Fra:1 Mem:9.31M (Peak 10.08M) | Time:00:00.00 | Mem:0.00M, Peak:0.00M | Scene, ViewLayer | Waiting for render to start
Fra:1 Mem:9.31M (Peak 10.08M) | Time:00:00.00 | Mem:0.00M, Peak:0.00M | Scene, ViewLayer | Updating Scene
Fra:1 Mem:9.31M (Peak 10.08M) | Time:00:00.00 | Mem:0.00M, Peak:0.00M | Scene, ViewLayer | Updating Shaders
Fra:1 Mem:9.31M (Peak 10.08M) | Time:00:00.00 | Mem:0.00M, Peak:0.00M | Scene, ViewLayer | Loading render kernels (may take a few minutes the first time)
Fra:1 Mem:9.40M (Peak 10.08M) | Time:00:00.00 | Mem:0.00M, Peak:0.00M | Scene, ViewLayer | Updating Procedurals
Fra:1 Mem:9.40M (Peak 10.08M) | Time:00:00.00 | Mem:0.00M, Peak:0.00M | Scene, ViewLayer | Updating Background
Fra:1 Mem:9.40M (Peak 10.08M) | Time:00:00.00 | Mem:0.00M, Peak:0.00M | Scene, ViewLayer | Updating Camera
Fra:1 Mem:9.40M (Peak 10.08M) | Time:00:00.00 | Mem:0.00M, Peak:0.00M | Scene, ViewLayer | Updating Meshes Flags
Fra:1 Mem:9.40M (Peak 10.08M) | Time:00:00.00 | Mem:0.00M, Peak:0.00M | Scene, ViewLayer | Updating Objects
Fra:1 Mem:9.40M (Peak 10.08M) | Time:00:00.00 | Mem:0.00M, Peak:0.00M | Scene, ViewLayer | Updating Objects | Copying Transformations to device
Fra:1 Mem:9.40M (Peak 10.08M) | Time:00:00.00 | Mem:0.01M, Peak:0.01M | Scene, ViewLayer | Updating Particle Systems
Fra:1 Mem:9.40M (Peak 10.08M) | Time:00:00.00 | Mem:0.01M, Peak:0.01M | Scene, ViewLayer | Updating Particle Systems | Copying Particles to device
Fra:1 Mem:9.40M (Peak 10.08M) | Time:00:00.00 | Mem:0.01M, Peak:0.01M | Scene, ViewLayer | Updating Meshes
Fra:1 Mem:9.40M (Peak 10.08M) | Time:00:00.00 | Mem:0.01M, Peak:0.01M | Scene, ViewLayer | Updating Objects | Applying Static Transformations
Fra:1 Mem:9.40M (Peak 10.08M) | Time:00:00.00 | Mem:0.01M, Peak:0.01M | Scene, ViewLayer | Updating Mesh | Computing attributes
Fra:1 Mem:9.44M (Peak 10.08M) | Time:00:00.00 | Mem:0.01M, Peak:0.01M | Scene, ViewLayer | Updating Mesh | Copying Attributes to device
Fra:1 Mem:9.44M (Peak 10.08M) | Time:00:00.00 | Mem:0.05M, Peak:0.05M | Scene, ViewLayer | Updating Scene BVH | Building
Fra:1 Mem:9.44M (Peak 10.08M) | Time:00:00.00 | Mem:0.05M, Peak:0.05M | Scene, ViewLayer | Updating Scene BVH | Building BVH
Fra:1 Mem:9.44M (Peak 10.08M) | Time:00:00.00 | Mem:0.07M, Peak:0.07M | Scene, ViewLayer | Updating Scene BVH | Building BVH 0%
Fra:1 Mem:9.44M (Peak 10.08M) | Time:00:00.00 | Mem:0.10M, Peak:0.12M | Scene, ViewLayer | Updating Scene BVH | Copying BVH to device
Fra:1 Mem:9.44M (Peak 10.08M) | Time:00:00.00 | Mem:0.10M, Peak:0.12M | Scene, ViewLayer | Updating Mesh | Computing normals
Fra:1 Mem:9.46M (Peak 10.08M) | Time:00:00.00 | Mem:0.10M, Peak:0.12M | Scene, ViewLayer | Updating Mesh | Copying Mesh to device
Fra:1 Mem:9.46M (Peak 10.08M) | Time:00:00.00 | Mem:0.12M, Peak:0.12M | Scene, ViewLayer | Updating Objects Flags
Fra:1 Mem:9.46M (Peak 10.08M) | Time:00:00.00 | Mem:0.12M, Peak:0.12M | Scene, ViewLayer | Updating Primitive Offsets
Fra:1 Mem:9.46M (Peak 10.08M) | Time:00:00.00 | Mem:0.12M, Peak:0.12M | Scene, ViewLayer | Updating Images
Fra:1 Mem:9.46M (Peak 10.08M) | Time:00:00.00 | Mem:0.12M, Peak:0.12M | Scene, ViewLayer | Updating Camera Volume
Fra:1 Mem:9.46M (Peak 10.08M) | Time:00:00.00 | Mem:0.12M, Peak:0.12M | Scene, ViewLayer | Updating Lookup Tables
Fra:1 Mem:9.46M (Peak 10.08M) | Time:00:00.00 | Mem:0.20M, Peak:0.20M | Scene, ViewLayer | Updating Lights
Fra:1 Mem:9.46M (Peak 10.08M) | Time:00:00.00 | Mem:0.20M, Peak:0.20M | Scene, ViewLayer | Updating Lights | Computing tree
Fra:1 Mem:9.46M (Peak 10.08M) | Time:00:00.00 | Mem:0.20M, Peak:0.20M | Scene, ViewLayer | Updating Integrator
Fra:1 Mem:9.46M (Peak 10.08M) | Time:00:00.00 | Mem:0.20M, Peak:0.20M | Scene, ViewLayer | Updating Film
Fra:1 Mem:9.47M (Peak 10.08M) | Time:00:00.00 | Mem:0.12M, Peak:0.20M | Scene, ViewLayer | Updating Lookup Tables
Fra:1 Mem:9.47M (Peak 10.08M) | Time:00:00.00 | Mem:0.20M, Peak:0.20M | Scene, ViewLayer | Updating Baking
Fra:1 Mem:9.47M (Peak 10.08M) | Time:00:00.00 | Mem:0.20M, Peak:0.20M | Scene, ViewLayer | Updating Device | Writing constant memory
Fra:1 Mem:9.47M (Peak 10.08M) | Time:00:00.00 | Mem:0.20M, Peak:0.20M | Scene, ViewLayer | Loading denoising kernels (may take a few minutes the first time)
Fra:1 Mem:9.47M (Peak 10.08M) | Time:00:00.00 | Mem:0.20M, Peak:0.20M | Scene, ViewLayer | Sample 0/12
Fra:1 Mem:44.30M (Peak 44.30M) | Time:00:00.05 | Remaining:00:00.56 | Mem:34.99M, Peak:34.99M | Scene, ViewLayer | Sample 1/12
Fra:1 Mem:58.95M (Peak 80.93M) | Time:00:03.03 | Mem:34.99M, Peak:34.99M | Scene, ViewLayer | Sample 12/12
Fra:1 Mem:58.95M (Peak 80.93M) | Time:00:03.03 | Mem:34.99M, Peak:34.99M | Scene, ViewLayer | Finished
Saved: '/workspace/scratch/a29d03198654/Aether/source-assets/lake49/source-views/foreground_rock-anatomy.png'
Time: 00:03.07 (Saving: 00:00.04)

RENDERED foreground_rock anatomy

Blender quit
