/workspace/scratch/a29d03198654/Aether/cloud-evidence/nearbay61-input-units-v5-20261002T043347Z-oqgvynhg
{
  "version": "orbit61-native-input-units-v5",
  "status": "finished",
  "command": [
    "/workspace/scratch/a29d03198654/tools-feiting/Godot_v4.5.1-stable_linux.x86_64",
    "--headless",
    "--path",
    "/tmp/orbit61-input-units-x9sk13au",
    "--audio-driver",
    "Dummy",
    "--script",
    "/workspace/scratch/a29d03198654/Aether/source-assets/coast61-nearbay-orbit/input-units-v5/fixture.gd",
    "--",
    "/workspace/scratch/a29d03198654/Aether/cloud-evidence/nearbay61-input-units-v5-20261002T043347Z-oqgvynhg/result.json"
  ],
  "cpu_affinity": [
    0,
    1
  ],
  "watchdog_seconds": 19,
  "maximum_requested_seconds": 20,
  "wall_seconds": 0.5295190940014436,
  "returncode": 0,
  "max_rss_kib": 119764,
  "timeout": false,
  "wrapper_received_signal": null,
  "godot_sha256": "db07cae7de644278a1884d4552bdf2bca3f5d30131b18faf3a0c4d730080b199",
  "inputs": {
    "source-assets/coast61-nearbay-orbit/native_mouse61.gd": "f38ec4d3bc1c4891c8c919ef18d359e080eb90c948b72c09d1d149394e867cbf",
    "source-assets/coast61-nearbay-orbit/verify_orbit61.gd": "d0608f7232034745875cff807869a2102643528f68dfb827040f36b704c07b8a",
    "source-assets/coast61-nearbay-orbit/run_orbit61.py": "ccf14dc0ef03542a3d452cb67cf389b5eb8827208479e36b3ca2e3168f987f35",
    "source-assets/coast61-nearbay-orbit/input-units-v5/fixture.gd": "903757a92edb3e49020c1502f0be2eee40361502eb05b5e2c7dea0a968ea2dd4",
    "source-assets/coast61-nearbay-orbit/input-units-v5/run_fixture.py": "8204bcb39ccf09bdb3642e9e3160b642d492e9d89da6d3e5a6f5c3991e927a8d",
    "source-assets/coast61-nearbay-orbit/input-units-v5/README.md": "cdbf4de8213a78f4876b9ad7fc2e9205b7e7cd15906abb875a4037a394b447c6"
  },
  "protected_input_count": 1567,
  "inputs_unchanged": true,
  "logged_errors": [],
  "passed": true,
  "world_loaded": false,
  "images": 0,
  "orbit_runtime_passed": false
}
