Godot Engine v4.5.1.stable.official.f62fdbde1 - https://godotengine.org

REORDERED_EQUAL true raw_bytes_differ true stable_digest_equal true changed_digest_different true
RESOURCE_DOUBLE_READ res://scenes/prefabs/bush.tscn true
RESOURCE_DOUBLE_READ res://scenes/prefabs/rock.tscn true
Godot Engine v4.5.1.stable.official.f62fdbde1 - https://godotengine.org

REORDERED_EQUAL true raw_bytes_differ true stable_digest_equal true changed_digest_different true
RESOURCE_DOUBLE_READ res://scenes/prefabs/bush.tscn true
RESOURCE_DOUBLE_READ res://scenes/prefabs/rock.tscn true
Godot Engine v4.5.1.stable.official.f62fdbde1 - https://godotengine.org

REORDERED_EQUAL true raw_bytes_differ true stable_digest_equal true changed_digest_different true
RESOURCE_DOUBLE_READ res://scenes/prefabs/bush.tscn true
RESOURCE_DOUBLE_READ res://scenes/prefabs/rock.tscn true
Godot Engine v4.5.1.stable.official.f62fdbde1 - https://godotengine.org

REORDERED_EQUAL true raw_bytes_differ true stable_digest_equal true changed_digest_different true
RESOURCE_DOUBLE_READ res://scenes/prefabs/bush.tscn true
RESOURCE_DOUBLE_READ res://scenes/prefabs/rock.tscn true
Godot Engine v4.5.1.stable.official.f62fdbde1 - https://godotengine.org

REORDERED_EQUAL true raw_bytes_differ true stable_digest_equal true changed_digest_different true
RESOURCE_DOUBLE_READ res://scenes/prefabs/bush.tscn true
RESOURCE_DOUBLE_READ res://scenes/prefabs/rock.tscn true
Godot Engine v4.5.1.stable.official.f62fdbde1 - https://godotengine.org

REORDERED_EQUAL true raw_bytes_differ true stable_digest_equal true changed_digest_different true
RESOURCE_DOUBLE_READ res://scenes/prefabs/bush.tscn true
RESOURCE_DOUBLE_READ res://scenes/prefabs/rock.tscn true
Godot Engine v4.5.1.stable.official.f62fdbde1 - https://godotengine.org

REORDERED_EQUAL true raw_bytes_differ true stable_digest_equal true changed_digest_different true
RESOURCE_DOUBLE_READ res://scenes/prefabs/bush.tscn true
RESOURCE_DOUBLE_READ res://scenes/prefabs/rock.tscn true
Godot Engine v4.5.1.stable.official.f62fdbde1 - https://godotengine.org

REORDERED_EQUAL true raw_bytes_differ true stable_digest_equal true changed_digest_different true
RESOURCE_DOUBLE_READ res://scenes/prefabs/bush.tscn true
RESOURCE_DOUBLE_READ res://scenes/prefabs/rock.tscn true
Godot Engine v4.5.1.stable.official.f62fdbde1 - https://godotengine.org

REORDERED_EQUAL true raw_bytes_differ true stable_digest_equal true changed_digest_different true
RESOURCE_DOUBLE_READ res://scenes/prefabs/bush.tscn true
RESOURCE_DOUBLE_READ res://scenes/prefabs/rock.tscn true
Godot Engine v4.5.1.stable.official.f62fdbde1 - https://godotengine.org

REORDERED_EQUAL true raw_bytes_differ true stable_digest_equal true changed_digest_different true
RESOURCE_DOUBLE_READ res://scenes/prefabs/bush.tscn true
RESOURCE_DOUBLE_READ res://scenes/prefabs/rock.tscn true
Godot Engine v4.5.1.stable.official.f62fdbde1 - https://godotengine.org

REORDERED_EQUAL true raw_bytes_differ true stable_digest_equal true changed_digest_different true
RESOURCE_DOUBLE_READ res://scenes/prefabs/bush.tscn true
RESOURCE_DOUBLE_READ res://scenes/prefabs/rock.tscn true
Godot Engine v4.5.1.stable.official.f62fdbde1 - https://godotengine.org

REORDERED_EQUAL true raw_bytes_differ true stable_digest_equal true changed_digest_different true
RESOURCE_DOUBLE_READ res://scenes/prefabs/bush.tscn true
RESOURCE_DOUBLE_READ res://scenes/prefabs/rock.tscn true
Godot Engine v4.5.1.stable.official.f62fdbde1 - https://godotengine.org

NODEPATH_EXACT_TYPE_AND_ROUNDTRIP true
REORDERED_EQUAL true raw_bytes_differ true stable_digest_equal true changed_digest_different true
RESOURCE_DOUBLE_READ res://scenes/prefabs/bush.tscn true
RESOURCE_DOUBLE_READ res://scenes/prefabs/rock.tscn true
