Blender 4.5.14 LTS (hash 62c1db4208e8 built 2026-09-15 01:31:19)
Read blend: "/workspace/scratch/a29d03198654/Aether/source-assets/cloud-sea52d/cloud_sea52d.blend"
Fra:1 Mem:9.03M (Peak 9.03M) | Time:00:00.00 | Mem:0.00M, Peak:0.00M | Scene, ViewLayer | Synchronizing object | CloudSea52d_v0_representative_round_crown_ridge
Fra:1 Mem:9.03M (Peak 9.03M) | Time:00:00.00 | Mem:0.00M, Peak:0.00M | Scene, ViewLayer | Synchronizing object | Sun
Fra:1 Mem:9.17M (Peak 9.17M) | Time:00:00.00 | Mem:0.00M, Peak:0.00M | Scene, ViewLayer | Initializing
Fra:1 Mem:8.99M (Peak 9.17M) | Time:00:00.00 | Mem:0.00M, Peak:0.00M | Scene, ViewLayer | Waiting for render to start
Fra:1 Mem:8.99M (Peak 9.17M) | Time:00:00.00 | Mem:0.00M, Peak:0.00M | Scene, ViewLayer | Updating Scene
Fra:1 Mem:8.99M (Peak 9.17M) | Time:00:00.00 | Mem:0.00M, Peak:0.00M | Scene, ViewLayer | Updating Shaders
Fra:1 Mem:8.99M (Peak 9.17M) | Time:00:00.00 | Mem:0.00M, Peak:0.00M | Scene, ViewLayer | Loading render kernels (may take a few minutes the first time)
Fra:1 Mem:9.07M (Peak 9.17M) | Time:00:00.00 | Mem:0.00M, Peak:0.00M | Scene, ViewLayer | Updating Procedurals
Fra:1 Mem:9.07M (Peak 9.17M) | Time:00:00.00 | Mem:0.00M, Peak:0.00M | Scene, ViewLayer | Updating Background
Fra:1 Mem:9.07M (Peak 9.17M) | Time:00:00.00 | Mem:0.00M, Peak:0.00M | Scene, ViewLayer | Updating Camera
Fra:1 Mem:9.07M (Peak 9.17M) | Time:00:00.00 | Mem:0.00M, Peak:0.00M | Scene, ViewLayer | Updating Meshes Flags
Fra:1 Mem:9.07M (Peak 9.17M) | Time:00:00.00 | Mem:0.00M, Peak:0.00M | Scene, ViewLayer | Updating Objects
Fra:1 Mem:9.07M (Peak 9.17M) | Time:00:00.00 | Mem:0.00M, Peak:0.00M | Scene, ViewLayer | Updating Objects | Copying Transformations to device
Fra:1 Mem:9.07M (Peak 9.17M) | Time:00:00.00 | Mem:0.00M, Peak:0.00M | Scene, ViewLayer | Updating Particle Systems
Fra:1 Mem:9.07M (Peak 9.17M) | Time:00:00.00 | Mem:0.00M, Peak:0.00M | Scene, ViewLayer | Updating Particle Systems | Copying Particles to device
Fra:1 Mem:9.07M (Peak 9.17M) | Time:00:00.00 | Mem:0.00M, Peak:0.00M | Scene, ViewLayer | Updating Meshes
Fra:1 Mem:9.07M (Peak 9.17M) | Time:00:00.00 | Mem:0.00M, Peak:0.00M | Scene, ViewLayer | Updating Objects | Applying Static Transformations
Fra:1 Mem:9.07M (Peak 9.17M) | Time:00:00.00 | Mem:0.00M, Peak:0.00M | Scene, ViewLayer | Updating Mesh | Computing attributes
Fra:1 Mem:9.13M (Peak 9.17M) | Time:00:00.00 | Mem:0.00M, Peak:0.00M | Scene, ViewLayer | Updating Mesh | Copying Attributes to device
Fra:1 Mem:9.13M (Peak 9.17M) | Time:00:00.00 | Mem:0.06M, Peak:0.06M | Scene, ViewLayer | Updating Scene BVH | Building
Fra:1 Mem:9.13M (Peak 9.17M) | Time:00:00.00 | Mem:0.06M, Peak:0.06M | Scene, ViewLayer | Updating Scene BVH | Building BVH
Fra:1 Mem:9.13M (Peak 9.17M) | Time:00:00.00 | Mem:0.09M, Peak:0.09M | Scene, ViewLayer | Updating Scene BVH | Building BVH 0%
Fra:1 Mem:9.13M (Peak 9.17M) | Time:00:00.00 | Mem:0.14M, Peak:0.17M | Scene, ViewLayer | Updating Scene BVH | Copying BVH to device
Fra:1 Mem:9.13M (Peak 9.17M) | Time:00:00.00 | Mem:0.14M, Peak:0.17M | Scene, ViewLayer | Updating Mesh | Computing normals
Fra:1 Mem:9.16M (Peak 9.17M) | Time:00:00.00 | Mem:0.14M, Peak:0.17M | Scene, ViewLayer | Updating Mesh | Copying Mesh to device
Fra:1 Mem:9.16M (Peak 9.17M) | Time:00:00.00 | Mem:0.17M, Peak:0.17M | Scene, ViewLayer | Updating Objects Flags
Fra:1 Mem:9.16M (Peak 9.17M) | Time:00:00.00 | Mem:0.17M, Peak:0.17M | Scene, ViewLayer | Updating Primitive Offsets
Fra:1 Mem:9.16M (Peak 9.17M) | Time:00:00.00 | Mem:0.17M, Peak:0.17M | Scene, ViewLayer | Updating Images
Fra:1 Mem:9.16M (Peak 9.17M) | Time:00:00.00 | Mem:0.17M, Peak:0.17M | Scene, ViewLayer | Updating Camera Volume
Fra:1 Mem:9.16M (Peak 9.17M) | Time:00:00.00 | Mem:0.17M, Peak:0.17M | Scene, ViewLayer | Updating Lookup Tables
Fra:1 Mem:9.16M (Peak 9.17M) | Time:00:00.00 | Mem:0.25M, Peak:0.25M | Scene, ViewLayer | Updating Lights
Fra:1 Mem:9.16M (Peak 9.17M) | Time:00:00.00 | Mem:0.25M, Peak:0.25M | Scene, ViewLayer | Updating Lights | Computing tree
Fra:1 Mem:9.16M (Peak 9.17M) | Time:00:00.00 | Mem:0.25M, Peak:0.25M | Scene, ViewLayer | Updating Integrator
Fra:1 Mem:9.16M (Peak 9.17M) | Time:00:00.00 | Mem:0.25M, Peak:0.25M | Scene, ViewLayer | Updating Film
Fra:1 Mem:9.16M (Peak 9.17M) | Time:00:00.00 | Mem:0.17M, Peak:0.25M | Scene, ViewLayer | Updating Lookup Tables
Fra:1 Mem:9.16M (Peak 9.17M) | Time:00:00.00 | Mem:0.25M, Peak:0.25M | Scene, ViewLayer | Updating Baking
Fra:1 Mem:9.16M (Peak 9.17M) | Time:00:00.00 | Mem:0.25M, Peak:0.25M | Scene, ViewLayer | Updating Device | Writing constant memory
Fra:1 Mem:9.16M (Peak 9.17M) | Time:00:00.00 | Mem:0.25M, Peak:0.25M | Scene, ViewLayer | Loading denoising kernels (may take a few minutes the first time)
Fra:1 Mem:9.16M (Peak 9.17M) | Time:00:00.00 | Mem:0.25M, Peak:0.25M | Scene, ViewLayer | Sample 0/20
Fra:1 Mem:50.95M (Peak 50.95M) | Time:00:00.10 | Remaining:00:01.98 | Mem:42.00M, Peak:42.00M | Scene, ViewLayer | Sample 1/20
Fra:1 Mem:68.53M (Peak 94.90M) | Time:00:04.93 | Mem:42.00M, Peak:42.00M | Scene, ViewLayer | Sample 20/20
Fra:1 Mem:68.53M (Peak 94.90M) | Time:00:04.93 | Mem:42.00M, Peak:42.00M | Scene, ViewLayer | Finished
Saved: '/workspace/scratch/a29d03198654/Aether/cloud-evidence/cloudsea52d-source-v0-20261001T044229Z-7cqcuxsm/images/sea52d-0-front.png'
Time: 00:05.06 (Saving: 00:00.12)

Fra:1 Mem:9.08M (Peak 9.08M) | Time:00:00.00 | Mem:0.00M, Peak:0.00M | Scene, ViewLayer | Synchronizing object | CloudSea52d_v0_representative_round_crown_ridge
Fra:1 Mem:9.08M (Peak 9.08M) | Time:00:00.00 | Mem:0.00M, Peak:0.00M | Scene, ViewLayer | Synchronizing object | Sun
Fra:1 Mem:9.17M (Peak 9.17M) | Time:00:00.00 | Mem:0.00M, Peak:0.00M | Scene, ViewLayer | Initializing
Fra:1 Mem:8.99M (Peak 9.17M) | Time:00:00.00 | Mem:0.00M, Peak:0.00M | Scene, ViewLayer | Waiting for render to start
Fra:1 Mem:8.99M (Peak 9.17M) | Time:00:00.00 | Mem:0.00M, Peak:0.00M | Scene, ViewLayer | Updating Scene
Fra:1 Mem:8.99M (Peak 9.17M) | Time:00:00.00 | Mem:0.00M, Peak:0.00M | Scene, ViewLayer | Updating Shaders
Fra:1 Mem:8.99M (Peak 9.17M) | Time:00:00.00 | Mem:0.00M, Peak:0.00M | Scene, ViewLayer | Loading render kernels (may take a few minutes the first time)
Fra:1 Mem:9.07M (Peak 9.17M) | Time:00:00.00 | Mem:0.00M, Peak:0.00M | Scene, ViewLayer | Updating Procedurals
Fra:1 Mem:9.07M (Peak 9.17M) | Time:00:00.00 | Mem:0.00M, Peak:0.00M | Scene, ViewLayer | Updating Background
Fra:1 Mem:9.07M (Peak 9.17M) | Time:00:00.00 | Mem:0.00M, Peak:0.00M | Scene, ViewLayer | Updating Camera
Fra:1 Mem:9.07M (Peak 9.17M) | Time:00:00.00 | Mem:0.00M, Peak:0.00M | Scene, ViewLayer | Updating Meshes Flags
Fra:1 Mem:9.07M (Peak 9.17M) | Time:00:00.00 | Mem:0.00M, Peak:0.00M | Scene, ViewLayer | Updating Objects
Fra:1 Mem:9.07M (Peak 9.17M) | Time:00:00.00 | Mem:0.00M, Peak:0.00M | Scene, ViewLayer | Updating Objects | Copying Transformations to device
Fra:1 Mem:9.07M (Peak 9.17M) | Time:00:00.00 | Mem:0.00M, Peak:0.00M | Scene, ViewLayer | Updating Particle Systems
Fra:1 Mem:9.07M (Peak 9.17M) | Time:00:00.00 | Mem:0.00M, Peak:0.00M | Scene, ViewLayer | Updating Particle Systems | Copying Particles to device
Fra:1 Mem:9.07M (Peak 9.17M) | Time:00:00.00 | Mem:0.00M, Peak:0.00M | Scene, ViewLayer | Updating Meshes
Fra:1 Mem:9.07M (Peak 9.17M) | Time:00:00.00 | Mem:0.00M, Peak:0.00M | Scene, ViewLayer | Updating Objects | Applying Static Transformations
Fra:1 Mem:9.07M (Peak 9.17M) | Time:00:00.00 | Mem:0.00M, Peak:0.00M | Scene, ViewLayer | Updating Mesh | Computing attributes
Fra:1 Mem:9.13M (Peak 9.17M) | Time:00:00.00 | Mem:0.00M, Peak:0.00M | Scene, ViewLayer | Updating Mesh | Copying Attributes to device
Fra:1 Mem:9.13M (Peak 9.17M) | Time:00:00.00 | Mem:0.06M, Peak:0.06M | Scene, ViewLayer | Updating Scene BVH | Building
Fra:1 Mem:9.13M (Peak 9.17M) | Time:00:00.00 | Mem:0.06M, Peak:0.06M | Scene, ViewLayer | Updating Scene BVH | Building BVH
Fra:1 Mem:9.13M (Peak 9.17M) | Time:00:00.00 | Mem:0.09M, Peak:0.09M | Scene, ViewLayer | Updating Scene BVH | Building BVH 0%
Fra:1 Mem:9.13M (Peak 9.17M) | Time:00:00.00 | Mem:0.14M, Peak:0.17M | Scene, ViewLayer | Updating Scene BVH | Copying BVH to device
Fra:1 Mem:9.13M (Peak 9.17M) | Time:00:00.00 | Mem:0.14M, Peak:0.17M | Scene, ViewLayer | Updating Mesh | Computing normals
Fra:1 Mem:9.16M (Peak 9.17M) | Time:00:00.00 | Mem:0.14M, Peak:0.17M | Scene, ViewLayer | Updating Mesh | Copying Mesh to device
Fra:1 Mem:9.16M (Peak 9.17M) | Time:00:00.00 | Mem:0.17M, Peak:0.17M | Scene, ViewLayer | Updating Objects Flags
Fra:1 Mem:9.16M (Peak 9.17M) | Time:00:00.00 | Mem:0.17M, Peak:0.17M | Scene, ViewLayer | Updating Primitive Offsets
Fra:1 Mem:9.16M (Peak 9.17M) | Time:00:00.00 | Mem:0.17M, Peak:0.17M | Scene, ViewLayer | Updating Images
Fra:1 Mem:9.16M (Peak 9.17M) | Time:00:00.00 | Mem:0.17M, Peak:0.17M | Scene, ViewLayer | Updating Camera Volume
Fra:1 Mem:9.16M (Peak 9.17M) | Time:00:00.00 | Mem:0.17M, Peak:0.17M | Scene, ViewLayer | Updating Lookup Tables
Fra:1 Mem:9.16M (Peak 9.17M) | Time:00:00.00 | Mem:0.25M, Peak:0.25M | Scene, ViewLayer | Updating Lights
Fra:1 Mem:9.16M (Peak 9.17M) | Time:00:00.00 | Mem:0.25M, Peak:0.25M | Scene, ViewLayer | Updating Lights | Computing tree
Fra:1 Mem:9.16M (Peak 9.17M) | Time:00:00.00 | Mem:0.25M, Peak:0.25M | Scene, ViewLayer | Updating Integrator
Fra:1 Mem:9.16M (Peak 9.17M) | Time:00:00.00 | Mem:0.25M, Peak:0.25M | Scene, ViewLayer | Updating Film
Fra:1 Mem:9.16M (Peak 9.17M) | Time:00:00.00 | Mem:0.17M, Peak:0.25M | Scene, ViewLayer | Updating Lookup Tables
Fra:1 Mem:9.16M (Peak 9.17M) | Time:00:00.00 | Mem:0.25M, Peak:0.25M | Scene, ViewLayer | Updating Baking
Fra:1 Mem:9.16M (Peak 9.17M) | Time:00:00.00 | Mem:0.25M, Peak:0.25M | Scene, ViewLayer | Updating Device | Writing constant memory
Fra:1 Mem:9.16M (Peak 9.17M) | Time:00:00.00 | Mem:0.25M, Peak:0.25M | Scene, ViewLayer | Loading denoising kernels (may take a few minutes the first time)
Fra:1 Mem:9.16M (Peak 9.17M) | Time:00:00.00 | Mem:0.25M, Peak:0.25M | Scene, ViewLayer | Sample 0/20
Fra:1 Mem:50.95M (Peak 50.95M) | Time:00:00.09 | Remaining:00:01.67 | Mem:42.00M, Peak:42.00M | Scene, ViewLayer | Sample 1/20
Fra:1 Mem:68.53M (Peak 94.90M) | Time:00:04.85 | Mem:42.00M, Peak:42.00M | Scene, ViewLayer | Sample 20/20
Fra:1 Mem:68.53M (Peak 94.90M) | Time:00:04.85 | Mem:42.00M, Peak:42.00M | Scene, ViewLayer | Finished
Saved: '/workspace/scratch/a29d03198654/Aether/cloud-evidence/cloudsea52d-source-v0-20261001T044229Z-7cqcuxsm/images/sea52d-0-back.png'
Time: 00:04.91 (Saving: 00:00.05)

Fra:1 Mem:9.08M (Peak 9.08M) | Time:00:00.00 | Mem:0.00M, Peak:0.00M | Scene, ViewLayer | Synchronizing object | CloudSea52d_v0_representative_round_crown_ridge
Fra:1 Mem:9.08M (Peak 9.08M) | Time:00:00.00 | Mem:0.00M, Peak:0.00M | Scene, ViewLayer | Synchronizing object | Sun
Fra:1 Mem:9.17M (Peak 9.17M) | Time:00:00.00 | Mem:0.00M, Peak:0.00M | Scene, ViewLayer | Initializing
Fra:1 Mem:8.99M (Peak 9.17M) | Time:00:00.00 | Mem:0.00M, Peak:0.00M | Scene, ViewLayer | Waiting for render to start
Fra:1 Mem:8.99M (Peak 9.17M) | Time:00:00.00 | Mem:0.00M, Peak:0.00M | Scene, ViewLayer | Updating Scene
Fra:1 Mem:8.99M (Peak 9.17M) | Time:00:00.00 | Mem:0.00M, Peak:0.00M | Scene, ViewLayer | Updating Shaders
Fra:1 Mem:8.99M (Peak 9.17M) | Time:00:00.00 | Mem:0.00M, Peak:0.00M | Scene, ViewLayer | Loading render kernels (may take a few minutes the first time)
Fra:1 Mem:9.07M (Peak 9.17M) | Time:00:00.00 | Mem:0.00M, Peak:0.00M | Scene, ViewLayer | Updating Procedurals
Fra:1 Mem:9.07M (Peak 9.17M) | Time:00:00.00 | Mem:0.00M, Peak:0.00M | Scene, ViewLayer | Updating Background
Fra:1 Mem:9.07M (Peak 9.17M) | Time:00:00.00 | Mem:0.00M, Peak:0.00M | Scene, ViewLayer | Updating Camera
Fra:1 Mem:9.07M (Peak 9.17M) | Time:00:00.00 | Mem:0.00M, Peak:0.00M | Scene, ViewLayer | Updating Meshes Flags
Fra:1 Mem:9.07M (Peak 9.17M) | Time:00:00.00 | Mem:0.00M, Peak:0.00M | Scene, ViewLayer | Updating Objects
Fra:1 Mem:9.07M (Peak 9.17M) | Time:00:00.00 | Mem:0.00M, Peak:0.00M | Scene, ViewLayer | Updating Objects | Copying Transformations to device
Fra:1 Mem:9.07M (Peak 9.17M) | Time:00:00.00 | Mem:0.00M, Peak:0.00M | Scene, ViewLayer | Updating Particle Systems
Fra:1 Mem:9.07M (Peak 9.17M) | Time:00:00.00 | Mem:0.00M, Peak:0.00M | Scene, ViewLayer | Updating Particle Systems | Copying Particles to device
Fra:1 Mem:9.07M (Peak 9.17M) | Time:00:00.00 | Mem:0.00M, Peak:0.00M | Scene, ViewLayer | Updating Meshes
Fra:1 Mem:9.07M (Peak 9.17M) | Time:00:00.00 | Mem:0.00M, Peak:0.00M | Scene, ViewLayer | Updating Objects | Applying Static Transformations
Fra:1 Mem:9.07M (Peak 9.17M) | Time:00:00.00 | Mem:0.00M, Peak:0.00M | Scene, ViewLayer | Updating Mesh | Computing attributes
Fra:1 Mem:9.13M (Peak 9.17M) | Time:00:00.00 | Mem:0.00M, Peak:0.00M | Scene, ViewLayer | Updating Mesh | Copying Attributes to device
Fra:1 Mem:9.13M (Peak 9.17M) | Time:00:00.00 | Mem:0.06M, Peak:0.06M | Scene, ViewLayer | Updating Scene BVH | Building
Fra:1 Mem:9.13M (Peak 9.17M) | Time:00:00.00 | Mem:0.06M, Peak:0.06M | Scene, ViewLayer | Updating Scene BVH | Building BVH
Fra:1 Mem:9.13M (Peak 9.17M) | Time:00:00.00 | Mem:0.09M, Peak:0.09M | Scene, ViewLayer | Updating Scene BVH | Building BVH 0%
Fra:1 Mem:9.13M (Peak 9.17M) | Time:00:00.00 | Mem:0.14M, Peak:0.17M | Scene, ViewLayer | Updating Scene BVH | Copying BVH to device
Fra:1 Mem:9.13M (Peak 9.17M) | Time:00:00.00 | Mem:0.14M, Peak:0.17M | Scene, ViewLayer | Updating Mesh | Computing normals
Fra:1 Mem:9.16M (Peak 9.17M) | Time:00:00.00 | Mem:0.14M, Peak:0.17M | Scene, ViewLayer | Updating Mesh | Copying Mesh to device
Fra:1 Mem:9.16M (Peak 9.17M) | Time:00:00.00 | Mem:0.17M, Peak:0.17M | Scene, ViewLayer | Updating Objects Flags
Fra:1 Mem:9.16M (Peak 9.17M) | Time:00:00.00 | Mem:0.17M, Peak:0.17M | Scene, ViewLayer | Updating Primitive Offsets
Fra:1 Mem:9.16M (Peak 9.17M) | Time:00:00.00 | Mem:0.17M, Peak:0.17M | Scene, ViewLayer | Updating Images
Fra:1 Mem:9.16M (Peak 9.17M) | Time:00:00.00 | Mem:0.17M, Peak:0.17M | Scene, ViewLayer | Updating Camera Volume
Fra:1 Mem:9.16M (Peak 9.17M) | Time:00:00.00 | Mem:0.17M, Peak:0.17M | Scene, ViewLayer | Updating Lookup Tables
Fra:1 Mem:9.16M (Peak 9.17M) | Time:00:00.00 | Mem:0.25M, Peak:0.25M | Scene, ViewLayer | Updating Lights
Fra:1 Mem:9.16M (Peak 9.17M) | Time:00:00.00 | Mem:0.25M, Peak:0.25M | Scene, ViewLayer | Updating Lights | Computing tree
Fra:1 Mem:9.16M (Peak 9.17M) | Time:00:00.00 | Mem:0.25M, Peak:0.25M | Scene, ViewLayer | Updating Integrator
Fra:1 Mem:9.16M (Peak 9.17M) | Time:00:00.00 | Mem:0.25M, Peak:0.25M | Scene, ViewLayer | Updating Film
Fra:1 Mem:9.16M (Peak 9.17M) | Time:00:00.00 | Mem:0.17M, Peak:0.25M | Scene, ViewLayer | Updating Lookup Tables
Fra:1 Mem:9.16M (Peak 9.17M) | Time:00:00.00 | Mem:0.25M, Peak:0.25M | Scene, ViewLayer | Updating Baking
Fra:1 Mem:9.16M (Peak 9.17M) | Time:00:00.00 | Mem:0.25M, Peak:0.25M | Scene, ViewLayer | Updating Device | Writing constant memory
Fra:1 Mem:9.16M (Peak 9.17M) | Time:00:00.00 | Mem:0.25M, Peak:0.25M | Scene, ViewLayer | Loading denoising kernels (may take a few minutes the first time)
Fra:1 Mem:9.16M (Peak 9.17M) | Time:00:00.00 | Mem:0.25M, Peak:0.25M | Scene, ViewLayer | Sample 0/20
Fra:1 Mem:50.95M (Peak 50.95M) | Time:00:00.06 | Remaining:00:01.22 | Mem:42.00M, Peak:42.00M | Scene, ViewLayer | Sample 1/20
Fra:1 Mem:68.53M (Peak 94.90M) | Time:00:04.45 | Mem:42.00M, Peak:42.00M | Scene, ViewLayer | Sample 20/20
Fra:1 Mem:68.53M (Peak 94.90M) | Time:00:04.45 | Mem:42.00M, Peak:42.00M | Scene, ViewLayer | Finished
Saved: '/workspace/scratch/a29d03198654/Aether/cloud-evidence/cloudsea52d-source-v0-20261001T044229Z-7cqcuxsm/images/sea52d-0-side.png'
Time: 00:04.51 (Saving: 00:00.05)

Fra:1 Mem:9.08M (Peak 9.08M) | Time:00:00.00 | Mem:0.00M, Peak:0.00M | Scene, ViewLayer | Synchronizing object | CloudSea52d_v0_representative_round_crown_ridge
Fra:1 Mem:9.08M (Peak 9.08M) | Time:00:00.00 | Mem:0.00M, Peak:0.00M | Scene, ViewLayer | Synchronizing object | Sun
Fra:1 Mem:9.17M (Peak 9.17M) | Time:00:00.00 | Mem:0.00M, Peak:0.00M | Scene, ViewLayer | Initializing
Fra:1 Mem:8.99M (Peak 9.17M) | Time:00:00.00 | Mem:0.00M, Peak:0.00M | Scene, ViewLayer | Waiting for render to start
Fra:1 Mem:8.99M (Peak 9.17M) | Time:00:00.00 | Mem:0.00M, Peak:0.00M | Scene, ViewLayer | Updating Scene
Fra:1 Mem:8.99M (Peak 9.17M) | Time:00:00.00 | Mem:0.00M, Peak:0.00M | Scene, ViewLayer | Updating Shaders
Fra:1 Mem:8.99M (Peak 9.17M) | Time:00:00.00 | Mem:0.00M, Peak:0.00M | Scene, ViewLayer | Loading render kernels (may take a few minutes the first time)
Fra:1 Mem:9.07M (Peak 9.17M) | Time:00:00.00 | Mem:0.00M, Peak:0.00M | Scene, ViewLayer | Updating Procedurals
Fra:1 Mem:9.07M (Peak 9.17M) | Time:00:00.00 | Mem:0.00M, Peak:0.00M | Scene, ViewLayer | Updating Background
Fra:1 Mem:9.07M (Peak 9.17M) | Time:00:00.00 | Mem:0.00M, Peak:0.00M | Scene, ViewLayer | Updating Camera
Fra:1 Mem:9.07M (Peak 9.17M) | Time:00:00.00 | Mem:0.00M, Peak:0.00M | Scene, ViewLayer | Updating Meshes Flags
Fra:1 Mem:9.07M (Peak 9.17M) | Time:00:00.00 | Mem:0.00M, Peak:0.00M | Scene, ViewLayer | Updating Objects
Fra:1 Mem:9.07M (Peak 9.17M) | Time:00:00.00 | Mem:0.00M, Peak:0.00M | Scene, ViewLayer | Updating Objects | Copying Transformations to device
Fra:1 Mem:9.07M (Peak 9.17M) | Time:00:00.00 | Mem:0.00M, Peak:0.00M | Scene, ViewLayer | Updating Particle Systems
Fra:1 Mem:9.07M (Peak 9.17M) | Time:00:00.00 | Mem:0.00M, Peak:0.00M | Scene, ViewLayer | Updating Particle Systems | Copying Particles to device
Fra:1 Mem:9.07M (Peak 9.17M) | Time:00:00.00 | Mem:0.00M, Peak:0.00M | Scene, ViewLayer | Updating Meshes
Fra:1 Mem:9.07M (Peak 9.17M) | Time:00:00.00 | Mem:0.00M, Peak:0.00M | Scene, ViewLayer | Updating Objects | Applying Static Transformations
Fra:1 Mem:9.07M (Peak 9.17M) | Time:00:00.00 | Mem:0.00M, Peak:0.00M | Scene, ViewLayer | Updating Mesh | Computing attributes
Fra:1 Mem:9.13M (Peak 9.17M) | Time:00:00.00 | Mem:0.00M, Peak:0.00M | Scene, ViewLayer | Updating Mesh | Copying Attributes to device
Fra:1 Mem:9.13M (Peak 9.17M) | Time:00:00.00 | Mem:0.06M, Peak:0.06M | Scene, ViewLayer | Updating Scene BVH | Building
Fra:1 Mem:9.13M (Peak 9.17M) | Time:00:00.00 | Mem:0.06M, Peak:0.06M | Scene, ViewLayer | Updating Scene BVH | Building BVH
Fra:1 Mem:9.13M (Peak 9.17M) | Time:00:00.00 | Mem:0.09M, Peak:0.09M | Scene, ViewLayer | Updating Scene BVH | Building BVH 0%
Fra:1 Mem:9.13M (Peak 9.17M) | Time:00:00.00 | Mem:0.14M, Peak:0.17M | Scene, ViewLayer | Updating Scene BVH | Copying BVH to device
Fra:1 Mem:9.13M (Peak 9.17M) | Time:00:00.00 | Mem:0.14M, Peak:0.17M | Scene, ViewLayer | Updating Mesh | Computing normals
Fra:1 Mem:9.16M (Peak 9.17M) | Time:00:00.00 | Mem:0.14M, Peak:0.17M | Scene, ViewLayer | Updating Mesh | Copying Mesh to device
Fra:1 Mem:9.16M (Peak 9.17M) | Time:00:00.00 | Mem:0.17M, Peak:0.17M | Scene, ViewLayer | Updating Objects Flags
Fra:1 Mem:9.16M (Peak 9.17M) | Time:00:00.00 | Mem:0.17M, Peak:0.17M | Scene, ViewLayer | Updating Primitive Offsets
Fra:1 Mem:9.16M (Peak 9.17M) | Time:00:00.00 | Mem:0.17M, Peak:0.17M | Scene, ViewLayer | Updating Images
Fra:1 Mem:9.16M (Peak 9.17M) | Time:00:00.00 | Mem:0.17M, Peak:0.17M | Scene, ViewLayer | Updating Camera Volume
Fra:1 Mem:9.16M (Peak 9.17M) | Time:00:00.00 | Mem:0.17M, Peak:0.17M | Scene, ViewLayer | Updating Lookup Tables
Fra:1 Mem:9.16M (Peak 9.17M) | Time:00:00.00 | Mem:0.25M, Peak:0.25M | Scene, ViewLayer | Updating Lights
Fra:1 Mem:9.16M (Peak 9.17M) | Time:00:00.00 | Mem:0.25M, Peak:0.25M | Scene, ViewLayer | Updating Lights | Computing tree
Fra:1 Mem:9.16M (Peak 9.17M) | Time:00:00.00 | Mem:0.25M, Peak:0.25M | Scene, ViewLayer | Updating Integrator
Fra:1 Mem:9.16M (Peak 9.17M) | Time:00:00.00 | Mem:0.25M, Peak:0.25M | Scene, ViewLayer | Updating Film
Fra:1 Mem:9.16M (Peak 9.17M) | Time:00:00.00 | Mem:0.17M, Peak:0.25M | Scene, ViewLayer | Updating Lookup Tables
Fra:1 Mem:9.16M (Peak 9.17M) | Time:00:00.00 | Mem:0.25M, Peak:0.25M | Scene, ViewLayer | Updating Baking
Fra:1 Mem:9.16M (Peak 9.17M) | Time:00:00.00 | Mem:0.25M, Peak:0.25M | Scene, ViewLayer | Updating Device | Writing constant memory
Fra:1 Mem:9.16M (Peak 9.17M) | Time:00:00.00 | Mem:0.25M, Peak:0.25M | Scene, ViewLayer | Loading denoising kernels (may take a few minutes the first time)
Fra:1 Mem:9.16M (Peak 9.17M) | Time:00:00.00 | Mem:0.25M, Peak:0.25M | Scene, ViewLayer | Sample 0/20
Fra:1 Mem:50.95M (Peak 50.95M) | Time:00:00.08 | Remaining:00:01.58 | Mem:42.00M, Peak:42.00M | Scene, ViewLayer | Sample 1/20
Fra:1 Mem:68.53M (Peak 94.90M) | Time:00:05.28 | Mem:42.00M, Peak:42.00M | Scene, ViewLayer | Sample 20/20
Fra:1 Mem:68.53M (Peak 94.90M) | Time:00:05.28 | Mem:42.00M, Peak:42.00M | Scene, ViewLayer | Finished
Saved: '/workspace/scratch/a29d03198654/Aether/cloud-evidence/cloudsea52d-source-v0-20261001T044229Z-7cqcuxsm/images/sea52d-0-underside.png'
Time: 00:05.34 (Saving: 00:00.05)

Fra:1 Mem:9.08M (Peak 9.08M) | Time:00:00.00 | Mem:0.00M, Peak:0.00M | Scene, ViewLayer | Synchronizing object | CloudSea52d_v0_representative_round_crown_ridge
Fra:1 Mem:9.08M (Peak 9.08M) | Time:00:00.00 | Mem:0.00M, Peak:0.00M | Scene, ViewLayer | Synchronizing object | Sun
Fra:1 Mem:9.17M (Peak 9.17M) | Time:00:00.00 | Mem:0.00M, Peak:0.00M | Scene, ViewLayer | Initializing
Fra:1 Mem:8.99M (Peak 9.17M) | Time:00:00.00 | Mem:0.00M, Peak:0.00M | Scene, ViewLayer | Waiting for render to start
Fra:1 Mem:8.99M (Peak 9.17M) | Time:00:00.00 | Mem:0.00M, Peak:0.00M | Scene, ViewLayer | Updating Scene
Fra:1 Mem:8.99M (Peak 9.17M) | Time:00:00.00 | Mem:0.00M, Peak:0.00M | Scene, ViewLayer | Updating Shaders
Fra:1 Mem:8.99M (Peak 9.17M) | Time:00:00.00 | Mem:0.00M, Peak:0.00M | Scene, ViewLayer | Loading render kernels (may take a few minutes the first time)
Fra:1 Mem:9.07M (Peak 9.17M) | Time:00:00.00 | Mem:0.00M, Peak:0.00M | Scene, ViewLayer | Updating Procedurals
Fra:1 Mem:9.07M (Peak 9.17M) | Time:00:00.00 | Mem:0.00M, Peak:0.00M | Scene, ViewLayer | Updating Background
Fra:1 Mem:9.07M (Peak 9.17M) | Time:00:00.00 | Mem:0.00M, Peak:0.00M | Scene, ViewLayer | Updating Camera
Fra:1 Mem:9.07M (Peak 9.17M) | Time:00:00.00 | Mem:0.00M, Peak:0.00M | Scene, ViewLayer | Updating Meshes Flags
Fra:1 Mem:9.07M (Peak 9.17M) | Time:00:00.00 | Mem:0.00M, Peak:0.00M | Scene, ViewLayer | Updating Objects
Fra:1 Mem:9.07M (Peak 9.17M) | Time:00:00.00 | Mem:0.00M, Peak:0.00M | Scene, ViewLayer | Updating Objects | Copying Transformations to device
Fra:1 Mem:9.07M (Peak 9.17M) | Time:00:00.00 | Mem:0.00M, Peak:0.00M | Scene, ViewLayer | Updating Particle Systems
Fra:1 Mem:9.07M (Peak 9.17M) | Time:00:00.00 | Mem:0.00M, Peak:0.00M | Scene, ViewLayer | Updating Particle Systems | Copying Particles to device
Fra:1 Mem:9.07M (Peak 9.17M) | Time:00:00.00 | Mem:0.00M, Peak:0.00M | Scene, ViewLayer | Updating Meshes
Fra:1 Mem:9.07M (Peak 9.17M) | Time:00:00.00 | Mem:0.00M, Peak:0.00M | Scene, ViewLayer | Updating Objects | Applying Static Transformations
Fra:1 Mem:9.07M (Peak 9.17M) | Time:00:00.00 | Mem:0.00M, Peak:0.00M | Scene, ViewLayer | Updating Mesh | Computing attributes
Fra:1 Mem:9.13M (Peak 9.17M) | Time:00:00.00 | Mem:0.00M, Peak:0.00M | Scene, ViewLayer | Updating Mesh | Copying Attributes to device
Fra:1 Mem:9.13M (Peak 9.17M) | Time:00:00.00 | Mem:0.06M, Peak:0.06M | Scene, ViewLayer | Updating Scene BVH | Building
Fra:1 Mem:9.13M (Peak 9.17M) | Time:00:00.00 | Mem:0.06M, Peak:0.06M | Scene, ViewLayer | Updating Scene BVH | Building BVH
Fra:1 Mem:9.13M (Peak 9.17M) | Time:00:00.00 | Mem:0.09M, Peak:0.09M | Scene, ViewLayer | Updating Scene BVH | Building BVH 0%
Fra:1 Mem:9.13M (Peak 9.17M) | Time:00:00.00 | Mem:0.14M, Peak:0.17M | Scene, ViewLayer | Updating Scene BVH | Copying BVH to device
Fra:1 Mem:9.13M (Peak 9.17M) | Time:00:00.00 | Mem:0.14M, Peak:0.17M | Scene, ViewLayer | Updating Mesh | Computing normals
Fra:1 Mem:9.16M (Peak 9.17M) | Time:00:00.00 | Mem:0.14M, Peak:0.17M | Scene, ViewLayer | Updating Mesh | Copying Mesh to device
Fra:1 Mem:9.16M (Peak 9.17M) | Time:00:00.00 | Mem:0.17M, Peak:0.17M | Scene, ViewLayer | Updating Objects Flags
Fra:1 Mem:9.16M (Peak 9.17M) | Time:00:00.00 | Mem:0.17M, Peak:0.17M | Scene, ViewLayer | Updating Primitive Offsets
Fra:1 Mem:9.16M (Peak 9.17M) | Time:00:00.00 | Mem:0.17M, Peak:0.17M | Scene, ViewLayer | Updating Images
Fra:1 Mem:9.16M (Peak 9.17M) | Time:00:00.00 | Mem:0.17M, Peak:0.17M | Scene, ViewLayer | Updating Camera Volume
Fra:1 Mem:9.16M (Peak 9.17M) | Time:00:00.00 | Mem:0.17M, Peak:0.17M | Scene, ViewLayer | Updating Lookup Tables
Fra:1 Mem:9.16M (Peak 9.17M) | Time:00:00.00 | Mem:0.25M, Peak:0.25M | Scene, ViewLayer | Updating Lights
Fra:1 Mem:9.16M (Peak 9.17M) | Time:00:00.00 | Mem:0.25M, Peak:0.25M | Scene, ViewLayer | Updating Lights | Computing tree
Fra:1 Mem:9.16M (Peak 9.17M) | Time:00:00.00 | Mem:0.25M, Peak:0.25M | Scene, ViewLayer | Updating Integrator
Fra:1 Mem:9.16M (Peak 9.17M) | Time:00:00.00 | Mem:0.25M, Peak:0.25M | Scene, ViewLayer | Updating Film
Fra:1 Mem:9.16M (Peak 9.17M) | Time:00:00.00 | Mem:0.17M, Peak:0.25M | Scene, ViewLayer | Updating Lookup Tables
Fra:1 Mem:9.16M (Peak 9.17M) | Time:00:00.00 | Mem:0.25M, Peak:0.25M | Scene, ViewLayer | Updating Baking
Fra:1 Mem:9.16M (Peak 9.17M) | Time:00:00.00 | Mem:0.25M, Peak:0.25M | Scene, ViewLayer | Updating Device | Writing constant memory
Fra:1 Mem:9.16M (Peak 9.17M) | Time:00:00.00 | Mem:0.25M, Peak:0.25M | Scene, ViewLayer | Loading denoising kernels (may take a few minutes the first time)
Fra:1 Mem:9.16M (Peak 9.17M) | Time:00:00.00 | Mem:0.25M, Peak:0.25M | Scene, ViewLayer | Sample 0/20
Fra:1 Mem:50.95M (Peak 50.95M) | Time:00:00.12 | Remaining:00:02.26 | Mem:42.00M, Peak:42.00M | Scene, ViewLayer | Sample 1/20
Fra:1 Mem:68.53M (Peak 94.90M) | Time:00:05.60 | Mem:42.00M, Peak:42.00M | Scene, ViewLayer | Sample 20/20
Fra:1 Mem:68.53M (Peak 94.90M) | Time:00:05.60 | Mem:42.00M, Peak:42.00M | Scene, ViewLayer | Finished
Saved: '/workspace/scratch/a29d03198654/Aether/cloud-evidence/cloudsea52d-source-v0-20261001T044229Z-7cqcuxsm/images/sea52d-0-top.png'
Time: 00:05.66 (Saving: 00:00.05)


Blender quit
