Blender 4.5.14 LTS (hash 62c1db4208e8 built 2026-09-15 01:31:19)
Read blend: "/workspace/scratch/a29d03198654/Aether/source-assets/cloud-bank58/revision-e/B_staggered_crowns.blend"
Fra:1 Mem:8.70M (Peak 8.70M) | Time:00:00.00 | Mem:0.00M, Peak:0.00M | Scene, ViewLayer | Synchronizing object | B_main
Fra:1 Mem:8.70M (Peak 8.70M) | Time:00:00.00 | Mem:0.00M, Peak:0.00M | Scene, ViewLayer | Synchronizing object | 58E fixed Sun
Fra:1 Mem:8.70M (Peak 8.70M) | Time:00:00.00 | Mem:0.00M, Peak:0.00M | Scene, ViewLayer | Synchronizing object | B_front
Fra:1 Mem:8.71M (Peak 8.71M) | Time:00:00.00 | Mem:0.00M, Peak:0.00M | Scene, ViewLayer | Synchronizing object | B_second
Fra:1 Mem:8.72M (Peak 8.72M) | Time:00:00.00 | Mem:0.00M, Peak:0.00M | Scene, ViewLayer | Synchronizing object | B_saddle
Fra:1 Mem:8.73M (Peak 8.73M) | Time:00:00.00 | Mem:0.00M, Peak:0.00M | Scene, ViewLayer | Initializing
Fra:1 Mem:8.43M (Peak 8.73M) | Time:00:00.00 | Mem:0.00M, Peak:0.00M | Scene, ViewLayer | Waiting for render to start
Fra:1 Mem:8.43M (Peak 8.73M) | Time:00:00.00 | Mem:0.00M, Peak:0.00M | Scene, ViewLayer | Updating Scene
Fra:1 Mem:8.43M (Peak 8.73M) | Time:00:00.00 | Mem:0.00M, Peak:0.00M | Scene, ViewLayer | Updating Shaders
Fra:1 Mem:8.43M (Peak 8.73M) | Time:00:00.00 | Mem:0.00M, Peak:0.00M | Scene, ViewLayer | Loading render kernels (may take a few minutes the first time)
Fra:1 Mem:8.51M (Peak 8.73M) | Time:00:00.00 | Mem:0.00M, Peak:0.00M | Scene, ViewLayer | Updating Procedurals
Fra:1 Mem:8.51M (Peak 8.73M) | Time:00:00.00 | Mem:0.00M, Peak:0.00M | Scene, ViewLayer | Updating Background
Fra:1 Mem:8.51M (Peak 8.73M) | Time:00:00.00 | Mem:0.00M, Peak:0.00M | Scene, ViewLayer | Updating Camera
Fra:1 Mem:8.51M (Peak 8.73M) | Time:00:00.00 | Mem:0.00M, Peak:0.00M | Scene, ViewLayer | Updating Meshes Flags
Fra:1 Mem:8.51M (Peak 8.73M) | Time:00:00.00 | Mem:0.00M, Peak:0.00M | Scene, ViewLayer | Updating Objects
Fra:1 Mem:8.51M (Peak 8.73M) | Time:00:00.00 | Mem:0.00M, Peak:0.00M | Scene, ViewLayer | Updating Objects | Copying Transformations to device
Fra:1 Mem:8.51M (Peak 8.73M) | Time:00:00.00 | Mem:0.00M, Peak:0.00M | Scene, ViewLayer | Updating Particle Systems
Fra:1 Mem:8.51M (Peak 8.73M) | Time:00:00.00 | Mem:0.00M, Peak:0.00M | Scene, ViewLayer | Updating Particle Systems | Copying Particles to device
Fra:1 Mem:8.51M (Peak 8.73M) | Time:00:00.00 | Mem:0.00M, Peak:0.00M | Scene, ViewLayer | Updating Meshes
Fra:1 Mem:8.51M (Peak 8.73M) | Time:00:00.00 | Mem:0.00M, Peak:0.00M | Scene, ViewLayer | Updating Objects | Applying Static Transformations
Fra:1 Mem:8.51M (Peak 8.73M) | Time:00:00.00 | Mem:0.00M, Peak:0.00M | Scene, ViewLayer | Updating Mesh | Computing attributes
Fra:1 Mem:8.51M (Peak 8.73M) | Time:00:00.00 | Mem:0.00M, Peak:0.00M | Scene, ViewLayer | Updating Mesh | Copying Attributes to device
Fra:1 Mem:8.51M (Peak 8.73M) | Time:00:00.00 | Mem:0.01M, Peak:0.01M | Scene, ViewLayer | Updating Scene BVH | Building
Fra:1 Mem:8.51M (Peak 8.73M) | Time:00:00.00 | Mem:0.01M, Peak:0.01M | Scene, ViewLayer | Updating Scene BVH | Building BVH
Fra:1 Mem:8.51M (Peak 8.73M) | Time:00:00.00 | Mem:0.02M, Peak:0.02M | Scene, ViewLayer | Updating Scene BVH | Building BVH 0%
Fra:1 Mem:8.51M (Peak 8.73M) | Time:00:00.00 | Mem:0.03M, Peak:0.04M | Scene, ViewLayer | Updating Scene BVH | Copying BVH to device
Fra:1 Mem:8.51M (Peak 8.73M) | Time:00:00.00 | Mem:0.03M, Peak:0.04M | Scene, ViewLayer | Updating Mesh | Computing normals
Fra:1 Mem:8.52M (Peak 8.73M) | Time:00:00.00 | Mem:0.03M, Peak:0.04M | Scene, ViewLayer | Updating Mesh | Copying Mesh to device
Fra:1 Mem:8.52M (Peak 8.73M) | Time:00:00.00 | Mem:0.04M, Peak:0.04M | Scene, ViewLayer | Updating Objects Flags
Fra:1 Mem:8.52M (Peak 8.73M) | Time:00:00.00 | Mem:0.04M, Peak:0.04M | Scene, ViewLayer | Updating Primitive Offsets
Fra:1 Mem:8.52M (Peak 8.73M) | Time:00:00.00 | Mem:0.04M, Peak:0.04M | Scene, ViewLayer | Updating Images
Fra:1 Mem:8.52M (Peak 8.73M) | Time:00:00.00 | Mem:0.04M, Peak:0.04M | Scene, ViewLayer | Updating Camera Volume
Fra:1 Mem:8.52M (Peak 8.73M) | Time:00:00.00 | Mem:0.04M, Peak:0.04M | Scene, ViewLayer | Updating Lookup Tables
Fra:1 Mem:8.52M (Peak 8.73M) | Time:00:00.00 | Mem:0.12M, Peak:0.12M | Scene, ViewLayer | Updating Lights
Fra:1 Mem:8.52M (Peak 8.73M) | Time:00:00.00 | Mem:0.12M, Peak:0.12M | Scene, ViewLayer | Updating Lights | Computing tree
Fra:1 Mem:8.52M (Peak 8.73M) | Time:00:00.00 | Mem:0.12M, Peak:0.12M | Scene, ViewLayer | Updating Integrator
Fra:1 Mem:8.52M (Peak 8.73M) | Time:00:00.00 | Mem:0.12M, Peak:0.12M | Scene, ViewLayer | Updating Film
Fra:1 Mem:8.53M (Peak 8.73M) | Time:00:00.00 | Mem:0.04M, Peak:0.12M | Scene, ViewLayer | Updating Lookup Tables
Fra:1 Mem:8.53M (Peak 8.73M) | Time:00:00.00 | Mem:0.13M, Peak:0.13M | Scene, ViewLayer | Updating Baking
Fra:1 Mem:8.53M (Peak 8.73M) | Time:00:00.00 | Mem:0.13M, Peak:0.13M | Scene, ViewLayer | Updating Device | Writing constant memory
Fra:1 Mem:8.53M (Peak 8.73M) | Time:00:00.00 | Mem:0.13M, Peak:0.13M | Scene, ViewLayer | Sample 0/8
Fra:1 Mem:22.07M (Peak 22.07M) | Time:00:00.05 | Remaining:00:00.38 | Mem:13.65M, Peak:13.65M | Scene, ViewLayer | Sample 1/8
Fra:1 Mem:28.08M (Peak 40.10M) | Time:00:00.47 | Mem:13.65M, Peak:13.65M | Scene, ViewLayer | Sample 8/8
Fra:1 Mem:28.08M (Peak 40.10M) | Time:00:00.47 | Mem:13.65M, Peak:13.65M | Scene, ViewLayer | Finished
Saved: '/workspace/scratch/a29d03198654/Aether/cloud-evidence/cloudbank58e-layouts-20261001T165946Z-yove55lx/outputs/B_staggered_crowns-1216-source-front.png'
Time: 00:00.53 (Saving: 00:00.05)

{"layout": "B_staggered_crowns", "view": "1216-source-front", "passed": true}

Blender quit
