Godot Engine v4.5.1.stable.official.f62fdbde1 - https://godotengine.org
OpenGL API 3.3.0 NVIDIA 582.66 - Compatibility - Using Device: NVIDIA - NVIDIA GeForce GTX 970

WORLD READY: 208 independent terrain scenes, 54797 saved scatter instances, 169 scene landmarks, 6 scene ports
PASS Native game script active
PASS Normal boot starts in daylight
PASS Existing 208 authored terrain tiles retained
PASS Authored scatter retained
PASS Native cabin collision CabinA
PASS Cabin mesh and collision equality CabinA
PASS Native cabin collision CabinB
PASS Cabin mesh and collision equality CabinB
PASS Persistent same-world high-altitude assets
PASS Live material environment bindings
PASS GPU image saved boot-day
PASS Airship authoritative material survives ready and receives environment
PASS Airship fill changes in moonlight
PASS Streamed terrain uses candidate environment material
PASS Newly streamed terrain inherits current night state
PASS Streamed vegetation/clouds use environment materials
PASS Authored harbor and village night lamps restored
PASS GPU image saved same-camera-night
PASS GPU image saved same-camera-day-restored
PASS Daylight energy restored after night
PASS Public observation navigation 1342
PASS GPU image saved reference-1342
PASS Public observation navigation 1274
PASS GPU image saved reference-1274
PASS Effective indoor front camera free of collision 1274
PASS Effective indoor side camera free of collision 1274
PASS GPU image saved reference-1274-side
PASS GPU image saved reference-1274-back
PASS Public observation navigation 1278
PASS GPU image saved reference-1278
PASS Effective indoor front camera free of collision 1278
PASS Effective indoor side camera free of collision 1278
PASS GPU image saved reference-1278-side
PASS GPU image saved reference-1278-back
PASS Public observation navigation 1216
PASS GPU image saved reference-1216
PASS F2 leaves observation
PASS Observation restores safe hover from flight
PASS Observation restores safe hover from high-speed
PASS Observation restores safe hover from docked
PASS Physical flight in native high-altitude region
PASS GPU image saved high-altitude-flight
PASS Player body blocked by real cabin end wall CabinA
PASS Player body blocked by real cabin end wall CabinB
PASS Player body blocked by real floating island
PASS Cabin closed wall physically opaque CabinA
PASS Cabin closed wall physically opaque CabinB
CANDIDATE39 CHECKS COMPLETE true
ERROR: Texture with GL ID of 21: leaked 349524 bytes.
   at: ~Utilities (drivers/gles3/storage/utilities.cpp:77)
ERROR: Texture with GL ID of 22: leaked 349524 bytes.
   at: ~Utilities (drivers/gles3/storage/utilities.cpp:77)
