Godot Engine v4.5.1.stable.official.f62fdbde1 - https://godotengine.org
OpenGL API 3.3.0 NVIDIA 582.66 - Compatibility - Using Device: NVIDIA - NVIDIA GeForce GTX 970

PASS Default project resource is this candidate
WORLD READY: 208 independent terrain scenes, 54797 saved scatter instances, 169 scene landmarks, 6 scene ports
PASS Native game script active
PASS Normal boot starts in daylight
PASS Existing 208 authored terrain tiles retained
PASS Authored scatter retained
PASS GPU image saved boot-controller-original
PASS Daylight default has no precipitation
PASS Native cabin collision CabinA
PASS Cabin mesh and collision equality CabinA
PASS Native cabin collision CabinB
PASS Cabin mesh and collision equality CabinB
PASS Persistent same-world high-altitude assets
PASS Shared modeled cloud masses retained in all 25 placements
PASS Native cloud perimeter and upper banks retained
PASS Live material environment bindings
PASS GPU image saved boot-day
PASS Airship authoritative material survives ready and receives environment
PASS Both physical carriage lamps retain glow material and active point light
PASS Airship fill changes in moonlight
PASS Streamed terrain uses candidate environment material
PASS Newly streamed terrain inherits current night state
PASS Streamed vegetation/clouds use environment materials
PASS Authored harbor and village night lamps restored
PASS GPU image saved same-camera-night
PASS Environment and Sky stay identical across daylight and night
PASS GPU image saved same-camera-day-restored
PASS Daylight energy restored after night
PASS Public observation navigation 1342
PASS GPU image saved reference-1342
PASS GPU image saved reference-1342-carriage-lights-off
PASS Actual carriage point lights change rendered ship lighting
PASS Public observation navigation 1274
PASS GPU image saved reference-1274
PASS Effective indoor front camera free of collision 1274
PASS Effective indoor side camera free of collision 1274
PASS GPU image saved reference-1274-side
PASS GPU image saved reference-1274-back
PASS Public observation navigation 1278
PASS GPU image saved reference-1278
PASS Effective indoor front camera free of collision 1278
PASS Effective indoor side camera free of collision 1278
PASS GPU image saved reference-1278-side
PASS GPU image saved reference-1278-back
PASS Public observation navigation 1216
PASS GPU image saved reference-1216
PASS GPU image saved reference-1216-translated-350m
PASS GPU image saved reference-1216-side
PASS GPU image saved reference-1216-back
PASS Cloud-region lightning controls real persistent storm nodes
PASS GPU image saved reference-1216-lightning-lit
PASS GPU image saved reference-1216-lightning-local-light-off
PASS Actual lightning local light changes rendered cloud illumination
PASS Storm state activates native rain and coastal bolts
PASS GPU image saved reference-1341-lightning
PASS Rain simulation progresses in normal live controller
PASS Snow changes actual particle field and stops rain
PASS Rainbow has physical native spectrum mesh in the same world
PASS Full public observation navigation 1343
PASS GPU image saved reference-1343
PASS Full public observation navigation 1131
PASS GPU image saved reference-1131
PASS Full public observation navigation 1347
PASS GPU image saved reference-1347
PASS Full public observation navigation 1218
PASS GPU image saved reference-1218
PASS Full public observation navigation 1344
PASS GPU image saved reference-1344
PASS Full public observation navigation 1217
PASS GPU image saved reference-1217
PASS Full public observation navigation 1220
PASS GPU image saved reference-1220
PASS Full public observation navigation 1135
PASS GPU image saved reference-1135
PASS Full public observation navigation 1126
PASS GPU image saved reference-1126
PASS Full public observation navigation 1332
PASS GPU image saved reference-1332
PASS Full public observation navigation 1125
PASS GPU image saved reference-1125
PASS Full public observation navigation 1341
PASS GPU image saved reference-1341
PASS Full public observation navigation 1128
PASS GPU image saved reference-1128
PASS Full public observation navigation 1129
PASS GPU image saved reference-1129
PASS Full public observation navigation 1276
PASS GPU image saved reference-1276
PASS Full public observation navigation 1275
PASS GPU image saved reference-1275
PASS F2 leaves observation
PASS Observation restores safe hover from flight
PASS Observation restores safe hover from high-speed
PASS Observation restores safe hover from docked
PASS Physical flight in native high-altitude region
PASS GPU image saved high-altitude-flight
PASS Player body blocked by real cabin solid CabinA
PASS Player body blocked by real cabin solid CabinB
PASS Player body blocked by real floating island
PASS Cabin closed wall physically opaque CabinA
PASS Cabin end-wall and bottom/corner seams backed by actual lining CabinA
PASS Cabin genuine window aperture remains open CabinA
PASS CabinA original slanted window bar remains genuinely solid
PASS Cabin closed wall physically opaque CabinB
PASS Cabin end-wall and bottom/corner seams backed by actual lining CabinB
PASS Cabin genuine window aperture remains open CabinB
CANDIDATE39 CHECKS COMPLETE true
