Godot Engine v4.5.1.stable.official.f62fdbde1 - https://godotengine.org

WORLD READY: 208 independent terrain scenes, 54797 saved scatter instances, 169 scene landmarks, 6 scene ports
1343 camera=(0.0, 145.0, 250.0) ground=16.9754333496094 hits=[]
1131 camera=(-2600.0, 330.0, -2350.0) ground=0.0 hits=[]
1347 camera=(-2600.0, 330.0, -2350.0) ground=0.0 hits=[]
1218 camera=(-900.0, 480.0, 1900.0) ground=35.2712097167969 hits=[]
1344 camera=(-700.0, 260.0, -1900.0) ground=20.8115997314453 hits=[]
1217 camera=(1520.0, 150.0, 1020.0) ground=69.0372543334961 hits=[]
1220 camera=(-450.0, 450.0, 3250.0) ground=15.0000305175781 hits=[]
1135 camera=(145.0, 44.0, 505.0) ground=15.6061992645264 hits=[]
1126 camera=(-2840.0, 38.0, -2640.0) ground=0.0 hits=[]
1332 camera=(-1920.0, 125.0, -1540.0) ground=1.42214679718018 hits=[]
1342 camera=(-2278.0, 60.0, -1632.0) ground=0.0 hits=[]
1125 camera=(-3000.0, 520.0, -1250.0) ground=0.0 hits=[]
1341 camera=(-2250.0, 168.4879, -2450.0) ground=19.4878845214844 hits=[]
1128 camera=(1150.0, 10.0, -1000.0) ground=0.0 hits=[]
1129 camera=(1300.0, 7.0, -950.0) ground=0.0 hits=[]
1276 camera=(1130.0, 220.0, -2000.0) ground=44.4447364807129 hits=[]
1275 camera=(1128.0, 302.0, -2752.0) ground=202.503540039063 hits=[]
1274 camera=(3200.7, 931.6, 3001.5) ground=930.0 hits=[]
1278 camera=(3351.05, 961.65, 3698.4) ground=960.0 hits=[]
1216 camera=(3000.0, 1150.0, 4300.0) ground=27.16650390625 hits=[]
