INFO Draco mesh compression is available, use library at /workspace/scratch/a29d03198654/tools-feiting/blender-4.5.14-linux-x64/4.5/scripts/addons_core/io_scene_gltf2/libextern_draco.so
18:55:56 | INFO: Starting glTF 2.0 export
18:55:56 | INFO: Extracting primitive: CloudBank58_four_root_continuous_volume_native_mesh.001
18:55:56 | INFO: Primitives created: 1
18:55:56 | INFO: Finished glTF 2.0 export in 0.01306605339050293 s

18:55:56 | INFO: Starting glTF 2.0 export
18:55:56 | INFO: Extracting primitive: CloudBank58_upper_west_layer_native_mesh.001
18:55:56 | INFO: Primitives created: 1
18:55:56 | INFO: Finished glTF 2.0 export in 0.004212617874145508 s

18:55:56 | INFO: Starting glTF 2.0 export
18:55:56 | INFO: Extracting primitive: CloudBank58_upper_east_layer_native_mesh.001
18:55:56 | INFO: Primitives created: 1
18:55:56 | INFO: Finished glTF 2.0 export in 0.0037496089935302734 s

18:55:56 | INFO: Starting glTF 2.0 export
18:55:56 | INFO: Extracting primitive: CloudBank58_upper_far_veil_native_mesh.001
18:55:56 | INFO: Primitives created: 1
18:55:56 | INFO: Finished glTF 2.0 export in 0.0036308765411376953 s

Info: Saved as "cloud_bank58.blend"
58 SOURCE BUILT ONLY: one local continuous lower bank + three closed upper ribbons; visual/native-readback gates pending
Blender 4.5.14 LTS (hash 62c1db4208e8 built 2026-09-15 01:31:19)

Blender quit
