SCRIPT ERROR: Parse Error: Cannot find member "ARRAY_FLAG_FORMAT_CURRENT_VERSION" in base "Mesh".
          at: GDScript::reload (/workspace/scratch/a29d03198654/Aether/source-assets/coast61-nearbay-orbit/visible_geometry61.gd:89)
          GDScript backtrace (most recent call first):
              [0] _initialize (/workspace/scratch/a29d03198654/Aether/source-assets/coast61-nearbay-orbit/mesh-audit-v2/fixture.gd:36)
SCRIPT ERROR: Parse Error: Cannot infer the type of "allowed" variable because the value doesn't have a set type.
          at: GDScript::reload (/workspace/scratch/a29d03198654/Aether/source-assets/coast61-nearbay-orbit/visible_geometry61.gd:89)
          GDScript backtrace (most recent call first):
              [0] _initialize (/workspace/scratch/a29d03198654/Aether/source-assets/coast61-nearbay-orbit/mesh-audit-v2/fixture.gd:36)
SCRIPT ERROR: Parse Error: Cannot find member "ARRAY_FLAG_FORMAT_VERSION_MASK" in base "Mesh".
          at: GDScript::reload (/workspace/scratch/a29d03198654/Aether/source-assets/coast61-nearbay-orbit/visible_geometry61.gd:91)
          GDScript backtrace (most recent call first):
              [0] _initialize (/workspace/scratch/a29d03198654/Aether/source-assets/coast61-nearbay-orbit/mesh-audit-v2/fixture.gd:36)
SCRIPT ERROR: Parse Error: Cannot find member "ARRAY_FLAG_FORMAT_VERSION_SHIFT" in base "Mesh".
          at: GDScript::reload (/workspace/scratch/a29d03198654/Aether/source-assets/coast61-nearbay-orbit/visible_geometry61.gd:91)
          GDScript backtrace (most recent call first):
              [0] _initialize (/workspace/scratch/a29d03198654/Aether/source-assets/coast61-nearbay-orbit/mesh-audit-v2/fixture.gd:36)
SCRIPT ERROR: Parse Error: Cannot find member "ARRAY_FLAG_FORMAT_CURRENT_VERSION" in base "Mesh".
          at: GDScript::reload (/workspace/scratch/a29d03198654/Aether/source-assets/coast61-nearbay-orbit/visible_geometry61.gd:91)
          GDScript backtrace (most recent call first):
              [0] _initialize (/workspace/scratch/a29d03198654/Aether/source-assets/coast61-nearbay-orbit/mesh-audit-v2/fixture.gd:36)
ERROR: Failed to load script "/workspace/scratch/a29d03198654/Aether/source-assets/coast61-nearbay-orbit/visible_geometry61.gd" with error "Parse error".
   at: load (modules/gdscript/gdscript.cpp:3041)
   GDScript backtrace (most recent call first):
       [0] _initialize (/workspace/scratch/a29d03198654/Aether/source-assets/coast61-nearbay-orbit/mesh-audit-v2/fixture.gd:36)
SCRIPT ERROR: Invalid call. Nonexistent function 'new' in base 'GDScript'.
          at: _initialize (/workspace/scratch/a29d03198654/Aether/source-assets/coast61-nearbay-orbit/mesh-audit-v2/fixture.gd:38)
          GDScript backtrace (most recent call first):
              [0] _initialize (/workspace/scratch/a29d03198654/Aether/source-assets/coast61-nearbay-orbit/mesh-audit-v2/fixture.gd:38)
