Godot Engine v4.5.1.stable.official.f62fdbde1 - https://godotengine.org
OpenGL API 4.5 (Core Profile) Mesa 25.0.7-2+deb13u1 - Compatibility - Using Device: Mesa - llvmpipe (LLVM 19.1.7, 256 bits)

PASS Actual renderer required, parent-owned GUI execution
PASS Fresh output and one bounded1216 direction required
PASS Exact fixed Game52f required
PASS Existing52f v3 external process/error/completeness gate bound to exact scene
PASS Exact approved real D GLB bytes
PASS Fresh realGLB parse without project import/save
PASS Actual imported GLB hierarchy available
PASS Exactly one expected D main mesh
PASS Raw source contains actual2200 triangle main
WORLD READY: 208 independent terrain scenes, 54797 saved scatter instances, 169 scene landmarks, 6 scene ports
PASS Callback freeze preserves live physics state
PASS 125 live parts/75old+50new use3 original materials in sameWorld3D 1216
PASS Contract binds fixed scene and exact D source
PASS Exactly ten contracted v0 main paths
PASS Unique original main target SkyRegion39/CloudSea_-2_-2/CloudSea52e_v0_main_ridge
PASS Single-surface target with original active override SkyRegion39/CloudSea_-2_-2/CloudSea52e_v0_main_ridge
PASS Unique original main target SkyRegion39/CloudSea_-2_1/CloudSea52e_v0_main_ridge
PASS Single-surface target with original active override SkyRegion39/CloudSea_-2_1/CloudSea52e_v0_main_ridge
PASS Unique original main target SkyRegion39/CloudSea_-1_-2/CloudSea52e_v0_main_ridge
PASS Single-surface target with original active override SkyRegion39/CloudSea_-1_-2/CloudSea52e_v0_main_ridge
PASS Unique original main target SkyRegion39/CloudSea_-1_1/CloudSea52e_v0_main_ridge
PASS Single-surface target with original active override SkyRegion39/CloudSea_-1_1/CloudSea52e_v0_main_ridge
PASS Unique original main target SkyRegion39/CloudSea_0_-2/CloudSea52e_v0_main_ridge
PASS Single-surface target with original active override SkyRegion39/CloudSea_0_-2/CloudSea52e_v0_main_ridge
PASS Unique original main target SkyRegion39/CloudSea_0_1/CloudSea52e_v0_main_ridge
PASS Single-surface target with original active override SkyRegion39/CloudSea_0_1/CloudSea52e_v0_main_ridge
PASS Unique original main target SkyRegion39/CloudSea_1_-2/CloudSea52e_v0_main_ridge
PASS Single-surface target with original active override SkyRegion39/CloudSea_1_-2/CloudSea52e_v0_main_ridge
PASS Unique original main target SkyRegion39/CloudSea_1_1/CloudSea52e_v0_main_ridge
PASS Single-surface target with original active override SkyRegion39/CloudSea_1_1/CloudSea52e_v0_main_ridge
PASS Unique original main target SkyRegion39/CloudSea_2_-2/CloudSea52e_v0_main_ridge
PASS Single-surface target with original active override SkyRegion39/CloudSea_2_-2/CloudSea52e_v0_main_ridge
PASS Unique original main target SkyRegion39/CloudSea_2_1/CloudSea52e_v0_main_ridge
PASS Single-surface target with original active override SkyRegion39/CloudSea_2_1/CloudSea52e_v0_main_ridge
PASS 125 live parts/75old+50new use3 original materials in sameWorld3D A
PASS Actual rendered 1216-front-A
PASS Physical camera sphere clear 1216-front-A
PASS Exact intrinsic mesh.changed callback and target A SkyRegion39/CloudSea_-2_-2/CloudSea52e_v0_main_ridge
PASS Exact intrinsic mesh.changed callback and target A SkyRegion39/CloudSea_-2_1/CloudSea52e_v0_main_ridge
PASS Exact intrinsic mesh.changed callback and target A SkyRegion39/CloudSea_-1_-2/CloudSea52e_v0_main_ridge
PASS Exact intrinsic mesh.changed callback and target A SkyRegion39/CloudSea_-1_1/CloudSea52e_v0_main_ridge
PASS Exact intrinsic mesh.changed callback and target A SkyRegion39/CloudSea_0_-2/CloudSea52e_v0_main_ridge
PASS Exact intrinsic mesh.changed callback and target A SkyRegion39/CloudSea_0_1/CloudSea52e_v0_main_ridge
PASS Exact intrinsic mesh.changed callback and target A SkyRegion39/CloudSea_1_-2/CloudSea52e_v0_main_ridge
PASS Exact intrinsic mesh.changed callback and target A SkyRegion39/CloudSea_1_1/CloudSea52e_v0_main_ridge
PASS Exact intrinsic mesh.changed callback and target A SkyRegion39/CloudSea_2_-2/CloudSea52e_v0_main_ridge
PASS Exact intrinsic mesh.changed callback and target A SkyRegion39/CloudSea_2_1/CloudSea52e_v0_main_ridge
PASS Single full typed baseline file writable
PASS 125 live parts/75old+50new use3 original materials in sameWorld3D B
PASS Actual rendered 1216-front-B
PASS Physical camera sphere clear 1216-front-B
PASS Exact intrinsic mesh.changed callback and target B SkyRegion39/CloudSea_-2_-2/CloudSea52e_v0_main_ridge
PASS Exact intrinsic mesh.changed callback and target B SkyRegion39/CloudSea_-2_1/CloudSea52e_v0_main_ridge
PASS Exact intrinsic mesh.changed callback and target B SkyRegion39/CloudSea_-1_-2/CloudSea52e_v0_main_ridge
PASS Exact intrinsic mesh.changed callback and target B SkyRegion39/CloudSea_-1_1/CloudSea52e_v0_main_ridge
PASS Exact intrinsic mesh.changed callback and target B SkyRegion39/CloudSea_0_-2/CloudSea52e_v0_main_ridge
PASS Exact intrinsic mesh.changed callback and target B SkyRegion39/CloudSea_0_1/CloudSea52e_v0_main_ridge
PASS Exact intrinsic mesh.changed callback and target B SkyRegion39/CloudSea_1_-2/CloudSea52e_v0_main_ridge
PASS Exact intrinsic mesh.changed callback and target B SkyRegion39/CloudSea_1_1/CloudSea52e_v0_main_ridge
PASS Exact intrinsic mesh.changed callback and target B SkyRegion39/CloudSea_2_-2/CloudSea52e_v0_main_ridge
PASS Exact intrinsic mesh.changed callback and target B SkyRegion39/CloudSea_2_1/CloudSea52e_v0_main_ridge
PASS All non-scope stored/native/resource/graph/gameplay/weather/lighting/camera state exact B
PASS Typed target/resource/source-transform exact B SkyRegion39/CloudSea_-2_-2/CloudSea52e_v0_main_ridge
PASS Typed target/resource/source-transform exact B SkyRegion39/CloudSea_-2_1/CloudSea52e_v0_main_ridge
PASS Typed target/resource/source-transform exact B SkyRegion39/CloudSea_-1_-2/CloudSea52e_v0_main_ridge
PASS Typed target/resource/source-transform exact B SkyRegion39/CloudSea_-1_1/CloudSea52e_v0_main_ridge
PASS Typed target/resource/source-transform exact B SkyRegion39/CloudSea_0_-2/CloudSea52e_v0_main_ridge
PASS Typed target/resource/source-transform exact B SkyRegion39/CloudSea_0_1/CloudSea52e_v0_main_ridge
PASS Typed target/resource/source-transform exact B SkyRegion39/CloudSea_1_-2/CloudSea52e_v0_main_ridge
PASS Typed target/resource/source-transform exact B SkyRegion39/CloudSea_1_1/CloudSea52e_v0_main_ridge
PASS Typed target/resource/source-transform exact B SkyRegion39/CloudSea_2_-2/CloudSea52e_v0_main_ridge
PASS Typed target/resource/source-transform exact B SkyRegion39/CloudSea_2_1/CloudSea52e_v0_main_ridge
PASS Exactly10 stored main mesh replacements
PASS All10 original mesh identities/local-global/component states/materials/flags restored exactly
PASS 125 live parts/75old+50new use3 original materials in sameWorld3D A2
PASS Actual rendered 1216-front-A2
PASS Physical camera sphere clear 1216-front-A2
PASS Exact intrinsic mesh.changed callback and target A2 SkyRegion39/CloudSea_-2_-2/CloudSea52e_v0_main_ridge
PASS Exact intrinsic mesh.changed callback and target A2 SkyRegion39/CloudSea_-2_1/CloudSea52e_v0_main_ridge
PASS Exact intrinsic mesh.changed callback and target A2 SkyRegion39/CloudSea_-1_-2/CloudSea52e_v0_main_ridge
PASS Exact intrinsic mesh.changed callback and target A2 SkyRegion39/CloudSea_-1_1/CloudSea52e_v0_main_ridge
PASS Exact intrinsic mesh.changed callback and target A2 SkyRegion39/CloudSea_0_-2/CloudSea52e_v0_main_ridge
PASS Exact intrinsic mesh.changed callback and target A2 SkyRegion39/CloudSea_0_1/CloudSea52e_v0_main_ridge
PASS Exact intrinsic mesh.changed callback and target A2 SkyRegion39/CloudSea_1_-2/CloudSea52e_v0_main_ridge
PASS Exact intrinsic mesh.changed callback and target A2 SkyRegion39/CloudSea_1_1/CloudSea52e_v0_main_ridge
PASS Exact intrinsic mesh.changed callback and target A2 SkyRegion39/CloudSea_2_-2/CloudSea52e_v0_main_ridge
PASS Exact intrinsic mesh.changed callback and target A2 SkyRegion39/CloudSea_2_1/CloudSea52e_v0_main_ridge
PASS All non-scope stored/native/resource/graph/gameplay/weather/lighting/camera state exact A2
PASS Typed target/resource/source-transform exact A2 SkyRegion39/CloudSea_-2_-2/CloudSea52e_v0_main_ridge
PASS Typed target/resource/source-transform exact A2 SkyRegion39/CloudSea_-2_1/CloudSea52e_v0_main_ridge
PASS Typed target/resource/source-transform exact A2 SkyRegion39/CloudSea_-1_-2/CloudSea52e_v0_main_ridge
PASS Typed target/resource/source-transform exact A2 SkyRegion39/CloudSea_-1_1/CloudSea52e_v0_main_ridge
PASS Typed target/resource/source-transform exact A2 SkyRegion39/CloudSea_0_-2/CloudSea52e_v0_main_ridge
PASS Typed target/resource/source-transform exact A2 SkyRegion39/CloudSea_0_1/CloudSea52e_v0_main_ridge
PASS Typed target/resource/source-transform exact A2 SkyRegion39/CloudSea_1_-2/CloudSea52e_v0_main_ridge
PASS Typed target/resource/source-transform exact A2 SkyRegion39/CloudSea_1_1/CloudSea52e_v0_main_ridge
PASS Typed target/resource/source-transform exact A2 SkyRegion39/CloudSea_2_-2/CloudSea52e_v0_main_ridge
PASS Typed target/resource/source-transform exact A2 SkyRegion39/CloudSea_2_1/CloudSea52e_v0_main_ridge
PASS Complete unmasked A2 native state equals A, including every scale component
FAIL Actual A2 main pixels restore and B visibly differs
PASS SavedGame52f/source/default never changed
FAIL All3 actual captures and normal-return source/state/restore proofs complete
CLOUDSEA52G_D_AB_PENDING_EXTERNAL_GATE false view=front
