Blender 4.5.14 LTS (hash 62c1db4208e8 built 2026-09-15 01:31:19)
Read blend: "/workspace/scratch/a29d03198654/Aether/source-assets/cloud-sea52g/revision-d-combination/cloud_sea52g_d_combination.blend"
Fra:1 Mem:18.84M (Peak 18.84M) | Time:00:00.00 | Mem:0.00M, Peak:0.00M | Scene, ViewLayer | Synchronizing object | CloudSea52e_v0_offset_shoulder
Fra:1 Mem:18.84M (Peak 18.84M) | Time:00:00.00 | Mem:0.00M, Peak:0.00M | Scene, ViewLayer | Synchronizing object | Sun
Fra:1 Mem:18.87M (Peak 18.87M) | Time:00:00.00 | Mem:0.00M, Peak:0.00M | Scene, ViewLayer | Synchronizing object | CloudSea52g_d_v0_main_crown
Fra:1 Mem:19.40M (Peak 19.40M) | Time:00:00.00 | Mem:0.00M, Peak:0.00M | Scene, ViewLayer | Synchronizing object | CloudSea52f_v0_low_drift
Fra:1 Mem:20.22M (Peak 20.22M) | Time:00:00.00 | Mem:0.00M, Peak:0.00M | Scene, ViewLayer | Initializing
Fra:1 Mem:19.87M (Peak 20.22M) | Time:00:00.00 | Mem:0.00M, Peak:0.00M | Scene, ViewLayer | Waiting for render to start
Fra:1 Mem:19.87M (Peak 20.22M) | Time:00:00.00 | Mem:0.00M, Peak:0.00M | Scene, ViewLayer | Updating Scene
Fra:1 Mem:19.87M (Peak 20.22M) | Time:00:00.00 | Mem:0.00M, Peak:0.00M | Scene, ViewLayer | Updating Shaders
Fra:1 Mem:19.87M (Peak 20.22M) | Time:00:00.00 | Mem:0.00M, Peak:0.00M | Scene, ViewLayer | Loading render kernels (may take a few minutes the first time)
Fra:1 Mem:19.95M (Peak 20.22M) | Time:00:00.00 | Mem:0.00M, Peak:0.00M | Scene, ViewLayer | Updating Procedurals
Fra:1 Mem:19.95M (Peak 20.22M) | Time:00:00.00 | Mem:0.00M, Peak:0.00M | Scene, ViewLayer | Updating Background
Fra:1 Mem:19.95M (Peak 20.22M) | Time:00:00.00 | Mem:0.00M, Peak:0.00M | Scene, ViewLayer | Updating Camera
Fra:1 Mem:19.95M (Peak 20.22M) | Time:00:00.00 | Mem:0.00M, Peak:0.00M | Scene, ViewLayer | Updating Meshes Flags
Fra:1 Mem:19.95M (Peak 20.22M) | Time:00:00.00 | Mem:0.00M, Peak:0.00M | Scene, ViewLayer | Updating Objects
Fra:1 Mem:19.95M (Peak 20.22M) | Time:00:00.00 | Mem:0.00M, Peak:0.00M | Scene, ViewLayer | Updating Objects | Copying Transformations to device
Fra:1 Mem:19.96M (Peak 20.22M) | Time:00:00.00 | Mem:0.00M, Peak:0.00M | Scene, ViewLayer | Updating Particle Systems
Fra:1 Mem:19.96M (Peak 20.22M) | Time:00:00.00 | Mem:0.00M, Peak:0.00M | Scene, ViewLayer | Updating Particle Systems | Copying Particles to device
Fra:1 Mem:19.96M (Peak 20.22M) | Time:00:00.00 | Mem:0.00M, Peak:0.00M | Scene, ViewLayer | Updating Meshes
Fra:1 Mem:19.96M (Peak 20.22M) | Time:00:00.00 | Mem:0.00M, Peak:0.00M | Scene, ViewLayer | Updating Objects | Applying Static Transformations
Fra:1 Mem:19.96M (Peak 20.22M) | Time:00:00.00 | Mem:0.00M, Peak:0.00M | Scene, ViewLayer | Updating Mesh | Computing attributes
Fra:1 Mem:20.50M (Peak 20.50M) | Time:00:00.00 | Mem:0.00M, Peak:0.00M | Scene, ViewLayer | Updating Mesh | Copying Attributes to device
Fra:1 Mem:20.50M (Peak 20.50M) | Time:00:00.00 | Mem:0.55M, Peak:0.55M | Scene, ViewLayer | Updating Scene BVH | Building
Fra:1 Mem:20.50M (Peak 20.50M) | Time:00:00.00 | Mem:0.55M, Peak:0.55M | Scene, ViewLayer | Updating Scene BVH | Building BVH
Fra:1 Mem:20.50M (Peak 20.50M) | Time:00:00.01 | Mem:0.87M, Peak:0.87M | Scene, ViewLayer | Updating Scene BVH | Building BVH 0%
Fra:1 Mem:20.50M (Peak 20.50M) | Time:00:00.02 | Mem:1.23M, Peak:1.55M | Scene, ViewLayer | Updating Scene BVH | Copying BVH to device
Fra:1 Mem:20.50M (Peak 20.50M) | Time:00:00.02 | Mem:1.23M, Peak:1.55M | Scene, ViewLayer | Updating Mesh | Computing normals
Fra:1 Mem:20.79M (Peak 20.79M) | Time:00:00.02 | Mem:1.23M, Peak:1.55M | Scene, ViewLayer | Updating Mesh | Copying Mesh to device
Fra:1 Mem:20.79M (Peak 20.79M) | Time:00:00.02 | Mem:1.51M, Peak:1.55M | Scene, ViewLayer | Updating Objects Flags
Fra:1 Mem:20.79M (Peak 20.79M) | Time:00:00.02 | Mem:1.51M, Peak:1.55M | Scene, ViewLayer | Updating Primitive Offsets
Fra:1 Mem:20.79M (Peak 20.79M) | Time:00:00.02 | Mem:1.51M, Peak:1.55M | Scene, ViewLayer | Updating Images
Fra:1 Mem:20.79M (Peak 20.79M) | Time:00:00.02 | Mem:1.51M, Peak:1.55M | Scene, ViewLayer | Updating Camera Volume
Fra:1 Mem:20.79M (Peak 20.79M) | Time:00:00.02 | Mem:1.51M, Peak:1.55M | Scene, ViewLayer | Updating Lookup Tables
Fra:1 Mem:20.79M (Peak 20.79M) | Time:00:00.02 | Mem:1.59M, Peak:1.59M | Scene, ViewLayer | Updating Lights
Fra:1 Mem:20.79M (Peak 20.79M) | Time:00:00.02 | Mem:1.59M, Peak:1.59M | Scene, ViewLayer | Updating Lights | Computing tree
Fra:1 Mem:20.79M (Peak 20.79M) | Time:00:00.02 | Mem:1.59M, Peak:1.59M | Scene, ViewLayer | Updating Integrator
Fra:1 Mem:20.79M (Peak 20.79M) | Time:00:00.02 | Mem:1.59M, Peak:1.59M | Scene, ViewLayer | Updating Film
Fra:1 Mem:20.79M (Peak 20.79M) | Time:00:00.02 | Mem:1.51M, Peak:1.59M | Scene, ViewLayer | Updating Lookup Tables
Fra:1 Mem:20.79M (Peak 20.79M) | Time:00:00.02 | Mem:1.60M, Peak:1.60M | Scene, ViewLayer | Updating Baking
Fra:1 Mem:20.79M (Peak 20.79M) | Time:00:00.02 | Mem:1.60M, Peak:1.60M | Scene, ViewLayer | Updating Device | Writing constant memory
Fra:1 Mem:20.79M (Peak 20.79M) | Time:00:00.02 | Mem:1.60M, Peak:1.60M | Scene, ViewLayer | Loading denoising kernels (may take a few minutes the first time)
Fra:1 Mem:20.79M (Peak 20.79M) | Time:00:00.02 | Mem:1.60M, Peak:1.60M | Scene, ViewLayer | Sample 0/20
Fra:1 Mem:62.58M (Peak 62.58M) | Time:00:00.10 | Remaining:00:01.50 | Mem:43.34M, Peak:43.34M | Scene, ViewLayer | Sample 1/20
Fra:1 Mem:80.16M (Peak 106.53M) | Time:00:20.53 | Mem:43.34M, Peak:43.34M | Scene, ViewLayer | Sample 20/20
Fra:1 Mem:80.16M (Peak 106.53M) | Time:00:20.53 | Mem:43.34M, Peak:43.34M | Scene, ViewLayer | Finished
Saved: '/workspace/scratch/a29d03198654/Aether/cloud-evidence/cloudsea52g-d-combination-source-v0-20261001T075235Z-prnccf1i/images/sea52g-d-combination-0-front.png'
Time: 00:20.66 (Saving: 00:00.12)

Fra:1 Mem:19.32M (Peak 19.32M) | Time:00:00.00 | Mem:0.00M, Peak:0.00M | Scene, ViewLayer | Synchronizing object | CloudSea52e_v0_offset_shoulder
Fra:1 Mem:19.32M (Peak 19.32M) | Time:00:00.00 | Mem:0.00M, Peak:0.00M | Scene, ViewLayer | Synchronizing object | Sun
Fra:1 Mem:19.46M (Peak 19.46M) | Time:00:00.00 | Mem:0.00M, Peak:0.00M | Scene, ViewLayer | Synchronizing object | CloudSea52g_d_v0_main_crown
Fra:1 Mem:19.67M (Peak 19.67M) | Time:00:00.00 | Mem:0.00M, Peak:0.00M | Scene, ViewLayer | Synchronizing object | CloudSea52f_v0_low_drift
Fra:1 Mem:20.22M (Peak 20.22M) | Time:00:00.00 | Mem:0.00M, Peak:0.00M | Scene, ViewLayer | Initializing
Fra:1 Mem:19.87M (Peak 20.22M) | Time:00:00.00 | Mem:0.00M, Peak:0.00M | Scene, ViewLayer | Waiting for render to start
Fra:1 Mem:19.87M (Peak 20.22M) | Time:00:00.00 | Mem:0.00M, Peak:0.00M | Scene, ViewLayer | Updating Scene
Fra:1 Mem:19.87M (Peak 20.22M) | Time:00:00.00 | Mem:0.00M, Peak:0.00M | Scene, ViewLayer | Updating Shaders
Fra:1 Mem:19.87M (Peak 20.22M) | Time:00:00.00 | Mem:0.00M, Peak:0.00M | Scene, ViewLayer | Loading render kernels (may take a few minutes the first time)
Fra:1 Mem:19.96M (Peak 20.22M) | Time:00:00.00 | Mem:0.00M, Peak:0.00M | Scene, ViewLayer | Updating Procedurals
Fra:1 Mem:19.96M (Peak 20.22M) | Time:00:00.00 | Mem:0.00M, Peak:0.00M | Scene, ViewLayer | Updating Background
Fra:1 Mem:19.96M (Peak 20.22M) | Time:00:00.00 | Mem:0.00M, Peak:0.00M | Scene, ViewLayer | Updating Camera
Fra:1 Mem:19.96M (Peak 20.22M) | Time:00:00.00 | Mem:0.00M, Peak:0.00M | Scene, ViewLayer | Updating Meshes Flags
Fra:1 Mem:19.96M (Peak 20.22M) | Time:00:00.00 | Mem:0.00M, Peak:0.00M | Scene, ViewLayer | Updating Objects
Fra:1 Mem:19.96M (Peak 20.22M) | Time:00:00.00 | Mem:0.00M, Peak:0.00M | Scene, ViewLayer | Updating Objects | Copying Transformations to device
Fra:1 Mem:19.96M (Peak 20.22M) | Time:00:00.00 | Mem:0.00M, Peak:0.00M | Scene, ViewLayer | Updating Particle Systems
Fra:1 Mem:19.96M (Peak 20.22M) | Time:00:00.00 | Mem:0.00M, Peak:0.00M | Scene, ViewLayer | Updating Particle Systems | Copying Particles to device
Fra:1 Mem:19.96M (Peak 20.22M) | Time:00:00.00 | Mem:0.00M, Peak:0.00M | Scene, ViewLayer | Updating Meshes
Fra:1 Mem:19.96M (Peak 20.22M) | Time:00:00.00 | Mem:0.00M, Peak:0.00M | Scene, ViewLayer | Updating Objects | Applying Static Transformations
Fra:1 Mem:19.96M (Peak 20.22M) | Time:00:00.00 | Mem:0.00M, Peak:0.00M | Scene, ViewLayer | Updating Mesh | Computing attributes
Fra:1 Mem:20.50M (Peak 20.50M) | Time:00:00.00 | Mem:0.00M, Peak:0.00M | Scene, ViewLayer | Updating Mesh | Copying Attributes to device
Fra:1 Mem:20.50M (Peak 20.50M) | Time:00:00.00 | Mem:0.55M, Peak:0.55M | Scene, ViewLayer | Updating Scene BVH | Building
Fra:1 Mem:20.50M (Peak 20.50M) | Time:00:00.00 | Mem:0.55M, Peak:0.55M | Scene, ViewLayer | Updating Scene BVH | Building BVH
Fra:1 Mem:20.50M (Peak 20.50M) | Time:00:00.00 | Mem:0.87M, Peak:0.87M | Scene, ViewLayer | Updating Scene BVH | Building BVH 0%
Fra:1 Mem:20.50M (Peak 20.50M) | Time:00:00.01 | Mem:1.23M, Peak:1.55M | Scene, ViewLayer | Updating Scene BVH | Copying BVH to device
Fra:1 Mem:20.50M (Peak 20.50M) | Time:00:00.01 | Mem:1.23M, Peak:1.55M | Scene, ViewLayer | Updating Mesh | Computing normals
Fra:1 Mem:20.79M (Peak 20.79M) | Time:00:00.01 | Mem:1.23M, Peak:1.55M | Scene, ViewLayer | Updating Mesh | Copying Mesh to device
Fra:1 Mem:20.79M (Peak 20.79M) | Time:00:00.01 | Mem:1.51M, Peak:1.55M | Scene, ViewLayer | Updating Objects Flags
Fra:1 Mem:20.79M (Peak 20.79M) | Time:00:00.01 | Mem:1.51M, Peak:1.55M | Scene, ViewLayer | Updating Primitive Offsets
Fra:1 Mem:20.79M (Peak 20.79M) | Time:00:00.01 | Mem:1.51M, Peak:1.55M | Scene, ViewLayer | Updating Images
Fra:1 Mem:20.79M (Peak 20.79M) | Time:00:00.01 | Mem:1.51M, Peak:1.55M | Scene, ViewLayer | Updating Camera Volume
Fra:1 Mem:20.79M (Peak 20.79M) | Time:00:00.01 | Mem:1.51M, Peak:1.55M | Scene, ViewLayer | Updating Lookup Tables
Fra:1 Mem:20.79M (Peak 20.79M) | Time:00:00.01 | Mem:1.59M, Peak:1.59M | Scene, ViewLayer | Updating Lights
Fra:1 Mem:20.79M (Peak 20.79M) | Time:00:00.01 | Mem:1.59M, Peak:1.59M | Scene, ViewLayer | Updating Lights | Computing tree
Fra:1 Mem:20.79M (Peak 20.79M) | Time:00:00.01 | Mem:1.59M, Peak:1.59M | Scene, ViewLayer | Updating Integrator
Fra:1 Mem:20.79M (Peak 20.79M) | Time:00:00.01 | Mem:1.59M, Peak:1.59M | Scene, ViewLayer | Updating Film
Fra:1 Mem:20.79M (Peak 20.79M) | Time:00:00.01 | Mem:1.51M, Peak:1.59M | Scene, ViewLayer | Updating Lookup Tables
Fra:1 Mem:20.79M (Peak 20.79M) | Time:00:00.01 | Mem:1.60M, Peak:1.60M | Scene, ViewLayer | Updating Baking
Fra:1 Mem:20.79M (Peak 20.79M) | Time:00:00.01 | Mem:1.60M, Peak:1.60M | Scene, ViewLayer | Updating Device | Writing constant memory
Fra:1 Mem:20.79M (Peak 20.79M) | Time:00:00.01 | Mem:1.60M, Peak:1.60M | Scene, ViewLayer | Loading denoising kernels (may take a few minutes the first time)
Fra:1 Mem:20.79M (Peak 20.79M) | Time:00:00.01 | Mem:1.60M, Peak:1.60M | Scene, ViewLayer | Sample 0/20
Fra:1 Mem:62.58M (Peak 62.58M) | Time:00:00.09 | Remaining:00:01.65 | Mem:43.34M, Peak:43.34M | Scene, ViewLayer | Sample 1/20
Fra:1 Mem:80.16M (Peak 106.53M) | Time:00:05.05 | Mem:43.34M, Peak:43.34M | Scene, ViewLayer | Sample 20/20
Fra:1 Mem:80.16M (Peak 106.53M) | Time:00:05.05 | Mem:43.34M, Peak:43.34M | Scene, ViewLayer | Finished
Saved: '/workspace/scratch/a29d03198654/Aether/cloud-evidence/cloudsea52g-d-combination-source-v0-20261001T075235Z-prnccf1i/images/sea52g-d-combination-0-back.png'
Time: 00:05.11 (Saving: 00:00.05)

Fra:1 Mem:19.32M (Peak 19.32M) | Time:00:00.00 | Mem:0.00M, Peak:0.00M | Scene, ViewLayer | Synchronizing object | CloudSea52e_v0_offset_shoulder
Fra:1 Mem:19.34M (Peak 19.34M) | Time:00:00.00 | Mem:0.00M, Peak:0.00M | Scene, ViewLayer | Synchronizing object | CloudSea52e_v0_low_tail
Fra:1 Mem:19.35M (Peak 19.35M) | Time:00:00.00 | Mem:0.00M, Peak:0.00M | Scene, ViewLayer | Synchronizing object | CloudSea52f_v0_low_saddle
Fra:1 Mem:19.44M (Peak 19.44M) | Time:00:00.00 | Mem:0.00M, Peak:0.00M | Scene, ViewLayer | Synchronizing object | Sun
Fra:1 Mem:19.55M (Peak 19.55M) | Time:00:00.00 | Mem:0.00M, Peak:0.00M | Scene, ViewLayer | Synchronizing object | CloudSea52f_v0_low_drift
Fra:1 Mem:19.65M (Peak 19.65M) | Time:00:00.00 | Mem:0.00M, Peak:0.00M | Scene, ViewLayer | Synchronizing object | CloudSea52g_d_v0_main_crown
Fra:1 Mem:20.22M (Peak 20.22M) | Time:00:00.00 | Mem:0.00M, Peak:0.00M | Scene, ViewLayer | Initializing
Fra:1 Mem:19.87M (Peak 20.22M) | Time:00:00.00 | Mem:0.00M, Peak:0.00M | Scene, ViewLayer | Waiting for render to start
Fra:1 Mem:19.87M (Peak 20.22M) | Time:00:00.00 | Mem:0.00M, Peak:0.00M | Scene, ViewLayer | Updating Scene
Fra:1 Mem:19.87M (Peak 20.22M) | Time:00:00.00 | Mem:0.00M, Peak:0.00M | Scene, ViewLayer | Updating Shaders
Fra:1 Mem:19.87M (Peak 20.22M) | Time:00:00.00 | Mem:0.00M, Peak:0.00M | Scene, ViewLayer | Loading render kernels (may take a few minutes the first time)
Fra:1 Mem:19.96M (Peak 20.22M) | Time:00:00.00 | Mem:0.00M, Peak:0.00M | Scene, ViewLayer | Updating Procedurals
Fra:1 Mem:19.96M (Peak 20.22M) | Time:00:00.00 | Mem:0.00M, Peak:0.00M | Scene, ViewLayer | Updating Background
Fra:1 Mem:19.96M (Peak 20.22M) | Time:00:00.00 | Mem:0.00M, Peak:0.00M | Scene, ViewLayer | Updating Camera
Fra:1 Mem:19.96M (Peak 20.22M) | Time:00:00.00 | Mem:0.00M, Peak:0.00M | Scene, ViewLayer | Updating Meshes Flags
Fra:1 Mem:19.96M (Peak 20.22M) | Time:00:00.00 | Mem:0.00M, Peak:0.00M | Scene, ViewLayer | Updating Objects
Fra:1 Mem:19.96M (Peak 20.22M) | Time:00:00.00 | Mem:0.00M, Peak:0.00M | Scene, ViewLayer | Updating Objects | Copying Transformations to device
Fra:1 Mem:19.96M (Peak 20.22M) | Time:00:00.00 | Mem:0.00M, Peak:0.00M | Scene, ViewLayer | Updating Particle Systems
Fra:1 Mem:19.96M (Peak 20.22M) | Time:00:00.00 | Mem:0.00M, Peak:0.00M | Scene, ViewLayer | Updating Particle Systems | Copying Particles to device
Fra:1 Mem:19.96M (Peak 20.22M) | Time:00:00.00 | Mem:0.00M, Peak:0.00M | Scene, ViewLayer | Updating Meshes
Fra:1 Mem:19.96M (Peak 20.22M) | Time:00:00.00 | Mem:0.00M, Peak:0.00M | Scene, ViewLayer | Updating Objects | Applying Static Transformations
Fra:1 Mem:19.96M (Peak 20.22M) | Time:00:00.00 | Mem:0.00M, Peak:0.00M | Scene, ViewLayer | Updating Mesh | Computing attributes
Fra:1 Mem:20.50M (Peak 20.50M) | Time:00:00.00 | Mem:0.00M, Peak:0.00M | Scene, ViewLayer | Updating Mesh | Copying Attributes to device
Fra:1 Mem:20.50M (Peak 20.50M) | Time:00:00.00 | Mem:0.55M, Peak:0.55M | Scene, ViewLayer | Updating Scene BVH | Building
Fra:1 Mem:20.50M (Peak 20.50M) | Time:00:00.00 | Mem:0.55M, Peak:0.55M | Scene, ViewLayer | Updating Scene BVH | Building BVH
Fra:1 Mem:20.50M (Peak 20.50M) | Time:00:00.00 | Mem:0.87M, Peak:0.87M | Scene, ViewLayer | Updating Scene BVH | Building BVH 0%
Fra:1 Mem:20.50M (Peak 20.50M) | Time:00:00.00 | Mem:1.23M, Peak:1.55M | Scene, ViewLayer | Updating Scene BVH | Copying BVH to device
Fra:1 Mem:20.50M (Peak 20.50M) | Time:00:00.00 | Mem:1.23M, Peak:1.55M | Scene, ViewLayer | Updating Mesh | Computing normals
Fra:1 Mem:20.79M (Peak 20.79M) | Time:00:00.00 | Mem:1.23M, Peak:1.55M | Scene, ViewLayer | Updating Mesh | Copying Mesh to device
Fra:1 Mem:20.79M (Peak 20.79M) | Time:00:00.00 | Mem:1.51M, Peak:1.55M | Scene, ViewLayer | Updating Objects Flags
Fra:1 Mem:20.79M (Peak 20.79M) | Time:00:00.00 | Mem:1.51M, Peak:1.55M | Scene, ViewLayer | Updating Primitive Offsets
Fra:1 Mem:20.79M (Peak 20.79M) | Time:00:00.00 | Mem:1.51M, Peak:1.55M | Scene, ViewLayer | Updating Images
Fra:1 Mem:20.79M (Peak 20.79M) | Time:00:00.00 | Mem:1.51M, Peak:1.55M | Scene, ViewLayer | Updating Camera Volume
Fra:1 Mem:20.79M (Peak 20.79M) | Time:00:00.00 | Mem:1.51M, Peak:1.55M | Scene, ViewLayer | Updating Lookup Tables
Fra:1 Mem:20.79M (Peak 20.79M) | Time:00:00.00 | Mem:1.59M, Peak:1.59M | Scene, ViewLayer | Updating Lights
Fra:1 Mem:20.79M (Peak 20.79M) | Time:00:00.00 | Mem:1.59M, Peak:1.59M | Scene, ViewLayer | Updating Lights | Computing tree
Fra:1 Mem:20.79M (Peak 20.79M) | Time:00:00.00 | Mem:1.59M, Peak:1.59M | Scene, ViewLayer | Updating Integrator
Fra:1 Mem:20.79M (Peak 20.79M) | Time:00:00.00 | Mem:1.59M, Peak:1.59M | Scene, ViewLayer | Updating Film
Fra:1 Mem:20.79M (Peak 20.79M) | Time:00:00.00 | Mem:1.51M, Peak:1.59M | Scene, ViewLayer | Updating Lookup Tables
Fra:1 Mem:20.79M (Peak 20.79M) | Time:00:00.00 | Mem:1.60M, Peak:1.60M | Scene, ViewLayer | Updating Baking
Fra:1 Mem:20.79M (Peak 20.79M) | Time:00:00.00 | Mem:1.60M, Peak:1.60M | Scene, ViewLayer | Updating Device | Writing constant memory
Fra:1 Mem:20.79M (Peak 20.79M) | Time:00:00.00 | Mem:1.60M, Peak:1.60M | Scene, ViewLayer | Loading denoising kernels (may take a few minutes the first time)
Fra:1 Mem:20.79M (Peak 20.79M) | Time:00:00.00 | Mem:1.60M, Peak:1.60M | Scene, ViewLayer | Sample 0/20
Fra:1 Mem:62.58M (Peak 62.58M) | Time:00:00.09 | Remaining:00:01.63 | Mem:43.34M, Peak:43.34M | Scene, ViewLayer | Sample 1/20
Fra:1 Mem:80.16M (Peak 106.53M) | Time:00:04.73 | Mem:43.34M, Peak:43.34M | Scene, ViewLayer | Sample 20/20
Fra:1 Mem:80.16M (Peak 106.53M) | Time:00:04.73 | Mem:43.34M, Peak:43.34M | Scene, ViewLayer | Finished
Saved: '/workspace/scratch/a29d03198654/Aether/cloud-evidence/cloudsea52g-d-combination-source-v0-20261001T075235Z-prnccf1i/images/sea52g-d-combination-0-side.png'
Time: 00:04.81 (Saving: 00:00.07)

Fra:1 Mem:19.32M (Peak 19.32M) | Time:00:00.00 | Mem:0.00M, Peak:0.00M | Scene, ViewLayer | Synchronizing object | CloudSea52e_v0_offset_shoulder
Fra:1 Mem:19.32M (Peak 19.32M) | Time:00:00.00 | Mem:0.00M, Peak:0.00M | Scene, ViewLayer | Synchronizing object | Sun
Fra:1 Mem:19.34M (Peak 19.34M) | Time:00:00.00 | Mem:0.00M, Peak:0.00M | Scene, ViewLayer | Synchronizing object | CloudSea52g_d_v0_main_crown
Fra:1 Mem:19.77M (Peak 19.77M) | Time:00:00.00 | Mem:0.00M, Peak:0.00M | Scene, ViewLayer | Synchronizing object | CloudSea52f_v0_low_drift
Fra:1 Mem:20.22M (Peak 20.22M) | Time:00:00.00 | Mem:0.00M, Peak:0.00M | Scene, ViewLayer | Initializing
Fra:1 Mem:19.87M (Peak 20.22M) | Time:00:00.00 | Mem:0.00M, Peak:0.00M | Scene, ViewLayer | Waiting for render to start
Fra:1 Mem:19.87M (Peak 20.22M) | Time:00:00.00 | Mem:0.00M, Peak:0.00M | Scene, ViewLayer | Updating Scene
Fra:1 Mem:19.87M (Peak 20.22M) | Time:00:00.00 | Mem:0.00M, Peak:0.00M | Scene, ViewLayer | Updating Shaders
Fra:1 Mem:19.87M (Peak 20.22M) | Time:00:00.00 | Mem:0.00M, Peak:0.00M | Scene, ViewLayer | Loading render kernels (may take a few minutes the first time)
Fra:1 Mem:19.96M (Peak 20.22M) | Time:00:00.00 | Mem:0.00M, Peak:0.00M | Scene, ViewLayer | Updating Procedurals
Fra:1 Mem:19.96M (Peak 20.22M) | Time:00:00.00 | Mem:0.00M, Peak:0.00M | Scene, ViewLayer | Updating Background
Fra:1 Mem:19.96M (Peak 20.22M) | Time:00:00.00 | Mem:0.00M, Peak:0.00M | Scene, ViewLayer | Updating Camera
Fra:1 Mem:19.96M (Peak 20.22M) | Time:00:00.00 | Mem:0.00M, Peak:0.00M | Scene, ViewLayer | Updating Meshes Flags
Fra:1 Mem:19.96M (Peak 20.22M) | Time:00:00.00 | Mem:0.00M, Peak:0.00M | Scene, ViewLayer | Updating Objects
Fra:1 Mem:19.96M (Peak 20.22M) | Time:00:00.00 | Mem:0.00M, Peak:0.00M | Scene, ViewLayer | Updating Objects | Copying Transformations to device
Fra:1 Mem:19.96M (Peak 20.22M) | Time:00:00.00 | Mem:0.00M, Peak:0.00M | Scene, ViewLayer | Updating Particle Systems
Fra:1 Mem:19.96M (Peak 20.22M) | Time:00:00.00 | Mem:0.00M, Peak:0.00M | Scene, ViewLayer | Updating Particle Systems | Copying Particles to device
Fra:1 Mem:19.96M (Peak 20.22M) | Time:00:00.00 | Mem:0.00M, Peak:0.00M | Scene, ViewLayer | Updating Meshes
Fra:1 Mem:19.96M (Peak 20.22M) | Time:00:00.00 | Mem:0.00M, Peak:0.00M | Scene, ViewLayer | Updating Objects | Applying Static Transformations
Fra:1 Mem:19.96M (Peak 20.22M) | Time:00:00.00 | Mem:0.00M, Peak:0.00M | Scene, ViewLayer | Updating Mesh | Computing attributes
Fra:1 Mem:20.50M (Peak 20.50M) | Time:00:00.00 | Mem:0.00M, Peak:0.00M | Scene, ViewLayer | Updating Mesh | Copying Attributes to device
Fra:1 Mem:20.50M (Peak 20.50M) | Time:00:00.00 | Mem:0.55M, Peak:0.55M | Scene, ViewLayer | Updating Scene BVH | Building
Fra:1 Mem:20.50M (Peak 20.50M) | Time:00:00.00 | Mem:0.55M, Peak:0.55M | Scene, ViewLayer | Updating Scene BVH | Building BVH
Fra:1 Mem:20.50M (Peak 20.50M) | Time:00:00.00 | Mem:0.87M, Peak:0.87M | Scene, ViewLayer | Updating Scene BVH | Building BVH 0%
Fra:1 Mem:20.50M (Peak 20.50M) | Time:00:00.00 | Mem:1.23M, Peak:1.55M | Scene, ViewLayer | Updating Scene BVH | Copying BVH to device
Fra:1 Mem:20.50M (Peak 20.50M) | Time:00:00.00 | Mem:1.23M, Peak:1.55M | Scene, ViewLayer | Updating Mesh | Computing normals
Fra:1 Mem:20.79M (Peak 20.79M) | Time:00:00.00 | Mem:1.23M, Peak:1.55M | Scene, ViewLayer | Updating Mesh | Copying Mesh to device
Fra:1 Mem:20.79M (Peak 20.79M) | Time:00:00.00 | Mem:1.51M, Peak:1.55M | Scene, ViewLayer | Updating Objects Flags
Fra:1 Mem:20.79M (Peak 20.79M) | Time:00:00.00 | Mem:1.51M, Peak:1.55M | Scene, ViewLayer | Updating Primitive Offsets
Fra:1 Mem:20.79M (Peak 20.79M) | Time:00:00.00 | Mem:1.51M, Peak:1.55M | Scene, ViewLayer | Updating Images
Fra:1 Mem:20.79M (Peak 20.79M) | Time:00:00.00 | Mem:1.51M, Peak:1.55M | Scene, ViewLayer | Updating Camera Volume
Fra:1 Mem:20.79M (Peak 20.79M) | Time:00:00.00 | Mem:1.51M, Peak:1.55M | Scene, ViewLayer | Updating Lookup Tables
Fra:1 Mem:20.79M (Peak 20.79M) | Time:00:00.00 | Mem:1.59M, Peak:1.59M | Scene, ViewLayer | Updating Lights
Fra:1 Mem:20.79M (Peak 20.79M) | Time:00:00.00 | Mem:1.59M, Peak:1.59M | Scene, ViewLayer | Updating Lights | Computing tree
Fra:1 Mem:20.79M (Peak 20.79M) | Time:00:00.00 | Mem:1.59M, Peak:1.59M | Scene, ViewLayer | Updating Integrator
Fra:1 Mem:20.79M (Peak 20.79M) | Time:00:00.00 | Mem:1.59M, Peak:1.59M | Scene, ViewLayer | Updating Film
Fra:1 Mem:20.79M (Peak 20.79M) | Time:00:00.00 | Mem:1.51M, Peak:1.59M | Scene, ViewLayer | Updating Lookup Tables
Fra:1 Mem:20.79M (Peak 20.79M) | Time:00:00.00 | Mem:1.60M, Peak:1.60M | Scene, ViewLayer | Updating Baking
Fra:1 Mem:20.79M (Peak 20.79M) | Time:00:00.00 | Mem:1.60M, Peak:1.60M | Scene, ViewLayer | Updating Device | Writing constant memory
Fra:1 Mem:20.79M (Peak 20.79M) | Time:00:00.00 | Mem:1.60M, Peak:1.60M | Scene, ViewLayer | Loading denoising kernels (may take a few minutes the first time)
Fra:1 Mem:20.79M (Peak 20.79M) | Time:00:00.00 | Mem:1.60M, Peak:1.60M | Scene, ViewLayer | Sample 0/20
Fra:1 Mem:62.58M (Peak 62.58M) | Time:00:00.09 | Remaining:00:01.69 | Mem:43.34M, Peak:43.34M | Scene, ViewLayer | Sample 1/20
Fra:1 Mem:80.16M (Peak 106.53M) | Time:00:05.03 | Mem:43.34M, Peak:43.34M | Scene, ViewLayer | Sample 20/20
Fra:1 Mem:80.16M (Peak 106.53M) | Time:00:05.03 | Mem:43.34M, Peak:43.34M | Scene, ViewLayer | Finished
Saved: '/workspace/scratch/a29d03198654/Aether/cloud-evidence/cloudsea52g-d-combination-source-v0-20261001T075235Z-prnccf1i/images/sea52g-d-combination-0-underside.png'
Time: 00:05.09 (Saving: 00:00.05)

Fra:1 Mem:19.32M (Peak 19.32M) | Time:00:00.00 | Mem:0.00M, Peak:0.00M | Scene, ViewLayer | Synchronizing object | CloudSea52e_v0_offset_shoulder
Fra:1 Mem:19.35M (Peak 19.35M) | Time:00:00.00 | Mem:0.00M, Peak:0.00M | Scene, ViewLayer | Synchronizing object | Sun
Fra:1 Mem:19.38M (Peak 19.38M) | Time:00:00.00 | Mem:0.00M, Peak:0.00M | Scene, ViewLayer | Synchronizing object | CloudSea52f_v0_low_drift
Fra:1 Mem:19.54M (Peak 19.54M) | Time:00:00.00 | Mem:0.00M, Peak:0.00M | Scene, ViewLayer | Synchronizing object | CloudSea52g_d_v0_main_crown
Fra:1 Mem:20.22M (Peak 20.22M) | Time:00:00.00 | Mem:0.00M, Peak:0.00M | Scene, ViewLayer | Initializing
Fra:1 Mem:19.87M (Peak 20.22M) | Time:00:00.00 | Mem:0.00M, Peak:0.00M | Scene, ViewLayer | Waiting for render to start
Fra:1 Mem:19.87M (Peak 20.22M) | Time:00:00.00 | Mem:0.00M, Peak:0.00M | Scene, ViewLayer | Updating Scene
Fra:1 Mem:19.87M (Peak 20.22M) | Time:00:00.00 | Mem:0.00M, Peak:0.00M | Scene, ViewLayer | Updating Shaders
Fra:1 Mem:19.87M (Peak 20.22M) | Time:00:00.00 | Mem:0.00M, Peak:0.00M | Scene, ViewLayer | Loading render kernels (may take a few minutes the first time)
Fra:1 Mem:19.96M (Peak 20.22M) | Time:00:00.00 | Mem:0.00M, Peak:0.00M | Scene, ViewLayer | Updating Procedurals
Fra:1 Mem:19.96M (Peak 20.22M) | Time:00:00.00 | Mem:0.00M, Peak:0.00M | Scene, ViewLayer | Updating Background
Fra:1 Mem:19.96M (Peak 20.22M) | Time:00:00.00 | Mem:0.00M, Peak:0.00M | Scene, ViewLayer | Updating Camera
Fra:1 Mem:19.96M (Peak 20.22M) | Time:00:00.00 | Mem:0.00M, Peak:0.00M | Scene, ViewLayer | Updating Meshes Flags
Fra:1 Mem:19.96M (Peak 20.22M) | Time:00:00.00 | Mem:0.00M, Peak:0.00M | Scene, ViewLayer | Updating Objects
Fra:1 Mem:19.96M (Peak 20.22M) | Time:00:00.00 | Mem:0.00M, Peak:0.00M | Scene, ViewLayer | Updating Objects | Copying Transformations to device
Fra:1 Mem:19.96M (Peak 20.22M) | Time:00:00.00 | Mem:0.00M, Peak:0.00M | Scene, ViewLayer | Updating Particle Systems
Fra:1 Mem:19.96M (Peak 20.22M) | Time:00:00.00 | Mem:0.00M, Peak:0.00M | Scene, ViewLayer | Updating Particle Systems | Copying Particles to device
Fra:1 Mem:19.96M (Peak 20.22M) | Time:00:00.00 | Mem:0.00M, Peak:0.00M | Scene, ViewLayer | Updating Meshes
Fra:1 Mem:19.96M (Peak 20.22M) | Time:00:00.00 | Mem:0.00M, Peak:0.00M | Scene, ViewLayer | Updating Objects | Applying Static Transformations
Fra:1 Mem:19.96M (Peak 20.22M) | Time:00:00.00 | Mem:0.00M, Peak:0.00M | Scene, ViewLayer | Updating Mesh | Computing attributes
Fra:1 Mem:20.50M (Peak 20.50M) | Time:00:00.00 | Mem:0.00M, Peak:0.00M | Scene, ViewLayer | Updating Mesh | Copying Attributes to device
Fra:1 Mem:20.50M (Peak 20.50M) | Time:00:00.00 | Mem:0.55M, Peak:0.55M | Scene, ViewLayer | Updating Scene BVH | Building
Fra:1 Mem:20.50M (Peak 20.50M) | Time:00:00.00 | Mem:0.55M, Peak:0.55M | Scene, ViewLayer | Updating Scene BVH | Building BVH
Fra:1 Mem:20.50M (Peak 20.50M) | Time:00:00.00 | Mem:0.87M, Peak:0.87M | Scene, ViewLayer | Updating Scene BVH | Building BVH 0%
Fra:1 Mem:20.50M (Peak 20.50M) | Time:00:00.00 | Mem:1.23M, Peak:1.55M | Scene, ViewLayer | Updating Scene BVH | Copying BVH to device
Fra:1 Mem:20.50M (Peak 20.50M) | Time:00:00.00 | Mem:1.23M, Peak:1.55M | Scene, ViewLayer | Updating Mesh | Computing normals
Fra:1 Mem:20.79M (Peak 20.79M) | Time:00:00.00 | Mem:1.23M, Peak:1.55M | Scene, ViewLayer | Updating Mesh | Copying Mesh to device
Fra:1 Mem:20.79M (Peak 20.79M) | Time:00:00.00 | Mem:1.51M, Peak:1.55M | Scene, ViewLayer | Updating Objects Flags
Fra:1 Mem:20.79M (Peak 20.79M) | Time:00:00.00 | Mem:1.51M, Peak:1.55M | Scene, ViewLayer | Updating Primitive Offsets
Fra:1 Mem:20.79M (Peak 20.79M) | Time:00:00.00 | Mem:1.51M, Peak:1.55M | Scene, ViewLayer | Updating Images
Fra:1 Mem:20.79M (Peak 20.79M) | Time:00:00.00 | Mem:1.51M, Peak:1.55M | Scene, ViewLayer | Updating Camera Volume
Fra:1 Mem:20.79M (Peak 20.79M) | Time:00:00.00 | Mem:1.51M, Peak:1.55M | Scene, ViewLayer | Updating Lookup Tables
Fra:1 Mem:20.79M (Peak 20.79M) | Time:00:00.00 | Mem:1.59M, Peak:1.59M | Scene, ViewLayer | Updating Lights
Fra:1 Mem:20.79M (Peak 20.79M) | Time:00:00.00 | Mem:1.59M, Peak:1.59M | Scene, ViewLayer | Updating Lights | Computing tree
Fra:1 Mem:20.79M (Peak 20.79M) | Time:00:00.00 | Mem:1.59M, Peak:1.59M | Scene, ViewLayer | Updating Integrator
Fra:1 Mem:20.79M (Peak 20.79M) | Time:00:00.00 | Mem:1.59M, Peak:1.59M | Scene, ViewLayer | Updating Film
Fra:1 Mem:20.79M (Peak 20.79M) | Time:00:00.00 | Mem:1.51M, Peak:1.59M | Scene, ViewLayer | Updating Lookup Tables
Fra:1 Mem:20.79M (Peak 20.79M) | Time:00:00.00 | Mem:1.60M, Peak:1.60M | Scene, ViewLayer | Updating Baking
Fra:1 Mem:20.79M (Peak 20.79M) | Time:00:00.00 | Mem:1.60M, Peak:1.60M | Scene, ViewLayer | Updating Device | Writing constant memory
Fra:1 Mem:20.79M (Peak 20.79M) | Time:00:00.00 | Mem:1.60M, Peak:1.60M | Scene, ViewLayer | Loading denoising kernels (may take a few minutes the first time)
Fra:1 Mem:20.79M (Peak 20.79M) | Time:00:00.00 | Mem:1.60M, Peak:1.60M | Scene, ViewLayer | Sample 0/20
Fra:1 Mem:62.58M (Peak 62.58M) | Time:00:00.15 | Remaining:00:02.81 | Mem:43.34M, Peak:43.34M | Scene, ViewLayer | Sample 1/20
Fra:1 Mem:80.16M (Peak 106.53M) | Time:00:05.74 | Mem:43.34M, Peak:43.34M | Scene, ViewLayer | Sample 20/20
Fra:1 Mem:80.16M (Peak 106.53M) | Time:00:05.74 | Mem:43.34M, Peak:43.34M | Scene, ViewLayer | Finished
Saved: '/workspace/scratch/a29d03198654/Aether/cloud-evidence/cloudsea52g-d-combination-source-v0-20261001T075235Z-prnccf1i/images/sea52g-d-combination-0-top.png'
Time: 00:05.80 (Saving: 00:00.05)


Blender quit
