Godot Engine v4.5.1.stable.official.f62fdbde1 - https://godotengine.org
OpenGL API 4.5 (Core Profile) Mesa 25.0.7-2+deb13u1 - Compatibility - Using Device: Mesa - llvmpipe (LLVM 19.1.7, 256 bits)

FLIGHT56 STAGE before_identity
PASS Renderer required for actual three-image flight evidence
PASS Simulation begins at native time_scale1
PASS Only output argument supplied; no game-test/capture/tour flags
PASS Pinned56 actual native verification verify-report56.json
PASS Pinned56 actual native verification wrapper-report.json
PASS Fresh56 native and actual collision/cache gates passed
PASS Fresh55 inherited scope external gate passed
PASS 55 scope exact source /workspace/scratch/a29d03198654/Aether/candidates/round40-exclusive-20260930/project/scenes/candidate53d-west/Game53dWest.tscn
PASS 55 scope exact source /workspace/scratch/a29d03198654/Aether/candidates/round40-exclusive-20260930/project/scenes/candidate55-observation/Game55Observation.tscn
PASS 55 scope exact source /workspace/scratch/a29d03198654/Aether/candidates/round40-exclusive-20260930/project/scripts/game55_observation.gd
PASS 55 scope exact source /workspace/scratch/a29d03198654/Aether/candidates/round40-exclusive-20260930/project/assets/observation55/lake_observation_poses.json
PASS 55 scope exact source /workspace/scratch/a29d03198654/Aether/candidates/round40-exclusive-20260930/project/project.godot
PASS Pinned independent56 coast scene
PASS Pinned evidence identity /workspace/scratch/a29d03198654/Aether/cloud-evidence/free-flight51b-readonly-plan/source-intake.json
PASS Pinned evidence identity res://scenes/candidate51b/build-report-51b.json
PASS Pinned evidence identity /workspace/scratch/a29d03198654/Aether/cloud-evidence/reflection51b-motion-20261001T041545Z-WCymsr/images/reflection-motion-report.json
PASS Pinned evidence identity /workspace/scratch/a29d03198654/Aether/cloud-evidence/reflection51b-verify-full-20261001T032554Z-975juK/images/report.json
PASS Reuse51b reflection dependency audit plus fresh55 scoped inheritance proof; its open failures remain open
PASS Exact current source /workspace/scratch/a29d03198654/Aether/candidates/round40-exclusive-20260930/project/scenes/candidate53d-west/Game53dWest.tscn
PASS Exact current source /workspace/scratch/a29d03198654/Aether/candidates/round40-exclusive-20260930/project/scenes/candidate55-observation/Game55Observation.tscn
PASS Exact current source /workspace/scratch/a29d03198654/Aether/candidates/round40-exclusive-20260930/project/scripts/game55_observation.gd
PASS Exact current source /workspace/scratch/a29d03198654/Aether/candidates/round40-exclusive-20260930/project/assets/observation55/lake_observation_poses.json
PASS Exact current source /workspace/scratch/a29d03198654/Aether/candidates/round40-exclusive-20260930/project/project.godot
PASS Exact current source res://scripts/game.gd
PASS Exact current source res://scripts/game42b.gd
PASS Exact current source res://scripts/airship_body.gd
PASS Exact current source res://scripts/game_tests.gd
PASS Exact current source res://scripts/open_world.gd
PASS Exact current source res://project.godot
PASS Exact current source res://scenes/candidate51b/Game51b.tscn
PASS Exact current source res://assets/reflection51b/clip_shader_000.tres
PASS Exact current source res://assets/reflection51b/clip_material_000.tres
PASS Exact current source res://assets/reflection51b/clip_material_001.tres
PASS Exact current source res://assets/reflection51b/clip_shader_001.tres
PASS Exact current source res://assets/reflection51b/clip_material_002.tres
PASS Exact current source res://assets/reflection51b/clip_material_003.tres
PASS Exact current source res://assets/reflection51b/clip_shader_002.tres
PASS Exact current source res://assets/reflection51b/clip_material_004.tres
PASS Exact current source res://assets/reflection51b/clip_shader_003.tres
PASS Exact current source res://assets/reflection51b/clip_material_005.tres
PASS Exact current source res://assets/reflection51b/clip_shader_004.tres
PASS Exact current source res://assets/reflection51b/clip_material_006.tres
PASS Exact current source res://assets/reflection51b/clip_material_007.tres
PASS Exact current source res://assets/reflection51b/clip_material_008.tres
PASS Exact current source res://assets/reflection51b/clip_material_009.tres
PASS Exact current source res://assets/reflection51b/clip_material_010.tres
PASS Exact current source res://assets/reflection51b/clip_material_011.tres
PASS Exact current source res://assets/reflection51b/clip_material_012.tres
PASS Exact current source res://assets/reflection51b/clip_material_013.tres
PASS Exact current source res://assets/reflection51b/clip_material_014.tres
PASS Exact current source res://assets/reflection51b/clip_material_015.tres
PASS Exact current source res://assets/reflection51b/clip_material_016.tres
PASS Exact current source res://assets/reflection51b/clip_material_017.tres
PASS Exact current source res://assets/reflection51b/clip_material_018.tres
PASS Exact current source res://assets/reflection51b/clip_material_019.tres
PASS Exact current source res://assets/reflection51b/clip_material_020.tres
PASS Exact current source res://assets/reflection51b/clip_material_021.tres
PASS Exact current source res://assets/reflection51b/clip_material_022.tres
PASS Exact current source res://assets/reflection51b/clip_material_023.tres
PASS Exact current source res://assets/reflection51b/clip_material_024.tres
PASS Exact current source res://assets/reflection51b/clip_material_025.tres
PASS Exact current source res://assets/reflection51b/clip_material_026.tres
PASS Exact current source res://assets/reflection51b/clip_material_027.tres
PASS Exact current source res://assets/reflection51b/clip_material_028.tres
PASS Exact current source res://assets/reflection51b/clip_material_029.tres
PASS Exact current source res://assets/reflection51b/clip_material_030.tres
PASS Exact current source res://assets/reflection51b/clip_material_031.tres
PASS Exact current source res://assets/reflection51b/clip_material_032.tres
PASS Exact current source res://assets/reflection51b/clip_material_033.tres
PASS Exact current source res://assets/reflection51b/clip_material_034.tres
PASS Exact current source res://assets/reflection51b/clip_material_035.tres
PASS Exact current source res://assets/reflection51b/clip_material_036.tres
PASS Exact current source res://assets/reflection51b/clip_material_037.tres
PASS Exact current source res://assets/reflection51b/clip_shader_005.tres
PASS Exact current source res://assets/reflection51b/clip_material_038.tres
PASS Exact current source res://assets/reflection51b/clip_material_039.tres
PASS Exact current source res://assets/reflection51b/clip_material_040.tres
PASS Exact current source res://assets/reflection51b/clip_material_041.tres
PASS Exact current source res://assets/reflection51b/clip_material_042.tres
PASS Exact current source res://assets/reflection51b/clip_material_043.tres
PASS Exact current source res://assets/reflection51b/clip_material_044.tres
PASS Exact current source res://assets/reflection51b/clip_material_045.tres
PASS Exact current source res://assets/reflection51b/clip_material_046.tres
PASS Exact current source res://assets/reflection51b/clip_material_047.tres
PASS Exact current source res://assets/reflection51b/clip_material_048.tres
PASS Exact current source res://assets/reflection51b/clip_material_049.tres
PASS Exact current source res://assets/reflection51b/clip_material_050.tres
PASS Exact current source res://assets/reflection51b/clip_material_051.tres
PASS Exact current source res://assets/reflection51b/clip_material_052.tres
PASS Exact current source res://assets/reflection51b/clip_material_053.tres
PASS Exact current source res://assets/reflection51b/clip_material_054.tres
PASS Exact current source res://assets/reflection51b/clip_material_055.tres
PASS Exact current source res://assets/reflection51b/clip_material_056.tres
PASS Exact current source res://assets/reflection51b/clip_material_057.tres
PASS Exact current source res://assets/reflection51b/clip_material_058.tres
PASS Exact current source res://assets/reflection51b/clip_material_059.tres
PASS Exact current source res://assets/reflection51b/clip_material_060.tres
PASS Exact current source res://assets/reflection51b/clip_material_061.tres
PASS Exact current source res://assets/reflection51b/clip_material_062.tres
PASS Exact current source res://assets/reflection51b/clip_material_063.tres
PASS Exact current source res://assets/reflection51b/clip_material_064.tres
PASS Exact current source res://assets/reflection51b/clip_material_065.tres
PASS Exact current source res://assets/reflection51b/clip_material_066.tres
PASS Exact current source res://assets/reflection51b/clip_material_067.tres
PASS Exact current source res://assets/reflection51b/clip_material_068.tres
PASS Exact current source res://assets/reflection51b/clip_material_069.tres
PASS Exact current source res://assets/reflection51b/clip_material_070.tres
PASS Exact current source res://assets/reflection51b/clip_material_071.tres
PASS Exact current source res://assets/reflection51b/clip_material_072.tres
PASS Exact current source res://assets/reflection51b/clip_material_073.tres
PASS Exact current source res://assets/reflection51b/clip_material_074.tres
PASS Exact current source res://assets/reflection51b/clip_material_075.tres
PASS Exact current source res://assets/reflection51b/clip_material_076.tres
PASS Exact current source res://assets/reflection51b/clip_material_077.tres
PASS Exact current source res://assets/reflection51b/clip_material_078.tres
PASS Exact current source res://assets/reflection51b/clip_material_079.tres
PASS Exact current source res://assets/reflection51b/clip_material_080.tres
PASS Exact current source res://assets/reflection51b/clip_material_081.tres
PASS Exact current source res://assets/reflection51b/clip_material_082.tres
PASS Exact current source res://assets/reflection51b/clip_material_083.tres
PASS Exact current source res://assets/reflection51b/clip_material_084.tres
PASS Exact current source res://assets/reflection51b/clip_material_085.tres
PASS Exact current source res://assets/reflection51b/clip_material_086.tres
PASS Exact current source res://assets/reflection51b/clip_material_087.tres
PASS Exact current source res://assets/reflection51b/clip_material_088.tres
PASS Exact current source res://assets/reflection51b/clip_material_089.tres
PASS Exact current source res://assets/reflection51b/clip_material_090.tres
PASS Exact current source res://assets/reflection51b/clip_material_091.tres
PASS Exact current source res://assets/reflection51b/clip_material_092.tres
PASS Exact current source res://assets/reflection51b/clip_material_093.tres
PASS Exact current source res://assets/reflection51b/clip_material_094.tres
PASS Exact current source res://assets/reflection51b/clip_material_095.tres
PASS Exact current source res://assets/reflection51b/clip_material_096.tres
PASS Exact current source res://assets/reflection51b/clip_material_097.tres
PASS Exact current source res://assets/reflection51b/clip_material_098.tres
PASS Exact current source res://assets/reflection51b/clip_material_099.tres
PASS Exact current source res://assets/reflection51b/clip_material_100.tres
PASS Exact current source res://assets/reflection51b/clip_material_101.tres
PASS Exact current source res://assets/reflection51b/clip_shader_006.tres
PASS Exact current source res://assets/reflection51b/clip_material_102.tres
PASS Exact current source res://assets/reflection51b/clip_shader_007.tres
PASS Exact current source res://assets/reflection51b/clip_material_103.tres
PASS Exact current source res://assets/reflection51b/clip_shader_008.tres
PASS Exact current source res://assets/reflection51b/clip_material_104.tres
PASS Exact current source res://assets/reflection51b/clip_material_105.tres
PASS Exact current source res://assets/reflection51b/clip_material_106.tres
PASS Exact current source res://assets/reflection51b/clip_material_107.tres
PASS Exact current source res://assets/reflection51b/clip_material_108.tres
PASS Exact current source res://assets/reflection51b/clip_material_109.tres
PASS Exact current source res://assets/reflection51b/clip_material_110.tres
PASS Exact current source res://assets/reflection51b/clip_shader_009.tres
PASS Exact current source res://assets/reflection51b/clip_material_111.tres
PASS Exact current source res://assets/reflection51b/clip_shader_010.tres
PASS Exact current source res://assets/reflection51b/clip_material_112.tres
PASS Exact current source res://assets/reflection51b/clip_shader_011.tres
PASS Exact current source res://assets/reflection51b/clip_material_113.tres
PASS Exact current source res://assets/reflection51b/ocean_reflection_shader51b.tres
PASS Exact current source res://assets/reflection51b/ocean_reflection_material51b.tres
PASS Exact current source res://scripts/lake_reflection51b.gd
PASS Exact current source res://scenes/candidate51b/build-report-51b.json
PASS Isolated userdata is outside project
FLIGHT56 STAGE before_single_scene_load
PASS Exact56 coast inherited packed scene loaded
WORLD READY: 208 independent terrain scenes, 54797 saved scatter instances, 169 scene landmarks, 6 scene ports
FLIGHT56 STAGE ordinary_boot_ready
PASS Ordinary ready state uses current gameplay without test/observation override
PASS Ordinary boot has live HUD/physics and anchored no-drift start
FLIGHT56 STAGE boot_verified
FLIGHT56 STAGE navigation1131_settled
PASS Existing observation pauses player flight before preflight
PASS Two actual body collision shapes and saved collision filters
PASS Conservative external envelope uses all visible ship mesh bounds
FLIGHT56 STAGE preflight_complete
PASS Full body and visible-envelope25m corridor clears actual loaded triangle solids
PASS Physical F2 press and release delivered
PASS Existing F2 unhandled-input path exits both observation flags and resumes follow camera
PASS F2 resumes synchronized saved55 heading without a turn
PASS Saved actual rendered screenshot 01-start
FLIGHT56 STAGE captured_01-start
PASS F2/capture preparation leaves anchored navigation start unchanged
PASS Physical W press delivered to existing input polling
FLIGHT56 STAGE W_pressed
PASS Physical W release delivered
PASS Existing W polling accelerates and releases anchor
FLIGHT56 STAGE W_released_coasting
PASS Moving screenshot records live physics motion
PASS Saved actual rendered screenshot 02-moving
FLIGHT56 STAGE captured_02-moving
PASS Released W retains throttle and actual acceleration
PASS Physical Space press and release delivered
PASS Existing unhandled Space input engages braking and resets throttle
FLIGHT56 STAGE Space_braking
FLIGHT56 STAGE stable_stop
PASS Saved actual rendered screenshot 03-stopped
FLIGHT56 STAGE captured_03-stopped
PASS Three actual start/moving/stopped images recorded
PASS Actual flight remains within bounded prechecked corridor
PASS Actual forward flight consumes fuel
PASS Actual body displacement follows modeled ship nose
PASS Physical Space reaches a stable stop with every key released
PASS Follow camera and live reflection remain bound to actual scene
PASS Existing following camera moves with actual flight
PASS All locked gameplay/scene/material sources remain unchanged
ACTUAL PLAYER INPUT FLIGHT56 COMPLETE passed=true total_acceptance=false
