Blender 4.5.14 LTS (hash 62c1db4208e8 built 2026-09-15 01:31:19)
Read blend: "/workspace/scratch/a29d03198654/Aether/source-assets/coast56/Ground_-4_-4_coast56.blend"
Fra:1 Mem:10.25M (Peak 10.25M) | Time:00:00.00 | Mem:0.00M, Peak:0.00M | Scene, ViewLayer | Synchronizing object | PREVIEW_ONLY Sun
Fra:1 Mem:10.25M (Peak 10.25M) | Time:00:00.00 | Mem:0.00M, Peak:0.00M | Scene, ViewLayer | Synchronizing object | PREVIEW_ONLY_sea_level_0
Fra:1 Mem:13.01M (Peak 14.14M) | Time:00:00.00 | Mem:0.00M, Peak:0.00M | Scene, ViewLayer | Initializing
Fra:1 Mem:12.75M (Peak 14.14M) | Time:00:00.00 | Mem:0.00M, Peak:0.00M | Scene, ViewLayer | Waiting for render to start
Fra:1 Mem:12.75M (Peak 14.14M) | Time:00:00.00 | Mem:0.00M, Peak:0.00M | Scene, ViewLayer | Updating Scene
Fra:1 Mem:12.75M (Peak 14.14M) | Time:00:00.00 | Mem:0.00M, Peak:0.00M | Scene, ViewLayer | Updating Shaders
Fra:1 Mem:12.75M (Peak 14.14M) | Time:00:00.00 | Mem:0.00M, Peak:0.00M | Scene, ViewLayer | Loading render kernels (may take a few minutes the first time)
Fra:1 Mem:12.83M (Peak 14.14M) | Time:00:00.00 | Mem:0.00M, Peak:0.00M | Scene, ViewLayer | Updating Procedurals
Fra:1 Mem:12.83M (Peak 14.14M) | Time:00:00.00 | Mem:0.00M, Peak:0.00M | Scene, ViewLayer | Updating Background
Fra:1 Mem:12.83M (Peak 14.14M) | Time:00:00.00 | Mem:0.00M, Peak:0.00M | Scene, ViewLayer | Updating Camera
Fra:1 Mem:12.83M (Peak 14.14M) | Time:00:00.00 | Mem:0.00M, Peak:0.00M | Scene, ViewLayer | Updating Meshes Flags
Fra:1 Mem:12.83M (Peak 14.14M) | Time:00:00.00 | Mem:0.00M, Peak:0.00M | Scene, ViewLayer | Updating Objects
Fra:1 Mem:12.83M (Peak 14.14M) | Time:00:00.00 | Mem:0.00M, Peak:0.00M | Scene, ViewLayer | Updating Objects | Copying Transformations to device
Fra:1 Mem:12.83M (Peak 14.14M) | Time:00:00.00 | Mem:0.00M, Peak:0.00M | Scene, ViewLayer | Updating Particle Systems
Fra:1 Mem:12.83M (Peak 14.14M) | Time:00:00.00 | Mem:0.00M, Peak:0.00M | Scene, ViewLayer | Updating Particle Systems | Copying Particles to device
Fra:1 Mem:12.83M (Peak 14.14M) | Time:00:00.00 | Mem:0.00M, Peak:0.00M | Scene, ViewLayer | Updating Meshes
Fra:1 Mem:12.83M (Peak 14.14M) | Time:00:00.00 | Mem:0.00M, Peak:0.00M | Scene, ViewLayer | Updating Objects | Applying Static Transformations
Fra:1 Mem:12.83M (Peak 14.14M) | Time:00:00.00 | Mem:0.00M, Peak:0.00M | Scene, ViewLayer | Updating Mesh | Computing attributes
Fra:1 Mem:13.09M (Peak 14.14M) | Time:00:00.00 | Mem:0.00M, Peak:0.00M | Scene, ViewLayer | Updating Mesh | Copying Attributes to device
Fra:1 Mem:13.09M (Peak 14.14M) | Time:00:00.00 | Mem:0.26M, Peak:0.26M | Scene, ViewLayer | Updating Scene BVH | Building
Fra:1 Mem:13.09M (Peak 14.14M) | Time:00:00.00 | Mem:0.26M, Peak:0.26M | Scene, ViewLayer | Updating Scene BVH | Building BVH
Fra:1 Mem:13.09M (Peak 14.14M) | Time:00:00.01 | Mem:0.36M, Peak:0.36M | Scene, ViewLayer | Updating Scene BVH | Building BVH 0%
Fra:1 Mem:13.09M (Peak 14.14M) | Time:00:00.01 | Mem:0.49M, Peak:0.59M | Scene, ViewLayer | Updating Scene BVH | Copying BVH to device
Fra:1 Mem:13.09M (Peak 14.14M) | Time:00:00.01 | Mem:0.49M, Peak:0.59M | Scene, ViewLayer | Updating Mesh | Computing normals
Fra:1 Mem:13.36M (Peak 14.14M) | Time:00:00.01 | Mem:0.49M, Peak:0.59M | Scene, ViewLayer | Updating Mesh | Copying Mesh to device
Fra:1 Mem:13.36M (Peak 14.14M) | Time:00:00.01 | Mem:0.76M, Peak:0.76M | Scene, ViewLayer | Updating Objects Flags
Fra:1 Mem:13.36M (Peak 14.14M) | Time:00:00.01 | Mem:0.76M, Peak:0.76M | Scene, ViewLayer | Updating Primitive Offsets
Fra:1 Mem:13.36M (Peak 14.14M) | Time:00:00.01 | Mem:0.76M, Peak:0.76M | Scene, ViewLayer | Updating Images
Fra:1 Mem:13.36M (Peak 14.14M) | Time:00:00.01 | Mem:0.76M, Peak:0.76M | Scene, ViewLayer | Updating Camera Volume
Fra:1 Mem:13.36M (Peak 14.14M) | Time:00:00.01 | Mem:0.76M, Peak:0.76M | Scene, ViewLayer | Updating Lookup Tables
Fra:1 Mem:13.36M (Peak 14.14M) | Time:00:00.01 | Mem:0.84M, Peak:0.84M | Scene, ViewLayer | Updating Lights
Fra:1 Mem:13.36M (Peak 14.14M) | Time:00:00.01 | Mem:0.84M, Peak:0.84M | Scene, ViewLayer | Updating Lights | Computing tree
Fra:1 Mem:13.36M (Peak 14.14M) | Time:00:00.01 | Mem:0.84M, Peak:0.84M | Scene, ViewLayer | Updating Integrator
Fra:1 Mem:13.36M (Peak 14.14M) | Time:00:00.01 | Mem:0.84M, Peak:0.84M | Scene, ViewLayer | Updating Film
Fra:1 Mem:13.36M (Peak 14.14M) | Time:00:00.01 | Mem:0.76M, Peak:0.84M | Scene, ViewLayer | Updating Lookup Tables
Fra:1 Mem:13.36M (Peak 14.14M) | Time:00:00.01 | Mem:0.84M, Peak:0.84M | Scene, ViewLayer | Updating Baking
Fra:1 Mem:13.36M (Peak 14.14M) | Time:00:00.01 | Mem:0.84M, Peak:0.84M | Scene, ViewLayer | Updating Device | Writing constant memory
Fra:1 Mem:13.37M (Peak 14.14M) | Time:00:00.01 | Mem:0.84M, Peak:0.84M | Scene, ViewLayer | Loading denoising kernels (may take a few minutes the first time)
Fra:1 Mem:13.37M (Peak 14.14M) | Time:00:00.01 | Mem:0.84M, Peak:0.84M | Scene, ViewLayer | Sample 0/16
Fra:1 Mem:59.05M (Peak 59.05M) | Time:00:00.57 | Remaining:00:08.39 | Mem:46.50M, Peak:46.50M | Scene, ViewLayer | Sample 1/16
Fra:1 Mem:78.28M (Peak 107.12M) | Time:00:14.91 | Mem:46.50M, Peak:46.50M | Scene, ViewLayer | Sample 16/16
Fra:1 Mem:78.28M (Peak 107.12M) | Time:00:14.91 | Mem:46.50M, Peak:46.50M | Scene, ViewLayer | Finished
Saved: '/workspace/scratch/a29d03198654/Aether/source-assets/coast56/previews/candidate_low_shore.png'
Time: 00:15.06 (Saving: 00:00.14)

COAST56_SOURCE_PREVIEWS_COMPLETE; standalone tile only; no scene save

Blender quit
