STATIC56_VERIFIED True 75
[
  {
    "z": -3000,
    "original_coast_x": -2888.8222069245903,
    "candidate_coast_x": -2922.1737240025022,
    "change_x": -33.35151707791192
  },
  {
    "z": -2980,
    "original_coast_x": -2876.234712203324,
    "candidate_coast_x": -2922.428524421698,
    "change_x": -46.193812218374205
  },
  {
    "z": -2965,
    "original_coast_x": -2866.92752558732,
    "candidate_coast_x": -2909.7862770106667,
    "change_x": -42.8587514233468
  },
  {
    "z": -2950,
    "original_coast_x": -2856.0764428851126,
    "candidate_coast_x": -2897.6806943542565,
    "change_x": -41.60425146914395
  },
  {
    "z": -2930,
    "original_coast_x": -2844.1939108950473,
    "candidate_coast_x": -2878.257316807394,
    "change_x": -34.06340591234675
  },
  {
    "z": -2910,
    "original_coast_x": -2831.2053129115034,
    "candidate_coast_x": -2855.689796854716,
    "change_x": -24.48448394321258
  },
  {
    "z": -2880,
    "original_coast_x": -2811.836634999668,
    "candidate_coast_x": -2794.2852932918954,
    "change_x": 17.551341707772735
  },
  {
    "z": -2855,
    "original_coast_x": -2795.759068792428,
    "candidate_coast_x": -2772.600872061505,
    "change_x": 23.15819673092301
  },
  {
    "z": -2830,
    "original_coast_x": -2779.6844524294347,
    "candidate_coast_x": -2762.2583694421064,
    "change_x": 17.4260829873283
  },
  {
    "z": -2810,
    "original_coast_x": -2766.7873135349605,
    "candidate_coast_x": -2760.224714526606,
    "change_x": 6.562599008354482
  },
  {
    "z": -2790,
    "original_coast_x": -2754.1845347088565,
    "candidate_coast_x": -2754.152994630044,
    "change_x": 0.03154007881266807
  }
]
