[
  {
    "version": "52",
    "name": "CloudSea52_v0_main_bent_crown",
    "nonadjacent_triangle_intersections": 2,
    "pairs": [
      [
        247,
        287
      ],
      [
        245,
        272
      ]
    ],
    "zero_area_triangles": 0
  },
  {
    "version": "52",
    "name": "CloudSea52_v0_notched_shoulder",
    "nonadjacent_triangle_intersections": 0,
    "pairs": [],
    "zero_area_triangles": 0
  },
  {
    "version": "52",
    "name": "CloudSea52_v0_slant_low_ridge",
    "nonadjacent_triangle_intersections": 0,
    "pairs": [],
    "zero_area_triangles": 0
  },
  {
    "version": "52",
    "name": "CloudSea52_v1_main_bent_crown",
    "nonadjacent_triangle_intersections": 0,
    "pairs": [],
    "zero_area_triangles": 0
  },
  {
    "version": "52",
    "name": "CloudSea52_v1_notched_shoulder",
    "nonadjacent_triangle_intersections": 0,
    "pairs": [],
    "zero_area_triangles": 0
  },
  {
    "version": "52",
    "name": "CloudSea52_v1_slant_low_ridge",
    "nonadjacent_triangle_intersections": 1,
    "pairs": [
      [
        245,
        272
      ]
    ],
    "zero_area_triangles": 0
  },
  {
    "version": "52",
    "name": "CloudSea52_v2_main_bent_crown",
    "nonadjacent_triangle_intersections": 0,
    "pairs": [],
    "zero_area_triangles": 0
  },
  {
    "version": "52",
    "name": "CloudSea52_v2_notched_shoulder",
    "nonadjacent_triangle_intersections": 6,
    "pairs": [
      [
        257,
        277
      ],
      [
        251,
        255
      ],
      [
        251,
        254
      ],
      [
        255,
        277
      ],
      [
        256,
        277
      ],
      [
        250,
        255
      ]
    ],
    "zero_area_triangles": 0
  },
  {
    "version": "52",
    "name": "CloudSea52_v2_slant_low_ridge",
    "nonadjacent_triangle_intersections": 0,
    "pairs": [],
    "zero_area_triangles": 0
  },
  {
    "version": "52d",
    "name": "CloudSea52d_v0_representative_round_crown_ridge",
    "nonadjacent_triangle_intersections": 0,
    "pairs": [],
    "zero_area_triangles": 0
  }
]
Blender 4.5.14 LTS (hash 62c1db4208e8 built 2026-09-15 01:31:19)
Read blend: "/workspace/scratch/a29d03198654/Aether/source-assets/cloud-sea52/cloud_sea52.blend"
Read blend: "/workspace/scratch/a29d03198654/Aether/source-assets/cloud-sea52d/cloud_sea52d.blend"

Blender quit
