{"view": "1216-source-front", "state": "rendering", "pid": 7, "source_sha256": "2b742986751183db994b5d803127c45eb44a02046cd85a17f689355d1c2540a2"}
Blender 4.5.14 LTS (hash 62c1db4208e8 built 2026-09-15 01:31:19)
Read blend: "/workspace/scratch/a29d03198654/Aether/source-assets/cloud-bank58/revision-d/native-01/fold58d.blend"
Fra:1 Mem:11.67M (Peak 11.67M) | Time:00:00.00 | Mem:0.00M, Peak:0.00M | Scene, ViewLayer | Synchronizing object | CloudBank58D_small_continuous_fold_cage
Fra:1 Mem:11.67M (Peak 11.67M) | Time:00:00.00 | Mem:0.00M, Peak:0.00M | Scene, ViewLayer | Synchronizing object | 58D fixed Sun
Fra:1 Mem:11.73M (Peak 11.73M) | Time:00:00.00 | Mem:0.00M, Peak:0.00M | Scene, ViewLayer | Initializing
Fra:1 Mem:11.45M (Peak 11.73M) | Time:00:00.00 | Mem:0.00M, Peak:0.00M | Scene, ViewLayer | Waiting for render to start
Fra:1 Mem:11.45M (Peak 11.73M) | Time:00:00.00 | Mem:0.00M, Peak:0.00M | Scene, ViewLayer | Updating Scene
Fra:1 Mem:11.45M (Peak 11.73M) | Time:00:00.00 | Mem:0.00M, Peak:0.00M | Scene, ViewLayer | Updating Shaders
Fra:1 Mem:11.45M (Peak 11.73M) | Time:00:00.00 | Mem:0.00M, Peak:0.00M | Scene, ViewLayer | Loading render kernels (may take a few minutes the first time)
Fra:1 Mem:11.54M (Peak 11.73M) | Time:00:00.00 | Mem:0.00M, Peak:0.00M | Scene, ViewLayer | Updating Procedurals
Fra:1 Mem:11.54M (Peak 11.73M) | Time:00:00.00 | Mem:0.00M, Peak:0.00M | Scene, ViewLayer | Updating Background
Fra:1 Mem:11.54M (Peak 11.73M) | Time:00:00.00 | Mem:0.00M, Peak:0.00M | Scene, ViewLayer | Updating Camera
Fra:1 Mem:11.54M (Peak 11.73M) | Time:00:00.00 | Mem:0.00M, Peak:0.00M | Scene, ViewLayer | Updating Meshes Flags
Fra:1 Mem:11.54M (Peak 11.73M) | Time:00:00.00 | Mem:0.00M, Peak:0.00M | Scene, ViewLayer | Updating Objects
Fra:1 Mem:11.54M (Peak 11.73M) | Time:00:00.00 | Mem:0.00M, Peak:0.00M | Scene, ViewLayer | Updating Objects | Copying Transformations to device
Fra:1 Mem:11.54M (Peak 11.73M) | Time:00:00.00 | Mem:0.00M, Peak:0.00M | Scene, ViewLayer | Updating Particle Systems
Fra:1 Mem:11.54M (Peak 11.73M) | Time:00:00.00 | Mem:0.00M, Peak:0.00M | Scene, ViewLayer | Updating Particle Systems | Copying Particles to device
Fra:1 Mem:11.54M (Peak 11.73M) | Time:00:00.00 | Mem:0.00M, Peak:0.00M | Scene, ViewLayer | Updating Meshes
Fra:1 Mem:11.54M (Peak 11.73M) | Time:00:00.00 | Mem:0.00M, Peak:0.00M | Scene, ViewLayer | Updating Objects | Applying Static Transformations
Fra:1 Mem:11.54M (Peak 11.73M) | Time:00:00.00 | Mem:0.00M, Peak:0.00M | Scene, ViewLayer | Updating Mesh | Computing attributes
Fra:1 Mem:11.54M (Peak 11.73M) | Time:00:00.00 | Mem:0.00M, Peak:0.00M | Scene, ViewLayer | Updating Mesh | Copying Attributes to device
Fra:1 Mem:11.54M (Peak 11.73M) | Time:00:00.00 | Mem:0.01M, Peak:0.01M | Scene, ViewLayer | Updating Scene BVH | Building
Fra:1 Mem:11.54M (Peak 11.73M) | Time:00:00.00 | Mem:0.01M, Peak:0.01M | Scene, ViewLayer | Updating Scene BVH | Building BVH
Fra:1 Mem:11.54M (Peak 11.73M) | Time:00:00.00 | Mem:0.03M, Peak:0.03M | Scene, ViewLayer | Updating Scene BVH | Building BVH 0%
Fra:1 Mem:11.54M (Peak 11.73M) | Time:00:00.00 | Mem:0.05M, Peak:0.07M | Scene, ViewLayer | Updating Scene BVH | Copying BVH to device
Fra:1 Mem:11.54M (Peak 11.73M) | Time:00:00.00 | Mem:0.05M, Peak:0.07M | Scene, ViewLayer | Updating Mesh | Computing normals
Fra:1 Mem:11.56M (Peak 11.73M) | Time:00:00.00 | Mem:0.05M, Peak:0.07M | Scene, ViewLayer | Updating Mesh | Copying Mesh to device
Fra:1 Mem:11.56M (Peak 11.73M) | Time:00:00.00 | Mem:0.07M, Peak:0.07M | Scene, ViewLayer | Updating Objects Flags
Fra:1 Mem:11.56M (Peak 11.73M) | Time:00:00.00 | Mem:0.07M, Peak:0.07M | Scene, ViewLayer | Updating Primitive Offsets
Fra:1 Mem:11.56M (Peak 11.73M) | Time:00:00.00 | Mem:0.07M, Peak:0.07M | Scene, ViewLayer | Updating Images
Fra:1 Mem:11.56M (Peak 11.73M) | Time:00:00.00 | Mem:0.07M, Peak:0.07M | Scene, ViewLayer | Updating Camera Volume
Fra:1 Mem:11.56M (Peak 11.73M) | Time:00:00.00 | Mem:0.07M, Peak:0.07M | Scene, ViewLayer | Updating Lookup Tables
Fra:1 Mem:11.56M (Peak 11.73M) | Time:00:00.00 | Mem:0.15M, Peak:0.15M | Scene, ViewLayer | Updating Lights
Fra:1 Mem:11.56M (Peak 11.73M) | Time:00:00.00 | Mem:0.15M, Peak:0.15M | Scene, ViewLayer | Updating Lights | Computing tree
Fra:1 Mem:11.56M (Peak 11.73M) | Time:00:00.00 | Mem:0.15M, Peak:0.15M | Scene, ViewLayer | Updating Integrator
Fra:1 Mem:11.56M (Peak 11.73M) | Time:00:00.00 | Mem:0.15M, Peak:0.15M | Scene, ViewLayer | Updating Film
Fra:1 Mem:11.56M (Peak 11.73M) | Time:00:00.00 | Mem:0.07M, Peak:0.15M | Scene, ViewLayer | Updating Lookup Tables
Fra:1 Mem:11.56M (Peak 11.73M) | Time:00:00.00 | Mem:0.16M, Peak:0.16M | Scene, ViewLayer | Updating Baking
Fra:1 Mem:11.56M (Peak 11.73M) | Time:00:00.00 | Mem:0.16M, Peak:0.16M | Scene, ViewLayer | Updating Device | Writing constant memory
Fra:1 Mem:11.56M (Peak 11.73M) | Time:00:00.00 | Mem:0.16M, Peak:0.16M | Scene, ViewLayer | Sample 0/8
Fra:1 Mem:25.10M (Peak 25.10M) | Time:00:00.08 | Remaining:00:00.56 | Mem:13.68M, Peak:13.68M | Scene, ViewLayer | Sample 1/8
Fra:1 Mem:31.11M (Peak 43.13M) | Time:00:00.72 | Mem:13.68M, Peak:13.68M | Scene, ViewLayer | Sample 8/8
Fra:1 Mem:31.11M (Peak 43.13M) | Time:00:00.72 | Mem:13.68M, Peak:13.68M | Scene, ViewLayer | Finished
Saved: '/workspace/scratch/a29d03198654/Aether/cloud-evidence/cloudbank58d-preview-20261001T163423Z-tvsyc8vq/images/cloudbank58d-1216-source-front.png'
Time: 00:00.77 (Saving: 00:00.04)

{"view": "1216-source-front", "state": "completed", "image_sha256": "afbfc1473989390b7710a56fab690668516daaf9c080f70d1c75dfd148575d48", "seconds": 0.8202041140011715}

Blender quit
