NORTH62_STAGE {"stage":"python_entry","pid":24,"elapsed_seconds":6.280199158936739e-05,"native_user_seconds":0.252509,"native_system_seconds":0.027753,"native_peak_rss_kib":283104}
NORTH62_STAGE {"stage":"arguments_checked","pid":24,"elapsed_seconds":0.05649157699372154,"native_user_seconds":0.297082,"native_system_seconds":0.039598999999999995,"native_peak_rss_kib":304108}
NORTH62_STAGE {"stage":"binding.read.begin","pid":24,"elapsed_seconds":0.05677510499663185,"native_user_seconds":0.297336,"native_system_seconds":0.039633,"native_peak_rss_kib":304108}
NORTH62_STAGE {"stage":"binding.read.complete","pid":24,"elapsed_seconds":0.18614033100311644,"native_user_seconds":0.41826599999999997,"native_system_seconds":0.047862999999999996,"native_peak_rss_kib":339692}
NORTH62_STAGE {"stage":"binding.validation.begin","pid":24,"elapsed_seconds":0.18655806699825916,"native_user_seconds":0.41869,"native_system_seconds":0.047862999999999996,"native_peak_rss_kib":339692}
NORTH62_STAGE {"stage":"binding.validation.complete","pid":24,"elapsed_seconds":0.5529889210010879,"native_user_seconds":0.752792,"native_system_seconds":0.079848,"native_peak_rss_kib":375376}
NORTH62_STAGE {"stage":"fresh_open.begin","pid":24,"elapsed_seconds":0.5533794069924625,"native_user_seconds":0.7531559999999999,"native_system_seconds":0.079886,"native_peak_rss_kib":375376}
NORTH62_STAGE {"stage":"fresh_open.complete","pid":24,"elapsed_seconds":0.5646417469979497,"native_user_seconds":0.7643749999999999,"native_system_seconds":0.079886,"native_peak_rss_kib":375376}
NORTH62_STAGE {"stage":"capture.begin","pid":24,"elapsed_seconds":0.5649750790034886,"native_user_seconds":0.765048,"native_system_seconds":0.079887,"native_peak_rss_kib":375376}
NORTH62_STAGE {"stage":"capture.mesh.begin","pid":24,"elapsed_seconds":0.5653321659920039,"native_user_seconds":0.765501,"native_system_seconds":0.07993399999999999,"native_peak_rss_kib":375376,"mesh":"R62_MASTER_EVALUATED","vertices":4326,"triangles":8192}
NORTH62_STAGE {"stage":"capture.mesh.complete","pid":24,"elapsed_seconds":0.5883130889997119,"native_user_seconds":0.778046,"native_system_seconds":0.09222999999999999,"native_peak_rss_kib":375376,"mesh":"R62_MASTER_EVALUATED"}
NORTH62_STAGE {"stage":"capture.mesh.begin","pid":24,"elapsed_seconds":0.588693419995252,"native_user_seconds":0.778393,"native_system_seconds":0.09227099999999999,"native_peak_rss_kib":375376,"mesh":"R62_Ground_-4_-7","vertices":6144,"triangles":2048}
NORTH62_STAGE {"stage":"capture.mesh.complete","pid":24,"elapsed_seconds":0.6453223599964986,"native_user_seconds":0.827823,"native_system_seconds":0.10039,"native_peak_rss_kib":377936,"mesh":"R62_Ground_-4_-7"}
NORTH62_STAGE {"stage":"capture.mesh.begin","pid":24,"elapsed_seconds":0.6457035519997589,"native_user_seconds":0.828202,"native_system_seconds":0.100436,"native_peak_rss_kib":377936,"mesh":"R62_Ground_-3_-7","vertices":6144,"triangles":2048}
NORTH62_STAGE {"stage":"capture.mesh.complete","pid":24,"elapsed_seconds":0.666048637998756,"native_user_seconds":0.841148,"native_system_seconds":0.10872599999999999,"native_peak_rss_kib":393552,"mesh":"R62_Ground_-3_-7"}
NORTH62_STAGE {"stage":"capture.mesh.begin","pid":24,"elapsed_seconds":0.6664760089915944,"native_user_seconds":0.841148,"native_system_seconds":0.10919899999999999,"native_peak_rss_kib":393552,"mesh":"R62_Ground_-4_-6","vertices":6058,"triangles":2048}
NORTH62_STAGE {"stage":"capture.mesh.complete","pid":24,"elapsed_seconds":0.73961132299155,"native_user_seconds":0.908091,"native_system_seconds":0.11619299999999999,"native_peak_rss_kib":409552,"mesh":"R62_Ground_-4_-6"}
NORTH62_STAGE {"stage":"capture.mesh.begin","pid":24,"elapsed_seconds":0.7400158499949612,"native_user_seconds":0.908457,"native_system_seconds":0.11624,"native_peak_rss_kib":409552,"mesh":"R62_Ground_-3_-6","vertices":6009,"triangles":2048}
NORTH62_STAGE {"stage":"capture.mesh.complete","pid":24,"elapsed_seconds":0.7606822899979306,"native_user_seconds":0.9255669999999999,"native_system_seconds":0.12050899999999999,"native_peak_rss_kib":425168,"mesh":"R62_Ground_-3_-6"}
NORTH62_STAGE {"stage":"capture.complete","pid":24,"elapsed_seconds":0.7749668379983632,"native_user_seconds":0.932333,"native_system_seconds":0.127994,"native_peak_rss_kib":435792}
NORTH62_STAGE {"stage":"raw.persisted","pid":24,"elapsed_seconds":1.184686761989724,"native_user_seconds":1.3039749999999999,"native_system_seconds":0.164146,"native_peak_rss_kib":463820,"sha256":"9e476591b52fe1980bc9a55019914c6a555fa75dc97ad4e70bedb5194d037633","bytes":14837933}
NORTH62_STAGE {"stage":"validation.begin","pid":24,"elapsed_seconds":1.195032920993981,"native_user_seconds":1.314312,"native_system_seconds":0.164146,"native_peak_rss_kib":463820}
NORTH62_STAGE {"stage":"validation.complete","pid":24,"elapsed_seconds":2.1283373799960827,"native_user_seconds":2.220016,"native_system_seconds":0.190986,"native_peak_rss_kib":485072}
NORTH62_STAGE {"stage":"render.begin","pid":24,"elapsed_seconds":2.128776587996981,"native_user_seconds":2.22043,"native_system_seconds":0.191021,"native_peak_rss_kib":485072,"view":"1347"}
Blender 4.5.14 LTS (hash 62c1db4208e8 built 2026-09-15 01:31:19)
Read blend: "/workspace/scratch/a29d03198654/Aether/source-assets/north-ridge62-authoring/recovery-v2/north-ridge62.blend"
Fra:1 Mem:23.32M (Peak 23.32M) | Time:00:00.00 | Mem:0.00M, Peak:0.00M | Scene, ViewLayer | Synchronizing object | R62_Ground_-4_-7
Fra:1 Mem:23.33M (Peak 23.33M) | Time:00:00.00 | Mem:0.00M, Peak:0.00M | Scene, ViewLayer | Synchronizing object | R62 neutral key
Fra:1 Mem:23.35M (Peak 23.35M) | Time:00:00.00 | Mem:0.00M, Peak:0.00M | Scene, ViewLayer | Synchronizing object | R62_Ground_-3_-6
Fra:1 Mem:24.24M (Peak 24.24M) | Time:00:00.00 | Mem:0.00M, Peak:0.00M | Scene, ViewLayer | Synchronizing object | R62_Ground_-4_-6
Fra:1 Mem:24.27M (Peak 24.27M) | Time:00:00.00 | Mem:0.00M, Peak:0.00M | Scene, ViewLayer | Synchronizing object | R62_Ground_-3_-7
Fra:1 Mem:25.16M (Peak 25.16M) | Time:00:00.00 | Mem:0.00M, Peak:0.00M | Scene, ViewLayer | Initializing
Fra:1 Mem:24.68M (Peak 25.16M) | Time:00:00.00 | Mem:0.00M, Peak:0.00M | Scene, ViewLayer | Waiting for render to start
Fra:1 Mem:24.68M (Peak 25.16M) | Time:00:00.00 | Mem:0.00M, Peak:0.00M | Scene, ViewLayer | Updating Scene
Fra:1 Mem:24.68M (Peak 25.16M) | Time:00:00.00 | Mem:0.00M, Peak:0.00M | Scene, ViewLayer | Updating Shaders
Fra:1 Mem:24.68M (Peak 25.16M) | Time:00:00.00 | Mem:0.00M, Peak:0.00M | Scene, ViewLayer | Loading render kernels (may take a few minutes the first time)
Fra:1 Mem:24.76M (Peak 25.16M) | Time:00:00.00 | Mem:0.00M, Peak:0.00M | Scene, ViewLayer | Updating Procedurals
Fra:1 Mem:24.76M (Peak 25.16M) | Time:00:00.00 | Mem:0.00M, Peak:0.00M | Scene, ViewLayer | Updating Background
Fra:1 Mem:24.76M (Peak 25.16M) | Time:00:00.00 | Mem:0.00M, Peak:0.00M | Scene, ViewLayer | Updating Camera
Fra:1 Mem:24.76M (Peak 25.16M) | Time:00:00.00 | Mem:0.00M, Peak:0.00M | Scene, ViewLayer | Updating Meshes Flags
Fra:1 Mem:24.76M (Peak 25.16M) | Time:00:00.00 | Mem:0.00M, Peak:0.00M | Scene, ViewLayer | Updating Objects
Fra:1 Mem:24.76M (Peak 25.16M) | Time:00:00.00 | Mem:0.00M, Peak:0.00M | Scene, ViewLayer | Updating Objects | Copying Transformations to device
Fra:1 Mem:24.76M (Peak 25.16M) | Time:00:00.00 | Mem:0.00M, Peak:0.00M | Scene, ViewLayer | Updating Particle Systems
Fra:1 Mem:24.76M (Peak 25.16M) | Time:00:00.00 | Mem:0.00M, Peak:0.00M | Scene, ViewLayer | Updating Particle Systems | Copying Particles to device
Fra:1 Mem:24.76M (Peak 25.16M) | Time:00:00.00 | Mem:0.00M, Peak:0.00M | Scene, ViewLayer | Updating Meshes
Fra:1 Mem:24.76M (Peak 25.16M) | Time:00:00.00 | Mem:0.00M, Peak:0.00M | Scene, ViewLayer | Updating Objects | Applying Static Transformations
Fra:1 Mem:24.76M (Peak 25.16M) | Time:00:00.00 | Mem:0.00M, Peak:0.00M | Scene, ViewLayer | Updating Mesh | Computing attributes
Fra:1 Mem:25.04M (Peak 25.16M) | Time:00:00.00 | Mem:0.00M, Peak:0.00M | Scene, ViewLayer | Updating Mesh | Copying Attributes to device
Fra:1 Mem:25.04M (Peak 25.16M) | Time:00:00.00 | Mem:0.28M, Peak:0.28M | Scene, ViewLayer | Updating Scene BVH | Building
Fra:1 Mem:25.04M (Peak 25.16M) | Time:00:00.00 | Mem:0.28M, Peak:0.28M | Scene, ViewLayer | Updating Scene BVH | Building BVH
Fra:1 Mem:25.04M (Peak 25.16M) | Time:00:00.00 | Mem:0.53M, Peak:0.53M | Scene, ViewLayer | Updating Scene BVH | Building BVH 0%
Fra:1 Mem:25.04M (Peak 25.16M) | Time:00:00.00 | Mem:0.83M, Peak:1.08M | Scene, ViewLayer | Updating Scene BVH | Copying BVH to device
Fra:1 Mem:25.04M (Peak 25.16M) | Time:00:00.00 | Mem:0.83M, Peak:1.08M | Scene, ViewLayer | Updating Mesh | Computing normals
Fra:1 Mem:25.72M (Peak 25.72M) | Time:00:00.00 | Mem:0.83M, Peak:1.08M | Scene, ViewLayer | Updating Mesh | Copying Mesh to device
Fra:1 Mem:25.72M (Peak 25.72M) | Time:00:00.00 | Mem:1.52M, Peak:1.52M | Scene, ViewLayer | Updating Objects Flags
Fra:1 Mem:25.72M (Peak 25.72M) | Time:00:00.00 | Mem:1.52M, Peak:1.52M | Scene, ViewLayer | Updating Primitive Offsets
Fra:1 Mem:25.72M (Peak 25.72M) | Time:00:00.00 | Mem:1.52M, Peak:1.52M | Scene, ViewLayer | Updating Images
Fra:1 Mem:25.72M (Peak 25.72M) | Time:00:00.00 | Mem:1.52M, Peak:1.52M | Scene, ViewLayer | Updating Camera Volume
Fra:1 Mem:25.72M (Peak 25.72M) | Time:00:00.00 | Mem:1.52M, Peak:1.52M | Scene, ViewLayer | Updating Lookup Tables
Fra:1 Mem:25.72M (Peak 25.72M) | Time:00:00.00 | Mem:1.60M, Peak:1.60M | Scene, ViewLayer | Updating Lights
Fra:1 Mem:25.72M (Peak 25.72M) | Time:00:00.00 | Mem:1.60M, Peak:1.60M | Scene, ViewLayer | Updating Lights | Computing tree
Fra:1 Mem:25.72M (Peak 25.72M) | Time:00:00.00 | Mem:1.60M, Peak:1.60M | Scene, ViewLayer | Updating Integrator
Fra:1 Mem:25.72M (Peak 25.72M) | Time:00:00.00 | Mem:1.60M, Peak:1.60M | Scene, ViewLayer | Updating Film
Fra:1 Mem:25.73M (Peak 25.73M) | Time:00:00.00 | Mem:1.52M, Peak:1.60M | Scene, ViewLayer | Updating Lookup Tables
Fra:1 Mem:25.73M (Peak 25.73M) | Time:00:00.00 | Mem:1.60M, Peak:1.60M | Scene, ViewLayer | Updating Baking
Fra:1 Mem:25.73M (Peak 25.73M) | Time:00:00.00 | Mem:1.60M, Peak:1.60M | Scene, ViewLayer | Updating Device | Writing constant memory
Fra:1 Mem:25.73M (Peak 25.73M) | Time:00:00.00 | Mem:1.60M, Peak:1.60M | Scene, ViewLayer | Sample 0/8
Fra:1 Mem:52.63M (Peak 52.63M) | Time:00:00.13 | Remaining:00:00.87 | Mem:28.48M, Peak:28.48M | Scene, ViewLayer | Sample 1/8
Fra:1 Mem:64.57M (Peak 88.46M) | Time:00:00.96 | Mem:28.48M, Peak:28.48M | Scene, ViewLayer | Sample 8/8
Fra:1 Mem:64.57M (Peak 88.46M) | Time:00:00.96 | Mem:28.48M, Peak:28.48M | Scene, ViewLayer | Finished
Saved: '/workspace/scratch/a29d03198654/Aether/cloud-evidence/north-ridge62-recovery-v2-views-20261002T124732Z-ug2dijf_/outputs/62-1347.png'
Time: 00:01.12 (Saving: 00:00.15)

NORTH62_STAGE {"stage":"render.complete","pid":24,"elapsed_seconds":3.2552619469934143,"native_user_seconds":4.228208,"native_system_seconds":0.22606199999999999,"native_peak_rss_kib":503424,"view":"1347"}
NORTH62_STAGE {"stage":"native_terminal","pid":24,"elapsed_seconds":3.2635376019898104,"native_user_seconds":4.23206,"native_system_seconds":0.230214,"native_peak_rss_kib":503424,"passed":true,"state":"completed"}

Blender quit
