NORTH62_STAGE {"stage":"python_entry","pid":5,"elapsed_seconds":6.108000525273383e-05,"native_user_seconds":0.27949399999999996,"native_system_seconds":0.073333,"native_peak_rss_kib":282612}
NORTH62_STAGE {"stage":"arguments_checked","pid":5,"elapsed_seconds":0.08987626500311308,"native_user_seconds":0.339015,"native_system_seconds":0.07972,"native_peak_rss_kib":303716}
NORTH62_STAGE {"stage":"binding.read.begin","pid":5,"elapsed_seconds":0.09015339400502853,"native_user_seconds":0.33924299999999996,"native_system_seconds":0.079774,"native_peak_rss_kib":303716}
NORTH62_STAGE {"stage":"binding.read.complete","pid":5,"elapsed_seconds":0.21905893200892024,"native_user_seconds":0.463418,"native_system_seconds":0.083378,"native_peak_rss_kib":339300}
NORTH62_STAGE {"stage":"binding.validation.begin","pid":5,"elapsed_seconds":0.21942420001141727,"native_user_seconds":0.463733,"native_system_seconds":0.083435,"native_peak_rss_kib":339300}
NORTH62_STAGE {"stage":"binding.validation.complete","pid":5,"elapsed_seconds":0.5882071630039718,"native_user_seconds":0.796453,"native_system_seconds":0.118806,"native_peak_rss_kib":374996}
NORTH62_STAGE {"stage":"fresh_open.begin","pid":5,"elapsed_seconds":0.5885766480059829,"native_user_seconds":0.7967839999999999,"native_system_seconds":0.11885599999999999,"native_peak_rss_kib":374996}
NORTH62_STAGE {"stage":"fresh_open.complete","pid":5,"elapsed_seconds":0.5991862360097002,"native_user_seconds":0.803485,"native_system_seconds":0.122767,"native_peak_rss_kib":374996}
NORTH62_STAGE {"stage":"capture.begin","pid":5,"elapsed_seconds":0.5994952320033917,"native_user_seconds":0.8040299999999999,"native_system_seconds":0.12285,"native_peak_rss_kib":374996}
NORTH62_STAGE {"stage":"capture.mesh.begin","pid":5,"elapsed_seconds":0.5998397700022906,"native_user_seconds":0.8043629999999999,"native_system_seconds":0.122901,"native_peak_rss_kib":374996,"mesh":"R62_MASTER_EVALUATED","vertices":4326,"triangles":8192}
NORTH62_STAGE {"stage":"capture.mesh.complete","pid":5,"elapsed_seconds":0.6227730630052974,"native_user_seconds":0.829213,"native_system_seconds":0.122973,"native_peak_rss_kib":374996,"mesh":"R62_MASTER_EVALUATED"}
NORTH62_STAGE {"stage":"capture.mesh.begin","pid":5,"elapsed_seconds":0.6231590930110542,"native_user_seconds":0.829558,"native_system_seconds":0.123024,"native_peak_rss_kib":374996,"mesh":"R62_Ground_-4_-7","vertices":6144,"triangles":2048}
NORTH62_STAGE {"stage":"capture.mesh.complete","pid":5,"elapsed_seconds":0.68188197100244,"native_user_seconds":0.881413,"native_system_seconds":0.130519,"native_peak_rss_kib":377628,"mesh":"R62_Ground_-4_-7"}
NORTH62_STAGE {"stage":"capture.mesh.begin","pid":5,"elapsed_seconds":0.6822507450124249,"native_user_seconds":0.881863,"native_system_seconds":0.130586,"native_peak_rss_kib":377628,"mesh":"R62_Ground_-3_-7","vertices":6144,"triangles":2048}
NORTH62_STAGE {"stage":"capture.mesh.complete","pid":5,"elapsed_seconds":0.7007344060111791,"native_user_seconds":0.900702,"native_system_seconds":0.130974,"native_peak_rss_kib":393244,"mesh":"R62_Ground_-3_-7"}
NORTH62_STAGE {"stage":"capture.mesh.begin","pid":5,"elapsed_seconds":0.7010809070052346,"native_user_seconds":0.901094,"native_system_seconds":0.13103099999999998,"native_peak_rss_kib":393244,"mesh":"R62_Ground_-4_-6","vertices":6058,"triangles":2048}
NORTH62_STAGE {"stage":"capture.mesh.complete","pid":5,"elapsed_seconds":0.7734748380025849,"native_user_seconds":0.970171,"native_system_seconds":0.135186,"native_peak_rss_kib":409116,"mesh":"R62_Ground_-4_-6"}
NORTH62_STAGE {"stage":"capture.mesh.begin","pid":5,"elapsed_seconds":0.7739074460114352,"native_user_seconds":0.970559,"native_system_seconds":0.13524,"native_peak_rss_kib":409116,"mesh":"R62_Ground_-3_-6","vertices":6009,"triangles":2048}
NORTH62_STAGE {"stage":"capture.mesh.complete","pid":5,"elapsed_seconds":0.7911994489986682,"native_user_seconds":0.9885919999999999,"native_system_seconds":0.135461,"native_peak_rss_kib":424860,"mesh":"R62_Ground_-3_-6"}
NORTH62_STAGE {"stage":"capture.complete","pid":5,"elapsed_seconds":0.802653602004284,"native_user_seconds":1.000019,"native_system_seconds":0.135461,"native_peak_rss_kib":435484}
NORTH62_STAGE {"stage":"raw.persisted","pid":5,"elapsed_seconds":1.1902002190036,"native_user_seconds":1.3618540000000001,"native_system_seconds":0.159241,"native_peak_rss_kib":463620,"sha256":"c941a75a43a5c4f88d4083c403cb9f3219752c49056405bed66840803b0f629b","bytes":14837932}
NORTH62_STAGE {"stage":"validation.begin","pid":5,"elapsed_seconds":1.1998546680115396,"native_user_seconds":1.371359,"native_system_seconds":0.15939399999999998,"native_peak_rss_kib":463620}
NORTH62_STAGE {"stage":"validation.complete","pid":5,"elapsed_seconds":2.0952047150058206,"native_user_seconds":2.2384209999999998,"native_system_seconds":0.18726199999999998,"native_peak_rss_kib":484872}
NORTH62_STAGE {"stage":"render.begin","pid":5,"elapsed_seconds":2.0957268250058405,"native_user_seconds":2.238914,"native_system_seconds":0.187303,"native_peak_rss_kib":484872,"view":"1131"}
Blender 4.5.14 LTS (hash 62c1db4208e8 built 2026-09-15 01:31:19)
Read blend: "/workspace/scratch/a29d03198654/Aether/source-assets/north-ridge62-authoring/recovery-v2/north-ridge62.blend"
Fra:1 Mem:23.32M (Peak 23.32M) | Time:00:00.00 | Mem:0.00M, Peak:0.00M | Scene, ViewLayer | Synchronizing object | R62_Ground_-4_-7
Fra:1 Mem:23.33M (Peak 23.33M) | Time:00:00.00 | Mem:0.00M, Peak:0.00M | Scene, ViewLayer | Synchronizing object | R62 neutral key
Fra:1 Mem:23.35M (Peak 23.35M) | Time:00:00.00 | Mem:0.00M, Peak:0.00M | Scene, ViewLayer | Synchronizing object | R62_Ground_-3_-6
Fra:1 Mem:24.24M (Peak 24.24M) | Time:00:00.00 | Mem:0.00M, Peak:0.00M | Scene, ViewLayer | Synchronizing object | R62_Ground_-4_-6
Fra:1 Mem:24.24M (Peak 24.24M) | Time:00:00.00 | Mem:0.00M, Peak:0.00M | Scene, ViewLayer | Synchronizing object | R62_Ground_-3_-7
Fra:1 Mem:25.16M (Peak 25.16M) | Time:00:00.00 | Mem:0.00M, Peak:0.00M | Scene, ViewLayer | Initializing
Fra:1 Mem:24.68M (Peak 25.16M) | Time:00:00.00 | Mem:0.00M, Peak:0.00M | Scene, ViewLayer | Waiting for render to start
Fra:1 Mem:24.68M (Peak 25.16M) | Time:00:00.00 | Mem:0.00M, Peak:0.00M | Scene, ViewLayer | Updating Scene
Fra:1 Mem:24.68M (Peak 25.16M) | Time:00:00.00 | Mem:0.00M, Peak:0.00M | Scene, ViewLayer | Updating Shaders
Fra:1 Mem:24.68M (Peak 25.16M) | Time:00:00.00 | Mem:0.00M, Peak:0.00M | Scene, ViewLayer | Loading render kernels (may take a few minutes the first time)
Fra:1 Mem:24.76M (Peak 25.16M) | Time:00:00.00 | Mem:0.00M, Peak:0.00M | Scene, ViewLayer | Updating Procedurals
Fra:1 Mem:24.76M (Peak 25.16M) | Time:00:00.00 | Mem:0.00M, Peak:0.00M | Scene, ViewLayer | Updating Background
Fra:1 Mem:24.76M (Peak 25.16M) | Time:00:00.00 | Mem:0.00M, Peak:0.00M | Scene, ViewLayer | Updating Camera
Fra:1 Mem:24.76M (Peak 25.16M) | Time:00:00.00 | Mem:0.00M, Peak:0.00M | Scene, ViewLayer | Updating Meshes Flags
Fra:1 Mem:24.76M (Peak 25.16M) | Time:00:00.00 | Mem:0.00M, Peak:0.00M | Scene, ViewLayer | Updating Objects
Fra:1 Mem:24.76M (Peak 25.16M) | Time:00:00.00 | Mem:0.00M, Peak:0.00M | Scene, ViewLayer | Updating Objects | Copying Transformations to device
Fra:1 Mem:24.76M (Peak 25.16M) | Time:00:00.00 | Mem:0.00M, Peak:0.00M | Scene, ViewLayer | Updating Particle Systems
Fra:1 Mem:24.76M (Peak 25.16M) | Time:00:00.00 | Mem:0.00M, Peak:0.00M | Scene, ViewLayer | Updating Particle Systems | Copying Particles to device
Fra:1 Mem:24.76M (Peak 25.16M) | Time:00:00.00 | Mem:0.00M, Peak:0.00M | Scene, ViewLayer | Updating Meshes
Fra:1 Mem:24.76M (Peak 25.16M) | Time:00:00.00 | Mem:0.00M, Peak:0.00M | Scene, ViewLayer | Updating Objects | Applying Static Transformations
Fra:1 Mem:24.76M (Peak 25.16M) | Time:00:00.00 | Mem:0.00M, Peak:0.00M | Scene, ViewLayer | Updating Mesh | Computing attributes
Fra:1 Mem:25.04M (Peak 25.16M) | Time:00:00.00 | Mem:0.00M, Peak:0.00M | Scene, ViewLayer | Updating Mesh | Copying Attributes to device
Fra:1 Mem:25.04M (Peak 25.16M) | Time:00:00.00 | Mem:0.28M, Peak:0.28M | Scene, ViewLayer | Updating Scene BVH | Building
Fra:1 Mem:25.04M (Peak 25.16M) | Time:00:00.00 | Mem:0.28M, Peak:0.28M | Scene, ViewLayer | Updating Scene BVH | Building BVH
Fra:1 Mem:25.04M (Peak 25.16M) | Time:00:00.00 | Mem:0.53M, Peak:0.53M | Scene, ViewLayer | Updating Scene BVH | Building BVH 0%
Fra:1 Mem:25.04M (Peak 25.16M) | Time:00:00.01 | Mem:0.83M, Peak:1.08M | Scene, ViewLayer | Updating Scene BVH | Copying BVH to device
Fra:1 Mem:25.04M (Peak 25.16M) | Time:00:00.01 | Mem:0.83M, Peak:1.08M | Scene, ViewLayer | Updating Mesh | Computing normals
Fra:1 Mem:25.72M (Peak 25.72M) | Time:00:00.01 | Mem:0.83M, Peak:1.08M | Scene, ViewLayer | Updating Mesh | Copying Mesh to device
Fra:1 Mem:25.72M (Peak 25.72M) | Time:00:00.01 | Mem:1.52M, Peak:1.52M | Scene, ViewLayer | Updating Objects Flags
Fra:1 Mem:25.72M (Peak 25.72M) | Time:00:00.01 | Mem:1.52M, Peak:1.52M | Scene, ViewLayer | Updating Primitive Offsets
Fra:1 Mem:25.72M (Peak 25.72M) | Time:00:00.01 | Mem:1.52M, Peak:1.52M | Scene, ViewLayer | Updating Images
Fra:1 Mem:25.72M (Peak 25.72M) | Time:00:00.01 | Mem:1.52M, Peak:1.52M | Scene, ViewLayer | Updating Camera Volume
Fra:1 Mem:25.72M (Peak 25.72M) | Time:00:00.01 | Mem:1.52M, Peak:1.52M | Scene, ViewLayer | Updating Lookup Tables
Fra:1 Mem:25.72M (Peak 25.72M) | Time:00:00.01 | Mem:1.60M, Peak:1.60M | Scene, ViewLayer | Updating Lights
Fra:1 Mem:25.72M (Peak 25.72M) | Time:00:00.01 | Mem:1.60M, Peak:1.60M | Scene, ViewLayer | Updating Lights | Computing tree
Fra:1 Mem:25.72M (Peak 25.72M) | Time:00:00.01 | Mem:1.60M, Peak:1.60M | Scene, ViewLayer | Updating Integrator
Fra:1 Mem:25.72M (Peak 25.72M) | Time:00:00.01 | Mem:1.60M, Peak:1.60M | Scene, ViewLayer | Updating Film
Fra:1 Mem:25.73M (Peak 25.73M) | Time:00:00.01 | Mem:1.52M, Peak:1.60M | Scene, ViewLayer | Updating Lookup Tables
Fra:1 Mem:25.73M (Peak 25.73M) | Time:00:00.01 | Mem:1.60M, Peak:1.60M | Scene, ViewLayer | Updating Baking
Fra:1 Mem:25.73M (Peak 25.73M) | Time:00:00.01 | Mem:1.60M, Peak:1.60M | Scene, ViewLayer | Updating Device | Writing constant memory
Fra:1 Mem:25.73M (Peak 25.73M) | Time:00:00.01 | Mem:1.60M, Peak:1.60M | Scene, ViewLayer | Sample 0/8
Fra:1 Mem:52.63M (Peak 52.63M) | Time:00:00.12 | Remaining:00:00.80 | Mem:28.48M, Peak:28.48M | Scene, ViewLayer | Sample 1/8
Fra:1 Mem:64.57M (Peak 88.46M) | Time:00:00.92 | Mem:28.48M, Peak:28.48M | Scene, ViewLayer | Sample 8/8
Fra:1 Mem:64.57M (Peak 88.46M) | Time:00:00.92 | Mem:28.48M, Peak:28.48M | Scene, ViewLayer | Finished
Saved: '/workspace/scratch/a29d03198654/Aether/cloud-evidence/north-ridge62-recovery-v2-views-20261002T124732Z-ug2dijf_/outputs/62-1131.png'
Time: 00:01.08 (Saving: 00:00.15)

NORTH62_STAGE {"stage":"render.complete","pid":5,"elapsed_seconds":3.1858719709998695,"native_user_seconds":4.159802,"native_system_seconds":0.235614,"native_peak_rss_kib":503744,"view":"1131"}
NORTH62_STAGE {"stage":"native_terminal","pid":5,"elapsed_seconds":3.194720131010399,"native_user_seconds":4.16858,"native_system_seconds":0.23568,"native_peak_rss_kib":503744,"passed":true,"state":"completed"}

Blender quit
