NORTH62_STAGE {"stage":"python_entry","pid":43,"elapsed_seconds":6.487598875537515e-05,"native_user_seconds":0.26420499999999997,"native_system_seconds":0.040712,"native_peak_rss_kib":283088}
NORTH62_STAGE {"stage":"arguments_checked","pid":43,"elapsed_seconds":0.061412990995449945,"native_user_seconds":0.32204499999999997,"native_system_seconds":0.04417,"native_peak_rss_kib":304104}
NORTH62_STAGE {"stage":"binding.read.begin","pid":43,"elapsed_seconds":0.06173513599787839,"native_user_seconds":0.322333,"native_system_seconds":0.04421,"native_peak_rss_kib":304104}
NORTH62_STAGE {"stage":"binding.read.complete","pid":43,"elapsed_seconds":0.19538959898636676,"native_user_seconds":0.44422,"native_system_seconds":0.055947,"native_peak_rss_kib":339688}
NORTH62_STAGE {"stage":"binding.validation.begin","pid":43,"elapsed_seconds":0.19588255599956028,"native_user_seconds":0.444665,"native_system_seconds":0.056003,"native_peak_rss_kib":339688}
NORTH62_STAGE {"stage":"binding.validation.complete","pid":43,"elapsed_seconds":0.5926714059896767,"native_user_seconds":0.8205319999999999,"native_system_seconds":0.076726,"native_peak_rss_kib":376624}
NORTH62_STAGE {"stage":"fresh_open.begin","pid":43,"elapsed_seconds":0.5930562039866345,"native_user_seconds":0.8208909999999999,"native_system_seconds":0.07676,"native_peak_rss_kib":376624}
NORTH62_STAGE {"stage":"fresh_open.complete","pid":43,"elapsed_seconds":0.6040539729874581,"native_user_seconds":0.827765,"native_system_seconds":0.081135,"native_peak_rss_kib":376624}
NORTH62_STAGE {"stage":"capture.begin","pid":43,"elapsed_seconds":0.6044570169906365,"native_user_seconds":0.827765,"native_system_seconds":0.081949,"native_peak_rss_kib":376624}
NORTH62_STAGE {"stage":"capture.mesh.begin","pid":43,"elapsed_seconds":0.6050500819983426,"native_user_seconds":0.827765,"native_system_seconds":0.083115,"native_peak_rss_kib":376624,"mesh":"R62_MASTER_EVALUATED","vertices":4326,"triangles":8192}
NORTH62_STAGE {"stage":"capture.mesh.complete","pid":43,"elapsed_seconds":0.6301125939935446,"native_user_seconds":0.848194,"native_system_seconds":0.08936,"native_peak_rss_kib":376624,"mesh":"R62_MASTER_EVALUATED"}
NORTH62_STAGE {"stage":"capture.mesh.begin","pid":43,"elapsed_seconds":0.6305201849900186,"native_user_seconds":0.848572,"native_system_seconds":0.0894,"native_peak_rss_kib":376624,"mesh":"R62_Ground_-4_-7","vertices":6144,"triangles":2048}
NORTH62_STAGE {"stage":"capture.mesh.complete","pid":43,"elapsed_seconds":0.6959584629948949,"native_user_seconds":0.9065679999999999,"native_system_seconds":0.097698,"native_peak_rss_kib":378000,"mesh":"R62_Ground_-4_-7"}
NORTH62_STAGE {"stage":"capture.mesh.begin","pid":43,"elapsed_seconds":0.6964659209916135,"native_user_seconds":0.9065679999999999,"native_system_seconds":0.098384,"native_peak_rss_kib":378000,"mesh":"R62_Ground_-3_-7","vertices":6144,"triangles":2048}
NORTH62_STAGE {"stage":"capture.mesh.complete","pid":43,"elapsed_seconds":0.7172189169941703,"native_user_seconds":0.917404,"native_system_seconds":0.109222,"native_peak_rss_kib":393616,"mesh":"R62_Ground_-3_-7"}
NORTH62_STAGE {"stage":"capture.mesh.begin","pid":43,"elapsed_seconds":0.717864769991138,"native_user_seconds":0.9180149999999999,"native_system_seconds":0.10929499999999999,"native_peak_rss_kib":393616,"mesh":"R62_Ground_-4_-6","vertices":6058,"triangles":2048}
NORTH62_STAGE {"stage":"capture.mesh.complete","pid":43,"elapsed_seconds":0.7954467769886833,"native_user_seconds":0.988938,"native_system_seconds":0.117043,"native_peak_rss_kib":409616,"mesh":"R62_Ground_-4_-6"}
NORTH62_STAGE {"stage":"capture.mesh.begin","pid":43,"elapsed_seconds":0.7958851029979996,"native_user_seconds":0.9893379999999999,"native_system_seconds":0.11709,"native_peak_rss_kib":409616,"mesh":"R62_Ground_-3_-6","vertices":6009,"triangles":2048}
NORTH62_STAGE {"stage":"capture.mesh.complete","pid":43,"elapsed_seconds":0.816052245994797,"native_user_seconds":0.9972099999999999,"native_system_seconds":0.129717,"native_peak_rss_kib":425232,"mesh":"R62_Ground_-3_-6"}
NORTH62_STAGE {"stage":"capture.complete","pid":43,"elapsed_seconds":0.8289826749969507,"native_user_seconds":1.006746,"native_system_seconds":0.13308799999999998,"native_peak_rss_kib":435856}
NORTH62_STAGE {"stage":"raw.persisted","pid":43,"elapsed_seconds":1.3206557239900576,"native_user_seconds":1.429643,"native_system_seconds":0.199589,"native_peak_rss_kib":464008,"sha256":"e83818f60beb5e5a5079da08f3a160f2e4d233d2d47aa547d61346fdb93e9d4c","bytes":14837933}
NORTH62_STAGE {"stage":"validation.begin","pid":43,"elapsed_seconds":1.3310426429961808,"native_user_seconds":1.4398,"native_system_seconds":0.199813,"native_peak_rss_kib":464008}
NORTH62_STAGE {"stage":"validation.complete","pid":43,"elapsed_seconds":2.321057146997191,"native_user_seconds":2.402244,"native_system_seconds":0.227844,"native_peak_rss_kib":482124}
NORTH62_STAGE {"stage":"render.begin","pid":43,"elapsed_seconds":2.3215186879970133,"native_user_seconds":2.402675,"native_system_seconds":0.22788499999999998,"native_peak_rss_kib":482124,"view":"side"}
Blender 4.5.14 LTS (hash 62c1db4208e8 built 2026-09-15 01:31:19)
Read blend: "/workspace/scratch/a29d03198654/Aether/source-assets/north-ridge62-authoring/recovery-v2/north-ridge62.blend"
Fra:1 Mem:23.32M (Peak 23.32M) | Time:00:00.00 | Mem:0.00M, Peak:0.00M | Scene, ViewLayer | Synchronizing object | R62_Ground_-4_-7
Fra:1 Mem:23.32M (Peak 23.32M) | Time:00:00.00 | Mem:0.00M, Peak:0.00M | Scene, ViewLayer | Synchronizing object | R62 neutral key
Fra:1 Mem:23.33M (Peak 23.33M) | Time:00:00.00 | Mem:0.00M, Peak:0.00M | Scene, ViewLayer | Synchronizing object | R62_Ground_-3_-6
Fra:1 Mem:24.33M (Peak 24.33M) | Time:00:00.00 | Mem:0.00M, Peak:0.00M | Scene, ViewLayer | Synchronizing object | R62_Ground_-3_-7
Fra:1 Mem:24.36M (Peak 24.36M) | Time:00:00.00 | Mem:0.00M, Peak:0.00M | Scene, ViewLayer | Synchronizing object | R62_Ground_-4_-6
Fra:1 Mem:25.16M (Peak 25.16M) | Time:00:00.00 | Mem:0.00M, Peak:0.00M | Scene, ViewLayer | Initializing
Fra:1 Mem:24.68M (Peak 25.16M) | Time:00:00.00 | Mem:0.00M, Peak:0.00M | Scene, ViewLayer | Waiting for render to start
Fra:1 Mem:24.68M (Peak 25.16M) | Time:00:00.00 | Mem:0.00M, Peak:0.00M | Scene, ViewLayer | Updating Scene
Fra:1 Mem:24.68M (Peak 25.16M) | Time:00:00.00 | Mem:0.00M, Peak:0.00M | Scene, ViewLayer | Updating Shaders
Fra:1 Mem:24.68M (Peak 25.16M) | Time:00:00.00 | Mem:0.00M, Peak:0.00M | Scene, ViewLayer | Loading render kernels (may take a few minutes the first time)
Fra:1 Mem:24.76M (Peak 25.16M) | Time:00:00.00 | Mem:0.00M, Peak:0.00M | Scene, ViewLayer | Updating Procedurals
Fra:1 Mem:24.76M (Peak 25.16M) | Time:00:00.00 | Mem:0.00M, Peak:0.00M | Scene, ViewLayer | Updating Background
Fra:1 Mem:24.76M (Peak 25.16M) | Time:00:00.00 | Mem:0.00M, Peak:0.00M | Scene, ViewLayer | Updating Camera
Fra:1 Mem:24.76M (Peak 25.16M) | Time:00:00.00 | Mem:0.00M, Peak:0.00M | Scene, ViewLayer | Updating Meshes Flags
Fra:1 Mem:24.76M (Peak 25.16M) | Time:00:00.00 | Mem:0.00M, Peak:0.00M | Scene, ViewLayer | Updating Objects
Fra:1 Mem:24.76M (Peak 25.16M) | Time:00:00.00 | Mem:0.00M, Peak:0.00M | Scene, ViewLayer | Updating Objects | Copying Transformations to device
Fra:1 Mem:24.76M (Peak 25.16M) | Time:00:00.00 | Mem:0.00M, Peak:0.00M | Scene, ViewLayer | Updating Particle Systems
Fra:1 Mem:24.76M (Peak 25.16M) | Time:00:00.00 | Mem:0.00M, Peak:0.00M | Scene, ViewLayer | Updating Particle Systems | Copying Particles to device
Fra:1 Mem:24.76M (Peak 25.16M) | Time:00:00.00 | Mem:0.00M, Peak:0.00M | Scene, ViewLayer | Updating Meshes
Fra:1 Mem:24.76M (Peak 25.16M) | Time:00:00.00 | Mem:0.00M, Peak:0.00M | Scene, ViewLayer | Updating Objects | Applying Static Transformations
Fra:1 Mem:24.76M (Peak 25.16M) | Time:00:00.00 | Mem:0.00M, Peak:0.00M | Scene, ViewLayer | Updating Mesh | Computing attributes
Fra:1 Mem:25.04M (Peak 25.16M) | Time:00:00.00 | Mem:0.00M, Peak:0.00M | Scene, ViewLayer | Updating Mesh | Copying Attributes to device
Fra:1 Mem:25.04M (Peak 25.16M) | Time:00:00.00 | Mem:0.28M, Peak:0.28M | Scene, ViewLayer | Updating Scene BVH | Building
Fra:1 Mem:25.04M (Peak 25.16M) | Time:00:00.00 | Mem:0.28M, Peak:0.28M | Scene, ViewLayer | Updating Scene BVH | Building BVH
Fra:1 Mem:25.04M (Peak 25.16M) | Time:00:00.00 | Mem:0.53M, Peak:0.53M | Scene, ViewLayer | Updating Scene BVH | Building BVH 0%
Fra:1 Mem:25.04M (Peak 25.16M) | Time:00:00.00 | Mem:0.83M, Peak:1.08M | Scene, ViewLayer | Updating Scene BVH | Copying BVH to device
Fra:1 Mem:25.04M (Peak 25.16M) | Time:00:00.00 | Mem:0.83M, Peak:1.08M | Scene, ViewLayer | Updating Mesh | Computing normals
Fra:1 Mem:25.72M (Peak 25.72M) | Time:00:00.00 | Mem:0.83M, Peak:1.08M | Scene, ViewLayer | Updating Mesh | Copying Mesh to device
Fra:1 Mem:25.72M (Peak 25.72M) | Time:00:00.00 | Mem:1.52M, Peak:1.52M | Scene, ViewLayer | Updating Objects Flags
Fra:1 Mem:25.72M (Peak 25.72M) | Time:00:00.00 | Mem:1.52M, Peak:1.52M | Scene, ViewLayer | Updating Primitive Offsets
Fra:1 Mem:25.72M (Peak 25.72M) | Time:00:00.00 | Mem:1.52M, Peak:1.52M | Scene, ViewLayer | Updating Images
Fra:1 Mem:25.72M (Peak 25.72M) | Time:00:00.00 | Mem:1.52M, Peak:1.52M | Scene, ViewLayer | Updating Camera Volume
Fra:1 Mem:25.72M (Peak 25.72M) | Time:00:00.00 | Mem:1.52M, Peak:1.52M | Scene, ViewLayer | Updating Lookup Tables
Fra:1 Mem:25.72M (Peak 25.72M) | Time:00:00.00 | Mem:1.60M, Peak:1.60M | Scene, ViewLayer | Updating Lights
Fra:1 Mem:25.72M (Peak 25.72M) | Time:00:00.00 | Mem:1.60M, Peak:1.60M | Scene, ViewLayer | Updating Lights | Computing tree
Fra:1 Mem:25.72M (Peak 25.72M) | Time:00:00.00 | Mem:1.60M, Peak:1.60M | Scene, ViewLayer | Updating Integrator
Fra:1 Mem:25.72M (Peak 25.72M) | Time:00:00.00 | Mem:1.60M, Peak:1.60M | Scene, ViewLayer | Updating Film
Fra:1 Mem:25.73M (Peak 25.73M) | Time:00:00.00 | Mem:1.52M, Peak:1.60M | Scene, ViewLayer | Updating Lookup Tables
Fra:1 Mem:25.73M (Peak 25.73M) | Time:00:00.00 | Mem:1.60M, Peak:1.60M | Scene, ViewLayer | Updating Baking
Fra:1 Mem:25.73M (Peak 25.73M) | Time:00:00.00 | Mem:1.60M, Peak:1.60M | Scene, ViewLayer | Updating Device | Writing constant memory
Fra:1 Mem:25.73M (Peak 25.73M) | Time:00:00.00 | Mem:1.60M, Peak:1.60M | Scene, ViewLayer | Sample 0/8
Fra:1 Mem:52.63M (Peak 52.63M) | Time:00:00.36 | Remaining:00:02.50 | Mem:28.48M, Peak:28.48M | Scene, ViewLayer | Sample 1/8
Fra:1 Mem:64.57M (Peak 88.46M) | Time:00:02.49 | Mem:28.48M, Peak:28.48M | Scene, ViewLayer | Sample 8/8
Fra:1 Mem:64.57M (Peak 88.46M) | Time:00:02.49 | Mem:28.48M, Peak:28.48M | Scene, ViewLayer | Finished
Saved: '/workspace/scratch/a29d03198654/Aether/cloud-evidence/north-ridge62-recovery-v2-views-20261002T124732Z-ug2dijf_/outputs/62-side.png'
Time: 00:02.67 (Saving: 00:00.17)

NORTH62_STAGE {"stage":"render.complete","pid":43,"elapsed_seconds":4.997828887993819,"native_user_seconds":7.499843,"native_system_seconds":0.25207399999999996,"native_peak_rss_kib":503356,"view":"side"}
NORTH62_STAGE {"stage":"native_terminal","pid":43,"elapsed_seconds":5.006386848996044,"native_user_seconds":7.50435,"native_system_seconds":0.256084,"native_peak_rss_kib":503356,"passed":true,"state":"completed"}

Blender quit
