NORTH62_STAGE {"stage":"python_entry","pid":62,"elapsed_seconds":6.219100032467395e-05,"native_user_seconds":0.25368199999999996,"native_system_seconds":0.036515,"native_peak_rss_kib":282664}
NORTH62_STAGE {"stage":"arguments_checked","pid":62,"elapsed_seconds":0.05741672699514311,"native_user_seconds":0.306805,"native_system_seconds":0.040736,"native_peak_rss_kib":303592}
NORTH62_STAGE {"stage":"binding.read.begin","pid":62,"elapsed_seconds":0.05787308000435587,"native_user_seconds":0.30721499999999996,"native_system_seconds":0.04079,"native_peak_rss_kib":303592}
NORTH62_STAGE {"stage":"binding.read.complete","pid":62,"elapsed_seconds":0.1989067550020991,"native_user_seconds":0.435936,"native_system_seconds":0.050237,"native_peak_rss_kib":339176}
NORTH62_STAGE {"stage":"binding.validation.begin","pid":62,"elapsed_seconds":0.19933950300037395,"native_user_seconds":0.435936,"native_system_seconds":0.050678999999999995,"native_peak_rss_kib":339176}
NORTH62_STAGE {"stage":"binding.validation.complete","pid":62,"elapsed_seconds":0.595341924999957,"native_user_seconds":0.8082349999999999,"native_system_seconds":0.074172,"native_peak_rss_kib":376120}
NORTH62_STAGE {"stage":"fresh_open.begin","pid":62,"elapsed_seconds":0.5958603100007167,"native_user_seconds":0.80872,"native_system_seconds":0.07421699999999999,"native_peak_rss_kib":376120}
NORTH62_STAGE {"stage":"fresh_open.complete","pid":62,"elapsed_seconds":0.6067588540026918,"native_user_seconds":0.815373,"native_system_seconds":0.07869899999999999,"native_peak_rss_kib":376120}
NORTH62_STAGE {"stage":"capture.begin","pid":62,"elapsed_seconds":0.6070678300020518,"native_user_seconds":0.815948,"native_system_seconds":0.07875499999999999,"native_peak_rss_kib":376120}
NORTH62_STAGE {"stage":"capture.mesh.begin","pid":62,"elapsed_seconds":0.6073518379998859,"native_user_seconds":0.816375,"native_system_seconds":0.07875499999999999,"native_peak_rss_kib":376120,"mesh":"R62_MASTER_EVALUATED","vertices":4326,"triangles":8192}
NORTH62_STAGE {"stage":"capture.mesh.complete","pid":62,"elapsed_seconds":0.6326913730008528,"native_user_seconds":0.8411909999999999,"native_system_seconds":0.081125,"native_peak_rss_kib":376120,"mesh":"R62_MASTER_EVALUATED"}
NORTH62_STAGE {"stage":"capture.mesh.begin","pid":62,"elapsed_seconds":0.6331093799963128,"native_user_seconds":0.8415819999999999,"native_system_seconds":0.081162,"native_peak_rss_kib":376120,"mesh":"R62_Ground_-4_-7","vertices":6144,"triangles":2048}
NORTH62_STAGE {"stage":"capture.mesh.complete","pid":62,"elapsed_seconds":0.6900357429985888,"native_user_seconds":0.895099,"native_system_seconds":0.085225,"native_peak_rss_kib":377636,"mesh":"R62_Ground_-4_-7"}
NORTH62_STAGE {"stage":"capture.mesh.begin","pid":62,"elapsed_seconds":0.6904288429941516,"native_user_seconds":0.895733,"native_system_seconds":0.085286,"native_peak_rss_kib":377636,"mesh":"R62_Ground_-3_-7","vertices":6144,"triangles":2048}
NORTH62_STAGE {"stage":"capture.mesh.complete","pid":62,"elapsed_seconds":0.7089451530046063,"native_user_seconds":0.91089,"native_system_seconds":0.089346,"native_peak_rss_kib":393124,"mesh":"R62_Ground_-3_-7"}
NORTH62_STAGE {"stage":"capture.mesh.begin","pid":62,"elapsed_seconds":0.7093639209924731,"native_user_seconds":0.911419,"native_system_seconds":0.08939799999999999,"native_peak_rss_kib":393124,"mesh":"R62_Ground_-4_-6","vertices":6058,"triangles":2048}
NORTH62_STAGE {"stage":"capture.mesh.complete","pid":62,"elapsed_seconds":0.7797720189992106,"native_user_seconds":0.970965,"native_system_seconds":0.10112,"native_peak_rss_kib":409252,"mesh":"R62_Ground_-4_-6"}
NORTH62_STAGE {"stage":"capture.mesh.begin","pid":62,"elapsed_seconds":0.7802123180008493,"native_user_seconds":0.97137,"native_system_seconds":0.101162,"native_peak_rss_kib":409252,"mesh":"R62_Ground_-3_-6","vertices":6009,"triangles":2048}
NORTH62_STAGE {"stage":"capture.mesh.complete","pid":62,"elapsed_seconds":0.8000379599980079,"native_user_seconds":0.983873,"native_system_seconds":0.109417,"native_peak_rss_kib":424868,"mesh":"R62_Ground_-3_-6"}
NORTH62_STAGE {"stage":"capture.complete","pid":62,"elapsed_seconds":0.812077077003778,"native_user_seconds":0.991833,"native_system_seconds":0.11348499999999999,"native_peak_rss_kib":435492}
NORTH62_STAGE {"stage":"raw.persisted","pid":62,"elapsed_seconds":1.2105716549995122,"native_user_seconds":1.361738,"native_system_seconds":0.141893,"native_peak_rss_kib":463568,"sha256":"f76132a8b18a4692da1183fb44094105bc9d24244dd265fe1674b91cfc8a2366","bytes":14837933}
NORTH62_STAGE {"stage":"validation.begin","pid":62,"elapsed_seconds":1.220546356998966,"native_user_seconds":1.371702,"native_system_seconds":0.141893,"native_peak_rss_kib":463568}
NORTH62_STAGE {"stage":"validation.complete","pid":62,"elapsed_seconds":2.1017936379939783,"native_user_seconds":2.234194,"native_system_seconds":0.160475,"native_peak_rss_kib":484824}
NORTH62_STAGE {"stage":"render.begin","pid":62,"elapsed_seconds":2.1022431509918533,"native_user_seconds":2.234623,"native_system_seconds":0.16050599999999998,"native_peak_rss_kib":484824,"view":"back"}
Blender 4.5.14 LTS (hash 62c1db4208e8 built 2026-09-15 01:31:19)
Read blend: "/workspace/scratch/a29d03198654/Aether/source-assets/north-ridge62-authoring/recovery-v2/north-ridge62.blend"
Fra:1 Mem:23.32M (Peak 23.32M) | Time:00:00.00 | Mem:0.00M, Peak:0.00M | Scene, ViewLayer | Synchronizing object | R62_Ground_-4_-7
Fra:1 Mem:23.32M (Peak 23.32M) | Time:00:00.00 | Mem:0.00M, Peak:0.00M | Scene, ViewLayer | Synchronizing object | R62 neutral key
Fra:1 Mem:23.35M (Peak 23.35M) | Time:00:00.00 | Mem:0.00M, Peak:0.00M | Scene, ViewLayer | Synchronizing object | R62_Ground_-3_-6
Fra:1 Mem:24.24M (Peak 24.24M) | Time:00:00.00 | Mem:0.00M, Peak:0.00M | Scene, ViewLayer | Synchronizing object | R62_Ground_-3_-7
Fra:1 Mem:24.27M (Peak 24.27M) | Time:00:00.00 | Mem:0.00M, Peak:0.00M | Scene, ViewLayer | Synchronizing object | R62_Ground_-4_-6
Fra:1 Mem:25.16M (Peak 25.16M) | Time:00:00.00 | Mem:0.00M, Peak:0.00M | Scene, ViewLayer | Initializing
Fra:1 Mem:24.68M (Peak 25.16M) | Time:00:00.00 | Mem:0.00M, Peak:0.00M | Scene, ViewLayer | Waiting for render to start
Fra:1 Mem:24.68M (Peak 25.16M) | Time:00:00.00 | Mem:0.00M, Peak:0.00M | Scene, ViewLayer | Updating Scene
Fra:1 Mem:24.68M (Peak 25.16M) | Time:00:00.00 | Mem:0.00M, Peak:0.00M | Scene, ViewLayer | Updating Shaders
Fra:1 Mem:24.68M (Peak 25.16M) | Time:00:00.00 | Mem:0.00M, Peak:0.00M | Scene, ViewLayer | Loading render kernels (may take a few minutes the first time)
Fra:1 Mem:24.76M (Peak 25.16M) | Time:00:00.00 | Mem:0.00M, Peak:0.00M | Scene, ViewLayer | Updating Procedurals
Fra:1 Mem:24.76M (Peak 25.16M) | Time:00:00.00 | Mem:0.00M, Peak:0.00M | Scene, ViewLayer | Updating Background
Fra:1 Mem:24.76M (Peak 25.16M) | Time:00:00.00 | Mem:0.00M, Peak:0.00M | Scene, ViewLayer | Updating Camera
Fra:1 Mem:24.76M (Peak 25.16M) | Time:00:00.00 | Mem:0.00M, Peak:0.00M | Scene, ViewLayer | Updating Meshes Flags
Fra:1 Mem:24.76M (Peak 25.16M) | Time:00:00.00 | Mem:0.00M, Peak:0.00M | Scene, ViewLayer | Updating Objects
Fra:1 Mem:24.76M (Peak 25.16M) | Time:00:00.00 | Mem:0.00M, Peak:0.00M | Scene, ViewLayer | Updating Objects | Copying Transformations to device
Fra:1 Mem:24.76M (Peak 25.16M) | Time:00:00.00 | Mem:0.00M, Peak:0.00M | Scene, ViewLayer | Updating Particle Systems
Fra:1 Mem:24.76M (Peak 25.16M) | Time:00:00.00 | Mem:0.00M, Peak:0.00M | Scene, ViewLayer | Updating Particle Systems | Copying Particles to device
Fra:1 Mem:24.76M (Peak 25.16M) | Time:00:00.00 | Mem:0.00M, Peak:0.00M | Scene, ViewLayer | Updating Meshes
Fra:1 Mem:24.76M (Peak 25.16M) | Time:00:00.00 | Mem:0.00M, Peak:0.00M | Scene, ViewLayer | Updating Objects | Applying Static Transformations
Fra:1 Mem:24.76M (Peak 25.16M) | Time:00:00.00 | Mem:0.00M, Peak:0.00M | Scene, ViewLayer | Updating Mesh | Computing attributes
Fra:1 Mem:25.04M (Peak 25.16M) | Time:00:00.00 | Mem:0.00M, Peak:0.00M | Scene, ViewLayer | Updating Mesh | Copying Attributes to device
Fra:1 Mem:25.04M (Peak 25.16M) | Time:00:00.00 | Mem:0.28M, Peak:0.28M | Scene, ViewLayer | Updating Scene BVH | Building
Fra:1 Mem:25.04M (Peak 25.16M) | Time:00:00.00 | Mem:0.28M, Peak:0.28M | Scene, ViewLayer | Updating Scene BVH | Building BVH
Fra:1 Mem:25.04M (Peak 25.16M) | Time:00:00.00 | Mem:0.53M, Peak:0.53M | Scene, ViewLayer | Updating Scene BVH | Building BVH 0%
Fra:1 Mem:25.04M (Peak 25.16M) | Time:00:00.00 | Mem:0.83M, Peak:1.08M | Scene, ViewLayer | Updating Scene BVH | Copying BVH to device
Fra:1 Mem:25.04M (Peak 25.16M) | Time:00:00.00 | Mem:0.83M, Peak:1.08M | Scene, ViewLayer | Updating Mesh | Computing normals
Fra:1 Mem:25.72M (Peak 25.72M) | Time:00:00.00 | Mem:0.83M, Peak:1.08M | Scene, ViewLayer | Updating Mesh | Copying Mesh to device
Fra:1 Mem:25.72M (Peak 25.72M) | Time:00:00.00 | Mem:1.52M, Peak:1.52M | Scene, ViewLayer | Updating Objects Flags
Fra:1 Mem:25.72M (Peak 25.72M) | Time:00:00.00 | Mem:1.52M, Peak:1.52M | Scene, ViewLayer | Updating Primitive Offsets
Fra:1 Mem:25.72M (Peak 25.72M) | Time:00:00.00 | Mem:1.52M, Peak:1.52M | Scene, ViewLayer | Updating Images
Fra:1 Mem:25.72M (Peak 25.72M) | Time:00:00.00 | Mem:1.52M, Peak:1.52M | Scene, ViewLayer | Updating Camera Volume
Fra:1 Mem:25.72M (Peak 25.72M) | Time:00:00.00 | Mem:1.52M, Peak:1.52M | Scene, ViewLayer | Updating Lookup Tables
Fra:1 Mem:25.72M (Peak 25.72M) | Time:00:00.00 | Mem:1.60M, Peak:1.60M | Scene, ViewLayer | Updating Lights
Fra:1 Mem:25.72M (Peak 25.72M) | Time:00:00.00 | Mem:1.60M, Peak:1.60M | Scene, ViewLayer | Updating Lights | Computing tree
Fra:1 Mem:25.72M (Peak 25.72M) | Time:00:00.00 | Mem:1.60M, Peak:1.60M | Scene, ViewLayer | Updating Integrator
Fra:1 Mem:25.72M (Peak 25.72M) | Time:00:00.00 | Mem:1.60M, Peak:1.60M | Scene, ViewLayer | Updating Film
Fra:1 Mem:25.73M (Peak 25.73M) | Time:00:00.00 | Mem:1.52M, Peak:1.60M | Scene, ViewLayer | Updating Lookup Tables
Fra:1 Mem:25.73M (Peak 25.73M) | Time:00:00.00 | Mem:1.60M, Peak:1.60M | Scene, ViewLayer | Updating Baking
Fra:1 Mem:25.73M (Peak 25.73M) | Time:00:00.00 | Mem:1.60M, Peak:1.60M | Scene, ViewLayer | Updating Device | Writing constant memory
Fra:1 Mem:25.73M (Peak 25.73M) | Time:00:00.00 | Mem:1.60M, Peak:1.60M | Scene, ViewLayer | Sample 0/8
Fra:1 Mem:52.63M (Peak 52.63M) | Time:00:00.28 | Remaining:00:01.97 | Mem:28.48M, Peak:28.48M | Scene, ViewLayer | Sample 1/8
Fra:1 Mem:64.57M (Peak 88.46M) | Time:00:02.21 | Mem:28.48M, Peak:28.48M | Scene, ViewLayer | Sample 8/8
Fra:1 Mem:64.57M (Peak 88.46M) | Time:00:02.21 | Mem:28.48M, Peak:28.48M | Scene, ViewLayer | Finished
Saved: '/workspace/scratch/a29d03198654/Aether/cloud-evidence/north-ridge62-recovery-v2-views-20261002T124732Z-ug2dijf_/outputs/62-back.png'
Time: 00:02.37 (Saving: 00:00.15)

NORTH62_STAGE {"stage":"render.complete","pid":62,"elapsed_seconds":4.479368054002407,"native_user_seconds":6.746975,"native_system_seconds":0.19134199999999998,"native_peak_rss_kib":504228,"view":"back"}
NORTH62_STAGE {"stage":"native_terminal","pid":62,"elapsed_seconds":4.487458406991209,"native_user_seconds":6.75506,"native_system_seconds":0.19134199999999998,"native_peak_rss_kib":504228,"passed":true,"state":"completed"}

Blender quit
