{
  "candidate_status": "Draft A rejected; exact root-point gates do not establish base support",
  "summary": {
    "count": 41,
    "root_Y_adjusted": 23,
    "candidate_air_gap_over_0_1m": 19,
    "candidate_air_gap_over_0_25m": 5,
    "air_gap_increase_over_0_1m": 7,
    "penetration_increase_over_0_1m": 6,
    "max_candidate_air_gap_m": 4.55972880940223,
    "max_candidate_penetration_m": 2.667727354591719
  },
  "by_kind": {
    "pine": {
      "count": 36,
      "root_Y_adjusted": 21,
      "candidate_air_gap_over_0_1m": 17,
      "candidate_air_gap_over_0_25m": 3,
      "air_gap_increase_over_0_1m": 5,
      "penetration_increase_over_0_1m": 5,
      "max_candidate_air_gap_m": 0.4357040161110177,
      "max_candidate_penetration_m": 0.43584226026464634
    },
    "rock": {
      "count": 5,
      "root_Y_adjusted": 2,
      "candidate_air_gap_over_0_1m": 2,
      "candidate_air_gap_over_0_25m": 2,
      "air_gap_increase_over_0_1m": 2,
      "penetration_increase_over_0_1m": 1,
      "max_candidate_air_gap_m": 4.55972880940223,
      "max_candidate_penetration_m": 2.667727354591719
    }
  }
}
World/Vegetation/rock_-5_-5 7 air before/after 0.1463911762569694 4.55972880940223 burial before/after 1.5410881757181585 2.667727354591719
World/Vegetation/rock_-5_-5 6 air before/after 0.33774057620244236 1.469364884913329 burial before/after 1.0637031691142624 1.0637016758010134
World/Vegetation/oak_-5_-5_CoastalPines36b 37 air before/after 0.05805339472192372 0.38478517335713747 burial before/after 0.0580577689128603 0.38483056192129794
World/Vegetation/poplar_-5_-5_CoastalPines36b 4 air before/after 0.12225188129536946 0.4357040161110177 burial before/after 0.12226861907905118 0.43584226026464634
World/Vegetation/oak_-5_-5_CoastalPines36b 6 air before/after 0.012060017646675192 0.29347518241395676 burial before/after 0.011928385705132882 0.2931040425456537
World/Vegetation/poplar_-5_-5_CoastalPines36b 13 air before/after 0.005451819006609071 0.17714954280684125 burial before/after 0.005337658409303003 0.17721135761128437
World/Vegetation/oak_-5_-5_CoastalPines36b 10 air before/after 0.04500386029904746 0.17350726573269526 burial before/after 0.04528370819915395 0.17365909024451653
World/Vegetation/oak_-5_-5_CoastalPines36b 9 air before/after 0.026814044193127273 0.119111981997019 burial before/after 0.02669045004102344 0.11886951511197807
