{
  "method": "Sampled triangle unions of verifiedGLB source meshes at exact saved51b anchors; no AABB filling. Camera projection uses exact recorded1216 poses, verticalFOV62 and near. Diagnostic masks omit every non-CloudSea object/material/lighting; not rendered images or visual acceptance. Old46 GLB follows preserved46->51b geometry lineage;52e exact GLB hashes were verified in build.",
  "prototype_scope": "Only ten original variant0 roots receive three new upper forms; their two52f low bodies remain exact. The other fifteen roots retain original52f upper and low bodies. This is source triangle coverage, not a saved world or visual acceptance.",
  "baseline": {
    "world_triangles": 62500,
    "interior_topdown_coverage_fraction": 0.35242176013442555,
    "uncovered_fraction": 0.6475782398655745,
    "largest_empty_sample_radius_m": 370.1351104664349,
    "largest_empty_center_xz": [
      2450.0,
      1280.0
    ],
    "largest_connected_empty_sample_area_m2": 7707600,
    "top_visible_surface_height_percentiles_m": {
      "0": 747.3725271787451,
      "10": 820.0217775311636,
      "50": 913.29733249589,
      "90": 1009.7207192740208,
      "100": 1064.9659303082567
    },
    "camera_cloudsea_triangle_coverage": [
      {
        "name": "1216-front",
        "full_frame_fraction": 0.3559730447212579,
        "lower_half_fraction": 0.5447008372472942,
        "middle_third_fraction": 0.585230024213075,
        "upper_third_fraction": 0.0,
        "size": [
          295,
          166
        ],
        "camera": [
          0.685364723205566,
          0.0,
          0.72819995880127,
          0.119988560676575,
          0.986331343650818,
          -0.112930417060852,
          -0.718246459960938,
          0.164774194359779,
          0.675996720790863,
          3000.0,
          1150.0,
          4300.0
        ],
        "fov": 62.0
      },
      {
        "name": "1216-side",
        "full_frame_fraction": 0.41942005309373087,
        "lower_half_fraction": 0.6628139677353482,
        "middle_third_fraction": 0.6676755447941889,
        "upper_third_fraction": 0.0,
        "size": [
          295,
          166
        ],
        "camera": [
          0.998377561569214,
          0.0,
          -0.0569418966770172,
          -0.00938255432993174,
          0.986331343650818,
          -0.164506852626801,
          0.0561635717749596,
          0.164774194359779,
          0.984731018543243,
          3000.0,
          1150.0,
          4300.0
        ],
        "fov": 62.0
      },
      {
        "name": "1216-back",
        "full_frame_fraction": 0.33538901368184604,
        "lower_half_fraction": 0.5901572391259955,
        "middle_third_fraction": 0.4511501210653753,
        "upper_third_fraction": 0.0,
        "size": [
          295,
          166
        ],
        "camera": [
          -0.685364782810211,
          0.0,
          -0.728199899196625,
          -0.119988553225994,
          0.986331343650818,
          0.112930424511433,
          0.718246400356293,
          0.164774194359779,
          -0.675996780395508,
          3000.0,
          1150.0,
          4300.0
        ],
        "fov": 62.0
      }
    ]
  },
  "saved52f_source_baseline": {
    "world_triangles": 234470,
    "interior_topdown_coverage_fraction": 0.7948750262549884,
    "uncovered_fraction": 0.20512497374501154,
    "largest_empty_sample_radius_m": 237.06539182259394,
    "largest_empty_center_xz": [
      1480.0,
      1930.0
    ],
    "largest_connected_empty_sample_area_m2": 670500,
    "top_visible_surface_height_percentiles_m": {
      "0": 566.9380217066284,
      "10": 707.9585538136851,
      "50": 812.1638624260238,
      "90": 977.7395934411919,
      "100": 1064.9659303082567
    },
    "camera_cloudsea_triangle_coverage": [
      {
        "name": "1216-front",
        "full_frame_fraction": 0.569756994078007,
        "lower_half_fraction": 0.9682254441494793,
        "middle_third_fraction": 0.751997578692494,
        "upper_third_fraction": 0.0,
        "size": [
          295,
          166
        ],
        "camera": [
          0.685364723205566,
          0.0,
          0.72819995880127,
          0.119988560676575,
          0.986331343650818,
          -0.112930417060852,
          -0.718246459960938,
          0.164774194359779,
          0.675996720790863,
          3000.0,
          1150.0,
          4300.0
        ],
        "fov": 62.0
      },
      {
        "name": "1216-side",
        "full_frame_fraction": 0.5839289360833163,
        "lower_half_fraction": 0.9843986113947315,
        "middle_third_fraction": 0.7711864406779662,
        "upper_third_fraction": 0.0,
        "size": [
          295,
          166
        ],
        "camera": [
          0.998377561569214,
          0.0,
          -0.0569418966770172,
          -0.00938255432993174,
          0.986331343650818,
          -0.164506852626801,
          0.0561635717749596,
          0.164774194359779,
          0.984731018543243,
          3000.0,
          1150.0,
          4300.0
        ],
        "fov": 62.0
      },
      {
        "name": "1216-back",
        "full_frame_fraction": 0.4522156422299367,
        "lower_half_fraction": 0.8222585256279354,
        "middle_third_fraction": 0.5495762711864407,
        "upper_third_fraction": 0.0,
        "size": [
          295,
          166
        ],
        "camera": [
          -0.685364782810211,
          0.0,
          -0.728199899196625,
          -0.119988553225994,
          0.986331343650818,
          0.112930424511433,
          0.718246400356293,
          0.164774194359779,
          -0.675996780395508,
          3000.0,
          1150.0,
          4300.0
        ],
        "fov": 62.0
      }
    ]
  },
  "only_v0_upper_replacement": {
    "world_triangles": 252970,
    "interior_topdown_coverage_fraction": 0.7892123503465659,
    "uncovered_fraction": 0.21078764965343416,
    "largest_empty_sample_radius_m": 237.06539182259394,
    "largest_empty_center_xz": [
      1480.0,
      1930.0
    ],
    "largest_connected_empty_sample_area_m2": 670500,
    "top_visible_surface_height_percentiles_m": {
      "0": 566.9380217066284,
      "10": 706.4113683520327,
      "50": 807.2010489670315,
      "90": 958.4183057181325,
      "100": 1064.9659303082567
    },
    "camera_cloudsea_triangle_coverage": [
      {
        "name": "1216-front",
        "full_frame_fraction": 0.5542168674698795,
        "lower_half_fraction": 0.9654482336124157,
        "middle_third_fraction": 0.7075060532687651,
        "upper_third_fraction": 0.0,
        "size": [
          295,
          166
        ],
        "camera": [
          0.685364723205566,
          0.0,
          0.72819995880127,
          0.119988560676575,
          0.986331343650818,
          -0.112930417060852,
          -0.718246459960938,
          0.164774194359779,
          0.675996720790863,
          3000.0,
          1150.0,
          4300.0
        ],
        "fov": 62.0
      },
      {
        "name": "1216-side",
        "full_frame_fraction": 0.5767408617520932,
        "lower_half_fraction": 0.9844394527261588,
        "middle_third_fraction": 0.7498789346246973,
        "upper_third_fraction": 0.0,
        "size": [
          295,
          166
        ],
        "camera": [
          0.998377561569214,
          0.0,
          -0.0569418966770172,
          -0.00938255432993174,
          0.986331343650818,
          -0.164506852626801,
          0.0561635717749596,
          0.164774194359779,
          0.984731018543243,
          3000.0,
          1150.0,
          4300.0
        ],
        "fov": 62.0
      },
      {
        "name": "1216-back",
        "full_frame_fraction": 0.4461507045129671,
        "lower_half_fraction": 0.8208290790279763,
        "middle_third_fraction": 0.5304479418886199,
        "upper_third_fraction": 0.0,
        "size": [
          295,
          166
        ],
        "camera": [
          -0.685364782810211,
          0.0,
          -0.728199899196625,
          -0.119988553225994,
          0.986331343650818,
          0.112930424511433,
          0.718246400356293,
          0.164774194359779,
          -0.675996780395508,
          3000.0,
          1150.0,
          4300.0
        ],
        "fov": 62.0
      }
    ]
  },
  "variant_root_counts": {
    "0": 10,
    "1": 10,
    "2": 5
  },
  "original_roots": [
    {
      "name": "CloudSea_-2_-2",
      "variant": 0,
      "basis": [
        [
          -0.81109315,
          0.0,
          0.584917
        ],
        [
          0.0,
          1.0,
          0.0
        ],
        [
          -0.584917,
          0.0,
          -0.81109315
        ]
      ],
      "position": [
        900.0,
        700.0,
        700.0
      ]
    },
    {
      "name": "CloudSea_-2_-1",
      "variant": 1,
      "basis": [
        [
          0.15337405,
          0.0,
          0.9881682
        ],
        [
          0.0,
          1.0,
          0.0
        ],
        [
          -0.9881682,
          0.0,
          0.15337405
        ]
      ],
      "position": [
        900.0,
        700.0,
        1850.0
      ]
    },
    {
      "name": "CloudSea_-2_0",
      "variant": 2,
      "basis": [
        [
          0.9502326,
          0.0,
          0.31154126
        ],
        [
          0.0,
          1.0,
          0.0
        ],
        [
          -0.31154126,
          0.0,
          0.9502326
        ]
      ],
      "position": [
        900.0,
        700.0,
        3000.0
      ]
    },
    {
      "name": "CloudSea_-2_1",
      "variant": 0,
      "basis": [
        [
          0.7086698,
          0.0,
          -0.7055403
        ],
        [
          0.0,
          1.0,
          0.0
        ],
        [
          0.7055403,
          0.0,
          0.7086698
        ]
      ],
      "position": [
        900.0,
        700.0,
        4150.0
      ]
    },
    {
      "name": "CloudSea_-2_2",
      "variant": 1,
      "basis": [
        [
          -0.30733278,
          0.0,
          -0.9516021
        ],
        [
          0.0,
          1.0,
          0.0
        ],
        [
          0.9516021,
          0.0,
          -0.30733278
        ]
      ],
      "position": [
        900.0,
        700.0,
        5300.0
      ]
    },
    {
      "name": "CloudSea_-1_-2",
      "variant": 0,
      "basis": [
        [
          0.7086698,
          0.0,
          -0.7055403
        ],
        [
          0.0,
          1.0,
          0.0
        ],
        [
          0.7055403,
          0.0,
          0.7086698
        ]
      ],
      "position": [
        2050.0,
        700.0,
        700.0
      ]
    },
    {
      "name": "CloudSea_-1_-1",
      "variant": 1,
      "basis": [
        [
          -0.30733278,
          0.0,
          -0.9516021
        ],
        [
          0.0,
          1.0,
          0.0
        ],
        [
          0.9516021,
          0.0,
          -0.30733278
        ]
      ],
      "position": [
        2050.0,
        700.0,
        1850.0
      ]
    },
    {
      "name": "CloudSea_-1_0",
      "variant": 2,
      "basis": [
        [
          -0.9874798,
          0.0,
          -0.15774564
        ],
        [
          0.0,
          1.0,
          0.0
        ],
        [
          0.15774564,
          0.0,
          -0.9874798
        ]
      ],
      "position": [
        2050.0,
        700.0,
        3000.0
      ]
    },
    {
      "name": "CloudSea_-1_1",
      "variant": 0,
      "basis": [
        [
          -0.58850116,
          0.0,
          0.80849636
        ],
        [
          0.0,
          1.0,
          0.0
        ],
        [
          -0.80849636,
          0.0,
          -0.58850116
        ]
      ],
      "position": [
        2050.0,
        700.0,
        4150.0
      ]
    },
    {
      "name": "CloudSea_-1_2",
      "variant": 1,
      "basis": [
        [
          0.4535961,
          0.0,
          0.8912074
        ],
        [
          0.0,
          1.0,
          0.0
        ],
        [
          -0.8912074,
          0.0,
          0.4535961
        ]
      ],
      "position": [
        2050.0,
        700.0,
        5300.0
      ]
    },
    {
      "name": "CloudSea_0_-2",
      "variant": 0,
      "basis": [
        [
          -0.58850116,
          0.0,
          0.80849636
        ],
        [
          0.0,
          1.0,
          0.0
        ],
        [
          -0.80849636,
          0.0,
          -0.58850116
        ]
      ],
      "position": [
        3200.0,
        700.0,
        700.0
      ]
    },
    {
      "name": "CloudSea_0_-1",
      "variant": 1,
      "basis": [
        [
          0.4535961,
          0.0,
          0.8912074
        ],
        [
          0.0,
          1.0,
          0.0
        ],
        [
          -0.8912074,
          0.0,
          0.4535961
        ]
      ],
      "position": [
        3200.0,
        700.0,
        1850.0
      ]
    },
    {
      "name": "CloudSea_0_0",
      "variant": 2,
      "basis": [
        [
          1.0,
          0.0,
          0.0
        ],
        [
          0.0,
          1.0,
          0.0
        ],
        [
          0.0,
          0.0,
          1.0
        ]
      ],
      "position": [
        3200.0,
        700.0,
        3000.0
      ]
    },
    {
      "name": "CloudSea_0_1",
      "variant": 0,
      "basis": [
        [
          0.4535961,
          0.0,
          -0.8912074
        ],
        [
          0.0,
          1.0,
          0.0
        ],
        [
          0.8912074,
          0.0,
          0.4535961
        ]
      ],
      "position": [
        3200.0,
        700.0,
        4150.0
      ]
    },
    {
      "name": "CloudSea_0_2",
      "variant": 1,
      "basis": [
        [
          -0.58850116,
          0.0,
          -0.80849636
        ],
        [
          0.0,
          1.0,
          0.0
        ],
        [
          0.80849636,
          0.0,
          -0.58850116
        ]
      ],
      "position": [
        3200.0,
        700.0,
        5300.0
      ]
    },
    {
      "name": "CloudSea_1_-2",
      "variant": 0,
      "basis": [
        [
          0.4535961,
          0.0,
          -0.8912074
        ],
        [
          0.0,
          1.0,
          0.0
        ],
        [
          0.8912074,
          0.0,
          0.4535961
        ]
      ],
      "position": [
        4350.0,
        700.0,
        700.0
      ]
    },
    {
      "name": "CloudSea_1_-1",
      "variant": 1,
      "basis": [
        [
          -0.58850116,
          0.0,
          -0.80849636
        ],
        [
          0.0,
          1.0,
          0.0
        ],
        [
          0.80849636,
          0.0,
          -0.58850116
        ]
      ],
      "position": [
        4350.0,
        700.0,
        1850.0
      ]
    },
    {
      "name": "CloudSea_1_0",
      "variant": 2,
      "basis": [
        [
          -0.9874798,
          0.0,
          0.15774564
        ],
        [
          0.0,
          1.0,
          0.0
        ],
        [
          -0.15774564,
          0.0,
          -0.9874798
        ]
      ],
      "position": [
        4350.0,
        700.0,
        3000.0
      ]
    },
    {
      "name": "CloudSea_1_1",
      "variant": 0,
      "basis": [
        [
          -0.30733278,
          0.0,
          0.9516021
        ],
        [
          0.0,
          1.0,
          0.0
        ],
        [
          -0.9516021,
          0.0,
          -0.30733278
        ]
      ],
      "position": [
        4350.0,
        700.0,
        4150.0
      ]
    },
    {
      "name": "CloudSea_1_2",
      "variant": 1,
      "basis": [
        [
          0.7086698,
          0.0,
          0.7055403
        ],
        [
          0.0,
          1.0,
          0.0
        ],
        [
          -0.7055403,
          0.0,
          0.7086698
        ]
      ],
      "position": [
        4350.0,
        700.0,
        5300.0
      ]
    },
    {
      "name": "CloudSea_2_-2",
      "variant": 0,
      "basis": [
        [
          -0.30733278,
          0.0,
          0.9516021
        ],
        [
          0.0,
          1.0,
          0.0
        ],
        [
          -0.9516021,
          0.0,
          -0.30733278
        ]
      ],
      "position": [
        5500.0,
        700.0,
        700.0
      ]
    },
    {
      "name": "CloudSea_2_-1",
      "variant": 1,
      "basis": [
        [
          0.7086698,
          0.0,
          0.7055403
        ],
        [
          0.0,
          1.0,
          0.0
        ],
        [
          -0.7055403,
          0.0,
          0.7086698
        ]
      ],
      "position": [
        5500.0,
        700.0,
        1850.0
      ]
    },
    {
      "name": "CloudSea_2_0",
      "variant": 2,
      "basis": [
        [
          0.9502326,
          0.0,
          -0.31154126
        ],
        [
          0.0,
          1.0,
          0.0
        ],
        [
          0.31154126,
          0.0,
          0.9502326
        ]
      ],
      "position": [
        5500.0,
        700.0,
        3000.0
      ]
    },
    {
      "name": "CloudSea_2_1",
      "variant": 0,
      "basis": [
        [
          0.15337405,
          0.0,
          -0.9881682
        ],
        [
          0.0,
          1.0,
          0.0
        ],
        [
          0.9881682,
          0.0,
          0.15337405
        ]
      ],
      "position": [
        5500.0,
        700.0,
        4150.0
      ]
    },
    {
      "name": "CloudSea_2_2",
      "variant": 1,
      "basis": [
        [
          -0.81109315,
          0.0,
          -0.584917
        ],
        [
          0.0,
          1.0,
          0.0
        ],
        [
          0.584917,
          0.0,
          -0.81109315
        ]
      ],
      "position": [
        5500.0,
        700.0,
        5300.0
      ]
    }
  ],
  "grid": {
    "roi_xz": [
      1475,
      1275,
      4925,
      4725
    ],
    "step_m": 10,
    "shape": [
      345,
      345
    ]
  },
  "baseline_source_hashes_rechecked": true,
  "new_source_sha256": "529af925de1aa61bb07b8e260f5693af0aa65beabffed89d5d6099ad78285a6a",
  "ten_v0_roots_receive_three_new_upper_meshes": true,
  "fifteen_other_roots_unchanged": true,
  "saved_world_modified": false,
  "visual_acceptance": false
}
