{"name": "CloudSea52f_v0_low_drift", "vertices": 1701, "triangles": 3398, "bounds_blender_xyz": [[-684.2409057617188, 100.87012481689453, -208.16860961914062], [689.4754638671875, 782.1609497070312, 165.3107147216797]], "boundary_edges": 0, "nonmanifold_edges": 0, "connected_components": [1701], "signed_volume": 77097550.63969691, "triangle_aspect_over_20": 1, "zero_area_triangles": 0, "nonadjacent_triangle_intersections": 0, "intersection_pairs": []}
{"name": "CloudSea52f_v0_low_saddle", "vertices": 1802, "triangles": 3600, "bounds_blender_xyz": [[-656.1708984375, -299.1527404785156, -129.8936309814453], [642.2778930664062, 357.70635986328125, 195.85714721679688]], "boundary_edges": 0, "nonmanifold_edges": 0, "connected_components": [1802], "signed_volume": 82473421.07751828, "triangle_aspect_over_20": 1, "zero_area_triangles": 0, "nonadjacent_triangle_intersections": 0, "intersection_pairs": []}
{"name": "CloudSea52g_v0_low_tail", "vertices": 427, "triangles": 850, "bounds_blender_xyz": [[-175.71258544921875, 236.39295959472656, -19.51209259033203], [98.86578369140625, 539.2528076171875, 119.1162338256836]], "boundary_edges": 0, "nonmanifold_edges": 0, "connected_components": [427], "signed_volume": 2897727.86811384, "triangle_aspect_over_20": 2, "zero_area_triangles": 0, "nonadjacent_triangle_intersections": 0, "intersection_pairs": []}
{"name": "CloudSea52g_v0_main_ridge", "vertices": 1102, "triangles": 2200, "bounds_blender_xyz": [[-710.5486450195312, -661.1591796875, -28.601886749267578], [10.358284950256348, -84.99761199951172, 345.74224853515625]], "boundary_edges": 0, "nonmanifold_edges": 0, "connected_components": [1102], "signed_volume": 39512016.190482475, "triangle_aspect_over_20": 3, "zero_area_triangles": 0, "nonadjacent_triangle_intersections": 0, "intersection_pairs": []}
{"name": "CloudSea52g_v0_offset_shoulder", "vertices": 652, "triangles": 1300, "bounds_blender_xyz": [[137.70579528808594, -222.87269592285156, 10.909453392028809], [555.2116088867188, 136.10833740234375, 213.41265869140625]], "boundary_edges": 0, "nonmanifold_edges": 0, "connected_components": [652], "signed_volume": 8743023.843754683, "triangle_aspect_over_20": 4, "zero_area_triangles": 0, "nonadjacent_triangle_intersections": 0, "intersection_pairs": []}
{
  "old_meshes_and_controls_unchanged": true,
  "new": [
    {
      "name": "CloudSea52g_v0_low_tail",
      "vertices": 427,
      "triangles": 850,
      "bounds_blender_xyz": [
        [
          -175.71258544921875,
          236.39295959472656,
          -19.51209259033203
        ],
        [
          98.86578369140625,
          539.2528076171875,
          119.1162338256836
        ]
      ],
      "boundary_edges": 0,
      "nonmanifold_edges": 0,
      "connected_components": [
        427
      ],
      "signed_volume": 2897727.86811384,
      "triangle_aspect_over_20": 2,
      "zero_area_triangles": 0,
      "nonadjacent_triangle_intersections": 0,
      "intersection_pairs": []
    },
    {
      "name": "CloudSea52g_v0_main_ridge",
      "vertices": 1102,
      "triangles": 2200,
      "bounds_blender_xyz": [
        [
          -710.5486450195312,
          -661.1591796875,
          -28.601886749267578
        ],
        [
          10.358284950256348,
          -84.99761199951172,
          345.74224853515625
        ]
      ],
      "boundary_edges": 0,
      "nonmanifold_edges": 0,
      "connected_components": [
        1102
      ],
      "signed_volume": 39512016.190482475,
      "triangle_aspect_over_20": 3,
      "zero_area_triangles": 0,
      "nonadjacent_triangle_intersections": 0,
      "intersection_pairs": []
    },
    {
      "name": "CloudSea52g_v0_offset_shoulder",
      "vertices": 652,
      "triangles": 1300,
      "bounds_blender_xyz": [
        [
          137.70579528808594,
          -222.87269592285156,
          10.909453392028809
        ],
        [
          555.2116088867188,
          136.10833740234375,
          213.41265869140625
        ]
      ],
      "boundary_edges": 0,
      "nonmanifold_edges": 0,
      "connected_components": [
        652
      ],
      "signed_volume": 8743023.843754683,
      "triangle_aspect_over_20": 4,
      "zero_area_triangles": 0,
      "nonadjacent_triangle_intersections": 0,
      "intersection_pairs": []
    }
  ],
  "axis_mapping_verified": true
}
Blender 4.5.14 LTS (hash 62c1db4208e8 built 2026-09-15 01:31:19)
Read blend: "/workspace/scratch/a29d03198654/Aether/source-assets/cloud-sea52f/variants/cloud_sea52f_variants.blend"
Read blend: "/workspace/scratch/a29d03198654/Aether/source-assets/cloud-sea52g/cloud_sea52g_prototype.blend"

Blender quit
