L58_SOURCE_STAGE {"stage": "native_entry", "pid": 8, "elapsed_seconds": 0.09116357700258959, "user_seconds": 0.431905, "system_seconds": 0.107596, "peak_rss_kib": 254608, "mode": "verify", "recovery_stage": "saved-source-fresh-open", "recovery_version": "cloudbank58l-form-v2-recovery-v1"}
L58_SOURCE_STAGE {"stage": "candidate_validation.begin", "pid": 8, "elapsed_seconds": 0.11056911799823865, "user_seconds": 0.45109699999999997, "system_seconds": 0.107596, "peak_rss_kib": 254608}
L58_SOURCE_STAGE {"stage": "candidate_validation.complete", "pid": 8, "elapsed_seconds": 1.1707003640040057, "user_seconds": 1.494587, "system_seconds": 0.11576199999999999, "peak_rss_kib": 258840}
L58_SOURCE_STAGE {"stage": "fresh_open.begin", "pid": 8, "elapsed_seconds": 1.171032694997848, "user_seconds": 1.494901, "system_seconds": 0.115786, "peak_rss_kib": 258840}
L58_SOURCE_STAGE {"stage": "fresh_open.complete", "pid": 8, "elapsed_seconds": 1.178959267999744, "user_seconds": 1.502953, "system_seconds": 0.11578799999999999, "peak_rss_kib": 258840, "opened_filepath": "/workspace/scratch/a29d03198654/Aether/source-assets/cloud-bank58/revision-l/form-v2/cloud_bank58l_form_v2.blend"}
L58_SOURCE_STAGE {"stage": "control.begin", "pid": 8, "elapsed_seconds": 2.5039330080035143, "user_seconds": 2.8109729999999997, "system_seconds": 0.12419699999999999, "peak_rss_kib": 276624, "control": "C01_Crown_A", "field": "value", "value": 1010.0}
L58_SOURCE_STAGE {"stage": "control.complete", "pid": 8, "elapsed_seconds": 3.558097013999941, "user_seconds": 3.837269, "system_seconds": 0.148338, "peak_rss_kib": 292864, "control": "C01_Crown_A"}
L58_SOURCE_STAGE {"stage": "control.begin", "pid": 8, "elapsed_seconds": 3.5583676639944315, "user_seconds": 3.837537, "system_seconds": 0.14834899999999998, "peak_rss_kib": 292864, "control": "C02_Crown_B", "field": "value", "value": 1045.0}
L58_SOURCE_STAGE {"stage": "control.complete", "pid": 8, "elapsed_seconds": 4.614382101994124, "user_seconds": 4.87062, "system_seconds": 0.164514, "peak_rss_kib": 303840, "control": "C02_Crown_B"}
L58_SOURCE_STAGE {"stage": "control.begin", "pid": 8, "elapsed_seconds": 4.614668155001709, "user_seconds": 4.870873, "system_seconds": 0.164514, "peak_rss_kib": 303840, "control": "C03_Return_C", "field": "value", "value": 930.0}
L58_SOURCE_STAGE {"stage": "control.complete", "pid": 8, "elapsed_seconds": 5.705235207991791, "user_seconds": 5.949091, "system_seconds": 0.17260999999999999, "peak_rss_kib": 303840, "control": "C03_Return_C"}
L58_SOURCE_STAGE {"stage": "control.begin", "pid": 8, "elapsed_seconds": 5.705517173992121, "user_seconds": 5.949358, "system_seconds": 0.172618, "peak_rss_kib": 303840, "control": "C04_Shoulder_D", "field": "value", "value": 850.0}
L58_SOURCE_STAGE {"stage": "control.complete", "pid": 8, "elapsed_seconds": 6.758633292993181, "user_seconds": 6.99803, "system_seconds": 0.17274499999999998, "peak_rss_kib": 303840, "control": "C04_Shoulder_D"}
L58_SOURCE_STAGE {"stage": "control.begin", "pid": 8, "elapsed_seconds": 6.758973025003797, "user_seconds": 6.998352, "system_seconds": 0.172753, "peak_rss_kib": 303840, "control": "C05_Main_Valley", "field": "value", "value": 745.0}
L58_SOURCE_STAGE {"stage": "control.complete", "pid": 8, "elapsed_seconds": 7.807277225991129, "user_seconds": 8.043894, "system_seconds": 0.172896, "peak_rss_kib": 303840, "control": "C05_Main_Valley"}
L58_SOURCE_STAGE {"stage": "control.begin", "pid": 8, "elapsed_seconds": 7.80778437499248, "user_seconds": 8.043894, "system_seconds": 0.173395, "peak_rss_kib": 303840, "control": "C06_Belly", "field": "value", "value": 586.0}
L58_SOURCE_STAGE {"stage": "control.complete", "pid": 8, "elapsed_seconds": 8.867438982997555, "user_seconds": 9.104705, "system_seconds": 0.17676799999999998, "peak_rss_kib": 303840, "control": "C06_Belly"}
L58_SOURCE_STAGE {"stage": "control.begin", "pid": 8, "elapsed_seconds": 8.867691335995914, "user_seconds": 9.104953, "system_seconds": 0.17676799999999998, "peak_rss_kib": 303840, "control": "C07_Meso_Relief", "field": "value", "value": 20.0}
L58_SOURCE_STAGE {"stage": "control.complete", "pid": 8, "elapsed_seconds": 9.986405414994806, "user_seconds": 10.228641, "system_seconds": 0.17676799999999998, "peak_rss_kib": 303840, "control": "C07_Meso_Relief"}
L58_SOURCE_STAGE {"stage": "control.begin", "pid": 8, "elapsed_seconds": 9.986786929002847, "user_seconds": 10.228939, "system_seconds": 0.17676799999999998, "peak_rss_kib": 303840, "control": "C05_Main_Valley", "field": "width_multiplier", "value": 1.05}
L58_SOURCE_STAGE {"stage": "control.complete", "pid": 8, "elapsed_seconds": 11.103550151994568, "user_seconds": 11.337667, "system_seconds": 0.18869999999999998, "peak_rss_kib": 303840, "control": "C05_Main_Valley"}
L58_SOURCE_STAGE {"stage": "native_terminal", "pid": 8, "elapsed_seconds": 13.26455751300091, "user_seconds": 13.497978, "system_seconds": 0.19710899999999998, "peak_rss_kib": 326892, "passed": true, "state": "completed"}
Blender 4.5.14 LTS (hash 62c1db4208e8 built 2026-09-15 01:31:19)
Read blend: "/workspace/scratch/a29d03198654/Aether/source-assets/cloud-bank58/revision-l/form-v2/cloud_bank58l_form_v2.blend"
