Godot Engine v4.5.1.stable.official.f62fdbde1 - https://godotengine.org
OpenGL API 4.5 (Core Profile) Mesa 25.0.7-2+deb13u1 - Compatibility - Using Device: Mesa - llvmpipe (LLVM 19.1.7, 256 bits)

NEAR_SHIP53WEST STAGE C_identity
PASS C requires real renderer for final A/C/A2 images
PASS C exact locked source res://scenes/candidate53d-west/Game53dWest.tscn
PASS C exact locked source res://scenes/candidate53d-west/build-report-west53.json
PASS C exact locked source /workspace/scratch/a29d03198654/Aether/source-assets/lake-rim53/integration-west53/integration-manifest.json
PASS C exact locked source /workspace/scratch/a29d03198654/Aether/cloud-evidence/rim53d-west-verify-v2-20261001T064631Z-OrTCQY/verify-report-west53-v2.json
PASS C exact locked source /workspace/scratch/a29d03198654/Aether/source-assets/near-ship53west/reference-measurements.json
PASS C exact locked source res://tools/observe_near_ship53west_v2.gd
PASS C exact locked source /workspace/scratch/a29d03198654/Aether/source-assets/near-ship53west/c-study/reference-main-and-mirror-measurements.json
PASS C exact locked source /workspace/scratch/a29d03198654/Aether/source-assets/near-ship53west/c-study/c-math-proposals.json
PASS C exact locked source /workspace/scratch/a29d03198654/Aether/cloud-evidence/near-ship53west-v2-renderer-20261001T072841Z-i9rjqlen/images/near-ship-report.json
PASS C exact locked source /workspace/scratch/a29d03198654/Aether/source-assets/lake-rim53/revision-d/massif_west_spur_rim53.blend
PASS C exact locked source /workspace/scratch/a29d03198654/Aether/source-assets/lake-rim53/revision-d/massif_west_spur_rim53.glb
PASS C exact locked source /workspace/scratch/a29d03198654/Aether/source-assets/lake-rim53/revision-d/rim53-payload.json
PASS C exact locked source /workspace/scratch/a29d03198654/Aether/source-assets/lake-rim53/revision-d/sculpt-report.json
PASS C exact locked source /workspace/scratch/a29d03198654/Aether/source-assets/lake-rim53/revision-d/native-readback-impact.json
PASS C exact locked source /workspace/scratch/a29d03198654/Aether/source-assets/lake-rim53/revision-d/root-join-check.json
PASS C exact locked source /workspace/scratch/a29d03198654/Aether/source-assets/lake-rim53/revision-d/continuous-water-footprint-proof.json
PASS C exact locked source /workspace/scratch/a29d03198654/Aether/source-assets/lake-rim53/base51b.json
PASS C exact locked source /workspace/scratch/a29d03198654/Aether/source-assets/lake-rim53/integration-west53/integration-payload.json
PASS C exact locked source /workspace/scratch/a29d03198654/Aether/source-assets/lake-rim53/integration-west53/scatter-reconcile-report.json
PASS C exact locked source /workspace/scratch/a29d03198654/Aether/source-assets/lake-rim53/integration-west53/west53_audit.gd
PASS C exact locked source /workspace/scratch/a29d03198654/Aether/source-assets/lake-rim53/integration-west53/build_west53.gd
PASS C exact locked source /workspace/scratch/a29d03198654/Aether/source-assets/lake-rim53/integration-west53/source-visual-gate.json
PASS C exact locked source /workspace/scratch/a29d03198654/Aether/source-assets/lake-rim53/integration-west53/runtime-probes.json
PASS C exact locked source /workspace/scratch/a29d03198654/Aether/candidates/round40-exclusive-20260930/project/scenes/candidate51b/build-report-51b.json
PASS C exact locked source /workspace/scratch/a29d03198654/Aether/candidates/round40-exclusive-20260930/project/assets/reflection51b/clip_material_000.tres
PASS C exact locked source /workspace/scratch/a29d03198654/Aether/candidates/round40-exclusive-20260930/project/assets/reflection51b/clip_material_001.tres
PASS C exact locked source /workspace/scratch/a29d03198654/Aether/candidates/round40-exclusive-20260930/project/assets/reflection51b/clip_material_002.tres
PASS C exact locked source /workspace/scratch/a29d03198654/Aether/candidates/round40-exclusive-20260930/project/assets/reflection51b/clip_material_003.tres
PASS C exact locked source /workspace/scratch/a29d03198654/Aether/candidates/round40-exclusive-20260930/project/assets/reflection51b/clip_material_004.tres
PASS C exact locked source /workspace/scratch/a29d03198654/Aether/candidates/round40-exclusive-20260930/project/assets/reflection51b/clip_material_005.tres
PASS C exact locked source /workspace/scratch/a29d03198654/Aether/candidates/round40-exclusive-20260930/project/assets/reflection51b/clip_material_006.tres
PASS C exact locked source /workspace/scratch/a29d03198654/Aether/candidates/round40-exclusive-20260930/project/assets/reflection51b/clip_material_007.tres
PASS C exact locked source /workspace/scratch/a29d03198654/Aether/candidates/round40-exclusive-20260930/project/assets/reflection51b/clip_material_008.tres
PASS C exact locked source /workspace/scratch/a29d03198654/Aether/candidates/round40-exclusive-20260930/project/assets/reflection51b/clip_material_009.tres
PASS C exact locked source /workspace/scratch/a29d03198654/Aether/candidates/round40-exclusive-20260930/project/assets/reflection51b/clip_material_010.tres
PASS C exact locked source /workspace/scratch/a29d03198654/Aether/candidates/round40-exclusive-20260930/project/assets/reflection51b/clip_material_011.tres
PASS C exact locked source /workspace/scratch/a29d03198654/Aether/candidates/round40-exclusive-20260930/project/assets/reflection51b/clip_material_012.tres
PASS C exact locked source /workspace/scratch/a29d03198654/Aether/candidates/round40-exclusive-20260930/project/assets/reflection51b/clip_material_013.tres
PASS C exact locked source /workspace/scratch/a29d03198654/Aether/candidates/round40-exclusive-20260930/project/assets/reflection51b/clip_material_014.tres
PASS C exact locked source /workspace/scratch/a29d03198654/Aether/candidates/round40-exclusive-20260930/project/assets/reflection51b/clip_material_015.tres
PASS C exact locked source /workspace/scratch/a29d03198654/Aether/candidates/round40-exclusive-20260930/project/assets/reflection51b/clip_material_016.tres
PASS C exact locked source /workspace/scratch/a29d03198654/Aether/candidates/round40-exclusive-20260930/project/assets/reflection51b/clip_material_017.tres
PASS C exact locked source /workspace/scratch/a29d03198654/Aether/candidates/round40-exclusive-20260930/project/assets/reflection51b/clip_material_018.tres
PASS C exact locked source /workspace/scratch/a29d03198654/Aether/candidates/round40-exclusive-20260930/project/assets/reflection51b/clip_material_019.tres
PASS C exact locked source /workspace/scratch/a29d03198654/Aether/candidates/round40-exclusive-20260930/project/assets/reflection51b/clip_material_020.tres
PASS C exact locked source /workspace/scratch/a29d03198654/Aether/candidates/round40-exclusive-20260930/project/assets/reflection51b/clip_material_021.tres
PASS C exact locked source /workspace/scratch/a29d03198654/Aether/candidates/round40-exclusive-20260930/project/assets/reflection51b/clip_material_022.tres
PASS C exact locked source /workspace/scratch/a29d03198654/Aether/candidates/round40-exclusive-20260930/project/assets/reflection51b/clip_material_023.tres
PASS C exact locked source /workspace/scratch/a29d03198654/Aether/candidates/round40-exclusive-20260930/project/assets/reflection51b/clip_material_024.tres
PASS C exact locked source /workspace/scratch/a29d03198654/Aether/candidates/round40-exclusive-20260930/project/assets/reflection51b/clip_material_025.tres
PASS C exact locked source /workspace/scratch/a29d03198654/Aether/candidates/round40-exclusive-20260930/project/assets/reflection51b/clip_material_026.tres
PASS C exact locked source /workspace/scratch/a29d03198654/Aether/candidates/round40-exclusive-20260930/project/assets/reflection51b/clip_material_027.tres
PASS C exact locked source /workspace/scratch/a29d03198654/Aether/candidates/round40-exclusive-20260930/project/assets/reflection51b/clip_material_028.tres
PASS C exact locked source /workspace/scratch/a29d03198654/Aether/candidates/round40-exclusive-20260930/project/assets/reflection51b/clip_material_029.tres
PASS C exact locked source /workspace/scratch/a29d03198654/Aether/candidates/round40-exclusive-20260930/project/assets/reflection51b/clip_material_030.tres
PASS C exact locked source /workspace/scratch/a29d03198654/Aether/candidates/round40-exclusive-20260930/project/assets/reflection51b/clip_material_031.tres
PASS C exact locked source /workspace/scratch/a29d03198654/Aether/candidates/round40-exclusive-20260930/project/assets/reflection51b/clip_material_032.tres
PASS C exact locked source /workspace/scratch/a29d03198654/Aether/candidates/round40-exclusive-20260930/project/assets/reflection51b/clip_material_033.tres
PASS C exact locked source /workspace/scratch/a29d03198654/Aether/candidates/round40-exclusive-20260930/project/assets/reflection51b/clip_material_034.tres
PASS C exact locked source /workspace/scratch/a29d03198654/Aether/candidates/round40-exclusive-20260930/project/assets/reflection51b/clip_material_035.tres
PASS C exact locked source /workspace/scratch/a29d03198654/Aether/candidates/round40-exclusive-20260930/project/assets/reflection51b/clip_material_036.tres
PASS C exact locked source /workspace/scratch/a29d03198654/Aether/candidates/round40-exclusive-20260930/project/assets/reflection51b/clip_material_037.tres
PASS C exact locked source /workspace/scratch/a29d03198654/Aether/candidates/round40-exclusive-20260930/project/assets/reflection51b/clip_material_038.tres
PASS C exact locked source /workspace/scratch/a29d03198654/Aether/candidates/round40-exclusive-20260930/project/assets/reflection51b/clip_material_039.tres
PASS C exact locked source /workspace/scratch/a29d03198654/Aether/candidates/round40-exclusive-20260930/project/assets/reflection51b/clip_material_040.tres
PASS C exact locked source /workspace/scratch/a29d03198654/Aether/candidates/round40-exclusive-20260930/project/assets/reflection51b/clip_material_041.tres
PASS C exact locked source /workspace/scratch/a29d03198654/Aether/candidates/round40-exclusive-20260930/project/assets/reflection51b/clip_material_042.tres
PASS C exact locked source /workspace/scratch/a29d03198654/Aether/candidates/round40-exclusive-20260930/project/assets/reflection51b/clip_material_043.tres
PASS C exact locked source /workspace/scratch/a29d03198654/Aether/candidates/round40-exclusive-20260930/project/assets/reflection51b/clip_material_044.tres
PASS C exact locked source /workspace/scratch/a29d03198654/Aether/candidates/round40-exclusive-20260930/project/assets/reflection51b/clip_material_045.tres
PASS C exact locked source /workspace/scratch/a29d03198654/Aether/candidates/round40-exclusive-20260930/project/assets/reflection51b/clip_material_046.tres
PASS C exact locked source /workspace/scratch/a29d03198654/Aether/candidates/round40-exclusive-20260930/project/assets/reflection51b/clip_material_047.tres
PASS C exact locked source /workspace/scratch/a29d03198654/Aether/candidates/round40-exclusive-20260930/project/assets/reflection51b/clip_material_048.tres
PASS C exact locked source /workspace/scratch/a29d03198654/Aether/candidates/round40-exclusive-20260930/project/assets/reflection51b/clip_material_049.tres
PASS C exact locked source /workspace/scratch/a29d03198654/Aether/candidates/round40-exclusive-20260930/project/assets/reflection51b/clip_material_050.tres
PASS C exact locked source /workspace/scratch/a29d03198654/Aether/candidates/round40-exclusive-20260930/project/assets/reflection51b/clip_material_051.tres
PASS C exact locked source /workspace/scratch/a29d03198654/Aether/candidates/round40-exclusive-20260930/project/assets/reflection51b/clip_material_052.tres
PASS C exact locked source /workspace/scratch/a29d03198654/Aether/candidates/round40-exclusive-20260930/project/assets/reflection51b/clip_material_053.tres
PASS C exact locked source /workspace/scratch/a29d03198654/Aether/candidates/round40-exclusive-20260930/project/assets/reflection51b/clip_material_054.tres
PASS C exact locked source /workspace/scratch/a29d03198654/Aether/candidates/round40-exclusive-20260930/project/assets/reflection51b/clip_material_055.tres
PASS C exact locked source /workspace/scratch/a29d03198654/Aether/candidates/round40-exclusive-20260930/project/assets/reflection51b/clip_material_056.tres
PASS C exact locked source /workspace/scratch/a29d03198654/Aether/candidates/round40-exclusive-20260930/project/assets/reflection51b/clip_material_057.tres
PASS C exact locked source /workspace/scratch/a29d03198654/Aether/candidates/round40-exclusive-20260930/project/assets/reflection51b/clip_material_058.tres
PASS C exact locked source /workspace/scratch/a29d03198654/Aether/candidates/round40-exclusive-20260930/project/assets/reflection51b/clip_material_059.tres
PASS C exact locked source /workspace/scratch/a29d03198654/Aether/candidates/round40-exclusive-20260930/project/assets/reflection51b/clip_material_060.tres
PASS C exact locked source /workspace/scratch/a29d03198654/Aether/candidates/round40-exclusive-20260930/project/assets/reflection51b/clip_material_061.tres
PASS C exact locked source /workspace/scratch/a29d03198654/Aether/candidates/round40-exclusive-20260930/project/assets/reflection51b/clip_material_062.tres
PASS C exact locked source /workspace/scratch/a29d03198654/Aether/candidates/round40-exclusive-20260930/project/assets/reflection51b/clip_material_063.tres
PASS C exact locked source /workspace/scratch/a29d03198654/Aether/candidates/round40-exclusive-20260930/project/assets/reflection51b/clip_material_064.tres
PASS C exact locked source /workspace/scratch/a29d03198654/Aether/candidates/round40-exclusive-20260930/project/assets/reflection51b/clip_material_065.tres
PASS C exact locked source /workspace/scratch/a29d03198654/Aether/candidates/round40-exclusive-20260930/project/assets/reflection51b/clip_material_066.tres
PASS C exact locked source /workspace/scratch/a29d03198654/Aether/candidates/round40-exclusive-20260930/project/assets/reflection51b/clip_material_067.tres
PASS C exact locked source /workspace/scratch/a29d03198654/Aether/candidates/round40-exclusive-20260930/project/assets/reflection51b/clip_material_068.tres
PASS C exact locked source /workspace/scratch/a29d03198654/Aether/candidates/round40-exclusive-20260930/project/assets/reflection51b/clip_material_069.tres
PASS C exact locked source /workspace/scratch/a29d03198654/Aether/candidates/round40-exclusive-20260930/project/assets/reflection51b/clip_material_070.tres
PASS C exact locked source /workspace/scratch/a29d03198654/Aether/candidates/round40-exclusive-20260930/project/assets/reflection51b/clip_material_071.tres
PASS C exact locked source /workspace/scratch/a29d03198654/Aether/candidates/round40-exclusive-20260930/project/assets/reflection51b/clip_material_072.tres
PASS C exact locked source /workspace/scratch/a29d03198654/Aether/candidates/round40-exclusive-20260930/project/assets/reflection51b/clip_material_073.tres
PASS C exact locked source /workspace/scratch/a29d03198654/Aether/candidates/round40-exclusive-20260930/project/assets/reflection51b/clip_material_074.tres
PASS C exact locked source /workspace/scratch/a29d03198654/Aether/candidates/round40-exclusive-20260930/project/assets/reflection51b/clip_material_075.tres
PASS C exact locked source /workspace/scratch/a29d03198654/Aether/candidates/round40-exclusive-20260930/project/assets/reflection51b/clip_material_076.tres
PASS C exact locked source /workspace/scratch/a29d03198654/Aether/candidates/round40-exclusive-20260930/project/assets/reflection51b/clip_material_077.tres
PASS C exact locked source /workspace/scratch/a29d03198654/Aether/candidates/round40-exclusive-20260930/project/assets/reflection51b/clip_material_078.tres
PASS C exact locked source /workspace/scratch/a29d03198654/Aether/candidates/round40-exclusive-20260930/project/assets/reflection51b/clip_material_079.tres
PASS C exact locked source /workspace/scratch/a29d03198654/Aether/candidates/round40-exclusive-20260930/project/assets/reflection51b/clip_material_080.tres
PASS C exact locked source /workspace/scratch/a29d03198654/Aether/candidates/round40-exclusive-20260930/project/assets/reflection51b/clip_material_081.tres
PASS C exact locked source /workspace/scratch/a29d03198654/Aether/candidates/round40-exclusive-20260930/project/assets/reflection51b/clip_material_082.tres
PASS C exact locked source /workspace/scratch/a29d03198654/Aether/candidates/round40-exclusive-20260930/project/assets/reflection51b/clip_material_083.tres
PASS C exact locked source /workspace/scratch/a29d03198654/Aether/candidates/round40-exclusive-20260930/project/assets/reflection51b/clip_material_084.tres
PASS C exact locked source /workspace/scratch/a29d03198654/Aether/candidates/round40-exclusive-20260930/project/assets/reflection51b/clip_material_085.tres
PASS C exact locked source /workspace/scratch/a29d03198654/Aether/candidates/round40-exclusive-20260930/project/assets/reflection51b/clip_material_086.tres
PASS C exact locked source /workspace/scratch/a29d03198654/Aether/candidates/round40-exclusive-20260930/project/assets/reflection51b/clip_material_087.tres
PASS C exact locked source /workspace/scratch/a29d03198654/Aether/candidates/round40-exclusive-20260930/project/assets/reflection51b/clip_material_088.tres
PASS C exact locked source /workspace/scratch/a29d03198654/Aether/candidates/round40-exclusive-20260930/project/assets/reflection51b/clip_material_089.tres
PASS C exact locked source /workspace/scratch/a29d03198654/Aether/candidates/round40-exclusive-20260930/project/assets/reflection51b/clip_material_090.tres
PASS C exact locked source /workspace/scratch/a29d03198654/Aether/candidates/round40-exclusive-20260930/project/assets/reflection51b/clip_material_091.tres
PASS C exact locked source /workspace/scratch/a29d03198654/Aether/candidates/round40-exclusive-20260930/project/assets/reflection51b/clip_material_092.tres
PASS C exact locked source /workspace/scratch/a29d03198654/Aether/candidates/round40-exclusive-20260930/project/assets/reflection51b/clip_material_093.tres
PASS C exact locked source /workspace/scratch/a29d03198654/Aether/candidates/round40-exclusive-20260930/project/assets/reflection51b/clip_material_094.tres
PASS C exact locked source /workspace/scratch/a29d03198654/Aether/candidates/round40-exclusive-20260930/project/assets/reflection51b/clip_material_095.tres
PASS C exact locked source /workspace/scratch/a29d03198654/Aether/candidates/round40-exclusive-20260930/project/assets/reflection51b/clip_material_096.tres
PASS C exact locked source /workspace/scratch/a29d03198654/Aether/candidates/round40-exclusive-20260930/project/assets/reflection51b/clip_material_097.tres
PASS C exact locked source /workspace/scratch/a29d03198654/Aether/candidates/round40-exclusive-20260930/project/assets/reflection51b/clip_material_098.tres
PASS C exact locked source /workspace/scratch/a29d03198654/Aether/candidates/round40-exclusive-20260930/project/assets/reflection51b/clip_material_099.tres
PASS C exact locked source /workspace/scratch/a29d03198654/Aether/candidates/round40-exclusive-20260930/project/assets/reflection51b/clip_material_100.tres
PASS C exact locked source /workspace/scratch/a29d03198654/Aether/candidates/round40-exclusive-20260930/project/assets/reflection51b/clip_material_101.tres
PASS C exact locked source /workspace/scratch/a29d03198654/Aether/candidates/round40-exclusive-20260930/project/assets/reflection51b/clip_material_102.tres
PASS C exact locked source /workspace/scratch/a29d03198654/Aether/candidates/round40-exclusive-20260930/project/assets/reflection51b/clip_material_103.tres
PASS C exact locked source /workspace/scratch/a29d03198654/Aether/candidates/round40-exclusive-20260930/project/assets/reflection51b/clip_material_104.tres
PASS C exact locked source /workspace/scratch/a29d03198654/Aether/candidates/round40-exclusive-20260930/project/assets/reflection51b/clip_material_105.tres
PASS C exact locked source /workspace/scratch/a29d03198654/Aether/candidates/round40-exclusive-20260930/project/assets/reflection51b/clip_material_106.tres
PASS C exact locked source /workspace/scratch/a29d03198654/Aether/candidates/round40-exclusive-20260930/project/assets/reflection51b/clip_material_107.tres
PASS C exact locked source /workspace/scratch/a29d03198654/Aether/candidates/round40-exclusive-20260930/project/assets/reflection51b/clip_material_108.tres
PASS C exact locked source /workspace/scratch/a29d03198654/Aether/candidates/round40-exclusive-20260930/project/assets/reflection51b/clip_material_109.tres
PASS C exact locked source /workspace/scratch/a29d03198654/Aether/candidates/round40-exclusive-20260930/project/assets/reflection51b/clip_material_110.tres
PASS C exact locked source /workspace/scratch/a29d03198654/Aether/candidates/round40-exclusive-20260930/project/assets/reflection51b/clip_material_111.tres
PASS C exact locked source /workspace/scratch/a29d03198654/Aether/candidates/round40-exclusive-20260930/project/assets/reflection51b/clip_material_112.tres
PASS C exact locked source /workspace/scratch/a29d03198654/Aether/candidates/round40-exclusive-20260930/project/assets/reflection51b/clip_material_113.tres
PASS C exact locked source /workspace/scratch/a29d03198654/Aether/candidates/round40-exclusive-20260930/project/assets/reflection51b/clip_shader_000.tres
PASS C exact locked source /workspace/scratch/a29d03198654/Aether/candidates/round40-exclusive-20260930/project/assets/reflection51b/clip_shader_001.tres
PASS C exact locked source /workspace/scratch/a29d03198654/Aether/candidates/round40-exclusive-20260930/project/assets/reflection51b/clip_shader_002.tres
PASS C exact locked source /workspace/scratch/a29d03198654/Aether/candidates/round40-exclusive-20260930/project/assets/reflection51b/clip_shader_003.tres
PASS C exact locked source /workspace/scratch/a29d03198654/Aether/candidates/round40-exclusive-20260930/project/assets/reflection51b/clip_shader_004.tres
PASS C exact locked source /workspace/scratch/a29d03198654/Aether/candidates/round40-exclusive-20260930/project/assets/reflection51b/clip_shader_005.tres
PASS C exact locked source /workspace/scratch/a29d03198654/Aether/candidates/round40-exclusive-20260930/project/assets/reflection51b/clip_shader_006.tres
PASS C exact locked source /workspace/scratch/a29d03198654/Aether/candidates/round40-exclusive-20260930/project/assets/reflection51b/clip_shader_007.tres
PASS C exact locked source /workspace/scratch/a29d03198654/Aether/candidates/round40-exclusive-20260930/project/assets/reflection51b/clip_shader_008.tres
PASS C exact locked source /workspace/scratch/a29d03198654/Aether/candidates/round40-exclusive-20260930/project/assets/reflection51b/clip_shader_009.tres
PASS C exact locked source /workspace/scratch/a29d03198654/Aether/candidates/round40-exclusive-20260930/project/assets/reflection51b/clip_shader_010.tres
PASS C exact locked source /workspace/scratch/a29d03198654/Aether/candidates/round40-exclusive-20260930/project/assets/reflection51b/clip_shader_011.tres
PASS C exact locked source res://assets/rim53d-west/ridge_shoulders.mesh
PASS C exact locked source res://assets/rim53d-west/snow_cap.mesh
PASS C exact locked source res://assets/rim53d-west/snow_gully.mesh
PASS C exact locked source res://assets/rim53d-west/shore_rock_apron.mesh
PASS C exact locked source res://assets/rim53d-west/massif_west_spur_collision.res
PASS C exact locked source res://assets/rim53d-west/Grounded_oak_0_-3.res
PASS C exact locked source res://assets/rim53d-west/Grounded_poplar_0_-3.res
PASS C exact locked source res://assets/rim53d-west/Grounded_bush_0_-3.res
PASS C exact locked source res://assets/rim53d-west/Grounded_rock_0_-3.res
PASS C exact locked source res://scenes/candidate53d-west/massif_west_spur.tscn
PASS C exact locked source res://scripts/game.gd
PASS C exact locked source res://scripts/game42b.gd
PASS C exact locked source res://scripts/airship_body.gd
PASS C exact locked source res://scripts/open_world.gd
PASS C exact locked source res://scripts/lake_reflection51b.gd
PASS C exact locked source res://project.godot
PASS C exact locked source res://assets/reference_views42.json
NEAR_SHIP53WEST STAGE C_before_single_scene_load
WORLD READY: 208 independent terrain scenes, 54797 saved scatter instances, 169 scene landmarks, 6 scene ports
PASS C callback freeze preserves actual physics
PASS C starts from unchanged original reference camera 1128
PASS Actual visible geometry and two body shapes collected
PASS C search proxy and exact final geometry
PASS Saved actual 1128/A-original/main
PASS Saved actual 1128/A-original/reflection
NEAR_SHIP53WEST STAGE 1128_A-original
PASS C original A full body/visual/propeller volume remains clear 1128
PASS C full real/mirror visibility and actual physical candidate 1128
PASS C changes only authorized camera/ship transforms; optics/textures/scale/world exact 1128
PASS Actual placed C has complete real/mirror frusta and physical clearance 1128
PASS Saved actual 1128/C-camera-and-ship-study/main
PASS Saved actual 1128/C-camera-and-ship-study/reflection
NEAR_SHIP53WEST STAGE 1128_C-camera-and-ship-study
PASS C camera exact local matrix and original derived components restored
PASS Exact complete A runtime state restored; original camera/FOV/geometry/environment/collision retained
PASS Saved actual 1128/A2-restored/main
PASS Saved actual 1128/A2-restored/reflection
NEAR_SHIP53WEST STAGE 1128_A2-restored
PASS C A/C/A2 full-state and both-image strict restoration 1128
NEAR_SHIP53WEST STAGE 1128_C_and_exact_restore_verified
PASS C starts from unchanged original reference camera 1129
PASS Actual visible geometry and two body shapes collected
PASS C search proxy and exact final geometry
PASS Saved actual 1129/A-original/main
PASS Saved actual 1129/A-original/reflection
NEAR_SHIP53WEST STAGE 1129_A-original
PASS C original A full body/visual/propeller volume remains clear 1129
PASS C full real/mirror visibility and actual physical candidate 1129
PASS C changes only authorized camera/ship transforms; optics/textures/scale/world exact 1129
PASS Actual placed C has complete real/mirror frusta and physical clearance 1129
PASS Saved actual 1129/C-camera-and-ship-study/main
PASS Saved actual 1129/C-camera-and-ship-study/reflection
NEAR_SHIP53WEST STAGE 1129_C-camera-and-ship-study
PASS C camera exact local matrix and original derived components restored
PASS Exact complete A runtime state restored; original camera/FOV/geometry/environment/collision retained
PASS Saved actual 1129/A2-restored/main
PASS Saved actual 1129/A2-restored/reflection
NEAR_SHIP53WEST STAGE 1129_A2-restored
PASS C A/C/A2 full-state and both-image strict restoration 1129
NEAR_SHIP53WEST STAGE 1129_C_and_exact_restore_verified
PASS C camera exact local matrix and original derived components restored
PASS Exact complete A runtime state restored; original camera/FOV/geometry/environment/collision retained
PASS Source preserved res://scenes/candidate53d-west/Game53dWest.tscn
PASS Source preserved res://scenes/candidate53d-west/build-report-west53.json
PASS Source preserved /workspace/scratch/a29d03198654/Aether/source-assets/lake-rim53/integration-west53/integration-manifest.json
PASS Source preserved /workspace/scratch/a29d03198654/Aether/cloud-evidence/rim53d-west-verify-v2-20261001T064631Z-OrTCQY/verify-report-west53-v2.json
PASS Source preserved /workspace/scratch/a29d03198654/Aether/source-assets/near-ship53west/reference-measurements.json
PASS Source preserved res://tools/observe_near_ship53west_v2.gd
PASS Source preserved /workspace/scratch/a29d03198654/Aether/source-assets/near-ship53west/c-study/reference-main-and-mirror-measurements.json
PASS Source preserved /workspace/scratch/a29d03198654/Aether/source-assets/near-ship53west/c-study/c-math-proposals.json
PASS Source preserved /workspace/scratch/a29d03198654/Aether/cloud-evidence/near-ship53west-v2-renderer-20261001T072841Z-i9rjqlen/images/near-ship-report.json
PASS Source preserved /workspace/scratch/a29d03198654/Aether/source-assets/lake-rim53/revision-d/massif_west_spur_rim53.blend
PASS Source preserved /workspace/scratch/a29d03198654/Aether/source-assets/lake-rim53/revision-d/massif_west_spur_rim53.glb
PASS Source preserved /workspace/scratch/a29d03198654/Aether/source-assets/lake-rim53/revision-d/rim53-payload.json
PASS Source preserved /workspace/scratch/a29d03198654/Aether/source-assets/lake-rim53/revision-d/sculpt-report.json
PASS Source preserved /workspace/scratch/a29d03198654/Aether/source-assets/lake-rim53/revision-d/native-readback-impact.json
PASS Source preserved /workspace/scratch/a29d03198654/Aether/source-assets/lake-rim53/revision-d/root-join-check.json
PASS Source preserved /workspace/scratch/a29d03198654/Aether/source-assets/lake-rim53/revision-d/continuous-water-footprint-proof.json
PASS Source preserved /workspace/scratch/a29d03198654/Aether/source-assets/lake-rim53/base51b.json
PASS Source preserved /workspace/scratch/a29d03198654/Aether/source-assets/lake-rim53/integration-west53/integration-payload.json
PASS Source preserved /workspace/scratch/a29d03198654/Aether/source-assets/lake-rim53/integration-west53/scatter-reconcile-report.json
PASS Source preserved /workspace/scratch/a29d03198654/Aether/source-assets/lake-rim53/integration-west53/west53_audit.gd
PASS Source preserved /workspace/scratch/a29d03198654/Aether/source-assets/lake-rim53/integration-west53/build_west53.gd
PASS Source preserved /workspace/scratch/a29d03198654/Aether/source-assets/lake-rim53/integration-west53/source-visual-gate.json
PASS Source preserved /workspace/scratch/a29d03198654/Aether/source-assets/lake-rim53/integration-west53/runtime-probes.json
PASS Source preserved /workspace/scratch/a29d03198654/Aether/candidates/round40-exclusive-20260930/project/scenes/candidate51b/build-report-51b.json
PASS Source preserved /workspace/scratch/a29d03198654/Aether/candidates/round40-exclusive-20260930/project/assets/reflection51b/clip_material_000.tres
PASS Source preserved /workspace/scratch/a29d03198654/Aether/candidates/round40-exclusive-20260930/project/assets/reflection51b/clip_material_001.tres
PASS Source preserved /workspace/scratch/a29d03198654/Aether/candidates/round40-exclusive-20260930/project/assets/reflection51b/clip_material_002.tres
PASS Source preserved /workspace/scratch/a29d03198654/Aether/candidates/round40-exclusive-20260930/project/assets/reflection51b/clip_material_003.tres
PASS Source preserved /workspace/scratch/a29d03198654/Aether/candidates/round40-exclusive-20260930/project/assets/reflection51b/clip_material_004.tres
PASS Source preserved /workspace/scratch/a29d03198654/Aether/candidates/round40-exclusive-20260930/project/assets/reflection51b/clip_material_005.tres
PASS Source preserved /workspace/scratch/a29d03198654/Aether/candidates/round40-exclusive-20260930/project/assets/reflection51b/clip_material_006.tres
PASS Source preserved /workspace/scratch/a29d03198654/Aether/candidates/round40-exclusive-20260930/project/assets/reflection51b/clip_material_007.tres
PASS Source preserved /workspace/scratch/a29d03198654/Aether/candidates/round40-exclusive-20260930/project/assets/reflection51b/clip_material_008.tres
PASS Source preserved /workspace/scratch/a29d03198654/Aether/candidates/round40-exclusive-20260930/project/assets/reflection51b/clip_material_009.tres
PASS Source preserved /workspace/scratch/a29d03198654/Aether/candidates/round40-exclusive-20260930/project/assets/reflection51b/clip_material_010.tres
PASS Source preserved /workspace/scratch/a29d03198654/Aether/candidates/round40-exclusive-20260930/project/assets/reflection51b/clip_material_011.tres
PASS Source preserved /workspace/scratch/a29d03198654/Aether/candidates/round40-exclusive-20260930/project/assets/reflection51b/clip_material_012.tres
PASS Source preserved /workspace/scratch/a29d03198654/Aether/candidates/round40-exclusive-20260930/project/assets/reflection51b/clip_material_013.tres
PASS Source preserved /workspace/scratch/a29d03198654/Aether/candidates/round40-exclusive-20260930/project/assets/reflection51b/clip_material_014.tres
PASS Source preserved /workspace/scratch/a29d03198654/Aether/candidates/round40-exclusive-20260930/project/assets/reflection51b/clip_material_015.tres
PASS Source preserved /workspace/scratch/a29d03198654/Aether/candidates/round40-exclusive-20260930/project/assets/reflection51b/clip_material_016.tres
PASS Source preserved /workspace/scratch/a29d03198654/Aether/candidates/round40-exclusive-20260930/project/assets/reflection51b/clip_material_017.tres
PASS Source preserved /workspace/scratch/a29d03198654/Aether/candidates/round40-exclusive-20260930/project/assets/reflection51b/clip_material_018.tres
PASS Source preserved /workspace/scratch/a29d03198654/Aether/candidates/round40-exclusive-20260930/project/assets/reflection51b/clip_material_019.tres
PASS Source preserved /workspace/scratch/a29d03198654/Aether/candidates/round40-exclusive-20260930/project/assets/reflection51b/clip_material_020.tres
PASS Source preserved /workspace/scratch/a29d03198654/Aether/candidates/round40-exclusive-20260930/project/assets/reflection51b/clip_material_021.tres
PASS Source preserved /workspace/scratch/a29d03198654/Aether/candidates/round40-exclusive-20260930/project/assets/reflection51b/clip_material_022.tres
PASS Source preserved /workspace/scratch/a29d03198654/Aether/candidates/round40-exclusive-20260930/project/assets/reflection51b/clip_material_023.tres
PASS Source preserved /workspace/scratch/a29d03198654/Aether/candidates/round40-exclusive-20260930/project/assets/reflection51b/clip_material_024.tres
PASS Source preserved /workspace/scratch/a29d03198654/Aether/candidates/round40-exclusive-20260930/project/assets/reflection51b/clip_material_025.tres
PASS Source preserved /workspace/scratch/a29d03198654/Aether/candidates/round40-exclusive-20260930/project/assets/reflection51b/clip_material_026.tres
PASS Source preserved /workspace/scratch/a29d03198654/Aether/candidates/round40-exclusive-20260930/project/assets/reflection51b/clip_material_027.tres
PASS Source preserved /workspace/scratch/a29d03198654/Aether/candidates/round40-exclusive-20260930/project/assets/reflection51b/clip_material_028.tres
PASS Source preserved /workspace/scratch/a29d03198654/Aether/candidates/round40-exclusive-20260930/project/assets/reflection51b/clip_material_029.tres
PASS Source preserved /workspace/scratch/a29d03198654/Aether/candidates/round40-exclusive-20260930/project/assets/reflection51b/clip_material_030.tres
PASS Source preserved /workspace/scratch/a29d03198654/Aether/candidates/round40-exclusive-20260930/project/assets/reflection51b/clip_material_031.tres
PASS Source preserved /workspace/scratch/a29d03198654/Aether/candidates/round40-exclusive-20260930/project/assets/reflection51b/clip_material_032.tres
PASS Source preserved /workspace/scratch/a29d03198654/Aether/candidates/round40-exclusive-20260930/project/assets/reflection51b/clip_material_033.tres
PASS Source preserved /workspace/scratch/a29d03198654/Aether/candidates/round40-exclusive-20260930/project/assets/reflection51b/clip_material_034.tres
PASS Source preserved /workspace/scratch/a29d03198654/Aether/candidates/round40-exclusive-20260930/project/assets/reflection51b/clip_material_035.tres
PASS Source preserved /workspace/scratch/a29d03198654/Aether/candidates/round40-exclusive-20260930/project/assets/reflection51b/clip_material_036.tres
PASS Source preserved /workspace/scratch/a29d03198654/Aether/candidates/round40-exclusive-20260930/project/assets/reflection51b/clip_material_037.tres
PASS Source preserved /workspace/scratch/a29d03198654/Aether/candidates/round40-exclusive-20260930/project/assets/reflection51b/clip_material_038.tres
PASS Source preserved /workspace/scratch/a29d03198654/Aether/candidates/round40-exclusive-20260930/project/assets/reflection51b/clip_material_039.tres
PASS Source preserved /workspace/scratch/a29d03198654/Aether/candidates/round40-exclusive-20260930/project/assets/reflection51b/clip_material_040.tres
PASS Source preserved /workspace/scratch/a29d03198654/Aether/candidates/round40-exclusive-20260930/project/assets/reflection51b/clip_material_041.tres
PASS Source preserved /workspace/scratch/a29d03198654/Aether/candidates/round40-exclusive-20260930/project/assets/reflection51b/clip_material_042.tres
PASS Source preserved /workspace/scratch/a29d03198654/Aether/candidates/round40-exclusive-20260930/project/assets/reflection51b/clip_material_043.tres
PASS Source preserved /workspace/scratch/a29d03198654/Aether/candidates/round40-exclusive-20260930/project/assets/reflection51b/clip_material_044.tres
PASS Source preserved /workspace/scratch/a29d03198654/Aether/candidates/round40-exclusive-20260930/project/assets/reflection51b/clip_material_045.tres
PASS Source preserved /workspace/scratch/a29d03198654/Aether/candidates/round40-exclusive-20260930/project/assets/reflection51b/clip_material_046.tres
PASS Source preserved /workspace/scratch/a29d03198654/Aether/candidates/round40-exclusive-20260930/project/assets/reflection51b/clip_material_047.tres
PASS Source preserved /workspace/scratch/a29d03198654/Aether/candidates/round40-exclusive-20260930/project/assets/reflection51b/clip_material_048.tres
PASS Source preserved /workspace/scratch/a29d03198654/Aether/candidates/round40-exclusive-20260930/project/assets/reflection51b/clip_material_049.tres
PASS Source preserved /workspace/scratch/a29d03198654/Aether/candidates/round40-exclusive-20260930/project/assets/reflection51b/clip_material_050.tres
PASS Source preserved /workspace/scratch/a29d03198654/Aether/candidates/round40-exclusive-20260930/project/assets/reflection51b/clip_material_051.tres
PASS Source preserved /workspace/scratch/a29d03198654/Aether/candidates/round40-exclusive-20260930/project/assets/reflection51b/clip_material_052.tres
PASS Source preserved /workspace/scratch/a29d03198654/Aether/candidates/round40-exclusive-20260930/project/assets/reflection51b/clip_material_053.tres
PASS Source preserved /workspace/scratch/a29d03198654/Aether/candidates/round40-exclusive-20260930/project/assets/reflection51b/clip_material_054.tres
PASS Source preserved /workspace/scratch/a29d03198654/Aether/candidates/round40-exclusive-20260930/project/assets/reflection51b/clip_material_055.tres
PASS Source preserved /workspace/scratch/a29d03198654/Aether/candidates/round40-exclusive-20260930/project/assets/reflection51b/clip_material_056.tres
PASS Source preserved /workspace/scratch/a29d03198654/Aether/candidates/round40-exclusive-20260930/project/assets/reflection51b/clip_material_057.tres
PASS Source preserved /workspace/scratch/a29d03198654/Aether/candidates/round40-exclusive-20260930/project/assets/reflection51b/clip_material_058.tres
PASS Source preserved /workspace/scratch/a29d03198654/Aether/candidates/round40-exclusive-20260930/project/assets/reflection51b/clip_material_059.tres
PASS Source preserved /workspace/scratch/a29d03198654/Aether/candidates/round40-exclusive-20260930/project/assets/reflection51b/clip_material_060.tres
PASS Source preserved /workspace/scratch/a29d03198654/Aether/candidates/round40-exclusive-20260930/project/assets/reflection51b/clip_material_061.tres
PASS Source preserved /workspace/scratch/a29d03198654/Aether/candidates/round40-exclusive-20260930/project/assets/reflection51b/clip_material_062.tres
PASS Source preserved /workspace/scratch/a29d03198654/Aether/candidates/round40-exclusive-20260930/project/assets/reflection51b/clip_material_063.tres
PASS Source preserved /workspace/scratch/a29d03198654/Aether/candidates/round40-exclusive-20260930/project/assets/reflection51b/clip_material_064.tres
PASS Source preserved /workspace/scratch/a29d03198654/Aether/candidates/round40-exclusive-20260930/project/assets/reflection51b/clip_material_065.tres
PASS Source preserved /workspace/scratch/a29d03198654/Aether/candidates/round40-exclusive-20260930/project/assets/reflection51b/clip_material_066.tres
PASS Source preserved /workspace/scratch/a29d03198654/Aether/candidates/round40-exclusive-20260930/project/assets/reflection51b/clip_material_067.tres
PASS Source preserved /workspace/scratch/a29d03198654/Aether/candidates/round40-exclusive-20260930/project/assets/reflection51b/clip_material_068.tres
PASS Source preserved /workspace/scratch/a29d03198654/Aether/candidates/round40-exclusive-20260930/project/assets/reflection51b/clip_material_069.tres
PASS Source preserved /workspace/scratch/a29d03198654/Aether/candidates/round40-exclusive-20260930/project/assets/reflection51b/clip_material_070.tres
PASS Source preserved /workspace/scratch/a29d03198654/Aether/candidates/round40-exclusive-20260930/project/assets/reflection51b/clip_material_071.tres
PASS Source preserved /workspace/scratch/a29d03198654/Aether/candidates/round40-exclusive-20260930/project/assets/reflection51b/clip_material_072.tres
PASS Source preserved /workspace/scratch/a29d03198654/Aether/candidates/round40-exclusive-20260930/project/assets/reflection51b/clip_material_073.tres
PASS Source preserved /workspace/scratch/a29d03198654/Aether/candidates/round40-exclusive-20260930/project/assets/reflection51b/clip_material_074.tres
PASS Source preserved /workspace/scratch/a29d03198654/Aether/candidates/round40-exclusive-20260930/project/assets/reflection51b/clip_material_075.tres
PASS Source preserved /workspace/scratch/a29d03198654/Aether/candidates/round40-exclusive-20260930/project/assets/reflection51b/clip_material_076.tres
PASS Source preserved /workspace/scratch/a29d03198654/Aether/candidates/round40-exclusive-20260930/project/assets/reflection51b/clip_material_077.tres
PASS Source preserved /workspace/scratch/a29d03198654/Aether/candidates/round40-exclusive-20260930/project/assets/reflection51b/clip_material_078.tres
PASS Source preserved /workspace/scratch/a29d03198654/Aether/candidates/round40-exclusive-20260930/project/assets/reflection51b/clip_material_079.tres
PASS Source preserved /workspace/scratch/a29d03198654/Aether/candidates/round40-exclusive-20260930/project/assets/reflection51b/clip_material_080.tres
PASS Source preserved /workspace/scratch/a29d03198654/Aether/candidates/round40-exclusive-20260930/project/assets/reflection51b/clip_material_081.tres
PASS Source preserved /workspace/scratch/a29d03198654/Aether/candidates/round40-exclusive-20260930/project/assets/reflection51b/clip_material_082.tres
PASS Source preserved /workspace/scratch/a29d03198654/Aether/candidates/round40-exclusive-20260930/project/assets/reflection51b/clip_material_083.tres
PASS Source preserved /workspace/scratch/a29d03198654/Aether/candidates/round40-exclusive-20260930/project/assets/reflection51b/clip_material_084.tres
PASS Source preserved /workspace/scratch/a29d03198654/Aether/candidates/round40-exclusive-20260930/project/assets/reflection51b/clip_material_085.tres
PASS Source preserved /workspace/scratch/a29d03198654/Aether/candidates/round40-exclusive-20260930/project/assets/reflection51b/clip_material_086.tres
PASS Source preserved /workspace/scratch/a29d03198654/Aether/candidates/round40-exclusive-20260930/project/assets/reflection51b/clip_material_087.tres
PASS Source preserved /workspace/scratch/a29d03198654/Aether/candidates/round40-exclusive-20260930/project/assets/reflection51b/clip_material_088.tres
PASS Source preserved /workspace/scratch/a29d03198654/Aether/candidates/round40-exclusive-20260930/project/assets/reflection51b/clip_material_089.tres
PASS Source preserved /workspace/scratch/a29d03198654/Aether/candidates/round40-exclusive-20260930/project/assets/reflection51b/clip_material_090.tres
PASS Source preserved /workspace/scratch/a29d03198654/Aether/candidates/round40-exclusive-20260930/project/assets/reflection51b/clip_material_091.tres
PASS Source preserved /workspace/scratch/a29d03198654/Aether/candidates/round40-exclusive-20260930/project/assets/reflection51b/clip_material_092.tres
PASS Source preserved /workspace/scratch/a29d03198654/Aether/candidates/round40-exclusive-20260930/project/assets/reflection51b/clip_material_093.tres
PASS Source preserved /workspace/scratch/a29d03198654/Aether/candidates/round40-exclusive-20260930/project/assets/reflection51b/clip_material_094.tres
PASS Source preserved /workspace/scratch/a29d03198654/Aether/candidates/round40-exclusive-20260930/project/assets/reflection51b/clip_material_095.tres
PASS Source preserved /workspace/scratch/a29d03198654/Aether/candidates/round40-exclusive-20260930/project/assets/reflection51b/clip_material_096.tres
PASS Source preserved /workspace/scratch/a29d03198654/Aether/candidates/round40-exclusive-20260930/project/assets/reflection51b/clip_material_097.tres
PASS Source preserved /workspace/scratch/a29d03198654/Aether/candidates/round40-exclusive-20260930/project/assets/reflection51b/clip_material_098.tres
PASS Source preserved /workspace/scratch/a29d03198654/Aether/candidates/round40-exclusive-20260930/project/assets/reflection51b/clip_material_099.tres
PASS Source preserved /workspace/scratch/a29d03198654/Aether/candidates/round40-exclusive-20260930/project/assets/reflection51b/clip_material_100.tres
PASS Source preserved /workspace/scratch/a29d03198654/Aether/candidates/round40-exclusive-20260930/project/assets/reflection51b/clip_material_101.tres
PASS Source preserved /workspace/scratch/a29d03198654/Aether/candidates/round40-exclusive-20260930/project/assets/reflection51b/clip_material_102.tres
PASS Source preserved /workspace/scratch/a29d03198654/Aether/candidates/round40-exclusive-20260930/project/assets/reflection51b/clip_material_103.tres
PASS Source preserved /workspace/scratch/a29d03198654/Aether/candidates/round40-exclusive-20260930/project/assets/reflection51b/clip_material_104.tres
PASS Source preserved /workspace/scratch/a29d03198654/Aether/candidates/round40-exclusive-20260930/project/assets/reflection51b/clip_material_105.tres
PASS Source preserved /workspace/scratch/a29d03198654/Aether/candidates/round40-exclusive-20260930/project/assets/reflection51b/clip_material_106.tres
PASS Source preserved /workspace/scratch/a29d03198654/Aether/candidates/round40-exclusive-20260930/project/assets/reflection51b/clip_material_107.tres
PASS Source preserved /workspace/scratch/a29d03198654/Aether/candidates/round40-exclusive-20260930/project/assets/reflection51b/clip_material_108.tres
PASS Source preserved /workspace/scratch/a29d03198654/Aether/candidates/round40-exclusive-20260930/project/assets/reflection51b/clip_material_109.tres
PASS Source preserved /workspace/scratch/a29d03198654/Aether/candidates/round40-exclusive-20260930/project/assets/reflection51b/clip_material_110.tres
PASS Source preserved /workspace/scratch/a29d03198654/Aether/candidates/round40-exclusive-20260930/project/assets/reflection51b/clip_material_111.tres
PASS Source preserved /workspace/scratch/a29d03198654/Aether/candidates/round40-exclusive-20260930/project/assets/reflection51b/clip_material_112.tres
PASS Source preserved /workspace/scratch/a29d03198654/Aether/candidates/round40-exclusive-20260930/project/assets/reflection51b/clip_material_113.tres
PASS Source preserved /workspace/scratch/a29d03198654/Aether/candidates/round40-exclusive-20260930/project/assets/reflection51b/clip_shader_000.tres
PASS Source preserved /workspace/scratch/a29d03198654/Aether/candidates/round40-exclusive-20260930/project/assets/reflection51b/clip_shader_001.tres
PASS Source preserved /workspace/scratch/a29d03198654/Aether/candidates/round40-exclusive-20260930/project/assets/reflection51b/clip_shader_002.tres
PASS Source preserved /workspace/scratch/a29d03198654/Aether/candidates/round40-exclusive-20260930/project/assets/reflection51b/clip_shader_003.tres
PASS Source preserved /workspace/scratch/a29d03198654/Aether/candidates/round40-exclusive-20260930/project/assets/reflection51b/clip_shader_004.tres
PASS Source preserved /workspace/scratch/a29d03198654/Aether/candidates/round40-exclusive-20260930/project/assets/reflection51b/clip_shader_005.tres
PASS Source preserved /workspace/scratch/a29d03198654/Aether/candidates/round40-exclusive-20260930/project/assets/reflection51b/clip_shader_006.tres
PASS Source preserved /workspace/scratch/a29d03198654/Aether/candidates/round40-exclusive-20260930/project/assets/reflection51b/clip_shader_007.tres
PASS Source preserved /workspace/scratch/a29d03198654/Aether/candidates/round40-exclusive-20260930/project/assets/reflection51b/clip_shader_008.tres
PASS Source preserved /workspace/scratch/a29d03198654/Aether/candidates/round40-exclusive-20260930/project/assets/reflection51b/clip_shader_009.tres
PASS Source preserved /workspace/scratch/a29d03198654/Aether/candidates/round40-exclusive-20260930/project/assets/reflection51b/clip_shader_010.tres
PASS Source preserved /workspace/scratch/a29d03198654/Aether/candidates/round40-exclusive-20260930/project/assets/reflection51b/clip_shader_011.tres
PASS Source preserved res://assets/rim53d-west/ridge_shoulders.mesh
PASS Source preserved res://assets/rim53d-west/snow_cap.mesh
PASS Source preserved res://assets/rim53d-west/snow_gully.mesh
PASS Source preserved res://assets/rim53d-west/shore_rock_apron.mesh
PASS Source preserved res://assets/rim53d-west/massif_west_spur_collision.res
PASS Source preserved res://assets/rim53d-west/Grounded_oak_0_-3.res
PASS Source preserved res://assets/rim53d-west/Grounded_poplar_0_-3.res
PASS Source preserved res://assets/rim53d-west/Grounded_bush_0_-3.res
PASS Source preserved res://assets/rim53d-west/Grounded_rock_0_-3.res
PASS Source preserved res://scenes/candidate53d-west/massif_west_spur.tscn
PASS Source preserved res://scripts/game.gd
PASS Source preserved res://scripts/game42b.gd
PASS Source preserved res://scripts/airship_body.gd
PASS Source preserved res://scripts/open_world.gd
PASS Source preserved res://scripts/lake_reflection51b.gd
PASS Source preserved res://project.godot
PASS Source preserved res://assets/reference_views42.json
