Godot Engine v4.5.1.stable.official.f62fdbde1 - https://godotengine.org
OpenGL API 4.5 (Core Profile) Mesa 25.0.7-2+deb13u1 - Compatibility - Using Device: Mesa - llvmpipe (LLVM 19.1.7, 256 bits)

WORLD READY: 208 independent terrain scenes, 54797 saved scatter instances, 169 scene landmarks, 6 scene ports
PASS Existing 208 authored terrain tiles retained
PASS Authored scatter retained
PASS Persisted weather buffer Rain
PASS Persisted weather buffer Snow
PASS Rendered image saved boot-controller-original
PASS Native 11-part upper cloud 0
PASS Undistorted volumetric upper cloud 0
PASS Native 11-part upper cloud 1
PASS Undistorted volumetric upper cloud 1
PASS Native 11-part upper cloud 2
PASS Undistorted volumetric upper cloud 2
PASS Native 11-part upper cloud 3
PASS Undistorted volumetric upper cloud 3
PASS Native 11-part upper cloud 4
PASS Undistorted volumetric upper cloud 4
PASS Native 11-part upper cloud 5
PASS Undistorted volumetric upper cloud 5
PASS Native 11-part upper cloud 6
PASS Undistorted volumetric upper cloud 6
PASS Native 11-part upper cloud 7
PASS Undistorted volumetric upper cloud 7
PASS Native 11-part upper cloud 8
PASS Undistorted volumetric upper cloud 8
PASS Native 11-part upper cloud 9
PASS Undistorted volumetric upper cloud 9
PASS Native 11-part upper cloud 10
PASS Undistorted volumetric upper cloud 10
PASS Native 11-part upper cloud 11
PASS Undistorted volumetric upper cloud 11
PASS Native 21-part distant44 bank DistantCloudBank41_-4_-4
PASS Native 21-part distant44 bank DistantCloudBank41_-4_-3
PASS Native 21-part distant44 bank DistantCloudBank41_-4_-2
PASS Native 21-part distant44 bank DistantCloudBank41_-4_-1
PASS Native 21-part distant44 bank DistantCloudBank41_-4_0
PASS Native 21-part distant44 bank DistantCloudBank41_-4_1
PASS Native 21-part distant44 bank DistantCloudBank41_-4_2
PASS Native 21-part distant44 bank DistantCloudBank41_-4_3
PASS Native 21-part distant44 bank DistantCloudBank41_-4_4
PASS Native 21-part distant44 bank DistantCloudBank41_-3_-4
PASS Native 21-part distant44 bank DistantCloudBank41_-3_-3
PASS Native 21-part distant44 bank DistantCloudBank41_-3_-2
PASS Native 21-part distant44 bank DistantCloudBank41_-3_-1
PASS Native 21-part distant44 bank DistantCloudBank41_-3_0
PASS Native 21-part distant44 bank DistantCloudBank41_-3_1
PASS Native 21-part distant44 bank DistantCloudBank41_-3_2
PASS Native 21-part distant44 bank DistantCloudBank41_-3_3
PASS Native 21-part distant44 bank DistantCloudBank41_-3_4
PASS Native 21-part distant44 bank DistantCloudBank41_-2_-4
PASS Native 21-part distant44 bank DistantCloudBank41_-2_-3
PASS Native 21-part distant44 bank DistantCloudBank41_-2_3
PASS Native 21-part distant44 bank DistantCloudBank41_-2_4
PASS Native 21-part distant44 bank DistantCloudBank41_-1_-4
PASS Native 21-part distant44 bank DistantCloudBank41_-1_-3
PASS Native 21-part distant44 bank DistantCloudBank41_-1_3
PASS Native 21-part distant44 bank DistantCloudBank41_-1_4
PASS Native 21-part distant44 bank DistantCloudBank41_0_-4
PASS Native 21-part distant44 bank DistantCloudBank41_0_-3
PASS Native 21-part distant44 bank DistantCloudBank41_0_3
PASS Native 21-part distant44 bank DistantCloudBank41_0_4
PASS Native 21-part distant44 bank DistantCloudBank41_1_-4
PASS Native 21-part distant44 bank DistantCloudBank41_1_-3
PASS Native 21-part distant44 bank DistantCloudBank41_1_3
PASS Native 21-part distant44 bank DistantCloudBank41_1_4
PASS Native 21-part distant44 bank DistantCloudBank41_2_-4
PASS Native 21-part distant44 bank DistantCloudBank41_2_-3
PASS Native 21-part distant44 bank DistantCloudBank41_2_3
PASS Native 21-part distant44 bank DistantCloudBank41_2_4
PASS Native 21-part distant44 bank DistantCloudBank41_3_-4
PASS Native 21-part distant44 bank DistantCloudBank41_3_-3
PASS Native 21-part distant44 bank DistantCloudBank41_3_-2
PASS Native 21-part distant44 bank DistantCloudBank41_3_-1
PASS Native 21-part distant44 bank DistantCloudBank41_3_0
PASS Native 21-part distant44 bank DistantCloudBank41_3_1
PASS Native 21-part distant44 bank DistantCloudBank41_3_2
PASS Native 21-part distant44 bank DistantCloudBank41_3_3
PASS Native 21-part distant44 bank DistantCloudBank41_3_4
PASS Native 21-part distant44 bank DistantCloudBank41_4_-4
PASS Native 21-part distant44 bank DistantCloudBank41_4_-3
PASS Native 21-part distant44 bank DistantCloudBank41_4_-2
PASS Native 21-part distant44 bank DistantCloudBank41_4_-1
PASS Native 21-part distant44 bank DistantCloudBank41_4_0
PASS Native 21-part distant44 bank DistantCloudBank41_4_1
PASS Native 21-part distant44 bank DistantCloudBank41_4_2
PASS Native 21-part distant44 bank DistantCloudBank41_4_3
PASS Native 21-part distant44 bank DistantCloudBank41_4_4
PASS All 56 original distant-bank placements retained
PASS Rendered image saved distant44-all-reference-1343
PASS Rendered image saved distant44-all-reference-1343-side
PASS Rendered image saved distant44-all-reference-1343-back
PASS Rendered image saved distant44-all-reference-1343-translated
PASS Rendered image saved distant44-all-reference-1342
PASS Rendered image saved distant44-all-reference-1128
PASS Rendered image saved distant44-all-reference-1128-side
PASS Rendered image saved distant44-all-reference-1128-back
PASS Rendered image saved distant44-all-reference-1128-translated
PASS Rendered image saved distant44-all-reference-1216
PASS Rendered image saved distant44-all-reference-1216-side
PASS Rendered image saved distant44-all-reference-1216-back
PASS Rendered image saved distant44-all-reference-1216-translated
PASS Rendered image saved diagnostic44-1343-all-clouds
PASS Rendered image saved diagnostic44-1343-without-upper
PASS Rendered image saved diagnostic44-1343-without-sea
PASS Rendered image saved diagnostic44-1343-without-distant
PASS Rendered image saved diagnostic44-1343-without-world
PASS Rendered image saved diagnostic44-1343-without-coastal
PASS Rendered image saved diagnostic44-1128-all-clouds
PASS Rendered image saved diagnostic44-1128-without-upper
PASS Rendered image saved diagnostic44-1128-without-sea
PASS Rendered image saved diagnostic44-1128-without-distant
PASS Rendered image saved diagnostic44-1128-without-world
PASS Rendered image saved diagnostic44-1128-without-coastal
PASS Rendered image saved diagnostic44-1216-all-clouds
PASS Rendered image saved diagnostic44-1216-without-upper
PASS Rendered image saved diagnostic44-1216-without-sea
PASS Rendered image saved diagnostic44-1216-without-distant
PASS Rendered image saved diagnostic44-1216-without-world
PASS Rendered image saved diagnostic44-1216-without-coastal
