Godot Engine v4.5.1.stable.official.f62fdbde1 - https://godotengine.org
OpenGL API 4.5 (Core Profile) Mesa 25.0.7-2+deb13u1 - Compatibility - Using Device: Mesa - llvmpipe (LLVM 19.1.7, 256 bits)

WORLD READY: 208 independent terrain scenes, 54797 saved scatter instances, 169 scene landmarks, 6 scene ports
PASS Existing 208 authored terrain tiles retained
PASS Authored scatter retained
PASS Persisted weather buffer Rain
PASS Persisted weather buffer Snow
PASS Rendered image saved boot-controller-original
PASS Native 11-part upper cloud 0
PASS Undistorted volumetric upper cloud 0
PASS Native 11-part upper cloud 1
PASS Undistorted volumetric upper cloud 1
PASS Native 11-part upper cloud 2
PASS Undistorted volumetric upper cloud 2
PASS Native 11-part upper cloud 3
PASS Undistorted volumetric upper cloud 3
PASS Native 11-part upper cloud 4
PASS Undistorted volumetric upper cloud 4
PASS Native 11-part upper cloud 5
PASS Undistorted volumetric upper cloud 5
PASS Native 11-part upper cloud 6
PASS Undistorted volumetric upper cloud 6
PASS Native 11-part upper cloud 7
PASS Undistorted volumetric upper cloud 7
PASS Native 11-part upper cloud 8
PASS Undistorted volumetric upper cloud 8
PASS Native 11-part upper cloud 9
PASS Undistorted volumetric upper cloud 9
PASS Native 11-part upper cloud 10
PASS Undistorted volumetric upper cloud 10
PASS Native 11-part upper cloud 11
PASS Undistorted volumetric upper cloud 11
PASS Rendered image saved upper43-all-reference-1343
PASS Rendered image saved upper43-all-reference-1342
PASS Rendered image saved upper43-all-reference-1128
PASS Rendered image saved upper43-all-reference-1216
PASS Rendered image saved upper43-all-reference-1216-side
PASS Rendered image saved upper43-all-reference-1216-back
PASS Rendered image saved upper43-all-reference-1216-translated
PASS Rendered image saved diagnostic43-1343-all-clouds
PASS Rendered image saved diagnostic43-1343-without-upper
PASS Rendered image saved diagnostic43-1343-without-sea
PASS Rendered image saved diagnostic43-1343-without-distant
PASS Rendered image saved diagnostic43-1343-without-world
PASS Rendered image saved diagnostic43-1343-without-coastal
PASS Rendered image saved diagnostic43-1128-all-clouds
PASS Rendered image saved diagnostic43-1128-without-upper
PASS Rendered image saved diagnostic43-1128-without-sea
PASS Rendered image saved diagnostic43-1128-without-distant
PASS Rendered image saved diagnostic43-1128-without-world
PASS Rendered image saved diagnostic43-1128-without-coastal
PASS Rendered image saved diagnostic43-1216-all-clouds
PASS Rendered image saved diagnostic43-1216-without-upper
PASS Rendered image saved diagnostic43-1216-without-sea
PASS Rendered image saved diagnostic43-1216-without-distant
PASS Rendered image saved diagnostic43-1216-without-world
PASS Rendered image saved diagnostic43-1216-without-coastal
