Blender 4.5.14 LTS (hash 62c1db4208e8 built 2026-09-15 01:31:19)
Read blend: "/workspace/scratch/a29d03198654/Aether/source-assets/cloud-sea52g/revision-d/cloud_sea52g_d_main.blend"
Fra:1 Mem:12.78M (Peak 12.78M) | Time:00:00.00 | Mem:0.00M, Peak:0.00M | Scene, ViewLayer | Synchronizing object | CloudSea52g_d_v0_main_crown
Fra:1 Mem:12.78M (Peak 12.78M) | Time:00:00.00 | Mem:0.00M, Peak:0.00M | Scene, ViewLayer | Synchronizing object | Sun
Fra:1 Mem:13.07M (Peak 13.07M) | Time:00:00.00 | Mem:0.00M, Peak:0.00M | Scene, ViewLayer | Initializing
Fra:1 Mem:12.89M (Peak 13.07M) | Time:00:00.00 | Mem:0.00M, Peak:0.00M | Scene, ViewLayer | Waiting for render to start
Fra:1 Mem:12.89M (Peak 13.07M) | Time:00:00.00 | Mem:0.00M, Peak:0.00M | Scene, ViewLayer | Updating Scene
Fra:1 Mem:12.89M (Peak 13.07M) | Time:00:00.00 | Mem:0.00M, Peak:0.00M | Scene, ViewLayer | Updating Shaders
Fra:1 Mem:12.89M (Peak 13.07M) | Time:00:00.00 | Mem:0.00M, Peak:0.00M | Scene, ViewLayer | Loading render kernels (may take a few minutes the first time)
Fra:1 Mem:12.97M (Peak 13.07M) | Time:00:00.00 | Mem:0.00M, Peak:0.00M | Scene, ViewLayer | Updating Procedurals
Fra:1 Mem:12.97M (Peak 13.07M) | Time:00:00.00 | Mem:0.00M, Peak:0.00M | Scene, ViewLayer | Updating Background
Fra:1 Mem:12.97M (Peak 13.07M) | Time:00:00.00 | Mem:0.00M, Peak:0.00M | Scene, ViewLayer | Updating Camera
Fra:1 Mem:12.97M (Peak 13.07M) | Time:00:00.00 | Mem:0.00M, Peak:0.00M | Scene, ViewLayer | Updating Meshes Flags
Fra:1 Mem:12.97M (Peak 13.07M) | Time:00:00.00 | Mem:0.00M, Peak:0.00M | Scene, ViewLayer | Updating Objects
Fra:1 Mem:12.97M (Peak 13.07M) | Time:00:00.00 | Mem:0.00M, Peak:0.00M | Scene, ViewLayer | Updating Objects | Copying Transformations to device
Fra:1 Mem:12.97M (Peak 13.07M) | Time:00:00.00 | Mem:0.00M, Peak:0.00M | Scene, ViewLayer | Updating Particle Systems
Fra:1 Mem:12.97M (Peak 13.07M) | Time:00:00.00 | Mem:0.00M, Peak:0.00M | Scene, ViewLayer | Updating Particle Systems | Copying Particles to device
Fra:1 Mem:12.97M (Peak 13.07M) | Time:00:00.00 | Mem:0.00M, Peak:0.00M | Scene, ViewLayer | Updating Meshes
Fra:1 Mem:12.97M (Peak 13.07M) | Time:00:00.00 | Mem:0.00M, Peak:0.00M | Scene, ViewLayer | Updating Objects | Applying Static Transformations
Fra:1 Mem:12.97M (Peak 13.07M) | Time:00:00.00 | Mem:0.00M, Peak:0.00M | Scene, ViewLayer | Updating Mesh | Computing attributes
Fra:1 Mem:13.08M (Peak 13.08M) | Time:00:00.00 | Mem:0.00M, Peak:0.00M | Scene, ViewLayer | Updating Mesh | Copying Attributes to device
Fra:1 Mem:13.08M (Peak 13.08M) | Time:00:00.00 | Mem:0.12M, Peak:0.12M | Scene, ViewLayer | Updating Scene BVH | Building
Fra:1 Mem:13.08M (Peak 13.08M) | Time:00:00.00 | Mem:0.12M, Peak:0.12M | Scene, ViewLayer | Updating Scene BVH | Building BVH
Fra:1 Mem:13.08M (Peak 13.08M) | Time:00:00.00 | Mem:0.18M, Peak:0.18M | Scene, ViewLayer | Updating Scene BVH | Building BVH 0%
Fra:1 Mem:13.08M (Peak 13.08M) | Time:00:00.00 | Mem:0.26M, Peak:0.33M | Scene, ViewLayer | Updating Scene BVH | Copying BVH to device
Fra:1 Mem:13.08M (Peak 13.08M) | Time:00:00.00 | Mem:0.26M, Peak:0.33M | Scene, ViewLayer | Updating Mesh | Computing normals
Fra:1 Mem:13.14M (Peak 13.14M) | Time:00:00.00 | Mem:0.26M, Peak:0.33M | Scene, ViewLayer | Updating Mesh | Copying Mesh to device
Fra:1 Mem:13.14M (Peak 13.14M) | Time:00:00.00 | Mem:0.32M, Peak:0.33M | Scene, ViewLayer | Updating Objects Flags
Fra:1 Mem:13.14M (Peak 13.14M) | Time:00:00.00 | Mem:0.32M, Peak:0.33M | Scene, ViewLayer | Updating Primitive Offsets
Fra:1 Mem:13.14M (Peak 13.14M) | Time:00:00.00 | Mem:0.32M, Peak:0.33M | Scene, ViewLayer | Updating Images
Fra:1 Mem:13.14M (Peak 13.14M) | Time:00:00.00 | Mem:0.32M, Peak:0.33M | Scene, ViewLayer | Updating Camera Volume
Fra:1 Mem:13.14M (Peak 13.14M) | Time:00:00.00 | Mem:0.32M, Peak:0.33M | Scene, ViewLayer | Updating Lookup Tables
Fra:1 Mem:13.14M (Peak 13.14M) | Time:00:00.00 | Mem:0.40M, Peak:0.40M | Scene, ViewLayer | Updating Lights
Fra:1 Mem:13.14M (Peak 13.14M) | Time:00:00.00 | Mem:0.40M, Peak:0.40M | Scene, ViewLayer | Updating Lights | Computing tree
Fra:1 Mem:13.14M (Peak 13.14M) | Time:00:00.00 | Mem:0.40M, Peak:0.40M | Scene, ViewLayer | Updating Integrator
Fra:1 Mem:13.14M (Peak 13.14M) | Time:00:00.00 | Mem:0.40M, Peak:0.40M | Scene, ViewLayer | Updating Film
Fra:1 Mem:13.15M (Peak 13.15M) | Time:00:00.00 | Mem:0.32M, Peak:0.40M | Scene, ViewLayer | Updating Lookup Tables
Fra:1 Mem:13.15M (Peak 13.15M) | Time:00:00.00 | Mem:0.40M, Peak:0.40M | Scene, ViewLayer | Updating Baking
Fra:1 Mem:13.15M (Peak 13.15M) | Time:00:00.00 | Mem:0.40M, Peak:0.40M | Scene, ViewLayer | Updating Device | Writing constant memory
Fra:1 Mem:13.15M (Peak 13.15M) | Time:00:00.00 | Mem:0.40M, Peak:0.40M | Scene, ViewLayer | Loading denoising kernels (may take a few minutes the first time)
Fra:1 Mem:13.15M (Peak 13.15M) | Time:00:00.00 | Mem:0.40M, Peak:0.40M | Scene, ViewLayer | Sample 0/20
Fra:1 Mem:54.94M (Peak 54.94M) | Time:00:00.10 | Remaining:00:01.87 | Mem:42.15M, Peak:42.15M | Scene, ViewLayer | Sample 1/20
Fra:1 Mem:72.52M (Peak 98.89M) | Time:00:05.02 | Mem:42.15M, Peak:42.15M | Scene, ViewLayer | Sample 20/20
Fra:1 Mem:72.52M (Peak 98.89M) | Time:00:05.02 | Mem:42.15M, Peak:42.15M | Scene, ViewLayer | Finished
Saved: '/workspace/scratch/a29d03198654/Aether/cloud-evidence/cloudsea52g-d-main-source-v0-20261001T074304Z-vtnr662p/images/sea52g-d-main-0-front.png'
Time: 00:05.19 (Saving: 00:00.15)

Fra:1 Mem:12.89M (Peak 12.89M) | Time:00:00.00 | Mem:0.00M, Peak:0.00M | Scene, ViewLayer | Synchronizing object | CloudSea52g_d_v0_main_crown
Fra:1 Mem:12.89M (Peak 12.89M) | Time:00:00.00 | Mem:0.00M, Peak:0.00M | Scene, ViewLayer | Synchronizing object | Sun
Fra:1 Mem:13.07M (Peak 13.07M) | Time:00:00.00 | Mem:0.00M, Peak:0.00M | Scene, ViewLayer | Initializing
Fra:1 Mem:12.89M (Peak 13.07M) | Time:00:00.00 | Mem:0.00M, Peak:0.00M | Scene, ViewLayer | Waiting for render to start
Fra:1 Mem:12.89M (Peak 13.07M) | Time:00:00.00 | Mem:0.00M, Peak:0.00M | Scene, ViewLayer | Updating Scene
Fra:1 Mem:12.89M (Peak 13.07M) | Time:00:00.00 | Mem:0.00M, Peak:0.00M | Scene, ViewLayer | Updating Shaders
Fra:1 Mem:12.89M (Peak 13.07M) | Time:00:00.00 | Mem:0.00M, Peak:0.00M | Scene, ViewLayer | Loading render kernels (may take a few minutes the first time)
Fra:1 Mem:12.97M (Peak 13.07M) | Time:00:00.00 | Mem:0.00M, Peak:0.00M | Scene, ViewLayer | Updating Procedurals
Fra:1 Mem:12.97M (Peak 13.07M) | Time:00:00.00 | Mem:0.00M, Peak:0.00M | Scene, ViewLayer | Updating Background
Fra:1 Mem:12.97M (Peak 13.07M) | Time:00:00.00 | Mem:0.00M, Peak:0.00M | Scene, ViewLayer | Updating Camera
Fra:1 Mem:12.97M (Peak 13.07M) | Time:00:00.00 | Mem:0.00M, Peak:0.00M | Scene, ViewLayer | Updating Meshes Flags
Fra:1 Mem:12.97M (Peak 13.07M) | Time:00:00.00 | Mem:0.00M, Peak:0.00M | Scene, ViewLayer | Updating Objects
Fra:1 Mem:12.97M (Peak 13.07M) | Time:00:00.00 | Mem:0.00M, Peak:0.00M | Scene, ViewLayer | Updating Objects | Copying Transformations to device
Fra:1 Mem:12.97M (Peak 13.07M) | Time:00:00.00 | Mem:0.00M, Peak:0.00M | Scene, ViewLayer | Updating Particle Systems
Fra:1 Mem:12.97M (Peak 13.07M) | Time:00:00.00 | Mem:0.00M, Peak:0.00M | Scene, ViewLayer | Updating Particle Systems | Copying Particles to device
Fra:1 Mem:12.97M (Peak 13.07M) | Time:00:00.00 | Mem:0.00M, Peak:0.00M | Scene, ViewLayer | Updating Meshes
Fra:1 Mem:12.97M (Peak 13.07M) | Time:00:00.00 | Mem:0.00M, Peak:0.00M | Scene, ViewLayer | Updating Objects | Applying Static Transformations
Fra:1 Mem:12.97M (Peak 13.07M) | Time:00:00.00 | Mem:0.00M, Peak:0.00M | Scene, ViewLayer | Updating Mesh | Computing attributes
Fra:1 Mem:13.08M (Peak 13.08M) | Time:00:00.00 | Mem:0.00M, Peak:0.00M | Scene, ViewLayer | Updating Mesh | Copying Attributes to device
Fra:1 Mem:13.08M (Peak 13.08M) | Time:00:00.00 | Mem:0.12M, Peak:0.12M | Scene, ViewLayer | Updating Scene BVH | Building
Fra:1 Mem:13.08M (Peak 13.08M) | Time:00:00.00 | Mem:0.12M, Peak:0.12M | Scene, ViewLayer | Updating Scene BVH | Building BVH
Fra:1 Mem:13.08M (Peak 13.08M) | Time:00:00.00 | Mem:0.18M, Peak:0.18M | Scene, ViewLayer | Updating Scene BVH | Building BVH 0%
Fra:1 Mem:13.08M (Peak 13.08M) | Time:00:00.00 | Mem:0.26M, Peak:0.33M | Scene, ViewLayer | Updating Scene BVH | Copying BVH to device
Fra:1 Mem:13.08M (Peak 13.08M) | Time:00:00.00 | Mem:0.26M, Peak:0.33M | Scene, ViewLayer | Updating Mesh | Computing normals
Fra:1 Mem:13.14M (Peak 13.14M) | Time:00:00.00 | Mem:0.26M, Peak:0.33M | Scene, ViewLayer | Updating Mesh | Copying Mesh to device
Fra:1 Mem:13.14M (Peak 13.14M) | Time:00:00.00 | Mem:0.32M, Peak:0.33M | Scene, ViewLayer | Updating Objects Flags
Fra:1 Mem:13.14M (Peak 13.14M) | Time:00:00.00 | Mem:0.32M, Peak:0.33M | Scene, ViewLayer | Updating Primitive Offsets
Fra:1 Mem:13.14M (Peak 13.14M) | Time:00:00.00 | Mem:0.32M, Peak:0.33M | Scene, ViewLayer | Updating Images
Fra:1 Mem:13.14M (Peak 13.14M) | Time:00:00.00 | Mem:0.32M, Peak:0.33M | Scene, ViewLayer | Updating Camera Volume
Fra:1 Mem:13.14M (Peak 13.14M) | Time:00:00.00 | Mem:0.32M, Peak:0.33M | Scene, ViewLayer | Updating Lookup Tables
Fra:1 Mem:13.14M (Peak 13.14M) | Time:00:00.00 | Mem:0.40M, Peak:0.40M | Scene, ViewLayer | Updating Lights
Fra:1 Mem:13.14M (Peak 13.14M) | Time:00:00.00 | Mem:0.40M, Peak:0.40M | Scene, ViewLayer | Updating Lights | Computing tree
Fra:1 Mem:13.14M (Peak 13.14M) | Time:00:00.00 | Mem:0.40M, Peak:0.40M | Scene, ViewLayer | Updating Integrator
Fra:1 Mem:13.14M (Peak 13.14M) | Time:00:00.00 | Mem:0.40M, Peak:0.40M | Scene, ViewLayer | Updating Film
Fra:1 Mem:13.15M (Peak 13.15M) | Time:00:00.00 | Mem:0.32M, Peak:0.40M | Scene, ViewLayer | Updating Lookup Tables
Fra:1 Mem:13.15M (Peak 13.15M) | Time:00:00.00 | Mem:0.40M, Peak:0.40M | Scene, ViewLayer | Updating Baking
Fra:1 Mem:13.15M (Peak 13.15M) | Time:00:00.00 | Mem:0.40M, Peak:0.40M | Scene, ViewLayer | Updating Device | Writing constant memory
Fra:1 Mem:13.15M (Peak 13.15M) | Time:00:00.00 | Mem:0.40M, Peak:0.40M | Scene, ViewLayer | Loading denoising kernels (may take a few minutes the first time)
Fra:1 Mem:13.15M (Peak 13.15M) | Time:00:00.00 | Mem:0.40M, Peak:0.40M | Scene, ViewLayer | Sample 0/20
Fra:1 Mem:54.94M (Peak 54.94M) | Time:00:00.08 | Remaining:00:01.46 | Mem:42.15M, Peak:42.15M | Scene, ViewLayer | Sample 1/20
Fra:1 Mem:72.52M (Peak 98.89M) | Time:00:05.46 | Mem:42.15M, Peak:42.15M | Scene, ViewLayer | Sample 20/20
Fra:1 Mem:72.52M (Peak 98.89M) | Time:00:05.46 | Mem:42.15M, Peak:42.15M | Scene, ViewLayer | Finished
Saved: '/workspace/scratch/a29d03198654/Aether/cloud-evidence/cloudsea52g-d-main-source-v0-20261001T074304Z-vtnr662p/images/sea52g-d-main-0-back.png'
Time: 00:05.51 (Saving: 00:00.05)

Fra:1 Mem:12.89M (Peak 12.89M) | Time:00:00.00 | Mem:0.00M, Peak:0.00M | Scene, ViewLayer | Synchronizing object | CloudSea52g_d_v0_main_crown
Fra:1 Mem:12.89M (Peak 12.89M) | Time:00:00.00 | Mem:0.00M, Peak:0.00M | Scene, ViewLayer | Synchronizing object | Sun
Fra:1 Mem:13.07M (Peak 13.07M) | Time:00:00.00 | Mem:0.00M, Peak:0.00M | Scene, ViewLayer | Initializing
Fra:1 Mem:12.89M (Peak 13.07M) | Time:00:00.00 | Mem:0.00M, Peak:0.00M | Scene, ViewLayer | Waiting for render to start
Fra:1 Mem:12.89M (Peak 13.07M) | Time:00:00.00 | Mem:0.00M, Peak:0.00M | Scene, ViewLayer | Updating Scene
Fra:1 Mem:12.89M (Peak 13.07M) | Time:00:00.00 | Mem:0.00M, Peak:0.00M | Scene, ViewLayer | Updating Shaders
Fra:1 Mem:12.89M (Peak 13.07M) | Time:00:00.00 | Mem:0.00M, Peak:0.00M | Scene, ViewLayer | Loading render kernels (may take a few minutes the first time)
Fra:1 Mem:12.97M (Peak 13.07M) | Time:00:00.00 | Mem:0.00M, Peak:0.00M | Scene, ViewLayer | Updating Procedurals
Fra:1 Mem:12.97M (Peak 13.07M) | Time:00:00.00 | Mem:0.00M, Peak:0.00M | Scene, ViewLayer | Updating Background
Fra:1 Mem:12.97M (Peak 13.07M) | Time:00:00.00 | Mem:0.00M, Peak:0.00M | Scene, ViewLayer | Updating Camera
Fra:1 Mem:12.97M (Peak 13.07M) | Time:00:00.00 | Mem:0.00M, Peak:0.00M | Scene, ViewLayer | Updating Meshes Flags
Fra:1 Mem:12.97M (Peak 13.07M) | Time:00:00.00 | Mem:0.00M, Peak:0.00M | Scene, ViewLayer | Updating Objects
Fra:1 Mem:12.97M (Peak 13.07M) | Time:00:00.00 | Mem:0.00M, Peak:0.00M | Scene, ViewLayer | Updating Objects | Copying Transformations to device
Fra:1 Mem:12.97M (Peak 13.07M) | Time:00:00.00 | Mem:0.00M, Peak:0.00M | Scene, ViewLayer | Updating Particle Systems
Fra:1 Mem:12.97M (Peak 13.07M) | Time:00:00.00 | Mem:0.00M, Peak:0.00M | Scene, ViewLayer | Updating Particle Systems | Copying Particles to device
Fra:1 Mem:12.97M (Peak 13.07M) | Time:00:00.00 | Mem:0.00M, Peak:0.00M | Scene, ViewLayer | Updating Meshes
Fra:1 Mem:12.97M (Peak 13.07M) | Time:00:00.00 | Mem:0.00M, Peak:0.00M | Scene, ViewLayer | Updating Objects | Applying Static Transformations
Fra:1 Mem:12.97M (Peak 13.07M) | Time:00:00.00 | Mem:0.00M, Peak:0.00M | Scene, ViewLayer | Updating Mesh | Computing attributes
Fra:1 Mem:13.08M (Peak 13.08M) | Time:00:00.00 | Mem:0.00M, Peak:0.00M | Scene, ViewLayer | Updating Mesh | Copying Attributes to device
Fra:1 Mem:13.08M (Peak 13.08M) | Time:00:00.00 | Mem:0.12M, Peak:0.12M | Scene, ViewLayer | Updating Scene BVH | Building
Fra:1 Mem:13.08M (Peak 13.08M) | Time:00:00.00 | Mem:0.12M, Peak:0.12M | Scene, ViewLayer | Updating Scene BVH | Building BVH
Fra:1 Mem:13.08M (Peak 13.08M) | Time:00:00.00 | Mem:0.18M, Peak:0.18M | Scene, ViewLayer | Updating Scene BVH | Building BVH 0%
Fra:1 Mem:13.08M (Peak 13.08M) | Time:00:00.00 | Mem:0.26M, Peak:0.33M | Scene, ViewLayer | Updating Scene BVH | Copying BVH to device
Fra:1 Mem:13.08M (Peak 13.08M) | Time:00:00.00 | Mem:0.26M, Peak:0.33M | Scene, ViewLayer | Updating Mesh | Computing normals
Fra:1 Mem:13.14M (Peak 13.14M) | Time:00:00.00 | Mem:0.26M, Peak:0.33M | Scene, ViewLayer | Updating Mesh | Copying Mesh to device
Fra:1 Mem:13.14M (Peak 13.14M) | Time:00:00.00 | Mem:0.32M, Peak:0.33M | Scene, ViewLayer | Updating Objects Flags
Fra:1 Mem:13.14M (Peak 13.14M) | Time:00:00.00 | Mem:0.32M, Peak:0.33M | Scene, ViewLayer | Updating Primitive Offsets
Fra:1 Mem:13.14M (Peak 13.14M) | Time:00:00.00 | Mem:0.32M, Peak:0.33M | Scene, ViewLayer | Updating Images
Fra:1 Mem:13.14M (Peak 13.14M) | Time:00:00.00 | Mem:0.32M, Peak:0.33M | Scene, ViewLayer | Updating Camera Volume
Fra:1 Mem:13.14M (Peak 13.14M) | Time:00:00.00 | Mem:0.32M, Peak:0.33M | Scene, ViewLayer | Updating Lookup Tables
Fra:1 Mem:13.14M (Peak 13.14M) | Time:00:00.00 | Mem:0.40M, Peak:0.40M | Scene, ViewLayer | Updating Lights
Fra:1 Mem:13.14M (Peak 13.14M) | Time:00:00.00 | Mem:0.40M, Peak:0.40M | Scene, ViewLayer | Updating Lights | Computing tree
Fra:1 Mem:13.14M (Peak 13.14M) | Time:00:00.00 | Mem:0.40M, Peak:0.40M | Scene, ViewLayer | Updating Integrator
Fra:1 Mem:13.14M (Peak 13.14M) | Time:00:00.00 | Mem:0.40M, Peak:0.40M | Scene, ViewLayer | Updating Film
Fra:1 Mem:13.15M (Peak 13.15M) | Time:00:00.00 | Mem:0.32M, Peak:0.40M | Scene, ViewLayer | Updating Lookup Tables
Fra:1 Mem:13.15M (Peak 13.15M) | Time:00:00.00 | Mem:0.40M, Peak:0.40M | Scene, ViewLayer | Updating Baking
Fra:1 Mem:13.15M (Peak 13.15M) | Time:00:00.00 | Mem:0.40M, Peak:0.40M | Scene, ViewLayer | Updating Device | Writing constant memory
Fra:1 Mem:13.15M (Peak 13.15M) | Time:00:00.00 | Mem:0.40M, Peak:0.40M | Scene, ViewLayer | Loading denoising kernels (may take a few minutes the first time)
Fra:1 Mem:13.15M (Peak 13.15M) | Time:00:00.00 | Mem:0.40M, Peak:0.40M | Scene, ViewLayer | Sample 0/20
Fra:1 Mem:54.94M (Peak 54.94M) | Time:00:00.07 | Remaining:00:01.42 | Mem:42.15M, Peak:42.15M | Scene, ViewLayer | Sample 1/20
Fra:1 Mem:72.52M (Peak 98.89M) | Time:00:04.72 | Mem:42.15M, Peak:42.15M | Scene, ViewLayer | Sample 20/20
Fra:1 Mem:72.52M (Peak 98.89M) | Time:00:04.72 | Mem:42.15M, Peak:42.15M | Scene, ViewLayer | Finished
Saved: '/workspace/scratch/a29d03198654/Aether/cloud-evidence/cloudsea52g-d-main-source-v0-20261001T074304Z-vtnr662p/images/sea52g-d-main-0-side.png'
Time: 00:04.79 (Saving: 00:00.06)

Fra:1 Mem:12.89M (Peak 12.89M) | Time:00:00.00 | Mem:0.00M, Peak:0.00M | Scene, ViewLayer | Synchronizing object | CloudSea52g_d_v0_main_crown
Fra:1 Mem:12.89M (Peak 12.89M) | Time:00:00.00 | Mem:0.00M, Peak:0.00M | Scene, ViewLayer | Synchronizing object | Sun
Fra:1 Mem:13.07M (Peak 13.07M) | Time:00:00.00 | Mem:0.00M, Peak:0.00M | Scene, ViewLayer | Initializing
Fra:1 Mem:12.89M (Peak 13.07M) | Time:00:00.00 | Mem:0.00M, Peak:0.00M | Scene, ViewLayer | Waiting for render to start
Fra:1 Mem:12.89M (Peak 13.07M) | Time:00:00.00 | Mem:0.00M, Peak:0.00M | Scene, ViewLayer | Updating Scene
Fra:1 Mem:12.89M (Peak 13.07M) | Time:00:00.00 | Mem:0.00M, Peak:0.00M | Scene, ViewLayer | Updating Shaders
Fra:1 Mem:12.89M (Peak 13.07M) | Time:00:00.00 | Mem:0.00M, Peak:0.00M | Scene, ViewLayer | Loading render kernels (may take a few minutes the first time)
Fra:1 Mem:12.97M (Peak 13.07M) | Time:00:00.00 | Mem:0.00M, Peak:0.00M | Scene, ViewLayer | Updating Procedurals
Fra:1 Mem:12.97M (Peak 13.07M) | Time:00:00.00 | Mem:0.00M, Peak:0.00M | Scene, ViewLayer | Updating Background
Fra:1 Mem:12.97M (Peak 13.07M) | Time:00:00.00 | Mem:0.00M, Peak:0.00M | Scene, ViewLayer | Updating Camera
Fra:1 Mem:12.97M (Peak 13.07M) | Time:00:00.00 | Mem:0.00M, Peak:0.00M | Scene, ViewLayer | Updating Meshes Flags
Fra:1 Mem:12.97M (Peak 13.07M) | Time:00:00.00 | Mem:0.00M, Peak:0.00M | Scene, ViewLayer | Updating Objects
Fra:1 Mem:12.97M (Peak 13.07M) | Time:00:00.00 | Mem:0.00M, Peak:0.00M | Scene, ViewLayer | Updating Objects | Copying Transformations to device
Fra:1 Mem:12.97M (Peak 13.07M) | Time:00:00.00 | Mem:0.00M, Peak:0.00M | Scene, ViewLayer | Updating Particle Systems
Fra:1 Mem:12.97M (Peak 13.07M) | Time:00:00.00 | Mem:0.00M, Peak:0.00M | Scene, ViewLayer | Updating Particle Systems | Copying Particles to device
Fra:1 Mem:12.97M (Peak 13.07M) | Time:00:00.00 | Mem:0.00M, Peak:0.00M | Scene, ViewLayer | Updating Meshes
Fra:1 Mem:12.97M (Peak 13.07M) | Time:00:00.00 | Mem:0.00M, Peak:0.00M | Scene, ViewLayer | Updating Objects | Applying Static Transformations
Fra:1 Mem:12.97M (Peak 13.07M) | Time:00:00.00 | Mem:0.00M, Peak:0.00M | Scene, ViewLayer | Updating Mesh | Computing attributes
Fra:1 Mem:13.08M (Peak 13.08M) | Time:00:00.00 | Mem:0.00M, Peak:0.00M | Scene, ViewLayer | Updating Mesh | Copying Attributes to device
Fra:1 Mem:13.08M (Peak 13.08M) | Time:00:00.00 | Mem:0.12M, Peak:0.12M | Scene, ViewLayer | Updating Scene BVH | Building
Fra:1 Mem:13.08M (Peak 13.08M) | Time:00:00.00 | Mem:0.12M, Peak:0.12M | Scene, ViewLayer | Updating Scene BVH | Building BVH
Fra:1 Mem:13.08M (Peak 13.08M) | Time:00:00.00 | Mem:0.18M, Peak:0.18M | Scene, ViewLayer | Updating Scene BVH | Building BVH 0%
Fra:1 Mem:13.08M (Peak 13.08M) | Time:00:00.00 | Mem:0.26M, Peak:0.33M | Scene, ViewLayer | Updating Scene BVH | Copying BVH to device
Fra:1 Mem:13.08M (Peak 13.08M) | Time:00:00.00 | Mem:0.26M, Peak:0.33M | Scene, ViewLayer | Updating Mesh | Computing normals
Fra:1 Mem:13.14M (Peak 13.14M) | Time:00:00.00 | Mem:0.26M, Peak:0.33M | Scene, ViewLayer | Updating Mesh | Copying Mesh to device
Fra:1 Mem:13.14M (Peak 13.14M) | Time:00:00.00 | Mem:0.32M, Peak:0.33M | Scene, ViewLayer | Updating Objects Flags
Fra:1 Mem:13.14M (Peak 13.14M) | Time:00:00.00 | Mem:0.32M, Peak:0.33M | Scene, ViewLayer | Updating Primitive Offsets
Fra:1 Mem:13.14M (Peak 13.14M) | Time:00:00.00 | Mem:0.32M, Peak:0.33M | Scene, ViewLayer | Updating Images
Fra:1 Mem:13.14M (Peak 13.14M) | Time:00:00.00 | Mem:0.32M, Peak:0.33M | Scene, ViewLayer | Updating Camera Volume
Fra:1 Mem:13.14M (Peak 13.14M) | Time:00:00.00 | Mem:0.32M, Peak:0.33M | Scene, ViewLayer | Updating Lookup Tables
Fra:1 Mem:13.14M (Peak 13.14M) | Time:00:00.00 | Mem:0.40M, Peak:0.40M | Scene, ViewLayer | Updating Lights
Fra:1 Mem:13.14M (Peak 13.14M) | Time:00:00.00 | Mem:0.40M, Peak:0.40M | Scene, ViewLayer | Updating Lights | Computing tree
Fra:1 Mem:13.14M (Peak 13.14M) | Time:00:00.00 | Mem:0.40M, Peak:0.40M | Scene, ViewLayer | Updating Integrator
Fra:1 Mem:13.14M (Peak 13.14M) | Time:00:00.00 | Mem:0.40M, Peak:0.40M | Scene, ViewLayer | Updating Film
Fra:1 Mem:13.15M (Peak 13.15M) | Time:00:00.00 | Mem:0.32M, Peak:0.40M | Scene, ViewLayer | Updating Lookup Tables
Fra:1 Mem:13.15M (Peak 13.15M) | Time:00:00.00 | Mem:0.40M, Peak:0.40M | Scene, ViewLayer | Updating Baking
Fra:1 Mem:13.15M (Peak 13.15M) | Time:00:00.00 | Mem:0.40M, Peak:0.40M | Scene, ViewLayer | Updating Device | Writing constant memory
Fra:1 Mem:13.15M (Peak 13.15M) | Time:00:00.00 | Mem:0.40M, Peak:0.40M | Scene, ViewLayer | Loading denoising kernels (may take a few minutes the first time)
Fra:1 Mem:13.15M (Peak 13.15M) | Time:00:00.00 | Mem:0.40M, Peak:0.40M | Scene, ViewLayer | Sample 0/20
Fra:1 Mem:54.94M (Peak 54.94M) | Time:00:00.09 | Remaining:00:01.69 | Mem:42.15M, Peak:42.15M | Scene, ViewLayer | Sample 1/20
Fra:1 Mem:72.52M (Peak 98.89M) | Time:00:04.67 | Mem:42.15M, Peak:42.15M | Scene, ViewLayer | Sample 20/20
Fra:1 Mem:72.52M (Peak 98.89M) | Time:00:04.67 | Mem:42.15M, Peak:42.15M | Scene, ViewLayer | Finished
Saved: '/workspace/scratch/a29d03198654/Aether/cloud-evidence/cloudsea52g-d-main-source-v0-20261001T074304Z-vtnr662p/images/sea52g-d-main-0-underside.png'
Time: 00:04.72 (Saving: 00:00.04)

Fra:1 Mem:12.89M (Peak 12.89M) | Time:00:00.00 | Mem:0.00M, Peak:0.00M | Scene, ViewLayer | Synchronizing object | CloudSea52g_d_v0_main_crown
Fra:1 Mem:12.89M (Peak 12.89M) | Time:00:00.00 | Mem:0.00M, Peak:0.00M | Scene, ViewLayer | Synchronizing object | Sun
Fra:1 Mem:13.07M (Peak 13.07M) | Time:00:00.00 | Mem:0.00M, Peak:0.00M | Scene, ViewLayer | Initializing
Fra:1 Mem:12.89M (Peak 13.07M) | Time:00:00.00 | Mem:0.00M, Peak:0.00M | Scene, ViewLayer | Waiting for render to start
Fra:1 Mem:12.89M (Peak 13.07M) | Time:00:00.00 | Mem:0.00M, Peak:0.00M | Scene, ViewLayer | Updating Scene
Fra:1 Mem:12.89M (Peak 13.07M) | Time:00:00.00 | Mem:0.00M, Peak:0.00M | Scene, ViewLayer | Updating Shaders
Fra:1 Mem:12.89M (Peak 13.07M) | Time:00:00.00 | Mem:0.00M, Peak:0.00M | Scene, ViewLayer | Loading render kernels (may take a few minutes the first time)
Fra:1 Mem:12.97M (Peak 13.07M) | Time:00:00.00 | Mem:0.00M, Peak:0.00M | Scene, ViewLayer | Updating Procedurals
Fra:1 Mem:12.97M (Peak 13.07M) | Time:00:00.00 | Mem:0.00M, Peak:0.00M | Scene, ViewLayer | Updating Background
Fra:1 Mem:12.97M (Peak 13.07M) | Time:00:00.00 | Mem:0.00M, Peak:0.00M | Scene, ViewLayer | Updating Camera
Fra:1 Mem:12.97M (Peak 13.07M) | Time:00:00.00 | Mem:0.00M, Peak:0.00M | Scene, ViewLayer | Updating Meshes Flags
Fra:1 Mem:12.97M (Peak 13.07M) | Time:00:00.00 | Mem:0.00M, Peak:0.00M | Scene, ViewLayer | Updating Objects
Fra:1 Mem:12.97M (Peak 13.07M) | Time:00:00.00 | Mem:0.00M, Peak:0.00M | Scene, ViewLayer | Updating Objects | Copying Transformations to device
Fra:1 Mem:12.97M (Peak 13.07M) | Time:00:00.00 | Mem:0.00M, Peak:0.00M | Scene, ViewLayer | Updating Particle Systems
Fra:1 Mem:12.97M (Peak 13.07M) | Time:00:00.00 | Mem:0.00M, Peak:0.00M | Scene, ViewLayer | Updating Particle Systems | Copying Particles to device
Fra:1 Mem:12.97M (Peak 13.07M) | Time:00:00.00 | Mem:0.00M, Peak:0.00M | Scene, ViewLayer | Updating Meshes
Fra:1 Mem:12.97M (Peak 13.07M) | Time:00:00.00 | Mem:0.00M, Peak:0.00M | Scene, ViewLayer | Updating Objects | Applying Static Transformations
Fra:1 Mem:12.97M (Peak 13.07M) | Time:00:00.00 | Mem:0.00M, Peak:0.00M | Scene, ViewLayer | Updating Mesh | Computing attributes
Fra:1 Mem:13.08M (Peak 13.08M) | Time:00:00.00 | Mem:0.00M, Peak:0.00M | Scene, ViewLayer | Updating Mesh | Copying Attributes to device
Fra:1 Mem:13.08M (Peak 13.08M) | Time:00:00.00 | Mem:0.12M, Peak:0.12M | Scene, ViewLayer | Updating Scene BVH | Building
Fra:1 Mem:13.08M (Peak 13.08M) | Time:00:00.00 | Mem:0.12M, Peak:0.12M | Scene, ViewLayer | Updating Scene BVH | Building BVH
Fra:1 Mem:13.08M (Peak 13.08M) | Time:00:00.00 | Mem:0.18M, Peak:0.18M | Scene, ViewLayer | Updating Scene BVH | Building BVH 0%
Fra:1 Mem:13.08M (Peak 13.08M) | Time:00:00.00 | Mem:0.26M, Peak:0.33M | Scene, ViewLayer | Updating Scene BVH | Copying BVH to device
Fra:1 Mem:13.08M (Peak 13.08M) | Time:00:00.00 | Mem:0.26M, Peak:0.33M | Scene, ViewLayer | Updating Mesh | Computing normals
Fra:1 Mem:13.14M (Peak 13.14M) | Time:00:00.00 | Mem:0.26M, Peak:0.33M | Scene, ViewLayer | Updating Mesh | Copying Mesh to device
Fra:1 Mem:13.14M (Peak 13.14M) | Time:00:00.00 | Mem:0.32M, Peak:0.33M | Scene, ViewLayer | Updating Objects Flags
Fra:1 Mem:13.14M (Peak 13.14M) | Time:00:00.00 | Mem:0.32M, Peak:0.33M | Scene, ViewLayer | Updating Primitive Offsets
Fra:1 Mem:13.14M (Peak 13.14M) | Time:00:00.00 | Mem:0.32M, Peak:0.33M | Scene, ViewLayer | Updating Images
Fra:1 Mem:13.14M (Peak 13.14M) | Time:00:00.00 | Mem:0.32M, Peak:0.33M | Scene, ViewLayer | Updating Camera Volume
Fra:1 Mem:13.14M (Peak 13.14M) | Time:00:00.00 | Mem:0.32M, Peak:0.33M | Scene, ViewLayer | Updating Lookup Tables
Fra:1 Mem:13.14M (Peak 13.14M) | Time:00:00.00 | Mem:0.40M, Peak:0.40M | Scene, ViewLayer | Updating Lights
Fra:1 Mem:13.14M (Peak 13.14M) | Time:00:00.00 | Mem:0.40M, Peak:0.40M | Scene, ViewLayer | Updating Lights | Computing tree
Fra:1 Mem:13.14M (Peak 13.14M) | Time:00:00.00 | Mem:0.40M, Peak:0.40M | Scene, ViewLayer | Updating Integrator
Fra:1 Mem:13.14M (Peak 13.14M) | Time:00:00.00 | Mem:0.40M, Peak:0.40M | Scene, ViewLayer | Updating Film
Fra:1 Mem:13.15M (Peak 13.15M) | Time:00:00.00 | Mem:0.32M, Peak:0.40M | Scene, ViewLayer | Updating Lookup Tables
Fra:1 Mem:13.15M (Peak 13.15M) | Time:00:00.00 | Mem:0.40M, Peak:0.40M | Scene, ViewLayer | Updating Baking
Fra:1 Mem:13.15M (Peak 13.15M) | Time:00:00.00 | Mem:0.40M, Peak:0.40M | Scene, ViewLayer | Updating Device | Writing constant memory
Fra:1 Mem:13.15M (Peak 13.15M) | Time:00:00.00 | Mem:0.40M, Peak:0.40M | Scene, ViewLayer | Loading denoising kernels (may take a few minutes the first time)
Fra:1 Mem:13.15M (Peak 13.15M) | Time:00:00.00 | Mem:0.40M, Peak:0.40M | Scene, ViewLayer | Sample 0/20
Fra:1 Mem:54.94M (Peak 54.94M) | Time:00:00.13 | Remaining:00:02.47 | Mem:42.15M, Peak:42.15M | Scene, ViewLayer | Sample 1/20
Fra:1 Mem:72.52M (Peak 98.89M) | Time:00:05.42 | Mem:42.15M, Peak:42.15M | Scene, ViewLayer | Sample 20/20
Fra:1 Mem:72.52M (Peak 98.89M) | Time:00:05.42 | Mem:42.15M, Peak:42.15M | Scene, ViewLayer | Finished
Saved: '/workspace/scratch/a29d03198654/Aether/cloud-evidence/cloudsea52g-d-main-source-v0-20261001T074304Z-vtnr662p/images/sea52g-d-main-0-top.png'
Time: 00:05.48 (Saving: 00:00.05)


Blender quit
