Blender 4.5.14 LTS (hash 62c1db4208e8 built 2026-09-15 01:31:19)
Read blend: "/workspace/scratch/a29d03198654/Aether/source-assets/cloud-bank58/revision-c/recovery-02/cloud_bank58c_union.blend"
Fra:1 Mem:16.72M (Peak 16.72M) | Time:00:00.00 | Mem:0.00M, Peak:0.00M | Scene, ViewLayer | Synchronizing object | CloudBank58C_four_root_density_and_folds
Fra:1 Mem:16.72M (Peak 16.72M) | Time:00:00.00 | Mem:0.00M, Peak:0.00M | Scene, ViewLayer | Synchronizing object | Sun
Fra:1 Mem:23.13M (Peak 25.55M) | Time:00:00.01 | Mem:0.00M, Peak:0.00M | Scene, ViewLayer | Initializing
Fra:1 Mem:22.94M (Peak 25.55M) | Time:00:00.01 | Mem:0.00M, Peak:0.00M | Scene, ViewLayer | Waiting for render to start
Fra:1 Mem:22.94M (Peak 25.55M) | Time:00:00.01 | Mem:0.00M, Peak:0.00M | Scene, ViewLayer | Updating Scene
Fra:1 Mem:22.94M (Peak 25.55M) | Time:00:00.01 | Mem:0.00M, Peak:0.00M | Scene, ViewLayer | Updating Shaders
Fra:1 Mem:22.94M (Peak 25.55M) | Time:00:00.01 | Mem:0.00M, Peak:0.00M | Scene, ViewLayer | Loading render kernels (may take a few minutes the first time)
Fra:1 Mem:23.02M (Peak 25.55M) | Time:00:00.01 | Mem:0.00M, Peak:0.00M | Scene, ViewLayer | Updating Procedurals
Fra:1 Mem:23.02M (Peak 25.55M) | Time:00:00.01 | Mem:0.00M, Peak:0.00M | Scene, ViewLayer | Updating Background
Fra:1 Mem:23.02M (Peak 25.55M) | Time:00:00.01 | Mem:0.00M, Peak:0.00M | Scene, ViewLayer | Updating Camera
Fra:1 Mem:23.02M (Peak 25.55M) | Time:00:00.01 | Mem:0.00M, Peak:0.00M | Scene, ViewLayer | Updating Meshes Flags
Fra:1 Mem:23.02M (Peak 25.55M) | Time:00:00.01 | Mem:0.00M, Peak:0.00M | Scene, ViewLayer | Updating Objects
Fra:1 Mem:23.02M (Peak 25.55M) | Time:00:00.01 | Mem:0.00M, Peak:0.00M | Scene, ViewLayer | Updating Objects | Copying Transformations to device
Fra:1 Mem:23.02M (Peak 25.55M) | Time:00:00.01 | Mem:0.00M, Peak:0.00M | Scene, ViewLayer | Updating Particle Systems
Fra:1 Mem:23.02M (Peak 25.55M) | Time:00:00.01 | Mem:0.00M, Peak:0.00M | Scene, ViewLayer | Updating Particle Systems | Copying Particles to device
Fra:1 Mem:23.02M (Peak 25.55M) | Time:00:00.01 | Mem:0.00M, Peak:0.00M | Scene, ViewLayer | Updating Meshes
Fra:1 Mem:23.02M (Peak 25.55M) | Time:00:00.01 | Mem:0.00M, Peak:0.00M | Scene, ViewLayer | Updating Objects | Applying Static Transformations
Fra:1 Mem:23.02M (Peak 25.55M) | Time:00:00.01 | Mem:0.00M, Peak:0.00M | Scene, ViewLayer | Updating Mesh | Computing attributes
Fra:1 Mem:25.75M (Peak 25.75M) | Time:00:00.01 | Mem:0.00M, Peak:0.00M | Scene, ViewLayer | Updating Mesh | Copying Attributes to device
Fra:1 Mem:25.74M (Peak 25.75M) | Time:00:00.01 | Mem:2.72M, Peak:2.72M | Scene, ViewLayer | Updating Scene BVH | Building
Fra:1 Mem:25.74M (Peak 25.75M) | Time:00:00.01 | Mem:2.72M, Peak:2.72M | Scene, ViewLayer | Updating Scene BVH | Building BVH
Fra:1 Mem:25.74M (Peak 25.75M) | Time:00:00.01 | Mem:4.34M, Peak:4.34M | Scene, ViewLayer | Updating Scene BVH | Building BVH 0%
Fra:1 Mem:25.74M (Peak 25.75M) | Time:00:00.02 | Mem:6.26M, Peak:7.88M | Scene, ViewLayer | Updating Scene BVH | Copying BVH to device
Fra:1 Mem:25.74M (Peak 25.75M) | Time:00:00.02 | Mem:6.26M, Peak:7.88M | Scene, ViewLayer | Updating Mesh | Computing normals
Fra:1 Mem:27.16M (Peak 27.16M) | Time:00:00.02 | Mem:6.26M, Peak:7.88M | Scene, ViewLayer | Updating Mesh | Copying Mesh to device
Fra:1 Mem:27.16M (Peak 27.16M) | Time:00:00.02 | Mem:7.68M, Peak:7.88M | Scene, ViewLayer | Updating Objects Flags
Fra:1 Mem:27.16M (Peak 27.16M) | Time:00:00.02 | Mem:7.68M, Peak:7.88M | Scene, ViewLayer | Updating Primitive Offsets
Fra:1 Mem:27.16M (Peak 27.16M) | Time:00:00.02 | Mem:7.68M, Peak:7.88M | Scene, ViewLayer | Updating Images
Fra:1 Mem:27.16M (Peak 27.16M) | Time:00:00.02 | Mem:7.68M, Peak:7.88M | Scene, ViewLayer | Updating Camera Volume
Fra:1 Mem:27.16M (Peak 27.16M) | Time:00:00.02 | Mem:7.68M, Peak:7.88M | Scene, ViewLayer | Updating Lookup Tables
Fra:1 Mem:27.16M (Peak 27.16M) | Time:00:00.02 | Mem:7.76M, Peak:7.88M | Scene, ViewLayer | Updating Lights
Fra:1 Mem:27.16M (Peak 27.16M) | Time:00:00.02 | Mem:7.76M, Peak:7.88M | Scene, ViewLayer | Updating Lights | Computing tree
Fra:1 Mem:27.16M (Peak 27.16M) | Time:00:00.02 | Mem:7.76M, Peak:7.88M | Scene, ViewLayer | Updating Integrator
Fra:1 Mem:27.16M (Peak 27.16M) | Time:00:00.02 | Mem:7.76M, Peak:7.88M | Scene, ViewLayer | Updating Film
Fra:1 Mem:27.16M (Peak 27.16M) | Time:00:00.02 | Mem:7.68M, Peak:7.88M | Scene, ViewLayer | Updating Lookup Tables
Fra:1 Mem:27.16M (Peak 27.16M) | Time:00:00.02 | Mem:7.76M, Peak:7.88M | Scene, ViewLayer | Updating Baking
Fra:1 Mem:27.16M (Peak 27.16M) | Time:00:00.02 | Mem:7.76M, Peak:7.88M | Scene, ViewLayer | Updating Device | Writing constant memory
Fra:1 Mem:27.16M (Peak 27.16M) | Time:00:00.02 | Mem:7.76M, Peak:7.88M | Scene, ViewLayer | Loading denoising kernels (may take a few minutes the first time)
Fra:1 Mem:27.16M (Peak 27.16M) | Time:00:00.02 | Mem:7.76M, Peak:7.88M | Scene, ViewLayer | Sample 0/8
Fra:1 Mem:141.22M (Peak 141.22M) | Time:00:01.03 | Remaining:00:07.05 | Mem:121.80M, Peak:121.80M | Scene, ViewLayer | Sample 1/8
