Godot Engine v4.5.1.stable.official.f62fdbde1 - https://godotengine.org
OpenGL API 4.5 (Core Profile) Mesa 25.0.7-2+deb13u1 - Compatibility - Using Device: Mesa - llvmpipe (LLVM 19.1.7, 256 bits)

PASS Unmodified baseline double-snapshot control stable
PASS Exact unrelated stored properties survive44 to46
PASS Exact sea anchor CloudSea_-2_-2
PASS Variant identified from original mesh CloudSea_-2_-2
PASS Original44 material retained CloudSea_-2_-2
PASS Exact sea anchor CloudSea_-2_-1
PASS Variant identified from original mesh CloudSea_-2_-1
PASS Original44 material retained CloudSea_-2_-1
PASS Exact sea anchor CloudSea_-2_0
PASS Variant identified from original mesh CloudSea_-2_0
PASS Original44 material retained CloudSea_-2_0
PASS Exact sea anchor CloudSea_-2_1
PASS Variant identified from original mesh CloudSea_-2_1
PASS Original44 material retained CloudSea_-2_1
PASS Exact sea anchor CloudSea_-2_2
PASS Variant identified from original mesh CloudSea_-2_2
PASS Original44 material retained CloudSea_-2_2
PASS Exact sea anchor CloudSea_-1_-2
PASS Variant identified from original mesh CloudSea_-1_-2
PASS Original44 material retained CloudSea_-1_-2
PASS Exact sea anchor CloudSea_-1_-1
PASS Variant identified from original mesh CloudSea_-1_-1
PASS Original44 material retained CloudSea_-1_-1
PASS Exact sea anchor CloudSea_-1_0
PASS Variant identified from original mesh CloudSea_-1_0
PASS Original44 material retained CloudSea_-1_0
PASS Exact sea anchor CloudSea_-1_1
PASS Variant identified from original mesh CloudSea_-1_1
PASS Original44 material retained CloudSea_-1_1
PASS Exact sea anchor CloudSea_-1_2
PASS Variant identified from original mesh CloudSea_-1_2
PASS Original44 material retained CloudSea_-1_2
PASS Exact sea anchor CloudSea_0_-2
PASS Variant identified from original mesh CloudSea_0_-2
PASS Original44 material retained CloudSea_0_-2
PASS Exact sea anchor CloudSea_0_-1
PASS Variant identified from original mesh CloudSea_0_-1
PASS Original44 material retained CloudSea_0_-1
PASS Exact sea anchor CloudSea_0_0
PASS Variant identified from original mesh CloudSea_0_0
PASS Original44 material retained CloudSea_0_0
PASS Exact sea anchor CloudSea_0_1
PASS Variant identified from original mesh CloudSea_0_1
PASS Original44 material retained CloudSea_0_1
PASS Exact sea anchor CloudSea_0_2
PASS Variant identified from original mesh CloudSea_0_2
PASS Original44 material retained CloudSea_0_2
PASS Exact sea anchor CloudSea_1_-2
PASS Variant identified from original mesh CloudSea_1_-2
PASS Original44 material retained CloudSea_1_-2
PASS Exact sea anchor CloudSea_1_-1
PASS Variant identified from original mesh CloudSea_1_-1
PASS Original44 material retained CloudSea_1_-1
PASS Exact sea anchor CloudSea_1_0
PASS Variant identified from original mesh CloudSea_1_0
PASS Original44 material retained CloudSea_1_0
PASS Exact sea anchor CloudSea_1_1
PASS Variant identified from original mesh CloudSea_1_1
PASS Original44 material retained CloudSea_1_1
PASS Exact sea anchor CloudSea_1_2
PASS Variant identified from original mesh CloudSea_1_2
PASS Original44 material retained CloudSea_1_2
PASS Exact sea anchor CloudSea_2_-2
PASS Variant identified from original mesh CloudSea_2_-2
PASS Original44 material retained CloudSea_2_-2
PASS Exact sea anchor CloudSea_2_-1
PASS Variant identified from original mesh CloudSea_2_-1
PASS Original44 material retained CloudSea_2_-1
PASS Exact sea anchor CloudSea_2_0
PASS Variant identified from original mesh CloudSea_2_0
PASS Original44 material retained CloudSea_2_0
PASS Exact sea anchor CloudSea_2_1
PASS Variant identified from original mesh CloudSea_2_1
PASS Original44 material retained CloudSea_2_1
PASS Exact sea anchor CloudSea_2_2
PASS Variant identified from original mesh CloudSea_2_2
PASS Original44 material retained CloudSea_2_2
PASS Exactly25 original sea roots
PASS Exact persisted Rain buffer
PASS Exact persisted Snow buffer
PASS 48000 precipitation floats retained
WORLD READY: 208 independent terrain scenes, 54797 saved scatter instances, 169 scene landmarks, 6 scene ports
PASS 208 authored terrain tiles retained
PASS Authored scatter retained
PASS Saved sea46-boot
PASS Saved sea46-1216-front
PASS Saved sea46-1216-side
PASS Saved sea46-1216-back
PATH CLEAR 1216 350.0m
PASS Saved sea46-1216-translated-original-plus350m-clear
PASS Saved sea46-1343-front
PASS Saved sea46-1343-side
PASS Saved sea46-1343-back
PATH CLEAR 1343 350.0m
PASS Saved sea46-1343-translated-original-plus350m-clear
PASS Saved sea46-1128-front
PASS Saved sea46-1128-side
PASS Saved sea46-1128-back
PATH BLOCKED 1128 350.0m
PATH CLEAR 1128 150.0m
PASS Saved sea46-1128-supplemental-plus150m-clear
PASS Collision-clear central sea above camera
PASS Saved sea46-central-above
PASS Collision-clear central sea below camera
PASS Saved sea46-central-below
SEA46 VERIFIED
