L58_SOURCE_STAGE {"stage": "native_entry", "pid": 7, "elapsed_seconds": 0.09710341501340736, "user_seconds": 0.319894, "system_seconds": 0.094834, "peak_rss_kib": 240308, "mode": "build"}
L58_SOURCE_STAGE {"stage": "candidate_validation.begin", "pid": 7, "elapsed_seconds": 0.1137867870129412, "user_seconds": 0.336369, "system_seconds": 0.09501599999999999, "peak_rss_kib": 245172}
L58_SOURCE_STAGE {"stage": "candidate_validation.complete", "pid": 7, "elapsed_seconds": 1.1934637320082402, "user_seconds": 1.410406, "system_seconds": 0.100543, "peak_rss_kib": 253108}
L58_SOURCE_STAGE {"stage": "factory_reset.begin", "pid": 7, "elapsed_seconds": 1.193864704007865, "user_seconds": 1.410815, "system_seconds": 0.100543, "peak_rss_kib": 253108}
L58_SOURCE_STAGE {"stage": "text.begin", "pid": 7, "elapsed_seconds": 1.2782008089998271, "user_seconds": 1.474988, "system_seconds": 0.112215, "peak_rss_kib": 256192, "name": "CANDIDATE58L.json", "bytes": 439569}
L58_SOURCE_STAGE {"stage": "text.complete", "pid": 7, "elapsed_seconds": 1.2802189990034094, "user_seconds": 1.476859, "system_seconds": 0.112358, "peak_rss_kib": 256192, "name": "CANDIDATE58L.json"}
L58_SOURCE_STAGE {"stage": "text.begin", "pid": 7, "elapsed_seconds": 1.2803731260064524, "user_seconds": 1.4770029999999998, "system_seconds": 0.112369, "peak_rss_kib": 256192, "name": "BINDINGS58L.json", "bytes": 125481}
L58_SOURCE_STAGE {"stage": "text.complete", "pid": 7, "elapsed_seconds": 1.2811722559999907, "user_seconds": 1.47767, "system_seconds": 0.11241899999999999, "peak_rss_kib": 256192, "name": "BINDINGS58L.json"}
L58_SOURCE_STAGE {"stage": "text.begin", "pid": 7, "elapsed_seconds": 1.2813232890039217, "user_seconds": 1.477811, "system_seconds": 0.11242999999999999, "peak_rss_kib": 256192, "name": "NATIVE58L.py", "bytes": 28057}
L58_SOURCE_STAGE {"stage": "text.complete", "pid": 7, "elapsed_seconds": 1.2817714710108703, "user_seconds": 1.478211, "system_seconds": 0.11245999999999999, "peak_rss_kib": 256192, "name": "NATIVE58L.py"}
L58_SOURCE_STAGE {"stage": "text.begin", "pid": 7, "elapsed_seconds": 1.281904117000522, "user_seconds": 1.478335, "system_seconds": 0.11247, "peak_rss_kib": 256192, "name": "NATIVE_SUPPORT58L.py", "bytes": 23943}
L58_SOURCE_STAGE {"stage": "text.complete", "pid": 7, "elapsed_seconds": 1.282351367000956, "user_seconds": 1.478736, "system_seconds": 0.11249999999999999, "peak_rss_kib": 256192, "name": "NATIVE_SUPPORT58L.py"}
L58_SOURCE_STAGE {"stage": "text.begin", "pid": 7, "elapsed_seconds": 1.2826739680022001, "user_seconds": 1.479018, "system_seconds": 0.112522, "peak_rss_kib": 256192, "name": "GEOMETRY58L.py", "bytes": 14552}
L58_SOURCE_STAGE {"stage": "text.complete", "pid": 7, "elapsed_seconds": 1.2832912500016391, "user_seconds": 1.479585, "system_seconds": 0.112565, "peak_rss_kib": 256192, "name": "GEOMETRY58L.py"}
L58_SOURCE_STAGE {"stage": "text.begin", "pid": 7, "elapsed_seconds": 1.283437946010963, "user_seconds": 1.479722, "system_seconds": 0.112575, "peak_rss_kib": 256192, "name": "POLY58K.py", "bytes": 11506}
L58_SOURCE_STAGE {"stage": "text.complete", "pid": 7, "elapsed_seconds": 1.284138791001169, "user_seconds": 1.480347, "system_seconds": 0.112623, "peak_rss_kib": 256192, "name": "POLY58K.py"}
L58_SOURCE_STAGE {"stage": "text.begin", "pid": 7, "elapsed_seconds": 1.2843085519998567, "user_seconds": 1.4805, "system_seconds": 0.112635, "peak_rss_kib": 256192, "name": "EDIT58L.py", "bytes": 796}
L58_SOURCE_STAGE {"stage": "text.complete", "pid": 7, "elapsed_seconds": 1.2847196590009844, "user_seconds": 1.4808379999999999, "system_seconds": 0.112635, "peak_rss_kib": 256192, "name": "EDIT58L.py"}
L58_SOURCE_STAGE {"stage": "text.begin", "pid": 7, "elapsed_seconds": 1.284855559002608, "user_seconds": 1.480975, "system_seconds": 0.112635, "peak_rss_kib": 256192, "name": "README58L.txt", "bytes": 2292}
L58_SOURCE_STAGE {"stage": "text.complete", "pid": 7, "elapsed_seconds": 1.2853087480034446, "user_seconds": 1.481404, "system_seconds": 0.112635, "peak_rss_kib": 256192, "name": "README58L.txt"}
L58_SOURCE_STAGE {"stage": "create.complete", "pid": 7, "elapsed_seconds": 1.3003720180131495, "user_seconds": 1.496397, "system_seconds": 0.112664, "peak_rss_kib": 256840, "vertices": 1567, "triangles": 3130}
L58_SOURCE_STAGE {"stage": "capture.begin", "pid": 7, "elapsed_seconds": 1.3007338720053667, "user_seconds": 1.496397, "system_seconds": 0.113036, "peak_rss_kib": 256840}
L58_SOURCE_STAGE {"stage": "raw.persisted", "pid": 7, "elapsed_seconds": 1.3734241930069402, "user_seconds": 1.56247, "system_seconds": 0.120501, "peak_rss_kib": 269464, "bytes": 1510140}
L58_SOURCE_STAGE {"stage": "control.begin", "pid": 7, "elapsed_seconds": 2.633380034007132, "user_seconds": 2.820611, "system_seconds": 0.12218699999999999, "peak_rss_kib": 274200, "control": "C01_Crown_A", "field": "value", "value": 1010.0}
L58_SOURCE_STAGE {"stage": "control.complete", "pid": 7, "elapsed_seconds": 3.670610694010975, "user_seconds": 3.847206, "system_seconds": 0.136934, "peak_rss_kib": 289208, "control": "C01_Crown_A"}
L58_SOURCE_STAGE {"stage": "control.begin", "pid": 7, "elapsed_seconds": 3.670834675009246, "user_seconds": 3.847437, "system_seconds": 0.136934, "peak_rss_kib": 289208, "control": "C02_Crown_B", "field": "value", "value": 1045.0}
L58_SOURCE_STAGE {"stage": "control.complete", "pid": 7, "elapsed_seconds": 4.710408438011655, "user_seconds": 4.887131, "system_seconds": 0.140784, "peak_rss_kib": 298176, "control": "C02_Crown_B"}
L58_SOURCE_STAGE {"stage": "control.begin", "pid": 7, "elapsed_seconds": 4.710614533003536, "user_seconds": 4.887344, "system_seconds": 0.140784, "peak_rss_kib": 298176, "control": "C03_Return_C", "field": "value", "value": 930.0}
L58_SOURCE_STAGE {"stage": "control.complete", "pid": 7, "elapsed_seconds": 5.782340421006666, "user_seconds": 5.962968, "system_seconds": 0.14132699999999998, "peak_rss_kib": 298404, "control": "C03_Return_C"}
L58_SOURCE_STAGE {"stage": "control.begin", "pid": 7, "elapsed_seconds": 5.782564051012741, "user_seconds": 5.9632, "system_seconds": 0.14132699999999998, "peak_rss_kib": 298404, "control": "C04_Shoulder_D", "field": "value", "value": 850.0}
L58_SOURCE_STAGE {"stage": "control.complete", "pid": 7, "elapsed_seconds": 6.8204059440031415, "user_seconds": 6.988709, "system_seconds": 0.157304, "peak_rss_kib": 298944, "control": "C04_Shoulder_D"}
L58_SOURCE_STAGE {"stage": "control.begin", "pid": 7, "elapsed_seconds": 6.820679448006558, "user_seconds": 6.988709, "system_seconds": 0.157585, "peak_rss_kib": 298944, "control": "C05_Main_Valley", "field": "value", "value": 745.0}
L58_SOURCE_STAGE {"stage": "control.complete", "pid": 7, "elapsed_seconds": 7.88436412801093, "user_seconds": 8.05288, "system_seconds": 0.161442, "peak_rss_kib": 298992, "control": "C05_Main_Valley"}
L58_SOURCE_STAGE {"stage": "control.begin", "pid": 7, "elapsed_seconds": 7.8846450530109, "user_seconds": 8.05288, "system_seconds": 0.16173099999999999, "peak_rss_kib": 298992, "control": "C06_Belly", "field": "value", "value": 586.0}
L58_SOURCE_STAGE {"stage": "control.complete", "pid": 7, "elapsed_seconds": 9.033513271002448, "user_seconds": 9.201944, "system_seconds": 0.16613999999999998, "peak_rss_kib": 299120, "control": "C06_Belly"}
L58_SOURCE_STAGE {"stage": "control.begin", "pid": 7, "elapsed_seconds": 9.033732965006493, "user_seconds": 9.202168, "system_seconds": 0.166144, "peak_rss_kib": 299120, "control": "C07_Meso_Relief", "field": "value", "value": 20.0}
L58_SOURCE_STAGE {"stage": "control.complete", "pid": 7, "elapsed_seconds": 10.085312521012384, "user_seconds": 10.258254, "system_seconds": 0.166148, "peak_rss_kib": 299120, "control": "C07_Meso_Relief"}
L58_SOURCE_STAGE {"stage": "control.begin", "pid": 7, "elapsed_seconds": 10.085755345004145, "user_seconds": 10.258683, "system_seconds": 0.166148, "peak_rss_kib": 299120, "control": "C05_Main_Valley", "field": "width_multiplier", "value": 1.05}
L58_SOURCE_STAGE {"stage": "control.complete", "pid": 7, "elapsed_seconds": 11.215160857012961, "user_seconds": 11.381896, "system_seconds": 0.17769, "peak_rss_kib": 299120, "control": "C05_Main_Valley"}
L58_SOURCE_STAGE {"stage": "save.begin", "pid": 7, "elapsed_seconds": 13.463188361012726, "user_seconds": 13.618507, "system_seconds": 0.198205, "peak_rss_kib": 323612}
Info: Saved as "cloud_bank58l_form_v3.blend"
L58_SOURCE_STAGE {"stage": "save.complete", "pid": 7, "elapsed_seconds": 13.471830781010794, "user_seconds": 13.620411, "system_seconds": 0.202153, "peak_rss_kib": 323612, "bytes": 324179}
L58_SOURCE_STAGE {"stage": "native_terminal", "pid": 7, "elapsed_seconds": 13.472572705999482, "user_seconds": 13.621156, "system_seconds": 0.202153, "peak_rss_kib": 323612, "passed": true, "state": "completed"}
Blender 4.5.14 LTS (hash 62c1db4208e8 built 2026-09-15 01:31:19)
