L58_SOURCE_STAGE {"stage": "native_entry", "pid": 29, "elapsed_seconds": 0.08487286599120125, "user_seconds": 0.307419, "system_seconds": 0.07657499999999999, "peak_rss_kib": 240152, "mode": "verify"}
L58_SOURCE_STAGE {"stage": "candidate_validation.begin", "pid": 29, "elapsed_seconds": 0.10173852599109523, "user_seconds": 0.315888, "system_seconds": 0.08463699999999999, "peak_rss_kib": 245016}
L58_SOURCE_STAGE {"stage": "candidate_validation.complete", "pid": 29, "elapsed_seconds": 1.186682852989179, "user_seconds": 1.387556, "system_seconds": 0.085656, "peak_rss_kib": 252808}
L58_SOURCE_STAGE {"stage": "fresh_open.begin", "pid": 29, "elapsed_seconds": 1.1871401889948174, "user_seconds": 1.388013, "system_seconds": 0.085656, "peak_rss_kib": 252808}
L58_SOURCE_STAGE {"stage": "fresh_open.complete", "pid": 29, "elapsed_seconds": 1.1955838439898798, "user_seconds": 1.39592, "system_seconds": 0.085656, "peak_rss_kib": 252808, "opened_filepath": "/workspace/scratch/a29d03198654/Aether/source-assets/cloud-bank58/revision-l/form-v3/cloud_bank58l_form_v3.blend"}
L58_SOURCE_STAGE {"stage": "capture.begin", "pid": 29, "elapsed_seconds": 1.195971416993416, "user_seconds": 1.3963109999999999, "system_seconds": 0.085656, "peak_rss_kib": 252808}
L58_SOURCE_STAGE {"stage": "raw.persisted", "pid": 29, "elapsed_seconds": 1.2676210299978266, "user_seconds": 1.4593859999999999, "system_seconds": 0.09292399999999999, "peak_rss_kib": 265612, "bytes": 1510251}
L58_SOURCE_STAGE {"stage": "control.begin", "pid": 29, "elapsed_seconds": 2.464297851998708, "user_seconds": 2.637844, "system_seconds": 0.097717, "peak_rss_kib": 269064, "control": "C01_Crown_A", "field": "value", "value": 1010.0}
L58_SOURCE_STAGE {"stage": "control.complete", "pid": 29, "elapsed_seconds": 3.45712996799557, "user_seconds": 3.609842, "system_seconds": 0.110118, "peak_rss_kib": 285364, "control": "C01_Crown_A"}
L58_SOURCE_STAGE {"stage": "control.begin", "pid": 29, "elapsed_seconds": 3.4574064259941224, "user_seconds": 3.610124, "system_seconds": 0.110118, "peak_rss_kib": 285364, "control": "C02_Crown_B", "field": "value", "value": 1045.0}
L58_SOURCE_STAGE {"stage": "control.complete", "pid": 29, "elapsed_seconds": 4.499501774000237, "user_seconds": 4.647004, "system_seconds": 0.11833099999999999, "peak_rss_kib": 292740, "control": "C02_Crown_B"}
L58_SOURCE_STAGE {"stage": "control.begin", "pid": 29, "elapsed_seconds": 4.499729850998847, "user_seconds": 4.64724, "system_seconds": 0.11833099999999999, "peak_rss_kib": 292740, "control": "C03_Return_C", "field": "value", "value": 930.0}
L58_SOURCE_STAGE {"stage": "control.complete", "pid": 29, "elapsed_seconds": 5.504114561990718, "user_seconds": 5.639357, "system_seconds": 0.13427, "peak_rss_kib": 292740, "control": "C03_Return_C"}
L58_SOURCE_STAGE {"stage": "control.begin", "pid": 29, "elapsed_seconds": 5.504355487995781, "user_seconds": 5.6396, "system_seconds": 0.134273, "peak_rss_kib": 292740, "control": "C04_Shoulder_D", "field": "value", "value": 850.0}
L58_SOURCE_STAGE {"stage": "control.complete", "pid": 29, "elapsed_seconds": 6.569363955990411, "user_seconds": 6.704646, "system_seconds": 0.138323, "peak_rss_kib": 292740, "control": "C04_Shoulder_D"}
L58_SOURCE_STAGE {"stage": "control.begin", "pid": 29, "elapsed_seconds": 6.569588316997397, "user_seconds": 6.704872, "system_seconds": 0.138328, "peak_rss_kib": 292740, "control": "C05_Main_Valley", "field": "value", "value": 745.0}
L58_SOURCE_STAGE {"stage": "control.complete", "pid": 29, "elapsed_seconds": 7.624950141995214, "user_seconds": 7.752571, "system_seconds": 0.15004199999999998, "peak_rss_kib": 293292, "control": "C05_Main_Valley"}
L58_SOURCE_STAGE {"stage": "control.begin", "pid": 29, "elapsed_seconds": 7.625170938001247, "user_seconds": 7.752794, "system_seconds": 0.15004599999999998, "peak_rss_kib": 293292, "control": "C06_Belly", "field": "value", "value": 586.0}
L58_SOURCE_STAGE {"stage": "control.complete", "pid": 29, "elapsed_seconds": 8.685239050988457, "user_seconds": 8.812795, "system_seconds": 0.154109, "peak_rss_kib": 293292, "control": "C06_Belly"}
L58_SOURCE_STAGE {"stage": "control.begin", "pid": 29, "elapsed_seconds": 8.685487777998787, "user_seconds": 8.81305, "system_seconds": 0.154109, "peak_rss_kib": 293292, "control": "C07_Meso_Relief", "field": "value", "value": 20.0}
L58_SOURCE_STAGE {"stage": "control.complete", "pid": 29, "elapsed_seconds": 9.709157250996213, "user_seconds": 9.832758, "system_seconds": 0.16189399999999998, "peak_rss_kib": 293292, "control": "C07_Meso_Relief"}
L58_SOURCE_STAGE {"stage": "control.begin", "pid": 29, "elapsed_seconds": 9.709440538994386, "user_seconds": 9.833044, "system_seconds": 0.161898, "peak_rss_kib": 293292, "control": "C05_Main_Valley", "field": "width_multiplier", "value": 1.05}
L58_SOURCE_STAGE {"stage": "control.complete", "pid": 29, "elapsed_seconds": 10.77143310799147, "user_seconds": 10.893782999999999, "system_seconds": 0.16591499999999998, "peak_rss_kib": 293292, "control": "C05_Main_Valley"}
L58_SOURCE_STAGE {"stage": "native_terminal", "pid": 29, "elapsed_seconds": 12.968906056994456, "user_seconds": 13.07079, "system_seconds": 0.18578799999999998, "peak_rss_kib": 315188, "passed": true, "state": "completed"}
Blender 4.5.14 LTS (hash 62c1db4208e8 built 2026-09-15 01:31:19)
Read blend: "/workspace/scratch/a29d03198654/Aether/source-assets/cloud-bank58/revision-l/form-v3/cloud_bank58l_form_v3.blend"
