L58_SOURCE_STAGE {"stage": "native_entry", "pid": 26, "elapsed_seconds": 0.05019653799536172, "user_seconds": 0.310328, "system_seconds": 0.048555999999999995, "peak_rss_kib": 233280, "mode": "render"}
L58_SOURCE_STAGE {"stage": "candidate_validation.begin", "pid": 26, "elapsed_seconds": 0.07708944199839607, "user_seconds": 0.335897, "system_seconds": 0.048555999999999995, "peak_rss_kib": 238144}
L58_SOURCE_STAGE {"stage": "candidate_validation.complete", "pid": 26, "elapsed_seconds": 1.2209034730040003, "user_seconds": 1.414998, "system_seconds": 0.053489999999999996, "peak_rss_kib": 247232}
L58_SOURCE_STAGE {"stage": "fresh_open.begin", "pid": 26, "elapsed_seconds": 1.2213084709946997, "user_seconds": 1.4153989999999999, "system_seconds": 0.053505, "peak_rss_kib": 247232}
L58_SOURCE_STAGE {"stage": "fresh_open.complete", "pid": 26, "elapsed_seconds": 1.229435728993849, "user_seconds": 1.4232960000000001, "system_seconds": 0.053512, "peak_rss_kib": 247528, "opened_filepath": "/workspace/scratch/a29d03198654/Aether/source-assets/cloud-bank58/revision-l/source-api-diagnostic-v1/cloud_bank58l_api_diagnostic_v1.blend"}
L58_SOURCE_STAGE {"stage": "capture.begin", "pid": 26, "elapsed_seconds": 1.2297952200024156, "user_seconds": 1.423684, "system_seconds": 0.053526, "peak_rss_kib": 247528}
L58_SOURCE_STAGE {"stage": "raw.persisted", "pid": 26, "elapsed_seconds": 1.3015287169982912, "user_seconds": 1.4880309999999999, "system_seconds": 0.06139, "peak_rss_kib": 259060, "bytes": 1511156}
L58_SOURCE_STAGE {"stage": "render.begin", "pid": 26, "elapsed_seconds": 2.531365150003694, "user_seconds": 2.701161, "system_seconds": 0.076802, "peak_rss_kib": 263624, "view": "02-k-trial-front"}
Blender 4.5.14 LTS (hash 62c1db4208e8 built 2026-09-15 01:31:19)
Read blend: "/workspace/scratch/a29d03198654/Aether/source-assets/cloud-bank58/revision-l/source-api-diagnostic-v1/cloud_bank58l_api_diagnostic_v1.blend"
Fra:1 Mem:12.11M (Peak 12.11M) | Time:00:00.00 | Mem:0.00M, Peak:0.00M | Scene, ViewLayer | Synchronizing object | L58_EDITABLE_MASTER
Fra:1 Mem:12.11M (Peak 12.11M) | Time:00:00.00 | Mem:0.00M, Peak:0.00M | Scene, ViewLayer | Synchronizing object | L58_K_FIXED_SUN
Fra:1 Mem:12.34M (Peak 12.34M) | Time:00:00.00 | Mem:0.00M, Peak:0.00M | Scene, ViewLayer | Initializing
Fra:1 Mem:12.08M (Peak 12.34M) | Time:00:00.00 | Mem:0.00M, Peak:0.00M | Scene, ViewLayer | Waiting for render to start
Fra:1 Mem:12.08M (Peak 12.34M) | Time:00:00.00 | Mem:0.00M, Peak:0.00M | Scene, ViewLayer | Updating Scene
Fra:1 Mem:12.08M (Peak 12.34M) | Time:00:00.00 | Mem:0.00M, Peak:0.00M | Scene, ViewLayer | Updating Shaders
Fra:1 Mem:12.08M (Peak 12.34M) | Time:00:00.00 | Mem:0.00M, Peak:0.00M | Scene, ViewLayer | Loading render kernels (may take a few minutes the first time)
Fra:1 Mem:12.16M (Peak 12.34M) | Time:00:00.00 | Mem:0.00M, Peak:0.00M | Scene, ViewLayer | Updating Procedurals
Fra:1 Mem:12.16M (Peak 12.34M) | Time:00:00.00 | Mem:0.00M, Peak:0.00M | Scene, ViewLayer | Updating Background
Fra:1 Mem:12.16M (Peak 12.34M) | Time:00:00.00 | Mem:0.00M, Peak:0.00M | Scene, ViewLayer | Updating Camera
Fra:1 Mem:12.16M (Peak 12.34M) | Time:00:00.00 | Mem:0.00M, Peak:0.00M | Scene, ViewLayer | Updating Meshes Flags
Fra:1 Mem:12.16M (Peak 12.34M) | Time:00:00.00 | Mem:0.00M, Peak:0.00M | Scene, ViewLayer | Updating Objects
Fra:1 Mem:12.16M (Peak 12.34M) | Time:00:00.00 | Mem:0.00M, Peak:0.00M | Scene, ViewLayer | Updating Objects | Copying Transformations to device
Fra:1 Mem:12.16M (Peak 12.34M) | Time:00:00.00 | Mem:0.00M, Peak:0.00M | Scene, ViewLayer | Updating Particle Systems
Fra:1 Mem:12.16M (Peak 12.34M) | Time:00:00.00 | Mem:0.00M, Peak:0.00M | Scene, ViewLayer | Updating Particle Systems | Copying Particles to device
Fra:1 Mem:12.16M (Peak 12.34M) | Time:00:00.00 | Mem:0.00M, Peak:0.00M | Scene, ViewLayer | Updating Meshes
Fra:1 Mem:12.16M (Peak 12.34M) | Time:00:00.00 | Mem:0.00M, Peak:0.00M | Scene, ViewLayer | Updating Objects | Applying Static Transformations
Fra:1 Mem:12.16M (Peak 12.34M) | Time:00:00.00 | Mem:0.00M, Peak:0.00M | Scene, ViewLayer | Updating Mesh | Computing attributes
Fra:1 Mem:12.18M (Peak 12.34M) | Time:00:00.00 | Mem:0.00M, Peak:0.00M | Scene, ViewLayer | Updating Mesh | Copying Attributes to device
Fra:1 Mem:12.18M (Peak 12.34M) | Time:00:00.00 | Mem:0.02M, Peak:0.02M | Scene, ViewLayer | Updating Scene BVH | Building
Fra:1 Mem:12.18M (Peak 12.34M) | Time:00:00.00 | Mem:0.02M, Peak:0.02M | Scene, ViewLayer | Updating Scene BVH | Building BVH
Fra:1 Mem:12.18M (Peak 12.34M) | Time:00:00.00 | Mem:0.12M, Peak:0.12M | Scene, ViewLayer | Updating Scene BVH | Building BVH 0%
Fra:1 Mem:12.18M (Peak 12.34M) | Time:00:00.00 | Mem:0.23M, Peak:0.33M | Scene, ViewLayer | Updating Scene BVH | Copying BVH to device
Fra:1 Mem:12.18M (Peak 12.34M) | Time:00:00.00 | Mem:0.23M, Peak:0.33M | Scene, ViewLayer | Updating Mesh | Computing normals
Fra:1 Mem:12.27M (Peak 12.34M) | Time:00:00.00 | Mem:0.23M, Peak:0.33M | Scene, ViewLayer | Updating Mesh | Copying Mesh to device
Fra:1 Mem:12.27M (Peak 12.34M) | Time:00:00.00 | Mem:0.32M, Peak:0.33M | Scene, ViewLayer | Updating Objects Flags
Fra:1 Mem:12.27M (Peak 12.34M) | Time:00:00.00 | Mem:0.32M, Peak:0.33M | Scene, ViewLayer | Updating Primitive Offsets
Fra:1 Mem:12.27M (Peak 12.34M) | Time:00:00.00 | Mem:0.32M, Peak:0.33M | Scene, ViewLayer | Updating Images
Fra:1 Mem:12.27M (Peak 12.34M) | Time:00:00.00 | Mem:0.32M, Peak:0.33M | Scene, ViewLayer | Updating Camera Volume
Fra:1 Mem:12.27M (Peak 12.34M) | Time:00:00.00 | Mem:0.32M, Peak:0.33M | Scene, ViewLayer | Updating Lookup Tables
Fra:1 Mem:12.27M (Peak 12.34M) | Time:00:00.00 | Mem:0.40M, Peak:0.40M | Scene, ViewLayer | Updating Lights
Fra:1 Mem:12.27M (Peak 12.34M) | Time:00:00.00 | Mem:0.40M, Peak:0.40M | Scene, ViewLayer | Updating Lights | Computing tree
Fra:1 Mem:12.27M (Peak 12.34M) | Time:00:00.00 | Mem:0.40M, Peak:0.40M | Scene, ViewLayer | Updating Integrator
Fra:1 Mem:12.27M (Peak 12.34M) | Time:00:00.00 | Mem:0.40M, Peak:0.40M | Scene, ViewLayer | Updating Film
Fra:1 Mem:12.27M (Peak 12.34M) | Time:00:00.00 | Mem:0.32M, Peak:0.40M | Scene, ViewLayer | Updating Lookup Tables
Fra:1 Mem:12.27M (Peak 12.34M) | Time:00:00.00 | Mem:0.40M, Peak:0.40M | Scene, ViewLayer | Updating Baking
Fra:1 Mem:12.27M (Peak 12.34M) | Time:00:00.00 | Mem:0.40M, Peak:0.40M | Scene, ViewLayer | Updating Device | Writing constant memory
Fra:1 Mem:12.27M (Peak 12.34M) | Time:00:00.00 | Mem:0.40M, Peak:0.40M | Scene, ViewLayer | Sample 0/8
Fra:1 Mem:39.17M (Peak 39.17M) | Time:00:00.20 | Remaining:00:01.38 | Mem:27.28M, Peak:27.28M | Scene, ViewLayer | Sample 1/8
Fra:1 Mem:51.12M (Peak 75.01M) | Time:00:01.59 | Mem:27.28M, Peak:27.28M | Scene, ViewLayer | Sample 8/8
Fra:1 Mem:51.12M (Peak 75.01M) | Time:00:01.59 | Mem:27.28M, Peak:27.28M | Scene, ViewLayer | Finished
Saved: '/workspace/scratch/a29d03198654/Aether/cloud-evidence/cloudbank58l-source-api-diagnostic-v1-views-20261002T195101Z-3kmu_0dz/outputs/02-k-trial-front.png'
Time: 00:01.75 (Saving: 00:00.16)

L58_SOURCE_STAGE {"stage": "render.complete", "pid": 26, "elapsed_seconds": 4.288008172996342, "user_seconds": 5.925764, "system_seconds": 0.09913699999999999, "peak_rss_kib": 329356, "view": "02-k-trial-front"}
L58_SOURCE_STAGE {"stage": "native_terminal", "pid": 26, "elapsed_seconds": 4.639167265006108, "user_seconds": 6.269634, "system_seconds": 0.107362, "peak_rss_kib": 329356, "passed": true, "state": "completed"}
