L58_SOURCE_STAGE {"stage": "native_entry", "pid": 45, "elapsed_seconds": 0.0453547010110924, "user_seconds": 0.31157999999999997, "system_seconds": 0.032107, "peak_rss_kib": 234292, "mode": "render"}
L58_SOURCE_STAGE {"stage": "candidate_validation.begin", "pid": 45, "elapsed_seconds": 0.06952082000498194, "user_seconds": 0.331978, "system_seconds": 0.035872999999999995, "peak_rss_kib": 239284}
L58_SOURCE_STAGE {"stage": "candidate_validation.complete", "pid": 45, "elapsed_seconds": 1.1041822080005659, "user_seconds": 1.358451, "system_seconds": 0.043821, "peak_rss_kib": 248500}
L58_SOURCE_STAGE {"stage": "fresh_open.begin", "pid": 45, "elapsed_seconds": 1.1047880130063277, "user_seconds": 1.359046, "system_seconds": 0.043841, "peak_rss_kib": 248500}
L58_SOURCE_STAGE {"stage": "fresh_open.complete", "pid": 45, "elapsed_seconds": 1.1129316560109146, "user_seconds": 1.3635329999999999, "system_seconds": 0.047743999999999995, "peak_rss_kib": 248732, "opened_filepath": "/workspace/scratch/a29d03198654/Aether/source-assets/cloud-bank58/revision-l/source-api-diagnostic-v1/cloud_bank58l_api_diagnostic_v1.blend"}
L58_SOURCE_STAGE {"stage": "capture.begin", "pid": 45, "elapsed_seconds": 1.1133642950007925, "user_seconds": 1.364369, "system_seconds": 0.047772999999999996, "peak_rss_kib": 248732}
L58_SOURCE_STAGE {"stage": "raw.persisted", "pid": 45, "elapsed_seconds": 1.1836558729992248, "user_seconds": 1.432973, "system_seconds": 0.051850999999999994, "peak_rss_kib": 260296, "bytes": 1511156}
L58_SOURCE_STAGE {"stage": "render.begin", "pid": 45, "elapsed_seconds": 2.333729311998468, "user_seconds": 2.5829839999999997, "system_seconds": 0.051926, "peak_rss_kib": 265032, "view": "03-k-fixed-side-back"}
Blender 4.5.14 LTS (hash 62c1db4208e8 built 2026-09-15 01:31:19)
Read blend: "/workspace/scratch/a29d03198654/Aether/source-assets/cloud-bank58/revision-l/source-api-diagnostic-v1/cloud_bank58l_api_diagnostic_v1.blend"
Fra:1 Mem:12.11M (Peak 12.11M) | Time:00:00.00 | Mem:0.00M, Peak:0.00M | Scene, ViewLayer | Synchronizing object | L58_EDITABLE_MASTER
Fra:1 Mem:12.11M (Peak 12.11M) | Time:00:00.00 | Mem:0.00M, Peak:0.00M | Scene, ViewLayer | Synchronizing object | L58_K_FIXED_SUN
Fra:1 Mem:12.34M (Peak 12.34M) | Time:00:00.00 | Mem:0.00M, Peak:0.00M | Scene, ViewLayer | Initializing
Fra:1 Mem:12.08M (Peak 12.34M) | Time:00:00.00 | Mem:0.00M, Peak:0.00M | Scene, ViewLayer | Waiting for render to start
Fra:1 Mem:12.08M (Peak 12.34M) | Time:00:00.00 | Mem:0.00M, Peak:0.00M | Scene, ViewLayer | Updating Scene
Fra:1 Mem:12.08M (Peak 12.34M) | Time:00:00.00 | Mem:0.00M, Peak:0.00M | Scene, ViewLayer | Updating Shaders
Fra:1 Mem:12.08M (Peak 12.34M) | Time:00:00.00 | Mem:0.00M, Peak:0.00M | Scene, ViewLayer | Loading render kernels (may take a few minutes the first time)
Fra:1 Mem:12.16M (Peak 12.34M) | Time:00:00.00 | Mem:0.00M, Peak:0.00M | Scene, ViewLayer | Updating Procedurals
Fra:1 Mem:12.16M (Peak 12.34M) | Time:00:00.00 | Mem:0.00M, Peak:0.00M | Scene, ViewLayer | Updating Background
Fra:1 Mem:12.16M (Peak 12.34M) | Time:00:00.00 | Mem:0.00M, Peak:0.00M | Scene, ViewLayer | Updating Camera
Fra:1 Mem:12.16M (Peak 12.34M) | Time:00:00.00 | Mem:0.00M, Peak:0.00M | Scene, ViewLayer | Updating Meshes Flags
Fra:1 Mem:12.16M (Peak 12.34M) | Time:00:00.00 | Mem:0.00M, Peak:0.00M | Scene, ViewLayer | Updating Objects
Fra:1 Mem:12.16M (Peak 12.34M) | Time:00:00.00 | Mem:0.00M, Peak:0.00M | Scene, ViewLayer | Updating Objects | Copying Transformations to device
Fra:1 Mem:12.16M (Peak 12.34M) | Time:00:00.00 | Mem:0.00M, Peak:0.00M | Scene, ViewLayer | Updating Particle Systems
Fra:1 Mem:12.16M (Peak 12.34M) | Time:00:00.00 | Mem:0.00M, Peak:0.00M | Scene, ViewLayer | Updating Particle Systems | Copying Particles to device
Fra:1 Mem:12.16M (Peak 12.34M) | Time:00:00.00 | Mem:0.00M, Peak:0.00M | Scene, ViewLayer | Updating Meshes
Fra:1 Mem:12.16M (Peak 12.34M) | Time:00:00.00 | Mem:0.00M, Peak:0.00M | Scene, ViewLayer | Updating Objects | Applying Static Transformations
Fra:1 Mem:12.16M (Peak 12.34M) | Time:00:00.00 | Mem:0.00M, Peak:0.00M | Scene, ViewLayer | Updating Mesh | Computing attributes
Fra:1 Mem:12.18M (Peak 12.34M) | Time:00:00.00 | Mem:0.00M, Peak:0.00M | Scene, ViewLayer | Updating Mesh | Copying Attributes to device
Fra:1 Mem:12.18M (Peak 12.34M) | Time:00:00.00 | Mem:0.02M, Peak:0.02M | Scene, ViewLayer | Updating Scene BVH | Building
Fra:1 Mem:12.18M (Peak 12.34M) | Time:00:00.00 | Mem:0.02M, Peak:0.02M | Scene, ViewLayer | Updating Scene BVH | Building BVH
Fra:1 Mem:12.18M (Peak 12.34M) | Time:00:00.00 | Mem:0.12M, Peak:0.12M | Scene, ViewLayer | Updating Scene BVH | Building BVH 0%
Fra:1 Mem:12.18M (Peak 12.34M) | Time:00:00.00 | Mem:0.22M, Peak:0.32M | Scene, ViewLayer | Updating Scene BVH | Copying BVH to device
Fra:1 Mem:12.18M (Peak 12.34M) | Time:00:00.00 | Mem:0.22M, Peak:0.32M | Scene, ViewLayer | Updating Mesh | Computing normals
Fra:1 Mem:12.27M (Peak 12.34M) | Time:00:00.00 | Mem:0.22M, Peak:0.32M | Scene, ViewLayer | Updating Mesh | Copying Mesh to device
Fra:1 Mem:12.27M (Peak 12.34M) | Time:00:00.00 | Mem:0.31M, Peak:0.32M | Scene, ViewLayer | Updating Objects Flags
Fra:1 Mem:12.27M (Peak 12.34M) | Time:00:00.00 | Mem:0.31M, Peak:0.32M | Scene, ViewLayer | Updating Primitive Offsets
Fra:1 Mem:12.27M (Peak 12.34M) | Time:00:00.00 | Mem:0.31M, Peak:0.32M | Scene, ViewLayer | Updating Images
Fra:1 Mem:12.27M (Peak 12.34M) | Time:00:00.00 | Mem:0.31M, Peak:0.32M | Scene, ViewLayer | Updating Camera Volume
Fra:1 Mem:12.27M (Peak 12.34M) | Time:00:00.00 | Mem:0.31M, Peak:0.32M | Scene, ViewLayer | Updating Lookup Tables
Fra:1 Mem:12.27M (Peak 12.34M) | Time:00:00.00 | Mem:0.39M, Peak:0.39M | Scene, ViewLayer | Updating Lights
Fra:1 Mem:12.27M (Peak 12.34M) | Time:00:00.00 | Mem:0.39M, Peak:0.39M | Scene, ViewLayer | Updating Lights | Computing tree
Fra:1 Mem:12.27M (Peak 12.34M) | Time:00:00.00 | Mem:0.39M, Peak:0.39M | Scene, ViewLayer | Updating Integrator
Fra:1 Mem:12.27M (Peak 12.34M) | Time:00:00.00 | Mem:0.39M, Peak:0.39M | Scene, ViewLayer | Updating Film
Fra:1 Mem:12.27M (Peak 12.34M) | Time:00:00.00 | Mem:0.31M, Peak:0.39M | Scene, ViewLayer | Updating Lookup Tables
Fra:1 Mem:12.27M (Peak 12.34M) | Time:00:00.00 | Mem:0.39M, Peak:0.39M | Scene, ViewLayer | Updating Baking
Fra:1 Mem:12.27M (Peak 12.34M) | Time:00:00.00 | Mem:0.39M, Peak:0.39M | Scene, ViewLayer | Updating Device | Writing constant memory
Fra:1 Mem:12.27M (Peak 12.34M) | Time:00:00.00 | Mem:0.39M, Peak:0.39M | Scene, ViewLayer | Sample 0/8
Fra:1 Mem:39.17M (Peak 39.17M) | Time:00:00.28 | Remaining:00:01.95 | Mem:27.27M, Peak:27.27M | Scene, ViewLayer | Sample 1/8
Fra:1 Mem:51.12M (Peak 75.01M) | Time:00:02.15 | Mem:27.27M, Peak:27.27M | Scene, ViewLayer | Sample 8/8
Fra:1 Mem:51.12M (Peak 75.01M) | Time:00:02.15 | Mem:27.27M, Peak:27.27M | Scene, ViewLayer | Finished
Saved: '/workspace/scratch/a29d03198654/Aether/cloud-evidence/cloudbank58l-source-api-diagnostic-v1-views-20261002T195101Z-3kmu_0dz/outputs/03-k-fixed-side-back.png'
Time: 00:02.29 (Saving: 00:00.14)

L58_SOURCE_STAGE {"stage": "render.complete", "pid": 45, "elapsed_seconds": 4.6275276360102, "user_seconds": 6.853343, "system_seconds": 0.09564399999999999, "peak_rss_kib": 330448, "view": "03-k-fixed-side-back"}
L58_SOURCE_STAGE {"stage": "native_terminal", "pid": 45, "elapsed_seconds": 4.977343425998697, "user_seconds": 7.189841, "system_seconds": 0.09974999999999999, "peak_rss_kib": 330448, "passed": true, "state": "completed"}
