L58_SOURCE_STAGE {"stage": "native_entry", "pid": 64, "elapsed_seconds": 0.04991830699145794, "user_seconds": 0.300846, "system_seconds": 0.048402999999999995, "peak_rss_kib": 234636, "mode": "render"}
L58_SOURCE_STAGE {"stage": "candidate_validation.begin", "pid": 64, "elapsed_seconds": 0.08233494199521374, "user_seconds": 0.330629, "system_seconds": 0.048498, "peak_rss_kib": 239500}
L58_SOURCE_STAGE {"stage": "candidate_validation.complete", "pid": 64, "elapsed_seconds": 1.2123764119896805, "user_seconds": 1.453776, "system_seconds": 0.054803, "peak_rss_kib": 248716}
L58_SOURCE_STAGE {"stage": "fresh_open.begin", "pid": 64, "elapsed_seconds": 1.2127776649867883, "user_seconds": 1.454171, "system_seconds": 0.054817, "peak_rss_kib": 248716}
L58_SOURCE_STAGE {"stage": "fresh_open.complete", "pid": 64, "elapsed_seconds": 1.2213359919987852, "user_seconds": 1.462689, "system_seconds": 0.054835999999999996, "peak_rss_kib": 249052, "opened_filepath": "/workspace/scratch/a29d03198654/Aether/source-assets/cloud-bank58/revision-l/source-api-diagnostic-v1/cloud_bank58l_api_diagnostic_v1.blend"}
L58_SOURCE_STAGE {"stage": "capture.begin", "pid": 64, "elapsed_seconds": 1.221840546990279, "user_seconds": 1.462689, "system_seconds": 0.055852, "peak_rss_kib": 249052}
L58_SOURCE_STAGE {"stage": "raw.persisted", "pid": 64, "elapsed_seconds": 1.2932252289901953, "user_seconds": 1.524851, "system_seconds": 0.066551, "peak_rss_kib": 260672, "bytes": 1511156}
L58_SOURCE_STAGE {"stage": "render.begin", "pid": 64, "elapsed_seconds": 2.519851340999594, "user_seconds": 2.750921, "system_seconds": 0.067036, "peak_rss_kib": 265256, "view": "04-k-fixed-near"}
Blender 4.5.14 LTS (hash 62c1db4208e8 built 2026-09-15 01:31:19)
Read blend: "/workspace/scratch/a29d03198654/Aether/source-assets/cloud-bank58/revision-l/source-api-diagnostic-v1/cloud_bank58l_api_diagnostic_v1.blend"
Fra:1 Mem:12.11M (Peak 12.11M) | Time:00:00.00 | Mem:0.00M, Peak:0.00M | Scene, ViewLayer | Synchronizing object | L58_EDITABLE_MASTER
Fra:1 Mem:12.11M (Peak 12.11M) | Time:00:00.00 | Mem:0.00M, Peak:0.00M | Scene, ViewLayer | Synchronizing object | L58_K_FIXED_SUN
Fra:1 Mem:12.34M (Peak 12.34M) | Time:00:00.00 | Mem:0.00M, Peak:0.00M | Scene, ViewLayer | Initializing
Fra:1 Mem:12.08M (Peak 12.34M) | Time:00:00.00 | Mem:0.00M, Peak:0.00M | Scene, ViewLayer | Waiting for render to start
Fra:1 Mem:12.08M (Peak 12.34M) | Time:00:00.00 | Mem:0.00M, Peak:0.00M | Scene, ViewLayer | Updating Scene
Fra:1 Mem:12.08M (Peak 12.34M) | Time:00:00.00 | Mem:0.00M, Peak:0.00M | Scene, ViewLayer | Updating Shaders
Fra:1 Mem:12.08M (Peak 12.34M) | Time:00:00.00 | Mem:0.00M, Peak:0.00M | Scene, ViewLayer | Loading render kernels (may take a few minutes the first time)
Fra:1 Mem:12.16M (Peak 12.34M) | Time:00:00.00 | Mem:0.00M, Peak:0.00M | Scene, ViewLayer | Updating Procedurals
Fra:1 Mem:12.16M (Peak 12.34M) | Time:00:00.00 | Mem:0.00M, Peak:0.00M | Scene, ViewLayer | Updating Background
Fra:1 Mem:12.16M (Peak 12.34M) | Time:00:00.00 | Mem:0.00M, Peak:0.00M | Scene, ViewLayer | Updating Camera
Fra:1 Mem:12.16M (Peak 12.34M) | Time:00:00.00 | Mem:0.00M, Peak:0.00M | Scene, ViewLayer | Updating Meshes Flags
Fra:1 Mem:12.16M (Peak 12.34M) | Time:00:00.00 | Mem:0.00M, Peak:0.00M | Scene, ViewLayer | Updating Objects
Fra:1 Mem:12.16M (Peak 12.34M) | Time:00:00.00 | Mem:0.00M, Peak:0.00M | Scene, ViewLayer | Updating Objects | Copying Transformations to device
Fra:1 Mem:12.16M (Peak 12.34M) | Time:00:00.00 | Mem:0.00M, Peak:0.00M | Scene, ViewLayer | Updating Particle Systems
Fra:1 Mem:12.16M (Peak 12.34M) | Time:00:00.00 | Mem:0.00M, Peak:0.00M | Scene, ViewLayer | Updating Particle Systems | Copying Particles to device
Fra:1 Mem:12.16M (Peak 12.34M) | Time:00:00.00 | Mem:0.00M, Peak:0.00M | Scene, ViewLayer | Updating Meshes
Fra:1 Mem:12.16M (Peak 12.34M) | Time:00:00.00 | Mem:0.00M, Peak:0.00M | Scene, ViewLayer | Updating Objects | Applying Static Transformations
Fra:1 Mem:12.16M (Peak 12.34M) | Time:00:00.00 | Mem:0.00M, Peak:0.00M | Scene, ViewLayer | Updating Mesh | Computing attributes
Fra:1 Mem:12.18M (Peak 12.34M) | Time:00:00.00 | Mem:0.00M, Peak:0.00M | Scene, ViewLayer | Updating Mesh | Copying Attributes to device
Fra:1 Mem:12.18M (Peak 12.34M) | Time:00:00.00 | Mem:0.02M, Peak:0.02M | Scene, ViewLayer | Updating Scene BVH | Building
Fra:1 Mem:12.18M (Peak 12.34M) | Time:00:00.00 | Mem:0.02M, Peak:0.02M | Scene, ViewLayer | Updating Scene BVH | Building BVH
Fra:1 Mem:12.18M (Peak 12.34M) | Time:00:00.00 | Mem:0.12M, Peak:0.12M | Scene, ViewLayer | Updating Scene BVH | Building BVH 0%
Fra:1 Mem:12.18M (Peak 12.34M) | Time:00:00.00 | Mem:0.22M, Peak:0.32M | Scene, ViewLayer | Updating Scene BVH | Copying BVH to device
Fra:1 Mem:12.18M (Peak 12.34M) | Time:00:00.00 | Mem:0.22M, Peak:0.32M | Scene, ViewLayer | Updating Mesh | Computing normals
Fra:1 Mem:12.27M (Peak 12.34M) | Time:00:00.00 | Mem:0.22M, Peak:0.32M | Scene, ViewLayer | Updating Mesh | Copying Mesh to device
Fra:1 Mem:12.27M (Peak 12.34M) | Time:00:00.00 | Mem:0.31M, Peak:0.32M | Scene, ViewLayer | Updating Objects Flags
Fra:1 Mem:12.27M (Peak 12.34M) | Time:00:00.00 | Mem:0.31M, Peak:0.32M | Scene, ViewLayer | Updating Primitive Offsets
Fra:1 Mem:12.27M (Peak 12.34M) | Time:00:00.00 | Mem:0.31M, Peak:0.32M | Scene, ViewLayer | Updating Images
Fra:1 Mem:12.27M (Peak 12.34M) | Time:00:00.00 | Mem:0.31M, Peak:0.32M | Scene, ViewLayer | Updating Camera Volume
Fra:1 Mem:12.27M (Peak 12.34M) | Time:00:00.00 | Mem:0.31M, Peak:0.32M | Scene, ViewLayer | Updating Lookup Tables
Fra:1 Mem:12.27M (Peak 12.34M) | Time:00:00.00 | Mem:0.39M, Peak:0.39M | Scene, ViewLayer | Updating Lights
Fra:1 Mem:12.27M (Peak 12.34M) | Time:00:00.00 | Mem:0.39M, Peak:0.39M | Scene, ViewLayer | Updating Lights | Computing tree
Fra:1 Mem:12.27M (Peak 12.34M) | Time:00:00.00 | Mem:0.39M, Peak:0.39M | Scene, ViewLayer | Updating Integrator
Fra:1 Mem:12.27M (Peak 12.34M) | Time:00:00.00 | Mem:0.39M, Peak:0.39M | Scene, ViewLayer | Updating Film
Fra:1 Mem:12.27M (Peak 12.34M) | Time:00:00.00 | Mem:0.31M, Peak:0.39M | Scene, ViewLayer | Updating Lookup Tables
Fra:1 Mem:12.27M (Peak 12.34M) | Time:00:00.00 | Mem:0.39M, Peak:0.39M | Scene, ViewLayer | Updating Baking
Fra:1 Mem:12.27M (Peak 12.34M) | Time:00:00.00 | Mem:0.39M, Peak:0.39M | Scene, ViewLayer | Updating Device | Writing constant memory
Fra:1 Mem:12.27M (Peak 12.34M) | Time:00:00.00 | Mem:0.39M, Peak:0.39M | Scene, ViewLayer | Sample 0/8
Fra:1 Mem:39.17M (Peak 39.17M) | Time:00:00.38 | Remaining:00:02.67 | Mem:27.27M, Peak:27.27M | Scene, ViewLayer | Sample 1/8
Fra:1 Mem:51.12M (Peak 75.01M) | Time:00:03.00 | Mem:27.27M, Peak:27.27M | Scene, ViewLayer | Sample 8/8
Fra:1 Mem:51.12M (Peak 75.01M) | Time:00:03.00 | Mem:27.27M, Peak:27.27M | Scene, ViewLayer | Finished
Saved: '/workspace/scratch/a29d03198654/Aether/cloud-evidence/cloudbank58l-source-api-diagnostic-v1-views-20261002T195101Z-3kmu_0dz/outputs/04-k-fixed-near.png'
Time: 00:03.16 (Saving: 00:00.15)

L58_SOURCE_STAGE {"stage": "render.complete", "pid": 64, "elapsed_seconds": 5.683937387992046, "user_seconds": 8.629459, "system_seconds": 0.127247, "peak_rss_kib": 328892, "view": "04-k-fixed-near"}
L58_SOURCE_STAGE {"stage": "native_terminal", "pid": 64, "elapsed_seconds": 6.034169014994404, "user_seconds": 8.976769, "system_seconds": 0.131407, "peak_rss_kib": 328892, "passed": true, "state": "completed"}
