L58_SOURCE_STAGE {"stage": "native_entry", "pid": 7, "elapsed_seconds": 0.05551188800018281, "user_seconds": 0.32911399999999996, "system_seconds": 0.055625, "peak_rss_kib": 237616, "mode": "render"}
L58_SOURCE_STAGE {"stage": "candidate_validation.begin", "pid": 7, "elapsed_seconds": 0.08038375900650863, "user_seconds": 0.35396099999999997, "system_seconds": 0.055625, "peak_rss_kib": 242480}
L58_SOURCE_STAGE {"stage": "candidate_validation.complete", "pid": 7, "elapsed_seconds": 1.154604241004563, "user_seconds": 1.427696, "system_seconds": 0.055625, "peak_rss_kib": 251696}
L58_SOURCE_STAGE {"stage": "fresh_open.begin", "pid": 7, "elapsed_seconds": 1.1551444990036543, "user_seconds": 1.428246, "system_seconds": 0.055625, "peak_rss_kib": 251696}
L58_SOURCE_STAGE {"stage": "fresh_open.complete", "pid": 7, "elapsed_seconds": 1.1656884760013781, "user_seconds": 1.4380060000000001, "system_seconds": 0.055625, "peak_rss_kib": 251852, "opened_filepath": "/workspace/scratch/a29d03198654/Aether/source-assets/cloud-bank58/revision-l/source-api-diagnostic-v1/cloud_bank58l_api_diagnostic_v1.blend"}
L58_SOURCE_STAGE {"stage": "capture.begin", "pid": 7, "elapsed_seconds": 1.1662700140004745, "user_seconds": 1.4380060000000001, "system_seconds": 0.056937999999999996, "peak_rss_kib": 251852}
L58_SOURCE_STAGE {"stage": "raw.persisted", "pid": 7, "elapsed_seconds": 1.245345401999657, "user_seconds": 1.5124870000000001, "system_seconds": 0.062934, "peak_rss_kib": 263556, "bytes": 1511155}
L58_SOURCE_STAGE {"stage": "render.begin", "pid": 7, "elapsed_seconds": 2.482516320000286, "user_seconds": 2.745304, "system_seconds": 0.06702799999999999, "peak_rss_kib": 268000, "view": "01-original61-front"}
Blender 4.5.14 LTS (hash 62c1db4208e8 built 2026-09-15 01:31:19)
Read blend: "/workspace/scratch/a29d03198654/Aether/source-assets/cloud-bank58/revision-l/source-api-diagnostic-v1/cloud_bank58l_api_diagnostic_v1.blend"
Fra:1 Mem:12.11M (Peak 12.11M) | Time:00:00.00 | Mem:0.00M, Peak:0.00M | Scene, ViewLayer | Synchronizing object | L58_EDITABLE_MASTER
Fra:1 Mem:12.11M (Peak 12.11M) | Time:00:00.00 | Mem:0.00M, Peak:0.00M | Scene, ViewLayer | Synchronizing object | L58_K_FIXED_SUN
Fra:1 Mem:12.34M (Peak 12.34M) | Time:00:00.01 | Mem:0.00M, Peak:0.00M | Scene, ViewLayer | Initializing
Fra:1 Mem:12.08M (Peak 12.34M) | Time:00:00.01 | Mem:0.00M, Peak:0.00M | Scene, ViewLayer | Waiting for render to start
Fra:1 Mem:12.08M (Peak 12.34M) | Time:00:00.01 | Mem:0.00M, Peak:0.00M | Scene, ViewLayer | Updating Scene
Fra:1 Mem:12.08M (Peak 12.34M) | Time:00:00.01 | Mem:0.00M, Peak:0.00M | Scene, ViewLayer | Updating Shaders
Fra:1 Mem:12.08M (Peak 12.34M) | Time:00:00.01 | Mem:0.00M, Peak:0.00M | Scene, ViewLayer | Loading render kernels (may take a few minutes the first time)
Fra:1 Mem:12.16M (Peak 12.34M) | Time:00:00.01 | Mem:0.00M, Peak:0.00M | Scene, ViewLayer | Updating Procedurals
Fra:1 Mem:12.16M (Peak 12.34M) | Time:00:00.01 | Mem:0.00M, Peak:0.00M | Scene, ViewLayer | Updating Background
Fra:1 Mem:12.16M (Peak 12.34M) | Time:00:00.01 | Mem:0.00M, Peak:0.00M | Scene, ViewLayer | Updating Camera
Fra:1 Mem:12.16M (Peak 12.34M) | Time:00:00.01 | Mem:0.00M, Peak:0.00M | Scene, ViewLayer | Updating Meshes Flags
Fra:1 Mem:12.16M (Peak 12.34M) | Time:00:00.01 | Mem:0.00M, Peak:0.00M | Scene, ViewLayer | Updating Objects
Fra:1 Mem:12.16M (Peak 12.34M) | Time:00:00.01 | Mem:0.00M, Peak:0.00M | Scene, ViewLayer | Updating Objects | Copying Transformations to device
Fra:1 Mem:12.16M (Peak 12.34M) | Time:00:00.01 | Mem:0.00M, Peak:0.00M | Scene, ViewLayer | Updating Particle Systems
Fra:1 Mem:12.16M (Peak 12.34M) | Time:00:00.01 | Mem:0.00M, Peak:0.00M | Scene, ViewLayer | Updating Particle Systems | Copying Particles to device
Fra:1 Mem:12.16M (Peak 12.34M) | Time:00:00.01 | Mem:0.00M, Peak:0.00M | Scene, ViewLayer | Updating Meshes
Fra:1 Mem:12.16M (Peak 12.34M) | Time:00:00.01 | Mem:0.00M, Peak:0.00M | Scene, ViewLayer | Updating Objects | Applying Static Transformations
Fra:1 Mem:12.16M (Peak 12.34M) | Time:00:00.01 | Mem:0.00M, Peak:0.00M | Scene, ViewLayer | Updating Mesh | Computing attributes
Fra:1 Mem:12.18M (Peak 12.34M) | Time:00:00.01 | Mem:0.00M, Peak:0.00M | Scene, ViewLayer | Updating Mesh | Copying Attributes to device
Fra:1 Mem:12.18M (Peak 12.34M) | Time:00:00.01 | Mem:0.02M, Peak:0.02M | Scene, ViewLayer | Updating Scene BVH | Building
Fra:1 Mem:12.18M (Peak 12.34M) | Time:00:00.01 | Mem:0.02M, Peak:0.02M | Scene, ViewLayer | Updating Scene BVH | Building BVH
Fra:1 Mem:12.18M (Peak 12.34M) | Time:00:00.01 | Mem:0.12M, Peak:0.12M | Scene, ViewLayer | Updating Scene BVH | Building BVH 0%
Fra:1 Mem:12.18M (Peak 12.34M) | Time:00:00.02 | Mem:0.22M, Peak:0.32M | Scene, ViewLayer | Updating Scene BVH | Copying BVH to device
Fra:1 Mem:12.18M (Peak 12.34M) | Time:00:00.02 | Mem:0.22M, Peak:0.32M | Scene, ViewLayer | Updating Mesh | Computing normals
Fra:1 Mem:12.27M (Peak 12.34M) | Time:00:00.02 | Mem:0.22M, Peak:0.32M | Scene, ViewLayer | Updating Mesh | Copying Mesh to device
Fra:1 Mem:12.27M (Peak 12.34M) | Time:00:00.02 | Mem:0.31M, Peak:0.32M | Scene, ViewLayer | Updating Objects Flags
Fra:1 Mem:12.27M (Peak 12.34M) | Time:00:00.02 | Mem:0.31M, Peak:0.32M | Scene, ViewLayer | Updating Primitive Offsets
Fra:1 Mem:12.27M (Peak 12.34M) | Time:00:00.02 | Mem:0.31M, Peak:0.32M | Scene, ViewLayer | Updating Images
Fra:1 Mem:12.27M (Peak 12.34M) | Time:00:00.02 | Mem:0.31M, Peak:0.32M | Scene, ViewLayer | Updating Camera Volume
Fra:1 Mem:12.27M (Peak 12.34M) | Time:00:00.02 | Mem:0.31M, Peak:0.32M | Scene, ViewLayer | Updating Lookup Tables
Fra:1 Mem:12.27M (Peak 12.34M) | Time:00:00.02 | Mem:0.39M, Peak:0.39M | Scene, ViewLayer | Updating Lights
Fra:1 Mem:12.27M (Peak 12.34M) | Time:00:00.02 | Mem:0.39M, Peak:0.39M | Scene, ViewLayer | Updating Lights | Computing tree
Fra:1 Mem:12.27M (Peak 12.34M) | Time:00:00.02 | Mem:0.39M, Peak:0.39M | Scene, ViewLayer | Updating Integrator
Fra:1 Mem:12.27M (Peak 12.34M) | Time:00:00.02 | Mem:0.39M, Peak:0.39M | Scene, ViewLayer | Updating Film
Fra:1 Mem:12.27M (Peak 12.34M) | Time:00:00.02 | Mem:0.31M, Peak:0.39M | Scene, ViewLayer | Updating Lookup Tables
Fra:1 Mem:12.27M (Peak 12.34M) | Time:00:00.02 | Mem:0.39M, Peak:0.39M | Scene, ViewLayer | Updating Baking
Fra:1 Mem:12.27M (Peak 12.34M) | Time:00:00.02 | Mem:0.39M, Peak:0.39M | Scene, ViewLayer | Updating Device | Writing constant memory
Fra:1 Mem:12.27M (Peak 12.34M) | Time:00:00.02 | Mem:0.39M, Peak:0.39M | Scene, ViewLayer | Sample 0/8
Fra:1 Mem:39.17M (Peak 39.17M) | Time:00:00.26 | Remaining:00:01.68 | Mem:27.27M, Peak:27.27M | Scene, ViewLayer | Sample 1/8
Fra:1 Mem:51.12M (Peak 75.01M) | Time:00:01.73 | Mem:27.27M, Peak:27.27M | Scene, ViewLayer | Sample 8/8
Fra:1 Mem:51.12M (Peak 75.01M) | Time:00:01.73 | Mem:27.27M, Peak:27.27M | Scene, ViewLayer | Finished
Saved: '/workspace/scratch/a29d03198654/Aether/cloud-evidence/cloudbank58l-source-api-diagnostic-v1-views-20261002T195101Z-3kmu_0dz/outputs/01-original61-front.png'
Time: 00:01.89 (Saving: 00:00.15)

L58_SOURCE_STAGE {"stage": "render.complete", "pid": 7, "elapsed_seconds": 4.381906926006195, "user_seconds": 6.171829, "system_seconds": 0.117104, "peak_rss_kib": 333800, "view": "01-original61-front"}
L58_SOURCE_STAGE {"stage": "native_terminal", "pid": 7, "elapsed_seconds": 4.736248978006188, "user_seconds": 6.523419, "system_seconds": 0.12085699999999999, "peak_rss_kib": 333800, "passed": true, "state": "completed"}
