Godot Engine v4.5.1.stable.official.f62fdbde1 - https://godotengine.org
OpenGL API 3.3.0 NVIDIA 582.66 - Compatibility - Using Device: NVIDIA - NVIDIA GeForce GTX 970

WORLD READY: 208 independent terrain scenes, 54797 saved scatter instances, 169 scene landmarks, 6 scene ports
rig_fill injected into 6 shaders
haze rate injected into 4 shaders
glint injected into 1 shaders
rendered 1343 (0.0, 145.0, 250.0) -> (0.0, 83.837, -750.0)
rendered 1131 (-2600.0, 330.0, -2350.0) -> (-2969.0, 156.0, -3263.0)
rendered 1347 (-2600.0, 330.0, -2350.0) -> (-3033.0, 174.0, -3238.0)
rendered 1218 (-900.0, 480.0, 1900.0) -> (-2400.0, 0.0, 800.0)
rendered 1344 (-700.0, 260.0, -1900.0) -> (-2600.0, 120.0, -3900.0)
rendered 1217 (1520.0, 150.0, 1020.0) -> (300.0, 0.0, 500.0)
rendered 1220 (-450.0, 450.0, 3250.0) -> (-1117.0, 380.7495, 2509.0)
rendered 1135 (145.0, 44.0, 505.0) -> (118.0, 40.0, 478.0)
rendered 1126 (-2840.0, 38.0, -2640.0) -> (-2979.0, 3.2, -2595.0)
rendered 1332 (-1920.0, 125.0, -1540.0) -> (-2192.0, 10.6, -1595.0)
rendered 1342 (-2278.0, 60.0, -1632.0) -> (-2848.0, 55.0, -2453.0)
rendered 1128 (1150.0, 10.0, -1000.0) -> (1150.0, 160.0, -2600.0)
rendered 1129 (1300.0, 7.0, -950.0) -> (1000.0, 120.0, -2400.0)
rendered 1276 (1130.0, 220.0, -2000.0) -> (1150.0, 200.0, -3000.0)
rendered 1275 (1128.0, 302.0, -2752.0) -> (1076.0, 293.0, -2800.0)
rendered 1274 (3200.8, 931.55, 3001.9) -> (3197.8, 931.2, 2998.6)
rendered 1278 (3351.3, 961.75, 3697.7) -> (3348.2, 961.1, 3701.4)
rendered 1216 (3000.0, 1150.0, 4300.0) -> (4700.0, 760.0, 2700.0)
ERROR: Texture with GL ID of 21: leaked 349524 bytes.
   at: ~Utilities (drivers/gles3/storage/utilities.cpp:77)
ERROR: Texture with GL ID of 22: leaked 349524 bytes.
   at: ~Utilities (drivers/gles3/storage/utilities.cpp:77)
