{
  "status": "Geometry validation only; visual review pending",
  "part": {
    "name": "CloudSea52g_d_v0_main_crown",
    "vertices": 1102,
    "triangles": 2200,
    "bounds_blender_xyz": [
      [
        -706.25048828125,
        -625.9451293945312,
        -30.0
      ],
      [
        42.85307312011719,
        -71.6518783569336,
        350.0
      ]
    ],
    "boundary_edges": 0,
    "nonmanifold_edges": 0,
    "components": [
      1102
    ],
    "signed_volume": 47896375.1340388,
    "zero_area_triangles": 0,
    "nonadjacent_triangle_intersections": 0,
    "intersection_pairs": [],
    "triangle_aspect_over_20": 0,
    "triangle_aspect_max": 16.40674400057115
  },
  "axis_mapping": "Blender(x,y,z) -> glTF/Godot(x,z,-y)",
  "axis_error_m": 0.0,
  "attributes": [
    "POSITION",
    "NORMAL",
    "COLOR_0"
  ],
  "editable_control_volume_meshes": 5,
  "editable_region_reference_handles": 2,
  "visual_acceptance": false
}
Blender 4.5.14 LTS (hash 62c1db4208e8 built 2026-09-15 01:31:19)
Read blend: "/workspace/scratch/a29d03198654/Aether/source-assets/cloud-sea52g/revision-d/cloud_sea52g_d_main.blend"

Blender quit
