Blender 4.5.14 LTS (hash 62c1db4208e8 built 2026-09-15 01:31:19)
Read blend: "/workspace/scratch/a29d03198654/Aether/source-assets/cloud-sea52f/cloud_sea52f.blend"
Fra:1 Mem:15.98M (Peak 15.98M) | Time:00:00.00 | Mem:0.00M, Peak:0.00M | Scene, ViewLayer | Synchronizing object | CloudSea52e_v0_main_ridge
Fra:1 Mem:15.98M (Peak 15.98M) | Time:00:00.00 | Mem:0.00M, Peak:0.00M | Scene, ViewLayer | Synchronizing object | CloudSea52e_v0_low_tail
Fra:1 Mem:16.00M (Peak 16.00M) | Time:00:00.00 | Mem:0.00M, Peak:0.00M | Scene, ViewLayer | Synchronizing object | Sun
Fra:1 Mem:16.03M (Peak 16.03M) | Time:00:00.00 | Mem:0.00M, Peak:0.00M | Scene, ViewLayer | Synchronizing object | CloudSea52f_v0_low_saddle
Fra:1 Mem:16.78M (Peak 16.78M) | Time:00:00.00 | Mem:0.00M, Peak:0.00M | Scene, ViewLayer | Initializing
Fra:1 Mem:16.48M (Peak 16.78M) | Time:00:00.00 | Mem:0.00M, Peak:0.00M | Scene, ViewLayer | Waiting for render to start
Fra:1 Mem:16.48M (Peak 16.78M) | Time:00:00.00 | Mem:0.00M, Peak:0.00M | Scene, ViewLayer | Updating Scene
Fra:1 Mem:16.48M (Peak 16.78M) | Time:00:00.00 | Mem:0.00M, Peak:0.00M | Scene, ViewLayer | Updating Shaders
Fra:1 Mem:16.48M (Peak 16.78M) | Time:00:00.00 | Mem:0.00M, Peak:0.00M | Scene, ViewLayer | Loading render kernels (may take a few minutes the first time)
Fra:1 Mem:16.56M (Peak 16.78M) | Time:00:00.00 | Mem:0.00M, Peak:0.00M | Scene, ViewLayer | Updating Procedurals
Fra:1 Mem:16.56M (Peak 16.78M) | Time:00:00.00 | Mem:0.00M, Peak:0.00M | Scene, ViewLayer | Updating Background
Fra:1 Mem:16.56M (Peak 16.78M) | Time:00:00.00 | Mem:0.00M, Peak:0.00M | Scene, ViewLayer | Updating Camera
Fra:1 Mem:16.56M (Peak 16.78M) | Time:00:00.00 | Mem:0.00M, Peak:0.00M | Scene, ViewLayer | Updating Meshes Flags
Fra:1 Mem:16.56M (Peak 16.78M) | Time:00:00.00 | Mem:0.00M, Peak:0.00M | Scene, ViewLayer | Updating Objects
Fra:1 Mem:16.56M (Peak 16.78M) | Time:00:00.00 | Mem:0.00M, Peak:0.00M | Scene, ViewLayer | Updating Objects | Copying Transformations to device
Fra:1 Mem:16.56M (Peak 16.78M) | Time:00:00.00 | Mem:0.00M, Peak:0.00M | Scene, ViewLayer | Updating Particle Systems
Fra:1 Mem:16.56M (Peak 16.78M) | Time:00:00.00 | Mem:0.00M, Peak:0.00M | Scene, ViewLayer | Updating Particle Systems | Copying Particles to device
Fra:1 Mem:16.56M (Peak 16.78M) | Time:00:00.00 | Mem:0.00M, Peak:0.00M | Scene, ViewLayer | Updating Meshes
Fra:1 Mem:16.56M (Peak 16.78M) | Time:00:00.00 | Mem:0.00M, Peak:0.00M | Scene, ViewLayer | Updating Objects | Applying Static Transformations
Fra:1 Mem:16.56M (Peak 16.78M) | Time:00:00.00 | Mem:0.00M, Peak:0.00M | Scene, ViewLayer | Updating Mesh | Computing attributes
Fra:1 Mem:16.88M (Peak 16.88M) | Time:00:00.00 | Mem:0.00M, Peak:0.00M | Scene, ViewLayer | Updating Mesh | Copying Attributes to device
Fra:1 Mem:16.88M (Peak 16.88M) | Time:00:00.00 | Mem:0.32M, Peak:0.32M | Scene, ViewLayer | Updating Scene BVH | Building
Fra:1 Mem:16.88M (Peak 16.88M) | Time:00:00.00 | Mem:0.32M, Peak:0.32M | Scene, ViewLayer | Updating Scene BVH | Building BVH
Fra:1 Mem:16.88M (Peak 16.88M) | Time:00:00.00 | Mem:0.50M, Peak:0.50M | Scene, ViewLayer | Updating Scene BVH | Building BVH 0%
Fra:1 Mem:16.88M (Peak 16.88M) | Time:00:00.00 | Mem:0.73M, Peak:0.92M | Scene, ViewLayer | Updating Scene BVH | Copying BVH to device
Fra:1 Mem:16.88M (Peak 16.88M) | Time:00:00.00 | Mem:0.73M, Peak:0.92M | Scene, ViewLayer | Updating Mesh | Computing normals
Fra:1 Mem:17.04M (Peak 17.04M) | Time:00:00.00 | Mem:0.73M, Peak:0.92M | Scene, ViewLayer | Updating Mesh | Copying Mesh to device
Fra:1 Mem:17.04M (Peak 17.04M) | Time:00:00.00 | Mem:0.89M, Peak:0.92M | Scene, ViewLayer | Updating Objects Flags
Fra:1 Mem:17.04M (Peak 17.04M) | Time:00:00.00 | Mem:0.89M, Peak:0.92M | Scene, ViewLayer | Updating Primitive Offsets
Fra:1 Mem:17.04M (Peak 17.04M) | Time:00:00.00 | Mem:0.89M, Peak:0.92M | Scene, ViewLayer | Updating Images
Fra:1 Mem:17.04M (Peak 17.04M) | Time:00:00.00 | Mem:0.89M, Peak:0.92M | Scene, ViewLayer | Updating Camera Volume
Fra:1 Mem:17.04M (Peak 17.04M) | Time:00:00.00 | Mem:0.89M, Peak:0.92M | Scene, ViewLayer | Updating Lookup Tables
Fra:1 Mem:17.04M (Peak 17.04M) | Time:00:00.00 | Mem:0.97M, Peak:0.97M | Scene, ViewLayer | Updating Lights
Fra:1 Mem:17.04M (Peak 17.04M) | Time:00:00.00 | Mem:0.97M, Peak:0.97M | Scene, ViewLayer | Updating Lights | Computing tree
Fra:1 Mem:17.04M (Peak 17.04M) | Time:00:00.00 | Mem:0.97M, Peak:0.97M | Scene, ViewLayer | Updating Integrator
Fra:1 Mem:17.04M (Peak 17.04M) | Time:00:00.00 | Mem:0.97M, Peak:0.97M | Scene, ViewLayer | Updating Film
Fra:1 Mem:17.05M (Peak 17.05M) | Time:00:00.00 | Mem:0.89M, Peak:0.97M | Scene, ViewLayer | Updating Lookup Tables
Fra:1 Mem:17.05M (Peak 17.05M) | Time:00:00.00 | Mem:0.98M, Peak:0.98M | Scene, ViewLayer | Updating Baking
Fra:1 Mem:17.05M (Peak 17.05M) | Time:00:00.00 | Mem:0.98M, Peak:0.98M | Scene, ViewLayer | Updating Device | Writing constant memory
Fra:1 Mem:17.05M (Peak 17.05M) | Time:00:00.00 | Mem:0.98M, Peak:0.98M | Scene, ViewLayer | Loading denoising kernels (may take a few minutes the first time)
Fra:1 Mem:17.05M (Peak 17.05M) | Time:00:00.00 | Mem:0.98M, Peak:0.98M | Scene, ViewLayer | Sample 0/20
Fra:1 Mem:58.84M (Peak 58.84M) | Time:00:00.09 | Remaining:00:01.61 | Mem:42.73M, Peak:42.73M | Scene, ViewLayer | Sample 1/20
Fra:1 Mem:76.42M (Peak 102.79M) | Time:00:05.41 | Mem:42.73M, Peak:42.73M | Scene, ViewLayer | Sample 20/20
Fra:1 Mem:76.42M (Peak 102.79M) | Time:00:05.41 | Mem:42.73M, Peak:42.73M | Scene, ViewLayer | Finished
Saved: '/workspace/scratch/a29d03198654/Aether/cloud-evidence/cloudsea52f-source-v0-20261001T061523Z-6lh8fn8v/images/sea52f-0-front-combined.png'
Time: 00:05.57 (Saving: 00:00.15)

Fra:1 Mem:16.26M (Peak 16.26M) | Time:00:00.00 | Mem:0.00M, Peak:0.00M | Scene, ViewLayer | Synchronizing object | CloudSea52e_v0_main_ridge
Fra:1 Mem:16.26M (Peak 16.26M) | Time:00:00.00 | Mem:0.00M, Peak:0.00M | Scene, ViewLayer | Synchronizing object | Sun
Fra:1 Mem:16.31M (Peak 16.31M) | Time:00:00.00 | Mem:0.00M, Peak:0.00M | Scene, ViewLayer | Synchronizing object | CloudSea52f_v0_low_saddle
Fra:1 Mem:16.53M (Peak 16.53M) | Time:00:00.00 | Mem:0.00M, Peak:0.00M | Scene, ViewLayer | Synchronizing object | CloudSea52e_v0_low_tail
Fra:1 Mem:16.78M (Peak 16.78M) | Time:00:00.00 | Mem:0.00M, Peak:0.00M | Scene, ViewLayer | Initializing
Fra:1 Mem:16.48M (Peak 16.78M) | Time:00:00.00 | Mem:0.00M, Peak:0.00M | Scene, ViewLayer | Waiting for render to start
Fra:1 Mem:16.48M (Peak 16.78M) | Time:00:00.00 | Mem:0.00M, Peak:0.00M | Scene, ViewLayer | Updating Scene
Fra:1 Mem:16.48M (Peak 16.78M) | Time:00:00.00 | Mem:0.00M, Peak:0.00M | Scene, ViewLayer | Updating Shaders
Fra:1 Mem:16.48M (Peak 16.78M) | Time:00:00.00 | Mem:0.00M, Peak:0.00M | Scene, ViewLayer | Loading render kernels (may take a few minutes the first time)
Fra:1 Mem:16.56M (Peak 16.78M) | Time:00:00.00 | Mem:0.00M, Peak:0.00M | Scene, ViewLayer | Updating Procedurals
Fra:1 Mem:16.56M (Peak 16.78M) | Time:00:00.00 | Mem:0.00M, Peak:0.00M | Scene, ViewLayer | Updating Background
Fra:1 Mem:16.56M (Peak 16.78M) | Time:00:00.00 | Mem:0.00M, Peak:0.00M | Scene, ViewLayer | Updating Camera
Fra:1 Mem:16.56M (Peak 16.78M) | Time:00:00.00 | Mem:0.00M, Peak:0.00M | Scene, ViewLayer | Updating Meshes Flags
Fra:1 Mem:16.56M (Peak 16.78M) | Time:00:00.00 | Mem:0.00M, Peak:0.00M | Scene, ViewLayer | Updating Objects
Fra:1 Mem:16.56M (Peak 16.78M) | Time:00:00.00 | Mem:0.00M, Peak:0.00M | Scene, ViewLayer | Updating Objects | Copying Transformations to device
Fra:1 Mem:16.56M (Peak 16.78M) | Time:00:00.00 | Mem:0.00M, Peak:0.00M | Scene, ViewLayer | Updating Particle Systems
Fra:1 Mem:16.56M (Peak 16.78M) | Time:00:00.00 | Mem:0.00M, Peak:0.00M | Scene, ViewLayer | Updating Particle Systems | Copying Particles to device
Fra:1 Mem:16.56M (Peak 16.78M) | Time:00:00.00 | Mem:0.00M, Peak:0.00M | Scene, ViewLayer | Updating Meshes
Fra:1 Mem:16.56M (Peak 16.78M) | Time:00:00.00 | Mem:0.00M, Peak:0.00M | Scene, ViewLayer | Updating Objects | Applying Static Transformations
Fra:1 Mem:16.56M (Peak 16.78M) | Time:00:00.00 | Mem:0.00M, Peak:0.00M | Scene, ViewLayer | Updating Mesh | Computing attributes
Fra:1 Mem:16.88M (Peak 16.88M) | Time:00:00.00 | Mem:0.00M, Peak:0.00M | Scene, ViewLayer | Updating Mesh | Copying Attributes to device
Fra:1 Mem:16.88M (Peak 16.88M) | Time:00:00.00 | Mem:0.32M, Peak:0.32M | Scene, ViewLayer | Updating Scene BVH | Building
Fra:1 Mem:16.88M (Peak 16.88M) | Time:00:00.00 | Mem:0.32M, Peak:0.32M | Scene, ViewLayer | Updating Scene BVH | Building BVH
Fra:1 Mem:16.88M (Peak 16.88M) | Time:00:00.00 | Mem:0.50M, Peak:0.50M | Scene, ViewLayer | Updating Scene BVH | Building BVH 0%
Fra:1 Mem:16.88M (Peak 16.88M) | Time:00:00.00 | Mem:0.73M, Peak:0.92M | Scene, ViewLayer | Updating Scene BVH | Copying BVH to device
Fra:1 Mem:16.88M (Peak 16.88M) | Time:00:00.00 | Mem:0.73M, Peak:0.92M | Scene, ViewLayer | Updating Mesh | Computing normals
Fra:1 Mem:17.04M (Peak 17.04M) | Time:00:00.00 | Mem:0.73M, Peak:0.92M | Scene, ViewLayer | Updating Mesh | Copying Mesh to device
Fra:1 Mem:17.04M (Peak 17.04M) | Time:00:00.00 | Mem:0.89M, Peak:0.92M | Scene, ViewLayer | Updating Objects Flags
Fra:1 Mem:17.04M (Peak 17.04M) | Time:00:00.00 | Mem:0.89M, Peak:0.92M | Scene, ViewLayer | Updating Primitive Offsets
Fra:1 Mem:17.04M (Peak 17.04M) | Time:00:00.00 | Mem:0.89M, Peak:0.92M | Scene, ViewLayer | Updating Images
Fra:1 Mem:17.04M (Peak 17.04M) | Time:00:00.00 | Mem:0.89M, Peak:0.92M | Scene, ViewLayer | Updating Camera Volume
Fra:1 Mem:17.04M (Peak 17.04M) | Time:00:00.00 | Mem:0.89M, Peak:0.92M | Scene, ViewLayer | Updating Lookup Tables
Fra:1 Mem:17.04M (Peak 17.04M) | Time:00:00.00 | Mem:0.97M, Peak:0.97M | Scene, ViewLayer | Updating Lights
Fra:1 Mem:17.04M (Peak 17.04M) | Time:00:00.00 | Mem:0.97M, Peak:0.97M | Scene, ViewLayer | Updating Lights | Computing tree
Fra:1 Mem:17.04M (Peak 17.04M) | Time:00:00.00 | Mem:0.97M, Peak:0.97M | Scene, ViewLayer | Updating Integrator
Fra:1 Mem:17.04M (Peak 17.04M) | Time:00:00.00 | Mem:0.97M, Peak:0.97M | Scene, ViewLayer | Updating Film
Fra:1 Mem:17.05M (Peak 17.05M) | Time:00:00.00 | Mem:0.89M, Peak:0.97M | Scene, ViewLayer | Updating Lookup Tables
Fra:1 Mem:17.05M (Peak 17.05M) | Time:00:00.00 | Mem:0.98M, Peak:0.98M | Scene, ViewLayer | Updating Baking
Fra:1 Mem:17.05M (Peak 17.05M) | Time:00:00.00 | Mem:0.98M, Peak:0.98M | Scene, ViewLayer | Updating Device | Writing constant memory
Fra:1 Mem:17.05M (Peak 17.05M) | Time:00:00.00 | Mem:0.98M, Peak:0.98M | Scene, ViewLayer | Loading denoising kernels (may take a few minutes the first time)
Fra:1 Mem:17.05M (Peak 17.05M) | Time:00:00.00 | Mem:0.98M, Peak:0.98M | Scene, ViewLayer | Sample 0/20
Fra:1 Mem:58.84M (Peak 58.84M) | Time:00:00.09 | Remaining:00:01.80 | Mem:42.73M, Peak:42.73M | Scene, ViewLayer | Sample 1/20
Fra:1 Mem:76.42M (Peak 102.79M) | Time:00:05.41 | Mem:42.73M, Peak:42.73M | Scene, ViewLayer | Sample 20/20
Fra:1 Mem:76.42M (Peak 102.79M) | Time:00:05.41 | Mem:42.73M, Peak:42.73M | Scene, ViewLayer | Finished
Saved: '/workspace/scratch/a29d03198654/Aether/cloud-evidence/cloudsea52f-source-v0-20261001T061523Z-6lh8fn8v/images/sea52f-0-back-combined.png'
Time: 00:05.49 (Saving: 00:00.07)

Fra:1 Mem:16.26M (Peak 16.26M) | Time:00:00.00 | Mem:0.00M, Peak:0.00M | Scene, ViewLayer | Synchronizing object | CloudSea52e_v0_main_ridge
Fra:1 Mem:16.26M (Peak 16.26M) | Time:00:00.00 | Mem:0.00M, Peak:0.00M | Scene, ViewLayer | Synchronizing object | CloudSea52e_v0_low_tail
Fra:1 Mem:16.31M (Peak 16.31M) | Time:00:00.00 | Mem:0.00M, Peak:0.00M | Scene, ViewLayer | Synchronizing object | Sun
Fra:1 Mem:16.39M (Peak 16.39M) | Time:00:00.00 | Mem:0.00M, Peak:0.00M | Scene, ViewLayer | Synchronizing object | CloudSea52f_v0_low_saddle
Fra:1 Mem:16.78M (Peak 16.78M) | Time:00:00.00 | Mem:0.00M, Peak:0.00M | Scene, ViewLayer | Initializing
Fra:1 Mem:16.48M (Peak 16.78M) | Time:00:00.00 | Mem:0.00M, Peak:0.00M | Scene, ViewLayer | Waiting for render to start
Fra:1 Mem:16.48M (Peak 16.78M) | Time:00:00.00 | Mem:0.00M, Peak:0.00M | Scene, ViewLayer | Updating Scene
Fra:1 Mem:16.48M (Peak 16.78M) | Time:00:00.00 | Mem:0.00M, Peak:0.00M | Scene, ViewLayer | Updating Shaders
Fra:1 Mem:16.48M (Peak 16.78M) | Time:00:00.00 | Mem:0.00M, Peak:0.00M | Scene, ViewLayer | Loading render kernels (may take a few minutes the first time)
Fra:1 Mem:16.56M (Peak 16.78M) | Time:00:00.00 | Mem:0.00M, Peak:0.00M | Scene, ViewLayer | Updating Procedurals
Fra:1 Mem:16.56M (Peak 16.78M) | Time:00:00.00 | Mem:0.00M, Peak:0.00M | Scene, ViewLayer | Updating Background
Fra:1 Mem:16.56M (Peak 16.78M) | Time:00:00.00 | Mem:0.00M, Peak:0.00M | Scene, ViewLayer | Updating Camera
Fra:1 Mem:16.56M (Peak 16.78M) | Time:00:00.00 | Mem:0.00M, Peak:0.00M | Scene, ViewLayer | Updating Meshes Flags
Fra:1 Mem:16.56M (Peak 16.78M) | Time:00:00.00 | Mem:0.00M, Peak:0.00M | Scene, ViewLayer | Updating Objects
Fra:1 Mem:16.56M (Peak 16.78M) | Time:00:00.00 | Mem:0.00M, Peak:0.00M | Scene, ViewLayer | Updating Objects | Copying Transformations to device
Fra:1 Mem:16.56M (Peak 16.78M) | Time:00:00.00 | Mem:0.00M, Peak:0.00M | Scene, ViewLayer | Updating Particle Systems
Fra:1 Mem:16.56M (Peak 16.78M) | Time:00:00.00 | Mem:0.00M, Peak:0.00M | Scene, ViewLayer | Updating Particle Systems | Copying Particles to device
Fra:1 Mem:16.56M (Peak 16.78M) | Time:00:00.00 | Mem:0.00M, Peak:0.00M | Scene, ViewLayer | Updating Meshes
Fra:1 Mem:16.56M (Peak 16.78M) | Time:00:00.00 | Mem:0.00M, Peak:0.00M | Scene, ViewLayer | Updating Objects | Applying Static Transformations
Fra:1 Mem:16.56M (Peak 16.78M) | Time:00:00.00 | Mem:0.00M, Peak:0.00M | Scene, ViewLayer | Updating Mesh | Computing attributes
Fra:1 Mem:16.88M (Peak 16.88M) | Time:00:00.00 | Mem:0.00M, Peak:0.00M | Scene, ViewLayer | Updating Mesh | Copying Attributes to device
Fra:1 Mem:16.88M (Peak 16.88M) | Time:00:00.00 | Mem:0.32M, Peak:0.32M | Scene, ViewLayer | Updating Scene BVH | Building
Fra:1 Mem:16.88M (Peak 16.88M) | Time:00:00.00 | Mem:0.32M, Peak:0.32M | Scene, ViewLayer | Updating Scene BVH | Building BVH
Fra:1 Mem:16.88M (Peak 16.88M) | Time:00:00.00 | Mem:0.50M, Peak:0.50M | Scene, ViewLayer | Updating Scene BVH | Building BVH 0%
Fra:1 Mem:16.88M (Peak 16.88M) | Time:00:00.00 | Mem:0.73M, Peak:0.92M | Scene, ViewLayer | Updating Scene BVH | Copying BVH to device
Fra:1 Mem:16.88M (Peak 16.88M) | Time:00:00.00 | Mem:0.73M, Peak:0.92M | Scene, ViewLayer | Updating Mesh | Computing normals
Fra:1 Mem:17.04M (Peak 17.04M) | Time:00:00.00 | Mem:0.73M, Peak:0.92M | Scene, ViewLayer | Updating Mesh | Copying Mesh to device
Fra:1 Mem:17.04M (Peak 17.04M) | Time:00:00.00 | Mem:0.89M, Peak:0.92M | Scene, ViewLayer | Updating Objects Flags
Fra:1 Mem:17.04M (Peak 17.04M) | Time:00:00.00 | Mem:0.89M, Peak:0.92M | Scene, ViewLayer | Updating Primitive Offsets
Fra:1 Mem:17.04M (Peak 17.04M) | Time:00:00.00 | Mem:0.89M, Peak:0.92M | Scene, ViewLayer | Updating Images
Fra:1 Mem:17.04M (Peak 17.04M) | Time:00:00.00 | Mem:0.89M, Peak:0.92M | Scene, ViewLayer | Updating Camera Volume
Fra:1 Mem:17.04M (Peak 17.04M) | Time:00:00.00 | Mem:0.89M, Peak:0.92M | Scene, ViewLayer | Updating Lookup Tables
Fra:1 Mem:17.04M (Peak 17.04M) | Time:00:00.00 | Mem:0.97M, Peak:0.97M | Scene, ViewLayer | Updating Lights
Fra:1 Mem:17.04M (Peak 17.04M) | Time:00:00.00 | Mem:0.97M, Peak:0.97M | Scene, ViewLayer | Updating Lights | Computing tree
Fra:1 Mem:17.04M (Peak 17.04M) | Time:00:00.00 | Mem:0.97M, Peak:0.97M | Scene, ViewLayer | Updating Integrator
Fra:1 Mem:17.04M (Peak 17.04M) | Time:00:00.00 | Mem:0.97M, Peak:0.97M | Scene, ViewLayer | Updating Film
Fra:1 Mem:17.05M (Peak 17.05M) | Time:00:00.00 | Mem:0.89M, Peak:0.97M | Scene, ViewLayer | Updating Lookup Tables
Fra:1 Mem:17.05M (Peak 17.05M) | Time:00:00.00 | Mem:0.98M, Peak:0.98M | Scene, ViewLayer | Updating Baking
Fra:1 Mem:17.05M (Peak 17.05M) | Time:00:00.00 | Mem:0.98M, Peak:0.98M | Scene, ViewLayer | Updating Device | Writing constant memory
Fra:1 Mem:17.05M (Peak 17.05M) | Time:00:00.00 | Mem:0.98M, Peak:0.98M | Scene, ViewLayer | Loading denoising kernels (may take a few minutes the first time)
Fra:1 Mem:17.05M (Peak 17.05M) | Time:00:00.00 | Mem:0.98M, Peak:0.98M | Scene, ViewLayer | Sample 0/20
Fra:1 Mem:58.84M (Peak 58.84M) | Time:00:00.07 | Remaining:00:01.38 | Mem:42.73M, Peak:42.73M | Scene, ViewLayer | Sample 1/20
Fra:1 Mem:76.42M (Peak 102.79M) | Time:00:04.53 | Mem:42.73M, Peak:42.73M | Scene, ViewLayer | Sample 20/20
Fra:1 Mem:76.42M (Peak 102.79M) | Time:00:04.53 | Mem:42.73M, Peak:42.73M | Scene, ViewLayer | Finished
Saved: '/workspace/scratch/a29d03198654/Aether/cloud-evidence/cloudsea52f-source-v0-20261001T061523Z-6lh8fn8v/images/sea52f-0-side-combined.png'
Time: 00:04.58 (Saving: 00:00.05)

Fra:1 Mem:16.26M (Peak 16.26M) | Time:00:00.00 | Mem:0.00M, Peak:0.00M | Scene, ViewLayer | Synchronizing object | CloudSea52e_v0_main_ridge
Fra:1 Mem:16.26M (Peak 16.26M) | Time:00:00.00 | Mem:0.00M, Peak:0.00M | Scene, ViewLayer | Synchronizing object | CloudSea52e_v0_low_tail
Fra:1 Mem:16.38M (Peak 16.38M) | Time:00:00.00 | Mem:0.00M, Peak:0.00M | Scene, ViewLayer | Synchronizing object | CloudSea52f_v0_low_saddle
Fra:1 Mem:16.78M (Peak 16.78M) | Time:00:00.00 | Mem:0.00M, Peak:0.00M | Scene, ViewLayer | Initializing
Fra:1 Mem:16.48M (Peak 16.78M) | Time:00:00.00 | Mem:0.00M, Peak:0.00M | Scene, ViewLayer | Waiting for render to start
Fra:1 Mem:16.48M (Peak 16.78M) | Time:00:00.00 | Mem:0.00M, Peak:0.00M | Scene, ViewLayer | Updating Scene
Fra:1 Mem:16.48M (Peak 16.78M) | Time:00:00.00 | Mem:0.00M, Peak:0.00M | Scene, ViewLayer | Updating Shaders
Fra:1 Mem:16.48M (Peak 16.78M) | Time:00:00.00 | Mem:0.00M, Peak:0.00M | Scene, ViewLayer | Loading render kernels (may take a few minutes the first time)
Fra:1 Mem:16.56M (Peak 16.78M) | Time:00:00.00 | Mem:0.00M, Peak:0.00M | Scene, ViewLayer | Updating Procedurals
Fra:1 Mem:16.56M (Peak 16.78M) | Time:00:00.00 | Mem:0.00M, Peak:0.00M | Scene, ViewLayer | Updating Background
Fra:1 Mem:16.56M (Peak 16.78M) | Time:00:00.00 | Mem:0.00M, Peak:0.00M | Scene, ViewLayer | Updating Camera
Fra:1 Mem:16.56M (Peak 16.78M) | Time:00:00.00 | Mem:0.00M, Peak:0.00M | Scene, ViewLayer | Updating Meshes Flags
Fra:1 Mem:16.56M (Peak 16.78M) | Time:00:00.00 | Mem:0.00M, Peak:0.00M | Scene, ViewLayer | Updating Objects
Fra:1 Mem:16.56M (Peak 16.78M) | Time:00:00.00 | Mem:0.00M, Peak:0.00M | Scene, ViewLayer | Updating Objects | Copying Transformations to device
Fra:1 Mem:16.56M (Peak 16.78M) | Time:00:00.00 | Mem:0.00M, Peak:0.00M | Scene, ViewLayer | Updating Particle Systems
Fra:1 Mem:16.56M (Peak 16.78M) | Time:00:00.00 | Mem:0.00M, Peak:0.00M | Scene, ViewLayer | Updating Particle Systems | Copying Particles to device
Fra:1 Mem:16.56M (Peak 16.78M) | Time:00:00.00 | Mem:0.00M, Peak:0.00M | Scene, ViewLayer | Updating Meshes
Fra:1 Mem:16.56M (Peak 16.78M) | Time:00:00.00 | Mem:0.00M, Peak:0.00M | Scene, ViewLayer | Updating Objects | Applying Static Transformations
Fra:1 Mem:16.56M (Peak 16.78M) | Time:00:00.00 | Mem:0.00M, Peak:0.00M | Scene, ViewLayer | Updating Mesh | Computing attributes
Fra:1 Mem:16.88M (Peak 16.88M) | Time:00:00.00 | Mem:0.00M, Peak:0.00M | Scene, ViewLayer | Updating Mesh | Copying Attributes to device
Fra:1 Mem:16.88M (Peak 16.88M) | Time:00:00.00 | Mem:0.32M, Peak:0.32M | Scene, ViewLayer | Updating Scene BVH | Building
Fra:1 Mem:16.88M (Peak 16.88M) | Time:00:00.00 | Mem:0.32M, Peak:0.32M | Scene, ViewLayer | Updating Scene BVH | Building BVH
Fra:1 Mem:16.88M (Peak 16.88M) | Time:00:00.00 | Mem:0.50M, Peak:0.50M | Scene, ViewLayer | Updating Scene BVH | Building BVH 0%
Fra:1 Mem:16.88M (Peak 16.88M) | Time:00:00.00 | Mem:0.73M, Peak:0.92M | Scene, ViewLayer | Updating Scene BVH | Copying BVH to device
Fra:1 Mem:16.88M (Peak 16.88M) | Time:00:00.00 | Mem:0.73M, Peak:0.92M | Scene, ViewLayer | Updating Mesh | Computing normals
Fra:1 Mem:17.04M (Peak 17.04M) | Time:00:00.00 | Mem:0.73M, Peak:0.92M | Scene, ViewLayer | Updating Mesh | Copying Mesh to device
Fra:1 Mem:17.04M (Peak 17.04M) | Time:00:00.00 | Mem:0.89M, Peak:0.92M | Scene, ViewLayer | Updating Objects Flags
Fra:1 Mem:17.04M (Peak 17.04M) | Time:00:00.00 | Mem:0.89M, Peak:0.92M | Scene, ViewLayer | Updating Primitive Offsets
Fra:1 Mem:17.04M (Peak 17.04M) | Time:00:00.00 | Mem:0.89M, Peak:0.92M | Scene, ViewLayer | Updating Images
Fra:1 Mem:17.04M (Peak 17.04M) | Time:00:00.00 | Mem:0.89M, Peak:0.92M | Scene, ViewLayer | Updating Camera Volume
Fra:1 Mem:17.04M (Peak 17.04M) | Time:00:00.00 | Mem:0.89M, Peak:0.92M | Scene, ViewLayer | Updating Lookup Tables
Fra:1 Mem:17.04M (Peak 17.04M) | Time:00:00.00 | Mem:0.97M, Peak:0.97M | Scene, ViewLayer | Updating Lights
Fra:1 Mem:17.04M (Peak 17.04M) | Time:00:00.00 | Mem:0.97M, Peak:0.97M | Scene, ViewLayer | Updating Lights | Computing tree
Fra:1 Mem:17.04M (Peak 17.04M) | Time:00:00.00 | Mem:0.97M, Peak:0.97M | Scene, ViewLayer | Updating Integrator
Fra:1 Mem:17.04M (Peak 17.04M) | Time:00:00.00 | Mem:0.97M, Peak:0.97M | Scene, ViewLayer | Updating Film
Fra:1 Mem:17.05M (Peak 17.05M) | Time:00:00.00 | Mem:0.89M, Peak:0.97M | Scene, ViewLayer | Updating Lookup Tables
Fra:1 Mem:17.05M (Peak 17.05M) | Time:00:00.00 | Mem:0.98M, Peak:0.98M | Scene, ViewLayer | Updating Baking
Fra:1 Mem:17.05M (Peak 17.05M) | Time:00:00.00 | Mem:0.98M, Peak:0.98M | Scene, ViewLayer | Updating Device | Writing constant memory
Fra:1 Mem:17.05M (Peak 17.05M) | Time:00:00.00 | Mem:0.98M, Peak:0.98M | Scene, ViewLayer | Loading denoising kernels (may take a few minutes the first time)
Fra:1 Mem:17.05M (Peak 17.05M) | Time:00:00.00 | Mem:0.98M, Peak:0.98M | Scene, ViewLayer | Sample 0/20
Fra:1 Mem:58.84M (Peak 58.84M) | Time:00:00.10 | Remaining:00:01.86 | Mem:42.73M, Peak:42.73M | Scene, ViewLayer | Sample 1/20
Fra:1 Mem:76.42M (Peak 102.79M) | Time:00:05.02 | Mem:42.73M, Peak:42.73M | Scene, ViewLayer | Sample 20/20
Fra:1 Mem:76.42M (Peak 102.79M) | Time:00:05.02 | Mem:42.73M, Peak:42.73M | Scene, ViewLayer | Finished
Saved: '/workspace/scratch/a29d03198654/Aether/cloud-evidence/cloudsea52f-source-v0-20261001T061523Z-6lh8fn8v/images/sea52f-0-underside-combined.png'
Time: 00:05.07 (Saving: 00:00.05)

Fra:1 Mem:16.26M (Peak 16.26M) | Time:00:00.00 | Mem:0.00M, Peak:0.00M | Scene, ViewLayer | Synchronizing object | CloudSea52e_v0_main_ridge
Fra:1 Mem:16.26M (Peak 16.26M) | Time:00:00.00 | Mem:0.00M, Peak:0.00M | Scene, ViewLayer | Synchronizing object | Sun
Fra:1 Mem:16.32M (Peak 16.32M) | Time:00:00.00 | Mem:0.00M, Peak:0.00M | Scene, ViewLayer | Synchronizing object | CloudSea52f_v0_low_saddle
Fra:1 Mem:16.73M (Peak 16.73M) | Time:00:00.00 | Mem:0.00M, Peak:0.00M | Scene, ViewLayer | Synchronizing object | CloudSea52e_v0_low_tail
Fra:1 Mem:16.78M (Peak 16.78M) | Time:00:00.00 | Mem:0.00M, Peak:0.00M | Scene, ViewLayer | Initializing
Fra:1 Mem:16.48M (Peak 16.78M) | Time:00:00.00 | Mem:0.00M, Peak:0.00M | Scene, ViewLayer | Waiting for render to start
Fra:1 Mem:16.48M (Peak 16.78M) | Time:00:00.00 | Mem:0.00M, Peak:0.00M | Scene, ViewLayer | Updating Scene
Fra:1 Mem:16.48M (Peak 16.78M) | Time:00:00.00 | Mem:0.00M, Peak:0.00M | Scene, ViewLayer | Updating Shaders
Fra:1 Mem:16.48M (Peak 16.78M) | Time:00:00.00 | Mem:0.00M, Peak:0.00M | Scene, ViewLayer | Loading render kernels (may take a few minutes the first time)
Fra:1 Mem:16.56M (Peak 16.78M) | Time:00:00.00 | Mem:0.00M, Peak:0.00M | Scene, ViewLayer | Updating Procedurals
Fra:1 Mem:16.56M (Peak 16.78M) | Time:00:00.00 | Mem:0.00M, Peak:0.00M | Scene, ViewLayer | Updating Background
Fra:1 Mem:16.56M (Peak 16.78M) | Time:00:00.00 | Mem:0.00M, Peak:0.00M | Scene, ViewLayer | Updating Camera
Fra:1 Mem:16.56M (Peak 16.78M) | Time:00:00.00 | Mem:0.00M, Peak:0.00M | Scene, ViewLayer | Updating Meshes Flags
Fra:1 Mem:16.56M (Peak 16.78M) | Time:00:00.00 | Mem:0.00M, Peak:0.00M | Scene, ViewLayer | Updating Objects
Fra:1 Mem:16.56M (Peak 16.78M) | Time:00:00.00 | Mem:0.00M, Peak:0.00M | Scene, ViewLayer | Updating Objects | Copying Transformations to device
Fra:1 Mem:16.56M (Peak 16.78M) | Time:00:00.00 | Mem:0.00M, Peak:0.00M | Scene, ViewLayer | Updating Particle Systems
Fra:1 Mem:16.56M (Peak 16.78M) | Time:00:00.00 | Mem:0.00M, Peak:0.00M | Scene, ViewLayer | Updating Particle Systems | Copying Particles to device
Fra:1 Mem:16.56M (Peak 16.78M) | Time:00:00.00 | Mem:0.00M, Peak:0.00M | Scene, ViewLayer | Updating Meshes
Fra:1 Mem:16.56M (Peak 16.78M) | Time:00:00.00 | Mem:0.00M, Peak:0.00M | Scene, ViewLayer | Updating Objects | Applying Static Transformations
Fra:1 Mem:16.56M (Peak 16.78M) | Time:00:00.00 | Mem:0.00M, Peak:0.00M | Scene, ViewLayer | Updating Mesh | Computing attributes
Fra:1 Mem:16.88M (Peak 16.88M) | Time:00:00.00 | Mem:0.00M, Peak:0.00M | Scene, ViewLayer | Updating Mesh | Copying Attributes to device
Fra:1 Mem:16.88M (Peak 16.88M) | Time:00:00.00 | Mem:0.32M, Peak:0.32M | Scene, ViewLayer | Updating Scene BVH | Building
Fra:1 Mem:16.88M (Peak 16.88M) | Time:00:00.00 | Mem:0.32M, Peak:0.32M | Scene, ViewLayer | Updating Scene BVH | Building BVH
Fra:1 Mem:16.88M (Peak 16.88M) | Time:00:00.00 | Mem:0.50M, Peak:0.50M | Scene, ViewLayer | Updating Scene BVH | Building BVH 0%
Fra:1 Mem:16.88M (Peak 16.88M) | Time:00:00.00 | Mem:0.73M, Peak:0.92M | Scene, ViewLayer | Updating Scene BVH | Copying BVH to device
Fra:1 Mem:16.88M (Peak 16.88M) | Time:00:00.00 | Mem:0.73M, Peak:0.92M | Scene, ViewLayer | Updating Mesh | Computing normals
Fra:1 Mem:17.04M (Peak 17.04M) | Time:00:00.00 | Mem:0.73M, Peak:0.92M | Scene, ViewLayer | Updating Mesh | Copying Mesh to device
Fra:1 Mem:17.04M (Peak 17.04M) | Time:00:00.00 | Mem:0.89M, Peak:0.92M | Scene, ViewLayer | Updating Objects Flags
Fra:1 Mem:17.04M (Peak 17.04M) | Time:00:00.00 | Mem:0.89M, Peak:0.92M | Scene, ViewLayer | Updating Primitive Offsets
Fra:1 Mem:17.04M (Peak 17.04M) | Time:00:00.00 | Mem:0.89M, Peak:0.92M | Scene, ViewLayer | Updating Images
Fra:1 Mem:17.04M (Peak 17.04M) | Time:00:00.00 | Mem:0.89M, Peak:0.92M | Scene, ViewLayer | Updating Camera Volume
Fra:1 Mem:17.04M (Peak 17.04M) | Time:00:00.00 | Mem:0.89M, Peak:0.92M | Scene, ViewLayer | Updating Lookup Tables
Fra:1 Mem:17.04M (Peak 17.04M) | Time:00:00.00 | Mem:0.97M, Peak:0.97M | Scene, ViewLayer | Updating Lights
Fra:1 Mem:17.04M (Peak 17.04M) | Time:00:00.00 | Mem:0.97M, Peak:0.97M | Scene, ViewLayer | Updating Lights | Computing tree
Fra:1 Mem:17.04M (Peak 17.04M) | Time:00:00.00 | Mem:0.97M, Peak:0.97M | Scene, ViewLayer | Updating Integrator
Fra:1 Mem:17.04M (Peak 17.04M) | Time:00:00.00 | Mem:0.97M, Peak:0.97M | Scene, ViewLayer | Updating Film
Fra:1 Mem:17.05M (Peak 17.05M) | Time:00:00.00 | Mem:0.89M, Peak:0.97M | Scene, ViewLayer | Updating Lookup Tables
Fra:1 Mem:17.05M (Peak 17.05M) | Time:00:00.00 | Mem:0.98M, Peak:0.98M | Scene, ViewLayer | Updating Baking
Fra:1 Mem:17.05M (Peak 17.05M) | Time:00:00.00 | Mem:0.98M, Peak:0.98M | Scene, ViewLayer | Updating Device | Writing constant memory
Fra:1 Mem:17.05M (Peak 17.05M) | Time:00:00.00 | Mem:0.98M, Peak:0.98M | Scene, ViewLayer | Loading denoising kernels (may take a few minutes the first time)
Fra:1 Mem:17.05M (Peak 17.05M) | Time:00:00.00 | Mem:0.98M, Peak:0.98M | Scene, ViewLayer | Sample 0/20
Fra:1 Mem:58.84M (Peak 58.84M) | Time:00:00.12 | Remaining:00:02.23 | Mem:42.73M, Peak:42.73M | Scene, ViewLayer | Sample 1/20
Fra:1 Mem:76.42M (Peak 102.79M) | Time:00:05.82 | Mem:42.73M, Peak:42.73M | Scene, ViewLayer | Sample 20/20
Fra:1 Mem:76.42M (Peak 102.79M) | Time:00:05.82 | Mem:42.73M, Peak:42.73M | Scene, ViewLayer | Finished
Saved: '/workspace/scratch/a29d03198654/Aether/cloud-evidence/cloudsea52f-source-v0-20261001T061523Z-6lh8fn8v/images/sea52f-0-top-combined.png'
Time: 00:05.89 (Saving: 00:00.06)


Blender quit
