{
  "version": "cloud58k-normal-diagnosis-20261002",
  "passed": true,
  "diagnosis_only": true,
  "native_readback_performed": false,
  "native_source_normal_proven": false,
  "transfer_passed": false,
  "source_sha256": "16eeb67dce6e89f05562b67f869c77dd7882942585241a2648ae46ff48012bee",
  "saved_geometry_fingerprint": {
    "vertices_sha256": "d7827d01fbcaf50dd0f0728d3660a14719b99f3a21e943ddf51044f8f97df036",
    "faces_sha256": "a5ba266fd24cfa0162f4e1723e5239b92aafa8410722fd0adafa6a2cbbaae10a"
  },
  "failed_glb_sha256": "48a0aa816dc5dd247958fb883d4114b8d07e7fdf2d458af6a408e0af4c22dd60",
  "failed_glb_bytes": 31144,
  "original_contract_failure": "Flat outward corner normals changed",
  "original_normal_epsilon": 3e-05,
  "original_position_epsilon": 1e-05,
  "render_vertex_count": 1152,
  "authored_vertex_count": 194,
  "triangle_count": 384,
  "maximum_position_error": 0.0,
  "authored_positions_all_used": true,
  "render_positions_all_used": true,
  "oriented_triangle_bijection": true,
  "all_triangles_flat": true,
  "maximum_unit_error": 1.0654649429397978e-07,
  "failed_faces": [
    0,
    2,
    7,
    8,
    10,
    11,
    14,
    15,
    17,
    21,
    22,
    23,
    24,
    25,
    26,
    28,
    29,
    30,
    32,
    35,
    36,
    37,
    38,
    39,
    41,
    42,
    44,
    45,
    46,
    47,
    49,
    50,
    53,
    54,
    59,
    60,
    63,
    67,
    68,
    71,
    72,
    73,
    74,
    75,
    76,
    77,
    79,
    81,
    82,
    84,
    88,
    91,
    92,
    93,
    94,
    95,
    97,
    98,
    101,
    107,
    108,
    113,
    114,
    117,
    118,
    120,
    121,
    123,
    125,
    130,
    132,
    133,
    135,
    136,
    139,
    145,
    146,
    147,
    148,
    149,
    153,
    154,
    156,
    159,
    160,
    161,
    162,
    163,
    165,
    168,
    169,
    171,
    173,
    176,
    177,
    179,
    181,
    183,
    184,
    186,
    188,
    189,
    192,
    193,
    194,
    195,
    196,
    198,
    199,
    200,
    203,
    204,
    205,
    207,
    208,
    212,
    214,
    215,
    216,
    217,
    218,
    221,
    222,
    224,
    226,
    228,
    229,
    230,
    231,
    232,
    233,
    234,
    237,
    241,
    242,
    245,
    246,
    249,
    251,
    252,
    253,
    254,
    256,
    259,
    261,
    263,
    267,
    268,
    272,
    273,
    274,
    275,
    276,
    281,
    282,
    283,
    284,
    285,
    288,
    290,
    291,
    293,
    294,
    295,
    297,
    298,
    299,
    301,
    302,
    303,
    304,
    305,
    306,
    307,
    310,
    311,
    312,
    314,
    315,
    316,
    317,
    321,
    322,
    325,
    327,
    328,
    332,
    333,
    334,
    337,
    338,
    339,
    340,
    342,
    344,
    345,
    346,
    348,
    351,
    352,
    358,
    361,
    362,
    365,
    368,
    370,
    372,
    373,
    375,
    376,
    377,
    378,
    379,
    380,
    381,
    382
  ],
  "maximum_normal_error": 5.993405823961906e-05,
  "source_normal_prediction_vs_math_max": 8.509929039557385e-06,
  "methods": {
    "cross_float64_then_round": {
      "exact_faces": 377,
      "max_component_error": 9.862333536148071e-05,
      "nonexact_faces": [
        8,
        139,
        261,
        271,
        316,
        317,
        379
      ]
    },
    "newell_float32_cyclic_start_then_round": {
      "exact_faces": 381,
      "max_component_error": 9.862333536148071e-05,
      "nonexact_faces": [
        139,
        233,
        261
      ]
    },
    "newell_float32_last_first_start_then_round": {
      "exact_faces": 384,
      "max_component_error": 0.0,
      "nonexact_faces": []
    }
  },
  "material_validation": {
    "passed": true,
    "color_representation": "linear glTF factor",
    "maximum_color_error": 0.0
  },
  "local_primary_source_identities": {
    "tools-feiting/blender-4.5.14-linux-x64/4.5/scripts/addons_core/io_scene_gltf2/__init__.py": {
      "bytes": 84361,
      "sha256": "65d621a211ba6a3a0424b6179fef7e7a9f953aa2bfb35d1e6aa649f89a432e41"
    },
    "tools-feiting/blender-4.5.14-linux-x64/4.5/scripts/addons_core/io_scene_gltf2/blender/exp/primitive_extract.py": {
      "bytes": 86294,
      "sha256": "884ba7f2691f1c69874c148a3058791b0621740dc5c7123799f6785fc3c87fa7"
    },
    "tools-feiting/blender-4.5.14-linux-x64/4.5/scripts/addons_core/io_scene_gltf2/io/com/constants.py": {
      "bytes": 4185,
      "sha256": "a812f552ef90409f5cdb0965e23ac6c4fe7ade5de39bcfffbd57e462ea9355e6"
    }
  },
  "official_normal_source": "https://raw.githubusercontent.com/blender/blender/v4.5.14/source/blender/blenkernel/intern/mesh_normals.cc",
  "official_vector_source": "https://raw.githubusercontent.com/blender/blender/v4.5.14/source/blender/blenlib/intern/math_vector_inline.cc",
  "normal_accessor": {
    "bufferView": 1,
    "componentType": 5126,
    "count": 1152,
    "type": "VEC3"
  },
  "normal_buffer_view": {
    "buffer": 0,
    "byteLength": 13824,
    "byteOffset": 13824,
    "target": 34962
  },
  "normal_buffer_view_nonoverlapping": true,
  "native_processes_started": 0,
  "images": 0,
  "world_loaded": false
}
