Godot Engine v4.5.1.stable.official.f62fdbde1 - https://godotengine.org
OpenGL API 4.5 (Core Profile) Mesa 25.0.7-2+deb13u1 - Compatibility - Using Device: Mesa - llvmpipe (LLVM 19.1.7, 256 bits)

PASS Exact saved51b scene identity
PASS Reuse completed matching structural/reflection audit
PASS Unchanged51b asset res://assets/reflection51b/clip_shader_000.tres
PASS Unchanged51b asset res://assets/reflection51b/clip_material_000.tres
PASS Unchanged51b asset res://assets/reflection51b/clip_material_001.tres
PASS Unchanged51b asset res://assets/reflection51b/clip_shader_001.tres
PASS Unchanged51b asset res://assets/reflection51b/clip_material_002.tres
PASS Unchanged51b asset res://assets/reflection51b/clip_material_003.tres
PASS Unchanged51b asset res://assets/reflection51b/clip_shader_002.tres
PASS Unchanged51b asset res://assets/reflection51b/clip_material_004.tres
PASS Unchanged51b asset res://assets/reflection51b/clip_shader_003.tres
PASS Unchanged51b asset res://assets/reflection51b/clip_material_005.tres
PASS Unchanged51b asset res://assets/reflection51b/clip_shader_004.tres
PASS Unchanged51b asset res://assets/reflection51b/clip_material_006.tres
PASS Unchanged51b asset res://assets/reflection51b/clip_material_007.tres
PASS Unchanged51b asset res://assets/reflection51b/clip_material_008.tres
PASS Unchanged51b asset res://assets/reflection51b/clip_material_009.tres
PASS Unchanged51b asset res://assets/reflection51b/clip_material_010.tres
PASS Unchanged51b asset res://assets/reflection51b/clip_material_011.tres
PASS Unchanged51b asset res://assets/reflection51b/clip_material_012.tres
PASS Unchanged51b asset res://assets/reflection51b/clip_material_013.tres
PASS Unchanged51b asset res://assets/reflection51b/clip_material_014.tres
PASS Unchanged51b asset res://assets/reflection51b/clip_material_015.tres
PASS Unchanged51b asset res://assets/reflection51b/clip_material_016.tres
PASS Unchanged51b asset res://assets/reflection51b/clip_material_017.tres
PASS Unchanged51b asset res://assets/reflection51b/clip_material_018.tres
PASS Unchanged51b asset res://assets/reflection51b/clip_material_019.tres
PASS Unchanged51b asset res://assets/reflection51b/clip_material_020.tres
PASS Unchanged51b asset res://assets/reflection51b/clip_material_021.tres
PASS Unchanged51b asset res://assets/reflection51b/clip_material_022.tres
PASS Unchanged51b asset res://assets/reflection51b/clip_material_023.tres
PASS Unchanged51b asset res://assets/reflection51b/clip_material_024.tres
PASS Unchanged51b asset res://assets/reflection51b/clip_material_025.tres
PASS Unchanged51b asset res://assets/reflection51b/clip_material_026.tres
PASS Unchanged51b asset res://assets/reflection51b/clip_material_027.tres
PASS Unchanged51b asset res://assets/reflection51b/clip_material_028.tres
PASS Unchanged51b asset res://assets/reflection51b/clip_material_029.tres
PASS Unchanged51b asset res://assets/reflection51b/clip_material_030.tres
PASS Unchanged51b asset res://assets/reflection51b/clip_material_031.tres
PASS Unchanged51b asset res://assets/reflection51b/clip_material_032.tres
PASS Unchanged51b asset res://assets/reflection51b/clip_material_033.tres
PASS Unchanged51b asset res://assets/reflection51b/clip_material_034.tres
PASS Unchanged51b asset res://assets/reflection51b/clip_material_035.tres
PASS Unchanged51b asset res://assets/reflection51b/clip_material_036.tres
PASS Unchanged51b asset res://assets/reflection51b/clip_material_037.tres
PASS Unchanged51b asset res://assets/reflection51b/clip_shader_005.tres
PASS Unchanged51b asset res://assets/reflection51b/clip_material_038.tres
PASS Unchanged51b asset res://assets/reflection51b/clip_material_039.tres
PASS Unchanged51b asset res://assets/reflection51b/clip_material_040.tres
PASS Unchanged51b asset res://assets/reflection51b/clip_material_041.tres
PASS Unchanged51b asset res://assets/reflection51b/clip_material_042.tres
PASS Unchanged51b asset res://assets/reflection51b/clip_material_043.tres
PASS Unchanged51b asset res://assets/reflection51b/clip_material_044.tres
PASS Unchanged51b asset res://assets/reflection51b/clip_material_045.tres
PASS Unchanged51b asset res://assets/reflection51b/clip_material_046.tres
PASS Unchanged51b asset res://assets/reflection51b/clip_material_047.tres
PASS Unchanged51b asset res://assets/reflection51b/clip_material_048.tres
PASS Unchanged51b asset res://assets/reflection51b/clip_material_049.tres
PASS Unchanged51b asset res://assets/reflection51b/clip_material_050.tres
PASS Unchanged51b asset res://assets/reflection51b/clip_material_051.tres
PASS Unchanged51b asset res://assets/reflection51b/clip_material_052.tres
PASS Unchanged51b asset res://assets/reflection51b/clip_material_053.tres
PASS Unchanged51b asset res://assets/reflection51b/clip_material_054.tres
PASS Unchanged51b asset res://assets/reflection51b/clip_material_055.tres
PASS Unchanged51b asset res://assets/reflection51b/clip_material_056.tres
PASS Unchanged51b asset res://assets/reflection51b/clip_material_057.tres
PASS Unchanged51b asset res://assets/reflection51b/clip_material_058.tres
PASS Unchanged51b asset res://assets/reflection51b/clip_material_059.tres
PASS Unchanged51b asset res://assets/reflection51b/clip_material_060.tres
PASS Unchanged51b asset res://assets/reflection51b/clip_material_061.tres
PASS Unchanged51b asset res://assets/reflection51b/clip_material_062.tres
PASS Unchanged51b asset res://assets/reflection51b/clip_material_063.tres
PASS Unchanged51b asset res://assets/reflection51b/clip_material_064.tres
PASS Unchanged51b asset res://assets/reflection51b/clip_material_065.tres
PASS Unchanged51b asset res://assets/reflection51b/clip_material_066.tres
PASS Unchanged51b asset res://assets/reflection51b/clip_material_067.tres
PASS Unchanged51b asset res://assets/reflection51b/clip_material_068.tres
PASS Unchanged51b asset res://assets/reflection51b/clip_material_069.tres
PASS Unchanged51b asset res://assets/reflection51b/clip_material_070.tres
PASS Unchanged51b asset res://assets/reflection51b/clip_material_071.tres
PASS Unchanged51b asset res://assets/reflection51b/clip_material_072.tres
PASS Unchanged51b asset res://assets/reflection51b/clip_material_073.tres
PASS Unchanged51b asset res://assets/reflection51b/clip_material_074.tres
PASS Unchanged51b asset res://assets/reflection51b/clip_material_075.tres
PASS Unchanged51b asset res://assets/reflection51b/clip_material_076.tres
PASS Unchanged51b asset res://assets/reflection51b/clip_material_077.tres
PASS Unchanged51b asset res://assets/reflection51b/clip_material_078.tres
PASS Unchanged51b asset res://assets/reflection51b/clip_material_079.tres
PASS Unchanged51b asset res://assets/reflection51b/clip_material_080.tres
PASS Unchanged51b asset res://assets/reflection51b/clip_material_081.tres
PASS Unchanged51b asset res://assets/reflection51b/clip_material_082.tres
PASS Unchanged51b asset res://assets/reflection51b/clip_material_083.tres
PASS Unchanged51b asset res://assets/reflection51b/clip_material_084.tres
PASS Unchanged51b asset res://assets/reflection51b/clip_material_085.tres
PASS Unchanged51b asset res://assets/reflection51b/clip_material_086.tres
PASS Unchanged51b asset res://assets/reflection51b/clip_material_087.tres
PASS Unchanged51b asset res://assets/reflection51b/clip_material_088.tres
PASS Unchanged51b asset res://assets/reflection51b/clip_material_089.tres
PASS Unchanged51b asset res://assets/reflection51b/clip_material_090.tres
PASS Unchanged51b asset res://assets/reflection51b/clip_material_091.tres
PASS Unchanged51b asset res://assets/reflection51b/clip_material_092.tres
PASS Unchanged51b asset res://assets/reflection51b/clip_material_093.tres
PASS Unchanged51b asset res://assets/reflection51b/clip_material_094.tres
PASS Unchanged51b asset res://assets/reflection51b/clip_material_095.tres
PASS Unchanged51b asset res://assets/reflection51b/clip_material_096.tres
PASS Unchanged51b asset res://assets/reflection51b/clip_material_097.tres
PASS Unchanged51b asset res://assets/reflection51b/clip_material_098.tres
PASS Unchanged51b asset res://assets/reflection51b/clip_material_099.tres
PASS Unchanged51b asset res://assets/reflection51b/clip_material_100.tres
PASS Unchanged51b asset res://assets/reflection51b/clip_material_101.tres
PASS Unchanged51b asset res://assets/reflection51b/clip_shader_006.tres
PASS Unchanged51b asset res://assets/reflection51b/clip_material_102.tres
PASS Unchanged51b asset res://assets/reflection51b/clip_shader_007.tres
PASS Unchanged51b asset res://assets/reflection51b/clip_material_103.tres
PASS Unchanged51b asset res://assets/reflection51b/clip_shader_008.tres
PASS Unchanged51b asset res://assets/reflection51b/clip_material_104.tres
PASS Unchanged51b asset res://assets/reflection51b/clip_material_105.tres
PASS Unchanged51b asset res://assets/reflection51b/clip_material_106.tres
PASS Unchanged51b asset res://assets/reflection51b/clip_material_107.tres
PASS Unchanged51b asset res://assets/reflection51b/clip_material_108.tres
PASS Unchanged51b asset res://assets/reflection51b/clip_material_109.tres
PASS Unchanged51b asset res://assets/reflection51b/clip_material_110.tres
PASS Unchanged51b asset res://assets/reflection51b/clip_shader_009.tres
PASS Unchanged51b asset res://assets/reflection51b/clip_material_111.tres
PASS Unchanged51b asset res://assets/reflection51b/clip_shader_010.tres
PASS Unchanged51b asset res://assets/reflection51b/clip_material_112.tres
PASS Unchanged51b asset res://assets/reflection51b/clip_shader_011.tres
PASS Unchanged51b asset res://assets/reflection51b/clip_material_113.tres
PASS Unchanged51b asset res://assets/reflection51b/ocean_reflection_shader51b.tres
PASS Unchanged51b asset res://assets/reflection51b/ocean_reflection_material51b.tres
PASS Unchanged51b controller
WORLD READY: 208 independent terrain scenes, 54797 saved scatter instances, 169 scene landmarks, 6 scene ports
PASS Selected actual-bounds side pose, preserving original camera and ship pose
PASS Actual existing ship collision shapes permit supplemental8m motion
PASS Entire padded ship and reflected silhouette have12percent viewport margin supplement-A-original-ship
PASS Live reflection shares actual World3D supplement-A-original-ship
PASS Saved actual full-silhouette image supplement-A-original-ship
PASS Entire padded ship and reflected silhouette have12percent viewport margin supplement-B-moved-ship
PASS Live reflection shares actual World3D supplement-B-moved-ship
PASS Saved actual full-silhouette image supplement-B-moved-ship
PASS Entire padded ship and reflected silhouette have12percent viewport margin supplement-A2-restored-ship
PASS Live reflection shares actual World3D supplement-A2-restored-ship
PASS Saved actual full-silhouette image supplement-A2-restored-ship
PASS Actual ship movement changes main and reflected pixels
PASS Original full ship and raw reflection restore pixel-exactly
PASS Saved51b file remains unchanged
PASS Original reference1129 ship/camera transforms and FOV restored exactly
FULL SHIP REFLECTION SUPPLEMENT complete=true total=false
