Godot Engine v4.5.1.stable.official.f62fdbde1 - https://godotengine.org
OpenGL API 4.5 (Core Profile) Mesa 25.0.7-2+deb13u1 - Compatibility - Using Device: Mesa - llvmpipe (LLVM 19.1.7, 256 bits)

WORLD READY: 208 independent terrain scenes, 54797 saved scatter instances, 169 scene landmarks, 6 scene ports
PASS 208 authored terrain tiles retained
PASS Authored scatter count retained
PASS Persisted weather buffer Rain
PASS Persisted weather buffer Snow
PASS Observation camera collision-free boot-controller-original
PASS Rendered image saved boot-controller-original
PASS Unique reference 1343
PASS Same world and environment 1343
PASS Observation camera collision-free reference-1343
PASS Rendered image saved reference-1343
PASS Observation camera collision-free reference-1343-side
PASS Rendered image saved reference-1343-side
PASS Observation camera collision-free reference-1343-back
PASS Rendered image saved reference-1343-back
PASS Unique reference 1131
PASS Same world and environment 1131
PASS Observation camera collision-free reference-1131
PASS Rendered image saved reference-1131
PASS Observation camera collision-free reference-1131-side
PASS Rendered image saved reference-1131-side
PASS Observation camera collision-free reference-1131-back
PASS Rendered image saved reference-1131-back
PASS Unique reference 1347
PASS Same world and environment 1347
PASS Observation camera collision-free reference-1347
PASS Rendered image saved reference-1347
PASS Observation camera collision-free reference-1347-side
PASS Rendered image saved reference-1347-side
PASS Observation camera collision-free reference-1347-back
PASS Rendered image saved reference-1347-back
PASS Unique reference 1218
PASS Same world and environment 1218
PASS Observation camera collision-free reference-1218
PASS Rendered image saved reference-1218
PASS Observation camera collision-free reference-1218-side
PASS Rendered image saved reference-1218-side
PASS Observation camera collision-free reference-1218-back
PASS Rendered image saved reference-1218-back
PASS Unique reference 1344
PASS Same world and environment 1344
PASS Observation camera collision-free reference-1344
PASS Rendered image saved reference-1344
PASS Observation camera collision-free reference-1344-side
PASS Rendered image saved reference-1344-side
PASS Observation camera collision-free reference-1344-back
PASS Rendered image saved reference-1344-back
PASS Unique reference 1217
PASS Same world and environment 1217
PASS Observation camera collision-free reference-1217
PASS Rendered image saved reference-1217
PASS Observation camera collision-free reference-1217-side
PASS Rendered image saved reference-1217-side
PASS Observation camera collision-free reference-1217-back
PASS Rendered image saved reference-1217-back
PASS Unique reference 1220
PASS Same world and environment 1220
PASS Observation camera collision-free reference-1220
PASS Rendered image saved reference-1220
PASS Observation camera collision-free reference-1220-side
PASS Rendered image saved reference-1220-side
PASS Observation camera collision-free reference-1220-back
PASS Rendered image saved reference-1220-back
PASS Unique reference 1135
PASS Same world and environment 1135
PASS Observation camera collision-free reference-1135
PASS Rendered image saved reference-1135
PASS Observation camera collision-free reference-1135-side
PASS Rendered image saved reference-1135-side
PASS Observation camera collision-free reference-1135-back
PASS Rendered image saved reference-1135-back
PASS Unique reference 1126
PASS Same world and environment 1126
PASS Observation camera collision-free reference-1126
PASS Rendered image saved reference-1126
PASS Observation camera collision-free reference-1126-side
PASS Rendered image saved reference-1126-side
PASS Observation camera collision-free reference-1126-back
PASS Rendered image saved reference-1126-back
PASS Unique reference 1332
PASS Same world and environment 1332
PASS Observation camera collision-free reference-1332
PASS Rendered image saved reference-1332
PASS Observation camera collision-free reference-1332-side
PASS Rendered image saved reference-1332-side
PASS Observation camera collision-free reference-1332-back
PASS Rendered image saved reference-1332-back
PASS Unique reference 1342
PASS Same world and environment 1342
PASS Observation camera collision-free reference-1342
PASS Rendered image saved reference-1342
PASS Observation camera collision-free reference-1342-side
PASS Rendered image saved reference-1342-side
PASS Observation camera collision-free reference-1342-back
PASS Rendered image saved reference-1342-back
PASS Unique reference 1125
PASS Same world and environment 1125
PASS Observation camera collision-free reference-1125
PASS Rendered image saved reference-1125
PASS Observation camera collision-free reference-1125-side
PASS Rendered image saved reference-1125-side
PASS Observation camera collision-free reference-1125-back
PASS Rendered image saved reference-1125-back
PASS Unique reference 1341
PASS Same world and environment 1341
PASS Observation camera collision-free reference-1341
PASS Rendered image saved reference-1341
PASS Observation camera collision-free reference-1341-side
PASS Rendered image saved reference-1341-side
PASS Observation camera collision-free reference-1341-back
PASS Rendered image saved reference-1341-back
PASS Unique reference 1128
PASS Same world and environment 1128
PASS Observation camera collision-free reference-1128
PASS Rendered image saved reference-1128
PASS Observation camera collision-free reference-1128-side
PASS Rendered image saved reference-1128-side
PASS Observation camera collision-free reference-1128-back
PASS Rendered image saved reference-1128-back
PASS Unique reference 1129
PASS Same world and environment 1129
PASS Observation camera collision-free reference-1129
PASS Rendered image saved reference-1129
PASS Observation camera collision-free reference-1129-side
PASS Rendered image saved reference-1129-side
PASS Observation camera collision-free reference-1129-back
PASS Rendered image saved reference-1129-back
PASS Unique reference 1276
PASS Same world and environment 1276
PASS Observation camera collision-free reference-1276
PASS Rendered image saved reference-1276
PASS Observation camera collision-free reference-1276-side
PASS Rendered image saved reference-1276-side
PASS Observation camera collision-free reference-1276-back
PASS Rendered image saved reference-1276-back
PASS Unique reference 1275
PASS Same world and environment 1275
PASS Observation camera collision-free reference-1275
PASS Rendered image saved reference-1275
PASS Observation camera collision-free reference-1275-side
PASS Rendered image saved reference-1275-side
PASS Observation camera collision-free reference-1275-back
PASS Rendered image saved reference-1275-back
PASS Unique reference 1274
PASS Same world and environment 1274
PASS Observation camera collision-free reference-1274
PASS Rendered image saved reference-1274
PASS Observation camera collision-free reference-1274-side
PASS Rendered image saved reference-1274-side
PASS Observation camera collision-free reference-1274-back
PASS Rendered image saved reference-1274-back
PASS Unique reference 1278
PASS Same world and environment 1278
PASS Observation camera collision-free reference-1278
PASS Rendered image saved reference-1278
PASS Observation camera collision-free reference-1278-side
PASS Rendered image saved reference-1278-side
PASS Observation camera collision-free reference-1278-back
PASS Rendered image saved reference-1278-back
PASS Unique reference 1216
PASS Same world and environment 1216
PASS Observation camera collision-free reference-1216
PASS Rendered image saved reference-1216
PASS Observation camera collision-free reference-1216-side
PASS Rendered image saved reference-1216-side
PASS Observation camera collision-free reference-1216-back
PASS Rendered image saved reference-1216-back
PASS All exact 20 GOAL reference identities covered
PASS Saved source scene unchanged
PASS Project default unchanged
REFERENCE SURVEY COMPLETE true All captured; visual review and hardware GPU validation remain pending
