Blender 4.5.14 LTS (hash 62c1db4208e8 built 2026-09-15 01:31:19)
Read blend: "/workspace/scratch/a29d03198654/Aether/source-assets/cloud-sea52h-revision-c/cloud_sea52h_c.blend"
Fra:1 Mem:9.49M (Peak 9.49M) | Time:00:00.00 | Mem:0.00M, Peak:0.00M | Scene, ViewLayer | Synchronizing object | CloudSea52hC_v0_main_crown
Fra:1 Mem:9.49M (Peak 9.49M) | Time:00:00.00 | Mem:0.00M, Peak:0.00M | Scene, ViewLayer | Synchronizing object | Sun
Fra:1 Mem:9.73M (Peak 9.73M) | Time:00:00.00 | Mem:0.00M, Peak:0.00M | Scene, ViewLayer | Initializing
Fra:1 Mem:9.55M (Peak 9.73M) | Time:00:00.00 | Mem:0.00M, Peak:0.00M | Scene, ViewLayer | Waiting for render to start
Fra:1 Mem:9.55M (Peak 9.73M) | Time:00:00.00 | Mem:0.00M, Peak:0.00M | Scene, ViewLayer | Updating Scene
Fra:1 Mem:9.55M (Peak 9.73M) | Time:00:00.00 | Mem:0.00M, Peak:0.00M | Scene, ViewLayer | Updating Shaders
Fra:1 Mem:9.55M (Peak 9.73M) | Time:00:00.00 | Mem:0.00M, Peak:0.00M | Scene, ViewLayer | Loading render kernels (may take a few minutes the first time)
Fra:1 Mem:9.63M (Peak 9.73M) | Time:00:00.00 | Mem:0.00M, Peak:0.00M | Scene, ViewLayer | Updating Procedurals
Fra:1 Mem:9.63M (Peak 9.73M) | Time:00:00.00 | Mem:0.00M, Peak:0.00M | Scene, ViewLayer | Updating Background
Fra:1 Mem:9.63M (Peak 9.73M) | Time:00:00.00 | Mem:0.00M, Peak:0.00M | Scene, ViewLayer | Updating Camera
Fra:1 Mem:9.63M (Peak 9.73M) | Time:00:00.00 | Mem:0.00M, Peak:0.00M | Scene, ViewLayer | Updating Meshes Flags
Fra:1 Mem:9.63M (Peak 9.73M) | Time:00:00.00 | Mem:0.00M, Peak:0.00M | Scene, ViewLayer | Updating Objects
Fra:1 Mem:9.63M (Peak 9.73M) | Time:00:00.00 | Mem:0.00M, Peak:0.00M | Scene, ViewLayer | Updating Objects | Copying Transformations to device
Fra:1 Mem:9.63M (Peak 9.73M) | Time:00:00.00 | Mem:0.00M, Peak:0.00M | Scene, ViewLayer | Updating Particle Systems
Fra:1 Mem:9.63M (Peak 9.73M) | Time:00:00.00 | Mem:0.00M, Peak:0.00M | Scene, ViewLayer | Updating Particle Systems | Copying Particles to device
Fra:1 Mem:9.63M (Peak 9.73M) | Time:00:00.00 | Mem:0.00M, Peak:0.00M | Scene, ViewLayer | Updating Meshes
Fra:1 Mem:9.63M (Peak 9.73M) | Time:00:00.00 | Mem:0.00M, Peak:0.00M | Scene, ViewLayer | Updating Objects | Applying Static Transformations
Fra:1 Mem:9.63M (Peak 9.73M) | Time:00:00.00 | Mem:0.00M, Peak:0.00M | Scene, ViewLayer | Updating Mesh | Computing attributes
Fra:1 Mem:9.73M (Peak 9.73M) | Time:00:00.00 | Mem:0.00M, Peak:0.00M | Scene, ViewLayer | Updating Mesh | Copying Attributes to device
Fra:1 Mem:9.73M (Peak 9.73M) | Time:00:00.00 | Mem:0.10M, Peak:0.10M | Scene, ViewLayer | Updating Scene BVH | Building
Fra:1 Mem:9.73M (Peak 9.73M) | Time:00:00.00 | Mem:0.10M, Peak:0.10M | Scene, ViewLayer | Updating Scene BVH | Building BVH
Fra:1 Mem:9.73M (Peak 9.73M) | Time:00:00.00 | Mem:0.16M, Peak:0.16M | Scene, ViewLayer | Updating Scene BVH | Building BVH 0%
Fra:1 Mem:9.73M (Peak 9.73M) | Time:00:00.00 | Mem:0.22M, Peak:0.28M | Scene, ViewLayer | Updating Scene BVH | Copying BVH to device
Fra:1 Mem:9.73M (Peak 9.73M) | Time:00:00.00 | Mem:0.22M, Peak:0.28M | Scene, ViewLayer | Updating Mesh | Computing normals
Fra:1 Mem:9.78M (Peak 9.78M) | Time:00:00.00 | Mem:0.22M, Peak:0.28M | Scene, ViewLayer | Updating Mesh | Copying Mesh to device
Fra:1 Mem:9.78M (Peak 9.78M) | Time:00:00.00 | Mem:0.27M, Peak:0.28M | Scene, ViewLayer | Updating Objects Flags
Fra:1 Mem:9.78M (Peak 9.78M) | Time:00:00.00 | Mem:0.27M, Peak:0.28M | Scene, ViewLayer | Updating Primitive Offsets
Fra:1 Mem:9.78M (Peak 9.78M) | Time:00:00.00 | Mem:0.27M, Peak:0.28M | Scene, ViewLayer | Updating Images
Fra:1 Mem:9.78M (Peak 9.78M) | Time:00:00.00 | Mem:0.27M, Peak:0.28M | Scene, ViewLayer | Updating Camera Volume
Fra:1 Mem:9.78M (Peak 9.78M) | Time:00:00.00 | Mem:0.27M, Peak:0.28M | Scene, ViewLayer | Updating Lookup Tables
Fra:1 Mem:9.78M (Peak 9.78M) | Time:00:00.00 | Mem:0.35M, Peak:0.35M | Scene, ViewLayer | Updating Lights
Fra:1 Mem:9.78M (Peak 9.78M) | Time:00:00.00 | Mem:0.35M, Peak:0.35M | Scene, ViewLayer | Updating Lights | Computing tree
Fra:1 Mem:9.78M (Peak 9.78M) | Time:00:00.00 | Mem:0.35M, Peak:0.35M | Scene, ViewLayer | Updating Integrator
Fra:1 Mem:9.78M (Peak 9.78M) | Time:00:00.00 | Mem:0.35M, Peak:0.35M | Scene, ViewLayer | Updating Film
Fra:1 Mem:9.78M (Peak 9.78M) | Time:00:00.00 | Mem:0.27M, Peak:0.35M | Scene, ViewLayer | Updating Lookup Tables
Fra:1 Mem:9.78M (Peak 9.78M) | Time:00:00.00 | Mem:0.36M, Peak:0.36M | Scene, ViewLayer | Updating Baking
Fra:1 Mem:9.78M (Peak 9.78M) | Time:00:00.00 | Mem:0.36M, Peak:0.36M | Scene, ViewLayer | Updating Device | Writing constant memory
Fra:1 Mem:9.78M (Peak 9.78M) | Time:00:00.00 | Mem:0.36M, Peak:0.36M | Scene, ViewLayer | Loading denoising kernels (may take a few minutes the first time)
Fra:1 Mem:9.78M (Peak 9.78M) | Time:00:00.00 | Mem:0.36M, Peak:0.36M | Scene, ViewLayer | Sample 0/20
Fra:1 Mem:51.55M (Peak 51.55M) | Time:00:00.17 | Remaining:00:03.21 | Mem:42.10M, Peak:42.10M | Scene, ViewLayer | Sample 1/20
Fra:1 Mem:69.13M (Peak 95.50M) | Time:00:09.06 | Mem:42.10M, Peak:42.10M | Scene, ViewLayer | Sample 20/20
Fra:1 Mem:69.13M (Peak 95.50M) | Time:00:09.06 | Mem:42.10M, Peak:42.10M | Scene, ViewLayer | Finished
Saved: '/workspace/scratch/a29d03198654/Aether/cloud-evidence/cloudsea52h-c-source-v0-20261001T094300Z-wc1ecaf4/images/sea52h-c-main-0-front.png'
Time: 00:09.21 (Saving: 00:00.14)

Fra:1 Mem:9.57M (Peak 9.57M) | Time:00:00.00 | Mem:0.00M, Peak:0.00M | Scene, ViewLayer | Synchronizing object | CloudSea52hC_v0_main_crown
Fra:1 Mem:9.57M (Peak 9.57M) | Time:00:00.00 | Mem:0.00M, Peak:0.00M | Scene, ViewLayer | Synchronizing object | Sun
Fra:1 Mem:9.73M (Peak 9.73M) | Time:00:00.00 | Mem:0.00M, Peak:0.00M | Scene, ViewLayer | Initializing
Fra:1 Mem:9.55M (Peak 9.73M) | Time:00:00.00 | Mem:0.00M, Peak:0.00M | Scene, ViewLayer | Waiting for render to start
Fra:1 Mem:9.55M (Peak 9.73M) | Time:00:00.00 | Mem:0.00M, Peak:0.00M | Scene, ViewLayer | Updating Scene
Fra:1 Mem:9.55M (Peak 9.73M) | Time:00:00.00 | Mem:0.00M, Peak:0.00M | Scene, ViewLayer | Updating Shaders
Fra:1 Mem:9.55M (Peak 9.73M) | Time:00:00.00 | Mem:0.00M, Peak:0.00M | Scene, ViewLayer | Loading render kernels (may take a few minutes the first time)
Fra:1 Mem:9.63M (Peak 9.73M) | Time:00:00.00 | Mem:0.00M, Peak:0.00M | Scene, ViewLayer | Updating Procedurals
Fra:1 Mem:9.63M (Peak 9.73M) | Time:00:00.00 | Mem:0.00M, Peak:0.00M | Scene, ViewLayer | Updating Background
Fra:1 Mem:9.63M (Peak 9.73M) | Time:00:00.00 | Mem:0.00M, Peak:0.00M | Scene, ViewLayer | Updating Camera
Fra:1 Mem:9.63M (Peak 9.73M) | Time:00:00.00 | Mem:0.00M, Peak:0.00M | Scene, ViewLayer | Updating Meshes Flags
Fra:1 Mem:9.63M (Peak 9.73M) | Time:00:00.00 | Mem:0.00M, Peak:0.00M | Scene, ViewLayer | Updating Objects
Fra:1 Mem:9.63M (Peak 9.73M) | Time:00:00.00 | Mem:0.00M, Peak:0.00M | Scene, ViewLayer | Updating Objects | Copying Transformations to device
Fra:1 Mem:9.63M (Peak 9.73M) | Time:00:00.00 | Mem:0.00M, Peak:0.00M | Scene, ViewLayer | Updating Particle Systems
Fra:1 Mem:9.63M (Peak 9.73M) | Time:00:00.00 | Mem:0.00M, Peak:0.00M | Scene, ViewLayer | Updating Particle Systems | Copying Particles to device
Fra:1 Mem:9.63M (Peak 9.73M) | Time:00:00.00 | Mem:0.00M, Peak:0.00M | Scene, ViewLayer | Updating Meshes
Fra:1 Mem:9.63M (Peak 9.73M) | Time:00:00.00 | Mem:0.00M, Peak:0.00M | Scene, ViewLayer | Updating Objects | Applying Static Transformations
Fra:1 Mem:9.63M (Peak 9.73M) | Time:00:00.00 | Mem:0.00M, Peak:0.00M | Scene, ViewLayer | Updating Mesh | Computing attributes
Fra:1 Mem:9.73M (Peak 9.73M) | Time:00:00.00 | Mem:0.00M, Peak:0.00M | Scene, ViewLayer | Updating Mesh | Copying Attributes to device
Fra:1 Mem:9.73M (Peak 9.73M) | Time:00:00.00 | Mem:0.10M, Peak:0.10M | Scene, ViewLayer | Updating Scene BVH | Building
Fra:1 Mem:9.73M (Peak 9.73M) | Time:00:00.00 | Mem:0.10M, Peak:0.10M | Scene, ViewLayer | Updating Scene BVH | Building BVH
Fra:1 Mem:9.73M (Peak 9.73M) | Time:00:00.00 | Mem:0.16M, Peak:0.16M | Scene, ViewLayer | Updating Scene BVH | Building BVH 0%
Fra:1 Mem:9.73M (Peak 9.73M) | Time:00:00.00 | Mem:0.22M, Peak:0.28M | Scene, ViewLayer | Updating Scene BVH | Copying BVH to device
Fra:1 Mem:9.73M (Peak 9.73M) | Time:00:00.00 | Mem:0.22M, Peak:0.28M | Scene, ViewLayer | Updating Mesh | Computing normals
Fra:1 Mem:9.78M (Peak 9.78M) | Time:00:00.00 | Mem:0.22M, Peak:0.28M | Scene, ViewLayer | Updating Mesh | Copying Mesh to device
Fra:1 Mem:9.78M (Peak 9.78M) | Time:00:00.00 | Mem:0.27M, Peak:0.28M | Scene, ViewLayer | Updating Objects Flags
Fra:1 Mem:9.78M (Peak 9.78M) | Time:00:00.00 | Mem:0.27M, Peak:0.28M | Scene, ViewLayer | Updating Primitive Offsets
Fra:1 Mem:9.78M (Peak 9.78M) | Time:00:00.00 | Mem:0.27M, Peak:0.28M | Scene, ViewLayer | Updating Images
Fra:1 Mem:9.78M (Peak 9.78M) | Time:00:00.00 | Mem:0.27M, Peak:0.28M | Scene, ViewLayer | Updating Camera Volume
Fra:1 Mem:9.78M (Peak 9.78M) | Time:00:00.00 | Mem:0.27M, Peak:0.28M | Scene, ViewLayer | Updating Lookup Tables
Fra:1 Mem:9.78M (Peak 9.78M) | Time:00:00.00 | Mem:0.35M, Peak:0.35M | Scene, ViewLayer | Updating Lights
Fra:1 Mem:9.78M (Peak 9.78M) | Time:00:00.00 | Mem:0.35M, Peak:0.35M | Scene, ViewLayer | Updating Lights | Computing tree
Fra:1 Mem:9.78M (Peak 9.78M) | Time:00:00.00 | Mem:0.35M, Peak:0.35M | Scene, ViewLayer | Updating Integrator
Fra:1 Mem:9.78M (Peak 9.78M) | Time:00:00.00 | Mem:0.35M, Peak:0.35M | Scene, ViewLayer | Updating Film
Fra:1 Mem:9.78M (Peak 9.78M) | Time:00:00.00 | Mem:0.27M, Peak:0.35M | Scene, ViewLayer | Updating Lookup Tables
Fra:1 Mem:9.78M (Peak 9.78M) | Time:00:00.00 | Mem:0.36M, Peak:0.36M | Scene, ViewLayer | Updating Baking
Fra:1 Mem:9.78M (Peak 9.78M) | Time:00:00.00 | Mem:0.36M, Peak:0.36M | Scene, ViewLayer | Updating Device | Writing constant memory
Fra:1 Mem:9.78M (Peak 9.78M) | Time:00:00.00 | Mem:0.36M, Peak:0.36M | Scene, ViewLayer | Loading denoising kernels (may take a few minutes the first time)
Fra:1 Mem:9.78M (Peak 9.78M) | Time:00:00.00 | Mem:0.36M, Peak:0.36M | Scene, ViewLayer | Sample 0/20
Fra:1 Mem:51.55M (Peak 51.55M) | Time:00:00.13 | Remaining:00:02.53 | Mem:42.10M, Peak:42.10M | Scene, ViewLayer | Sample 1/20
Fra:1 Mem:69.13M (Peak 95.50M) | Time:00:09.60 | Mem:42.10M, Peak:42.10M | Scene, ViewLayer | Sample 20/20
Fra:1 Mem:69.13M (Peak 95.50M) | Time:00:09.60 | Mem:42.10M, Peak:42.10M | Scene, ViewLayer | Finished
Saved: '/workspace/scratch/a29d03198654/Aether/cloud-evidence/cloudsea52h-c-source-v0-20261001T094300Z-wc1ecaf4/images/sea52h-c-main-0-back.png'
Time: 00:09.67 (Saving: 00:00.06)

Fra:1 Mem:9.57M (Peak 9.57M) | Time:00:00.00 | Mem:0.00M, Peak:0.00M | Scene, ViewLayer | Synchronizing object | Sun
Fra:1 Mem:9.57M (Peak 9.57M) | Time:00:00.00 | Mem:0.00M, Peak:0.00M | Scene, ViewLayer | Synchronizing object | CloudSea52hC_v0_main_crown
Fra:1 Mem:9.73M (Peak 9.73M) | Time:00:00.00 | Mem:0.00M, Peak:0.00M | Scene, ViewLayer | Initializing
Fra:1 Mem:9.55M (Peak 9.73M) | Time:00:00.00 | Mem:0.00M, Peak:0.00M | Scene, ViewLayer | Waiting for render to start
Fra:1 Mem:9.55M (Peak 9.73M) | Time:00:00.00 | Mem:0.00M, Peak:0.00M | Scene, ViewLayer | Updating Scene
Fra:1 Mem:9.55M (Peak 9.73M) | Time:00:00.00 | Mem:0.00M, Peak:0.00M | Scene, ViewLayer | Updating Shaders
Fra:1 Mem:9.55M (Peak 9.73M) | Time:00:00.00 | Mem:0.00M, Peak:0.00M | Scene, ViewLayer | Loading render kernels (may take a few minutes the first time)
Fra:1 Mem:9.63M (Peak 9.73M) | Time:00:00.00 | Mem:0.00M, Peak:0.00M | Scene, ViewLayer | Updating Procedurals
Fra:1 Mem:9.63M (Peak 9.73M) | Time:00:00.00 | Mem:0.00M, Peak:0.00M | Scene, ViewLayer | Updating Background
Fra:1 Mem:9.63M (Peak 9.73M) | Time:00:00.00 | Mem:0.00M, Peak:0.00M | Scene, ViewLayer | Updating Camera
Fra:1 Mem:9.63M (Peak 9.73M) | Time:00:00.00 | Mem:0.00M, Peak:0.00M | Scene, ViewLayer | Updating Meshes Flags
Fra:1 Mem:9.63M (Peak 9.73M) | Time:00:00.00 | Mem:0.00M, Peak:0.00M | Scene, ViewLayer | Updating Objects
Fra:1 Mem:9.63M (Peak 9.73M) | Time:00:00.00 | Mem:0.00M, Peak:0.00M | Scene, ViewLayer | Updating Objects | Copying Transformations to device
Fra:1 Mem:9.63M (Peak 9.73M) | Time:00:00.00 | Mem:0.00M, Peak:0.00M | Scene, ViewLayer | Updating Particle Systems
Fra:1 Mem:9.63M (Peak 9.73M) | Time:00:00.00 | Mem:0.00M, Peak:0.00M | Scene, ViewLayer | Updating Particle Systems | Copying Particles to device
Fra:1 Mem:9.63M (Peak 9.73M) | Time:00:00.00 | Mem:0.00M, Peak:0.00M | Scene, ViewLayer | Updating Meshes
Fra:1 Mem:9.63M (Peak 9.73M) | Time:00:00.00 | Mem:0.00M, Peak:0.00M | Scene, ViewLayer | Updating Objects | Applying Static Transformations
Fra:1 Mem:9.63M (Peak 9.73M) | Time:00:00.00 | Mem:0.00M, Peak:0.00M | Scene, ViewLayer | Updating Mesh | Computing attributes
Fra:1 Mem:9.73M (Peak 9.73M) | Time:00:00.00 | Mem:0.00M, Peak:0.00M | Scene, ViewLayer | Updating Mesh | Copying Attributes to device
Fra:1 Mem:9.73M (Peak 9.73M) | Time:00:00.00 | Mem:0.10M, Peak:0.10M | Scene, ViewLayer | Updating Scene BVH | Building
Fra:1 Mem:9.73M (Peak 9.73M) | Time:00:00.00 | Mem:0.10M, Peak:0.10M | Scene, ViewLayer | Updating Scene BVH | Building BVH
Fra:1 Mem:9.73M (Peak 9.73M) | Time:00:00.00 | Mem:0.16M, Peak:0.16M | Scene, ViewLayer | Updating Scene BVH | Building BVH 0%
Fra:1 Mem:9.73M (Peak 9.73M) | Time:00:00.00 | Mem:0.22M, Peak:0.28M | Scene, ViewLayer | Updating Scene BVH | Copying BVH to device
Fra:1 Mem:9.73M (Peak 9.73M) | Time:00:00.00 | Mem:0.22M, Peak:0.28M | Scene, ViewLayer | Updating Mesh | Computing normals
Fra:1 Mem:9.78M (Peak 9.78M) | Time:00:00.00 | Mem:0.22M, Peak:0.28M | Scene, ViewLayer | Updating Mesh | Copying Mesh to device
Fra:1 Mem:9.78M (Peak 9.78M) | Time:00:00.00 | Mem:0.27M, Peak:0.28M | Scene, ViewLayer | Updating Objects Flags
Fra:1 Mem:9.78M (Peak 9.78M) | Time:00:00.00 | Mem:0.27M, Peak:0.28M | Scene, ViewLayer | Updating Primitive Offsets
Fra:1 Mem:9.78M (Peak 9.78M) | Time:00:00.00 | Mem:0.27M, Peak:0.28M | Scene, ViewLayer | Updating Images
Fra:1 Mem:9.78M (Peak 9.78M) | Time:00:00.00 | Mem:0.27M, Peak:0.28M | Scene, ViewLayer | Updating Camera Volume
Fra:1 Mem:9.78M (Peak 9.78M) | Time:00:00.00 | Mem:0.27M, Peak:0.28M | Scene, ViewLayer | Updating Lookup Tables
Fra:1 Mem:9.78M (Peak 9.78M) | Time:00:00.00 | Mem:0.35M, Peak:0.35M | Scene, ViewLayer | Updating Lights
Fra:1 Mem:9.78M (Peak 9.78M) | Time:00:00.00 | Mem:0.35M, Peak:0.35M | Scene, ViewLayer | Updating Lights | Computing tree
Fra:1 Mem:9.78M (Peak 9.78M) | Time:00:00.00 | Mem:0.35M, Peak:0.35M | Scene, ViewLayer | Updating Integrator
Fra:1 Mem:9.78M (Peak 9.78M) | Time:00:00.00 | Mem:0.35M, Peak:0.35M | Scene, ViewLayer | Updating Film
Fra:1 Mem:9.78M (Peak 9.78M) | Time:00:00.00 | Mem:0.27M, Peak:0.35M | Scene, ViewLayer | Updating Lookup Tables
Fra:1 Mem:9.78M (Peak 9.78M) | Time:00:00.00 | Mem:0.36M, Peak:0.36M | Scene, ViewLayer | Updating Baking
Fra:1 Mem:9.78M (Peak 9.78M) | Time:00:00.00 | Mem:0.36M, Peak:0.36M | Scene, ViewLayer | Updating Device | Writing constant memory
Fra:1 Mem:9.78M (Peak 9.78M) | Time:00:00.00 | Mem:0.36M, Peak:0.36M | Scene, ViewLayer | Loading denoising kernels (may take a few minutes the first time)
Fra:1 Mem:9.78M (Peak 9.78M) | Time:00:00.00 | Mem:0.36M, Peak:0.36M | Scene, ViewLayer | Sample 0/20
Fra:1 Mem:51.55M (Peak 51.55M) | Time:00:00.14 | Remaining:00:02.71 | Mem:42.10M, Peak:42.10M | Scene, ViewLayer | Sample 1/20
Fra:1 Mem:69.13M (Peak 95.50M) | Time:00:09.17 | Mem:42.10M, Peak:42.10M | Scene, ViewLayer | Sample 20/20
Fra:1 Mem:69.13M (Peak 95.50M) | Time:00:09.17 | Mem:42.10M, Peak:42.10M | Scene, ViewLayer | Finished
Saved: '/workspace/scratch/a29d03198654/Aether/cloud-evidence/cloudsea52h-c-source-v0-20261001T094300Z-wc1ecaf4/images/sea52h-c-main-0-side.png'
Time: 00:09.25 (Saving: 00:00.06)

Fra:1 Mem:9.57M (Peak 9.57M) | Time:00:00.00 | Mem:0.00M, Peak:0.00M | Scene, ViewLayer | Synchronizing object | CloudSea52hC_v0_main_crown
Fra:1 Mem:9.57M (Peak 9.57M) | Time:00:00.00 | Mem:0.00M, Peak:0.00M | Scene, ViewLayer | Synchronizing object | Sun
Fra:1 Mem:9.73M (Peak 9.73M) | Time:00:00.00 | Mem:0.00M, Peak:0.00M | Scene, ViewLayer | Initializing
Fra:1 Mem:9.55M (Peak 9.73M) | Time:00:00.00 | Mem:0.00M, Peak:0.00M | Scene, ViewLayer | Waiting for render to start
Fra:1 Mem:9.55M (Peak 9.73M) | Time:00:00.00 | Mem:0.00M, Peak:0.00M | Scene, ViewLayer | Updating Scene
Fra:1 Mem:9.55M (Peak 9.73M) | Time:00:00.00 | Mem:0.00M, Peak:0.00M | Scene, ViewLayer | Updating Shaders
Fra:1 Mem:9.55M (Peak 9.73M) | Time:00:00.00 | Mem:0.00M, Peak:0.00M | Scene, ViewLayer | Loading render kernels (may take a few minutes the first time)
Fra:1 Mem:9.63M (Peak 9.73M) | Time:00:00.00 | Mem:0.00M, Peak:0.00M | Scene, ViewLayer | Updating Procedurals
Fra:1 Mem:9.63M (Peak 9.73M) | Time:00:00.00 | Mem:0.00M, Peak:0.00M | Scene, ViewLayer | Updating Background
Fra:1 Mem:9.63M (Peak 9.73M) | Time:00:00.00 | Mem:0.00M, Peak:0.00M | Scene, ViewLayer | Updating Camera
Fra:1 Mem:9.63M (Peak 9.73M) | Time:00:00.00 | Mem:0.00M, Peak:0.00M | Scene, ViewLayer | Updating Meshes Flags
Fra:1 Mem:9.63M (Peak 9.73M) | Time:00:00.00 | Mem:0.00M, Peak:0.00M | Scene, ViewLayer | Updating Objects
Fra:1 Mem:9.63M (Peak 9.73M) | Time:00:00.00 | Mem:0.00M, Peak:0.00M | Scene, ViewLayer | Updating Objects | Copying Transformations to device
Fra:1 Mem:9.63M (Peak 9.73M) | Time:00:00.00 | Mem:0.00M, Peak:0.00M | Scene, ViewLayer | Updating Particle Systems
Fra:1 Mem:9.63M (Peak 9.73M) | Time:00:00.00 | Mem:0.00M, Peak:0.00M | Scene, ViewLayer | Updating Particle Systems | Copying Particles to device
Fra:1 Mem:9.63M (Peak 9.73M) | Time:00:00.00 | Mem:0.00M, Peak:0.00M | Scene, ViewLayer | Updating Meshes
Fra:1 Mem:9.63M (Peak 9.73M) | Time:00:00.00 | Mem:0.00M, Peak:0.00M | Scene, ViewLayer | Updating Objects | Applying Static Transformations
Fra:1 Mem:9.63M (Peak 9.73M) | Time:00:00.00 | Mem:0.00M, Peak:0.00M | Scene, ViewLayer | Updating Mesh | Computing attributes
Fra:1 Mem:9.73M (Peak 9.73M) | Time:00:00.00 | Mem:0.00M, Peak:0.00M | Scene, ViewLayer | Updating Mesh | Copying Attributes to device
Fra:1 Mem:9.73M (Peak 9.73M) | Time:00:00.00 | Mem:0.10M, Peak:0.10M | Scene, ViewLayer | Updating Scene BVH | Building
Fra:1 Mem:9.73M (Peak 9.73M) | Time:00:00.00 | Mem:0.10M, Peak:0.10M | Scene, ViewLayer | Updating Scene BVH | Building BVH
Fra:1 Mem:9.73M (Peak 9.73M) | Time:00:00.00 | Mem:0.16M, Peak:0.16M | Scene, ViewLayer | Updating Scene BVH | Building BVH 0%
Fra:1 Mem:9.73M (Peak 9.73M) | Time:00:00.00 | Mem:0.22M, Peak:0.28M | Scene, ViewLayer | Updating Scene BVH | Copying BVH to device
Fra:1 Mem:9.73M (Peak 9.73M) | Time:00:00.00 | Mem:0.22M, Peak:0.28M | Scene, ViewLayer | Updating Mesh | Computing normals
Fra:1 Mem:9.78M (Peak 9.78M) | Time:00:00.00 | Mem:0.22M, Peak:0.28M | Scene, ViewLayer | Updating Mesh | Copying Mesh to device
Fra:1 Mem:9.78M (Peak 9.78M) | Time:00:00.00 | Mem:0.27M, Peak:0.28M | Scene, ViewLayer | Updating Objects Flags
Fra:1 Mem:9.78M (Peak 9.78M) | Time:00:00.00 | Mem:0.27M, Peak:0.28M | Scene, ViewLayer | Updating Primitive Offsets
Fra:1 Mem:9.78M (Peak 9.78M) | Time:00:00.00 | Mem:0.27M, Peak:0.28M | Scene, ViewLayer | Updating Images
Fra:1 Mem:9.78M (Peak 9.78M) | Time:00:00.00 | Mem:0.27M, Peak:0.28M | Scene, ViewLayer | Updating Camera Volume
Fra:1 Mem:9.78M (Peak 9.78M) | Time:00:00.00 | Mem:0.27M, Peak:0.28M | Scene, ViewLayer | Updating Lookup Tables
Fra:1 Mem:9.78M (Peak 9.78M) | Time:00:00.00 | Mem:0.35M, Peak:0.35M | Scene, ViewLayer | Updating Lights
Fra:1 Mem:9.78M (Peak 9.78M) | Time:00:00.00 | Mem:0.35M, Peak:0.35M | Scene, ViewLayer | Updating Lights | Computing tree
Fra:1 Mem:9.78M (Peak 9.78M) | Time:00:00.00 | Mem:0.35M, Peak:0.35M | Scene, ViewLayer | Updating Integrator
Fra:1 Mem:9.78M (Peak 9.78M) | Time:00:00.00 | Mem:0.35M, Peak:0.35M | Scene, ViewLayer | Updating Film
Fra:1 Mem:9.78M (Peak 9.78M) | Time:00:00.00 | Mem:0.27M, Peak:0.35M | Scene, ViewLayer | Updating Lookup Tables
Fra:1 Mem:9.78M (Peak 9.78M) | Time:00:00.00 | Mem:0.36M, Peak:0.36M | Scene, ViewLayer | Updating Baking
Fra:1 Mem:9.78M (Peak 9.78M) | Time:00:00.00 | Mem:0.36M, Peak:0.36M | Scene, ViewLayer | Updating Device | Writing constant memory
Fra:1 Mem:9.78M (Peak 9.78M) | Time:00:00.00 | Mem:0.36M, Peak:0.36M | Scene, ViewLayer | Loading denoising kernels (may take a few minutes the first time)
Fra:1 Mem:9.78M (Peak 9.78M) | Time:00:00.00 | Mem:0.36M, Peak:0.36M | Scene, ViewLayer | Sample 0/20
Fra:1 Mem:51.55M (Peak 51.55M) | Time:00:00.18 | Remaining:00:03.42 | Mem:42.10M, Peak:42.10M | Scene, ViewLayer | Sample 1/20
Fra:1 Mem:69.13M (Peak 95.50M) | Time:00:09.01 | Mem:42.10M, Peak:42.10M | Scene, ViewLayer | Sample 20/20
Fra:1 Mem:69.13M (Peak 95.50M) | Time:00:09.01 | Mem:42.10M, Peak:42.10M | Scene, ViewLayer | Finished
Saved: '/workspace/scratch/a29d03198654/Aether/cloud-evidence/cloudsea52h-c-source-v0-20261001T094300Z-wc1ecaf4/images/sea52h-c-main-0-underside.png'
Time: 00:09.07 (Saving: 00:00.06)

Fra:1 Mem:9.57M (Peak 9.57M) | Time:00:00.00 | Mem:0.00M, Peak:0.00M | Scene, ViewLayer | Synchronizing object | CloudSea52hC_v0_main_crown
Fra:1 Mem:9.57M (Peak 9.57M) | Time:00:00.00 | Mem:0.00M, Peak:0.00M | Scene, ViewLayer | Synchronizing object | Sun
Fra:1 Mem:9.73M (Peak 9.73M) | Time:00:00.00 | Mem:0.00M, Peak:0.00M | Scene, ViewLayer | Initializing
Fra:1 Mem:9.55M (Peak 9.73M) | Time:00:00.00 | Mem:0.00M, Peak:0.00M | Scene, ViewLayer | Waiting for render to start
Fra:1 Mem:9.55M (Peak 9.73M) | Time:00:00.00 | Mem:0.00M, Peak:0.00M | Scene, ViewLayer | Updating Scene
Fra:1 Mem:9.55M (Peak 9.73M) | Time:00:00.00 | Mem:0.00M, Peak:0.00M | Scene, ViewLayer | Updating Shaders
Fra:1 Mem:9.55M (Peak 9.73M) | Time:00:00.00 | Mem:0.00M, Peak:0.00M | Scene, ViewLayer | Loading render kernels (may take a few minutes the first time)
Fra:1 Mem:9.63M (Peak 9.73M) | Time:00:00.00 | Mem:0.00M, Peak:0.00M | Scene, ViewLayer | Updating Procedurals
Fra:1 Mem:9.63M (Peak 9.73M) | Time:00:00.00 | Mem:0.00M, Peak:0.00M | Scene, ViewLayer | Updating Background
Fra:1 Mem:9.63M (Peak 9.73M) | Time:00:00.00 | Mem:0.00M, Peak:0.00M | Scene, ViewLayer | Updating Camera
Fra:1 Mem:9.63M (Peak 9.73M) | Time:00:00.00 | Mem:0.00M, Peak:0.00M | Scene, ViewLayer | Updating Meshes Flags
Fra:1 Mem:9.63M (Peak 9.73M) | Time:00:00.00 | Mem:0.00M, Peak:0.00M | Scene, ViewLayer | Updating Objects
Fra:1 Mem:9.63M (Peak 9.73M) | Time:00:00.00 | Mem:0.00M, Peak:0.00M | Scene, ViewLayer | Updating Objects | Copying Transformations to device
Fra:1 Mem:9.63M (Peak 9.73M) | Time:00:00.00 | Mem:0.00M, Peak:0.00M | Scene, ViewLayer | Updating Particle Systems
Fra:1 Mem:9.63M (Peak 9.73M) | Time:00:00.00 | Mem:0.00M, Peak:0.00M | Scene, ViewLayer | Updating Particle Systems | Copying Particles to device
Fra:1 Mem:9.63M (Peak 9.73M) | Time:00:00.00 | Mem:0.00M, Peak:0.00M | Scene, ViewLayer | Updating Meshes
Fra:1 Mem:9.63M (Peak 9.73M) | Time:00:00.00 | Mem:0.00M, Peak:0.00M | Scene, ViewLayer | Updating Objects | Applying Static Transformations
Fra:1 Mem:9.63M (Peak 9.73M) | Time:00:00.00 | Mem:0.00M, Peak:0.00M | Scene, ViewLayer | Updating Mesh | Computing attributes
Fra:1 Mem:9.73M (Peak 9.73M) | Time:00:00.00 | Mem:0.00M, Peak:0.00M | Scene, ViewLayer | Updating Mesh | Copying Attributes to device
Fra:1 Mem:9.73M (Peak 9.73M) | Time:00:00.00 | Mem:0.10M, Peak:0.10M | Scene, ViewLayer | Updating Scene BVH | Building
Fra:1 Mem:9.73M (Peak 9.73M) | Time:00:00.00 | Mem:0.10M, Peak:0.10M | Scene, ViewLayer | Updating Scene BVH | Building BVH
Fra:1 Mem:9.73M (Peak 9.73M) | Time:00:00.00 | Mem:0.16M, Peak:0.16M | Scene, ViewLayer | Updating Scene BVH | Building BVH 0%
Fra:1 Mem:9.73M (Peak 9.73M) | Time:00:00.00 | Mem:0.22M, Peak:0.28M | Scene, ViewLayer | Updating Scene BVH | Copying BVH to device
Fra:1 Mem:9.73M (Peak 9.73M) | Time:00:00.00 | Mem:0.22M, Peak:0.28M | Scene, ViewLayer | Updating Mesh | Computing normals
Fra:1 Mem:9.78M (Peak 9.78M) | Time:00:00.00 | Mem:0.22M, Peak:0.28M | Scene, ViewLayer | Updating Mesh | Copying Mesh to device
Fra:1 Mem:9.78M (Peak 9.78M) | Time:00:00.00 | Mem:0.27M, Peak:0.28M | Scene, ViewLayer | Updating Objects Flags
Fra:1 Mem:9.78M (Peak 9.78M) | Time:00:00.00 | Mem:0.27M, Peak:0.28M | Scene, ViewLayer | Updating Primitive Offsets
Fra:1 Mem:9.78M (Peak 9.78M) | Time:00:00.00 | Mem:0.27M, Peak:0.28M | Scene, ViewLayer | Updating Images
Fra:1 Mem:9.78M (Peak 9.78M) | Time:00:00.00 | Mem:0.27M, Peak:0.28M | Scene, ViewLayer | Updating Camera Volume
Fra:1 Mem:9.78M (Peak 9.78M) | Time:00:00.00 | Mem:0.27M, Peak:0.28M | Scene, ViewLayer | Updating Lookup Tables
Fra:1 Mem:9.78M (Peak 9.78M) | Time:00:00.00 | Mem:0.35M, Peak:0.35M | Scene, ViewLayer | Updating Lights
Fra:1 Mem:9.78M (Peak 9.78M) | Time:00:00.00 | Mem:0.35M, Peak:0.35M | Scene, ViewLayer | Updating Lights | Computing tree
Fra:1 Mem:9.78M (Peak 9.78M) | Time:00:00.00 | Mem:0.35M, Peak:0.35M | Scene, ViewLayer | Updating Integrator
Fra:1 Mem:9.78M (Peak 9.78M) | Time:00:00.00 | Mem:0.35M, Peak:0.35M | Scene, ViewLayer | Updating Film
Fra:1 Mem:9.78M (Peak 9.78M) | Time:00:00.00 | Mem:0.27M, Peak:0.35M | Scene, ViewLayer | Updating Lookup Tables
Fra:1 Mem:9.78M (Peak 9.78M) | Time:00:00.00 | Mem:0.36M, Peak:0.36M | Scene, ViewLayer | Updating Baking
Fra:1 Mem:9.78M (Peak 9.78M) | Time:00:00.00 | Mem:0.36M, Peak:0.36M | Scene, ViewLayer | Updating Device | Writing constant memory
Fra:1 Mem:9.78M (Peak 9.78M) | Time:00:00.00 | Mem:0.36M, Peak:0.36M | Scene, ViewLayer | Loading denoising kernels (may take a few minutes the first time)
Fra:1 Mem:9.78M (Peak 9.78M) | Time:00:00.00 | Mem:0.36M, Peak:0.36M | Scene, ViewLayer | Sample 0/20
Fra:1 Mem:51.55M (Peak 51.55M) | Time:00:00.18 | Remaining:00:03.45 | Mem:42.10M, Peak:42.10M | Scene, ViewLayer | Sample 1/20
Fra:1 Mem:69.13M (Peak 95.50M) | Time:00:10.17 | Mem:42.10M, Peak:42.10M | Scene, ViewLayer | Sample 20/20
Fra:1 Mem:69.13M (Peak 95.50M) | Time:00:10.17 | Mem:42.10M, Peak:42.10M | Scene, ViewLayer | Finished
Saved: '/workspace/scratch/a29d03198654/Aether/cloud-evidence/cloudsea52h-c-source-v0-20261001T094300Z-wc1ecaf4/images/sea52h-c-main-0-top.png'
Time: 00:10.24 (Saving: 00:00.06)


Blender quit
