Blender 4.5.14 LTS (hash 62c1db4208e8 built 2026-09-15 01:31:19)
Read blend: "/workspace/scratch/a29d03198654/Aether/source-assets/cloud-sea52e/cloud_sea52e.blend"
Fra:1 Mem:13.62M (Peak 13.62M) | Time:00:00.00 | Mem:0.00M, Peak:0.00M | Scene, ViewLayer | Synchronizing object | CloudSea52e_v1_main_ridge
Fra:1 Mem:13.62M (Peak 13.62M) | Time:00:00.00 | Mem:0.00M, Peak:0.00M | Scene, ViewLayer | Synchronizing object | CloudSea52e_v1_low_tail
Fra:1 Mem:13.62M (Peak 13.62M) | Time:00:00.00 | Mem:0.00M, Peak:0.00M | Scene, ViewLayer | Synchronizing object | Sun
Fra:1 Mem:13.95M (Peak 13.95M) | Time:00:00.00 | Mem:0.00M, Peak:0.00M | Scene, ViewLayer | Initializing
Fra:1 Mem:13.69M (Peak 13.95M) | Time:00:00.00 | Mem:0.00M, Peak:0.00M | Scene, ViewLayer | Waiting for render to start
Fra:1 Mem:13.69M (Peak 13.95M) | Time:00:00.00 | Mem:0.00M, Peak:0.00M | Scene, ViewLayer | Updating Scene
Fra:1 Mem:13.69M (Peak 13.95M) | Time:00:00.00 | Mem:0.00M, Peak:0.00M | Scene, ViewLayer | Updating Shaders
Fra:1 Mem:13.69M (Peak 13.95M) | Time:00:00.00 | Mem:0.00M, Peak:0.00M | Scene, ViewLayer | Loading render kernels (may take a few minutes the first time)
Fra:1 Mem:13.77M (Peak 13.95M) | Time:00:00.00 | Mem:0.00M, Peak:0.00M | Scene, ViewLayer | Updating Procedurals
Fra:1 Mem:13.77M (Peak 13.95M) | Time:00:00.00 | Mem:0.00M, Peak:0.00M | Scene, ViewLayer | Updating Background
Fra:1 Mem:13.77M (Peak 13.95M) | Time:00:00.00 | Mem:0.00M, Peak:0.00M | Scene, ViewLayer | Updating Camera
Fra:1 Mem:13.77M (Peak 13.95M) | Time:00:00.00 | Mem:0.00M, Peak:0.00M | Scene, ViewLayer | Updating Meshes Flags
Fra:1 Mem:13.77M (Peak 13.95M) | Time:00:00.00 | Mem:0.00M, Peak:0.00M | Scene, ViewLayer | Updating Objects
Fra:1 Mem:13.77M (Peak 13.95M) | Time:00:00.00 | Mem:0.00M, Peak:0.00M | Scene, ViewLayer | Updating Objects | Copying Transformations to device
Fra:1 Mem:13.77M (Peak 13.95M) | Time:00:00.00 | Mem:0.00M, Peak:0.00M | Scene, ViewLayer | Updating Particle Systems
Fra:1 Mem:13.77M (Peak 13.95M) | Time:00:00.00 | Mem:0.00M, Peak:0.00M | Scene, ViewLayer | Updating Particle Systems | Copying Particles to device
Fra:1 Mem:13.77M (Peak 13.95M) | Time:00:00.00 | Mem:0.00M, Peak:0.00M | Scene, ViewLayer | Updating Meshes
Fra:1 Mem:13.77M (Peak 13.95M) | Time:00:00.00 | Mem:0.00M, Peak:0.00M | Scene, ViewLayer | Updating Objects | Applying Static Transformations
Fra:1 Mem:13.77M (Peak 13.95M) | Time:00:00.00 | Mem:0.00M, Peak:0.00M | Scene, ViewLayer | Updating Mesh | Computing attributes
Fra:1 Mem:13.90M (Peak 13.95M) | Time:00:00.00 | Mem:0.00M, Peak:0.00M | Scene, ViewLayer | Updating Mesh | Copying Attributes to device
Fra:1 Mem:13.90M (Peak 13.95M) | Time:00:00.00 | Mem:0.13M, Peak:0.13M | Scene, ViewLayer | Updating Scene BVH | Building
Fra:1 Mem:13.90M (Peak 13.95M) | Time:00:00.00 | Mem:0.13M, Peak:0.13M | Scene, ViewLayer | Updating Scene BVH | Building BVH
Fra:1 Mem:13.90M (Peak 13.95M) | Time:00:00.00 | Mem:0.21M, Peak:0.21M | Scene, ViewLayer | Updating Scene BVH | Building BVH 0%
Fra:1 Mem:13.90M (Peak 13.95M) | Time:00:00.00 | Mem:0.30M, Peak:0.37M | Scene, ViewLayer | Updating Scene BVH | Copying BVH to device
Fra:1 Mem:13.90M (Peak 13.95M) | Time:00:00.00 | Mem:0.30M, Peak:0.37M | Scene, ViewLayer | Updating Mesh | Computing normals
Fra:1 Mem:13.97M (Peak 13.97M) | Time:00:00.00 | Mem:0.30M, Peak:0.37M | Scene, ViewLayer | Updating Mesh | Copying Mesh to device
Fra:1 Mem:13.97M (Peak 13.97M) | Time:00:00.00 | Mem:0.36M, Peak:0.37M | Scene, ViewLayer | Updating Objects Flags
Fra:1 Mem:13.97M (Peak 13.97M) | Time:00:00.00 | Mem:0.36M, Peak:0.37M | Scene, ViewLayer | Updating Primitive Offsets
Fra:1 Mem:13.97M (Peak 13.97M) | Time:00:00.00 | Mem:0.36M, Peak:0.37M | Scene, ViewLayer | Updating Images
Fra:1 Mem:13.97M (Peak 13.97M) | Time:00:00.00 | Mem:0.36M, Peak:0.37M | Scene, ViewLayer | Updating Camera Volume
Fra:1 Mem:13.97M (Peak 13.97M) | Time:00:00.00 | Mem:0.36M, Peak:0.37M | Scene, ViewLayer | Updating Lookup Tables
Fra:1 Mem:13.97M (Peak 13.97M) | Time:00:00.00 | Mem:0.44M, Peak:0.44M | Scene, ViewLayer | Updating Lights
Fra:1 Mem:13.97M (Peak 13.97M) | Time:00:00.00 | Mem:0.44M, Peak:0.44M | Scene, ViewLayer | Updating Lights | Computing tree
Fra:1 Mem:13.97M (Peak 13.97M) | Time:00:00.00 | Mem:0.44M, Peak:0.44M | Scene, ViewLayer | Updating Integrator
Fra:1 Mem:13.97M (Peak 13.97M) | Time:00:00.00 | Mem:0.44M, Peak:0.44M | Scene, ViewLayer | Updating Film
Fra:1 Mem:13.97M (Peak 13.97M) | Time:00:00.00 | Mem:0.36M, Peak:0.44M | Scene, ViewLayer | Updating Lookup Tables
Fra:1 Mem:13.97M (Peak 13.97M) | Time:00:00.00 | Mem:0.45M, Peak:0.45M | Scene, ViewLayer | Updating Baking
Fra:1 Mem:13.97M (Peak 13.97M) | Time:00:00.00 | Mem:0.45M, Peak:0.45M | Scene, ViewLayer | Updating Device | Writing constant memory
Fra:1 Mem:13.98M (Peak 13.98M) | Time:00:00.00 | Mem:0.45M, Peak:0.45M | Scene, ViewLayer | Loading denoising kernels (may take a few minutes the first time)
Fra:1 Mem:13.98M (Peak 13.98M) | Time:00:00.00 | Mem:0.45M, Peak:0.45M | Scene, ViewLayer | Sample 0/20
Fra:1 Mem:55.77M (Peak 55.77M) | Time:00:00.06 | Remaining:00:01.24 | Mem:42.20M, Peak:42.20M | Scene, ViewLayer | Sample 1/20
Fra:1 Mem:73.35M (Peak 99.72M) | Time:00:04.34 | Mem:42.20M, Peak:42.20M | Scene, ViewLayer | Sample 20/20
Fra:1 Mem:73.35M (Peak 99.72M) | Time:00:04.34 | Mem:42.20M, Peak:42.20M | Scene, ViewLayer | Finished
Saved: '/workspace/scratch/a29d03198654/Aether/cloud-evidence/cloudsea52e-source-v1-20261001T045017Z-_r17cdvc/images/sea52e-1-front.png'
Time: 00:04.46 (Saving: 00:00.11)

Fra:1 Mem:13.74M (Peak 13.74M) | Time:00:00.00 | Mem:0.00M, Peak:0.00M | Scene, ViewLayer | Synchronizing object | CloudSea52e_v1_main_ridge
Fra:1 Mem:13.77M (Peak 13.77M) | Time:00:00.00 | Mem:0.00M, Peak:0.00M | Scene, ViewLayer | Synchronizing object | Sun
Fra:1 Mem:13.84M (Peak 13.84M) | Time:00:00.00 | Mem:0.00M, Peak:0.00M | Scene, ViewLayer | Synchronizing object | CloudSea52e_v1_low_tail
Fra:1 Mem:13.95M (Peak 13.95M) | Time:00:00.00 | Mem:0.00M, Peak:0.00M | Scene, ViewLayer | Initializing
Fra:1 Mem:13.69M (Peak 13.95M) | Time:00:00.00 | Mem:0.00M, Peak:0.00M | Scene, ViewLayer | Waiting for render to start
Fra:1 Mem:13.69M (Peak 13.95M) | Time:00:00.00 | Mem:0.00M, Peak:0.00M | Scene, ViewLayer | Updating Scene
Fra:1 Mem:13.69M (Peak 13.95M) | Time:00:00.00 | Mem:0.00M, Peak:0.00M | Scene, ViewLayer | Updating Shaders
Fra:1 Mem:13.69M (Peak 13.95M) | Time:00:00.00 | Mem:0.00M, Peak:0.00M | Scene, ViewLayer | Loading render kernels (may take a few minutes the first time)
Fra:1 Mem:13.77M (Peak 13.95M) | Time:00:00.00 | Mem:0.00M, Peak:0.00M | Scene, ViewLayer | Updating Procedurals
Fra:1 Mem:13.77M (Peak 13.95M) | Time:00:00.00 | Mem:0.00M, Peak:0.00M | Scene, ViewLayer | Updating Background
Fra:1 Mem:13.77M (Peak 13.95M) | Time:00:00.00 | Mem:0.00M, Peak:0.00M | Scene, ViewLayer | Updating Camera
Fra:1 Mem:13.77M (Peak 13.95M) | Time:00:00.00 | Mem:0.00M, Peak:0.00M | Scene, ViewLayer | Updating Meshes Flags
Fra:1 Mem:13.77M (Peak 13.95M) | Time:00:00.00 | Mem:0.00M, Peak:0.00M | Scene, ViewLayer | Updating Objects
Fra:1 Mem:13.77M (Peak 13.95M) | Time:00:00.00 | Mem:0.00M, Peak:0.00M | Scene, ViewLayer | Updating Objects | Copying Transformations to device
Fra:1 Mem:13.77M (Peak 13.95M) | Time:00:00.00 | Mem:0.00M, Peak:0.00M | Scene, ViewLayer | Updating Particle Systems
Fra:1 Mem:13.77M (Peak 13.95M) | Time:00:00.00 | Mem:0.00M, Peak:0.00M | Scene, ViewLayer | Updating Particle Systems | Copying Particles to device
Fra:1 Mem:13.77M (Peak 13.95M) | Time:00:00.00 | Mem:0.00M, Peak:0.00M | Scene, ViewLayer | Updating Meshes
Fra:1 Mem:13.77M (Peak 13.95M) | Time:00:00.00 | Mem:0.00M, Peak:0.00M | Scene, ViewLayer | Updating Objects | Applying Static Transformations
Fra:1 Mem:13.77M (Peak 13.95M) | Time:00:00.00 | Mem:0.00M, Peak:0.00M | Scene, ViewLayer | Updating Mesh | Computing attributes
Fra:1 Mem:13.90M (Peak 13.95M) | Time:00:00.00 | Mem:0.00M, Peak:0.00M | Scene, ViewLayer | Updating Mesh | Copying Attributes to device
Fra:1 Mem:13.90M (Peak 13.95M) | Time:00:00.00 | Mem:0.13M, Peak:0.13M | Scene, ViewLayer | Updating Scene BVH | Building
Fra:1 Mem:13.90M (Peak 13.95M) | Time:00:00.00 | Mem:0.13M, Peak:0.13M | Scene, ViewLayer | Updating Scene BVH | Building BVH
Fra:1 Mem:13.90M (Peak 13.95M) | Time:00:00.00 | Mem:0.21M, Peak:0.21M | Scene, ViewLayer | Updating Scene BVH | Building BVH 0%
Fra:1 Mem:13.90M (Peak 13.95M) | Time:00:00.00 | Mem:0.30M, Peak:0.37M | Scene, ViewLayer | Updating Scene BVH | Copying BVH to device
Fra:1 Mem:13.90M (Peak 13.95M) | Time:00:00.00 | Mem:0.30M, Peak:0.37M | Scene, ViewLayer | Updating Mesh | Computing normals
Fra:1 Mem:13.97M (Peak 13.97M) | Time:00:00.00 | Mem:0.30M, Peak:0.37M | Scene, ViewLayer | Updating Mesh | Copying Mesh to device
Fra:1 Mem:13.97M (Peak 13.97M) | Time:00:00.00 | Mem:0.36M, Peak:0.37M | Scene, ViewLayer | Updating Objects Flags
Fra:1 Mem:13.97M (Peak 13.97M) | Time:00:00.00 | Mem:0.36M, Peak:0.37M | Scene, ViewLayer | Updating Primitive Offsets
Fra:1 Mem:13.97M (Peak 13.97M) | Time:00:00.00 | Mem:0.36M, Peak:0.37M | Scene, ViewLayer | Updating Images
Fra:1 Mem:13.97M (Peak 13.97M) | Time:00:00.00 | Mem:0.36M, Peak:0.37M | Scene, ViewLayer | Updating Camera Volume
Fra:1 Mem:13.97M (Peak 13.97M) | Time:00:00.00 | Mem:0.36M, Peak:0.37M | Scene, ViewLayer | Updating Lookup Tables
Fra:1 Mem:13.97M (Peak 13.97M) | Time:00:00.00 | Mem:0.44M, Peak:0.44M | Scene, ViewLayer | Updating Lights
Fra:1 Mem:13.97M (Peak 13.97M) | Time:00:00.00 | Mem:0.44M, Peak:0.44M | Scene, ViewLayer | Updating Lights | Computing tree
Fra:1 Mem:13.97M (Peak 13.97M) | Time:00:00.00 | Mem:0.44M, Peak:0.44M | Scene, ViewLayer | Updating Integrator
Fra:1 Mem:13.97M (Peak 13.97M) | Time:00:00.00 | Mem:0.44M, Peak:0.44M | Scene, ViewLayer | Updating Film
Fra:1 Mem:13.97M (Peak 13.97M) | Time:00:00.00 | Mem:0.36M, Peak:0.44M | Scene, ViewLayer | Updating Lookup Tables
Fra:1 Mem:13.97M (Peak 13.97M) | Time:00:00.00 | Mem:0.45M, Peak:0.45M | Scene, ViewLayer | Updating Baking
Fra:1 Mem:13.97M (Peak 13.97M) | Time:00:00.00 | Mem:0.45M, Peak:0.45M | Scene, ViewLayer | Updating Device | Writing constant memory
Fra:1 Mem:13.98M (Peak 13.98M) | Time:00:00.00 | Mem:0.45M, Peak:0.45M | Scene, ViewLayer | Loading denoising kernels (may take a few minutes the first time)
Fra:1 Mem:13.98M (Peak 13.98M) | Time:00:00.00 | Mem:0.45M, Peak:0.45M | Scene, ViewLayer | Sample 0/20
Fra:1 Mem:55.77M (Peak 55.77M) | Time:00:00.05 | Remaining:00:01.01 | Mem:42.20M, Peak:42.20M | Scene, ViewLayer | Sample 1/20
Fra:1 Mem:73.35M (Peak 99.72M) | Time:00:04.12 | Mem:42.20M, Peak:42.20M | Scene, ViewLayer | Sample 20/20
Fra:1 Mem:73.35M (Peak 99.72M) | Time:00:04.12 | Mem:42.20M, Peak:42.20M | Scene, ViewLayer | Finished
Saved: '/workspace/scratch/a29d03198654/Aether/cloud-evidence/cloudsea52e-source-v1-20261001T045017Z-_r17cdvc/images/sea52e-1-back.png'
Time: 00:04.18 (Saving: 00:00.05)

Fra:1 Mem:13.74M (Peak 13.74M) | Time:00:00.00 | Mem:0.00M, Peak:0.00M | Scene, ViewLayer | Synchronizing object | CloudSea52e_v1_main_ridge
Fra:1 Mem:13.83M (Peak 13.83M) | Time:00:00.00 | Mem:0.00M, Peak:0.00M | Scene, ViewLayer | Synchronizing object | CloudSea52e_v1_low_tail
Fra:1 Mem:13.83M (Peak 13.83M) | Time:00:00.00 | Mem:0.00M, Peak:0.00M | Scene, ViewLayer | Synchronizing object | Sun
Fra:1 Mem:13.95M (Peak 13.95M) | Time:00:00.00 | Mem:0.00M, Peak:0.00M | Scene, ViewLayer | Initializing
Fra:1 Mem:13.69M (Peak 13.95M) | Time:00:00.00 | Mem:0.00M, Peak:0.00M | Scene, ViewLayer | Waiting for render to start
Fra:1 Mem:13.69M (Peak 13.95M) | Time:00:00.00 | Mem:0.00M, Peak:0.00M | Scene, ViewLayer | Updating Scene
Fra:1 Mem:13.69M (Peak 13.95M) | Time:00:00.00 | Mem:0.00M, Peak:0.00M | Scene, ViewLayer | Updating Shaders
Fra:1 Mem:13.69M (Peak 13.95M) | Time:00:00.00 | Mem:0.00M, Peak:0.00M | Scene, ViewLayer | Loading render kernels (may take a few minutes the first time)
Fra:1 Mem:13.77M (Peak 13.95M) | Time:00:00.00 | Mem:0.00M, Peak:0.00M | Scene, ViewLayer | Updating Procedurals
Fra:1 Mem:13.77M (Peak 13.95M) | Time:00:00.00 | Mem:0.00M, Peak:0.00M | Scene, ViewLayer | Updating Background
Fra:1 Mem:13.77M (Peak 13.95M) | Time:00:00.00 | Mem:0.00M, Peak:0.00M | Scene, ViewLayer | Updating Camera
Fra:1 Mem:13.77M (Peak 13.95M) | Time:00:00.00 | Mem:0.00M, Peak:0.00M | Scene, ViewLayer | Updating Meshes Flags
Fra:1 Mem:13.77M (Peak 13.95M) | Time:00:00.00 | Mem:0.00M, Peak:0.00M | Scene, ViewLayer | Updating Objects
Fra:1 Mem:13.77M (Peak 13.95M) | Time:00:00.00 | Mem:0.00M, Peak:0.00M | Scene, ViewLayer | Updating Objects | Copying Transformations to device
Fra:1 Mem:13.77M (Peak 13.95M) | Time:00:00.00 | Mem:0.00M, Peak:0.00M | Scene, ViewLayer | Updating Particle Systems
Fra:1 Mem:13.77M (Peak 13.95M) | Time:00:00.00 | Mem:0.00M, Peak:0.00M | Scene, ViewLayer | Updating Particle Systems | Copying Particles to device
Fra:1 Mem:13.77M (Peak 13.95M) | Time:00:00.00 | Mem:0.00M, Peak:0.00M | Scene, ViewLayer | Updating Meshes
Fra:1 Mem:13.77M (Peak 13.95M) | Time:00:00.00 | Mem:0.00M, Peak:0.00M | Scene, ViewLayer | Updating Objects | Applying Static Transformations
Fra:1 Mem:13.77M (Peak 13.95M) | Time:00:00.00 | Mem:0.00M, Peak:0.00M | Scene, ViewLayer | Updating Mesh | Computing attributes
Fra:1 Mem:13.90M (Peak 13.95M) | Time:00:00.00 | Mem:0.00M, Peak:0.00M | Scene, ViewLayer | Updating Mesh | Copying Attributes to device
Fra:1 Mem:13.90M (Peak 13.95M) | Time:00:00.00 | Mem:0.13M, Peak:0.13M | Scene, ViewLayer | Updating Scene BVH | Building
Fra:1 Mem:13.90M (Peak 13.95M) | Time:00:00.00 | Mem:0.13M, Peak:0.13M | Scene, ViewLayer | Updating Scene BVH | Building BVH
Fra:1 Mem:13.90M (Peak 13.95M) | Time:00:00.00 | Mem:0.21M, Peak:0.21M | Scene, ViewLayer | Updating Scene BVH | Building BVH 0%
Fra:1 Mem:13.90M (Peak 13.95M) | Time:00:00.00 | Mem:0.30M, Peak:0.37M | Scene, ViewLayer | Updating Scene BVH | Copying BVH to device
Fra:1 Mem:13.90M (Peak 13.95M) | Time:00:00.00 | Mem:0.30M, Peak:0.37M | Scene, ViewLayer | Updating Mesh | Computing normals
Fra:1 Mem:13.97M (Peak 13.97M) | Time:00:00.00 | Mem:0.30M, Peak:0.37M | Scene, ViewLayer | Updating Mesh | Copying Mesh to device
Fra:1 Mem:13.97M (Peak 13.97M) | Time:00:00.00 | Mem:0.36M, Peak:0.37M | Scene, ViewLayer | Updating Objects Flags
Fra:1 Mem:13.97M (Peak 13.97M) | Time:00:00.00 | Mem:0.36M, Peak:0.37M | Scene, ViewLayer | Updating Primitive Offsets
Fra:1 Mem:13.97M (Peak 13.97M) | Time:00:00.00 | Mem:0.36M, Peak:0.37M | Scene, ViewLayer | Updating Images
Fra:1 Mem:13.97M (Peak 13.97M) | Time:00:00.00 | Mem:0.36M, Peak:0.37M | Scene, ViewLayer | Updating Camera Volume
Fra:1 Mem:13.97M (Peak 13.97M) | Time:00:00.00 | Mem:0.36M, Peak:0.37M | Scene, ViewLayer | Updating Lookup Tables
Fra:1 Mem:13.97M (Peak 13.97M) | Time:00:00.00 | Mem:0.44M, Peak:0.44M | Scene, ViewLayer | Updating Lights
Fra:1 Mem:13.97M (Peak 13.97M) | Time:00:00.00 | Mem:0.44M, Peak:0.44M | Scene, ViewLayer | Updating Lights | Computing tree
Fra:1 Mem:13.97M (Peak 13.97M) | Time:00:00.00 | Mem:0.44M, Peak:0.44M | Scene, ViewLayer | Updating Integrator
Fra:1 Mem:13.97M (Peak 13.97M) | Time:00:00.00 | Mem:0.44M, Peak:0.44M | Scene, ViewLayer | Updating Film
Fra:1 Mem:13.97M (Peak 13.97M) | Time:00:00.00 | Mem:0.36M, Peak:0.44M | Scene, ViewLayer | Updating Lookup Tables
Fra:1 Mem:13.97M (Peak 13.97M) | Time:00:00.00 | Mem:0.45M, Peak:0.45M | Scene, ViewLayer | Updating Baking
Fra:1 Mem:13.97M (Peak 13.97M) | Time:00:00.00 | Mem:0.45M, Peak:0.45M | Scene, ViewLayer | Updating Device | Writing constant memory
Fra:1 Mem:13.98M (Peak 13.98M) | Time:00:00.00 | Mem:0.45M, Peak:0.45M | Scene, ViewLayer | Loading denoising kernels (may take a few minutes the first time)
Fra:1 Mem:13.98M (Peak 13.98M) | Time:00:00.00 | Mem:0.45M, Peak:0.45M | Scene, ViewLayer | Sample 0/20
Fra:1 Mem:55.77M (Peak 55.77M) | Time:00:00.05 | Remaining:00:01.07 | Mem:42.20M, Peak:42.20M | Scene, ViewLayer | Sample 1/20
Fra:1 Mem:73.35M (Peak 99.72M) | Time:00:04.76 | Mem:42.20M, Peak:42.20M | Scene, ViewLayer | Sample 20/20
Fra:1 Mem:73.35M (Peak 99.72M) | Time:00:04.76 | Mem:42.20M, Peak:42.20M | Scene, ViewLayer | Finished
Saved: '/workspace/scratch/a29d03198654/Aether/cloud-evidence/cloudsea52e-source-v1-20261001T045017Z-_r17cdvc/images/sea52e-1-side.png'
Time: 00:04.82 (Saving: 00:00.05)

Fra:1 Mem:13.74M (Peak 13.74M) | Time:00:00.00 | Mem:0.00M, Peak:0.00M | Scene, ViewLayer | Synchronizing object | CloudSea52e_v1_main_ridge
Fra:1 Mem:13.74M (Peak 13.74M) | Time:00:00.00 | Mem:0.00M, Peak:0.00M | Scene, ViewLayer | Synchronizing object | Sun
Fra:1 Mem:13.95M (Peak 13.95M) | Time:00:00.00 | Mem:0.00M, Peak:0.00M | Scene, ViewLayer | Initializing
Fra:1 Mem:13.69M (Peak 13.95M) | Time:00:00.00 | Mem:0.00M, Peak:0.00M | Scene, ViewLayer | Waiting for render to start
Fra:1 Mem:13.69M (Peak 13.95M) | Time:00:00.00 | Mem:0.00M, Peak:0.00M | Scene, ViewLayer | Updating Scene
Fra:1 Mem:13.69M (Peak 13.95M) | Time:00:00.00 | Mem:0.00M, Peak:0.00M | Scene, ViewLayer | Updating Shaders
Fra:1 Mem:13.69M (Peak 13.95M) | Time:00:00.00 | Mem:0.00M, Peak:0.00M | Scene, ViewLayer | Loading render kernels (may take a few minutes the first time)
Fra:1 Mem:13.77M (Peak 13.95M) | Time:00:00.00 | Mem:0.00M, Peak:0.00M | Scene, ViewLayer | Updating Procedurals
Fra:1 Mem:13.77M (Peak 13.95M) | Time:00:00.00 | Mem:0.00M, Peak:0.00M | Scene, ViewLayer | Updating Background
Fra:1 Mem:13.77M (Peak 13.95M) | Time:00:00.00 | Mem:0.00M, Peak:0.00M | Scene, ViewLayer | Updating Camera
Fra:1 Mem:13.77M (Peak 13.95M) | Time:00:00.00 | Mem:0.00M, Peak:0.00M | Scene, ViewLayer | Updating Meshes Flags
Fra:1 Mem:13.77M (Peak 13.95M) | Time:00:00.00 | Mem:0.00M, Peak:0.00M | Scene, ViewLayer | Updating Objects
Fra:1 Mem:13.77M (Peak 13.95M) | Time:00:00.00 | Mem:0.00M, Peak:0.00M | Scene, ViewLayer | Updating Objects | Copying Transformations to device
Fra:1 Mem:13.77M (Peak 13.95M) | Time:00:00.00 | Mem:0.00M, Peak:0.00M | Scene, ViewLayer | Updating Particle Systems
Fra:1 Mem:13.77M (Peak 13.95M) | Time:00:00.00 | Mem:0.00M, Peak:0.00M | Scene, ViewLayer | Updating Particle Systems | Copying Particles to device
Fra:1 Mem:13.77M (Peak 13.95M) | Time:00:00.00 | Mem:0.00M, Peak:0.00M | Scene, ViewLayer | Updating Meshes
Fra:1 Mem:13.77M (Peak 13.95M) | Time:00:00.00 | Mem:0.00M, Peak:0.00M | Scene, ViewLayer | Updating Objects | Applying Static Transformations
Fra:1 Mem:13.77M (Peak 13.95M) | Time:00:00.00 | Mem:0.00M, Peak:0.00M | Scene, ViewLayer | Updating Mesh | Computing attributes
Fra:1 Mem:13.90M (Peak 13.95M) | Time:00:00.00 | Mem:0.00M, Peak:0.00M | Scene, ViewLayer | Updating Mesh | Copying Attributes to device
Fra:1 Mem:13.90M (Peak 13.95M) | Time:00:00.00 | Mem:0.13M, Peak:0.13M | Scene, ViewLayer | Updating Scene BVH | Building
Fra:1 Mem:13.90M (Peak 13.95M) | Time:00:00.00 | Mem:0.13M, Peak:0.13M | Scene, ViewLayer | Updating Scene BVH | Building BVH
Fra:1 Mem:13.90M (Peak 13.95M) | Time:00:00.00 | Mem:0.21M, Peak:0.21M | Scene, ViewLayer | Updating Scene BVH | Building BVH 0%
Fra:1 Mem:13.90M (Peak 13.95M) | Time:00:00.00 | Mem:0.30M, Peak:0.37M | Scene, ViewLayer | Updating Scene BVH | Copying BVH to device
Fra:1 Mem:13.90M (Peak 13.95M) | Time:00:00.00 | Mem:0.30M, Peak:0.37M | Scene, ViewLayer | Updating Mesh | Computing normals
Fra:1 Mem:13.97M (Peak 13.97M) | Time:00:00.00 | Mem:0.30M, Peak:0.37M | Scene, ViewLayer | Updating Mesh | Copying Mesh to device
Fra:1 Mem:13.97M (Peak 13.97M) | Time:00:00.00 | Mem:0.36M, Peak:0.37M | Scene, ViewLayer | Updating Objects Flags
Fra:1 Mem:13.97M (Peak 13.97M) | Time:00:00.00 | Mem:0.36M, Peak:0.37M | Scene, ViewLayer | Updating Primitive Offsets
Fra:1 Mem:13.97M (Peak 13.97M) | Time:00:00.00 | Mem:0.36M, Peak:0.37M | Scene, ViewLayer | Updating Images
Fra:1 Mem:13.97M (Peak 13.97M) | Time:00:00.00 | Mem:0.36M, Peak:0.37M | Scene, ViewLayer | Updating Camera Volume
Fra:1 Mem:13.97M (Peak 13.97M) | Time:00:00.00 | Mem:0.36M, Peak:0.37M | Scene, ViewLayer | Updating Lookup Tables
Fra:1 Mem:13.97M (Peak 13.97M) | Time:00:00.00 | Mem:0.44M, Peak:0.44M | Scene, ViewLayer | Updating Lights
Fra:1 Mem:13.97M (Peak 13.97M) | Time:00:00.00 | Mem:0.44M, Peak:0.44M | Scene, ViewLayer | Updating Lights | Computing tree
Fra:1 Mem:13.97M (Peak 13.97M) | Time:00:00.00 | Mem:0.44M, Peak:0.44M | Scene, ViewLayer | Updating Integrator
Fra:1 Mem:13.97M (Peak 13.97M) | Time:00:00.00 | Mem:0.44M, Peak:0.44M | Scene, ViewLayer | Updating Film
Fra:1 Mem:13.97M (Peak 13.97M) | Time:00:00.00 | Mem:0.36M, Peak:0.44M | Scene, ViewLayer | Updating Lookup Tables
Fra:1 Mem:13.97M (Peak 13.97M) | Time:00:00.00 | Mem:0.45M, Peak:0.45M | Scene, ViewLayer | Updating Baking
Fra:1 Mem:13.97M (Peak 13.97M) | Time:00:00.00 | Mem:0.45M, Peak:0.45M | Scene, ViewLayer | Updating Device | Writing constant memory
Fra:1 Mem:13.98M (Peak 13.98M) | Time:00:00.00 | Mem:0.45M, Peak:0.45M | Scene, ViewLayer | Loading denoising kernels (may take a few minutes the first time)
Fra:1 Mem:13.98M (Peak 13.98M) | Time:00:00.00 | Mem:0.45M, Peak:0.45M | Scene, ViewLayer | Sample 0/20
Fra:1 Mem:55.77M (Peak 55.77M) | Time:00:00.06 | Remaining:00:01.26 | Mem:42.20M, Peak:42.20M | Scene, ViewLayer | Sample 1/20
Fra:1 Mem:73.35M (Peak 99.72M) | Time:00:04.37 | Mem:42.20M, Peak:42.20M | Scene, ViewLayer | Sample 20/20
Fra:1 Mem:73.35M (Peak 99.72M) | Time:00:04.37 | Mem:42.20M, Peak:42.20M | Scene, ViewLayer | Finished
Saved: '/workspace/scratch/a29d03198654/Aether/cloud-evidence/cloudsea52e-source-v1-20261001T045017Z-_r17cdvc/images/sea52e-1-underside.png'
Time: 00:04.42 (Saving: 00:00.05)

Fra:1 Mem:13.74M (Peak 13.74M) | Time:00:00.00 | Mem:0.00M, Peak:0.00M | Scene, ViewLayer | Synchronizing object | CloudSea52e_v1_main_ridge
Fra:1 Mem:13.74M (Peak 13.74M) | Time:00:00.00 | Mem:0.00M, Peak:0.00M | Scene, ViewLayer | Synchronizing object | Sun
Fra:1 Mem:13.95M (Peak 13.95M) | Time:00:00.00 | Mem:0.00M, Peak:0.00M | Scene, ViewLayer | Initializing
Fra:1 Mem:13.69M (Peak 13.95M) | Time:00:00.00 | Mem:0.00M, Peak:0.00M | Scene, ViewLayer | Waiting for render to start
Fra:1 Mem:13.69M (Peak 13.95M) | Time:00:00.00 | Mem:0.00M, Peak:0.00M | Scene, ViewLayer | Updating Scene
Fra:1 Mem:13.69M (Peak 13.95M) | Time:00:00.00 | Mem:0.00M, Peak:0.00M | Scene, ViewLayer | Updating Shaders
Fra:1 Mem:13.69M (Peak 13.95M) | Time:00:00.00 | Mem:0.00M, Peak:0.00M | Scene, ViewLayer | Loading render kernels (may take a few minutes the first time)
Fra:1 Mem:13.77M (Peak 13.95M) | Time:00:00.00 | Mem:0.00M, Peak:0.00M | Scene, ViewLayer | Updating Procedurals
Fra:1 Mem:13.77M (Peak 13.95M) | Time:00:00.00 | Mem:0.00M, Peak:0.00M | Scene, ViewLayer | Updating Background
Fra:1 Mem:13.77M (Peak 13.95M) | Time:00:00.00 | Mem:0.00M, Peak:0.00M | Scene, ViewLayer | Updating Camera
Fra:1 Mem:13.77M (Peak 13.95M) | Time:00:00.00 | Mem:0.00M, Peak:0.00M | Scene, ViewLayer | Updating Meshes Flags
Fra:1 Mem:13.77M (Peak 13.95M) | Time:00:00.00 | Mem:0.00M, Peak:0.00M | Scene, ViewLayer | Updating Objects
Fra:1 Mem:13.77M (Peak 13.95M) | Time:00:00.00 | Mem:0.00M, Peak:0.00M | Scene, ViewLayer | Updating Objects | Copying Transformations to device
Fra:1 Mem:13.77M (Peak 13.95M) | Time:00:00.00 | Mem:0.00M, Peak:0.00M | Scene, ViewLayer | Updating Particle Systems
Fra:1 Mem:13.77M (Peak 13.95M) | Time:00:00.00 | Mem:0.00M, Peak:0.00M | Scene, ViewLayer | Updating Particle Systems | Copying Particles to device
Fra:1 Mem:13.77M (Peak 13.95M) | Time:00:00.00 | Mem:0.00M, Peak:0.00M | Scene, ViewLayer | Updating Meshes
Fra:1 Mem:13.77M (Peak 13.95M) | Time:00:00.00 | Mem:0.00M, Peak:0.00M | Scene, ViewLayer | Updating Objects | Applying Static Transformations
Fra:1 Mem:13.77M (Peak 13.95M) | Time:00:00.00 | Mem:0.00M, Peak:0.00M | Scene, ViewLayer | Updating Mesh | Computing attributes
Fra:1 Mem:13.90M (Peak 13.95M) | Time:00:00.00 | Mem:0.00M, Peak:0.00M | Scene, ViewLayer | Updating Mesh | Copying Attributes to device
Fra:1 Mem:13.90M (Peak 13.95M) | Time:00:00.00 | Mem:0.13M, Peak:0.13M | Scene, ViewLayer | Updating Scene BVH | Building
Fra:1 Mem:13.90M (Peak 13.95M) | Time:00:00.00 | Mem:0.13M, Peak:0.13M | Scene, ViewLayer | Updating Scene BVH | Building BVH
Fra:1 Mem:13.90M (Peak 13.95M) | Time:00:00.00 | Mem:0.21M, Peak:0.21M | Scene, ViewLayer | Updating Scene BVH | Building BVH 0%
Fra:1 Mem:13.90M (Peak 13.95M) | Time:00:00.00 | Mem:0.30M, Peak:0.37M | Scene, ViewLayer | Updating Scene BVH | Copying BVH to device
Fra:1 Mem:13.90M (Peak 13.95M) | Time:00:00.00 | Mem:0.30M, Peak:0.37M | Scene, ViewLayer | Updating Mesh | Computing normals
Fra:1 Mem:13.97M (Peak 13.97M) | Time:00:00.00 | Mem:0.30M, Peak:0.37M | Scene, ViewLayer | Updating Mesh | Copying Mesh to device
Fra:1 Mem:13.97M (Peak 13.97M) | Time:00:00.00 | Mem:0.36M, Peak:0.37M | Scene, ViewLayer | Updating Objects Flags
Fra:1 Mem:13.97M (Peak 13.97M) | Time:00:00.00 | Mem:0.36M, Peak:0.37M | Scene, ViewLayer | Updating Primitive Offsets
Fra:1 Mem:13.97M (Peak 13.97M) | Time:00:00.00 | Mem:0.36M, Peak:0.37M | Scene, ViewLayer | Updating Images
Fra:1 Mem:13.97M (Peak 13.97M) | Time:00:00.00 | Mem:0.36M, Peak:0.37M | Scene, ViewLayer | Updating Camera Volume
Fra:1 Mem:13.97M (Peak 13.97M) | Time:00:00.00 | Mem:0.36M, Peak:0.37M | Scene, ViewLayer | Updating Lookup Tables
Fra:1 Mem:13.97M (Peak 13.97M) | Time:00:00.00 | Mem:0.44M, Peak:0.44M | Scene, ViewLayer | Updating Lights
Fra:1 Mem:13.97M (Peak 13.97M) | Time:00:00.00 | Mem:0.44M, Peak:0.44M | Scene, ViewLayer | Updating Lights | Computing tree
Fra:1 Mem:13.97M (Peak 13.97M) | Time:00:00.00 | Mem:0.44M, Peak:0.44M | Scene, ViewLayer | Updating Integrator
Fra:1 Mem:13.97M (Peak 13.97M) | Time:00:00.00 | Mem:0.44M, Peak:0.44M | Scene, ViewLayer | Updating Film
Fra:1 Mem:13.97M (Peak 13.97M) | Time:00:00.00 | Mem:0.36M, Peak:0.44M | Scene, ViewLayer | Updating Lookup Tables
Fra:1 Mem:13.97M (Peak 13.97M) | Time:00:00.00 | Mem:0.45M, Peak:0.45M | Scene, ViewLayer | Updating Baking
Fra:1 Mem:13.97M (Peak 13.97M) | Time:00:00.00 | Mem:0.45M, Peak:0.45M | Scene, ViewLayer | Updating Device | Writing constant memory
Fra:1 Mem:13.98M (Peak 13.98M) | Time:00:00.00 | Mem:0.45M, Peak:0.45M | Scene, ViewLayer | Loading denoising kernels (may take a few minutes the first time)
Fra:1 Mem:13.98M (Peak 13.98M) | Time:00:00.00 | Mem:0.45M, Peak:0.45M | Scene, ViewLayer | Sample 0/20
Fra:1 Mem:55.77M (Peak 55.77M) | Time:00:00.09 | Remaining:00:01.66 | Mem:42.20M, Peak:42.20M | Scene, ViewLayer | Sample 1/20
Fra:1 Mem:73.35M (Peak 99.72M) | Time:00:04.61 | Mem:42.20M, Peak:42.20M | Scene, ViewLayer | Sample 20/20
Fra:1 Mem:73.35M (Peak 99.72M) | Time:00:04.61 | Mem:42.20M, Peak:42.20M | Scene, ViewLayer | Finished
Saved: '/workspace/scratch/a29d03198654/Aether/cloud-evidence/cloudsea52e-source-v1-20261001T045017Z-_r17cdvc/images/sea52e-1-top.png'
Time: 00:04.66 (Saving: 00:00.05)


Blender quit
