[
  {
    "name": "CloudSea52c_v0_crown_scroll",
    "peaks": 7,
    "saddle_drops": [
      106.5,
      76.3,
      52.0,
      32.7,
      21.3,
      13.0
    ]
  },
  {
    "name": "CloudSea52c_v0_low_winding_tail",
    "peaks": 7,
    "saddle_drops": [
      70.7,
      89.5,
      30.9,
      30.1,
      13.9,
      8.2
    ]
  },
  {
    "name": "CloudSea52c_v0_notched_shoulder",
    "peaks": 7,
    "saddle_drops": [
      76.7,
      51.6,
      30.7,
      24.0,
      13.6,
      6.4
    ]
  },
  {
    "name": "CloudSea52c_v1_crown_scroll",
    "peaks": 7,
    "saddle_drops": [
      121.9,
      82.0,
      49.2,
      37.5,
      19.9,
      10.2
    ]
  },
  {
    "name": "CloudSea52c_v1_low_winding_tail",
    "peaks": 7,
    "saddle_drops": [
      95.4,
      67.0,
      44.4,
      29.1,
      19.0,
      11.6
    ]
  },
  {
    "name": "CloudSea52c_v1_notched_shoulder",
    "peaks": 7,
    "saddle_drops": [
      54.3,
      68.9,
      23.7,
      23.1,
      11.0,
      6.8
    ]
  },
  {
    "name": "CloudSea52c_v2_crown_scroll",
    "peaks": 7,
    "saddle_drops": [
      87.0,
      110.1,
      38.0,
      37.1,
      17.1,
      10.1
    ]
  },
  {
    "name": "CloudSea52c_v2_low_winding_tail",
    "peaks": 7,
    "saddle_drops": [
      107.9,
      72.7,
      43.7,
      33.2,
      17.6,
      9.1
    ]
  },
  {
    "name": "CloudSea52c_v2_notched_shoulder",
    "peaks": 7,
    "saddle_drops": [
      65.7,
      46.9,
      31.1,
      20.0,
      13.0,
      8.0
    ]
  }
]
Blender 4.5.14 LTS (hash 62c1db4208e8 built 2026-09-15 01:31:19)
Read blend: "/workspace/scratch/a29d03198654/Aether/source-assets/cloud-sea52c/cloud_sea52c.blend"

Blender quit
