Extensions: writing cache failed ([Errno 30] Read-only file system: '/home/agent/.config/blender').
INFO Draco mesh compression is available, use library at /workspace/scratch/a29d03198654/tools-feiting/blender-4.5.14-linux-x64/4.5/scripts/addons_core/io_scene_gltf2/libextern_draco.so
12:31:46 | INFO: Starting glTF 2.0 export
12:31:46 | INFO: Extracting primitive: CloudSea52c_v0_crown_scroll_triangular_sculpt_cage.001
12:31:46 | INFO: Primitives created: 1
12:31:46 | INFO: Extracting primitive: CloudSea52c_v0_notched_shoulder_triangular_sculpt_cage.001
12:31:46 | INFO: Primitives created: 1
12:31:46 | INFO: Extracting primitive: CloudSea52c_v0_low_winding_tail_triangular_sculpt_cage.001
12:31:46 | INFO: Primitives created: 1
12:31:46 | INFO: Finished glTF 2.0 export in 0.013206720352172852 s

12:31:46 | INFO: Starting glTF 2.0 export
12:31:46 | INFO: Extracting primitive: CloudSea52c_v1_crown_scroll_triangular_sculpt_cage.001
12:31:46 | INFO: Primitives created: 1
12:31:46 | INFO: Extracting primitive: CloudSea52c_v1_notched_shoulder_triangular_sculpt_cage.001
12:31:46 | INFO: Primitives created: 1
12:31:46 | INFO: Extracting primitive: CloudSea52c_v1_low_winding_tail_triangular_sculpt_cage.001
12:31:46 | INFO: Primitives created: 1
12:31:46 | INFO: Finished glTF 2.0 export in 0.011672735214233398 s

12:31:46 | INFO: Starting glTF 2.0 export
12:31:46 | INFO: Extracting primitive: CloudSea52c_v2_crown_scroll_triangular_sculpt_cage.001
12:31:46 | INFO: Primitives created: 1
12:31:46 | INFO: Extracting primitive: CloudSea52c_v2_notched_shoulder_triangular_sculpt_cage.001
12:31:46 | INFO: Primitives created: 1
12:31:46 | INFO: Extracting primitive: CloudSea52c_v2_low_winding_tail_triangular_sculpt_cage.001
12:31:46 | INFO: Primitives created: 1
12:31:46 | INFO: Finished glTF 2.0 export in 0.009600162506103516 s

Info: Saved as "cloud_sea52c.blend"
52B_SOURCE_READY_NO_VISUAL_ACCEPTANCE
Blender 4.5.14 LTS (hash 62c1db4208e8 built 2026-09-15 01:31:19)

Blender quit
