Godot Engine v4.5.1.stable.official.f62fdbde1 - https://godotengine.org
OpenGL API 4.5 (Core Profile) Mesa 25.0.7-2+deb13u1 - Compatibility - Using Device: Mesa - llvmpipe (LLVM 19.1.7, 256 bits)

PASS Exact successful saved candidate and baseline SHA
PASS Exact build manifest
PASS Fresh native graph preserves every unmasked property, byte slot, owner, order, group and connection
PASS Fresh248guard bindings/114materials/48000weather floats exact
PASS Original native root ArrayMesh exact
WORLD READY: 208 independent terrain scenes, 54797 saved scatter instances, 169 scene landmarks, 6 scene ports
PASS Callback freeze preserves collision modes/layers/RIDs
PASS Actual ready binding uses existing dual-guard material massif_west_spur
PASS Actual ready binding uses existing dual-guard material ridge_shoulders
PASS Actual ready binding uses existing dual-guard material snow_cap
PASS Actual ready binding uses existing dual-guard material snow_gully
PASS Actual ready binding uses existing dual-guard material shore_rock_apron
PASS Exact original building ray identity 0
PASS Exact original building ray identity 1
PASS Exact original building ray identity 2
PASS Exact original building ray identity 3
PASS Exact original building ray identity 4
PASS Exact original building ray identity 5
PASS Exact original building ray identity 6
PASS Exact original building ray identity 7
PASS Exact original building ray identity 8
PASS Exact original building ray identity 9
PASS Exact original building ray identity 10
PASS Exact original building ray identity 11
PASS Exact original building ray identity 12
PASS Exact original building ray identity 13
PASS Exact original building ray identity 14
PASS Exact original building ray identity 15
PASS Exact original building ray identity 16
PASS Exact original building ray identity 17
PASS Exact original building ray identity 18
PASS Exact original building ray identity 19
PASS Exact original building ray identity 20
PASS Exact original building ray identity 21
PASS Exact original building ray identity 22
PASS Exact original building ray identity 23
PASS Exact original building ray identity 24
PASS Exact original building ray identity 25
PASS Exact original building ray identity 26
PASS Exact original building ray identity 27
PASS Exact original building ray identity 28
PASS Exact original building ray identity 29
PASS Exact original building ray identity 30
PASS Exact original building ray identity 31
PASS Exact original building ray identity 32
PASS Exact original building ray identity 33
PASS Exact original building ray identity 34
PASS Exact original building ray identity 35
PASS Exact original building ray identity 36
PASS Exact original building ray identity 37
PASS Exact original building ray identity 38
PASS Exact original building ray identity 39
PASS Exact original building ray identity 40
PASS Exact original building ray identity 41
PASS Exact original building ray identity 42
PASS Exact original building ray identity 43
PASS Exact original building ray identity 44
PASS Exact original building ray identity 45
PASS Exact original building ray identity 46
PASS Exact original building ray identity 47
PASS Exact original building ray identity 48
PASS Exact original building ray identity 49
PASS Exact original building ray identity 50
PASS Exact original building ray identity 51
PASS Exact original building ray identity 52
PASS Exact original building ray identity 53
PASS Exact original building ray identity 54
PASS Exact original building ray identity 55
PASS Exact original building ray identity 56
PASS Exact original building ray identity 57
PASS Exact original building ray identity 58
PASS Exact original building ray identity 59
PASS Exact original building ray identity 60
PASS Exact original building ray identity 61
PASS Exact original building ray identity 62
PASS Exact original building ray identity 63
PASS Exact original building ray identity 64
PASS Exact original building ray identity 65
PASS Exact original building ray identity 66
PASS Exact original building ray identity 67
PASS Exact original building ray identity 68
PASS Exact original building ray identity 69
PASS Exact original building ray identity 70
PASS Exact original building ray identity 71
PASS Exact original building ray identity 72
PASS Exact original building ray identity 73
PASS Exact original building ray identity 74
PASS Exact original building ray identity 75
PASS Exact original building ray identity 76
PASS Exact original building ray identity 77
PASS Exact original building ray identity 78
PASS Exact original building ray identity 79
PASS Exact original building ray identity 80
PASS Exact original building ray identity 81
PASS Exact original building ray identity 82
PASS Exact original building ray identity 83
PASS Exact original building ray identity 84
PASS Exact original building ray identity 85
PASS Exact original building ray identity 86
PASS Exact original building ray identity 87
PASS Exact original building ray identity 88
PASS Exact original building ray identity 89
PASS Exact original building ray identity 90
PASS Exact original building ray identity 91
PASS Exact original building ray identity 92
PASS Exact original building ray identity 93
PASS Exact original building ray identity 94
PASS Exact original building ray identity 95
PASS Exact original building ray identity 96
PASS Exact original building ray identity 97
PASS Exact original building ray identity 98
PASS Exact original building ray identity 99
PASS Exact original building ray identity 100
PASS Exact original building ray identity 101
PASS Exact original building ray identity 102
PASS Exact original building ray identity 103
PASS Exact original building ray identity 104
PASS Exact original building ray identity 105
PASS Exact original building ray identity 106
PASS Exact original building ray identity 107
PASS Exact original building ray identity 108
PASS Exact original building ray identity 109
PASS Exact original building ray identity 110
PASS Exact original building ray identity 111
PASS Exact original building ray identity 112
PASS Exact original building ray identity 113
PASS Exact original building ray identity 114
PASS Exact original building ray identity 115
PASS Exact original building ray identity 116
PASS Exact original building ray identity 117
PASS Exact original building ray identity 118
PASS Exact original building ray identity 119
PASS Exact original building ray identity 120
PASS Exact original building ray identity 121
PASS Exact original building ray identity 122
PASS Exact original building ray identity 123
PASS Exact original building ray identity 124
PASS Exact original building ray identity 125
PASS Exact original building ray identity 126
PASS Exact original building ray identity 127
PASS Exact original building ray identity 128
PASS Exact original building ray identity 129
PASS Exact original building ray identity 130
PASS Exact original building ray identity 131
PASS Exact original building ray identity 132
PASS Exact original building ray identity 133
PASS Exact original building ray identity 134
PASS Exact original building ray identity 135
PASS Exact original building ray identity 136
PASS Exact original building ray identity 137
PASS Exact original building ray identity 138
PASS Exact original building ray identity 139
PASS Exact original building ray identity 140
PASS Exact original building ray identity 141
PASS Exact original building ray identity 142
PASS Exact original building ray identity 143
PASS Exact original building ray identity 144
PASS Exact original building ray identity 145
PASS Exact original building ray identity 146
PASS Exact original building ray identity 147
PASS Exact original building ray identity 148
PASS Exact original building ray identity 149
PASS Exact original building ray identity 150
PASS Exact original building ray identity 151
PASS Exact original building ray identity 152
PASS Exact original building ray identity 153
PASS Exact original building ray identity 154
PASS Exact original building ray identity 155
PASS Exact original building ray identity 156
PASS Exact original building ray identity 157
PASS Exact original building ray identity 158
PASS Exact original building ray identity 159
PASS Exact original building ray identity 160
PASS Exact original building ray identity 161
PASS Exact original building ray identity 162
PASS Exact original building ray identity 163
PASS Exact original building ray identity 164
PASS Exact original building ray identity 165
PASS Exact original building ray identity 166
PASS Exact original building ray identity 167
PASS Exact original building ray identity 168
PASS Exact original building ray identity 169
PASS Exact original building ray identity 170
PASS Actual layer4 support, ground_height-from-above and1261 saved/cache instances
PASS Original fixed reference camera 1128
PASS Original51b camera-motion result retained 1128/original-plus350m
PASS Original51b camera-motion result retained 1128/protected-plus150m
PASS Original51b camera-motion result retained 1128/protected-approach200m
PASS Saved actual native candidate PNG 1128/front-native
PASS Saved actual native candidate PNG 1128/side-native
PASS Saved actual native candidate PNG 1128/back-native
PASS Saved actual native candidate PNG 1128/approach200m-native
PASS Original fixed reference camera 1129
PASS Original51b camera-motion result retained 1129/original-plus350m
PASS Original51b camera-motion result retained 1129/protected-plus150m
PASS Original51b camera-motion result retained 1129/protected-approach200m
PASS Saved actual native candidate PNG 1129/front-native
PASS Saved actual native candidate PNG 1129/side-native
PASS Saved actual native candidate PNG 1129/back-native
PASS Saved actual native candidate PNG 1129/approach200m-native
PASS Saved actual native candidate PNG 1275/front-native
PASS Saved actual native candidate PNG 1276/front-native
PASS Saved candidate, baseline and default unchanged after live run
WEST53 V2_FRESH_VERIFICATION true
