Godot Engine v4.5.1.stable.official.f62fdbde1 - https://godotengine.org
OpenGL API 4.5 (Core Profile) Mesa 25.0.7-2+deb13u1 - Compatibility - Using Device: Mesa - llvmpipe (LLVM 19.1.7, 256 bits)

PASS Rain serialized reload exactly matches all seeded transforms/custom data
PASS Snow serialized reload exactly matches all seeded transforms/custom data
WORLD READY: 208 independent terrain scenes, 54797 saved scatter instances, 169 scene landmarks, 6 scene ports
PASS Saved actual rendered reference-1341-time-0
PASS Rain all visible transforms advance 1341
PASS Saved actual rendered reference-1341-time-035
PASS Saved actual rendered reference-1341-precipitation-off
PASS Saved actual rendered reference-1341-precipitation-restored
SMOKE REFERENCE COMPLETE 1341
PASS Saved actual rendered reference-1275-time-0
PASS Snow all visible transforms advance 1275
PASS Saved actual rendered reference-1275-time-035
PASS Saved actual rendered reference-1275-precipitation-off
PASS Saved actual rendered reference-1275-precipitation-restored
SMOKE REFERENCE COMPLETE 1275
PASS Saved actual rendered reference-1276-time-0
PASS Snow all visible transforms advance 1276
PASS Saved actual rendered reference-1276-time-035
PASS Saved actual rendered reference-1276-precipitation-off
PASS Saved actual rendered reference-1276-precipitation-restored
SMOKE REFERENCE COMPLETE 1276
SMOKE42D COMPLETE true
