Blender 4.5.14 LTS (hash 62c1db4208e8 built 2026-09-15 01:31:19)
Read blend: "/workspace/scratch/a29d03198654/Aether/source-assets/cloud-bank58/revision-c/recovery-02/cloud_bank58c_union.blend"
Fra:1 Mem:16.72M (Peak 16.72M) | Time:00:00.00 | Mem:0.00M, Peak:0.00M | Scene, ViewLayer | Synchronizing object | CloudBank58C_four_root_density_and_folds
Fra:1 Mem:16.72M (Peak 16.72M) | Time:00:00.00 | Mem:0.00M, Peak:0.00M | Scene, ViewLayer | Synchronizing object | Sun
Fra:1 Mem:23.13M (Peak 25.55M) | Time:00:00.00 | Mem:0.00M, Peak:0.00M | Scene, ViewLayer | Initializing
Fra:1 Mem:22.94M (Peak 25.55M) | Time:00:00.00 | Mem:0.00M, Peak:0.00M | Scene, ViewLayer | Waiting for render to start
Fra:1 Mem:22.94M (Peak 25.55M) | Time:00:00.00 | Mem:0.00M, Peak:0.00M | Scene, ViewLayer | Updating Scene
Fra:1 Mem:22.94M (Peak 25.55M) | Time:00:00.00 | Mem:0.00M, Peak:0.00M | Scene, ViewLayer | Updating Shaders
Fra:1 Mem:22.94M (Peak 25.55M) | Time:00:00.00 | Mem:0.00M, Peak:0.00M | Scene, ViewLayer | Loading render kernels (may take a few minutes the first time)
Fra:1 Mem:23.02M (Peak 25.55M) | Time:00:00.00 | Mem:0.00M, Peak:0.00M | Scene, ViewLayer | Updating Procedurals
Fra:1 Mem:23.02M (Peak 25.55M) | Time:00:00.00 | Mem:0.00M, Peak:0.00M | Scene, ViewLayer | Updating Background
Fra:1 Mem:23.02M (Peak 25.55M) | Time:00:00.00 | Mem:0.00M, Peak:0.00M | Scene, ViewLayer | Updating Camera
Fra:1 Mem:23.02M (Peak 25.55M) | Time:00:00.00 | Mem:0.00M, Peak:0.00M | Scene, ViewLayer | Updating Meshes Flags
Fra:1 Mem:23.02M (Peak 25.55M) | Time:00:00.00 | Mem:0.00M, Peak:0.00M | Scene, ViewLayer | Updating Objects
Fra:1 Mem:23.02M (Peak 25.55M) | Time:00:00.00 | Mem:0.00M, Peak:0.00M | Scene, ViewLayer | Updating Objects | Copying Transformations to device
Fra:1 Mem:23.02M (Peak 25.55M) | Time:00:00.00 | Mem:0.00M, Peak:0.00M | Scene, ViewLayer | Updating Particle Systems
Fra:1 Mem:23.02M (Peak 25.55M) | Time:00:00.00 | Mem:0.00M, Peak:0.00M | Scene, ViewLayer | Updating Particle Systems | Copying Particles to device
Fra:1 Mem:23.02M (Peak 25.55M) | Time:00:00.00 | Mem:0.00M, Peak:0.00M | Scene, ViewLayer | Updating Meshes
Fra:1 Mem:23.02M (Peak 25.55M) | Time:00:00.00 | Mem:0.00M, Peak:0.00M | Scene, ViewLayer | Updating Objects | Applying Static Transformations
Fra:1 Mem:23.02M (Peak 25.55M) | Time:00:00.00 | Mem:0.00M, Peak:0.00M | Scene, ViewLayer | Updating Mesh | Computing attributes
Fra:1 Mem:25.75M (Peak 25.75M) | Time:00:00.01 | Mem:0.00M, Peak:0.00M | Scene, ViewLayer | Updating Mesh | Copying Attributes to device
Fra:1 Mem:25.75M (Peak 25.75M) | Time:00:00.01 | Mem:2.72M, Peak:2.72M | Scene, ViewLayer | Updating Scene BVH | Building
Fra:1 Mem:25.75M (Peak 25.75M) | Time:00:00.01 | Mem:2.72M, Peak:2.72M | Scene, ViewLayer | Updating Scene BVH | Building BVH
Fra:1 Mem:25.75M (Peak 25.75M) | Time:00:00.01 | Mem:4.34M, Peak:4.34M | Scene, ViewLayer | Updating Scene BVH | Building BVH 0%
Fra:1 Mem:25.75M (Peak 25.75M) | Time:00:00.02 | Mem:6.26M, Peak:7.88M | Scene, ViewLayer | Updating Scene BVH | Copying BVH to device
Fra:1 Mem:25.75M (Peak 25.75M) | Time:00:00.02 | Mem:6.26M, Peak:7.88M | Scene, ViewLayer | Updating Mesh | Computing normals
Fra:1 Mem:27.16M (Peak 27.16M) | Time:00:00.02 | Mem:6.26M, Peak:7.88M | Scene, ViewLayer | Updating Mesh | Copying Mesh to device
Fra:1 Mem:27.16M (Peak 27.16M) | Time:00:00.02 | Mem:7.68M, Peak:7.88M | Scene, ViewLayer | Updating Objects Flags
Fra:1 Mem:27.16M (Peak 27.16M) | Time:00:00.02 | Mem:7.68M, Peak:7.88M | Scene, ViewLayer | Updating Primitive Offsets
Fra:1 Mem:27.16M (Peak 27.16M) | Time:00:00.02 | Mem:7.68M, Peak:7.88M | Scene, ViewLayer | Updating Images
Fra:1 Mem:27.16M (Peak 27.16M) | Time:00:00.02 | Mem:7.68M, Peak:7.88M | Scene, ViewLayer | Updating Camera Volume
Fra:1 Mem:27.16M (Peak 27.16M) | Time:00:00.02 | Mem:7.68M, Peak:7.88M | Scene, ViewLayer | Updating Lookup Tables
Fra:1 Mem:27.16M (Peak 27.16M) | Time:00:00.02 | Mem:7.76M, Peak:7.88M | Scene, ViewLayer | Updating Lights
Fra:1 Mem:27.16M (Peak 27.16M) | Time:00:00.02 | Mem:7.76M, Peak:7.88M | Scene, ViewLayer | Updating Lights | Computing tree
Fra:1 Mem:27.16M (Peak 27.16M) | Time:00:00.02 | Mem:7.76M, Peak:7.88M | Scene, ViewLayer | Updating Integrator
Fra:1 Mem:27.16M (Peak 27.16M) | Time:00:00.02 | Mem:7.76M, Peak:7.88M | Scene, ViewLayer | Updating Film
Fra:1 Mem:27.16M (Peak 27.16M) | Time:00:00.02 | Mem:7.68M, Peak:7.88M | Scene, ViewLayer | Updating Lookup Tables
Fra:1 Mem:27.16M (Peak 27.16M) | Time:00:00.02 | Mem:7.76M, Peak:7.88M | Scene, ViewLayer | Updating Baking
Fra:1 Mem:27.16M (Peak 27.16M) | Time:00:00.02 | Mem:7.76M, Peak:7.88M | Scene, ViewLayer | Updating Device | Writing constant memory
Fra:1 Mem:27.16M (Peak 27.16M) | Time:00:00.02 | Mem:7.76M, Peak:7.88M | Scene, ViewLayer | Loading denoising kernels (may take a few minutes the first time)
Fra:1 Mem:27.16M (Peak 27.16M) | Time:00:00.02 | Mem:7.76M, Peak:7.88M | Scene, ViewLayer | Sample 0/8
Fra:1 Mem:55.73M (Peak 55.73M) | Time:00:00.29 | Remaining:00:01.92 | Mem:36.30M, Peak:36.30M | Scene, ViewLayer | Sample 1/8
Fra:1 Mem:67.75M (Peak 85.77M) | Time:00:06.71 | Mem:36.30M, Peak:36.30M | Scene, ViewLayer | Sample 8/8
Fra:1 Mem:67.75M (Peak 85.77M) | Time:00:06.71 | Mem:36.30M, Peak:36.30M | Scene, ViewLayer | Finished
Saved: '/workspace/scratch/a29d03198654/Aether/cloud-evidence/cloudbank58c-source-preview-20261001T130331Z-2nvatrox/images/cloudbank58c-1216-source-front.png'
Time: 00:06.82 (Saving: 00:00.11)

Fra:1 Mem:18.94M (Peak 18.94M) | Time:00:00.00 | Mem:0.00M, Peak:0.00M | Scene, ViewLayer | Synchronizing object | CloudBank58C_four_root_density_and_folds
Fra:1 Mem:18.94M (Peak 18.94M) | Time:00:00.00 | Mem:0.00M, Peak:0.00M | Scene, ViewLayer | Synchronizing object | Sun
Fra:1 Mem:23.43M (Peak 25.85M) | Time:00:00.00 | Mem:0.00M, Peak:0.00M | Scene, ViewLayer | Initializing
Fra:1 Mem:23.24M (Peak 25.85M) | Time:00:00.00 | Mem:0.00M, Peak:0.00M | Scene, ViewLayer | Waiting for render to start
Fra:1 Mem:23.24M (Peak 25.85M) | Time:00:00.00 | Mem:0.00M, Peak:0.00M | Scene, ViewLayer | Updating Scene
Fra:1 Mem:23.24M (Peak 25.85M) | Time:00:00.00 | Mem:0.00M, Peak:0.00M | Scene, ViewLayer | Updating Shaders
Fra:1 Mem:23.24M (Peak 25.85M) | Time:00:00.00 | Mem:0.00M, Peak:0.00M | Scene, ViewLayer | Loading render kernels (may take a few minutes the first time)
Fra:1 Mem:23.33M (Peak 25.85M) | Time:00:00.00 | Mem:0.00M, Peak:0.00M | Scene, ViewLayer | Updating Procedurals
Fra:1 Mem:23.33M (Peak 25.85M) | Time:00:00.00 | Mem:0.00M, Peak:0.00M | Scene, ViewLayer | Updating Background
Fra:1 Mem:23.33M (Peak 25.85M) | Time:00:00.00 | Mem:0.00M, Peak:0.00M | Scene, ViewLayer | Updating Camera
Fra:1 Mem:23.33M (Peak 25.85M) | Time:00:00.00 | Mem:0.00M, Peak:0.00M | Scene, ViewLayer | Updating Meshes Flags
Fra:1 Mem:23.33M (Peak 25.85M) | Time:00:00.00 | Mem:0.00M, Peak:0.00M | Scene, ViewLayer | Updating Objects
Fra:1 Mem:23.33M (Peak 25.85M) | Time:00:00.00 | Mem:0.00M, Peak:0.00M | Scene, ViewLayer | Updating Objects | Copying Transformations to device
Fra:1 Mem:23.33M (Peak 25.85M) | Time:00:00.00 | Mem:0.00M, Peak:0.00M | Scene, ViewLayer | Updating Particle Systems
Fra:1 Mem:23.33M (Peak 25.85M) | Time:00:00.00 | Mem:0.00M, Peak:0.00M | Scene, ViewLayer | Updating Particle Systems | Copying Particles to device
Fra:1 Mem:23.33M (Peak 25.85M) | Time:00:00.00 | Mem:0.00M, Peak:0.00M | Scene, ViewLayer | Updating Meshes
Fra:1 Mem:23.33M (Peak 25.85M) | Time:00:00.00 | Mem:0.00M, Peak:0.00M | Scene, ViewLayer | Updating Objects | Applying Static Transformations
Fra:1 Mem:23.33M (Peak 25.85M) | Time:00:00.00 | Mem:0.00M, Peak:0.00M | Scene, ViewLayer | Updating Mesh | Computing attributes
Fra:1 Mem:26.05M (Peak 26.05M) | Time:00:00.00 | Mem:0.00M, Peak:0.00M | Scene, ViewLayer | Updating Mesh | Copying Attributes to device
Fra:1 Mem:26.05M (Peak 26.05M) | Time:00:00.00 | Mem:2.72M, Peak:2.72M | Scene, ViewLayer | Updating Scene BVH | Building
Fra:1 Mem:26.05M (Peak 26.05M) | Time:00:00.00 | Mem:2.72M, Peak:2.72M | Scene, ViewLayer | Updating Scene BVH | Building BVH
Fra:1 Mem:26.05M (Peak 26.05M) | Time:00:00.00 | Mem:4.34M, Peak:4.34M | Scene, ViewLayer | Updating Scene BVH | Building BVH 0%
Fra:1 Mem:26.05M (Peak 26.05M) | Time:00:00.01 | Mem:6.26M, Peak:7.88M | Scene, ViewLayer | Updating Scene BVH | Copying BVH to device
Fra:1 Mem:26.05M (Peak 26.05M) | Time:00:00.01 | Mem:6.26M, Peak:7.88M | Scene, ViewLayer | Updating Mesh | Computing normals
Fra:1 Mem:27.46M (Peak 27.46M) | Time:00:00.01 | Mem:6.26M, Peak:7.88M | Scene, ViewLayer | Updating Mesh | Copying Mesh to device
Fra:1 Mem:27.46M (Peak 27.46M) | Time:00:00.01 | Mem:7.68M, Peak:7.88M | Scene, ViewLayer | Updating Objects Flags
Fra:1 Mem:27.46M (Peak 27.46M) | Time:00:00.01 | Mem:7.68M, Peak:7.88M | Scene, ViewLayer | Updating Primitive Offsets
Fra:1 Mem:27.46M (Peak 27.46M) | Time:00:00.01 | Mem:7.68M, Peak:7.88M | Scene, ViewLayer | Updating Images
Fra:1 Mem:27.46M (Peak 27.46M) | Time:00:00.01 | Mem:7.68M, Peak:7.88M | Scene, ViewLayer | Updating Camera Volume
Fra:1 Mem:27.46M (Peak 27.46M) | Time:00:00.01 | Mem:7.68M, Peak:7.88M | Scene, ViewLayer | Updating Lookup Tables
Fra:1 Mem:27.46M (Peak 27.46M) | Time:00:00.01 | Mem:7.76M, Peak:7.88M | Scene, ViewLayer | Updating Lights
Fra:1 Mem:27.46M (Peak 27.46M) | Time:00:00.01 | Mem:7.76M, Peak:7.88M | Scene, ViewLayer | Updating Lights | Computing tree
Fra:1 Mem:27.46M (Peak 27.46M) | Time:00:00.01 | Mem:7.76M, Peak:7.88M | Scene, ViewLayer | Updating Integrator
Fra:1 Mem:27.46M (Peak 27.46M) | Time:00:00.01 | Mem:7.76M, Peak:7.88M | Scene, ViewLayer | Updating Film
Fra:1 Mem:27.46M (Peak 27.46M) | Time:00:00.01 | Mem:7.68M, Peak:7.88M | Scene, ViewLayer | Updating Lookup Tables
Fra:1 Mem:27.46M (Peak 27.46M) | Time:00:00.01 | Mem:7.76M, Peak:7.88M | Scene, ViewLayer | Updating Baking
Fra:1 Mem:27.46M (Peak 27.46M) | Time:00:00.01 | Mem:7.76M, Peak:7.88M | Scene, ViewLayer | Updating Device | Writing constant memory
Fra:1 Mem:27.47M (Peak 27.47M) | Time:00:00.01 | Mem:7.76M, Peak:7.88M | Scene, ViewLayer | Loading denoising kernels (may take a few minutes the first time)
Fra:1 Mem:27.47M (Peak 27.47M) | Time:00:00.01 | Mem:7.76M, Peak:7.88M | Scene, ViewLayer | Sample 0/8
Fra:1 Mem:78.22M (Peak 78.22M) | Time:00:00.28 | Remaining:00:01.89 | Mem:58.50M, Peak:58.50M | Scene, ViewLayer | Sample 1/8
Fra:1 Mem:99.59M (Peak 131.64M) | Time:00:10.27 | Mem:58.50M, Peak:58.50M | Scene, ViewLayer | Sample 8/8
Fra:1 Mem:99.59M (Peak 131.64M) | Time:00:10.27 | Mem:58.50M, Peak:58.50M | Scene, ViewLayer | Finished
Saved: '/workspace/scratch/a29d03198654/Aether/cloud-evidence/cloudbank58c-source-preview-20261001T130331Z-2nvatrox/images/cloudbank58c-back.png'
Time: 00:10.36 (Saving: 00:00.08)

Fra:1 Mem:18.94M (Peak 18.94M) | Time:00:00.00 | Mem:0.00M, Peak:0.00M | Scene, ViewLayer | Synchronizing object | CloudBank58C_four_root_density_and_folds
Fra:1 Mem:18.94M (Peak 18.94M) | Time:00:00.00 | Mem:0.00M, Peak:0.00M | Scene, ViewLayer | Synchronizing object | Sun
Fra:1 Mem:23.43M (Peak 25.85M) | Time:00:00.00 | Mem:0.00M, Peak:0.00M | Scene, ViewLayer | Initializing
Fra:1 Mem:23.24M (Peak 25.85M) | Time:00:00.00 | Mem:0.00M, Peak:0.00M | Scene, ViewLayer | Waiting for render to start
Fra:1 Mem:23.24M (Peak 25.85M) | Time:00:00.00 | Mem:0.00M, Peak:0.00M | Scene, ViewLayer | Updating Scene
Fra:1 Mem:23.24M (Peak 25.85M) | Time:00:00.00 | Mem:0.00M, Peak:0.00M | Scene, ViewLayer | Updating Shaders
Fra:1 Mem:23.24M (Peak 25.85M) | Time:00:00.00 | Mem:0.00M, Peak:0.00M | Scene, ViewLayer | Loading render kernels (may take a few minutes the first time)
Fra:1 Mem:23.33M (Peak 25.85M) | Time:00:00.00 | Mem:0.00M, Peak:0.00M | Scene, ViewLayer | Updating Procedurals
Fra:1 Mem:23.33M (Peak 25.85M) | Time:00:00.00 | Mem:0.00M, Peak:0.00M | Scene, ViewLayer | Updating Background
Fra:1 Mem:23.33M (Peak 25.85M) | Time:00:00.00 | Mem:0.00M, Peak:0.00M | Scene, ViewLayer | Updating Camera
Fra:1 Mem:23.33M (Peak 25.85M) | Time:00:00.00 | Mem:0.00M, Peak:0.00M | Scene, ViewLayer | Updating Meshes Flags
Fra:1 Mem:23.33M (Peak 25.85M) | Time:00:00.00 | Mem:0.00M, Peak:0.00M | Scene, ViewLayer | Updating Objects
Fra:1 Mem:23.33M (Peak 25.85M) | Time:00:00.00 | Mem:0.00M, Peak:0.00M | Scene, ViewLayer | Updating Objects | Copying Transformations to device
Fra:1 Mem:23.33M (Peak 25.85M) | Time:00:00.00 | Mem:0.00M, Peak:0.00M | Scene, ViewLayer | Updating Particle Systems
Fra:1 Mem:23.33M (Peak 25.85M) | Time:00:00.00 | Mem:0.00M, Peak:0.00M | Scene, ViewLayer | Updating Particle Systems | Copying Particles to device
Fra:1 Mem:23.33M (Peak 25.85M) | Time:00:00.00 | Mem:0.00M, Peak:0.00M | Scene, ViewLayer | Updating Meshes
Fra:1 Mem:23.33M (Peak 25.85M) | Time:00:00.00 | Mem:0.00M, Peak:0.00M | Scene, ViewLayer | Updating Objects | Applying Static Transformations
Fra:1 Mem:23.33M (Peak 25.85M) | Time:00:00.00 | Mem:0.00M, Peak:0.00M | Scene, ViewLayer | Updating Mesh | Computing attributes
Fra:1 Mem:26.05M (Peak 26.05M) | Time:00:00.00 | Mem:0.00M, Peak:0.00M | Scene, ViewLayer | Updating Mesh | Copying Attributes to device
Fra:1 Mem:26.05M (Peak 26.05M) | Time:00:00.00 | Mem:2.72M, Peak:2.72M | Scene, ViewLayer | Updating Scene BVH | Building
Fra:1 Mem:26.05M (Peak 26.05M) | Time:00:00.00 | Mem:2.72M, Peak:2.72M | Scene, ViewLayer | Updating Scene BVH | Building BVH
Fra:1 Mem:26.05M (Peak 26.05M) | Time:00:00.00 | Mem:4.34M, Peak:4.34M | Scene, ViewLayer | Updating Scene BVH | Building BVH 0%
Fra:1 Mem:26.05M (Peak 26.05M) | Time:00:00.01 | Mem:6.26M, Peak:7.88M | Scene, ViewLayer | Updating Scene BVH | Copying BVH to device
Fra:1 Mem:26.05M (Peak 26.05M) | Time:00:00.01 | Mem:6.26M, Peak:7.88M | Scene, ViewLayer | Updating Mesh | Computing normals
Fra:1 Mem:27.46M (Peak 27.46M) | Time:00:00.01 | Mem:6.26M, Peak:7.88M | Scene, ViewLayer | Updating Mesh | Copying Mesh to device
Fra:1 Mem:27.46M (Peak 27.46M) | Time:00:00.01 | Mem:7.68M, Peak:7.88M | Scene, ViewLayer | Updating Objects Flags
Fra:1 Mem:27.46M (Peak 27.46M) | Time:00:00.01 | Mem:7.68M, Peak:7.88M | Scene, ViewLayer | Updating Primitive Offsets
Fra:1 Mem:27.46M (Peak 27.46M) | Time:00:00.01 | Mem:7.68M, Peak:7.88M | Scene, ViewLayer | Updating Images
Fra:1 Mem:27.46M (Peak 27.46M) | Time:00:00.01 | Mem:7.68M, Peak:7.88M | Scene, ViewLayer | Updating Camera Volume
Fra:1 Mem:27.46M (Peak 27.46M) | Time:00:00.01 | Mem:7.68M, Peak:7.88M | Scene, ViewLayer | Updating Lookup Tables
Fra:1 Mem:27.46M (Peak 27.46M) | Time:00:00.01 | Mem:7.76M, Peak:7.88M | Scene, ViewLayer | Updating Lights
Fra:1 Mem:27.46M (Peak 27.46M) | Time:00:00.01 | Mem:7.76M, Peak:7.88M | Scene, ViewLayer | Updating Lights | Computing tree
Fra:1 Mem:27.46M (Peak 27.46M) | Time:00:00.01 | Mem:7.76M, Peak:7.88M | Scene, ViewLayer | Updating Integrator
Fra:1 Mem:27.46M (Peak 27.46M) | Time:00:00.01 | Mem:7.76M, Peak:7.88M | Scene, ViewLayer | Updating Film
Fra:1 Mem:27.46M (Peak 27.46M) | Time:00:00.01 | Mem:7.68M, Peak:7.88M | Scene, ViewLayer | Updating Lookup Tables
Fra:1 Mem:27.46M (Peak 27.46M) | Time:00:00.01 | Mem:7.76M, Peak:7.88M | Scene, ViewLayer | Updating Baking
Fra:1 Mem:27.46M (Peak 27.46M) | Time:00:00.01 | Mem:7.76M, Peak:7.88M | Scene, ViewLayer | Updating Device | Writing constant memory
Fra:1 Mem:27.47M (Peak 27.47M) | Time:00:00.01 | Mem:7.76M, Peak:7.88M | Scene, ViewLayer | Loading denoising kernels (may take a few minutes the first time)
Fra:1 Mem:27.47M (Peak 27.47M) | Time:00:00.01 | Mem:7.76M, Peak:7.88M | Scene, ViewLayer | Sample 0/8
Fra:1 Mem:78.22M (Peak 78.22M) | Time:00:00.28 | Remaining:00:01.85 | Mem:58.50M, Peak:58.50M | Scene, ViewLayer | Sample 1/8
Fra:1 Mem:99.59M (Peak 131.64M) | Time:00:11.14 | Mem:58.50M, Peak:58.50M | Scene, ViewLayer | Sample 8/8
Fra:1 Mem:99.59M (Peak 131.64M) | Time:00:11.14 | Mem:58.50M, Peak:58.50M | Scene, ViewLayer | Finished
Saved: '/workspace/scratch/a29d03198654/Aether/cloud-evidence/cloudbank58c-source-preview-20261001T130331Z-2nvatrox/images/cloudbank58c-side.png'
Time: 00:11.20 (Saving: 00:00.06)

Fra:1 Mem:18.94M (Peak 18.94M) | Time:00:00.00 | Mem:0.00M, Peak:0.00M | Scene, ViewLayer | Synchronizing object | CloudBank58C_four_root_density_and_folds
Fra:1 Mem:18.94M (Peak 18.94M) | Time:00:00.00 | Mem:0.00M, Peak:0.00M | Scene, ViewLayer | Synchronizing object | Sun
Fra:1 Mem:23.43M (Peak 25.85M) | Time:00:00.00 | Mem:0.00M, Peak:0.00M | Scene, ViewLayer | Initializing
Fra:1 Mem:23.24M (Peak 25.85M) | Time:00:00.00 | Mem:0.00M, Peak:0.00M | Scene, ViewLayer | Waiting for render to start
Fra:1 Mem:23.24M (Peak 25.85M) | Time:00:00.00 | Mem:0.00M, Peak:0.00M | Scene, ViewLayer | Updating Scene
Fra:1 Mem:23.24M (Peak 25.85M) | Time:00:00.00 | Mem:0.00M, Peak:0.00M | Scene, ViewLayer | Updating Shaders
Fra:1 Mem:23.24M (Peak 25.85M) | Time:00:00.00 | Mem:0.00M, Peak:0.00M | Scene, ViewLayer | Loading render kernels (may take a few minutes the first time)
Fra:1 Mem:23.33M (Peak 25.85M) | Time:00:00.00 | Mem:0.00M, Peak:0.00M | Scene, ViewLayer | Updating Procedurals
Fra:1 Mem:23.33M (Peak 25.85M) | Time:00:00.00 | Mem:0.00M, Peak:0.00M | Scene, ViewLayer | Updating Background
Fra:1 Mem:23.33M (Peak 25.85M) | Time:00:00.00 | Mem:0.00M, Peak:0.00M | Scene, ViewLayer | Updating Camera
Fra:1 Mem:23.33M (Peak 25.85M) | Time:00:00.00 | Mem:0.00M, Peak:0.00M | Scene, ViewLayer | Updating Meshes Flags
Fra:1 Mem:23.33M (Peak 25.85M) | Time:00:00.00 | Mem:0.00M, Peak:0.00M | Scene, ViewLayer | Updating Objects
Fra:1 Mem:23.33M (Peak 25.85M) | Time:00:00.00 | Mem:0.00M, Peak:0.00M | Scene, ViewLayer | Updating Objects | Copying Transformations to device
Fra:1 Mem:23.33M (Peak 25.85M) | Time:00:00.00 | Mem:0.00M, Peak:0.00M | Scene, ViewLayer | Updating Particle Systems
Fra:1 Mem:23.33M (Peak 25.85M) | Time:00:00.00 | Mem:0.00M, Peak:0.00M | Scene, ViewLayer | Updating Particle Systems | Copying Particles to device
Fra:1 Mem:23.33M (Peak 25.85M) | Time:00:00.00 | Mem:0.00M, Peak:0.00M | Scene, ViewLayer | Updating Meshes
Fra:1 Mem:23.33M (Peak 25.85M) | Time:00:00.00 | Mem:0.00M, Peak:0.00M | Scene, ViewLayer | Updating Objects | Applying Static Transformations
Fra:1 Mem:23.33M (Peak 25.85M) | Time:00:00.00 | Mem:0.00M, Peak:0.00M | Scene, ViewLayer | Updating Mesh | Computing attributes
Fra:1 Mem:26.05M (Peak 26.05M) | Time:00:00.00 | Mem:0.00M, Peak:0.00M | Scene, ViewLayer | Updating Mesh | Copying Attributes to device
Fra:1 Mem:26.05M (Peak 26.05M) | Time:00:00.00 | Mem:2.72M, Peak:2.72M | Scene, ViewLayer | Updating Scene BVH | Building
Fra:1 Mem:26.05M (Peak 26.05M) | Time:00:00.00 | Mem:2.72M, Peak:2.72M | Scene, ViewLayer | Updating Scene BVH | Building BVH
Fra:1 Mem:26.05M (Peak 26.05M) | Time:00:00.00 | Mem:4.34M, Peak:4.34M | Scene, ViewLayer | Updating Scene BVH | Building BVH 0%
Fra:1 Mem:26.05M (Peak 26.05M) | Time:00:00.01 | Mem:6.26M, Peak:7.88M | Scene, ViewLayer | Updating Scene BVH | Copying BVH to device
Fra:1 Mem:26.05M (Peak 26.05M) | Time:00:00.01 | Mem:6.26M, Peak:7.88M | Scene, ViewLayer | Updating Mesh | Computing normals
Fra:1 Mem:27.46M (Peak 27.46M) | Time:00:00.01 | Mem:6.26M, Peak:7.88M | Scene, ViewLayer | Updating Mesh | Copying Mesh to device
Fra:1 Mem:27.46M (Peak 27.46M) | Time:00:00.01 | Mem:7.68M, Peak:7.88M | Scene, ViewLayer | Updating Objects Flags
Fra:1 Mem:27.46M (Peak 27.46M) | Time:00:00.01 | Mem:7.68M, Peak:7.88M | Scene, ViewLayer | Updating Primitive Offsets
Fra:1 Mem:27.46M (Peak 27.46M) | Time:00:00.01 | Mem:7.68M, Peak:7.88M | Scene, ViewLayer | Updating Images
Fra:1 Mem:27.46M (Peak 27.46M) | Time:00:00.01 | Mem:7.68M, Peak:7.88M | Scene, ViewLayer | Updating Camera Volume
Fra:1 Mem:27.46M (Peak 27.46M) | Time:00:00.01 | Mem:7.68M, Peak:7.88M | Scene, ViewLayer | Updating Lookup Tables
Fra:1 Mem:27.46M (Peak 27.46M) | Time:00:00.01 | Mem:7.76M, Peak:7.88M | Scene, ViewLayer | Updating Lights
Fra:1 Mem:27.46M (Peak 27.46M) | Time:00:00.01 | Mem:7.76M, Peak:7.88M | Scene, ViewLayer | Updating Lights | Computing tree
Fra:1 Mem:27.46M (Peak 27.46M) | Time:00:00.01 | Mem:7.76M, Peak:7.88M | Scene, ViewLayer | Updating Integrator
Fra:1 Mem:27.46M (Peak 27.46M) | Time:00:00.01 | Mem:7.76M, Peak:7.88M | Scene, ViewLayer | Updating Film
Fra:1 Mem:27.46M (Peak 27.46M) | Time:00:00.01 | Mem:7.68M, Peak:7.88M | Scene, ViewLayer | Updating Lookup Tables
Fra:1 Mem:27.46M (Peak 27.46M) | Time:00:00.01 | Mem:7.76M, Peak:7.88M | Scene, ViewLayer | Updating Baking
Fra:1 Mem:27.46M (Peak 27.46M) | Time:00:00.01 | Mem:7.76M, Peak:7.88M | Scene, ViewLayer | Updating Device | Writing constant memory
Fra:1 Mem:27.47M (Peak 27.47M) | Time:00:00.01 | Mem:7.76M, Peak:7.88M | Scene, ViewLayer | Loading denoising kernels (may take a few minutes the first time)
Fra:1 Mem:27.47M (Peak 27.47M) | Time:00:00.01 | Mem:7.76M, Peak:7.88M | Scene, ViewLayer | Sample 0/8
Fra:1 Mem:78.22M (Peak 78.22M) | Time:00:00.24 | Remaining:00:01.60 | Mem:58.50M, Peak:58.50M | Scene, ViewLayer | Sample 1/8
Fra:1 Mem:99.59M (Peak 131.64M) | Time:00:09.44 | Mem:58.50M, Peak:58.50M | Scene, ViewLayer | Sample 8/8
Fra:1 Mem:99.59M (Peak 131.64M) | Time:00:09.44 | Mem:58.50M, Peak:58.50M | Scene, ViewLayer | Finished
Saved: '/workspace/scratch/a29d03198654/Aether/cloud-evidence/cloudbank58c-source-preview-20261001T130331Z-2nvatrox/images/cloudbank58c-underside.png'
Time: 00:09.52 (Saving: 00:00.07)

Fra:1 Mem:18.94M (Peak 18.94M) | Time:00:00.00 | Mem:0.00M, Peak:0.00M | Scene, ViewLayer | Synchronizing object | CloudBank58C_four_root_density_and_folds
Fra:1 Mem:18.94M (Peak 18.94M) | Time:00:00.00 | Mem:0.00M, Peak:0.00M | Scene, ViewLayer | Synchronizing object | Sun
Fra:1 Mem:23.43M (Peak 25.85M) | Time:00:00.00 | Mem:0.00M, Peak:0.00M | Scene, ViewLayer | Initializing
Fra:1 Mem:23.24M (Peak 25.85M) | Time:00:00.00 | Mem:0.00M, Peak:0.00M | Scene, ViewLayer | Waiting for render to start
Fra:1 Mem:23.24M (Peak 25.85M) | Time:00:00.00 | Mem:0.00M, Peak:0.00M | Scene, ViewLayer | Updating Scene
Fra:1 Mem:23.24M (Peak 25.85M) | Time:00:00.00 | Mem:0.00M, Peak:0.00M | Scene, ViewLayer | Updating Shaders
Fra:1 Mem:23.24M (Peak 25.85M) | Time:00:00.00 | Mem:0.00M, Peak:0.00M | Scene, ViewLayer | Loading render kernels (may take a few minutes the first time)
Fra:1 Mem:23.33M (Peak 25.85M) | Time:00:00.00 | Mem:0.00M, Peak:0.00M | Scene, ViewLayer | Updating Procedurals
Fra:1 Mem:23.33M (Peak 25.85M) | Time:00:00.00 | Mem:0.00M, Peak:0.00M | Scene, ViewLayer | Updating Background
Fra:1 Mem:23.33M (Peak 25.85M) | Time:00:00.00 | Mem:0.00M, Peak:0.00M | Scene, ViewLayer | Updating Camera
Fra:1 Mem:23.33M (Peak 25.85M) | Time:00:00.00 | Mem:0.00M, Peak:0.00M | Scene, ViewLayer | Updating Meshes Flags
Fra:1 Mem:23.33M (Peak 25.85M) | Time:00:00.00 | Mem:0.00M, Peak:0.00M | Scene, ViewLayer | Updating Objects
Fra:1 Mem:23.33M (Peak 25.85M) | Time:00:00.00 | Mem:0.00M, Peak:0.00M | Scene, ViewLayer | Updating Objects | Copying Transformations to device
Fra:1 Mem:23.33M (Peak 25.85M) | Time:00:00.00 | Mem:0.00M, Peak:0.00M | Scene, ViewLayer | Updating Particle Systems
Fra:1 Mem:23.33M (Peak 25.85M) | Time:00:00.00 | Mem:0.00M, Peak:0.00M | Scene, ViewLayer | Updating Particle Systems | Copying Particles to device
Fra:1 Mem:23.33M (Peak 25.85M) | Time:00:00.00 | Mem:0.00M, Peak:0.00M | Scene, ViewLayer | Updating Meshes
Fra:1 Mem:23.33M (Peak 25.85M) | Time:00:00.00 | Mem:0.00M, Peak:0.00M | Scene, ViewLayer | Updating Objects | Applying Static Transformations
Fra:1 Mem:23.33M (Peak 25.85M) | Time:00:00.00 | Mem:0.00M, Peak:0.00M | Scene, ViewLayer | Updating Mesh | Computing attributes
Fra:1 Mem:26.05M (Peak 26.05M) | Time:00:00.00 | Mem:0.00M, Peak:0.00M | Scene, ViewLayer | Updating Mesh | Copying Attributes to device
Fra:1 Mem:26.05M (Peak 26.05M) | Time:00:00.00 | Mem:2.72M, Peak:2.72M | Scene, ViewLayer | Updating Scene BVH | Building
Fra:1 Mem:26.05M (Peak 26.05M) | Time:00:00.00 | Mem:2.72M, Peak:2.72M | Scene, ViewLayer | Updating Scene BVH | Building BVH
Fra:1 Mem:26.05M (Peak 26.05M) | Time:00:00.00 | Mem:4.34M, Peak:4.34M | Scene, ViewLayer | Updating Scene BVH | Building BVH 0%
Fra:1 Mem:26.05M (Peak 26.05M) | Time:00:00.01 | Mem:6.26M, Peak:7.88M | Scene, ViewLayer | Updating Scene BVH | Copying BVH to device
Fra:1 Mem:26.05M (Peak 26.05M) | Time:00:00.01 | Mem:6.26M, Peak:7.88M | Scene, ViewLayer | Updating Mesh | Computing normals
Fra:1 Mem:27.46M (Peak 27.46M) | Time:00:00.01 | Mem:6.26M, Peak:7.88M | Scene, ViewLayer | Updating Mesh | Copying Mesh to device
Fra:1 Mem:27.46M (Peak 27.46M) | Time:00:00.01 | Mem:7.68M, Peak:7.88M | Scene, ViewLayer | Updating Objects Flags
Fra:1 Mem:27.46M (Peak 27.46M) | Time:00:00.01 | Mem:7.68M, Peak:7.88M | Scene, ViewLayer | Updating Primitive Offsets
Fra:1 Mem:27.46M (Peak 27.46M) | Time:00:00.01 | Mem:7.68M, Peak:7.88M | Scene, ViewLayer | Updating Images
Fra:1 Mem:27.46M (Peak 27.46M) | Time:00:00.01 | Mem:7.68M, Peak:7.88M | Scene, ViewLayer | Updating Camera Volume
Fra:1 Mem:27.46M (Peak 27.46M) | Time:00:00.01 | Mem:7.68M, Peak:7.88M | Scene, ViewLayer | Updating Lookup Tables
Fra:1 Mem:27.46M (Peak 27.46M) | Time:00:00.01 | Mem:7.76M, Peak:7.88M | Scene, ViewLayer | Updating Lights
Fra:1 Mem:27.46M (Peak 27.46M) | Time:00:00.01 | Mem:7.76M, Peak:7.88M | Scene, ViewLayer | Updating Lights | Computing tree
Fra:1 Mem:27.46M (Peak 27.46M) | Time:00:00.01 | Mem:7.76M, Peak:7.88M | Scene, ViewLayer | Updating Integrator
Fra:1 Mem:27.46M (Peak 27.46M) | Time:00:00.01 | Mem:7.76M, Peak:7.88M | Scene, ViewLayer | Updating Film
Fra:1 Mem:27.46M (Peak 27.46M) | Time:00:00.01 | Mem:7.68M, Peak:7.88M | Scene, ViewLayer | Updating Lookup Tables
Fra:1 Mem:27.46M (Peak 27.46M) | Time:00:00.01 | Mem:7.76M, Peak:7.88M | Scene, ViewLayer | Updating Baking
Fra:1 Mem:27.46M (Peak 27.46M) | Time:00:00.01 | Mem:7.76M, Peak:7.88M | Scene, ViewLayer | Updating Device | Writing constant memory
Fra:1 Mem:27.47M (Peak 27.47M) | Time:00:00.01 | Mem:7.76M, Peak:7.88M | Scene, ViewLayer | Loading denoising kernels (may take a few minutes the first time)
Fra:1 Mem:27.47M (Peak 27.47M) | Time:00:00.01 | Mem:7.76M, Peak:7.88M | Scene, ViewLayer | Sample 0/8
Fra:1 Mem:78.22M (Peak 78.22M) | Time:00:00.33 | Remaining:00:02.21 | Mem:58.50M, Peak:58.50M | Scene, ViewLayer | Sample 1/8
Fra:1 Mem:99.59M (Peak 131.64M) | Time:00:12.40 | Mem:58.50M, Peak:58.50M | Scene, ViewLayer | Sample 8/8
Fra:1 Mem:99.59M (Peak 131.64M) | Time:00:12.40 | Mem:58.50M, Peak:58.50M | Scene, ViewLayer | Finished
Saved: '/workspace/scratch/a29d03198654/Aether/cloud-evidence/cloudbank58c-source-preview-20261001T130331Z-2nvatrox/images/cloudbank58c-top.png'
Time: 00:12.48 (Saving: 00:00.08)

Five actualCsourceimages complete; no source save or world

Blender quit
