Godot Engine v4.5.1.stable.official.f62fdbde1 - https://godotengine.org
OpenGL API 3.3.0 NVIDIA 582.66 - Compatibility - Using Device: NVIDIA - NVIDIA GeForce GTX 970

ERROR: Cannot open file 'res://assets/meshes/pine.res'.
   at: load (core/io/resource_format_binary.cpp:1220)
   GDScript backtrace (most recent call first):
       [0] run (res://tools/verify_candidate39.gd:38)
ERROR: Failed loading resource: res://assets/meshes/pine.res.
   at: _load (core/io/resource_loader.cpp:343)
   GDScript backtrace (most recent call first):
       [0] run (res://tools/verify_candidate39.gd:38)
ERROR: Can't load dependency: 'res://assets/meshes/pine.res'.
   at: parse_variant (core/io/resource_format_binary.cpp:459)
   GDScript backtrace (most recent call first):
       [0] run (res://tools/verify_candidate39.gd:38)
ERROR: Failed loading resource: res://assets/scatter/Grounded_pine_-4_-10.res.
   at: _load (core/io/resource_loader.cpp:343)
   GDScript backtrace (most recent call first):
       [0] run (res://tools/verify_candidate39.gd:38)
ERROR: Cannot open file 'res://assets/meshes/pine.res'.
   at: load (core/io/resource_format_binary.cpp:1220)
   GDScript backtrace (most recent call first):
       [0] run (res://tools/verify_candidate39.gd:38)
ERROR: Failed loading resource: res://assets/meshes/pine.res.
   at: _load (core/io/resource_loader.cpp:343)
   GDScript backtrace (most recent call first):
       [0] run (res://tools/verify_candidate39.gd:38)
ERROR: Can't load dependency: 'res://assets/meshes/pine.res'.
   at: parse_variant (core/io/resource_format_binary.cpp:459)
   GDScript backtrace (most recent call first):
       [0] run (res://tools/verify_candidate39.gd:38)
ERROR: Failed loading resource: res://assets/scatter/Grounded_pine_-3_-10.res.
   at: _load (core/io/resource_loader.cpp:343)
   GDScript backtrace (most recent call first):
       [0] run (res://tools/verify_candidate39.gd:38)
ERROR: Cannot open file 'res://assets/meshes/pine.res'.
   at: load (core/io/resource_format_binary.cpp:1220)
   GDScript backtrace (most recent call first):
       [0] run (res://tools/verify_candidate39.gd:38)
ERROR: Failed loading resource: res://assets/meshes/pine.res.
   at: _load (core/io/resource_loader.cpp:343)
   GDScript backtrace (most recent call first):
       [0] run (res://tools/verify_candidate39.gd:38)
ERROR: Can't load dependency: 'res://assets/meshes/pine.res'.
   at: parse_variant (core/io/resource_format_binary.cpp:459)
   GDScript backtrace (most recent call first):
       [0] run (res://tools/verify_candidate39.gd:38)
ERROR: Failed loading resource: res://assets/scatter/Grounded_pine_-2_-10.res.
   at: _load (core/io/resource_loader.cpp:343)
   GDScript backtrace (most recent call first):
       [0] run (res://tools/verify_candidate39.gd:38)
ERROR: Cannot open file 'res://assets/meshes/pine.res'.
   at: load (core/io/resource_format_binary.cpp:1220)
   GDScript backtrace (most recent call first):
       [0] run (res://tools/verify_candidate39.gd:38)
ERROR: Failed loading resource: res://assets/meshes/pine.res.
   at: _load (core/io/resource_loader.cpp:343)
   GDScript backtrace (most recent call first):
       [0] run (res://tools/verify_candidate39.gd:38)
ERROR: Can't load dependency: 'res://assets/meshes/pine.res'.
   at: parse_variant (core/io/resource_format_binary.cpp:459)
   GDScript backtrace (most recent call first):
       [0] run (res://tools/verify_candidate39.gd:38)
ERROR: Failed loading resource: res://assets/scatter/Grounded_pine_0_-4.res.
   at: _load (core/io/resource_loader.cpp:343)
   GDScript backtrace (most recent call first):
       [0] run (res://tools/verify_candidate39.gd:38)
ERROR: Cannot open file 'res://assets/meshes/pine.res'.
   at: load (core/io/resource_format_binary.cpp:1220)
   GDScript backtrace (most recent call first):
       [0] run (res://tools/verify_candidate39.gd:38)
ERROR: Failed loading resource: res://assets/meshes/pine.res.
   at: _load (core/io/resource_loader.cpp:343)
   GDScript backtrace (most recent call first):
       [0] run (res://tools/verify_candidate39.gd:38)
ERROR: Can't load dependency: 'res://assets/meshes/pine.res'.
   at: parse_variant (core/io/resource_format_binary.cpp:459)
   GDScript backtrace (most recent call first):
       [0] run (res://tools/verify_candidate39.gd:38)
ERROR: Failed loading resource: res://assets/scatter/Grounded_pine_1_-4.res.
   at: _load (core/io/resource_loader.cpp:343)
   GDScript backtrace (most recent call first):
       [0] run (res://tools/verify_candidate39.gd:38)
ERROR: Cannot open file 'res://assets/meshes/pine.res'.
   at: load (core/io/resource_format_binary.cpp:1220)
   GDScript backtrace (most recent call first):
       [0] run (res://tools/verify_candidate39.gd:38)
ERROR: Failed loading resource: res://assets/meshes/pine.res.
   at: _load (core/io/resource_loader.cpp:343)
   GDScript backtrace (most recent call first):
       [0] run (res://tools/verify_candidate39.gd:38)
ERROR: Can't load dependency: 'res://assets/meshes/pine.res'.
   at: parse_variant (core/io/resource_format_binary.cpp:459)
   GDScript backtrace (most recent call first):
       [0] run (res://tools/verify_candidate39.gd:38)
ERROR: Failed loading resource: res://assets/scatter/Grounded_pine_2_-4.res.
   at: _load (core/io/resource_loader.cpp:343)
   GDScript backtrace (most recent call first):
       [0] run (res://tools/verify_candidate39.gd:38)
ERROR: Cannot open file 'res://assets/meshes/pine.res'.
   at: load (core/io/resource_format_binary.cpp:1220)
   GDScript backtrace (most recent call first):
       [0] run (res://tools/verify_candidate39.gd:38)
ERROR: Failed loading resource: res://assets/meshes/pine.res.
   at: _load (core/io/resource_loader.cpp:343)
   GDScript backtrace (most recent call first):
       [0] run (res://tools/verify_candidate39.gd:38)
ERROR: Can't load dependency: 'res://assets/meshes/pine.res'.
   at: parse_variant (core/io/resource_format_binary.cpp:459)
   GDScript backtrace (most recent call first):
       [0] run (res://tools/verify_candidate39.gd:38)
ERROR: Failed loading resource: res://assets/scatter/Grounded_pine_4_-4.res.
   at: _load (core/io/resource_loader.cpp:343)
   GDScript backtrace (most recent call first):
       [0] run (res://tools/verify_candidate39.gd:38)
ERROR: Cannot open file 'res://assets/meshes/pine.res'.
   at: load (core/io/resource_format_binary.cpp:1220)
   GDScript backtrace (most recent call first):
       [0] run (res://tools/verify_candidate39.gd:38)
ERROR: Failed loading resource: res://assets/meshes/pine.res.
   at: _load (core/io/resource_loader.cpp:343)
   GDScript backtrace (most recent call first):
       [0] run (res://tools/verify_candidate39.gd:38)
ERROR: Can't load dependency: 'res://assets/meshes/pine.res'.
   at: parse_variant (core/io/resource_format_binary.cpp:459)
   GDScript backtrace (most recent call first):
       [0] run (res://tools/verify_candidate39.gd:38)
ERROR: Failed loading resource: res://assets/scatter/Grounded_pine_5_-4.res.
   at: _load (core/io/resource_loader.cpp:343)
   GDScript backtrace (most recent call first):
       [0] run (res://tools/verify_candidate39.gd:38)
ERROR: Cannot open file 'res://assets/meshes/pine.res'.
   at: load (core/io/resource_format_binary.cpp:1220)
   GDScript backtrace (most recent call first):
       [0] run (res://tools/verify_candidate39.gd:38)
ERROR: Failed loading resource: res://assets/meshes/pine.res.
   at: _load (core/io/resource_loader.cpp:343)
   GDScript backtrace (most recent call first):
       [0] run (res://tools/verify_candidate39.gd:38)
ERROR: Can't load dependency: 'res://assets/meshes/pine.res'.
   at: parse_variant (core/io/resource_format_binary.cpp:459)
   GDScript backtrace (most recent call first):
       [0] run (res://tools/verify_candidate39.gd:38)
ERROR: Failed loading resource: res://assets/scatter/Grounded_pine_6_-4.res.
   at: _load (core/io/resource_loader.cpp:343)
   GDScript backtrace (most recent call first):
       [0] run (res://tools/verify_candidate39.gd:38)
ERROR: Cannot open file 'res://assets/meshes/pine.res'.
   at: load (core/io/resource_format_binary.cpp:1220)
   GDScript backtrace (most recent call first):
       [0] run (res://tools/verify_candidate39.gd:38)
ERROR: Failed loading resource: res://assets/meshes/pine.res.
   at: _load (core/io/resource_loader.cpp:343)
   GDScript backtrace (most recent call first):
       [0] run (res://tools/verify_candidate39.gd:38)
ERROR: Can't load dependency: 'res://assets/meshes/pine.res'.
   at: parse_variant (core/io/resource_format_binary.cpp:459)
   GDScript backtrace (most recent call first):
       [0] run (res://tools/verify_candidate39.gd:38)
ERROR: Failed loading resource: res://assets/scatter/Grounded_pine_0_-3.res.
   at: _load (core/io/resource_loader.cpp:343)
   GDScript backtrace (most recent call first):
       [0] run (res://tools/verify_candidate39.gd:38)
ERROR: Cannot open file 'res://assets/meshes/pine.res'.
   at: load (core/io/resource_format_binary.cpp:1220)
   GDScript backtrace (most recent call first):
       [0] run (res://tools/verify_candidate39.gd:38)
ERROR: Failed loading resource: res://assets/meshes/pine.res.
   at: _load (core/io/resource_loader.cpp:343)
   GDScript backtrace (most recent call first):
       [0] run (res://tools/verify_candidate39.gd:38)
ERROR: Can't load dependency: 'res://assets/meshes/pine.res'.
   at: parse_variant (core/io/resource_format_binary.cpp:459)
   GDScript backtrace (most recent call first):
       [0] run (res://tools/verify_candidate39.gd:38)
ERROR: Failed loading resource: res://assets/scatter/Grounded_pine_1_-3.res.
   at: _load (core/io/resource_loader.cpp:343)
   GDScript backtrace (most recent call first):
       [0] run (res://tools/verify_candidate39.gd:38)
ERROR: Cannot open file 'res://assets/meshes/pine.res'.
   at: load (core/io/resource_format_binary.cpp:1220)
   GDScript backtrace (most recent call first):
       [0] run (res://tools/verify_candidate39.gd:38)
ERROR: Failed loading resource: res://assets/meshes/pine.res.
   at: _load (core/io/resource_loader.cpp:343)
   GDScript backtrace (most recent call first):
       [0] run (res://tools/verify_candidate39.gd:38)
ERROR: Can't load dependency: 'res://assets/meshes/pine.res'.
   at: parse_variant (core/io/resource_format_binary.cpp:459)
   GDScript backtrace (most recent call first):
       [0] run (res://tools/verify_candidate39.gd:38)
ERROR: Failed loading resource: res://assets/scatter/Grounded_pine_5_-3.res.
   at: _load (core/io/resource_loader.cpp:343)
   GDScript backtrace (most recent call first):
       [0] run (res://tools/verify_candidate39.gd:38)
ERROR: Cannot open file 'res://assets/meshes/pine.res'.
   at: load (core/io/resource_format_binary.cpp:1220)
   GDScript backtrace (most recent call first):
       [0] run (res://tools/verify_candidate39.gd:38)
ERROR: Failed loading resource: res://assets/meshes/pine.res.
   at: _load (core/io/resource_loader.cpp:343)
   GDScript backtrace (most recent call first):
       [0] run (res://tools/verify_candidate39.gd:38)
ERROR: Can't load dependency: 'res://assets/meshes/pine.res'.
   at: parse_variant (core/io/resource_format_binary.cpp:459)
   GDScript backtrace (most recent call first):
       [0] run (res://tools/verify_candidate39.gd:38)
ERROR: Failed loading resource: res://assets/scatter/pine_-4_-1.res.
   at: _load (core/io/resource_loader.cpp:343)
   GDScript backtrace (most recent call first):
       [0] run (res://tools/verify_candidate39.gd:38)
ERROR: Cannot open file 'res://assets/meshes/pine.res'.
   at: load (core/io/resource_format_binary.cpp:1220)
   GDScript backtrace (most recent call first):
       [0] run (res://tools/verify_candidate39.gd:38)
ERROR: Failed loading resource: res://assets/meshes/pine.res.
   at: _load (core/io/resource_loader.cpp:343)
   GDScript backtrace (most recent call first):
       [0] run (res://tools/verify_candidate39.gd:38)
ERROR: Can't load dependency: 'res://assets/meshes/pine.res'.
   at: parse_variant (core/io/resource_format_binary.cpp:459)
   GDScript backtrace (most recent call first):
       [0] run (res://tools/verify_candidate39.gd:38)
ERROR: Failed loading resource: res://assets/scatter/Grounded_pine_2_1.res.
   at: _load (core/io/resource_loader.cpp:343)
   GDScript backtrace (most recent call first):
       [0] run (res://tools/verify_candidate39.gd:38)
ERROR: Cannot open file 'res://assets/meshes/pine.res'.
   at: load (core/io/resource_format_binary.cpp:1220)
   GDScript backtrace (most recent call first):
       [0] run (res://tools/verify_candidate39.gd:38)
ERROR: Failed loading resource: res://assets/meshes/pine.res.
   at: _load (core/io/resource_loader.cpp:343)
   GDScript backtrace (most recent call first):
       [0] run (res://tools/verify_candidate39.gd:38)
ERROR: Can't load dependency: 'res://assets/meshes/pine.res'.
   at: parse_variant (core/io/resource_format_binary.cpp:459)
   GDScript backtrace (most recent call first):
       [0] run (res://tools/verify_candidate39.gd:38)
ERROR: Failed loading resource: res://assets/scatter/Grounded_pine_3_1.res.
   at: _load (core/io/resource_loader.cpp:343)
   GDScript backtrace (most recent call first):
       [0] run (res://tools/verify_candidate39.gd:38)
ERROR: Cannot open file 'res://assets/meshes/pine.res'.
   at: load (core/io/resource_format_binary.cpp:1220)
   GDScript backtrace (most recent call first):
       [0] run (res://tools/verify_candidate39.gd:38)
ERROR: Failed loading resource: res://assets/meshes/pine.res.
   at: _load (core/io/resource_loader.cpp:343)
   GDScript backtrace (most recent call first):
       [0] run (res://tools/verify_candidate39.gd:38)
ERROR: Can't load dependency: 'res://assets/meshes/pine.res'.
   at: parse_variant (core/io/resource_format_binary.cpp:459)
   GDScript backtrace (most recent call first):
       [0] run (res://tools/verify_candidate39.gd:38)
ERROR: Failed loading resource: res://assets/scatter/Grounded_pine_4_1.res.
   at: _load (core/io/resource_loader.cpp:343)
   GDScript backtrace (most recent call first):
       [0] run (res://tools/verify_candidate39.gd:38)
ERROR: Cannot open file 'res://assets/meshes/pine.res'.
   at: load (core/io/resource_format_binary.cpp:1220)
   GDScript backtrace (most recent call first):
       [0] run (res://tools/verify_candidate39.gd:38)
ERROR: Failed loading resource: res://assets/meshes/pine.res.
   at: _load (core/io/resource_loader.cpp:343)
   GDScript backtrace (most recent call first):
       [0] run (res://tools/verify_candidate39.gd:38)
ERROR: Can't load dependency: 'res://assets/meshes/pine.res'.
   at: parse_variant (core/io/resource_format_binary.cpp:459)
   GDScript backtrace (most recent call first):
       [0] run (res://tools/verify_candidate39.gd:38)
ERROR: Failed loading resource: res://assets/scatter/Grounded_pine_-2_2.res.
   at: _load (core/io/resource_loader.cpp:343)
   GDScript backtrace (most recent call first):
       [0] run (res://tools/verify_candidate39.gd:38)
ERROR: Cannot open file 'res://assets/meshes/pine.res'.
   at: load (core/io/resource_format_binary.cpp:1220)
   GDScript backtrace (most recent call first):
       [0] run (res://tools/verify_candidate39.gd:38)
ERROR: Failed loading resource: res://assets/meshes/pine.res.
   at: _load (core/io/resource_loader.cpp:343)
   GDScript backtrace (most recent call first):
       [0] run (res://tools/verify_candidate39.gd:38)
ERROR: Can't load dependency: 'res://assets/meshes/pine.res'.
   at: parse_variant (core/io/resource_format_binary.cpp:459)
   GDScript backtrace (most recent call first):
       [0] run (res://tools/verify_candidate39.gd:38)
ERROR: Failed loading resource: res://assets/scatter/Grounded_pine_2_2.res.
   at: _load (core/io/resource_loader.cpp:343)
   GDScript backtrace (most recent call first):
       [0] run (res://tools/verify_candidate39.gd:38)
ERROR: Cannot open file 'res://assets/meshes/pine.res'.
   at: load (core/io/resource_format_binary.cpp:1220)
   GDScript backtrace (most recent call first):
       [0] run (res://tools/verify_candidate39.gd:38)
ERROR: Failed loading resource: res://assets/meshes/pine.res.
   at: _load (core/io/resource_loader.cpp:343)
   GDScript backtrace (most recent call first):
       [0] run (res://tools/verify_candidate39.gd:38)
ERROR: Can't load dependency: 'res://assets/meshes/pine.res'.
   at: parse_variant (core/io/resource_format_binary.cpp:459)
   GDScript backtrace (most recent call first):
       [0] run (res://tools/verify_candidate39.gd:38)
ERROR: Failed loading resource: res://assets/scatter/Grounded_pine_3_2.res.
   at: _load (core/io/resource_loader.cpp:343)
   GDScript backtrace (most recent call first):
       [0] run (res://tools/verify_candidate39.gd:38)
ERROR: Cannot open file 'res://assets/meshes/pine.res'.
   at: load (core/io/resource_format_binary.cpp:1220)
   GDScript backtrace (most recent call first):
       [0] run (res://tools/verify_candidate39.gd:38)
ERROR: Failed loading resource: res://assets/meshes/pine.res.
   at: _load (core/io/resource_loader.cpp:343)
   GDScript backtrace (most recent call first):
       [0] run (res://tools/verify_candidate39.gd:38)
ERROR: Can't load dependency: 'res://assets/meshes/pine.res'.
   at: parse_variant (core/io/resource_format_binary.cpp:459)
   GDScript backtrace (most recent call first):
       [0] run (res://tools/verify_candidate39.gd:38)
ERROR: Failed loading resource: res://assets/scatter/Grounded_pine_4_2.res.
   at: _load (core/io/resource_loader.cpp:343)
   GDScript backtrace (most recent call first):
       [0] run (res://tools/verify_candidate39.gd:38)
ERROR: Cannot open file 'res://assets/meshes/pine.res'.
   at: load (core/io/resource_format_binary.cpp:1220)
   GDScript backtrace (most recent call first):
       [0] run (res://tools/verify_candidate39.gd:38)
ERROR: Failed loading resource: res://assets/meshes/pine.res.
   at: _load (core/io/resource_loader.cpp:343)
   GDScript backtrace (most recent call first):
       [0] run (res://tools/verify_candidate39.gd:38)
ERROR: Can't load dependency: 'res://assets/meshes/pine.res'.
   at: parse_variant (core/io/resource_format_binary.cpp:459)
   GDScript backtrace (most recent call first):
       [0] run (res://tools/verify_candidate39.gd:38)
ERROR: Failed loading resource: res://assets/scatter/Grounded_pine_-2_3.res.
   at: _load (core/io/resource_loader.cpp:343)
   GDScript backtrace (most recent call first):
       [0] run (res://tools/verify_candidate39.gd:38)
ERROR: Cannot open file 'res://assets/meshes/pine.res'.
   at: load (core/io/resource_format_binary.cpp:1220)
   GDScript backtrace (most recent call first):
       [0] run (res://tools/verify_candidate39.gd:38)
ERROR: Failed loading resource: res://assets/meshes/pine.res.
   at: _load (core/io/resource_loader.cpp:343)
   GDScript backtrace (most recent call first):
       [0] run (res://tools/verify_candidate39.gd:38)
ERROR: Can't load dependency: 'res://assets/meshes/pine.res'.
   at: parse_variant (core/io/resource_format_binary.cpp:459)
   GDScript backtrace (most recent call first):
       [0] run (res://tools/verify_candidate39.gd:38)
ERROR: Failed loading resource: res://assets/scatter/pine_-1_3.res.
   at: _load (core/io/resource_loader.cpp:343)
   GDScript backtrace (most recent call first):
       [0] run (res://tools/verify_candidate39.gd:38)
ERROR: Cannot open file 'res://assets/meshes/pine.res'.
   at: load (core/io/resource_format_binary.cpp:1220)
   GDScript backtrace (most recent call first):
       [0] run (res://tools/verify_candidate39.gd:38)
ERROR: Failed loading resource: res://assets/meshes/pine.res.
   at: _load (core/io/resource_loader.cpp:343)
   GDScript backtrace (most recent call first):
       [0] run (res://tools/verify_candidate39.gd:38)
ERROR: Can't load dependency: 'res://assets/meshes/pine.res'.
   at: parse_variant (core/io/resource_format_binary.cpp:459)
   GDScript backtrace (most recent call first):
       [0] run (res://tools/verify_candidate39.gd:38)
ERROR: Failed loading resource: res://assets/scatter/Grounded_pine_-3_4.res.
   at: _load (core/io/resource_loader.cpp:343)
   GDScript backtrace (most recent call first):
       [0] run (res://tools/verify_candidate39.gd:38)
ERROR: Cannot open file 'res://assets/meshes/pine.res'.
   at: load (core/io/resource_format_binary.cpp:1220)
   GDScript backtrace (most recent call first):
       [0] run (res://tools/verify_candidate39.gd:38)
ERROR: Failed loading resource: res://assets/meshes/pine.res.
   at: _load (core/io/resource_loader.cpp:343)
   GDScript backtrace (most recent call first):
       [0] run (res://tools/verify_candidate39.gd:38)
ERROR: Can't load dependency: 'res://assets/meshes/pine.res'.
   at: parse_variant (core/io/resource_format_binary.cpp:459)
   GDScript backtrace (most recent call first):
       [0] run (res://tools/verify_candidate39.gd:38)
ERROR: Failed loading resource: res://assets/scatter/Grounded_pine_-2_4.res.
   at: _load (core/io/resource_loader.cpp:343)
   GDScript backtrace (most recent call first):
       [0] run (res://tools/verify_candidate39.gd:38)
ERROR: Cannot open file 'res://assets/meshes/pine.res'.
   at: load (core/io/resource_format_binary.cpp:1220)
   GDScript backtrace (most recent call first):
       [0] run (res://tools/verify_candidate39.gd:38)
ERROR: Failed loading resource: res://assets/meshes/pine.res.
   at: _load (core/io/resource_loader.cpp:343)
   GDScript backtrace (most recent call first):
       [0] run (res://tools/verify_candidate39.gd:38)
ERROR: Can't load dependency: 'res://assets/meshes/pine.res'.
   at: parse_variant (core/io/resource_format_binary.cpp:459)
   GDScript backtrace (most recent call first):
       [0] run (res://tools/verify_candidate39.gd:38)
ERROR: Failed loading resource: res://assets/scatter/Grounded_pine_5_5.res.
   at: _load (core/io/resource_loader.cpp:343)
   GDScript backtrace (most recent call first):
       [0] run (res://tools/verify_candidate39.gd:38)
ERROR: Cannot open file 'res://assets/meshes/pine.res'.
   at: load (core/io/resource_format_binary.cpp:1220)
   GDScript backtrace (most recent call first):
       [0] run (res://tools/verify_candidate39.gd:38)
ERROR: Failed loading resource: res://assets/meshes/pine.res.
   at: _load (core/io/resource_loader.cpp:343)
   GDScript backtrace (most recent call first):
       [0] run (res://tools/verify_candidate39.gd:38)
ERROR: Can't load dependency: 'res://assets/meshes/pine.res'.
   at: parse_variant (core/io/resource_format_binary.cpp:459)
   GDScript backtrace (most recent call first):
       [0] run (res://tools/verify_candidate39.gd:38)
ERROR: Failed loading resource: res://assets/scatter/Authored_MesaUpperValley.res.
   at: _load (core/io/resource_loader.cpp:343)
   GDScript backtrace (most recent call first):
       [0] run (res://tools/verify_candidate39.gd:38)
ERROR: Cannot open file 'res://assets/meshes/pine.res'.
   at: load (core/io/resource_format_binary.cpp:1220)
   GDScript backtrace (most recent call first):
       [0] run (res://tools/verify_candidate39.gd:38)
ERROR: Failed loading resource: res://assets/meshes/pine.res.
   at: _load (core/io/resource_loader.cpp:343)
   GDScript backtrace (most recent call first):
       [0] run (res://tools/verify_candidate39.gd:38)
ERROR: Can't load dependency: 'res://assets/meshes/pine.res'.
   at: parse_variant (core/io/resource_format_binary.cpp:459)
   GDScript backtrace (most recent call first):
       [0] run (res://tools/verify_candidate39.gd:38)
ERROR: Failed loading resource: res://assets/scatter/Authored_AlpineValleyWoods.res.
   at: _load (core/io/resource_loader.cpp:343)
   GDScript backtrace (most recent call first):
       [0] run (res://tools/verify_candidate39.gd:38)
ERROR: res://scenes/candidate39/Game39.tscn:67796 - Parse Error: [ext_resource] referenced non-existent resource at: res://assets/scatter/Grounded_pine_-4_-10.res.
   at: _printerr (scene/resources/resource_format_text.cpp:40)
   GDScript backtrace (most recent call first):
       [0] run (res://tools/verify_candidate39.gd:38)
ERROR: res://scenes/candidate39/Game39.tscn:67832 - Parse Error: [ext_resource] referenced non-existent resource at: res://assets/scatter/Grounded_pine_-3_-10.res.
   at: _printerr (scene/resources/resource_format_text.cpp:40)
   GDScript backtrace (most recent call first):
       [0] run (res://tools/verify_candidate39.gd:38)
ERROR: res://scenes/candidate39/Game39.tscn:67877 - Parse Error: [ext_resource] referenced non-existent resource at: res://assets/scatter/Grounded_pine_-2_-10.res.
   at: _printerr (scene/resources/resource_format_text.cpp:40)
   GDScript backtrace (most recent call first):
       [0] run (res://tools/verify_candidate39.gd:38)
ERROR: res://scenes/candidate39/Game39.tscn:70676 - Parse Error: [ext_resource] referenced non-existent resource at: res://assets/scatter/Grounded_pine_0_-4.res.
   at: _printerr (scene/resources/resource_format_text.cpp:40)
   GDScript backtrace (most recent call first):
       [0] run (res://tools/verify_candidate39.gd:38)
ERROR: res://scenes/candidate39/Game39.tscn:70703 - Parse Error: [ext_resource] referenced non-existent resource at: res://assets/scatter/Grounded_pine_1_-4.res.
   at: _printerr (scene/resources/resource_format_text.cpp:40)
   GDScript backtrace (most recent call first):
       [0] run (res://tools/verify_candidate39.gd:38)
ERROR: res://scenes/candidate39/Game39.tscn:70766 - Parse Error: [ext_resource] referenced non-existent resource at: res://assets/scatter/Grounded_pine_2_-4.res.
   at: _printerr (scene/resources/resource_format_text.cpp:40)
   GDScript backtrace (most recent call first):
       [0] run (res://tools/verify_candidate39.gd:38)
ERROR: res://scenes/candidate39/Game39.tscn:70847 - Parse Error: [ext_resource] referenced non-existent resource at: res://assets/scatter/Grounded_pine_4_-4.res.
   at: _printerr (scene/resources/resource_format_text.cpp:40)
   GDScript backtrace (most recent call first):
       [0] run (res://tools/verify_candidate39.gd:38)
ERROR: res://scenes/candidate39/Game39.tscn:70883 - Parse Error: [ext_resource] referenced non-existent resource at: res://assets/scatter/Grounded_pine_5_-4.res.
   at: _printerr (scene/resources/resource_format_text.cpp:40)
   GDScript backtrace (most recent call first):
       [0] run (res://tools/verify_candidate39.gd:38)
ERROR: res://scenes/candidate39/Game39.tscn:70937 - Parse Error: [ext_resource] referenced non-existent resource at: res://assets/scatter/Grounded_pine_6_-4.res.
   at: _printerr (scene/resources/resource_format_text.cpp:40)
   GDScript backtrace (most recent call first):
       [0] run (res://tools/verify_candidate39.gd:38)
ERROR: res://scenes/candidate39/Game39.tscn:71117 - Parse Error: [ext_resource] referenced non-existent resource at: res://assets/scatter/Grounded_pine_0_-3.res.
   at: _printerr (scene/resources/resource_format_text.cpp:40)
   GDScript backtrace (most recent call first):
       [0] run (res://tools/verify_candidate39.gd:38)
ERROR: res://scenes/candidate39/Game39.tscn:71162 - Parse Error: [ext_resource] referenced non-existent resource at: res://assets/scatter/Grounded_pine_1_-3.res.
   at: _printerr (scene/resources/resource_format_text.cpp:40)
   GDScript backtrace (most recent call first):
       [0] run (res://tools/verify_candidate39.gd:38)
ERROR: res://scenes/candidate39/Game39.tscn:71306 - Parse Error: [ext_resource] referenced non-existent resource at: res://assets/scatter/Grounded_pine_5_-3.res.
   at: _printerr (scene/resources/resource_format_text.cpp:40)
   GDScript backtrace (most recent call first):
       [0] run (res://tools/verify_candidate39.gd:38)
ERROR: res://scenes/candidate39/Game39.tscn:71792 - Parse Error: [ext_resource] referenced non-existent resource at: res://assets/scatter/pine_-4_-1.res.
   at: _printerr (scene/resources/resource_format_text.cpp:40)
   GDScript backtrace (most recent call first):
       [0] run (res://tools/verify_candidate39.gd:38)
ERROR: res://scenes/candidate39/Game39.tscn:72661 - Parse Error: [ext_resource] referenced non-existent resource at: res://assets/scatter/Grounded_pine_2_1.res.
   at: _printerr (scene/resources/resource_format_text.cpp:40)
   GDScript backtrace (most recent call first):
       [0] run (res://tools/verify_candidate39.gd:38)
ERROR: res://scenes/candidate39/Game39.tscn:72697 - Parse Error: [ext_resource] referenced non-existent resource at: res://assets/scatter/Grounded_pine_3_1.res.
   at: _printerr (scene/resources/resource_format_text.cpp:40)
   GDScript backtrace (most recent call first):
       [0] run (res://tools/verify_candidate39.gd:38)
ERROR: res://scenes/candidate39/Game39.tscn:72733 - Parse Error: [ext_resource] referenced non-existent resource at: res://assets/scatter/Grounded_pine_4_1.res.
   at: _printerr (scene/resources/resource_format_text.cpp:40)
   GDScript backtrace (most recent call first):
       [0] run (res://tools/verify_candidate39.gd:38)
ERROR: res://scenes/candidate39/Game39.tscn:72877 - Parse Error: [ext_resource] referenced non-existent resource at: res://assets/scatter/Grounded_pine_-2_2.res.
   at: _printerr (scene/resources/resource_format_text.cpp:40)
   GDScript backtrace (most recent call first):
       [0] run (res://tools/verify_candidate39.gd:38)
ERROR: res://scenes/candidate39/Game39.tscn:73030 - Parse Error: [ext_resource] referenced non-existent resource at: res://assets/scatter/Grounded_pine_2_2.res.
   at: _printerr (scene/resources/resource_format_text.cpp:40)
   GDScript backtrace (most recent call first):
       [0] run (res://tools/verify_candidate39.gd:38)
ERROR: res://scenes/candidate39/Game39.tscn:73075 - Parse Error: [ext_resource] referenced non-existent resource at: res://assets/scatter/Grounded_pine_3_2.res.
   at: _printerr (scene/resources/resource_format_text.cpp:40)
   GDScript backtrace (most recent call first):
       [0] run (res://tools/verify_candidate39.gd:38)
ERROR: res://scenes/candidate39/Game39.tscn:73120 - Parse Error: [ext_resource] referenced non-existent resource at: res://assets/scatter/Grounded_pine_4_2.res.
   at: _printerr (scene/resources/resource_format_text.cpp:40)
   GDScript backtrace (most recent call first):
       [0] run (res://tools/verify_candidate39.gd:38)
ERROR: res://scenes/candidate39/Game39.tscn:73264 - Parse Error: [ext_resource] referenced non-existent resource at: res://assets/scatter/Grounded_pine_-2_3.res.
   at: _printerr (scene/resources/resource_format_text.cpp:40)
   GDScript backtrace (most recent call first):
       [0] run (res://tools/verify_candidate39.gd:38)
ERROR: res://scenes/candidate39/Game39.tscn:73318 - Parse Error: [ext_resource] referenced non-existent resource at: res://assets/scatter/pine_-1_3.res.
   at: _printerr (scene/resources/resource_format_text.cpp:40)
   GDScript backtrace (most recent call first):
       [0] run (res://tools/verify_candidate39.gd:38)
ERROR: res://scenes/candidate39/Game39.tscn:73615 - Parse Error: [ext_resource] referenced non-existent resource at: res://assets/scatter/Grounded_pine_-3_4.res.
   at: _printerr (scene/resources/resource_format_text.cpp:40)
   GDScript backtrace (most recent call first):
       [0] run (res://tools/verify_candidate39.gd:38)
ERROR: res://scenes/candidate39/Game39.tscn:73642 - Parse Error: [ext_resource] referenced non-existent resource at: res://assets/scatter/Grounded_pine_-2_4.res.
   at: _printerr (scene/resources/resource_format_text.cpp:40)
   GDScript backtrace (most recent call first):
       [0] run (res://tools/verify_candidate39.gd:38)
ERROR: res://scenes/candidate39/Game39.tscn:74281 - Parse Error: [ext_resource] referenced non-existent resource at: res://assets/scatter/Grounded_pine_5_5.res.
   at: _printerr (scene/resources/resource_format_text.cpp:40)
   GDScript backtrace (most recent call first):
       [0] run (res://tools/verify_candidate39.gd:38)
ERROR: res://scenes/candidate39/Game39.tscn:74434 - Parse Error: [ext_resource] referenced non-existent resource at: res://assets/scatter/Authored_MesaUpperValley.res.
   at: _printerr (scene/resources/resource_format_text.cpp:40)
   GDScript backtrace (most recent call first):
       [0] run (res://tools/verify_candidate39.gd:38)
ERROR: res://scenes/candidate39/Game39.tscn:74464 - Parse Error: [ext_resource] referenced non-existent resource at: res://assets/scatter/Authored_AlpineValleyWoods.res.
   at: _printerr (scene/resources/resource_format_text.cpp:40)
   GDScript backtrace (most recent call first):
       [0] run (res://tools/verify_candidate39.gd:38)
SCRIPT ERROR: Invalid access to property or key 'instance_count' on a base object of type 'null instance'.
   at: _ready (res://scripts/open_world.gd:66)
   GDScript backtrace (most recent call first):
       [0] _ready (res://scripts/open_world.gd:66)
       [1] run (res://tools/verify_candidate39.gd:39)
SCRIPT ERROR: Invalid assignment of property or key 'position' with value of type 'Vector3' on a base object of type 'Nil'.
   at: update_focus (res://scripts/open_world.gd:144)
   GDScript backtrace (most recent call first):
       [0] update_focus (res://scripts/open_world.gd:144)
       [1] reset_flight (res://scripts/game.gd:117)
       [2] _ready (res://scripts/game.gd:69)
       [3] _ready (res://scripts/game39.gd:9)
       [4] run (res://tools/verify_candidate39.gd:39)
PASS Native game script active
PASS Normal boot starts in daylight
PASS Existing 208 authored terrain tiles retained
FAIL Authored scatter retained
PASS Native cabin collision CabinA
PASS Cabin mesh and collision equality CabinA
PASS Native cabin collision CabinB
PASS Cabin mesh and collision equality CabinB
PASS Persistent same-world high-altitude assets
PASS Live material environment bindings
PASS GPU image saved boot-day
PASS Airship authoritative material survives ready and receives environment
PASS Airship fill changes in moonlight
PASS Streamed terrain uses candidate environment material
PASS Newly streamed terrain inherits current night state
PASS Streamed vegetation/clouds use environment materials
PASS Authored harbor and village night lamps restored
PASS GPU image saved same-camera-night
PASS GPU image saved same-camera-day-restored
PASS Daylight energy restored after night
SCRIPT ERROR: Invalid assignment of property or key 'position' with value of type 'Vector3' on a base object of type 'Nil'.
   at: update_focus (res://scripts/open_world.gd:144)
   GDScript backtrace (most recent call first):
       [0] update_focus (res://scripts/open_world.gd:144)
       [1] observe_reference (res://scripts/game39.gd:59)
       [2] run (res://tools/verify_candidate39.gd:105)
       [3] capture (res://tools/verify_candidate39.gd:26)
PASS Public observation navigation 1342
PASS GPU image saved reference-1342
SCRIPT ERROR: Invalid assignment of property or key 'position' with value of type 'Vector3' on a base object of type 'Nil'.
   at: update_focus (res://scripts/open_world.gd:144)
   GDScript backtrace (most recent call first):
       [0] update_focus (res://scripts/open_world.gd:144)
       [1] observe_reference (res://scripts/game39.gd:59)
       [2] run (res://tools/verify_candidate39.gd:105)
       [3] capture (res://tools/verify_candidate39.gd:26)
PASS Public observation navigation 1274
PASS GPU image saved reference-1274
PASS GPU image saved reference-1274-side
PASS GPU image saved reference-1274-back
SCRIPT ERROR: Invalid assignment of property or key 'position' with value of type 'Vector3' on a base object of type 'Nil'.
   at: update_focus (res://scripts/open_world.gd:144)
   GDScript backtrace (most recent call first):
       [0] update_focus (res://scripts/open_world.gd:144)
       [1] observe_reference (res://scripts/game39.gd:59)
       [2] run (res://tools/verify_candidate39.gd:105)
       [3] capture (res://tools/verify_candidate39.gd:26)
PASS Public observation navigation 1278
PASS GPU image saved reference-1278
PASS GPU image saved reference-1278-side
PASS GPU image saved reference-1278-back
SCRIPT ERROR: Invalid assignment of property or key 'position' with value of type 'Vector3' on a base object of type 'Nil'.
   at: update_focus (res://scripts/open_world.gd:144)
   GDScript backtrace (most recent call first):
       [0] update_focus (res://scripts/open_world.gd:144)
       [1] observe_reference (res://scripts/game39.gd:59)
       [2] run (res://tools/verify_candidate39.gd:105)
       [3] capture (res://tools/verify_candidate39.gd:26)
PASS Public observation navigation 1216
PASS GPU image saved reference-1216
PASS F2 leaves observation
SCRIPT ERROR: Invalid assignment of property or key 'position' with value of type 'Vector3' on a base object of type 'Nil'.
   at: update_focus (res://scripts/open_world.gd:144)
   GDScript backtrace (most recent call first):
       [0] update_focus (res://scripts/open_world.gd:144)
       [1] observe_reference (res://scripts/game39.gd:59)
       [2] run (res://tools/verify_candidate39.gd:128)
       [3] capture (res://tools/verify_candidate39.gd:26)
PASS Observation restores safe hover from flight
SCRIPT ERROR: Invalid assignment of property or key 'position' with value of type 'Vector3' on a base object of type 'Nil'.
   at: update_focus (res://scripts/open_world.gd:144)
   GDScript backtrace (most recent call first):
       [0] update_focus (res://scripts/open_world.gd:144)
       [1] observe_reference (res://scripts/game39.gd:59)
       [2] run (res://tools/verify_candidate39.gd:128)
       [3] capture (res://tools/verify_candidate39.gd:26)
PASS Observation restores safe hover from high-speed
SCRIPT ERROR: Invalid assignment of property or key 'position' with value of type 'Vector3' on a base object of type 'Nil'.
   at: update_focus (res://scripts/open_world.gd:144)
   GDScript backtrace (most recent call first):
       [0] update_focus (res://scripts/open_world.gd:144)
       [1] observe_reference (res://scripts/game39.gd:59)
       [2] run (res://tools/verify_candidate39.gd:128)
       [3] capture (res://tools/verify_candidate39.gd:26)
PASS Observation restores safe hover from docked
SCRIPT ERROR: Invalid assignment of property or key 'position' with value of type 'Vector3' on a base object of type 'Nil'.
   at: update_focus (res://scripts/open_world.gd:144)
   GDScript backtrace (most recent call first):
       [0] update_focus (res://scripts/open_world.gd:144)
       [1] run (res://tools/verify_candidate39.gd:135)
       [2] capture (res://tools/verify_candidate39.gd:26)
SCRIPT ERROR: Invalid assignment of property or key 'position' with value of type 'Vector3' on a base object of type 'Nil'.
   at: update_focus (res://scripts/open_world.gd:144)
   GDScript backtrace (most recent call first):
       [0] update_focus (res://scripts/open_world.gd:144)
       [1] _physics_process (res://scripts/game.gd:177)
SCRIPT ERROR: Invalid assignment of property or key 'position' with value of type 'Vector3' on a base object of type 'Nil'.
   at: update_focus (res://scripts/open_world.gd:144)
   GDScript backtrace (most recent call first):
       [0] update_focus (res://scripts/open_world.gd:144)
       [1] _physics_process (res://scripts/game.gd:177)
SCRIPT ERROR: Invalid assignment of property or key 'position' with value of type 'Vector3' on a base object of type 'Nil'.
   at: update_focus (res://scripts/open_world.gd:144)
   GDScript backtrace (most recent call first):
       [0] update_focus (res://scripts/open_world.gd:144)
       [1] _physics_process (res://scripts/game.gd:177)
SCRIPT ERROR: Invalid assignment of property or key 'position' with value of type 'Vector3' on a base object of type 'Nil'.
   at: update_focus (res://scripts/open_world.gd:144)
   GDScript backtrace (most recent call first):
       [0] update_focus (res://scripts/open_world.gd:144)
       [1] _physics_process (res://scripts/game.gd:177)
SCRIPT ERROR: Invalid assignment of property or key 'position' with value of type 'Vector3' on a base object of type 'Nil'.
   at: update_focus (res://scripts/open_world.gd:144)
   GDScript backtrace (most recent call first):
       [0] update_focus (res://scripts/open_world.gd:144)
       [1] _physics_process (res://scripts/game.gd:177)
SCRIPT ERROR: Invalid assignment of property or key 'position' with value of type 'Vector3' on a base object of type 'Nil'.
   at: update_focus (res://scripts/open_world.gd:144)
   GDScript backtrace (most recent call first):
       [0] update_focus (res://scripts/open_world.gd:144)
       [1] _physics_process (res://scripts/game.gd:177)
SCRIPT ERROR: Invalid assignment of property or key 'position' with value of type 'Vector3' on a base object of type 'Nil'.
   at: update_focus (res://scripts/open_world.gd:144)
   GDScript backtrace (most recent call first):
       [0] update_focus (res://scripts/open_world.gd:144)
       [1] _physics_process (res://scripts/game.gd:177)
SCRIPT ERROR: Invalid assignment of property or key 'position' with value of type 'Vector3' on a base object of type 'Nil'.
   at: update_focus (res://scripts/open_world.gd:144)
   GDScript backtrace (most recent call first):
       [0] update_focus (res://scripts/open_world.gd:144)
       [1] _physics_process (res://scripts/game.gd:177)
SCRIPT ERROR: Invalid assignment of property or key 'position' with value of type 'Vector3' on a base object of type 'Nil'.
   at: update_focus (res://scripts/open_world.gd:144)
   GDScript backtrace (most recent call first):
       [0] update_focus (res://scripts/open_world.gd:144)
       [1] _physics_process (res://scripts/game.gd:177)
SCRIPT ERROR: Invalid assignment of property or key 'position' with value of type 'Vector3' on a base object of type 'Nil'.
   at: update_focus (res://scripts/open_world.gd:144)
   GDScript backtrace (most recent call first):
       [0] update_focus (res://scripts/open_world.gd:144)
       [1] _physics_process (res://scripts/game.gd:177)
SCRIPT ERROR: Invalid assignment of property or key 'position' with value of type 'Vector3' on a base object of type 'Nil'.
   at: update_focus (res://scripts/open_world.gd:144)
   GDScript backtrace (most recent call first):
       [0] update_focus (res://scripts/open_world.gd:144)
       [1] _physics_process (res://scripts/game.gd:177)
SCRIPT ERROR: Invalid assignment of property or key 'position' with value of type 'Vector3' on a base object of type 'Nil'.
   at: update_focus (res://scripts/open_world.gd:144)
   GDScript backtrace (most recent call first):
       [0] update_focus (res://scripts/open_world.gd:144)
       [1] _physics_process (res://scripts/game.gd:177)
SCRIPT ERROR: Invalid assignment of property or key 'position' with value of type 'Vector3' on a base object of type 'Nil'.
   at: update_focus (res://scripts/open_world.gd:144)
   GDScript backtrace (most recent call first):
       [0] update_focus (res://scripts/open_world.gd:144)
       [1] _physics_process (res://scripts/game.gd:177)
SCRIPT ERROR: Invalid assignment of property or key 'position' with value of type 'Vector3' on a base object of type 'Nil'.
   at: update_focus (res://scripts/open_world.gd:144)
   GDScript backtrace (most recent call first):
       [0] update_focus (res://scripts/open_world.gd:144)
       [1] _physics_process (res://scripts/game.gd:177)
SCRIPT ERROR: Invalid assignment of property or key 'position' with value of type 'Vector3' on a base object of type 'Nil'.
   at: update_focus (res://scripts/open_world.gd:144)
   GDScript backtrace (most recent call first):
       [0] update_focus (res://scripts/open_world.gd:144)
       [1] _physics_process (res://scripts/game.gd:177)
SCRIPT ERROR: Invalid assignment of property or key 'position' with value of type 'Vector3' on a base object of type 'Nil'.
   at: update_focus (res://scripts/open_world.gd:144)
   GDScript backtrace (most recent call first):
       [0] update_focus (res://scripts/open_world.gd:144)
       [1] _physics_process (res://scripts/game.gd:177)
SCRIPT ERROR: Invalid assignment of property or key 'position' with value of type 'Vector3' on a base object of type 'Nil'.
   at: update_focus (res://scripts/open_world.gd:144)
   GDScript backtrace (most recent call first):
       [0] update_focus (res://scripts/open_world.gd:144)
       [1] _physics_process (res://scripts/game.gd:177)
SCRIPT ERROR: Invalid assignment of property or key 'position' with value of type 'Vector3' on a base object of type 'Nil'.
   at: update_focus (res://scripts/open_world.gd:144)
   GDScript backtrace (most recent call first):
       [0] update_focus (res://scripts/open_world.gd:144)
       [1] _physics_process (res://scripts/game.gd:177)
PASS Physical flight in native high-altitude region
PASS GPU image saved high-altitude-flight
CANDIDATE39 CHECKS COMPLETE false
ERROR: Texture with GL ID of 21: leaked 349524 bytes.
   at: ~Utilities (drivers/gles3/storage/utilities.cpp:77)
ERROR: Texture with GL ID of 22: leaked 349524 bytes.
   at: ~Utilities (drivers/gles3/storage/utilities.cpp:77)
