Blender 4.5.14 LTS (hash 62c1db4208e8 built 2026-09-15 01:31:19)
Read blend: "/workspace/scratch/a29d03198654/Aether/source-assets/cloud-bank58/revision-k/recovery-01/authored_envelope58k.blend"
Fra:1 Mem:8.75M (Peak 8.75M) | Time:00:00.00 | Mem:0.00M, Peak:0.00M | Scene, ViewLayer | Synchronizing object | CloudBank58K_authored_polyhedral_shell
Fra:1 Mem:8.75M (Peak 8.75M) | Time:00:00.00 | Mem:0.00M, Peak:0.00M | Scene, ViewLayer | Synchronizing object | 58K fixed Sun
Fra:1 Mem:8.78M (Peak 8.78M) | Time:00:00.00 | Mem:0.00M, Peak:0.00M | Scene, ViewLayer | Initializing
Fra:1 Mem:8.56M (Peak 8.78M) | Time:00:00.00 | Mem:0.00M, Peak:0.00M | Scene, ViewLayer | Waiting for render to start
Fra:1 Mem:8.56M (Peak 8.78M) | Time:00:00.00 | Mem:0.00M, Peak:0.00M | Scene, ViewLayer | Updating Scene
Fra:1 Mem:8.56M (Peak 8.78M) | Time:00:00.00 | Mem:0.00M, Peak:0.00M | Scene, ViewLayer | Updating Shaders
Fra:1 Mem:8.56M (Peak 8.78M) | Time:00:00.00 | Mem:0.00M, Peak:0.00M | Scene, ViewLayer | Loading render kernels (may take a few minutes the first time)
Fra:1 Mem:8.64M (Peak 8.78M) | Time:00:00.00 | Mem:0.00M, Peak:0.00M | Scene, ViewLayer | Updating Procedurals
Fra:1 Mem:8.64M (Peak 8.78M) | Time:00:00.00 | Mem:0.00M, Peak:0.00M | Scene, ViewLayer | Updating Background
Fra:1 Mem:8.64M (Peak 8.78M) | Time:00:00.00 | Mem:0.00M, Peak:0.00M | Scene, ViewLayer | Updating Camera
Fra:1 Mem:8.64M (Peak 8.78M) | Time:00:00.00 | Mem:0.00M, Peak:0.00M | Scene, ViewLayer | Updating Meshes Flags
Fra:1 Mem:8.64M (Peak 8.78M) | Time:00:00.00 | Mem:0.00M, Peak:0.00M | Scene, ViewLayer | Updating Objects
Fra:1 Mem:8.64M (Peak 8.78M) | Time:00:00.00 | Mem:0.00M, Peak:0.00M | Scene, ViewLayer | Updating Objects | Copying Transformations to device
Fra:1 Mem:8.64M (Peak 8.78M) | Time:00:00.00 | Mem:0.00M, Peak:0.00M | Scene, ViewLayer | Updating Particle Systems
Fra:1 Mem:8.64M (Peak 8.78M) | Time:00:00.00 | Mem:0.00M, Peak:0.00M | Scene, ViewLayer | Updating Particle Systems | Copying Particles to device
Fra:1 Mem:8.64M (Peak 8.78M) | Time:00:00.00 | Mem:0.00M, Peak:0.00M | Scene, ViewLayer | Updating Meshes
Fra:1 Mem:8.64M (Peak 8.78M) | Time:00:00.00 | Mem:0.00M, Peak:0.00M | Scene, ViewLayer | Updating Objects | Applying Static Transformations
Fra:1 Mem:8.64M (Peak 8.78M) | Time:00:00.00 | Mem:0.00M, Peak:0.00M | Scene, ViewLayer | Updating Mesh | Computing attributes
Fra:1 Mem:8.64M (Peak 8.78M) | Time:00:00.00 | Mem:0.00M, Peak:0.00M | Scene, ViewLayer | Updating Mesh | Copying Attributes to device
Fra:1 Mem:8.64M (Peak 8.78M) | Time:00:00.00 | Mem:0.00M, Peak:0.00M | Scene, ViewLayer | Updating Scene BVH | Building
Fra:1 Mem:8.64M (Peak 8.78M) | Time:00:00.00 | Mem:0.00M, Peak:0.00M | Scene, ViewLayer | Updating Scene BVH | Building BVH
Fra:1 Mem:8.64M (Peak 8.78M) | Time:00:00.00 | Mem:0.02M, Peak:0.02M | Scene, ViewLayer | Updating Scene BVH | Building BVH 0%
Fra:1 Mem:8.64M (Peak 8.78M) | Time:00:00.00 | Mem:0.03M, Peak:0.04M | Scene, ViewLayer | Updating Scene BVH | Copying BVH to device
Fra:1 Mem:8.64M (Peak 8.78M) | Time:00:00.00 | Mem:0.03M, Peak:0.04M | Scene, ViewLayer | Updating Mesh | Computing normals
Fra:1 Mem:8.65M (Peak 8.78M) | Time:00:00.00 | Mem:0.03M, Peak:0.04M | Scene, ViewLayer | Updating Mesh | Copying Mesh to device
Fra:1 Mem:8.65M (Peak 8.78M) | Time:00:00.00 | Mem:0.04M, Peak:0.04M | Scene, ViewLayer | Updating Objects Flags
Fra:1 Mem:8.65M (Peak 8.78M) | Time:00:00.00 | Mem:0.04M, Peak:0.04M | Scene, ViewLayer | Updating Primitive Offsets
Fra:1 Mem:8.65M (Peak 8.78M) | Time:00:00.00 | Mem:0.04M, Peak:0.04M | Scene, ViewLayer | Updating Images
Fra:1 Mem:8.65M (Peak 8.78M) | Time:00:00.00 | Mem:0.04M, Peak:0.04M | Scene, ViewLayer | Updating Camera Volume
Fra:1 Mem:8.65M (Peak 8.78M) | Time:00:00.00 | Mem:0.04M, Peak:0.04M | Scene, ViewLayer | Updating Lookup Tables
Fra:1 Mem:8.65M (Peak 8.78M) | Time:00:00.00 | Mem:0.12M, Peak:0.12M | Scene, ViewLayer | Updating Lights
Fra:1 Mem:8.65M (Peak 8.78M) | Time:00:00.00 | Mem:0.12M, Peak:0.12M | Scene, ViewLayer | Updating Lights | Computing tree
Fra:1 Mem:8.65M (Peak 8.78M) | Time:00:00.00 | Mem:0.12M, Peak:0.12M | Scene, ViewLayer | Updating Integrator
Fra:1 Mem:8.65M (Peak 8.78M) | Time:00:00.00 | Mem:0.12M, Peak:0.12M | Scene, ViewLayer | Updating Film
Fra:1 Mem:8.66M (Peak 8.78M) | Time:00:00.00 | Mem:0.04M, Peak:0.12M | Scene, ViewLayer | Updating Lookup Tables
Fra:1 Mem:8.66M (Peak 8.78M) | Time:00:00.00 | Mem:0.13M, Peak:0.13M | Scene, ViewLayer | Updating Baking
Fra:1 Mem:8.66M (Peak 8.78M) | Time:00:00.00 | Mem:0.13M, Peak:0.13M | Scene, ViewLayer | Updating Device | Writing constant memory
Fra:1 Mem:8.66M (Peak 8.78M) | Time:00:00.00 | Mem:0.13M, Peak:0.13M | Scene, ViewLayer | Sample 0/8
Fra:1 Mem:25.50M (Peak 25.50M) | Time:00:00.11 | Remaining:00:00.81 | Mem:16.95M, Peak:16.95M | Scene, ViewLayer | Sample 1/8
Fra:1 Mem:32.98M (Peak 47.93M) | Time:00:00.91 | Mem:16.95M, Peak:16.95M | Scene, ViewLayer | Sample 8/8
Fra:1 Mem:32.98M (Peak 47.93M) | Time:00:00.91 | Mem:16.95M, Peak:16.95M | Scene, ViewLayer | Finished
Saved: '/workspace/scratch/a29d03198654/Aether/cloud-evidence/cloudbank58k-recovery01-20261002T075038Z-4xi10wm2/outputs/58K-shared-side-back.png'
Time: 00:00.97 (Saving: 00:00.05)


Blender quit
