Blender 4.5.14 LTS (hash 62c1db4208e8 built 2026-09-15 01:31:19)
Read blend: "/workspace/scratch/a29d03198654/Aether/source-assets/cloud-bank58/revision-i/polyhedral_patch58i.blend"
Fra:1 Mem:8.79M (Peak 8.79M) | Time:00:00.00 | Mem:0.00M, Peak:0.00M | Scene, ViewLayer | Synchronizing object | CloudBank58I_authored_polyhedral_shell
Fra:1 Mem:8.79M (Peak 8.79M) | Time:00:00.00 | Mem:0.00M, Peak:0.00M | Scene, ViewLayer | Synchronizing object | 58I fixed Sun
Fra:1 Mem:8.88M (Peak 8.88M) | Time:00:00.00 | Mem:0.00M, Peak:0.00M | Scene, ViewLayer | Initializing
Fra:1 Mem:8.66M (Peak 8.88M) | Time:00:00.00 | Mem:0.00M, Peak:0.00M | Scene, ViewLayer | Waiting for render to start
Fra:1 Mem:8.66M (Peak 8.88M) | Time:00:00.00 | Mem:0.00M, Peak:0.00M | Scene, ViewLayer | Updating Scene
Fra:1 Mem:8.66M (Peak 8.88M) | Time:00:00.00 | Mem:0.00M, Peak:0.00M | Scene, ViewLayer | Updating Shaders
Fra:1 Mem:8.66M (Peak 8.88M) | Time:00:00.00 | Mem:0.00M, Peak:0.00M | Scene, ViewLayer | Loading render kernels (may take a few minutes the first time)
Fra:1 Mem:8.74M (Peak 8.88M) | Time:00:00.00 | Mem:0.00M, Peak:0.00M | Scene, ViewLayer | Updating Procedurals
Fra:1 Mem:8.74M (Peak 8.88M) | Time:00:00.00 | Mem:0.00M, Peak:0.00M | Scene, ViewLayer | Updating Background
Fra:1 Mem:8.74M (Peak 8.88M) | Time:00:00.00 | Mem:0.00M, Peak:0.00M | Scene, ViewLayer | Updating Camera
Fra:1 Mem:8.74M (Peak 8.88M) | Time:00:00.00 | Mem:0.00M, Peak:0.00M | Scene, ViewLayer | Updating Meshes Flags
Fra:1 Mem:8.74M (Peak 8.88M) | Time:00:00.00 | Mem:0.00M, Peak:0.00M | Scene, ViewLayer | Updating Objects
Fra:1 Mem:8.74M (Peak 8.88M) | Time:00:00.00 | Mem:0.00M, Peak:0.00M | Scene, ViewLayer | Updating Objects | Copying Transformations to device
Fra:1 Mem:8.74M (Peak 8.88M) | Time:00:00.00 | Mem:0.00M, Peak:0.00M | Scene, ViewLayer | Updating Particle Systems
Fra:1 Mem:8.74M (Peak 8.88M) | Time:00:00.00 | Mem:0.00M, Peak:0.00M | Scene, ViewLayer | Updating Particle Systems | Copying Particles to device
Fra:1 Mem:8.74M (Peak 8.88M) | Time:00:00.00 | Mem:0.00M, Peak:0.00M | Scene, ViewLayer | Updating Meshes
Fra:1 Mem:8.74M (Peak 8.88M) | Time:00:00.00 | Mem:0.00M, Peak:0.00M | Scene, ViewLayer | Updating Objects | Applying Static Transformations
Fra:1 Mem:8.74M (Peak 8.88M) | Time:00:00.00 | Mem:0.00M, Peak:0.00M | Scene, ViewLayer | Updating Mesh | Computing attributes
Fra:1 Mem:8.75M (Peak 8.88M) | Time:00:00.00 | Mem:0.00M, Peak:0.00M | Scene, ViewLayer | Updating Mesh | Copying Attributes to device
Fra:1 Mem:8.75M (Peak 8.88M) | Time:00:00.00 | Mem:0.01M, Peak:0.01M | Scene, ViewLayer | Updating Scene BVH | Building
Fra:1 Mem:8.75M (Peak 8.88M) | Time:00:00.00 | Mem:0.01M, Peak:0.01M | Scene, ViewLayer | Updating Scene BVH | Building BVH
Fra:1 Mem:8.75M (Peak 8.88M) | Time:00:00.00 | Mem:0.04M, Peak:0.04M | Scene, ViewLayer | Updating Scene BVH | Building BVH 0%
Fra:1 Mem:8.75M (Peak 8.88M) | Time:00:00.00 | Mem:0.08M, Peak:0.11M | Scene, ViewLayer | Updating Scene BVH | Copying BVH to device
Fra:1 Mem:8.75M (Peak 8.88M) | Time:00:00.00 | Mem:0.08M, Peak:0.11M | Scene, ViewLayer | Updating Mesh | Computing normals
Fra:1 Mem:8.77M (Peak 8.88M) | Time:00:00.00 | Mem:0.08M, Peak:0.11M | Scene, ViewLayer | Updating Mesh | Copying Mesh to device
Fra:1 Mem:8.77M (Peak 8.88M) | Time:00:00.00 | Mem:0.11M, Peak:0.11M | Scene, ViewLayer | Updating Objects Flags
Fra:1 Mem:8.77M (Peak 8.88M) | Time:00:00.00 | Mem:0.11M, Peak:0.11M | Scene, ViewLayer | Updating Primitive Offsets
Fra:1 Mem:8.77M (Peak 8.88M) | Time:00:00.00 | Mem:0.11M, Peak:0.11M | Scene, ViewLayer | Updating Images
Fra:1 Mem:8.77M (Peak 8.88M) | Time:00:00.00 | Mem:0.11M, Peak:0.11M | Scene, ViewLayer | Updating Camera Volume
Fra:1 Mem:8.77M (Peak 8.88M) | Time:00:00.00 | Mem:0.11M, Peak:0.11M | Scene, ViewLayer | Updating Lookup Tables
Fra:1 Mem:8.77M (Peak 8.88M) | Time:00:00.00 | Mem:0.19M, Peak:0.19M | Scene, ViewLayer | Updating Lights
Fra:1 Mem:8.78M (Peak 8.88M) | Time:00:00.00 | Mem:0.19M, Peak:0.19M | Scene, ViewLayer | Updating Lights | Computing tree
Fra:1 Mem:8.78M (Peak 8.88M) | Time:00:00.00 | Mem:0.19M, Peak:0.19M | Scene, ViewLayer | Updating Integrator
Fra:1 Mem:8.78M (Peak 8.88M) | Time:00:00.00 | Mem:0.19M, Peak:0.19M | Scene, ViewLayer | Updating Film
Fra:1 Mem:8.78M (Peak 8.88M) | Time:00:00.00 | Mem:0.11M, Peak:0.19M | Scene, ViewLayer | Updating Lookup Tables
Fra:1 Mem:8.78M (Peak 8.88M) | Time:00:00.00 | Mem:0.19M, Peak:0.19M | Scene, ViewLayer | Updating Baking
Fra:1 Mem:8.78M (Peak 8.88M) | Time:00:00.00 | Mem:0.19M, Peak:0.19M | Scene, ViewLayer | Updating Device | Writing constant memory
Fra:1 Mem:8.78M (Peak 8.88M) | Time:00:00.00 | Mem:0.19M, Peak:0.19M | Scene, ViewLayer | Sample 0/8
Fra:1 Mem:25.62M (Peak 25.62M) | Time:00:00.22 | Remaining:00:01.57 | Mem:17.01M, Peak:17.01M | Scene, ViewLayer | Sample 1/8
Fra:1 Mem:33.10M (Peak 48.05M) | Time:00:01.35 | Mem:17.01M, Peak:17.01M | Scene, ViewLayer | Sample 8/8
Fra:1 Mem:33.10M (Peak 48.05M) | Time:00:01.35 | Mem:17.01M, Peak:17.01M | Scene, ViewLayer | Finished
Saved: '/workspace/scratch/a29d03198654/Aether/cloud-evidence/cloudbank58i-patch-20261002T052947Z-fli_9iwz/outputs/58I-shared-side-back.png'
Time: 00:01.41 (Saving: 00:00.05)


Blender quit
