Blender 4.5.14 LTS (hash 62c1db4208e8 built 2026-09-15 01:31:19)
Read blend: "/workspace/scratch/a29d03198654/Aether/source-assets/coast57/Ground_-5_-5_coast57.blend"
Fra:1 Mem:10.07M (Peak 10.07M) | Time:00:00.00 | Mem:0.00M, Peak:0.00M | Scene, ViewLayer | Synchronizing object | Ground_-5_-5_COAST57
Fra:1 Mem:10.07M (Peak 10.07M) | Time:00:00.00 | Mem:0.00M, Peak:0.00M | Scene, ViewLayer | Synchronizing object | PREVIEW_ONLY Sun
Fra:1 Mem:11.08M (Peak 11.08M) | Time:00:00.00 | Mem:0.00M, Peak:0.00M | Scene, ViewLayer | Synchronizing object | PREVIEW_ONLY_sea_level_0
Fra:1 Mem:12.75M (Peak 13.73M) | Time:00:00.00 | Mem:0.00M, Peak:0.00M | Scene, ViewLayer | Initializing
Fra:1 Mem:12.48M (Peak 13.73M) | Time:00:00.00 | Mem:0.00M, Peak:0.00M | Scene, ViewLayer | Waiting for render to start
Fra:1 Mem:12.48M (Peak 13.73M) | Time:00:00.00 | Mem:0.00M, Peak:0.00M | Scene, ViewLayer | Updating Scene
Fra:1 Mem:12.48M (Peak 13.73M) | Time:00:00.00 | Mem:0.00M, Peak:0.00M | Scene, ViewLayer | Updating Shaders
Fra:1 Mem:12.49M (Peak 13.73M) | Time:00:00.00 | Mem:0.00M, Peak:0.00M | Scene, ViewLayer | Loading render kernels (may take a few minutes the first time)
Fra:1 Mem:12.57M (Peak 13.73M) | Time:00:00.00 | Mem:0.00M, Peak:0.00M | Scene, ViewLayer | Updating Procedurals
Fra:1 Mem:12.57M (Peak 13.73M) | Time:00:00.00 | Mem:0.00M, Peak:0.00M | Scene, ViewLayer | Updating Background
Fra:1 Mem:12.57M (Peak 13.73M) | Time:00:00.00 | Mem:0.00M, Peak:0.00M | Scene, ViewLayer | Updating Camera
Fra:1 Mem:12.57M (Peak 13.73M) | Time:00:00.00 | Mem:0.00M, Peak:0.00M | Scene, ViewLayer | Updating Meshes Flags
Fra:1 Mem:12.57M (Peak 13.73M) | Time:00:00.00 | Mem:0.00M, Peak:0.00M | Scene, ViewLayer | Updating Objects
Fra:1 Mem:12.57M (Peak 13.73M) | Time:00:00.00 | Mem:0.00M, Peak:0.00M | Scene, ViewLayer | Updating Objects | Copying Transformations to device
Fra:1 Mem:12.57M (Peak 13.73M) | Time:00:00.00 | Mem:0.00M, Peak:0.00M | Scene, ViewLayer | Updating Particle Systems
Fra:1 Mem:12.57M (Peak 13.73M) | Time:00:00.00 | Mem:0.00M, Peak:0.00M | Scene, ViewLayer | Updating Particle Systems | Copying Particles to device
Fra:1 Mem:12.57M (Peak 13.73M) | Time:00:00.00 | Mem:0.00M, Peak:0.00M | Scene, ViewLayer | Updating Meshes
Fra:1 Mem:12.57M (Peak 13.73M) | Time:00:00.00 | Mem:0.00M, Peak:0.00M | Scene, ViewLayer | Updating Objects | Applying Static Transformations
Fra:1 Mem:12.57M (Peak 13.73M) | Time:00:00.00 | Mem:0.00M, Peak:0.00M | Scene, ViewLayer | Updating Mesh | Computing attributes
Fra:1 Mem:12.80M (Peak 13.73M) | Time:00:00.00 | Mem:0.00M, Peak:0.00M | Scene, ViewLayer | Updating Mesh | Copying Attributes to device
Fra:1 Mem:12.80M (Peak 13.73M) | Time:00:00.00 | Mem:0.23M, Peak:0.23M | Scene, ViewLayer | Updating Scene BVH | Building
Fra:1 Mem:12.80M (Peak 13.73M) | Time:00:00.00 | Mem:0.23M, Peak:0.23M | Scene, ViewLayer | Updating Scene BVH | Building BVH
Fra:1 Mem:12.80M (Peak 13.73M) | Time:00:00.01 | Mem:0.32M, Peak:0.32M | Scene, ViewLayer | Updating Scene BVH | Building BVH 0%
Fra:1 Mem:12.80M (Peak 13.73M) | Time:00:00.01 | Mem:0.43M, Peak:0.52M | Scene, ViewLayer | Updating Scene BVH | Copying BVH to device
Fra:1 Mem:12.80M (Peak 13.73M) | Time:00:00.01 | Mem:0.43M, Peak:0.52M | Scene, ViewLayer | Updating Mesh | Computing normals
Fra:1 Mem:13.04M (Peak 13.73M) | Time:00:00.01 | Mem:0.43M, Peak:0.52M | Scene, ViewLayer | Updating Mesh | Copying Mesh to device
Fra:1 Mem:13.04M (Peak 13.73M) | Time:00:00.01 | Mem:0.67M, Peak:0.67M | Scene, ViewLayer | Updating Objects Flags
Fra:1 Mem:13.04M (Peak 13.73M) | Time:00:00.01 | Mem:0.67M, Peak:0.67M | Scene, ViewLayer | Updating Primitive Offsets
Fra:1 Mem:13.04M (Peak 13.73M) | Time:00:00.01 | Mem:0.67M, Peak:0.67M | Scene, ViewLayer | Updating Images
Fra:1 Mem:13.04M (Peak 13.73M) | Time:00:00.01 | Mem:0.67M, Peak:0.67M | Scene, ViewLayer | Updating Camera Volume
Fra:1 Mem:13.04M (Peak 13.73M) | Time:00:00.01 | Mem:0.67M, Peak:0.67M | Scene, ViewLayer | Updating Lookup Tables
Fra:1 Mem:13.04M (Peak 13.73M) | Time:00:00.01 | Mem:0.75M, Peak:0.75M | Scene, ViewLayer | Updating Lights
Fra:1 Mem:13.04M (Peak 13.73M) | Time:00:00.01 | Mem:0.75M, Peak:0.75M | Scene, ViewLayer | Updating Lights | Computing tree
Fra:1 Mem:13.04M (Peak 13.73M) | Time:00:00.01 | Mem:0.75M, Peak:0.75M | Scene, ViewLayer | Updating Integrator
Fra:1 Mem:13.04M (Peak 13.73M) | Time:00:00.01 | Mem:0.75M, Peak:0.75M | Scene, ViewLayer | Updating Film
Fra:1 Mem:13.04M (Peak 13.73M) | Time:00:00.01 | Mem:0.67M, Peak:0.75M | Scene, ViewLayer | Updating Lookup Tables
Fra:1 Mem:13.04M (Peak 13.73M) | Time:00:00.01 | Mem:0.75M, Peak:0.75M | Scene, ViewLayer | Updating Baking
Fra:1 Mem:13.04M (Peak 13.73M) | Time:00:00.01 | Mem:0.75M, Peak:0.75M | Scene, ViewLayer | Updating Device | Writing constant memory
Fra:1 Mem:13.05M (Peak 13.73M) | Time:00:00.01 | Mem:0.75M, Peak:0.75M | Scene, ViewLayer | Loading denoising kernels (may take a few minutes the first time)
Fra:1 Mem:13.05M (Peak 13.73M) | Time:00:00.01 | Mem:0.75M, Peak:0.75M | Scene, ViewLayer | Sample 0/16
Fra:1 Mem:58.73M (Peak 58.73M) | Time:00:00.56 | Remaining:00:08.28 | Mem:46.42M, Peak:46.42M | Scene, ViewLayer | Sample 1/16
Fra:1 Mem:77.96M (Peak 106.80M) | Time:00:15.71 | Mem:46.42M, Peak:46.42M | Scene, ViewLayer | Sample 16/16
Fra:1 Mem:77.96M (Peak 106.80M) | Time:00:15.71 | Mem:46.42M, Peak:46.42M | Scene, ViewLayer | Finished
Saved: '/workspace/scratch/a29d03198654/Aether/source-assets/coast57/previews/candidate_sea_south.png'
Time: 00:15.84 (Saving: 00:00.13)

Fra:1 Mem:12.18M (Peak 12.18M) | Time:00:00.00 | Mem:0.00M, Peak:0.00M | Scene, ViewLayer | Synchronizing object | Ground_-5_-5_AUTHORITY
Fra:1 Mem:12.18M (Peak 12.18M) | Time:00:00.00 | Mem:0.00M, Peak:0.00M | Scene, ViewLayer | Synchronizing object | PREVIEW_ONLY Sun
Fra:1 Mem:12.19M (Peak 12.19M) | Time:00:00.00 | Mem:0.00M, Peak:0.00M | Scene, ViewLayer | Synchronizing object | PREVIEW_ONLY_sea_level_0
Fra:1 Mem:12.86M (Peak 13.84M) | Time:00:00.00 | Mem:0.00M, Peak:0.00M | Scene, ViewLayer | Initializing
Fra:1 Mem:12.59M (Peak 13.84M) | Time:00:00.00 | Mem:0.00M, Peak:0.00M | Scene, ViewLayer | Waiting for render to start
Fra:1 Mem:12.59M (Peak 13.84M) | Time:00:00.00 | Mem:0.00M, Peak:0.00M | Scene, ViewLayer | Updating Scene
Fra:1 Mem:12.59M (Peak 13.84M) | Time:00:00.00 | Mem:0.00M, Peak:0.00M | Scene, ViewLayer | Updating Shaders
Fra:1 Mem:12.59M (Peak 13.84M) | Time:00:00.00 | Mem:0.00M, Peak:0.00M | Scene, ViewLayer | Loading render kernels (may take a few minutes the first time)
Fra:1 Mem:12.68M (Peak 13.84M) | Time:00:00.00 | Mem:0.00M, Peak:0.00M | Scene, ViewLayer | Updating Procedurals
Fra:1 Mem:12.68M (Peak 13.84M) | Time:00:00.00 | Mem:0.00M, Peak:0.00M | Scene, ViewLayer | Updating Background
Fra:1 Mem:12.68M (Peak 13.84M) | Time:00:00.00 | Mem:0.00M, Peak:0.00M | Scene, ViewLayer | Updating Camera
Fra:1 Mem:12.68M (Peak 13.84M) | Time:00:00.00 | Mem:0.00M, Peak:0.00M | Scene, ViewLayer | Updating Meshes Flags
Fra:1 Mem:12.68M (Peak 13.84M) | Time:00:00.00 | Mem:0.00M, Peak:0.00M | Scene, ViewLayer | Updating Objects
Fra:1 Mem:12.68M (Peak 13.84M) | Time:00:00.00 | Mem:0.00M, Peak:0.00M | Scene, ViewLayer | Updating Objects | Copying Transformations to device
Fra:1 Mem:12.68M (Peak 13.84M) | Time:00:00.00 | Mem:0.00M, Peak:0.00M | Scene, ViewLayer | Updating Particle Systems
Fra:1 Mem:12.68M (Peak 13.84M) | Time:00:00.00 | Mem:0.00M, Peak:0.00M | Scene, ViewLayer | Updating Particle Systems | Copying Particles to device
Fra:1 Mem:12.68M (Peak 13.84M) | Time:00:00.00 | Mem:0.00M, Peak:0.00M | Scene, ViewLayer | Updating Meshes
Fra:1 Mem:12.68M (Peak 13.84M) | Time:00:00.00 | Mem:0.00M, Peak:0.00M | Scene, ViewLayer | Updating Objects | Applying Static Transformations
Fra:1 Mem:12.68M (Peak 13.84M) | Time:00:00.00 | Mem:0.00M, Peak:0.00M | Scene, ViewLayer | Updating Mesh | Computing attributes
Fra:1 Mem:12.91M (Peak 13.84M) | Time:00:00.00 | Mem:0.00M, Peak:0.00M | Scene, ViewLayer | Updating Mesh | Copying Attributes to device
Fra:1 Mem:12.91M (Peak 13.84M) | Time:00:00.00 | Mem:0.23M, Peak:0.23M | Scene, ViewLayer | Updating Scene BVH | Building
Fra:1 Mem:12.91M (Peak 13.84M) | Time:00:00.00 | Mem:0.23M, Peak:0.23M | Scene, ViewLayer | Updating Scene BVH | Building BVH
Fra:1 Mem:12.91M (Peak 13.84M) | Time:00:00.00 | Mem:0.32M, Peak:0.32M | Scene, ViewLayer | Updating Scene BVH | Building BVH 0%
Fra:1 Mem:12.91M (Peak 13.84M) | Time:00:00.00 | Mem:0.43M, Peak:0.52M | Scene, ViewLayer | Updating Scene BVH | Copying BVH to device
Fra:1 Mem:12.91M (Peak 13.84M) | Time:00:00.00 | Mem:0.43M, Peak:0.52M | Scene, ViewLayer | Updating Mesh | Computing normals
Fra:1 Mem:13.15M (Peak 13.84M) | Time:00:00.00 | Mem:0.43M, Peak:0.52M | Scene, ViewLayer | Updating Mesh | Copying Mesh to device
Fra:1 Mem:13.15M (Peak 13.84M) | Time:00:00.00 | Mem:0.67M, Peak:0.67M | Scene, ViewLayer | Updating Objects Flags
Fra:1 Mem:13.15M (Peak 13.84M) | Time:00:00.00 | Mem:0.67M, Peak:0.67M | Scene, ViewLayer | Updating Primitive Offsets
Fra:1 Mem:13.15M (Peak 13.84M) | Time:00:00.00 | Mem:0.67M, Peak:0.67M | Scene, ViewLayer | Updating Images
Fra:1 Mem:13.15M (Peak 13.84M) | Time:00:00.00 | Mem:0.67M, Peak:0.67M | Scene, ViewLayer | Updating Camera Volume
Fra:1 Mem:13.15M (Peak 13.84M) | Time:00:00.00 | Mem:0.67M, Peak:0.67M | Scene, ViewLayer | Updating Lookup Tables
Fra:1 Mem:13.15M (Peak 13.84M) | Time:00:00.00 | Mem:0.75M, Peak:0.75M | Scene, ViewLayer | Updating Lights
Fra:1 Mem:13.15M (Peak 13.84M) | Time:00:00.00 | Mem:0.75M, Peak:0.75M | Scene, ViewLayer | Updating Lights | Computing tree
Fra:1 Mem:13.15M (Peak 13.84M) | Time:00:00.00 | Mem:0.75M, Peak:0.75M | Scene, ViewLayer | Updating Integrator
Fra:1 Mem:13.15M (Peak 13.84M) | Time:00:00.00 | Mem:0.75M, Peak:0.75M | Scene, ViewLayer | Updating Film
Fra:1 Mem:13.15M (Peak 13.84M) | Time:00:00.00 | Mem:0.67M, Peak:0.75M | Scene, ViewLayer | Updating Lookup Tables
Fra:1 Mem:13.15M (Peak 13.84M) | Time:00:00.00 | Mem:0.75M, Peak:0.75M | Scene, ViewLayer | Updating Baking
Fra:1 Mem:13.15M (Peak 13.84M) | Time:00:00.00 | Mem:0.75M, Peak:0.75M | Scene, ViewLayer | Updating Device | Writing constant memory
Fra:1 Mem:13.16M (Peak 13.84M) | Time:00:00.00 | Mem:0.75M, Peak:0.75M | Scene, ViewLayer | Loading denoising kernels (may take a few minutes the first time)
Fra:1 Mem:13.16M (Peak 13.84M) | Time:00:00.00 | Mem:0.75M, Peak:0.75M | Scene, ViewLayer | Sample 0/16
Fra:1 Mem:58.84M (Peak 58.84M) | Time:00:00.57 | Remaining:00:08.53 | Mem:46.42M, Peak:46.42M | Scene, ViewLayer | Sample 1/16
Fra:1 Mem:78.07M (Peak 106.91M) | Time:00:16.04 | Mem:46.42M, Peak:46.42M | Scene, ViewLayer | Sample 16/16
Fra:1 Mem:78.07M (Peak 106.91M) | Time:00:16.04 | Mem:46.42M, Peak:46.42M | Scene, ViewLayer | Finished
Saved: '/workspace/scratch/a29d03198654/Aether/source-assets/coast57/previews/original_sea_south.png'
Time: 00:16.12 (Saving: 00:00.07)

Fra:1 Mem:12.29M (Peak 12.29M) | Time:00:00.00 | Mem:0.00M, Peak:0.00M | Scene, ViewLayer | Synchronizing object | PREVIEW_ONLY Sun
Fra:1 Mem:12.29M (Peak 12.29M) | Time:00:00.00 | Mem:0.00M, Peak:0.00M | Scene, ViewLayer | Synchronizing object | Ground_-5_-5_COAST57
Fra:1 Mem:12.29M (Peak 12.29M) | Time:00:00.00 | Mem:0.00M, Peak:0.00M | Scene, ViewLayer | Synchronizing object | PREVIEW_ONLY_sea_level_0
Fra:1 Mem:12.86M (Peak 13.85M) | Time:00:00.00 | Mem:0.00M, Peak:0.00M | Scene, ViewLayer | Initializing
Fra:1 Mem:12.59M (Peak 13.85M) | Time:00:00.00 | Mem:0.00M, Peak:0.00M | Scene, ViewLayer | Waiting for render to start
Fra:1 Mem:12.59M (Peak 13.85M) | Time:00:00.00 | Mem:0.00M, Peak:0.00M | Scene, ViewLayer | Updating Scene
Fra:1 Mem:12.59M (Peak 13.85M) | Time:00:00.00 | Mem:0.00M, Peak:0.00M | Scene, ViewLayer | Updating Shaders
Fra:1 Mem:12.59M (Peak 13.85M) | Time:00:00.00 | Mem:0.00M, Peak:0.00M | Scene, ViewLayer | Loading render kernels (may take a few minutes the first time)
Fra:1 Mem:12.68M (Peak 13.85M) | Time:00:00.00 | Mem:0.00M, Peak:0.00M | Scene, ViewLayer | Updating Procedurals
Fra:1 Mem:12.68M (Peak 13.85M) | Time:00:00.00 | Mem:0.00M, Peak:0.00M | Scene, ViewLayer | Updating Background
Fra:1 Mem:12.68M (Peak 13.85M) | Time:00:00.00 | Mem:0.00M, Peak:0.00M | Scene, ViewLayer | Updating Camera
Fra:1 Mem:12.68M (Peak 13.85M) | Time:00:00.00 | Mem:0.00M, Peak:0.00M | Scene, ViewLayer | Updating Meshes Flags
Fra:1 Mem:12.68M (Peak 13.85M) | Time:00:00.00 | Mem:0.00M, Peak:0.00M | Scene, ViewLayer | Updating Objects
Fra:1 Mem:12.68M (Peak 13.85M) | Time:00:00.00 | Mem:0.00M, Peak:0.00M | Scene, ViewLayer | Updating Objects | Copying Transformations to device
Fra:1 Mem:12.68M (Peak 13.85M) | Time:00:00.00 | Mem:0.00M, Peak:0.00M | Scene, ViewLayer | Updating Particle Systems
Fra:1 Mem:12.68M (Peak 13.85M) | Time:00:00.00 | Mem:0.00M, Peak:0.00M | Scene, ViewLayer | Updating Particle Systems | Copying Particles to device
Fra:1 Mem:12.68M (Peak 13.85M) | Time:00:00.00 | Mem:0.00M, Peak:0.00M | Scene, ViewLayer | Updating Meshes
Fra:1 Mem:12.68M (Peak 13.85M) | Time:00:00.00 | Mem:0.00M, Peak:0.00M | Scene, ViewLayer | Updating Objects | Applying Static Transformations
Fra:1 Mem:12.68M (Peak 13.85M) | Time:00:00.00 | Mem:0.00M, Peak:0.00M | Scene, ViewLayer | Updating Mesh | Computing attributes
Fra:1 Mem:12.91M (Peak 13.85M) | Time:00:00.00 | Mem:0.00M, Peak:0.00M | Scene, ViewLayer | Updating Mesh | Copying Attributes to device
Fra:1 Mem:12.91M (Peak 13.85M) | Time:00:00.00 | Mem:0.23M, Peak:0.23M | Scene, ViewLayer | Updating Scene BVH | Building
Fra:1 Mem:12.91M (Peak 13.85M) | Time:00:00.00 | Mem:0.23M, Peak:0.23M | Scene, ViewLayer | Updating Scene BVH | Building BVH
Fra:1 Mem:12.91M (Peak 13.85M) | Time:00:00.00 | Mem:0.32M, Peak:0.32M | Scene, ViewLayer | Updating Scene BVH | Building BVH 0%
Fra:1 Mem:12.91M (Peak 13.85M) | Time:00:00.00 | Mem:0.43M, Peak:0.52M | Scene, ViewLayer | Updating Scene BVH | Copying BVH to device
Fra:1 Mem:12.91M (Peak 13.85M) | Time:00:00.00 | Mem:0.43M, Peak:0.52M | Scene, ViewLayer | Updating Mesh | Computing normals
Fra:1 Mem:13.15M (Peak 13.85M) | Time:00:00.00 | Mem:0.43M, Peak:0.52M | Scene, ViewLayer | Updating Mesh | Copying Mesh to device
Fra:1 Mem:13.15M (Peak 13.85M) | Time:00:00.00 | Mem:0.67M, Peak:0.67M | Scene, ViewLayer | Updating Objects Flags
Fra:1 Mem:13.15M (Peak 13.85M) | Time:00:00.00 | Mem:0.67M, Peak:0.67M | Scene, ViewLayer | Updating Primitive Offsets
Fra:1 Mem:13.15M (Peak 13.85M) | Time:00:00.00 | Mem:0.67M, Peak:0.67M | Scene, ViewLayer | Updating Images
Fra:1 Mem:13.15M (Peak 13.85M) | Time:00:00.00 | Mem:0.67M, Peak:0.67M | Scene, ViewLayer | Updating Camera Volume
Fra:1 Mem:13.15M (Peak 13.85M) | Time:00:00.00 | Mem:0.67M, Peak:0.67M | Scene, ViewLayer | Updating Lookup Tables
Fra:1 Mem:13.15M (Peak 13.85M) | Time:00:00.00 | Mem:0.75M, Peak:0.75M | Scene, ViewLayer | Updating Lights
Fra:1 Mem:13.15M (Peak 13.85M) | Time:00:00.00 | Mem:0.75M, Peak:0.75M | Scene, ViewLayer | Updating Lights | Computing tree
Fra:1 Mem:13.15M (Peak 13.85M) | Time:00:00.00 | Mem:0.75M, Peak:0.75M | Scene, ViewLayer | Updating Integrator
Fra:1 Mem:13.15M (Peak 13.85M) | Time:00:00.00 | Mem:0.75M, Peak:0.75M | Scene, ViewLayer | Updating Film
Fra:1 Mem:13.15M (Peak 13.85M) | Time:00:00.00 | Mem:0.67M, Peak:0.75M | Scene, ViewLayer | Updating Lookup Tables
Fra:1 Mem:13.15M (Peak 13.85M) | Time:00:00.00 | Mem:0.75M, Peak:0.75M | Scene, ViewLayer | Updating Baking
Fra:1 Mem:13.15M (Peak 13.85M) | Time:00:00.00 | Mem:0.75M, Peak:0.75M | Scene, ViewLayer | Updating Device | Writing constant memory
Fra:1 Mem:13.16M (Peak 13.85M) | Time:00:00.00 | Mem:0.75M, Peak:0.75M | Scene, ViewLayer | Loading denoising kernels (may take a few minutes the first time)
Fra:1 Mem:13.16M (Peak 13.85M) | Time:00:00.00 | Mem:0.75M, Peak:0.75M | Scene, ViewLayer | Sample 0/16
Fra:1 Mem:58.84M (Peak 58.84M) | Time:00:00.58 | Remaining:00:08.70 | Mem:46.42M, Peak:46.42M | Scene, ViewLayer | Sample 1/16
Fra:1 Mem:78.07M (Peak 106.91M) | Time:00:16.23 | Mem:46.42M, Peak:46.42M | Scene, ViewLayer | Sample 16/16
Fra:1 Mem:78.07M (Peak 106.91M) | Time:00:16.23 | Mem:46.42M, Peak:46.42M | Scene, ViewLayer | Finished
Saved: '/workspace/scratch/a29d03198654/Aether/source-assets/coast57/previews/candidate_sea_north.png'
Time: 00:16.29 (Saving: 00:00.06)

Fra:1 Mem:12.29M (Peak 12.29M) | Time:00:00.00 | Mem:0.00M, Peak:0.00M | Scene, ViewLayer | Synchronizing object | Ground_-5_-5_COAST57
Fra:1 Mem:12.30M (Peak 12.30M) | Time:00:00.00 | Mem:0.00M, Peak:0.00M | Scene, ViewLayer | Synchronizing object | PREVIEW_ONLY Sun
Fra:1 Mem:12.30M (Peak 12.30M) | Time:00:00.00 | Mem:0.00M, Peak:0.00M | Scene, ViewLayer | Synchronizing object | PREVIEW_ONLY_sea_level_0
Fra:1 Mem:12.86M (Peak 13.85M) | Time:00:00.00 | Mem:0.00M, Peak:0.00M | Scene, ViewLayer | Initializing
Fra:1 Mem:12.59M (Peak 13.85M) | Time:00:00.00 | Mem:0.00M, Peak:0.00M | Scene, ViewLayer | Waiting for render to start
Fra:1 Mem:12.59M (Peak 13.85M) | Time:00:00.00 | Mem:0.00M, Peak:0.00M | Scene, ViewLayer | Updating Scene
Fra:1 Mem:12.59M (Peak 13.85M) | Time:00:00.00 | Mem:0.00M, Peak:0.00M | Scene, ViewLayer | Updating Shaders
Fra:1 Mem:12.59M (Peak 13.85M) | Time:00:00.00 | Mem:0.00M, Peak:0.00M | Scene, ViewLayer | Loading render kernels (may take a few minutes the first time)
Fra:1 Mem:12.68M (Peak 13.85M) | Time:00:00.00 | Mem:0.00M, Peak:0.00M | Scene, ViewLayer | Updating Procedurals
Fra:1 Mem:12.68M (Peak 13.85M) | Time:00:00.00 | Mem:0.00M, Peak:0.00M | Scene, ViewLayer | Updating Background
Fra:1 Mem:12.68M (Peak 13.85M) | Time:00:00.00 | Mem:0.00M, Peak:0.00M | Scene, ViewLayer | Updating Camera
Fra:1 Mem:12.68M (Peak 13.85M) | Time:00:00.00 | Mem:0.00M, Peak:0.00M | Scene, ViewLayer | Updating Meshes Flags
Fra:1 Mem:12.68M (Peak 13.85M) | Time:00:00.00 | Mem:0.00M, Peak:0.00M | Scene, ViewLayer | Updating Objects
Fra:1 Mem:12.68M (Peak 13.85M) | Time:00:00.00 | Mem:0.00M, Peak:0.00M | Scene, ViewLayer | Updating Objects | Copying Transformations to device
Fra:1 Mem:12.68M (Peak 13.85M) | Time:00:00.00 | Mem:0.00M, Peak:0.00M | Scene, ViewLayer | Updating Particle Systems
Fra:1 Mem:12.68M (Peak 13.85M) | Time:00:00.00 | Mem:0.00M, Peak:0.00M | Scene, ViewLayer | Updating Particle Systems | Copying Particles to device
Fra:1 Mem:12.68M (Peak 13.85M) | Time:00:00.00 | Mem:0.00M, Peak:0.00M | Scene, ViewLayer | Updating Meshes
Fra:1 Mem:12.68M (Peak 13.85M) | Time:00:00.00 | Mem:0.00M, Peak:0.00M | Scene, ViewLayer | Updating Objects | Applying Static Transformations
Fra:1 Mem:12.68M (Peak 13.85M) | Time:00:00.00 | Mem:0.00M, Peak:0.00M | Scene, ViewLayer | Updating Mesh | Computing attributes
Fra:1 Mem:12.91M (Peak 13.85M) | Time:00:00.00 | Mem:0.00M, Peak:0.00M | Scene, ViewLayer | Updating Mesh | Copying Attributes to device
Fra:1 Mem:12.91M (Peak 13.85M) | Time:00:00.00 | Mem:0.23M, Peak:0.23M | Scene, ViewLayer | Updating Scene BVH | Building
Fra:1 Mem:12.91M (Peak 13.85M) | Time:00:00.00 | Mem:0.23M, Peak:0.23M | Scene, ViewLayer | Updating Scene BVH | Building BVH
Fra:1 Mem:12.91M (Peak 13.85M) | Time:00:00.00 | Mem:0.32M, Peak:0.32M | Scene, ViewLayer | Updating Scene BVH | Building BVH 0%
Fra:1 Mem:12.91M (Peak 13.85M) | Time:00:00.00 | Mem:0.43M, Peak:0.52M | Scene, ViewLayer | Updating Scene BVH | Copying BVH to device
Fra:1 Mem:12.91M (Peak 13.85M) | Time:00:00.00 | Mem:0.43M, Peak:0.52M | Scene, ViewLayer | Updating Mesh | Computing normals
Fra:1 Mem:13.15M (Peak 13.85M) | Time:00:00.00 | Mem:0.43M, Peak:0.52M | Scene, ViewLayer | Updating Mesh | Copying Mesh to device
Fra:1 Mem:13.15M (Peak 13.85M) | Time:00:00.00 | Mem:0.67M, Peak:0.67M | Scene, ViewLayer | Updating Objects Flags
Fra:1 Mem:13.15M (Peak 13.85M) | Time:00:00.00 | Mem:0.67M, Peak:0.67M | Scene, ViewLayer | Updating Primitive Offsets
Fra:1 Mem:13.15M (Peak 13.85M) | Time:00:00.00 | Mem:0.67M, Peak:0.67M | Scene, ViewLayer | Updating Images
Fra:1 Mem:13.15M (Peak 13.85M) | Time:00:00.00 | Mem:0.67M, Peak:0.67M | Scene, ViewLayer | Updating Camera Volume
Fra:1 Mem:13.15M (Peak 13.85M) | Time:00:00.00 | Mem:0.67M, Peak:0.67M | Scene, ViewLayer | Updating Lookup Tables
Fra:1 Mem:13.15M (Peak 13.85M) | Time:00:00.00 | Mem:0.75M, Peak:0.75M | Scene, ViewLayer | Updating Lights
Fra:1 Mem:13.15M (Peak 13.85M) | Time:00:00.00 | Mem:0.75M, Peak:0.75M | Scene, ViewLayer | Updating Lights | Computing tree
Fra:1 Mem:13.15M (Peak 13.85M) | Time:00:00.00 | Mem:0.75M, Peak:0.75M | Scene, ViewLayer | Updating Integrator
Fra:1 Mem:13.15M (Peak 13.85M) | Time:00:00.00 | Mem:0.75M, Peak:0.75M | Scene, ViewLayer | Updating Film
Fra:1 Mem:13.15M (Peak 13.85M) | Time:00:00.00 | Mem:0.67M, Peak:0.75M | Scene, ViewLayer | Updating Lookup Tables
Fra:1 Mem:13.15M (Peak 13.85M) | Time:00:00.00 | Mem:0.75M, Peak:0.75M | Scene, ViewLayer | Updating Baking
Fra:1 Mem:13.15M (Peak 13.85M) | Time:00:00.00 | Mem:0.75M, Peak:0.75M | Scene, ViewLayer | Updating Device | Writing constant memory
Fra:1 Mem:13.16M (Peak 13.85M) | Time:00:00.00 | Mem:0.75M, Peak:0.75M | Scene, ViewLayer | Loading denoising kernels (may take a few minutes the first time)
Fra:1 Mem:13.16M (Peak 13.85M) | Time:00:00.00 | Mem:0.75M, Peak:0.75M | Scene, ViewLayer | Sample 0/16
Fra:1 Mem:58.84M (Peak 58.84M) | Time:00:00.57 | Remaining:00:08.59 | Mem:46.42M, Peak:46.42M | Scene, ViewLayer | Sample 1/16
Fra:1 Mem:78.07M (Peak 106.91M) | Time:00:16.28 | Mem:46.42M, Peak:46.42M | Scene, ViewLayer | Sample 16/16
Fra:1 Mem:78.07M (Peak 106.91M) | Time:00:16.28 | Mem:46.42M, Peak:46.42M | Scene, ViewLayer | Finished
Saved: '/workspace/scratch/a29d03198654/Aether/source-assets/coast57/previews/candidate_overhead.png'
Time: 00:16.36 (Saving: 00:00.06)

Fra:1 Mem:12.28M (Peak 12.28M) | Time:00:00.00 | Mem:0.00M, Peak:0.00M | Scene, ViewLayer | Synchronizing object | Ground_-5_-5_AUTHORITY
Fra:1 Mem:12.28M (Peak 12.28M) | Time:00:00.00 | Mem:0.00M, Peak:0.00M | Scene, ViewLayer | Synchronizing object | PREVIEW_ONLY Sun
Fra:1 Mem:12.29M (Peak 12.29M) | Time:00:00.00 | Mem:0.00M, Peak:0.00M | Scene, ViewLayer | Synchronizing object | PREVIEW_ONLY_sea_level_0
Fra:1 Mem:12.86M (Peak 13.85M) | Time:00:00.00 | Mem:0.00M, Peak:0.00M | Scene, ViewLayer | Initializing
Fra:1 Mem:12.59M (Peak 13.85M) | Time:00:00.00 | Mem:0.00M, Peak:0.00M | Scene, ViewLayer | Waiting for render to start
Fra:1 Mem:12.59M (Peak 13.85M) | Time:00:00.00 | Mem:0.00M, Peak:0.00M | Scene, ViewLayer | Updating Scene
Fra:1 Mem:12.59M (Peak 13.85M) | Time:00:00.00 | Mem:0.00M, Peak:0.00M | Scene, ViewLayer | Updating Shaders
Fra:1 Mem:12.59M (Peak 13.85M) | Time:00:00.00 | Mem:0.00M, Peak:0.00M | Scene, ViewLayer | Loading render kernels (may take a few minutes the first time)
Fra:1 Mem:12.68M (Peak 13.85M) | Time:00:00.00 | Mem:0.00M, Peak:0.00M | Scene, ViewLayer | Updating Procedurals
Fra:1 Mem:12.68M (Peak 13.85M) | Time:00:00.00 | Mem:0.00M, Peak:0.00M | Scene, ViewLayer | Updating Background
Fra:1 Mem:12.68M (Peak 13.85M) | Time:00:00.00 | Mem:0.00M, Peak:0.00M | Scene, ViewLayer | Updating Camera
Fra:1 Mem:12.68M (Peak 13.85M) | Time:00:00.00 | Mem:0.00M, Peak:0.00M | Scene, ViewLayer | Updating Meshes Flags
Fra:1 Mem:12.68M (Peak 13.85M) | Time:00:00.00 | Mem:0.00M, Peak:0.00M | Scene, ViewLayer | Updating Objects
Fra:1 Mem:12.68M (Peak 13.85M) | Time:00:00.00 | Mem:0.00M, Peak:0.00M | Scene, ViewLayer | Updating Objects | Copying Transformations to device
Fra:1 Mem:12.68M (Peak 13.85M) | Time:00:00.00 | Mem:0.00M, Peak:0.00M | Scene, ViewLayer | Updating Particle Systems
Fra:1 Mem:12.68M (Peak 13.85M) | Time:00:00.00 | Mem:0.00M, Peak:0.00M | Scene, ViewLayer | Updating Particle Systems | Copying Particles to device
Fra:1 Mem:12.68M (Peak 13.85M) | Time:00:00.00 | Mem:0.00M, Peak:0.00M | Scene, ViewLayer | Updating Meshes
Fra:1 Mem:12.68M (Peak 13.85M) | Time:00:00.00 | Mem:0.00M, Peak:0.00M | Scene, ViewLayer | Updating Objects | Applying Static Transformations
Fra:1 Mem:12.68M (Peak 13.85M) | Time:00:00.00 | Mem:0.00M, Peak:0.00M | Scene, ViewLayer | Updating Mesh | Computing attributes
Fra:1 Mem:12.91M (Peak 13.85M) | Time:00:00.00 | Mem:0.00M, Peak:0.00M | Scene, ViewLayer | Updating Mesh | Copying Attributes to device
Fra:1 Mem:12.91M (Peak 13.85M) | Time:00:00.00 | Mem:0.23M, Peak:0.23M | Scene, ViewLayer | Updating Scene BVH | Building
Fra:1 Mem:12.91M (Peak 13.85M) | Time:00:00.00 | Mem:0.23M, Peak:0.23M | Scene, ViewLayer | Updating Scene BVH | Building BVH
Fra:1 Mem:12.91M (Peak 13.85M) | Time:00:00.00 | Mem:0.32M, Peak:0.32M | Scene, ViewLayer | Updating Scene BVH | Building BVH 0%
Fra:1 Mem:12.91M (Peak 13.85M) | Time:00:00.00 | Mem:0.43M, Peak:0.52M | Scene, ViewLayer | Updating Scene BVH | Copying BVH to device
Fra:1 Mem:12.91M (Peak 13.85M) | Time:00:00.00 | Mem:0.43M, Peak:0.52M | Scene, ViewLayer | Updating Mesh | Computing normals
Fra:1 Mem:13.15M (Peak 13.85M) | Time:00:00.00 | Mem:0.43M, Peak:0.52M | Scene, ViewLayer | Updating Mesh | Copying Mesh to device
Fra:1 Mem:13.15M (Peak 13.85M) | Time:00:00.00 | Mem:0.67M, Peak:0.67M | Scene, ViewLayer | Updating Objects Flags
Fra:1 Mem:13.15M (Peak 13.85M) | Time:00:00.00 | Mem:0.67M, Peak:0.67M | Scene, ViewLayer | Updating Primitive Offsets
Fra:1 Mem:13.15M (Peak 13.85M) | Time:00:00.00 | Mem:0.67M, Peak:0.67M | Scene, ViewLayer | Updating Images
Fra:1 Mem:13.15M (Peak 13.85M) | Time:00:00.00 | Mem:0.67M, Peak:0.67M | Scene, ViewLayer | Updating Camera Volume
Fra:1 Mem:13.15M (Peak 13.85M) | Time:00:00.00 | Mem:0.67M, Peak:0.67M | Scene, ViewLayer | Updating Lookup Tables
Fra:1 Mem:13.15M (Peak 13.85M) | Time:00:00.00 | Mem:0.75M, Peak:0.75M | Scene, ViewLayer | Updating Lights
Fra:1 Mem:13.15M (Peak 13.85M) | Time:00:00.00 | Mem:0.75M, Peak:0.75M | Scene, ViewLayer | Updating Lights | Computing tree
Fra:1 Mem:13.15M (Peak 13.85M) | Time:00:00.00 | Mem:0.75M, Peak:0.75M | Scene, ViewLayer | Updating Integrator
Fra:1 Mem:13.15M (Peak 13.85M) | Time:00:00.00 | Mem:0.75M, Peak:0.75M | Scene, ViewLayer | Updating Film
Fra:1 Mem:13.15M (Peak 13.85M) | Time:00:00.00 | Mem:0.67M, Peak:0.75M | Scene, ViewLayer | Updating Lookup Tables
Fra:1 Mem:13.15M (Peak 13.85M) | Time:00:00.00 | Mem:0.75M, Peak:0.75M | Scene, ViewLayer | Updating Baking
Fra:1 Mem:13.15M (Peak 13.85M) | Time:00:00.00 | Mem:0.75M, Peak:0.75M | Scene, ViewLayer | Updating Device | Writing constant memory
Fra:1 Mem:13.16M (Peak 13.85M) | Time:00:00.00 | Mem:0.75M, Peak:0.75M | Scene, ViewLayer | Loading denoising kernels (may take a few minutes the first time)
Fra:1 Mem:13.16M (Peak 13.85M) | Time:00:00.00 | Mem:0.75M, Peak:0.75M | Scene, ViewLayer | Sample 0/16
Fra:1 Mem:58.84M (Peak 58.84M) | Time:00:00.60 | Remaining:00:09.01 | Mem:46.42M, Peak:46.42M | Scene, ViewLayer | Sample 1/16
Fra:1 Mem:78.07M (Peak 106.91M) | Time:00:15.47 | Mem:46.42M, Peak:46.42M | Scene, ViewLayer | Sample 16/16
Fra:1 Mem:78.07M (Peak 106.91M) | Time:00:15.47 | Mem:46.42M, Peak:46.42M | Scene, ViewLayer | Finished
Saved: '/workspace/scratch/a29d03198654/Aether/source-assets/coast57/previews/original_overhead.png'
Time: 00:15.53 (Saving: 00:00.06)

Fra:1 Mem:12.28M (Peak 12.28M) | Time:00:00.00 | Mem:0.00M, Peak:0.00M | Scene, ViewLayer | Synchronizing object | Ground_-5_-5_COAST57
Fra:1 Mem:12.29M (Peak 12.29M) | Time:00:00.00 | Mem:0.00M, Peak:0.00M | Scene, ViewLayer | Synchronizing object | PREVIEW_ONLY Sun
Fra:1 Mem:12.30M (Peak 12.30M) | Time:00:00.00 | Mem:0.00M, Peak:0.00M | Scene, ViewLayer | Synchronizing object | PREVIEW_ONLY_sea_level_0
Fra:1 Mem:12.86M (Peak 13.85M) | Time:00:00.00 | Mem:0.00M, Peak:0.00M | Scene, ViewLayer | Initializing
Fra:1 Mem:12.59M (Peak 13.85M) | Time:00:00.00 | Mem:0.00M, Peak:0.00M | Scene, ViewLayer | Waiting for render to start
Fra:1 Mem:12.59M (Peak 13.85M) | Time:00:00.00 | Mem:0.00M, Peak:0.00M | Scene, ViewLayer | Updating Scene
Fra:1 Mem:12.59M (Peak 13.85M) | Time:00:00.00 | Mem:0.00M, Peak:0.00M | Scene, ViewLayer | Updating Shaders
Fra:1 Mem:12.59M (Peak 13.85M) | Time:00:00.00 | Mem:0.00M, Peak:0.00M | Scene, ViewLayer | Loading render kernels (may take a few minutes the first time)
Fra:1 Mem:12.68M (Peak 13.85M) | Time:00:00.00 | Mem:0.00M, Peak:0.00M | Scene, ViewLayer | Updating Procedurals
Fra:1 Mem:12.68M (Peak 13.85M) | Time:00:00.00 | Mem:0.00M, Peak:0.00M | Scene, ViewLayer | Updating Background
Fra:1 Mem:12.68M (Peak 13.85M) | Time:00:00.00 | Mem:0.00M, Peak:0.00M | Scene, ViewLayer | Updating Camera
Fra:1 Mem:12.68M (Peak 13.85M) | Time:00:00.00 | Mem:0.00M, Peak:0.00M | Scene, ViewLayer | Updating Meshes Flags
Fra:1 Mem:12.68M (Peak 13.85M) | Time:00:00.00 | Mem:0.00M, Peak:0.00M | Scene, ViewLayer | Updating Objects
Fra:1 Mem:12.68M (Peak 13.85M) | Time:00:00.00 | Mem:0.00M, Peak:0.00M | Scene, ViewLayer | Updating Objects | Copying Transformations to device
Fra:1 Mem:12.68M (Peak 13.85M) | Time:00:00.00 | Mem:0.00M, Peak:0.00M | Scene, ViewLayer | Updating Particle Systems
Fra:1 Mem:12.68M (Peak 13.85M) | Time:00:00.00 | Mem:0.00M, Peak:0.00M | Scene, ViewLayer | Updating Particle Systems | Copying Particles to device
Fra:1 Mem:12.68M (Peak 13.85M) | Time:00:00.00 | Mem:0.00M, Peak:0.00M | Scene, ViewLayer | Updating Meshes
Fra:1 Mem:12.68M (Peak 13.85M) | Time:00:00.00 | Mem:0.00M, Peak:0.00M | Scene, ViewLayer | Updating Objects | Applying Static Transformations
Fra:1 Mem:12.68M (Peak 13.85M) | Time:00:00.00 | Mem:0.00M, Peak:0.00M | Scene, ViewLayer | Updating Mesh | Computing attributes
Fra:1 Mem:12.91M (Peak 13.85M) | Time:00:00.00 | Mem:0.00M, Peak:0.00M | Scene, ViewLayer | Updating Mesh | Copying Attributes to device
Fra:1 Mem:12.91M (Peak 13.85M) | Time:00:00.00 | Mem:0.23M, Peak:0.23M | Scene, ViewLayer | Updating Scene BVH | Building
Fra:1 Mem:12.91M (Peak 13.85M) | Time:00:00.00 | Mem:0.23M, Peak:0.23M | Scene, ViewLayer | Updating Scene BVH | Building BVH
Fra:1 Mem:12.91M (Peak 13.85M) | Time:00:00.00 | Mem:0.32M, Peak:0.32M | Scene, ViewLayer | Updating Scene BVH | Building BVH 0%
Fra:1 Mem:12.91M (Peak 13.85M) | Time:00:00.00 | Mem:0.43M, Peak:0.52M | Scene, ViewLayer | Updating Scene BVH | Copying BVH to device
Fra:1 Mem:12.91M (Peak 13.85M) | Time:00:00.00 | Mem:0.43M, Peak:0.52M | Scene, ViewLayer | Updating Mesh | Computing normals
Fra:1 Mem:13.15M (Peak 13.85M) | Time:00:00.00 | Mem:0.43M, Peak:0.52M | Scene, ViewLayer | Updating Mesh | Copying Mesh to device
Fra:1 Mem:13.15M (Peak 13.85M) | Time:00:00.00 | Mem:0.67M, Peak:0.67M | Scene, ViewLayer | Updating Objects Flags
Fra:1 Mem:13.15M (Peak 13.85M) | Time:00:00.00 | Mem:0.67M, Peak:0.67M | Scene, ViewLayer | Updating Primitive Offsets
Fra:1 Mem:13.15M (Peak 13.85M) | Time:00:00.00 | Mem:0.67M, Peak:0.67M | Scene, ViewLayer | Updating Images
Fra:1 Mem:13.15M (Peak 13.85M) | Time:00:00.00 | Mem:0.67M, Peak:0.67M | Scene, ViewLayer | Updating Camera Volume
Fra:1 Mem:13.15M (Peak 13.85M) | Time:00:00.00 | Mem:0.67M, Peak:0.67M | Scene, ViewLayer | Updating Lookup Tables
Fra:1 Mem:13.15M (Peak 13.85M) | Time:00:00.00 | Mem:0.75M, Peak:0.75M | Scene, ViewLayer | Updating Lights
Fra:1 Mem:13.15M (Peak 13.85M) | Time:00:00.00 | Mem:0.75M, Peak:0.75M | Scene, ViewLayer | Updating Lights | Computing tree
Fra:1 Mem:13.15M (Peak 13.85M) | Time:00:00.00 | Mem:0.75M, Peak:0.75M | Scene, ViewLayer | Updating Integrator
Fra:1 Mem:13.15M (Peak 13.85M) | Time:00:00.00 | Mem:0.75M, Peak:0.75M | Scene, ViewLayer | Updating Film
Fra:1 Mem:13.15M (Peak 13.85M) | Time:00:00.00 | Mem:0.67M, Peak:0.75M | Scene, ViewLayer | Updating Lookup Tables
Fra:1 Mem:13.15M (Peak 13.85M) | Time:00:00.00 | Mem:0.75M, Peak:0.75M | Scene, ViewLayer | Updating Baking
Fra:1 Mem:13.15M (Peak 13.85M) | Time:00:00.00 | Mem:0.75M, Peak:0.75M | Scene, ViewLayer | Updating Device | Writing constant memory
Fra:1 Mem:13.16M (Peak 13.85M) | Time:00:00.00 | Mem:0.75M, Peak:0.75M | Scene, ViewLayer | Loading denoising kernels (may take a few minutes the first time)
Fra:1 Mem:13.16M (Peak 13.85M) | Time:00:00.00 | Mem:0.75M, Peak:0.75M | Scene, ViewLayer | Sample 0/16
Fra:1 Mem:58.84M (Peak 58.84M) | Time:00:00.52 | Remaining:00:07.83 | Mem:46.42M, Peak:46.42M | Scene, ViewLayer | Sample 1/16
Fra:1 Mem:78.07M (Peak 106.91M) | Time:00:16.79 | Mem:46.42M, Peak:46.42M | Scene, ViewLayer | Sample 16/16
Fra:1 Mem:78.07M (Peak 106.91M) | Time:00:16.79 | Mem:46.42M, Peak:46.42M | Scene, ViewLayer | Finished
Saved: '/workspace/scratch/a29d03198654/Aether/source-assets/coast57/previews/candidate_land_back.png'
Time: 00:16.88 (Saving: 00:00.07)

Fra:1 Mem:12.28M (Peak 12.28M) | Time:00:00.00 | Mem:0.00M, Peak:0.00M | Scene, ViewLayer | Synchronizing object | Ground_-5_-5_COAST57
Fra:1 Mem:12.29M (Peak 12.29M) | Time:00:00.00 | Mem:0.00M, Peak:0.00M | Scene, ViewLayer | Synchronizing object | PREVIEW_ONLY Sun
Fra:1 Mem:12.29M (Peak 12.29M) | Time:00:00.00 | Mem:0.00M, Peak:0.00M | Scene, ViewLayer | Synchronizing object | PREVIEW_ONLY_sea_level_0
Fra:1 Mem:12.86M (Peak 13.85M) | Time:00:00.00 | Mem:0.00M, Peak:0.00M | Scene, ViewLayer | Initializing
Fra:1 Mem:12.59M (Peak 13.85M) | Time:00:00.00 | Mem:0.00M, Peak:0.00M | Scene, ViewLayer | Waiting for render to start
Fra:1 Mem:12.59M (Peak 13.85M) | Time:00:00.00 | Mem:0.00M, Peak:0.00M | Scene, ViewLayer | Updating Scene
Fra:1 Mem:12.59M (Peak 13.85M) | Time:00:00.00 | Mem:0.00M, Peak:0.00M | Scene, ViewLayer | Updating Shaders
Fra:1 Mem:12.59M (Peak 13.85M) | Time:00:00.00 | Mem:0.00M, Peak:0.00M | Scene, ViewLayer | Loading render kernels (may take a few minutes the first time)
Fra:1 Mem:12.68M (Peak 13.85M) | Time:00:00.00 | Mem:0.00M, Peak:0.00M | Scene, ViewLayer | Updating Procedurals
Fra:1 Mem:12.68M (Peak 13.85M) | Time:00:00.00 | Mem:0.00M, Peak:0.00M | Scene, ViewLayer | Updating Background
Fra:1 Mem:12.68M (Peak 13.85M) | Time:00:00.00 | Mem:0.00M, Peak:0.00M | Scene, ViewLayer | Updating Camera
Fra:1 Mem:12.68M (Peak 13.85M) | Time:00:00.00 | Mem:0.00M, Peak:0.00M | Scene, ViewLayer | Updating Meshes Flags
Fra:1 Mem:12.68M (Peak 13.85M) | Time:00:00.00 | Mem:0.00M, Peak:0.00M | Scene, ViewLayer | Updating Objects
Fra:1 Mem:12.68M (Peak 13.85M) | Time:00:00.00 | Mem:0.00M, Peak:0.00M | Scene, ViewLayer | Updating Objects | Copying Transformations to device
Fra:1 Mem:12.68M (Peak 13.85M) | Time:00:00.00 | Mem:0.00M, Peak:0.00M | Scene, ViewLayer | Updating Particle Systems
Fra:1 Mem:12.68M (Peak 13.85M) | Time:00:00.00 | Mem:0.00M, Peak:0.00M | Scene, ViewLayer | Updating Particle Systems | Copying Particles to device
Fra:1 Mem:12.68M (Peak 13.85M) | Time:00:00.00 | Mem:0.00M, Peak:0.00M | Scene, ViewLayer | Updating Meshes
Fra:1 Mem:12.68M (Peak 13.85M) | Time:00:00.00 | Mem:0.00M, Peak:0.00M | Scene, ViewLayer | Updating Objects | Applying Static Transformations
Fra:1 Mem:12.68M (Peak 13.85M) | Time:00:00.00 | Mem:0.00M, Peak:0.00M | Scene, ViewLayer | Updating Mesh | Computing attributes
Fra:1 Mem:12.91M (Peak 13.85M) | Time:00:00.00 | Mem:0.00M, Peak:0.00M | Scene, ViewLayer | Updating Mesh | Copying Attributes to device
Fra:1 Mem:12.91M (Peak 13.85M) | Time:00:00.00 | Mem:0.23M, Peak:0.23M | Scene, ViewLayer | Updating Scene BVH | Building
Fra:1 Mem:12.91M (Peak 13.85M) | Time:00:00.00 | Mem:0.23M, Peak:0.23M | Scene, ViewLayer | Updating Scene BVH | Building BVH
Fra:1 Mem:12.91M (Peak 13.85M) | Time:00:00.00 | Mem:0.32M, Peak:0.32M | Scene, ViewLayer | Updating Scene BVH | Building BVH 0%
Fra:1 Mem:12.91M (Peak 13.85M) | Time:00:00.00 | Mem:0.43M, Peak:0.52M | Scene, ViewLayer | Updating Scene BVH | Copying BVH to device
Fra:1 Mem:12.91M (Peak 13.85M) | Time:00:00.00 | Mem:0.43M, Peak:0.52M | Scene, ViewLayer | Updating Mesh | Computing normals
Fra:1 Mem:13.15M (Peak 13.85M) | Time:00:00.00 | Mem:0.43M, Peak:0.52M | Scene, ViewLayer | Updating Mesh | Copying Mesh to device
Fra:1 Mem:13.15M (Peak 13.85M) | Time:00:00.00 | Mem:0.67M, Peak:0.67M | Scene, ViewLayer | Updating Objects Flags
Fra:1 Mem:13.15M (Peak 13.85M) | Time:00:00.00 | Mem:0.67M, Peak:0.67M | Scene, ViewLayer | Updating Primitive Offsets
Fra:1 Mem:13.15M (Peak 13.85M) | Time:00:00.00 | Mem:0.67M, Peak:0.67M | Scene, ViewLayer | Updating Images
Fra:1 Mem:13.15M (Peak 13.85M) | Time:00:00.00 | Mem:0.67M, Peak:0.67M | Scene, ViewLayer | Updating Camera Volume
Fra:1 Mem:13.15M (Peak 13.85M) | Time:00:00.00 | Mem:0.67M, Peak:0.67M | Scene, ViewLayer | Updating Lookup Tables
Fra:1 Mem:13.15M (Peak 13.85M) | Time:00:00.00 | Mem:0.75M, Peak:0.75M | Scene, ViewLayer | Updating Lights
Fra:1 Mem:13.15M (Peak 13.85M) | Time:00:00.00 | Mem:0.75M, Peak:0.75M | Scene, ViewLayer | Updating Lights | Computing tree
Fra:1 Mem:13.15M (Peak 13.85M) | Time:00:00.00 | Mem:0.75M, Peak:0.75M | Scene, ViewLayer | Updating Integrator
Fra:1 Mem:13.15M (Peak 13.85M) | Time:00:00.00 | Mem:0.75M, Peak:0.75M | Scene, ViewLayer | Updating Film
Fra:1 Mem:13.15M (Peak 13.85M) | Time:00:00.00 | Mem:0.67M, Peak:0.75M | Scene, ViewLayer | Updating Lookup Tables
Fra:1 Mem:13.15M (Peak 13.85M) | Time:00:00.00 | Mem:0.75M, Peak:0.75M | Scene, ViewLayer | Updating Baking
Fra:1 Mem:13.15M (Peak 13.85M) | Time:00:00.00 | Mem:0.75M, Peak:0.75M | Scene, ViewLayer | Updating Device | Writing constant memory
Fra:1 Mem:13.16M (Peak 13.85M) | Time:00:00.00 | Mem:0.75M, Peak:0.75M | Scene, ViewLayer | Loading denoising kernels (may take a few minutes the first time)
Fra:1 Mem:13.16M (Peak 13.85M) | Time:00:00.00 | Mem:0.75M, Peak:0.75M | Scene, ViewLayer | Sample 0/16
Fra:1 Mem:58.84M (Peak 58.84M) | Time:00:00.48 | Remaining:00:07.16 | Mem:46.42M, Peak:46.42M | Scene, ViewLayer | Sample 1/16
Fra:1 Mem:78.07M (Peak 106.91M) | Time:00:14.06 | Mem:46.42M, Peak:46.42M | Scene, ViewLayer | Sample 16/16
Fra:1 Mem:78.07M (Peak 106.91M) | Time:00:14.06 | Mem:46.42M, Peak:46.42M | Scene, ViewLayer | Finished
Saved: '/workspace/scratch/a29d03198654/Aether/source-assets/coast57/previews/candidate_low_shore.png'
Time: 00:14.13 (Saving: 00:00.06)

Fra:1 Mem:12.28M (Peak 12.28M) | Time:00:00.00 | Mem:0.00M, Peak:0.00M | Scene, ViewLayer | Synchronizing object | Ground_-5_-5_AUTHORITY
Fra:1 Mem:12.28M (Peak 12.28M) | Time:00:00.00 | Mem:0.00M, Peak:0.00M | Scene, ViewLayer | Synchronizing object | PREVIEW_ONLY Sun
Fra:1 Mem:12.29M (Peak 12.29M) | Time:00:00.00 | Mem:0.00M, Peak:0.00M | Scene, ViewLayer | Synchronizing object | PREVIEW_ONLY_sea_level_0
Fra:1 Mem:12.86M (Peak 13.85M) | Time:00:00.00 | Mem:0.00M, Peak:0.00M | Scene, ViewLayer | Initializing
Fra:1 Mem:12.59M (Peak 13.85M) | Time:00:00.00 | Mem:0.00M, Peak:0.00M | Scene, ViewLayer | Waiting for render to start
Fra:1 Mem:12.59M (Peak 13.85M) | Time:00:00.00 | Mem:0.00M, Peak:0.00M | Scene, ViewLayer | Updating Scene
Fra:1 Mem:12.59M (Peak 13.85M) | Time:00:00.00 | Mem:0.00M, Peak:0.00M | Scene, ViewLayer | Updating Shaders
Fra:1 Mem:12.59M (Peak 13.85M) | Time:00:00.00 | Mem:0.00M, Peak:0.00M | Scene, ViewLayer | Loading render kernels (may take a few minutes the first time)
Fra:1 Mem:12.68M (Peak 13.85M) | Time:00:00.00 | Mem:0.00M, Peak:0.00M | Scene, ViewLayer | Updating Procedurals
Fra:1 Mem:12.68M (Peak 13.85M) | Time:00:00.00 | Mem:0.00M, Peak:0.00M | Scene, ViewLayer | Updating Background
Fra:1 Mem:12.68M (Peak 13.85M) | Time:00:00.00 | Mem:0.00M, Peak:0.00M | Scene, ViewLayer | Updating Camera
Fra:1 Mem:12.68M (Peak 13.85M) | Time:00:00.00 | Mem:0.00M, Peak:0.00M | Scene, ViewLayer | Updating Meshes Flags
Fra:1 Mem:12.68M (Peak 13.85M) | Time:00:00.00 | Mem:0.00M, Peak:0.00M | Scene, ViewLayer | Updating Objects
Fra:1 Mem:12.68M (Peak 13.85M) | Time:00:00.00 | Mem:0.00M, Peak:0.00M | Scene, ViewLayer | Updating Objects | Copying Transformations to device
Fra:1 Mem:12.68M (Peak 13.85M) | Time:00:00.00 | Mem:0.00M, Peak:0.00M | Scene, ViewLayer | Updating Particle Systems
Fra:1 Mem:12.68M (Peak 13.85M) | Time:00:00.00 | Mem:0.00M, Peak:0.00M | Scene, ViewLayer | Updating Particle Systems | Copying Particles to device
Fra:1 Mem:12.68M (Peak 13.85M) | Time:00:00.00 | Mem:0.00M, Peak:0.00M | Scene, ViewLayer | Updating Meshes
Fra:1 Mem:12.68M (Peak 13.85M) | Time:00:00.00 | Mem:0.00M, Peak:0.00M | Scene, ViewLayer | Updating Objects | Applying Static Transformations
Fra:1 Mem:12.68M (Peak 13.85M) | Time:00:00.00 | Mem:0.00M, Peak:0.00M | Scene, ViewLayer | Updating Mesh | Computing attributes
Fra:1 Mem:12.91M (Peak 13.85M) | Time:00:00.00 | Mem:0.00M, Peak:0.00M | Scene, ViewLayer | Updating Mesh | Copying Attributes to device
Fra:1 Mem:12.91M (Peak 13.85M) | Time:00:00.00 | Mem:0.23M, Peak:0.23M | Scene, ViewLayer | Updating Scene BVH | Building
Fra:1 Mem:12.91M (Peak 13.85M) | Time:00:00.00 | Mem:0.23M, Peak:0.23M | Scene, ViewLayer | Updating Scene BVH | Building BVH
Fra:1 Mem:12.91M (Peak 13.85M) | Time:00:00.00 | Mem:0.32M, Peak:0.32M | Scene, ViewLayer | Updating Scene BVH | Building BVH 0%
Fra:1 Mem:12.91M (Peak 13.85M) | Time:00:00.00 | Mem:0.43M, Peak:0.52M | Scene, ViewLayer | Updating Scene BVH | Copying BVH to device
Fra:1 Mem:12.91M (Peak 13.85M) | Time:00:00.00 | Mem:0.43M, Peak:0.52M | Scene, ViewLayer | Updating Mesh | Computing normals
Fra:1 Mem:13.15M (Peak 13.85M) | Time:00:00.00 | Mem:0.43M, Peak:0.52M | Scene, ViewLayer | Updating Mesh | Copying Mesh to device
Fra:1 Mem:13.15M (Peak 13.85M) | Time:00:00.00 | Mem:0.67M, Peak:0.67M | Scene, ViewLayer | Updating Objects Flags
Fra:1 Mem:13.15M (Peak 13.85M) | Time:00:00.00 | Mem:0.67M, Peak:0.67M | Scene, ViewLayer | Updating Primitive Offsets
Fra:1 Mem:13.15M (Peak 13.85M) | Time:00:00.00 | Mem:0.67M, Peak:0.67M | Scene, ViewLayer | Updating Images
Fra:1 Mem:13.15M (Peak 13.85M) | Time:00:00.00 | Mem:0.67M, Peak:0.67M | Scene, ViewLayer | Updating Camera Volume
Fra:1 Mem:13.15M (Peak 13.85M) | Time:00:00.00 | Mem:0.67M, Peak:0.67M | Scene, ViewLayer | Updating Lookup Tables
Fra:1 Mem:13.15M (Peak 13.85M) | Time:00:00.00 | Mem:0.75M, Peak:0.75M | Scene, ViewLayer | Updating Lights
Fra:1 Mem:13.15M (Peak 13.85M) | Time:00:00.00 | Mem:0.75M, Peak:0.75M | Scene, ViewLayer | Updating Lights | Computing tree
Fra:1 Mem:13.15M (Peak 13.85M) | Time:00:00.00 | Mem:0.75M, Peak:0.75M | Scene, ViewLayer | Updating Integrator
Fra:1 Mem:13.15M (Peak 13.85M) | Time:00:00.00 | Mem:0.75M, Peak:0.75M | Scene, ViewLayer | Updating Film
Fra:1 Mem:13.15M (Peak 13.85M) | Time:00:00.00 | Mem:0.67M, Peak:0.75M | Scene, ViewLayer | Updating Lookup Tables
Fra:1 Mem:13.15M (Peak 13.85M) | Time:00:00.00 | Mem:0.75M, Peak:0.75M | Scene, ViewLayer | Updating Baking
Fra:1 Mem:13.15M (Peak 13.85M) | Time:00:00.00 | Mem:0.75M, Peak:0.75M | Scene, ViewLayer | Updating Device | Writing constant memory
Fra:1 Mem:13.16M (Peak 13.85M) | Time:00:00.00 | Mem:0.75M, Peak:0.75M | Scene, ViewLayer | Loading denoising kernels (may take a few minutes the first time)
Fra:1 Mem:13.16M (Peak 13.85M) | Time:00:00.00 | Mem:0.75M, Peak:0.75M | Scene, ViewLayer | Sample 0/16
Fra:1 Mem:58.84M (Peak 58.84M) | Time:00:00.46 | Remaining:00:06.88 | Mem:46.42M, Peak:46.42M | Scene, ViewLayer | Sample 1/16
Fra:1 Mem:78.07M (Peak 106.91M) | Time:00:14.62 | Mem:46.42M, Peak:46.42M | Scene, ViewLayer | Sample 16/16
Fra:1 Mem:78.07M (Peak 106.91M) | Time:00:14.62 | Mem:46.42M, Peak:46.42M | Scene, ViewLayer | Finished
Saved: '/workspace/scratch/a29d03198654/Aether/source-assets/coast57/previews/original_low_shore.png'
Time: 00:14.69 (Saving: 00:00.06)

COAST57_SOURCE_PREVIEWS_COMPLETE; standalone tile only; no scene save

Blender quit
