STATIC57_VERIFIED True 84
[
  {
    "z": -3740,
    "original_coast_x": -3384.084515719116,
    "candidate_coast_x": -3384.084515719116,
    "change_x": 0.0
  },
  {
    "z": -3720,
    "original_coast_x": -3369.5852263707347,
    "candidate_coast_x": -3366.478918980495,
    "change_x": 3.1063073902396354
  },
  {
    "z": -3700,
    "original_coast_x": -3354.8714039008555,
    "candidate_coast_x": -3343.5372602301295,
    "change_x": 11.334143670726007
  },
  {
    "z": -3680,
    "original_coast_x": -3339.891598559359,
    "candidate_coast_x": -3320.121102493426,
    "change_x": 19.770496065933003
  },
  {
    "z": -3660,
    "original_coast_x": -3325.330696042314,
    "candidate_coast_x": -3301.497874887196,
    "change_x": 23.832821155117927
  },
  {
    "z": -3640,
    "original_coast_x": -3311.7946488381112,
    "candidate_coast_x": -3281.1833926431937,
    "change_x": 30.611256194917587
  },
  {
    "z": -3630,
    "original_coast_x": -3304.9996368743755,
    "candidate_coast_x": -3273.031879572526,
    "change_x": 31.96775730184936
  },
  {
    "z": -3620,
    "original_coast_x": -3298.174855212742,
    "candidate_coast_x": -3266.284283415705,
    "change_x": 31.890571797036955
  },
  {
    "z": -3600,
    "original_coast_x": -3284.698207782967,
    "candidate_coast_x": -3259.116721517136,
    "change_x": 25.581486265831245
  },
  {
    "z": -3580,
    "original_coast_x": -3271.555099917599,
    "candidate_coast_x": -3251.217732587756,
    "change_x": 20.33736732984289
  },
  {
    "z": -3560,
    "original_coast_x": -3258.3715851316833,
    "candidate_coast_x": -3248.482685742729,
    "change_x": 9.888899388954542
  },
  {
    "z": -3540,
    "original_coast_x": -3245.183260954406,
    "candidate_coast_x": -3241.965849579496,
    "change_x": 3.217411374909716
  },
  {
    "z": -3520,
    "original_coast_x": -3232.6276570553673,
    "candidate_coast_x": -3232.303118286117,
    "change_x": 0.32453876925046643
  },
  {
    "z": -3500,
    "original_coast_x": -3219.4415584406247,
    "candidate_coast_x": -3219.1541925004467,
    "change_x": 0.287365940178006
  },
  {
    "z": -3480,
    "original_coast_x": -3205.9742279213406,
    "candidate_coast_x": -3205.8360107779654,
    "change_x": 0.13821714337518642
  },
  {
    "z": -3460,
    "original_coast_x": -3192.5772440427427,
    "candidate_coast_x": -3192.5538036752505,
    "change_x": 0.023440367492185032
  }
]
