{
  "all_native_input_geometry_and_world_transforms_exact": true,
  "output_triangle_topology_exact": false,
  "corresponding_output_vertex_offset_m": null,
  "relative_signed_volume_change": 0.0013067717630391715,
  "signed_bounds_delta_m": [
    [
      1.6329345703125,
      2.39697265625,
      6.219970703125
    ],
    [
      -5.2413330078125,
      -14.245086669921875,
      -4.13916015625
    ]
  ]
}
Blender 4.5.14 LTS (hash 62c1db4208e8 built 2026-09-15 01:31:19)
Read blend: "/workspace/scratch/a29d03198654/Aether/source-assets/cloud-bank58/revision-b/recovery-01/cloud_bank58b_union.blend"
Read blend: "/workspace/scratch/a29d03198654/Aether/source-assets/cloud-bank58/revision-b/recovery-02/cloud_bank58b_union.blend"

Blender quit
