Godot Engine v4.5.1.stable.official.f62fdbde1 - https://godotengine.org

{
  "A": {
    "basis": [
      -0.0291995462030172,
      0.0,
      -0.999573588371277,
      0.0,
      1.0,
      0.0,
      0.999573588371277,
      0.0,
      -0.0291995462030172
    ],
    "local_bytes": "12000000e333efbc000000000ee47f3f000000000000803f000000000ee47fbf00000000e333efbc00c08f44b5cd0c423cef8bc4",
    "rotation": [
      0.0,
      1.60000002384186,
      0.0
    ],
    "scale": [
      1.0,
      1.0,
      1.0
    ]
  },
  "component_restore": {
    "basis": [
      -0.0291995462030172,
      0.0,
      -0.999573588371277,
      0.0,
      1.0,
      0.0,
      0.999573588371277,
      0.0,
      -0.0291995462030172
    ],
    "local_bytes": "12000000e333efbc000000000ee47f3f000000000000803f000000000ee47fbf00000000e333efbc00c08f44b5cd0c423cef8bc4",
    "rotation": [
      0.0,
      1.60000002384186,
      0.0
    ],
    "scale": [
      1.0,
      1.0,
      1.0
    ]
  },
  "component_restore_exact_global": true,
  "component_restore_exact_local": true,
  "component_restore_exact_rotation": true,
  "component_restore_exact_scale": true,
  "matrix_restore": {
    "basis": [
      -0.0291995462030172,
      0.0,
      -0.999573588371277,
      0.0,
      1.0,
      0.0,
      0.999573588371277,
      0.0,
      -0.0291995462030172
    ],
    "local_bytes": "12000000e333efbc000000000ee47f3f000000000000803f000000000ee47fbf00000000e333efbc00c08f44b5cd0c423cef8bc4",
    "rotation": [
      0.0,
      1.60000002384186,
      0.0
    ],
    "scale": [
      0.999999940395355,
      1.0,
      0.999999940395355
    ]
  },
  "matrix_restore_exact_derived_scale": false,
  "matrix_restore_exact_global": true,
  "source": "Three nodes only; no PackedScene, game, assets or rendered viewport"
}

