Godot Engine v4.5.1.stable.official.f62fdbde1 - https://godotengine.org

{
  "camera_restore": [
    {
      "after_getters_matrix_bytes": "120000000000803f000000000000000000000000e2e17e3f6b29bfbd000000006b29bf3de2e17e3f00c08f440000204100007ac4",
      "global_matrix_exact": true,
      "local_matrix_exact": true,
      "matrix_bytes": "120000000000803f000000000000000000000000e2e17e3f6b29bfbd000000006b29bf3de2e17e3f00c08f440000204100007ac4",
      "original_rotation": [
        0.0934767872095108,
        0.0,
        0.0
      ],
      "original_scale": [
        1.0,
        1.0,
        1.0
      ],
      "position_exact": true,
      "restored_matrix_bytes": "120000000000803f000000000000000000000000e2e17e3f6b29bfbd000000006b29bf3de2e17e3f00c08f440000204100007ac4",
      "restored_rotation": [
        0.0934767872095108,
        0.0,
        0.0
      ],
      "restored_scale": [
        1.0,
        1.0,
        1.0
      ],
      "rotation_exact": true,
      "scale_exact": true
    },
    {
      "after_getters_matrix_bytes": "12000000d0b07a3f79977c3cdbdd4e3e00000000fe417f3febd69bbdd8774fbe849b983dbff6793f0080a2440000e04000806dc4",
      "global_matrix_exact": true,
      "local_matrix_exact": true,
      "matrix_bytes": "12000000d0b07a3f79977c3cdbdd4e3e00000000fe417f3febd69bbdd8774fbe849b983dbff6793f0080a2440000e04000806dc4",
      "original_rotation": [
        0.076167143881321,
        0.204017981886864,
        0.0
      ],
      "original_scale": [
        1.0,
        1.0,
        1.0
      ],
      "position_exact": true,
      "restored_matrix_bytes": "12000000d0b07a3f79977c3cdbdd4e3e00000000fe417f3febd69bbdd8774fbe849b983dbff6793f0080a2440000e04000806dc4",
      "restored_rotation": [
        0.076167143881321,
        0.204017981886864,
        0.0
      ],
      "restored_scale": [
        1.0,
        1.0,
        1.0
      ],
      "rotation_exact": true,
      "scale_exact": true
    }
  ],
  "convex_input_points": 27,
  "convex_unique_support_vertices": 8,
  "full_game_loaded": false,
  "passed": true,
  "renderer_used": false
}

