Extensions: writing cache failed ([Errno 30] Read-only file system: '/home/agent/.config/blender').
INFO Draco mesh compression is available, use library at /workspace/scratch/a29d03198654/tools-feiting/blender-4.5.14-linux-x64/4.5/scripts/addons_core/io_scene_gltf2/libextern_draco.so
12:47:14 | INFO: Starting glTF 2.0 export
12:47:14 | INFO: Extracting primitive: 52e_v0_p0_volume0.001
12:47:14 | INFO: Primitives created: 1
12:47:14 | INFO: Extracting primitive: 52e_v0_p1_volume0.001
12:47:14 | INFO: Primitives created: 1
12:47:14 | INFO: Extracting primitive: 52e_v0_p2_volume0.001
12:47:14 | INFO: Primitives created: 1
12:47:14 | INFO: Finished glTF 2.0 export in 0.010853052139282227 s

12:47:15 | INFO: Starting glTF 2.0 export
12:47:15 | INFO: Extracting primitive: 52e_v1_p0_volume0.001
12:47:15 | INFO: Primitives created: 1
12:47:15 | INFO: Extracting primitive: 52e_v1_p1_volume0.001
12:47:15 | INFO: Primitives created: 1
12:47:15 | INFO: Extracting primitive: 52e_v1_p2_volume0.001
12:47:15 | INFO: Primitives created: 1
12:47:15 | INFO: Finished glTF 2.0 export in 0.010211467742919922 s

12:47:16 | INFO: Starting glTF 2.0 export
12:47:16 | INFO: Extracting primitive: 52e_v2_p0_volume0.001
12:47:16 | INFO: Primitives created: 1
12:47:16 | INFO: Extracting primitive: 52e_v2_p1_volume0.001
12:47:16 | INFO: Primitives created: 1
12:47:16 | INFO: Extracting primitive: 52e_v2_p2_volume0.001
12:47:16 | INFO: Primitives created: 1
12:47:16 | INFO: Finished glTF 2.0 export in 0.010889291763305664 s

Info: Saved as "cloud_sea52e.blend"
52E SOURCE READY; NO WORLD OR VISUAL ACCEPTANCE
Blender 4.5.14 LTS (hash 62c1db4208e8 built 2026-09-15 01:31:19)

Blender quit
