Blender 4.5.14 LTS (hash 62c1db4208e8 built 2026-09-15 01:31:19)
Read blend: "/workspace/scratch/a29d03198654/Aether/source-assets/cloud-bank58/revision-b/recovery-03/cloud_bank58b.blend"
Fra:1 Mem:11.69M (Peak 11.69M) | Time:00:00.00 | Mem:0.00M, Peak:0.00M | Scene, ViewLayer | Synchronizing object | CloudBank58_upper_west_layer
Fra:1 Mem:11.69M (Peak 11.69M) | Time:00:00.00 | Mem:0.00M, Peak:0.00M | Scene, ViewLayer | Synchronizing object | Sun
Fra:1 Mem:11.69M (Peak 11.69M) | Time:00:00.00 | Mem:0.00M, Peak:0.00M | Scene, ViewLayer | Synchronizing object | CloudBank58B_four_root_folded_volume
Fra:1 Mem:12.27M (Peak 12.27M) | Time:00:00.00 | Mem:0.00M, Peak:0.00M | Scene, ViewLayer | Synchronizing object | CloudBank58_upper_east_layer
Fra:1 Mem:12.31M (Peak 12.31M) | Time:00:00.00 | Mem:0.00M, Peak:0.00M | Scene, ViewLayer | Synchronizing object | CloudBank58_upper_far_veil
Fra:1 Mem:12.99M (Peak 13.40M) | Time:00:00.00 | Mem:0.00M, Peak:0.00M | Scene, ViewLayer | Initializing
Fra:1 Mem:12.70M (Peak 13.40M) | Time:00:00.00 | Mem:0.00M, Peak:0.00M | Scene, ViewLayer | Waiting for render to start
Fra:1 Mem:12.70M (Peak 13.40M) | Time:00:00.00 | Mem:0.00M, Peak:0.00M | Scene, ViewLayer | Updating Scene
Fra:1 Mem:12.70M (Peak 13.40M) | Time:00:00.00 | Mem:0.00M, Peak:0.00M | Scene, ViewLayer | Updating Shaders
Fra:1 Mem:12.70M (Peak 13.40M) | Time:00:00.00 | Mem:0.00M, Peak:0.00M | Scene, ViewLayer | Loading render kernels (may take a few minutes the first time)
Fra:1 Mem:12.79M (Peak 13.40M) | Time:00:00.00 | Mem:0.00M, Peak:0.00M | Scene, ViewLayer | Updating Procedurals
Fra:1 Mem:12.79M (Peak 13.40M) | Time:00:00.00 | Mem:0.00M, Peak:0.00M | Scene, ViewLayer | Updating Background
Fra:1 Mem:12.79M (Peak 13.40M) | Time:00:00.00 | Mem:0.00M, Peak:0.00M | Scene, ViewLayer | Updating Camera
Fra:1 Mem:12.79M (Peak 13.40M) | Time:00:00.00 | Mem:0.00M, Peak:0.00M | Scene, ViewLayer | Updating Meshes Flags
Fra:1 Mem:12.79M (Peak 13.40M) | Time:00:00.00 | Mem:0.00M, Peak:0.00M | Scene, ViewLayer | Updating Objects
Fra:1 Mem:12.79M (Peak 13.40M) | Time:00:00.00 | Mem:0.00M, Peak:0.00M | Scene, ViewLayer | Updating Objects | Copying Transformations to device
Fra:1 Mem:12.79M (Peak 13.40M) | Time:00:00.00 | Mem:0.00M, Peak:0.00M | Scene, ViewLayer | Updating Particle Systems
Fra:1 Mem:12.79M (Peak 13.40M) | Time:00:00.00 | Mem:0.00M, Peak:0.00M | Scene, ViewLayer | Updating Particle Systems | Copying Particles to device
Fra:1 Mem:12.79M (Peak 13.40M) | Time:00:00.00 | Mem:0.00M, Peak:0.00M | Scene, ViewLayer | Updating Meshes
Fra:1 Mem:12.79M (Peak 13.40M) | Time:00:00.00 | Mem:0.00M, Peak:0.00M | Scene, ViewLayer | Updating Objects | Applying Static Transformations
Fra:1 Mem:12.79M (Peak 13.40M) | Time:00:00.00 | Mem:0.00M, Peak:0.00M | Scene, ViewLayer | Updating Mesh | Computing attributes
Fra:1 Mem:13.30M (Peak 13.40M) | Time:00:00.00 | Mem:0.00M, Peak:0.00M | Scene, ViewLayer | Updating Mesh | Copying Attributes to device
Fra:1 Mem:13.30M (Peak 13.40M) | Time:00:00.00 | Mem:0.51M, Peak:0.51M | Scene, ViewLayer | Updating Scene BVH | Building
Fra:1 Mem:13.30M (Peak 13.40M) | Time:00:00.00 | Mem:0.51M, Peak:0.51M | Scene, ViewLayer | Updating Scene BVH | Building BVH
Fra:1 Mem:13.30M (Peak 13.40M) | Time:00:00.00 | Mem:0.82M, Peak:0.82M | Scene, ViewLayer | Updating Scene BVH | Building BVH 0%
Fra:1 Mem:13.30M (Peak 13.40M) | Time:00:00.00 | Mem:1.18M, Peak:1.48M | Scene, ViewLayer | Updating Scene BVH | Copying BVH to device
Fra:1 Mem:13.30M (Peak 13.40M) | Time:00:00.00 | Mem:1.18M, Peak:1.48M | Scene, ViewLayer | Updating Mesh | Computing normals
Fra:1 Mem:13.56M (Peak 13.56M) | Time:00:00.00 | Mem:1.18M, Peak:1.48M | Scene, ViewLayer | Updating Mesh | Copying Mesh to device
Fra:1 Mem:13.56M (Peak 13.56M) | Time:00:00.00 | Mem:1.45M, Peak:1.48M | Scene, ViewLayer | Updating Objects Flags
Fra:1 Mem:13.56M (Peak 13.56M) | Time:00:00.00 | Mem:1.45M, Peak:1.48M | Scene, ViewLayer | Updating Primitive Offsets
Fra:1 Mem:13.56M (Peak 13.56M) | Time:00:00.00 | Mem:1.45M, Peak:1.48M | Scene, ViewLayer | Updating Images
Fra:1 Mem:13.56M (Peak 13.56M) | Time:00:00.00 | Mem:1.45M, Peak:1.48M | Scene, ViewLayer | Updating Camera Volume
Fra:1 Mem:13.56M (Peak 13.56M) | Time:00:00.00 | Mem:1.45M, Peak:1.48M | Scene, ViewLayer | Updating Lookup Tables
Fra:1 Mem:13.56M (Peak 13.56M) | Time:00:00.00 | Mem:1.53M, Peak:1.53M | Scene, ViewLayer | Updating Lights
Fra:1 Mem:13.56M (Peak 13.56M) | Time:00:00.00 | Mem:1.53M, Peak:1.53M | Scene, ViewLayer | Updating Lights | Computing tree
Fra:1 Mem:13.57M (Peak 13.57M) | Time:00:00.00 | Mem:1.53M, Peak:1.53M | Scene, ViewLayer | Updating Integrator
Fra:1 Mem:13.57M (Peak 13.57M) | Time:00:00.00 | Mem:1.53M, Peak:1.53M | Scene, ViewLayer | Updating Film
Fra:1 Mem:13.57M (Peak 13.57M) | Time:00:00.00 | Mem:1.45M, Peak:1.53M | Scene, ViewLayer | Updating Lookup Tables
Fra:1 Mem:13.57M (Peak 13.57M) | Time:00:00.00 | Mem:1.53M, Peak:1.53M | Scene, ViewLayer | Updating Baking
Fra:1 Mem:13.57M (Peak 13.57M) | Time:00:00.00 | Mem:1.53M, Peak:1.53M | Scene, ViewLayer | Updating Device | Writing constant memory
Fra:1 Mem:13.57M (Peak 13.57M) | Time:00:00.00 | Mem:1.53M, Peak:1.53M | Scene, ViewLayer | Loading denoising kernels (may take a few minutes the first time)
Fra:1 Mem:13.57M (Peak 13.57M) | Time:00:00.00 | Mem:1.53M, Peak:1.53M | Scene, ViewLayer | Sample 0/16
Fra:1 Mem:64.33M (Peak 64.33M) | Time:00:00.21 | Remaining:00:03.15 | Mem:52.27M, Peak:52.27M | Scene, ViewLayer | Sample 1/16
Fra:1 Mem:85.69M (Peak 117.74M) | Time:00:11.55 | Mem:52.27M, Peak:52.27M | Scene, ViewLayer | Sample 16/16
Fra:1 Mem:85.69M (Peak 117.74M) | Time:00:11.55 | Mem:52.27M, Peak:52.27M | Scene, ViewLayer | Finished
Saved: '/workspace/scratch/a29d03198654/Aether/cloud-evidence/cloudbank58b-source-preview-20261001T115851Z-hw20ss6g/images/cloudbank58b-front.png'
Time: 00:11.69 (Saving: 00:00.13)

Fra:1 Mem:12.15M (Peak 12.15M) | Time:00:00.00 | Mem:0.00M, Peak:0.00M | Scene, ViewLayer | Synchronizing object | CloudBank58_upper_west_layer
Fra:1 Mem:12.15M (Peak 12.15M) | Time:00:00.00 | Mem:0.00M, Peak:0.00M | Scene, ViewLayer | Synchronizing object | Sun
Fra:1 Mem:12.16M (Peak 12.16M) | Time:00:00.00 | Mem:0.00M, Peak:0.00M | Scene, ViewLayer | Synchronizing object | CloudBank58B_four_root_folded_volume
Fra:1 Mem:12.17M (Peak 12.17M) | Time:00:00.00 | Mem:0.00M, Peak:0.00M | Scene, ViewLayer | Synchronizing object | CloudBank58_upper_east_layer
Fra:1 Mem:12.20M (Peak 12.20M) | Time:00:00.00 | Mem:0.00M, Peak:0.00M | Scene, ViewLayer | Synchronizing object | CloudBank58_upper_far_veil
Fra:1 Mem:12.99M (Peak 13.40M) | Time:00:00.00 | Mem:0.00M, Peak:0.00M | Scene, ViewLayer | Initializing
Fra:1 Mem:12.70M (Peak 13.40M) | Time:00:00.00 | Mem:0.00M, Peak:0.00M | Scene, ViewLayer | Waiting for render to start
Fra:1 Mem:12.70M (Peak 13.40M) | Time:00:00.00 | Mem:0.00M, Peak:0.00M | Scene, ViewLayer | Updating Scene
Fra:1 Mem:12.70M (Peak 13.40M) | Time:00:00.00 | Mem:0.00M, Peak:0.00M | Scene, ViewLayer | Updating Shaders
Fra:1 Mem:12.71M (Peak 13.40M) | Time:00:00.00 | Mem:0.00M, Peak:0.00M | Scene, ViewLayer | Loading render kernels (may take a few minutes the first time)
Fra:1 Mem:12.79M (Peak 13.40M) | Time:00:00.00 | Mem:0.00M, Peak:0.00M | Scene, ViewLayer | Updating Procedurals
Fra:1 Mem:12.79M (Peak 13.40M) | Time:00:00.00 | Mem:0.00M, Peak:0.00M | Scene, ViewLayer | Updating Background
Fra:1 Mem:12.79M (Peak 13.40M) | Time:00:00.00 | Mem:0.00M, Peak:0.00M | Scene, ViewLayer | Updating Camera
Fra:1 Mem:12.79M (Peak 13.40M) | Time:00:00.00 | Mem:0.00M, Peak:0.00M | Scene, ViewLayer | Updating Meshes Flags
Fra:1 Mem:12.79M (Peak 13.40M) | Time:00:00.00 | Mem:0.00M, Peak:0.00M | Scene, ViewLayer | Updating Objects
Fra:1 Mem:12.79M (Peak 13.40M) | Time:00:00.00 | Mem:0.00M, Peak:0.00M | Scene, ViewLayer | Updating Objects | Copying Transformations to device
Fra:1 Mem:12.79M (Peak 13.40M) | Time:00:00.00 | Mem:0.00M, Peak:0.00M | Scene, ViewLayer | Updating Particle Systems
Fra:1 Mem:12.79M (Peak 13.40M) | Time:00:00.00 | Mem:0.00M, Peak:0.00M | Scene, ViewLayer | Updating Particle Systems | Copying Particles to device
Fra:1 Mem:12.79M (Peak 13.40M) | Time:00:00.00 | Mem:0.00M, Peak:0.00M | Scene, ViewLayer | Updating Meshes
Fra:1 Mem:12.79M (Peak 13.40M) | Time:00:00.00 | Mem:0.00M, Peak:0.00M | Scene, ViewLayer | Updating Objects | Applying Static Transformations
Fra:1 Mem:12.79M (Peak 13.40M) | Time:00:00.00 | Mem:0.00M, Peak:0.00M | Scene, ViewLayer | Updating Mesh | Computing attributes
Fra:1 Mem:13.30M (Peak 13.40M) | Time:00:00.00 | Mem:0.00M, Peak:0.00M | Scene, ViewLayer | Updating Mesh | Copying Attributes to device
Fra:1 Mem:13.30M (Peak 13.40M) | Time:00:00.00 | Mem:0.51M, Peak:0.51M | Scene, ViewLayer | Updating Scene BVH | Building
Fra:1 Mem:13.30M (Peak 13.40M) | Time:00:00.00 | Mem:0.51M, Peak:0.51M | Scene, ViewLayer | Updating Scene BVH | Building BVH
Fra:1 Mem:13.30M (Peak 13.40M) | Time:00:00.00 | Mem:0.82M, Peak:0.82M | Scene, ViewLayer | Updating Scene BVH | Building BVH 0%
Fra:1 Mem:13.30M (Peak 13.40M) | Time:00:00.00 | Mem:1.18M, Peak:1.48M | Scene, ViewLayer | Updating Scene BVH | Copying BVH to device
Fra:1 Mem:13.30M (Peak 13.40M) | Time:00:00.00 | Mem:1.18M, Peak:1.48M | Scene, ViewLayer | Updating Mesh | Computing normals
Fra:1 Mem:13.56M (Peak 13.56M) | Time:00:00.00 | Mem:1.18M, Peak:1.48M | Scene, ViewLayer | Updating Mesh | Copying Mesh to device
Fra:1 Mem:13.56M (Peak 13.56M) | Time:00:00.00 | Mem:1.45M, Peak:1.48M | Scene, ViewLayer | Updating Objects Flags
Fra:1 Mem:13.56M (Peak 13.56M) | Time:00:00.00 | Mem:1.45M, Peak:1.48M | Scene, ViewLayer | Updating Primitive Offsets
Fra:1 Mem:13.56M (Peak 13.56M) | Time:00:00.00 | Mem:1.45M, Peak:1.48M | Scene, ViewLayer | Updating Images
Fra:1 Mem:13.56M (Peak 13.56M) | Time:00:00.00 | Mem:1.45M, Peak:1.48M | Scene, ViewLayer | Updating Camera Volume
Fra:1 Mem:13.56M (Peak 13.56M) | Time:00:00.00 | Mem:1.45M, Peak:1.48M | Scene, ViewLayer | Updating Lookup Tables
Fra:1 Mem:13.56M (Peak 13.56M) | Time:00:00.00 | Mem:1.53M, Peak:1.53M | Scene, ViewLayer | Updating Lights
Fra:1 Mem:13.56M (Peak 13.56M) | Time:00:00.00 | Mem:1.53M, Peak:1.53M | Scene, ViewLayer | Updating Lights | Computing tree
Fra:1 Mem:13.57M (Peak 13.57M) | Time:00:00.00 | Mem:1.53M, Peak:1.53M | Scene, ViewLayer | Updating Integrator
Fra:1 Mem:13.57M (Peak 13.57M) | Time:00:00.00 | Mem:1.53M, Peak:1.53M | Scene, ViewLayer | Updating Film
Fra:1 Mem:13.57M (Peak 13.57M) | Time:00:00.00 | Mem:1.45M, Peak:1.53M | Scene, ViewLayer | Updating Lookup Tables
Fra:1 Mem:13.57M (Peak 13.57M) | Time:00:00.00 | Mem:1.53M, Peak:1.53M | Scene, ViewLayer | Updating Baking
Fra:1 Mem:13.57M (Peak 13.57M) | Time:00:00.00 | Mem:1.53M, Peak:1.53M | Scene, ViewLayer | Updating Device | Writing constant memory
Fra:1 Mem:13.57M (Peak 13.57M) | Time:00:00.00 | Mem:1.53M, Peak:1.53M | Scene, ViewLayer | Loading denoising kernels (may take a few minutes the first time)
Fra:1 Mem:13.57M (Peak 13.57M) | Time:00:00.00 | Mem:1.53M, Peak:1.53M | Scene, ViewLayer | Sample 0/16
Fra:1 Mem:64.33M (Peak 64.33M) | Time:00:00.25 | Remaining:00:03.73 | Mem:52.27M, Peak:52.27M | Scene, ViewLayer | Sample 1/16
Fra:1 Mem:85.69M (Peak 117.74M) | Time:00:11.10 | Mem:52.27M, Peak:52.27M | Scene, ViewLayer | Sample 16/16
Fra:1 Mem:85.69M (Peak 117.74M) | Time:00:11.10 | Mem:52.27M, Peak:52.27M | Scene, ViewLayer | Finished
Saved: '/workspace/scratch/a29d03198654/Aether/cloud-evidence/cloudbank58b-source-preview-20261001T115851Z-hw20ss6g/images/cloudbank58b-back.png'
Time: 00:11.17 (Saving: 00:00.06)

Fra:1 Mem:12.15M (Peak 12.15M) | Time:00:00.00 | Mem:0.00M, Peak:0.00M | Scene, ViewLayer | Synchronizing object | CloudBank58_upper_west_layer
Fra:1 Mem:12.15M (Peak 12.15M) | Time:00:00.00 | Mem:0.00M, Peak:0.00M | Scene, ViewLayer | Synchronizing object | Sun
Fra:1 Mem:12.15M (Peak 12.15M) | Time:00:00.00 | Mem:0.00M, Peak:0.00M | Scene, ViewLayer | Synchronizing object | CloudBank58B_four_root_folded_volume
Fra:1 Mem:12.53M (Peak 12.53M) | Time:00:00.00 | Mem:0.00M, Peak:0.00M | Scene, ViewLayer | Synchronizing object | CloudBank58_upper_east_layer
Fra:1 Mem:12.55M (Peak 12.55M) | Time:00:00.00 | Mem:0.00M, Peak:0.00M | Scene, ViewLayer | Synchronizing object | CloudBank58_upper_far_veil
Fra:1 Mem:12.99M (Peak 12.99M) | Time:00:00.00 | Mem:0.00M, Peak:0.00M | Scene, ViewLayer | Initializing
Fra:1 Mem:12.70M (Peak 12.99M) | Time:00:00.00 | Mem:0.00M, Peak:0.00M | Scene, ViewLayer | Waiting for render to start
Fra:1 Mem:12.70M (Peak 12.99M) | Time:00:00.00 | Mem:0.00M, Peak:0.00M | Scene, ViewLayer | Updating Scene
Fra:1 Mem:12.70M (Peak 12.99M) | Time:00:00.00 | Mem:0.00M, Peak:0.00M | Scene, ViewLayer | Updating Shaders
Fra:1 Mem:12.71M (Peak 12.99M) | Time:00:00.00 | Mem:0.00M, Peak:0.00M | Scene, ViewLayer | Loading render kernels (may take a few minutes the first time)
Fra:1 Mem:12.79M (Peak 12.99M) | Time:00:00.00 | Mem:0.00M, Peak:0.00M | Scene, ViewLayer | Updating Procedurals
Fra:1 Mem:12.79M (Peak 12.99M) | Time:00:00.00 | Mem:0.00M, Peak:0.00M | Scene, ViewLayer | Updating Background
Fra:1 Mem:12.79M (Peak 12.99M) | Time:00:00.00 | Mem:0.00M, Peak:0.00M | Scene, ViewLayer | Updating Camera
Fra:1 Mem:12.79M (Peak 12.99M) | Time:00:00.00 | Mem:0.00M, Peak:0.00M | Scene, ViewLayer | Updating Meshes Flags
Fra:1 Mem:12.79M (Peak 12.99M) | Time:00:00.00 | Mem:0.00M, Peak:0.00M | Scene, ViewLayer | Updating Objects
Fra:1 Mem:12.79M (Peak 12.99M) | Time:00:00.00 | Mem:0.00M, Peak:0.00M | Scene, ViewLayer | Updating Objects | Copying Transformations to device
Fra:1 Mem:12.79M (Peak 12.99M) | Time:00:00.00 | Mem:0.00M, Peak:0.00M | Scene, ViewLayer | Updating Particle Systems
Fra:1 Mem:12.79M (Peak 12.99M) | Time:00:00.00 | Mem:0.00M, Peak:0.00M | Scene, ViewLayer | Updating Particle Systems | Copying Particles to device
Fra:1 Mem:12.79M (Peak 12.99M) | Time:00:00.00 | Mem:0.00M, Peak:0.00M | Scene, ViewLayer | Updating Meshes
Fra:1 Mem:12.79M (Peak 12.99M) | Time:00:00.00 | Mem:0.00M, Peak:0.00M | Scene, ViewLayer | Updating Objects | Applying Static Transformations
Fra:1 Mem:12.79M (Peak 12.99M) | Time:00:00.00 | Mem:0.00M, Peak:0.00M | Scene, ViewLayer | Updating Mesh | Computing attributes
Fra:1 Mem:13.30M (Peak 13.30M) | Time:00:00.00 | Mem:0.00M, Peak:0.00M | Scene, ViewLayer | Updating Mesh | Copying Attributes to device
Fra:1 Mem:13.30M (Peak 13.30M) | Time:00:00.00 | Mem:0.51M, Peak:0.51M | Scene, ViewLayer | Updating Scene BVH | Building
Fra:1 Mem:13.30M (Peak 13.30M) | Time:00:00.00 | Mem:0.51M, Peak:0.51M | Scene, ViewLayer | Updating Scene BVH | Building BVH
Fra:1 Mem:13.30M (Peak 13.30M) | Time:00:00.00 | Mem:0.82M, Peak:0.82M | Scene, ViewLayer | Updating Scene BVH | Building BVH 0%
Fra:1 Mem:13.30M (Peak 13.30M) | Time:00:00.00 | Mem:1.18M, Peak:1.48M | Scene, ViewLayer | Updating Scene BVH | Copying BVH to device
Fra:1 Mem:13.30M (Peak 13.30M) | Time:00:00.00 | Mem:1.18M, Peak:1.48M | Scene, ViewLayer | Updating Mesh | Computing normals
Fra:1 Mem:13.56M (Peak 13.56M) | Time:00:00.00 | Mem:1.18M, Peak:1.48M | Scene, ViewLayer | Updating Mesh | Copying Mesh to device
Fra:1 Mem:13.56M (Peak 13.56M) | Time:00:00.00 | Mem:1.45M, Peak:1.48M | Scene, ViewLayer | Updating Objects Flags
Fra:1 Mem:13.56M (Peak 13.56M) | Time:00:00.00 | Mem:1.45M, Peak:1.48M | Scene, ViewLayer | Updating Primitive Offsets
Fra:1 Mem:13.56M (Peak 13.56M) | Time:00:00.00 | Mem:1.45M, Peak:1.48M | Scene, ViewLayer | Updating Images
Fra:1 Mem:13.56M (Peak 13.56M) | Time:00:00.00 | Mem:1.45M, Peak:1.48M | Scene, ViewLayer | Updating Camera Volume
Fra:1 Mem:13.56M (Peak 13.56M) | Time:00:00.00 | Mem:1.45M, Peak:1.48M | Scene, ViewLayer | Updating Lookup Tables
Fra:1 Mem:13.56M (Peak 13.56M) | Time:00:00.00 | Mem:1.53M, Peak:1.53M | Scene, ViewLayer | Updating Lights
Fra:1 Mem:13.56M (Peak 13.56M) | Time:00:00.00 | Mem:1.53M, Peak:1.53M | Scene, ViewLayer | Updating Lights | Computing tree
Fra:1 Mem:13.57M (Peak 13.57M) | Time:00:00.00 | Mem:1.53M, Peak:1.53M | Scene, ViewLayer | Updating Integrator
Fra:1 Mem:13.57M (Peak 13.57M) | Time:00:00.00 | Mem:1.53M, Peak:1.53M | Scene, ViewLayer | Updating Film
Fra:1 Mem:13.57M (Peak 13.57M) | Time:00:00.00 | Mem:1.45M, Peak:1.53M | Scene, ViewLayer | Updating Lookup Tables
Fra:1 Mem:13.57M (Peak 13.57M) | Time:00:00.00 | Mem:1.53M, Peak:1.53M | Scene, ViewLayer | Updating Baking
Fra:1 Mem:13.57M (Peak 13.57M) | Time:00:00.00 | Mem:1.53M, Peak:1.53M | Scene, ViewLayer | Updating Device | Writing constant memory
Fra:1 Mem:13.57M (Peak 13.57M) | Time:00:00.00 | Mem:1.53M, Peak:1.53M | Scene, ViewLayer | Loading denoising kernels (may take a few minutes the first time)
Fra:1 Mem:13.57M (Peak 13.57M) | Time:00:00.00 | Mem:1.53M, Peak:1.53M | Scene, ViewLayer | Sample 0/16
Fra:1 Mem:64.33M (Peak 64.33M) | Time:00:00.23 | Remaining:00:03.50 | Mem:52.27M, Peak:52.27M | Scene, ViewLayer | Sample 1/16
Fra:1 Mem:85.69M (Peak 117.74M) | Time:00:13.17 | Mem:52.27M, Peak:52.27M | Scene, ViewLayer | Sample 16/16
Fra:1 Mem:85.69M (Peak 117.74M) | Time:00:13.17 | Mem:52.27M, Peak:52.27M | Scene, ViewLayer | Finished
Saved: '/workspace/scratch/a29d03198654/Aether/cloud-evidence/cloudbank58b-source-preview-20261001T115851Z-hw20ss6g/images/cloudbank58b-side.png'
Time: 00:13.25 (Saving: 00:00.07)

Fra:1 Mem:12.15M (Peak 12.15M) | Time:00:00.00 | Mem:0.00M, Peak:0.00M | Scene, ViewLayer | Synchronizing object | CloudBank58_upper_west_layer
Fra:1 Mem:12.15M (Peak 12.15M) | Time:00:00.00 | Mem:0.00M, Peak:0.00M | Scene, ViewLayer | Synchronizing object | Sun
Fra:1 Mem:12.15M (Peak 12.15M) | Time:00:00.00 | Mem:0.00M, Peak:0.00M | Scene, ViewLayer | Synchronizing object | CloudBank58B_four_root_folded_volume
Fra:1 Mem:12.53M (Peak 12.53M) | Time:00:00.00 | Mem:0.00M, Peak:0.00M | Scene, ViewLayer | Synchronizing object | CloudBank58_upper_east_layer
Fra:1 Mem:12.55M (Peak 12.55M) | Time:00:00.00 | Mem:0.00M, Peak:0.00M | Scene, ViewLayer | Synchronizing object | CloudBank58_upper_far_veil
Fra:1 Mem:12.99M (Peak 12.99M) | Time:00:00.00 | Mem:0.00M, Peak:0.00M | Scene, ViewLayer | Initializing
Fra:1 Mem:12.70M (Peak 12.99M) | Time:00:00.00 | Mem:0.00M, Peak:0.00M | Scene, ViewLayer | Waiting for render to start
Fra:1 Mem:12.70M (Peak 12.99M) | Time:00:00.00 | Mem:0.00M, Peak:0.00M | Scene, ViewLayer | Updating Scene
Fra:1 Mem:12.70M (Peak 12.99M) | Time:00:00.00 | Mem:0.00M, Peak:0.00M | Scene, ViewLayer | Updating Shaders
Fra:1 Mem:12.71M (Peak 12.99M) | Time:00:00.00 | Mem:0.00M, Peak:0.00M | Scene, ViewLayer | Loading render kernels (may take a few minutes the first time)
Fra:1 Mem:12.79M (Peak 12.99M) | Time:00:00.00 | Mem:0.00M, Peak:0.00M | Scene, ViewLayer | Updating Procedurals
Fra:1 Mem:12.79M (Peak 12.99M) | Time:00:00.00 | Mem:0.00M, Peak:0.00M | Scene, ViewLayer | Updating Background
Fra:1 Mem:12.79M (Peak 12.99M) | Time:00:00.00 | Mem:0.00M, Peak:0.00M | Scene, ViewLayer | Updating Camera
Fra:1 Mem:12.79M (Peak 12.99M) | Time:00:00.00 | Mem:0.00M, Peak:0.00M | Scene, ViewLayer | Updating Meshes Flags
Fra:1 Mem:12.79M (Peak 12.99M) | Time:00:00.00 | Mem:0.00M, Peak:0.00M | Scene, ViewLayer | Updating Objects
Fra:1 Mem:12.79M (Peak 12.99M) | Time:00:00.00 | Mem:0.00M, Peak:0.00M | Scene, ViewLayer | Updating Objects | Copying Transformations to device
Fra:1 Mem:12.79M (Peak 12.99M) | Time:00:00.00 | Mem:0.00M, Peak:0.00M | Scene, ViewLayer | Updating Particle Systems
Fra:1 Mem:12.79M (Peak 12.99M) | Time:00:00.00 | Mem:0.00M, Peak:0.00M | Scene, ViewLayer | Updating Particle Systems | Copying Particles to device
Fra:1 Mem:12.79M (Peak 12.99M) | Time:00:00.00 | Mem:0.00M, Peak:0.00M | Scene, ViewLayer | Updating Meshes
Fra:1 Mem:12.79M (Peak 12.99M) | Time:00:00.00 | Mem:0.00M, Peak:0.00M | Scene, ViewLayer | Updating Objects | Applying Static Transformations
Fra:1 Mem:12.79M (Peak 12.99M) | Time:00:00.00 | Mem:0.00M, Peak:0.00M | Scene, ViewLayer | Updating Mesh | Computing attributes
Fra:1 Mem:13.30M (Peak 13.30M) | Time:00:00.00 | Mem:0.00M, Peak:0.00M | Scene, ViewLayer | Updating Mesh | Copying Attributes to device
Fra:1 Mem:13.30M (Peak 13.30M) | Time:00:00.00 | Mem:0.51M, Peak:0.51M | Scene, ViewLayer | Updating Scene BVH | Building
Fra:1 Mem:13.30M (Peak 13.30M) | Time:00:00.00 | Mem:0.51M, Peak:0.51M | Scene, ViewLayer | Updating Scene BVH | Building BVH
Fra:1 Mem:13.30M (Peak 13.30M) | Time:00:00.00 | Mem:0.82M, Peak:0.82M | Scene, ViewLayer | Updating Scene BVH | Building BVH 0%
Fra:1 Mem:13.30M (Peak 13.30M) | Time:00:00.00 | Mem:1.18M, Peak:1.48M | Scene, ViewLayer | Updating Scene BVH | Copying BVH to device
Fra:1 Mem:13.30M (Peak 13.30M) | Time:00:00.00 | Mem:1.18M, Peak:1.48M | Scene, ViewLayer | Updating Mesh | Computing normals
Fra:1 Mem:13.56M (Peak 13.56M) | Time:00:00.00 | Mem:1.18M, Peak:1.48M | Scene, ViewLayer | Updating Mesh | Copying Mesh to device
Fra:1 Mem:13.56M (Peak 13.56M) | Time:00:00.00 | Mem:1.45M, Peak:1.48M | Scene, ViewLayer | Updating Objects Flags
Fra:1 Mem:13.56M (Peak 13.56M) | Time:00:00.00 | Mem:1.45M, Peak:1.48M | Scene, ViewLayer | Updating Primitive Offsets
Fra:1 Mem:13.56M (Peak 13.56M) | Time:00:00.00 | Mem:1.45M, Peak:1.48M | Scene, ViewLayer | Updating Images
Fra:1 Mem:13.56M (Peak 13.56M) | Time:00:00.00 | Mem:1.45M, Peak:1.48M | Scene, ViewLayer | Updating Camera Volume
Fra:1 Mem:13.56M (Peak 13.56M) | Time:00:00.00 | Mem:1.45M, Peak:1.48M | Scene, ViewLayer | Updating Lookup Tables
Fra:1 Mem:13.56M (Peak 13.56M) | Time:00:00.00 | Mem:1.53M, Peak:1.53M | Scene, ViewLayer | Updating Lights
Fra:1 Mem:13.56M (Peak 13.56M) | Time:00:00.00 | Mem:1.53M, Peak:1.53M | Scene, ViewLayer | Updating Lights | Computing tree
Fra:1 Mem:13.57M (Peak 13.57M) | Time:00:00.00 | Mem:1.53M, Peak:1.53M | Scene, ViewLayer | Updating Integrator
Fra:1 Mem:13.57M (Peak 13.57M) | Time:00:00.00 | Mem:1.53M, Peak:1.53M | Scene, ViewLayer | Updating Film
Fra:1 Mem:13.57M (Peak 13.57M) | Time:00:00.00 | Mem:1.45M, Peak:1.53M | Scene, ViewLayer | Updating Lookup Tables
Fra:1 Mem:13.57M (Peak 13.57M) | Time:00:00.00 | Mem:1.53M, Peak:1.53M | Scene, ViewLayer | Updating Baking
Fra:1 Mem:13.57M (Peak 13.57M) | Time:00:00.00 | Mem:1.53M, Peak:1.53M | Scene, ViewLayer | Updating Device | Writing constant memory
Fra:1 Mem:13.57M (Peak 13.57M) | Time:00:00.00 | Mem:1.53M, Peak:1.53M | Scene, ViewLayer | Loading denoising kernels (may take a few minutes the first time)
Fra:1 Mem:13.57M (Peak 13.57M) | Time:00:00.00 | Mem:1.53M, Peak:1.53M | Scene, ViewLayer | Sample 0/16
Fra:1 Mem:64.33M (Peak 64.33M) | Time:00:00.20 | Remaining:00:02.93 | Mem:52.27M, Peak:52.27M | Scene, ViewLayer | Sample 1/16
Fra:1 Mem:85.69M (Peak 117.74M) | Time:00:10.75 | Mem:52.27M, Peak:52.27M | Scene, ViewLayer | Sample 16/16
Fra:1 Mem:85.69M (Peak 117.74M) | Time:00:10.75 | Mem:52.27M, Peak:52.27M | Scene, ViewLayer | Finished
Saved: '/workspace/scratch/a29d03198654/Aether/cloud-evidence/cloudbank58b-source-preview-20261001T115851Z-hw20ss6g/images/cloudbank58b-underside.png'
Time: 00:10.84 (Saving: 00:00.08)

Fra:1 Mem:12.15M (Peak 12.15M) | Time:00:00.00 | Mem:0.00M, Peak:0.00M | Scene, ViewLayer | Synchronizing object | CloudBank58_upper_west_layer
Fra:1 Mem:12.15M (Peak 12.15M) | Time:00:00.00 | Mem:0.00M, Peak:0.00M | Scene, ViewLayer | Synchronizing object | Sun
Fra:1 Mem:12.15M (Peak 12.15M) | Time:00:00.00 | Mem:0.00M, Peak:0.00M | Scene, ViewLayer | Synchronizing object | CloudBank58B_four_root_folded_volume
Fra:1 Mem:12.46M (Peak 12.46M) | Time:00:00.00 | Mem:0.00M, Peak:0.00M | Scene, ViewLayer | Synchronizing object | CloudBank58_upper_east_layer
Fra:1 Mem:12.55M (Peak 12.55M) | Time:00:00.00 | Mem:0.00M, Peak:0.00M | Scene, ViewLayer | Synchronizing object | CloudBank58_upper_far_veil
Fra:1 Mem:12.99M (Peak 12.99M) | Time:00:00.00 | Mem:0.00M, Peak:0.00M | Scene, ViewLayer | Initializing
Fra:1 Mem:12.70M (Peak 12.99M) | Time:00:00.00 | Mem:0.00M, Peak:0.00M | Scene, ViewLayer | Waiting for render to start
Fra:1 Mem:12.70M (Peak 12.99M) | Time:00:00.00 | Mem:0.00M, Peak:0.00M | Scene, ViewLayer | Updating Scene
Fra:1 Mem:12.70M (Peak 12.99M) | Time:00:00.00 | Mem:0.00M, Peak:0.00M | Scene, ViewLayer | Updating Shaders
Fra:1 Mem:12.71M (Peak 12.99M) | Time:00:00.00 | Mem:0.00M, Peak:0.00M | Scene, ViewLayer | Loading render kernels (may take a few minutes the first time)
Fra:1 Mem:12.79M (Peak 12.99M) | Time:00:00.00 | Mem:0.00M, Peak:0.00M | Scene, ViewLayer | Updating Procedurals
Fra:1 Mem:12.79M (Peak 12.99M) | Time:00:00.00 | Mem:0.00M, Peak:0.00M | Scene, ViewLayer | Updating Background
Fra:1 Mem:12.79M (Peak 12.99M) | Time:00:00.00 | Mem:0.00M, Peak:0.00M | Scene, ViewLayer | Updating Camera
Fra:1 Mem:12.79M (Peak 12.99M) | Time:00:00.00 | Mem:0.00M, Peak:0.00M | Scene, ViewLayer | Updating Meshes Flags
Fra:1 Mem:12.79M (Peak 12.99M) | Time:00:00.00 | Mem:0.00M, Peak:0.00M | Scene, ViewLayer | Updating Objects
Fra:1 Mem:12.79M (Peak 12.99M) | Time:00:00.00 | Mem:0.00M, Peak:0.00M | Scene, ViewLayer | Updating Objects | Copying Transformations to device
Fra:1 Mem:12.79M (Peak 12.99M) | Time:00:00.00 | Mem:0.00M, Peak:0.00M | Scene, ViewLayer | Updating Particle Systems
Fra:1 Mem:12.79M (Peak 12.99M) | Time:00:00.00 | Mem:0.00M, Peak:0.00M | Scene, ViewLayer | Updating Particle Systems | Copying Particles to device
Fra:1 Mem:12.79M (Peak 12.99M) | Time:00:00.00 | Mem:0.00M, Peak:0.00M | Scene, ViewLayer | Updating Meshes
Fra:1 Mem:12.79M (Peak 12.99M) | Time:00:00.00 | Mem:0.00M, Peak:0.00M | Scene, ViewLayer | Updating Objects | Applying Static Transformations
Fra:1 Mem:12.79M (Peak 12.99M) | Time:00:00.00 | Mem:0.00M, Peak:0.00M | Scene, ViewLayer | Updating Mesh | Computing attributes
Fra:1 Mem:13.30M (Peak 13.30M) | Time:00:00.00 | Mem:0.00M, Peak:0.00M | Scene, ViewLayer | Updating Mesh | Copying Attributes to device
Fra:1 Mem:13.30M (Peak 13.30M) | Time:00:00.00 | Mem:0.51M, Peak:0.51M | Scene, ViewLayer | Updating Scene BVH | Building
Fra:1 Mem:13.30M (Peak 13.30M) | Time:00:00.00 | Mem:0.51M, Peak:0.51M | Scene, ViewLayer | Updating Scene BVH | Building BVH
Fra:1 Mem:13.30M (Peak 13.30M) | Time:00:00.00 | Mem:0.82M, Peak:0.82M | Scene, ViewLayer | Updating Scene BVH | Building BVH 0%
Fra:1 Mem:13.30M (Peak 13.30M) | Time:00:00.00 | Mem:1.18M, Peak:1.48M | Scene, ViewLayer | Updating Scene BVH | Copying BVH to device
Fra:1 Mem:13.30M (Peak 13.30M) | Time:00:00.00 | Mem:1.18M, Peak:1.48M | Scene, ViewLayer | Updating Mesh | Computing normals
Fra:1 Mem:13.56M (Peak 13.56M) | Time:00:00.00 | Mem:1.18M, Peak:1.48M | Scene, ViewLayer | Updating Mesh | Copying Mesh to device
Fra:1 Mem:13.56M (Peak 13.56M) | Time:00:00.00 | Mem:1.45M, Peak:1.48M | Scene, ViewLayer | Updating Objects Flags
Fra:1 Mem:13.56M (Peak 13.56M) | Time:00:00.00 | Mem:1.45M, Peak:1.48M | Scene, ViewLayer | Updating Primitive Offsets
Fra:1 Mem:13.56M (Peak 13.56M) | Time:00:00.00 | Mem:1.45M, Peak:1.48M | Scene, ViewLayer | Updating Images
Fra:1 Mem:13.56M (Peak 13.56M) | Time:00:00.00 | Mem:1.45M, Peak:1.48M | Scene, ViewLayer | Updating Camera Volume
Fra:1 Mem:13.56M (Peak 13.56M) | Time:00:00.00 | Mem:1.45M, Peak:1.48M | Scene, ViewLayer | Updating Lookup Tables
Fra:1 Mem:13.56M (Peak 13.56M) | Time:00:00.00 | Mem:1.53M, Peak:1.53M | Scene, ViewLayer | Updating Lights
Fra:1 Mem:13.56M (Peak 13.56M) | Time:00:00.00 | Mem:1.53M, Peak:1.53M | Scene, ViewLayer | Updating Lights | Computing tree
Fra:1 Mem:13.57M (Peak 13.57M) | Time:00:00.00 | Mem:1.53M, Peak:1.53M | Scene, ViewLayer | Updating Integrator
Fra:1 Mem:13.57M (Peak 13.57M) | Time:00:00.00 | Mem:1.53M, Peak:1.53M | Scene, ViewLayer | Updating Film
Fra:1 Mem:13.57M (Peak 13.57M) | Time:00:00.00 | Mem:1.45M, Peak:1.53M | Scene, ViewLayer | Updating Lookup Tables
Fra:1 Mem:13.57M (Peak 13.57M) | Time:00:00.00 | Mem:1.53M, Peak:1.53M | Scene, ViewLayer | Updating Baking
Fra:1 Mem:13.57M (Peak 13.57M) | Time:00:00.00 | Mem:1.53M, Peak:1.53M | Scene, ViewLayer | Updating Device | Writing constant memory
Fra:1 Mem:13.57M (Peak 13.57M) | Time:00:00.00 | Mem:1.53M, Peak:1.53M | Scene, ViewLayer | Loading denoising kernels (may take a few minutes the first time)
Fra:1 Mem:13.57M (Peak 13.57M) | Time:00:00.00 | Mem:1.53M, Peak:1.53M | Scene, ViewLayer | Sample 0/16
Fra:1 Mem:64.33M (Peak 64.33M) | Time:00:00.34 | Remaining:00:05.15 | Mem:52.27M, Peak:52.27M | Scene, ViewLayer | Sample 1/16
Fra:1 Mem:85.69M (Peak 117.74M) | Time:00:13.50 | Mem:52.27M, Peak:52.27M | Scene, ViewLayer | Sample 16/16
Fra:1 Mem:85.69M (Peak 117.74M) | Time:00:13.50 | Mem:52.27M, Peak:52.27M | Scene, ViewLayer | Finished
Saved: '/workspace/scratch/a29d03198654/Aether/cloud-evidence/cloudbank58b-source-preview-20261001T115851Z-hw20ss6g/images/cloudbank58b-top.png'
Time: 00:13.58 (Saving: 00:00.08)

Five complete source faces rendered; no context/world preview or save
