INFO Draco mesh compression is available, use library at /workspace/scratch/a29d03198654/tools-feiting/blender-4.5.14-linux-x64/4.5/scripts/addons_core/io_scene_gltf2/libextern_draco.so
14:05:08 | INFO: Starting glTF 2.0 export
14:05:08 | WARNING: Mesh 52f_v0_saddle_0_low_core.001 is not valid, and may be exported wrongly
14:05:08 | INFO: Extracting primitive: 52f_v0_saddle_0_low_core.001
14:05:08 | INFO: Primitives created: 1
14:05:08 | INFO: Finished glTF 2.0 export in 0.011872053146362305 s

14:05:08 | INFO: Starting glTF 2.0 export
14:05:08 | INFO: Extracting primitive: 52e_v0_p0_volume0.001
14:05:08 | INFO: Primitives created: 1
14:05:08 | INFO: Extracting primitive: 52e_v0_p1_volume0.001
14:05:08 | INFO: Primitives created: 1
14:05:08 | INFO: Extracting primitive: 52e_v0_p2_volume0.001
14:05:08 | INFO: Primitives created: 1
14:05:08 | INFO: Extracting primitive: 52f_v0_saddle_0_low_core.001
14:05:08 | INFO: Primitives created: 1
14:05:08 | INFO: Finished glTF 2.0 export in 0.023264408111572266 s

Info: Saved as "cloud_sea52f.blend"
52F REPRESENTATIVE SADDLE READY; NO RENDER OR WORLD INTEGRATION
Blender 4.5.14 LTS (hash 62c1db4208e8 built 2026-09-15 01:31:19)
Read blend: "/workspace/scratch/a29d03198654/Aether/source-assets/cloud-sea52e/cloud_sea52e.blend"

Blender quit
