Blender 4.5.14 LTS (hash 62c1db4208e8 built 2026-09-15 01:31:19)
Read blend: "/workspace/scratch/a29d03198654/Aether/source-assets/cloud-sea52e/cloud_sea52e.blend"
Read blend: "/workspace/scratch/a29d03198654/Aether/source-assets/cloud-sea52f/cloud_sea52f.blend"
Traceback (most recent call last):
  File "/workspace/scratch/a29d03198654/Aether/source-assets/cloud-sea52f/verify_sea52f.py", line 71, in <module>
    assert all(not(r['boundary_edges'] or r['nonmanifold_edges'] or r['zero_area_triangles'] or r['nonadjacent_triangle_intersections']) and len(r['connected_components'])==1 and r['signed_volume']>0 for r in rows)
           ^^^^^^^^^^^^^^^^^^^^^^^^^^^^^^^^^^^^^^^^^^^^^^^^^^^^^^^^^^^^^^^^^^^^^^^^^^^^^^^^^^^^^^^^^^^^^^^^^^^^^^^^^^^^^^^^^^^^^^^^^^^^^^^^^^^^^^^^^^^^^^^^^^^^^^^^^^^^^^^^^^^^^^^^^^^^^^^^^^^^^^^^^^^^^^^^^^^^^^^^^^^
AssertionError
{"name": "CloudSea52e_v0_low_tail", "vertices": 325, "triangles": 650, "bounds_blender_xyz": [[-296.8020935058594, 202.22723388671875, 5.0], [181.15232849121094, 590.1124267578125, 245.0]], "boundary_edges": 0, "nonmanifold_edges": 0, "connected_components": [325], "signed_volume": 12848312.170904871, "zero_area_triangles": 0, "nonadjacent_triangle_intersections": 0, "intersection_pairs": []}
{"name": "CloudSea52e_v0_main_ridge", "vertices": 552, "triangles": 1100, "bounds_blender_xyz": [[-724.7723999023438, -602.114013671875, -30.0], [15.428011894226074, -147.17245483398438, 355.0]], "boundary_edges": 0, "nonmanifold_edges": 0, "connected_components": [552], "signed_volume": 40036173.043389395, "zero_area_triangles": 0, "nonadjacent_triangle_intersections": 0, "intersection_pairs": []}
{"name": "CloudSea52e_v0_offset_shoulder", "vertices": 377, "triangles": 750, "bounds_blender_xyz": [[66.60541534423828, -272.4228820800781, 80.0], [634.1638793945312, 146.56146240234375, 320.0]], "boundary_edges": 0, "nonmanifold_edges": 0, "connected_components": [377], "signed_volume": 16452434.48685709, "zero_area_triangles": 0, "nonadjacent_triangle_intersections": 0, "intersection_pairs": []}
{"name": "CloudSea52e_v1_low_tail", "vertices": 327, "triangles": 650, "bounds_blender_xyz": [[-285.2571716308594, 244.0076446533203, 10.0], [207.19288635253906, 608.445556640625, 260.0]], "boundary_edges": 0, "nonmanifold_edges": 0, "connected_components": [327], "signed_volume": 14401611.091010679, "zero_area_triangles": 0, "nonadjacent_triangle_intersections": 0, "intersection_pairs": []}
{"name": "CloudSea52e_v1_main_ridge", "vertices": 552, "triangles": 1100, "bounds_blender_xyz": [[-701.5722045898438, -601.9837646484375, -20.0], [27.07243537902832, -106.63186645507812, 365.0]], "boundary_edges": 0, "nonmanifold_edges": 0, "connected_components": [552], "signed_volume": 40012832.870787546, "zero_area_triangles": 0, "nonadjacent_triangle_intersections": 0, "intersection_pairs": []}
{"name": "CloudSea52e_v1_offset_shoulder", "vertices": 377, "triangles": 750, "bounds_blender_xyz": [[46.46891784667969, -270.66461181640625, 95.0], [616.4630737304688, 163.6344451904297, 335.0]], "boundary_edges": 0, "nonmanifold_edges": 0, "connected_components": [377], "signed_volume": 17848641.694645233, "zero_area_triangles": 0, "nonadjacent_triangle_intersections": 0, "intersection_pairs": []}
{"name": "CloudSea52e_v2_low_tail", "vertices": 327, "triangles": 650, "bounds_blender_xyz": [[-328.09417724609375, 222.25718688964844, 15.0], [228.53919982910156, 592.358642578125, 270.0]], "boundary_edges": 0, "nonmanifold_edges": 0, "connected_components": [327], "signed_volume": 16058143.123574257, "zero_area_triangles": 0, "nonadjacent_triangle_intersections": 0, "intersection_pairs": []}
{"name": "CloudSea52e_v2_main_ridge", "vertices": 550, "triangles": 1100, "bounds_blender_xyz": [[-714.1791381835938, -607.2052612304688, -35.0], [-7.224929332733154, -114.1264419555664, 350.0]], "boundary_edges": 0, "nonmanifold_edges": 0, "connected_components": [550], "signed_volume": 38814581.71428917, "zero_area_triangles": 0, "nonadjacent_triangle_intersections": 0, "intersection_pairs": []}
{"name": "CloudSea52e_v2_offset_shoulder", "vertices": 377, "triangles": 750, "bounds_blender_xyz": [[57.140987396240234, -260.22113037109375, 70.0], [628.400634765625, 159.8135223388672, 315.0]], "boundary_edges": 0, "nonmanifold_edges": 0, "connected_components": [377], "signed_volume": 19806729.134384558, "zero_area_triangles": 0, "nonadjacent_triangle_intersections": 0, "intersection_pairs": []}
{"name": "CloudSea52f_v0_low_saddle", "vertices": 1804, "triangles": 3599, "bounds_blender_xyz": [[-656.1708984375, -299.1527404785156, -129.8936309814453], [642.2778930664062, 357.70635986328125, 195.85714721679688]], "boundary_edges": 3, "nonmanifold_edges": 3, "connected_components": [1801, 3], "signed_volume": 82473559.54076433, "zero_area_triangles": 0, "nonadjacent_triangle_intersections": 0, "intersection_pairs": []}
{
  "old_meshes_and_controls_unchanged": true,
  "new": {
    "name": "CloudSea52f_v0_low_saddle",
    "vertices": 1804,
    "triangles": 3599,
    "bounds_blender_xyz": [
      [
        -656.1708984375,
        -299.1527404785156,
        -129.8936309814453
      ],
      [
        642.2778930664062,
        357.70635986328125,
        195.85714721679688
      ]
    ],
    "boundary_edges": 3,
    "nonmanifold_edges": 3,
    "connected_components": [
      1801,
      3
    ],
    "signed_volume": 82473559.54076433,
    "zero_area_triangles": 0,
    "nonadjacent_triangle_intersections": 0,
    "intersection_pairs": []
  },
  "axis_mapping_verified": true
}

Error: script failed, file: 'source-assets/cloud-sea52f/verify_sea52f.py', exiting.

Blender quit
