[
  {
    "manifest": "cloud-evidence/cloudbank58l-form-v3-source-20261002T225658Z-jcrc3gec/protected-before.json",
    "historical_count": 14671,
    "currently_exact_count": 13348,
    "currently_exact_bytes": 4724599663,
    "missing_count": 1322,
    "missing_categories": {
      "godot-generated-import-and-editor-cache": 912,
      "godot-generated-shader-cache": 48,
      "blender-generated-extension-compat-cache": 12,
      "fontconfig-generated-cache": 219,
      "godot-userdata-runtime-log": 9,
      "other-generated-cache": 103,
      "godot-generated-editor-settings": 1,
      "python-derived-bytecode": 15,
      "superseded-gzip-original-raw-restored-from-xz": 3
    },
    "different": [
      {
        "path": "CLOUD_RESUME.md",
        "bytes": 287030,
        "actual_sha256": "683e9780a37ab918e936da4b736fdc0de47d9cf4b4eb1d5a2b3b6a039062bb27",
        "expected_sha256": "ddb1cc7ca91e87d97cbc02159878131558715376ea4b33d69147e4396ee7f233"
      }
    ],
    "outside_root": [],
    "missing_paths_catalog": "common-missing-protected-paths.json"
  },
  {
    "manifest": "cloud-evidence/cloudbank58l-form-v3-views-v1-views-20261002T232517Z-ys00xc39/protected-before.json",
    "historical_count": 14794,
    "currently_exact_count": 13471,
    "currently_exact_bytes": 4800708683,
    "missing_count": 1322,
    "missing_categories": {
      "godot-generated-import-and-editor-cache": 912,
      "godot-generated-shader-cache": 48,
      "blender-generated-extension-compat-cache": 12,
      "fontconfig-generated-cache": 219,
      "godot-userdata-runtime-log": 9,
      "other-generated-cache": 103,
      "godot-generated-editor-settings": 1,
      "python-derived-bytecode": 15,
      "superseded-gzip-original-raw-restored-from-xz": 3
    },
    "different": [
      {
        "path": "CLOUD_RESUME.md",
        "bytes": 287030,
        "actual_sha256": "683e9780a37ab918e936da4b736fdc0de47d9cf4b4eb1d5a2b3b6a039062bb27",
        "expected_sha256": "546c77e09dd1b30cc6cd8e563faaa29ccf57867fb21e12390f53a948902a583b"
      }
    ],
    "outside_root": [],
    "missing_paths_catalog": "common-missing-protected-paths.json"
  }
]
