{
  "passed": true,
  "destination": "/workspace/scratch/a29d03198654/Aether",
  "files": [
    {
      "path": "source-assets/north-ridge62-authoring/recovery-v2/north-ridge62.blend",
      "bytes": 10004835,
      "sha256": "dd1d3c12b8c3f98fdcd42a21057d519f1cac48eeab468cbc7721d1c1673ab502",
      "status": "restored_exact"
    },
    {
      "path": "cloud-evidence/north-ridge62-recovery-v2-source-20261002T114825Z-lnt78w53/outputs/build-raw.json",
      "bytes": 14837932,
      "sha256": "c941a75a43a5c4f88d4083c403cb9f3219752c49056405bed66840803b0f629b",
      "status": "restored_exact"
    },
    {
      "path": "cloud-evidence/north-ridge62-recovery-v2-source-20261002T114825Z-lnt78w53/outputs/verify-raw.json",
      "bytes": 14837933,
      "sha256": "9e476591b52fe1980bc9a55019914c6a555fa75dc97ad4e70bedb5194d037633",
      "status": "restored_exact"
    },
    {
      "path": "cloud-evidence/north-ridge62-recovery-v2-source-20261002T114825Z-lnt78w53/outputs/embedded-text-inputs/BINDINGS62.json",
      "bytes": 5424727,
      "sha256": "40bb1d7510384575421b4c8a588b48692ef5bced8e5cb02fa7439abab93cb310",
      "status": "restored_exact"
    }
  ],
  "native_open_performed": false
}
