{
  "verified": true,
  "raw_paths": 4,
  "unique_streams": 2,
  "files": [
    {
      "path": "protected-before.json",
      "bytes": 2837745,
      "sha256": "d0ae378b570387fa291278db0340a65ce1ae51bac2f245447e23f37e85f9dd74",
      "state": "restored_exact"
    },
    {
      "path": "protected-after.json",
      "bytes": 2837745,
      "sha256": "d0ae378b570387fa291278db0340a65ce1ae51bac2f245447e23f37e85f9dd74",
      "state": "restored_exact"
    },
    {
      "path": "outputs/build-raw.json",
      "bytes": 1510879,
      "sha256": "0b39aa841519b65874e24d219c4e74d3063daa8dfd9bdf86b15fdb90e9b5a99c",
      "state": "restored_exact"
    },
    {
      "path": "outputs/build-failure-raw.json",
      "bytes": 1510879,
      "sha256": "0b39aa841519b65874e24d219c4e74d3063daa8dfd9bdf86b15fdb90e9b5a99c",
      "state": "restored_exact"
    }
  ]
}
