{
  "verified": true,
  "raw_paths": 14,
  "unique_objects": 9,
  "files": [
    {
      "path": "outputs/render-01-original61-front-raw.json",
      "bytes": 1511892,
      "sha256": "4402d6ac5e9fc9e606f7c09f8e8a6f433b15b3c1e624479f09155bdfd50a13d6",
      "state": "restored_exact"
    },
    {
      "path": "outputs/render-01-original61-front-rendered-raw.json",
      "bytes": 1512118,
      "sha256": "c083c5a97fa76c8b964f3a12c4cac1d6d3a8e39858f49b147079639819f8e5f5",
      "state": "restored_exact"
    },
    {
      "path": "outputs/render-01-original61-front-restored-raw.json",
      "bytes": 1511892,
      "sha256": "4402d6ac5e9fc9e606f7c09f8e8a6f433b15b3c1e624479f09155bdfd50a13d6",
      "state": "restored_exact"
    },
    {
      "path": "outputs/render-02-k-trial-front-raw.json",
      "bytes": 1511893,
      "sha256": "3b954c4e2c1a5de04a0712d0536bf92e631d4aecb9caa11d1055c0bd7bf4cef6",
      "state": "restored_exact"
    },
    {
      "path": "outputs/render-02-k-trial-front-rendered-raw.json",
      "bytes": 1512113,
      "sha256": "06a32a16352a7290443b77e00bf0457969d167d161df24834077676bc54fb40e",
      "state": "restored_exact"
    },
    {
      "path": "outputs/render-02-k-trial-front-restored-raw.json",
      "bytes": 1511893,
      "sha256": "3b954c4e2c1a5de04a0712d0536bf92e631d4aecb9caa11d1055c0bd7bf4cef6",
      "state": "restored_exact"
    },
    {
      "path": "outputs/render-03-k-fixed-side-back-raw.json",
      "bytes": 1511893,
      "sha256": "30f35b2d906b635b726659eb18be7548f827037af74eb6c66bd3ddc6a6d55aeb",
      "state": "restored_exact"
    },
    {
      "path": "outputs/render-03-k-fixed-side-back-rendered-raw.json",
      "bytes": 1512121,
      "sha256": "6d0ce0c3c713a61e586688b8ceb858916b7e2121a3999b6d9998f07ce9be0e85",
      "state": "restored_exact"
    },
    {
      "path": "outputs/render-03-k-fixed-side-back-restored-raw.json",
      "bytes": 1511893,
      "sha256": "30f35b2d906b635b726659eb18be7548f827037af74eb6c66bd3ddc6a6d55aeb",
      "state": "restored_exact"
    },
    {
      "path": "outputs/render-04-k-fixed-near-raw.json",
      "bytes": 1511893,
      "sha256": "1e972ed83e16f583a34d4477ae4361a5e0e9724bc32387f1ed9e7af3eb9fc87d",
      "state": "restored_exact"
    },
    {
      "path": "outputs/render-04-k-fixed-near-rendered-raw.json",
      "bytes": 1512111,
      "sha256": "8dbd2efb7522cb2246f74c14b02c94b721729c09d2d5744f4c649e86e113bc85",
      "state": "restored_exact"
    },
    {
      "path": "outputs/render-04-k-fixed-near-restored-raw.json",
      "bytes": 1511893,
      "sha256": "1e972ed83e16f583a34d4477ae4361a5e0e9724bc32387f1ed9e7af3eb9fc87d",
      "state": "restored_exact"
    },
    {
      "path": "protected-after.json",
      "bytes": 2945216,
      "sha256": "41e944b62f2d1141dbd10a12f3b9e23786b08c88dc589383d7d501dfd809c0db",
      "state": "restored_exact"
    },
    {
      "path": "protected-before.json",
      "bytes": 2945216,
      "sha256": "41e944b62f2d1141dbd10a12f3b9e23786b08c88dc589383d7d501dfd809c0db",
      "state": "restored_exact"
    }
  ]
}
