{
  "verified": true,
  "raw_paths": 14,
  "unique_objects": 9,
  "files": [
    {
      "path": "outputs/render-01-original61-front-raw.json",
      "bytes": 1511155,
      "sha256": "564f0f5021c67ed92ad9c5f0bdd2a6b8df78932d7adbcc75ea00eb31e8731410",
      "state": "restored_exact"
    },
    {
      "path": "outputs/render-01-original61-front-rendered-raw.json",
      "bytes": 1511389,
      "sha256": "8337f41484bdad0862abdd1add3c306a81327fadb576afc69ea5b282e6bb34d8",
      "state": "restored_exact"
    },
    {
      "path": "outputs/render-01-original61-front-restored-raw.json",
      "bytes": 1511155,
      "sha256": "564f0f5021c67ed92ad9c5f0bdd2a6b8df78932d7adbcc75ea00eb31e8731410",
      "state": "restored_exact"
    },
    {
      "path": "outputs/render-02-k-trial-front-raw.json",
      "bytes": 1511156,
      "sha256": "b35331135c98aa8fb3096e9de9279abad59419e9eff1a2255845edaf2090d4fb",
      "state": "restored_exact"
    },
    {
      "path": "outputs/render-02-k-trial-front-rendered-raw.json",
      "bytes": 1511384,
      "sha256": "a9e005b32f2d2a49883a2fad3d8eb36c7d93cb0180dbcb352af1b781c46aa1b7",
      "state": "restored_exact"
    },
    {
      "path": "outputs/render-02-k-trial-front-restored-raw.json",
      "bytes": 1511156,
      "sha256": "b35331135c98aa8fb3096e9de9279abad59419e9eff1a2255845edaf2090d4fb",
      "state": "restored_exact"
    },
    {
      "path": "outputs/render-03-k-fixed-side-back-raw.json",
      "bytes": 1511156,
      "sha256": "76195a1777a6a37ebdb8827a0b49f259c17219d190420d11e04aad09dfe77e51",
      "state": "restored_exact"
    },
    {
      "path": "outputs/render-03-k-fixed-side-back-rendered-raw.json",
      "bytes": 1511392,
      "sha256": "51a34c3edf7aa99d062aa9b2ac776059be17e3bed25cde05a19322f069f37a04",
      "state": "restored_exact"
    },
    {
      "path": "outputs/render-03-k-fixed-side-back-restored-raw.json",
      "bytes": 1511156,
      "sha256": "76195a1777a6a37ebdb8827a0b49f259c17219d190420d11e04aad09dfe77e51",
      "state": "restored_exact"
    },
    {
      "path": "outputs/render-04-k-fixed-near-raw.json",
      "bytes": 1511156,
      "sha256": "53bde147625144175eb3ffaf405f99585ca44b44c67bc7d8513a06f78b91d423",
      "state": "restored_exact"
    },
    {
      "path": "outputs/render-04-k-fixed-near-rendered-raw.json",
      "bytes": 1511382,
      "sha256": "60b90a66c564ddd6ad6c99fed01c74fcae7a67a1067ad442f01522aa1e8b686d",
      "state": "restored_exact"
    },
    {
      "path": "outputs/render-04-k-fixed-near-restored-raw.json",
      "bytes": 1511156,
      "sha256": "53bde147625144175eb3ffaf405f99585ca44b44c67bc7d8513a06f78b91d423",
      "state": "restored_exact"
    },
    {
      "path": "protected-after.json",
      "bytes": 2880147,
      "sha256": "5a1bdccc19fc9ebdea7f728a5f1bc777e4cc697037e77101f3da5270894d45e0",
      "state": "restored_exact"
    },
    {
      "path": "protected-before.json",
      "bytes": 2880147,
      "sha256": "5a1bdccc19fc9ebdea7f728a5f1bc777e4cc697037e77101f3da5270894d45e0",
      "state": "restored_exact"
    }
  ]
}
