{
  "verified": true,
  "raw_paths": 4,
  "unique_streams": 2,
  "files": [
    {
      "path": "protected-before.json",
      "bytes": 2823330,
      "sha256": "023502e456db2b606c673d8397726296b401e22d6b40b41d734038a28511e866",
      "state": "restored_exact"
    },
    {
      "path": "protected-after.json",
      "bytes": 2823330,
      "sha256": "023502e456db2b606c673d8397726296b401e22d6b40b41d734038a28511e866",
      "state": "restored_exact"
    },
    {
      "path": "outputs/build-raw.json",
      "bytes": 1556139,
      "sha256": "73dfbbf9a376d4c32d29f27f02ff3ca99d72e1e7686f4e4a2a11de55b2e7182a",
      "state": "restored_exact"
    },
    {
      "path": "outputs/build-failure-raw.json",
      "bytes": 1556139,
      "sha256": "73dfbbf9a376d4c32d29f27f02ff3ca99d72e1e7686f4e4a2a11de55b2e7182a",
      "state": "restored_exact"
    }
  ]
}
