{
  "verified": true,
  "raw_paths": 14,
  "unique_objects": 9,
  "files": [
    {
      "path": "outputs/render-01-original61-front-raw.json",
      "bytes": 1510250,
      "sha256": "43f597b6984f9e61a7773b5e78b7e5b5b3ba173a0432cd0a71a62006506f1272",
      "state": "restored_exact"
    },
    {
      "path": "outputs/render-01-original61-front-rendered-raw.json",
      "bytes": 1510476,
      "sha256": "43c55cd57b43138e6af86ebf4a10d0b8680ccfc8d82c615eb5ab4aea52441c23",
      "state": "restored_exact"
    },
    {
      "path": "outputs/render-01-original61-front-restored-raw.json",
      "bytes": 1510250,
      "sha256": "43f597b6984f9e61a7773b5e78b7e5b5b3ba173a0432cd0a71a62006506f1272",
      "state": "restored_exact"
    },
    {
      "path": "outputs/render-02-k-trial-front-raw.json",
      "bytes": 1510251,
      "sha256": "0399a74637cf7985107b88314299ac2631b5783a99d07bd6760190eca040ab04",
      "state": "restored_exact"
    },
    {
      "path": "outputs/render-02-k-trial-front-rendered-raw.json",
      "bytes": 1510471,
      "sha256": "1078904f87fd57f95767d64f87b02ba1830a8744aeffcd79efa15dab0c9d0e70",
      "state": "restored_exact"
    },
    {
      "path": "outputs/render-02-k-trial-front-restored-raw.json",
      "bytes": 1510251,
      "sha256": "0399a74637cf7985107b88314299ac2631b5783a99d07bd6760190eca040ab04",
      "state": "restored_exact"
    },
    {
      "path": "outputs/render-03-k-fixed-side-back-raw.json",
      "bytes": 1510251,
      "sha256": "33a95d05562773614ee50e5d43f044cbc1d0ed69bd8c8629291d926775a9821b",
      "state": "restored_exact"
    },
    {
      "path": "outputs/render-03-k-fixed-side-back-rendered-raw.json",
      "bytes": 1510479,
      "sha256": "b1d7783d527d2342df528c45cdb955c0c385d9064f71bfba4c46b3245651c59b",
      "state": "restored_exact"
    },
    {
      "path": "outputs/render-03-k-fixed-side-back-restored-raw.json",
      "bytes": 1510251,
      "sha256": "33a95d05562773614ee50e5d43f044cbc1d0ed69bd8c8629291d926775a9821b",
      "state": "restored_exact"
    },
    {
      "path": "outputs/render-04-k-fixed-near-raw.json",
      "bytes": 1510251,
      "sha256": "e9acdafde98ea77fdd0b3289a8f4146f6c80e14bbbdab53ea92ca0e2af99792f",
      "state": "restored_exact"
    },
    {
      "path": "outputs/render-04-k-fixed-near-rendered-raw.json",
      "bytes": 1510469,
      "sha256": "fdd3f80eabfcb5be57896cc2d7100af6423655dbb1db2b979a8bb525e895fe7d",
      "state": "restored_exact"
    },
    {
      "path": "outputs/render-04-k-fixed-near-restored-raw.json",
      "bytes": 1510251,
      "sha256": "e9acdafde98ea77fdd0b3289a8f4146f6c80e14bbbdab53ea92ca0e2af99792f",
      "state": "restored_exact"
    },
    {
      "path": "protected-after.json",
      "bytes": 2995609,
      "sha256": "842ee8ef0e98c6b90bbf5d23f2b1719c5a04e6d0a74d4c10f5ee079502698c5b",
      "state": "restored_exact"
    },
    {
      "path": "protected-before.json",
      "bytes": 2995609,
      "sha256": "842ee8ef0e98c6b90bbf5d23f2b1719c5a04e6d0a74d4c10f5ee079502698c5b",
      "state": "restored_exact"
    }
  ]
}
