{
  "verified": true,
  "raw_paths": 23,
  "unique_streams": 14,
  "files": [
    {
      "path": "outputs/build-control-0-moved.json",
      "bytes": 1511883,
      "sha256": "c84f3281dfc1ea4d983f963cea8333b352df119c8b7b7e1527c17aadf78ede96",
      "state": "restored_exact"
    },
    {
      "path": "outputs/build-control-0-restored.json",
      "bytes": 1511782,
      "sha256": "8ad8010e94bd7d9edcabe794ffb18c99a7519e50c34a37f20c1e3c8bdcfaafa7",
      "state": "restored_exact"
    },
    {
      "path": "outputs/build-control-1-moved.json",
      "bytes": 1511726,
      "sha256": "a135650a8d4169ff138a46d5fe246e0d50c69520d5afc524aa595d03fe606bd3",
      "state": "restored_exact"
    },
    {
      "path": "outputs/build-control-1-restored.json",
      "bytes": 1511782,
      "sha256": "8ad8010e94bd7d9edcabe794ffb18c99a7519e50c34a37f20c1e3c8bdcfaafa7",
      "state": "restored_exact"
    },
    {
      "path": "outputs/build-control-2-moved.json",
      "bytes": 1511847,
      "sha256": "9dd680f5fca85e6aaac8b3c16a0d43337f69012ab99dba7783cf1e856932e4fd",
      "state": "restored_exact"
    },
    {
      "path": "outputs/build-control-2-restored.json",
      "bytes": 1511782,
      "sha256": "8ad8010e94bd7d9edcabe794ffb18c99a7519e50c34a37f20c1e3c8bdcfaafa7",
      "state": "restored_exact"
    },
    {
      "path": "outputs/build-control-3-moved.json",
      "bytes": 1511849,
      "sha256": "eea6b83aadaf13d1bf318507af2c43db88457a9bfa1915aee6db0fdfbf7e40a6",
      "state": "restored_exact"
    },
    {
      "path": "outputs/build-control-3-restored.json",
      "bytes": 1511782,
      "sha256": "8ad8010e94bd7d9edcabe794ffb18c99a7519e50c34a37f20c1e3c8bdcfaafa7",
      "state": "restored_exact"
    },
    {
      "path": "outputs/build-control-4-moved.json",
      "bytes": 1512762,
      "sha256": "143c3e002b64a2da94c4dc17dfa0dc30a927a8eac13577e060be3009f607eeed",
      "state": "restored_exact"
    },
    {
      "path": "outputs/build-control-4-restored.json",
      "bytes": 1511782,
      "sha256": "8ad8010e94bd7d9edcabe794ffb18c99a7519e50c34a37f20c1e3c8bdcfaafa7",
      "state": "restored_exact"
    },
    {
      "path": "outputs/build-control-5-moved.json",
      "bytes": 1511829,
      "sha256": "ca39e595dcaf174ff3d8447f21c06f34dadc6b7c2cdc5a92ff014090629d2713",
      "state": "restored_exact"
    },
    {
      "path": "outputs/build-control-5-restored.json",
      "bytes": 1511782,
      "sha256": "8ad8010e94bd7d9edcabe794ffb18c99a7519e50c34a37f20c1e3c8bdcfaafa7",
      "state": "restored_exact"
    },
    {
      "path": "outputs/build-control-6-moved.json",
      "bytes": 1511621,
      "sha256": "7c58673a3ff0dd23b83f0b471639109d7d1d8eb06161fb79a55afce0912702c0",
      "state": "restored_exact"
    },
    {
      "path": "outputs/build-control-6-restored.json",
      "bytes": 1511782,
      "sha256": "8ad8010e94bd7d9edcabe794ffb18c99a7519e50c34a37f20c1e3c8bdcfaafa7",
      "state": "restored_exact"
    },
    {
      "path": "outputs/build-control-7-moved.json",
      "bytes": 1511763,
      "sha256": "6a38305760cf165f55ee0e9ca4a029824b137a17c9b833ac6880d102a209e1a8",
      "state": "restored_exact"
    },
    {
      "path": "outputs/build-control-7-restored.json",
      "bytes": 1511782,
      "sha256": "8ad8010e94bd7d9edcabe794ffb18c99a7519e50c34a37f20c1e3c8bdcfaafa7",
      "state": "restored_exact"
    },
    {
      "path": "outputs/build-manual-baseline-restored.json",
      "bytes": 1511780,
      "sha256": "f8851fca9b15a45f182774ff7c7ac3dcccd8c6fae96f7b92a18d92aca678fa27",
      "state": "restored_exact"
    },
    {
      "path": "outputs/build-manual-control-restored.json",
      "bytes": 1511773,
      "sha256": "f37e004ac7e0e2092512d50b5e6cef88c6f72c338bde228a2a2f166265588a64",
      "state": "restored_exact"
    },
    {
      "path": "outputs/build-manual-control.json",
      "bytes": 1511875,
      "sha256": "94d1c9b7967be3e4494a338d499d6356c95f8e4af49a932e6a57213fb70d4ffa",
      "state": "restored_exact"
    },
    {
      "path": "outputs/build-manual.json",
      "bytes": 1511775,
      "sha256": "7237561dca264557fd2f0984b354bd31ca3b76465bc04d99d8e7f0bb60e0143f",
      "state": "restored_exact"
    },
    {
      "path": "outputs/build-raw.json",
      "bytes": 1511782,
      "sha256": "8ad8010e94bd7d9edcabe794ffb18c99a7519e50c34a37f20c1e3c8bdcfaafa7",
      "state": "restored_exact"
    },
    {
      "path": "protected-after.json",
      "bytes": 2902804,
      "sha256": "0fbe80cb6ac8c7b68ba735b1ec7323ab20cb9553fff83ca63fcc42988845c00b",
      "state": "restored_exact"
    },
    {
      "path": "protected-before.json",
      "bytes": 2902804,
      "sha256": "0fbe80cb6ac8c7b68ba735b1ec7323ab20cb9553fff83ca63fcc42988845c00b",
      "state": "restored_exact"
    }
  ]
}
