{
  "verified": true,
  "raw_paths": 44,
  "unique_objects": 27,
  "files": [
    {
      "path": "outputs/build-control-0-moved.json",
      "bytes": 1511399,
      "sha256": "f0b928ee978f6c089f709c0a9d15d0d2d3bef6f9cde6cfe056c57f5c571daebf",
      "state": "restored_exact"
    },
    {
      "path": "outputs/build-control-0-restored.json",
      "bytes": 1510140,
      "sha256": "3c9a563225a3e0205dec2caee37521169756489b2e7183dbf4654b298e01113b",
      "state": "restored_exact"
    },
    {
      "path": "outputs/build-control-1-moved.json",
      "bytes": 1510084,
      "sha256": "a168df264eaf877f5aa025090127da8ffd9f91c4b97afcb25d35cc802ec98837",
      "state": "restored_exact"
    },
    {
      "path": "outputs/build-control-1-restored.json",
      "bytes": 1510140,
      "sha256": "3c9a563225a3e0205dec2caee37521169756489b2e7183dbf4654b298e01113b",
      "state": "restored_exact"
    },
    {
      "path": "outputs/build-control-2-moved.json",
      "bytes": 1510205,
      "sha256": "d46b9e806b425b6748e6191e4864596139a433276a02d9abe82e5e37c84a7904",
      "state": "restored_exact"
    },
    {
      "path": "outputs/build-control-2-restored.json",
      "bytes": 1510140,
      "sha256": "3c9a563225a3e0205dec2caee37521169756489b2e7183dbf4654b298e01113b",
      "state": "restored_exact"
    },
    {
      "path": "outputs/build-control-3-moved.json",
      "bytes": 1510691,
      "sha256": "e7ee9caa8a2b2ebfe404aba3ca99be2a5a9d7ea22b6f4e3df3ca7b4b0c5b1736",
      "state": "restored_exact"
    },
    {
      "path": "outputs/build-control-3-restored.json",
      "bytes": 1510140,
      "sha256": "3c9a563225a3e0205dec2caee37521169756489b2e7183dbf4654b298e01113b",
      "state": "restored_exact"
    },
    {
      "path": "outputs/build-control-4-moved.json",
      "bytes": 1511626,
      "sha256": "21d4d019fe60279d412485e9b94f2a904ff61190a52c62afd7401798abed5a17",
      "state": "restored_exact"
    },
    {
      "path": "outputs/build-control-4-restored.json",
      "bytes": 1510140,
      "sha256": "3c9a563225a3e0205dec2caee37521169756489b2e7183dbf4654b298e01113b",
      "state": "restored_exact"
    },
    {
      "path": "outputs/build-control-5-moved.json",
      "bytes": 1510119,
      "sha256": "f2f1ae6208b8cd0482665bb75a2d5082d9db318f32c23db164f3b0a7e52cad2b",
      "state": "restored_exact"
    },
    {
      "path": "outputs/build-control-5-restored.json",
      "bytes": 1510140,
      "sha256": "3c9a563225a3e0205dec2caee37521169756489b2e7183dbf4654b298e01113b",
      "state": "restored_exact"
    },
    {
      "path": "outputs/build-control-6-moved.json",
      "bytes": 1511482,
      "sha256": "f5b856b4d1cb67489a2a8890e5441c7fd23998d6f35724f7e8b99549e47db784",
      "state": "restored_exact"
    },
    {
      "path": "outputs/build-control-6-restored.json",
      "bytes": 1510140,
      "sha256": "3c9a563225a3e0205dec2caee37521169756489b2e7183dbf4654b298e01113b",
      "state": "restored_exact"
    },
    {
      "path": "outputs/build-control-7-moved.json",
      "bytes": 1510652,
      "sha256": "ca687dc0abfad1370db25d36dd7df0509b3a689f4fa886faeffbd083bae4dfeb",
      "state": "restored_exact"
    },
    {
      "path": "outputs/build-control-7-restored.json",
      "bytes": 1510140,
      "sha256": "3c9a563225a3e0205dec2caee37521169756489b2e7183dbf4654b298e01113b",
      "state": "restored_exact"
    },
    {
      "path": "outputs/build-manual-baseline-restored.json",
      "bytes": 1510138,
      "sha256": "a6733a7f7eccbd13800b75a9b5a0144ee6b25690b6a4ddfa99714e0300f9849b",
      "state": "restored_exact"
    },
    {
      "path": "outputs/build-manual-control-restored.json",
      "bytes": 1510145,
      "sha256": "6746d26a1c472588f96ebed7f57559935611c147c38869ddac3ce3815debed5f",
      "state": "restored_exact"
    },
    {
      "path": "outputs/build-manual-control.json",
      "bytes": 1511405,
      "sha256": "ebfe629ebb57e6fb55694f775d768c79b01d3ad43c3e0814007b6a3a76af18ae",
      "state": "restored_exact"
    },
    {
      "path": "outputs/build-manual.json",
      "bytes": 1510147,
      "sha256": "902523f3a19203a49811bab69242d2feabbb73697bb4f024cdb8eddf1bd45de5",
      "state": "restored_exact"
    },
    {
      "path": "outputs/build-raw.json",
      "bytes": 1510140,
      "sha256": "3c9a563225a3e0205dec2caee37521169756489b2e7183dbf4654b298e01113b",
      "state": "restored_exact"
    },
    {
      "path": "outputs/verify-control-0-moved.json",
      "bytes": 1511512,
      "sha256": "ebb8ccc07b860ea2ab5ef3c94a38114d6cce22cc76427fadfd223cc6f2a0101b",
      "state": "restored_exact"
    },
    {
      "path": "outputs/verify-control-0-restored.json",
      "bytes": 1510253,
      "sha256": "ecf08a21b3585f3496faf453d7af9f970f535e3e3d4289738cbe3a88fa29641d",
      "state": "restored_exact"
    },
    {
      "path": "outputs/verify-control-1-moved.json",
      "bytes": 1510197,
      "sha256": "b109f005fd0b6fb39a00aa467476e5db6465d48f271ad003415c8ab47910a66c",
      "state": "restored_exact"
    },
    {
      "path": "outputs/verify-control-1-restored.json",
      "bytes": 1510253,
      "sha256": "ecf08a21b3585f3496faf453d7af9f970f535e3e3d4289738cbe3a88fa29641d",
      "state": "restored_exact"
    },
    {
      "path": "outputs/verify-control-2-moved.json",
      "bytes": 1510318,
      "sha256": "a9c6f695b3fc3469fe20f8a7a146beb8bbf93a11d3bed7560c574fa1541b4db9",
      "state": "restored_exact"
    },
    {
      "path": "outputs/verify-control-2-restored.json",
      "bytes": 1510253,
      "sha256": "ecf08a21b3585f3496faf453d7af9f970f535e3e3d4289738cbe3a88fa29641d",
      "state": "restored_exact"
    },
    {
      "path": "outputs/verify-control-3-moved.json",
      "bytes": 1510804,
      "sha256": "a96d115156608072dfbbb6381b89649cd1296d5dd51d04ad28f357449373e897",
      "state": "restored_exact"
    },
    {
      "path": "outputs/verify-control-3-restored.json",
      "bytes": 1510253,
      "sha256": "ecf08a21b3585f3496faf453d7af9f970f535e3e3d4289738cbe3a88fa29641d",
      "state": "restored_exact"
    },
    {
      "path": "outputs/verify-control-4-moved.json",
      "bytes": 1511739,
      "sha256": "c7d9716ae4ce233cec9c33ddcfcd571e7424dad3fb9de14e460a6d6be06de5e3",
      "state": "restored_exact"
    },
    {
      "path": "outputs/verify-control-4-restored.json",
      "bytes": 1510253,
      "sha256": "ecf08a21b3585f3496faf453d7af9f970f535e3e3d4289738cbe3a88fa29641d",
      "state": "restored_exact"
    },
    {
      "path": "outputs/verify-control-5-moved.json",
      "bytes": 1510232,
      "sha256": "9ee42763840ca700ef39a728370ff09432351716e67ac024770694b02ca707cf",
      "state": "restored_exact"
    },
    {
      "path": "outputs/verify-control-5-restored.json",
      "bytes": 1510253,
      "sha256": "ecf08a21b3585f3496faf453d7af9f970f535e3e3d4289738cbe3a88fa29641d",
      "state": "restored_exact"
    },
    {
      "path": "outputs/verify-control-6-moved.json",
      "bytes": 1511595,
      "sha256": "c64e898821babe9af42d8115468cdb0862ab8c805098f85fd6e6b018c552a17d",
      "state": "restored_exact"
    },
    {
      "path": "outputs/verify-control-6-restored.json",
      "bytes": 1510253,
      "sha256": "ecf08a21b3585f3496faf453d7af9f970f535e3e3d4289738cbe3a88fa29641d",
      "state": "restored_exact"
    },
    {
      "path": "outputs/verify-control-7-moved.json",
      "bytes": 1510765,
      "sha256": "aa4548cb9982f50669cbb695c941b2fc04ce75b39c8e9226458a1eea39e5af46",
      "state": "restored_exact"
    },
    {
      "path": "outputs/verify-control-7-restored.json",
      "bytes": 1510253,
      "sha256": "ecf08a21b3585f3496faf453d7af9f970f535e3e3d4289738cbe3a88fa29641d",
      "state": "restored_exact"
    },
    {
      "path": "outputs/verify-manual-baseline-restored.json",
      "bytes": 1510251,
      "sha256": "55e5fdc09ac82bb07e3779202d76e79743e0f74930b638b032066e4c694547cc",
      "state": "restored_exact"
    },
    {
      "path": "outputs/verify-manual-control-restored.json",
      "bytes": 1510258,
      "sha256": "6d26e3fce404503a9a4b4eafbb716df656b963a6fd238a0750260be85876c765",
      "state": "restored_exact"
    },
    {
      "path": "outputs/verify-manual-control.json",
      "bytes": 1511518,
      "sha256": "bd52f6f16062575933b5bbd2674c4e67e7b89530e7e29b3c16ad6a79a5695018",
      "state": "restored_exact"
    },
    {
      "path": "outputs/verify-manual.json",
      "bytes": 1510260,
      "sha256": "f37e9daa6fcd78d7c37f66ccf849b1cb3200b36a1ef021104e6ddf9446b7ae75",
      "state": "restored_exact"
    },
    {
      "path": "outputs/verify-raw.json",
      "bytes": 1510251,
      "sha256": "55e5fdc09ac82bb07e3779202d76e79743e0f74930b638b032066e4c694547cc",
      "state": "restored_exact"
    },
    {
      "path": "protected-after.json",
      "bytes": 2968946,
      "sha256": "19bb0aed39cf1230fe36df0ffe34f8a9051468bc57c3a8481f11c71c1a4236ec",
      "state": "restored_exact"
    },
    {
      "path": "protected-before.json",
      "bytes": 2968946,
      "sha256": "19bb0aed39cf1230fe36df0ffe34f8a9051468bc57c3a8481f11c71c1a4236ec",
      "state": "restored_exact"
    }
  ]
}
