{
  "verified": true,
  "raw_paths": 44,
  "unique_objects": 27,
  "files": [
    {
      "path": "outputs/build-control-0-moved.json",
      "bytes": 1511427,
      "sha256": "0b63e775fefc60b3779643e5c0d8021d5d52f6f7434e2b1ade0597e57eb3f2e8",
      "state": "restored_exact"
    },
    {
      "path": "outputs/build-control-0-restored.json",
      "bytes": 1511018,
      "sha256": "5800ecafbe1829e75753d5312cc629dc8d2fdb3cd25db64b61ca44c7f1981541",
      "state": "restored_exact"
    },
    {
      "path": "outputs/build-control-1-moved.json",
      "bytes": 1511213,
      "sha256": "5517034597516c392810da0264c19bdd7241840c957a1d5a7a132915949f090e",
      "state": "restored_exact"
    },
    {
      "path": "outputs/build-control-1-restored.json",
      "bytes": 1511018,
      "sha256": "5800ecafbe1829e75753d5312cc629dc8d2fdb3cd25db64b61ca44c7f1981541",
      "state": "restored_exact"
    },
    {
      "path": "outputs/build-control-2-moved.json",
      "bytes": 1511063,
      "sha256": "62229f2d2636d2545da74ae354281a0525b895896d2ac10e02c439550f3d9bd9",
      "state": "restored_exact"
    },
    {
      "path": "outputs/build-control-2-restored.json",
      "bytes": 1511018,
      "sha256": "5800ecafbe1829e75753d5312cc629dc8d2fdb3cd25db64b61ca44c7f1981541",
      "state": "restored_exact"
    },
    {
      "path": "outputs/build-control-3-moved.json",
      "bytes": 1511131,
      "sha256": "8c4733563a0f16bc052cac32d120a5dfa5acf0fe665970a39696330da3bb55f0",
      "state": "restored_exact"
    },
    {
      "path": "outputs/build-control-3-restored.json",
      "bytes": 1511018,
      "sha256": "5800ecafbe1829e75753d5312cc629dc8d2fdb3cd25db64b61ca44c7f1981541",
      "state": "restored_exact"
    },
    {
      "path": "outputs/build-control-4-moved.json",
      "bytes": 1512087,
      "sha256": "31d0e20bd914b811069c6e02d1f9fd1947198fc0573445a9277e8860512cd479",
      "state": "restored_exact"
    },
    {
      "path": "outputs/build-control-4-restored.json",
      "bytes": 1511018,
      "sha256": "5800ecafbe1829e75753d5312cc629dc8d2fdb3cd25db64b61ca44c7f1981541",
      "state": "restored_exact"
    },
    {
      "path": "outputs/build-control-5-moved.json",
      "bytes": 1511065,
      "sha256": "e867beb62325941280440ee63639ffd1a06e20b6df3bab844c7c0eb654921593",
      "state": "restored_exact"
    },
    {
      "path": "outputs/build-control-5-restored.json",
      "bytes": 1511018,
      "sha256": "5800ecafbe1829e75753d5312cc629dc8d2fdb3cd25db64b61ca44c7f1981541",
      "state": "restored_exact"
    },
    {
      "path": "outputs/build-control-6-moved.json",
      "bytes": 1511163,
      "sha256": "31eb9a789d4f989547d9813f7fa037ee0dabc8b578e76e79d5e1691bb94972ea",
      "state": "restored_exact"
    },
    {
      "path": "outputs/build-control-6-restored.json",
      "bytes": 1511018,
      "sha256": "5800ecafbe1829e75753d5312cc629dc8d2fdb3cd25db64b61ca44c7f1981541",
      "state": "restored_exact"
    },
    {
      "path": "outputs/build-control-7-moved.json",
      "bytes": 1511233,
      "sha256": "4d396cb658ff3423b70872a485679989d1fa2e16d0caacc195d74fe155a9b5ff",
      "state": "restored_exact"
    },
    {
      "path": "outputs/build-control-7-restored.json",
      "bytes": 1511018,
      "sha256": "5800ecafbe1829e75753d5312cc629dc8d2fdb3cd25db64b61ca44c7f1981541",
      "state": "restored_exact"
    },
    {
      "path": "outputs/build-manual-baseline-restored.json",
      "bytes": 1511016,
      "sha256": "e4d117606d23f08baf383d155032896489c222a4e17048c04bd81db27ee0929b",
      "state": "restored_exact"
    },
    {
      "path": "outputs/build-manual-control-restored.json",
      "bytes": 1511029,
      "sha256": "2db777c573800f35d5d272323d88a156794d6b8f230b8859a0f7d84bb2f1e848",
      "state": "restored_exact"
    },
    {
      "path": "outputs/build-manual-control.json",
      "bytes": 1511439,
      "sha256": "1dda5800c4992255eef9c0d26ff95d9d38e51f5c5248ef842b687368f6fd6180",
      "state": "restored_exact"
    },
    {
      "path": "outputs/build-manual.json",
      "bytes": 1511031,
      "sha256": "b3a15dfb75c59fae01e359fd3cb550f660d074d500d04de1d7af93deeeed4f1d",
      "state": "restored_exact"
    },
    {
      "path": "outputs/build-raw.json",
      "bytes": 1511018,
      "sha256": "5800ecafbe1829e75753d5312cc629dc8d2fdb3cd25db64b61ca44c7f1981541",
      "state": "restored_exact"
    },
    {
      "path": "outputs/verify-control-0-moved.json",
      "bytes": 1511567,
      "sha256": "3396e65d8553b7eaddc371e5b55d78a89dc1064402042be2e903569225595af2",
      "state": "restored_exact"
    },
    {
      "path": "outputs/verify-control-0-restored.json",
      "bytes": 1511158,
      "sha256": "95a2adf85a0449ed301303626e25ebad1de437f16dc4a5e0d112e90a0a049b5d",
      "state": "restored_exact"
    },
    {
      "path": "outputs/verify-control-1-moved.json",
      "bytes": 1511353,
      "sha256": "10a5c97462a7935fd6beb3cd10c4f9af99f02a2189dacccea879ab4c9a71be2a",
      "state": "restored_exact"
    },
    {
      "path": "outputs/verify-control-1-restored.json",
      "bytes": 1511158,
      "sha256": "95a2adf85a0449ed301303626e25ebad1de437f16dc4a5e0d112e90a0a049b5d",
      "state": "restored_exact"
    },
    {
      "path": "outputs/verify-control-2-moved.json",
      "bytes": 1511203,
      "sha256": "ebeb3c5e706e5e455c0ba4001478b1915794b49222d290c561f04c54c2ca43fe",
      "state": "restored_exact"
    },
    {
      "path": "outputs/verify-control-2-restored.json",
      "bytes": 1511158,
      "sha256": "95a2adf85a0449ed301303626e25ebad1de437f16dc4a5e0d112e90a0a049b5d",
      "state": "restored_exact"
    },
    {
      "path": "outputs/verify-control-3-moved.json",
      "bytes": 1511271,
      "sha256": "f4952197066f7297448d3983f755c975620b895260d461baf7fc760c311cfe56",
      "state": "restored_exact"
    },
    {
      "path": "outputs/verify-control-3-restored.json",
      "bytes": 1511158,
      "sha256": "95a2adf85a0449ed301303626e25ebad1de437f16dc4a5e0d112e90a0a049b5d",
      "state": "restored_exact"
    },
    {
      "path": "outputs/verify-control-4-moved.json",
      "bytes": 1512227,
      "sha256": "a6da221193760378a8ea05af975deef3a7b99eaf62cbef93132a7e3da7829c79",
      "state": "restored_exact"
    },
    {
      "path": "outputs/verify-control-4-restored.json",
      "bytes": 1511158,
      "sha256": "95a2adf85a0449ed301303626e25ebad1de437f16dc4a5e0d112e90a0a049b5d",
      "state": "restored_exact"
    },
    {
      "path": "outputs/verify-control-5-moved.json",
      "bytes": 1511205,
      "sha256": "08c5befc7c32d8c3f171054a7d515a78ad0d8bf40d52f0b3b04c266f9a632bbc",
      "state": "restored_exact"
    },
    {
      "path": "outputs/verify-control-5-restored.json",
      "bytes": 1511158,
      "sha256": "95a2adf85a0449ed301303626e25ebad1de437f16dc4a5e0d112e90a0a049b5d",
      "state": "restored_exact"
    },
    {
      "path": "outputs/verify-control-6-moved.json",
      "bytes": 1511303,
      "sha256": "0502ef0a63eeb7ec7b409b6fde064b24ba2c049f0479b71ea4a68bb30bfb4713",
      "state": "restored_exact"
    },
    {
      "path": "outputs/verify-control-6-restored.json",
      "bytes": 1511158,
      "sha256": "95a2adf85a0449ed301303626e25ebad1de437f16dc4a5e0d112e90a0a049b5d",
      "state": "restored_exact"
    },
    {
      "path": "outputs/verify-control-7-moved.json",
      "bytes": 1511373,
      "sha256": "7c43c40274ccf026a5cb54a2c093b25c23871b9b69ec635e2b30cd591334a1b3",
      "state": "restored_exact"
    },
    {
      "path": "outputs/verify-control-7-restored.json",
      "bytes": 1511158,
      "sha256": "95a2adf85a0449ed301303626e25ebad1de437f16dc4a5e0d112e90a0a049b5d",
      "state": "restored_exact"
    },
    {
      "path": "outputs/verify-manual-baseline-restored.json",
      "bytes": 1511156,
      "sha256": "e0950c026d38f46a136a9e6f26bdf65f5a3aba25ced33fcb3fea19fe6abb1c4d",
      "state": "restored_exact"
    },
    {
      "path": "outputs/verify-manual-control-restored.json",
      "bytes": 1511169,
      "sha256": "1cc60793c309fd69b5ea5dcd246bc8572f45568fec5e0b08c79f205cc7e76a55",
      "state": "restored_exact"
    },
    {
      "path": "outputs/verify-manual-control.json",
      "bytes": 1511579,
      "sha256": "5d01567474ab863c5aa5979a40aeb5444cb2c481bd9b52aedba91d3c310305e4",
      "state": "restored_exact"
    },
    {
      "path": "outputs/verify-manual.json",
      "bytes": 1511171,
      "sha256": "378cd15b72ad009711aeed527eab1560c9031ad105a75f59714d494dbb0831a4",
      "state": "restored_exact"
    },
    {
      "path": "outputs/verify-raw.json",
      "bytes": 1511156,
      "sha256": "e0950c026d38f46a136a9e6f26bdf65f5a3aba25ced33fcb3fea19fe6abb1c4d",
      "state": "restored_exact"
    },
    {
      "path": "protected-after.json",
      "bytes": 2853616,
      "sha256": "1427a38240fd4eb289a019f231ca20395be9ef8c417ac7e341454b46be0a57bc",
      "state": "restored_exact"
    },
    {
      "path": "protected-before.json",
      "bytes": 2853616,
      "sha256": "1427a38240fd4eb289a019f231ca20395be9ef8c417ac7e341454b46be0a57bc",
      "state": "restored_exact"
    }
  ]
}
