VERIFIED cloud-evidence/cloudbank58k-cache-readback-v3-20261002T103637Z-zfmq_a2d/manifest-storage.json 2 2005204
VERIFIED cloud-evidence/cloudbank58k-import-v1-20261002T085359Z-6_g0g1ax/manifest-storage.json 2 2005204
VERIFIED cloud-evidence/cloudbank58k-normal-readback-v1-20261002T091816Z-whfkeukw/manifest-storage.json 2 2005204
VERIFIED cloud-evidence/cloudbank58k-transfer-v2-20261002T094351Z-egb4wx8d/manifest-storage.json 2 2005204
VERIFIED cloud-evidence/cloudbank58k-world-trial-v1-parse-20261002T113709Z-1s3mdfe0/storage.json 3 2778961
VERIFIED cloud-evidence/cloudbank58k-world-trial-v1-renderer-20261002T114049Z-pwlfe4xf/storage.json 2 2005204
VERIFIED cloud-evidence/cloudbank58k-world-trial-v2-migration-20261002T121051Z-gsarydps/storage.json 6 7984841
VERIFIED cloud-evidence/cloudbank58k-world-trial-v2-renderer-20261002T121854Z-931jfijg/storage.json 4 3208186
VERIFIED cloud-evidence/cloudbank58l-form-v2-recovery-v1-saved-source-fresh-open-20261002T212506Z-7knis0f3/storage.json 23 37603517
VERIFIED cloud-evidence/cloudbank58l-form-v2-source-20261002T203132Z-gplbz9_7/storage.json 23 37554129
VERIFIED cloud-evidence/cloudbank58l-form-v2-views-v1-views-20261002T221408Z-plb7q1yk/storage.json 14 24034037
VERIFIED cloud-evidence/cloudbank58l-form-v3-source-20261002T225658Z-jcrc3gec/storage.json 44 69378969
VERIFIED cloud-evidence/cloudbank58l-form-v3-views-v1-views-20261002T232517Z-ys00xc39/storage.json 14 24115119
VERIFIED cloud-evidence/cloudbank58l-source-api-diagnostic-v1-source-20261002T193518Z-g8xpoigq/storage.json 44 69178288
VERIFIED cloud-evidence/cloudbank58l-source-api-diagnostic-v1-views-20261002T195101Z-3kmu_0dz/storage.json 14 23895087
VERIFIED cloud-evidence/cloudbank58l-source-recovery-v1-source-20261002T183837Z-52w0vvfv/storage.json 4 8697248
VERIFIED cloud-evidence/cloudbank58l-source-runner-v3-source-20261002T175127Z-synllgmt/storage.json 4 8758938
VERIFIED cloud-evidence/nearbay61-orbit-renderer-20261002T023336Z-nuh5s3o7/stderr-storage.json 1 2173277
VERIFIED cloud-evidence/nearbay61-orbit-renderer-20261002T033202Z-i141mgll/report-storage.json 1 981397
VERIFIED cloud-evidence/nearbay61-orbit-renderer-20261002T040614Z-kyawbpny/report-storage.json 1 1014315
VERIFIED cloud-evidence/nearbay61-orbit-renderer-20261002T044043Z-8wi327py/report-storage.json 1 2842930
VERIFIED cloud-evidence/nearbay61-orbit-renderer-20261002T070230Z-qx75unzy/report-storage.json 1 2811291
VERIFIED cloud-evidence/nearbay61-orbit-renderer-20261002T083649Z-y9u3upd2/report-storage.json 1 3079360
VERIFIED cloud-evidence/north-ridge62-collect-20261002T050835Z-k8_cwtci/intake-storage.json 1 1211462
VERIFIED cloud-evidence/north-ridge62-collect-20261002T053100Z-3mmbw0ol/intake-storage.json 1 1215201
VERIFIED cloud-evidence/north-ridge62-recovery-v2-source-20261002T114825Z-lnt78w53/native-storage.json 4 45105427
VERIFIED cloud-evidence/north-ridge62-recovery-v2-source-20261002T114825Z-lnt78w53/storage.json 2 2891564
VERIFIED cloud-evidence/north-ridge62-recovery-v2-views-20261002T124732Z-ug2dijf_/storage.json 6 62252987
VERIFIED cloud-evidence/north-ridge62-restore-read-v1-20261002T122842Z-b5lgjbp1/storage.json 3 17892166
VERIFIED cloud-evidence/north-ridge62-scatter-collect-20261002T062426Z-j_zfldme/storage.json 2 5918216
VERIFIED cloud-evidence/north-ridge62-scatter-float32-collect-20261002T065622Z-6k1gbidm/storage.json 2 8505650
VERIFIED cloud-evidence/north-ridge62-scatter-float32-fixture-20261002T065539Z-v9ezb9jr/storage.json 1 2283728
VERIFIED cloud-evidence/north-ridge62-scatter-float32-fixture-parse-20261002T065532Z-0gjuy74n/storage.json 1 2283728
VERIFIED cloud-evidence/north-ridge62-scatter-float32-parse-20261002T065525Z-bzrpkcw_/storage.json 1 2283728
VERIFIED cloud-evidence/north-ridge62-scatter-parse-20261002T061957Z-mjvw2bx9/prepared-inputs-storage.json 1 2283728
VERIFIED cloud-evidence/north-ridge62-shadow-script-v4-20261002T094319Z-o5sjgbgh/keep-storage.json 1 1164309
VERIFIED cloud-evidence/north-ridge62-source-20261002T111415Z-wlgkmd5l/preparation-snapshot/bindings-storage.json 1 5424728
VERIFIED cloud-evidence/north-ridge62-source-20261002T111415Z-wlgkmd5l/storage.json 2 2881460
VERIFIED source-assets/north-ridge62-authoring/build-v1/bindings-storage.json 1 5424728
VERIFIED source-assets/north-ridge62-authoring/preparation-v1/support-plan-storage.json 1 922646
VERIFIED source-assets/north-ridge62-authoring/support-v1/storage.json 2 4010635
VERIFIED source-assets/north-ridge62-intake/dependency-storage.json 1 730050
VERIFIED source-assets/north-ridge62-intake/proxy-bounds-v1/storage.json 1 1049150
VERIFIED cloud-evidence/cloudbank-next-footprint-checkpoint-20261002/CHECKPOINT.json 1 1864861
{
  "recovered_paths": 249,
  "recovered_bytes": 517716062,
  "verified_paths": 249,
  "verified_bytes": 517716062,
  "issue_count": 0,
  "tracked_status": "",
  "untracked_status": ""
}
