{
  "verified": true,
  "raw_paths": 23,
  "unique_streams": 14,
  "files": [
    {
      "path": "outputs/verify-control-0-moved.json",
      "bytes": 1511995,
      "sha256": "f13f339af27074e3c0c5395e86edd961b8ff517139eb29663afa1bea2518e970",
      "state": "restored_exact"
    },
    {
      "path": "outputs/verify-control-0-restored.json",
      "bytes": 1511894,
      "sha256": "ffa187fbba3adc493e7a7d99e9bc046c6e2527b191c4fdd47b5f98cb396af634",
      "state": "restored_exact"
    },
    {
      "path": "outputs/verify-control-1-moved.json",
      "bytes": 1511838,
      "sha256": "3e455a3cfd9d7b8ce4159a38cc12c453639b4d585d6d6dcc06520cfa06760146",
      "state": "restored_exact"
    },
    {
      "path": "outputs/verify-control-1-restored.json",
      "bytes": 1511894,
      "sha256": "ffa187fbba3adc493e7a7d99e9bc046c6e2527b191c4fdd47b5f98cb396af634",
      "state": "restored_exact"
    },
    {
      "path": "outputs/verify-control-2-moved.json",
      "bytes": 1511959,
      "sha256": "8de099f628389b6f78918f7218420bce7a2e181fe7f788f734b082265e3b4cd5",
      "state": "restored_exact"
    },
    {
      "path": "outputs/verify-control-2-restored.json",
      "bytes": 1511894,
      "sha256": "ffa187fbba3adc493e7a7d99e9bc046c6e2527b191c4fdd47b5f98cb396af634",
      "state": "restored_exact"
    },
    {
      "path": "outputs/verify-control-3-moved.json",
      "bytes": 1511961,
      "sha256": "42f2ef409eefdb318b0337035500b08dd9d9bea12c954df02c2c1dcd21a42cba",
      "state": "restored_exact"
    },
    {
      "path": "outputs/verify-control-3-restored.json",
      "bytes": 1511894,
      "sha256": "ffa187fbba3adc493e7a7d99e9bc046c6e2527b191c4fdd47b5f98cb396af634",
      "state": "restored_exact"
    },
    {
      "path": "outputs/verify-control-4-moved.json",
      "bytes": 1512874,
      "sha256": "3fd4798077a98976115c6754edd741a8da857114312ee221cd4deb3d4c3ad113",
      "state": "restored_exact"
    },
    {
      "path": "outputs/verify-control-4-restored.json",
      "bytes": 1511894,
      "sha256": "ffa187fbba3adc493e7a7d99e9bc046c6e2527b191c4fdd47b5f98cb396af634",
      "state": "restored_exact"
    },
    {
      "path": "outputs/verify-control-5-moved.json",
      "bytes": 1511941,
      "sha256": "cf05c4a2610015b15ed93ec0799a9ce6a9866ad51bae175080e738b703c2d855",
      "state": "restored_exact"
    },
    {
      "path": "outputs/verify-control-5-restored.json",
      "bytes": 1511894,
      "sha256": "ffa187fbba3adc493e7a7d99e9bc046c6e2527b191c4fdd47b5f98cb396af634",
      "state": "restored_exact"
    },
    {
      "path": "outputs/verify-control-6-moved.json",
      "bytes": 1511733,
      "sha256": "412b2717d722dc63b4bcd497854a713506685a64a9440de39060f26003a303eb",
      "state": "restored_exact"
    },
    {
      "path": "outputs/verify-control-6-restored.json",
      "bytes": 1511894,
      "sha256": "ffa187fbba3adc493e7a7d99e9bc046c6e2527b191c4fdd47b5f98cb396af634",
      "state": "restored_exact"
    },
    {
      "path": "outputs/verify-control-7-moved.json",
      "bytes": 1511875,
      "sha256": "d9c8db7ea07907803b86cf9e105bd6897204c2096a302926cff2ba0c2b19b21a",
      "state": "restored_exact"
    },
    {
      "path": "outputs/verify-control-7-restored.json",
      "bytes": 1511894,
      "sha256": "ffa187fbba3adc493e7a7d99e9bc046c6e2527b191c4fdd47b5f98cb396af634",
      "state": "restored_exact"
    },
    {
      "path": "outputs/verify-manual-baseline-restored.json",
      "bytes": 1511892,
      "sha256": "a03c8780dd11f5c204663dbda7efd24662ad2a32f08a37ab88e3ef597e87e26a",
      "state": "restored_exact"
    },
    {
      "path": "outputs/verify-manual-control-restored.json",
      "bytes": 1511885,
      "sha256": "81258f6632b9057a729dff63052ffd438c9b0ddb7df5c1132db11559a69d800f",
      "state": "restored_exact"
    },
    {
      "path": "outputs/verify-manual-control.json",
      "bytes": 1511987,
      "sha256": "5fe6221dfabd0d2124a0253b404f77f398d0df82fce49b4ab9580855d43173a9",
      "state": "restored_exact"
    },
    {
      "path": "outputs/verify-manual.json",
      "bytes": 1511887,
      "sha256": "8d6dd7bdd65247862e773f6debd510395bc35a351dc958951275ce7a8582ef39",
      "state": "restored_exact"
    },
    {
      "path": "outputs/verify-raw.json",
      "bytes": 1511892,
      "sha256": "a03c8780dd11f5c204663dbda7efd24662ad2a32f08a37ab88e3ef597e87e26a",
      "state": "restored_exact"
    },
    {
      "path": "protected-after.json",
      "bytes": 2926323,
      "sha256": "b3a94ab8ab2a78808ae2704573430dac2667bba40306ed3fa5d86108a33053f3",
      "state": "restored_exact"
    },
    {
      "path": "protected-before.json",
      "bytes": 2926323,
      "sha256": "b3a94ab8ab2a78808ae2704573430dac2667bba40306ed3fa5d86108a33053f3",
      "state": "restored_exact"
    }
  ]
}
