INFO Draco mesh compression is available, use library at D:\test6\.tools\blender\blender-4.5.0-windows-x64\4.5\scripts\addons_core\io_scene_gltf2\extern_draco.dll
05:39:42 | INFO: Starting glTF 2.0 export
05:39:42 | INFO: Extracting primitive: cliff_crownGeometry
05:39:42 | INFO: Primitives created: 1
05:39:42 | INFO: Finished glTF 2.0 export in 0.009482383728027344 s

Info: Saved as "cliff_crown.blend"
CLOSED CLIFF MODULE cliff_crown 284 564 513833.2501641437
05:39:43 | INFO: Starting glTF 2.0 export
05:39:43 | INFO: Extracting primitive: cliff_western_slabGeometry
05:39:43 | INFO: Primitives created: 1
05:39:43 | INFO: Finished glTF 2.0 export in 0.004604339599609375 s

Info: Saved as "cliff_western_slab.blend"
CLOSED CLIFF MODULE cliff_western_slab 158 312 168163.85873985666
05:39:43 | INFO: Starting glTF 2.0 export
05:39:43 | INFO: Extracting primitive: cliff_front_columnsGeometry
05:39:43 | INFO: Primitives created: 1
05:39:43 | INFO: Finished glTF 2.0 export in 0.0069811344146728516 s

Info: Saved as "cliff_front_columns.blend"
CLOSED CLIFF MODULE cliff_front_columns 176 348 186615.70274684427
05:39:43 | INFO: Starting glTF 2.0 export
05:39:43 | INFO: Extracting primitive: cliff_shadow_buttressGeometry
05:39:43 | INFO: Primitives created: 1
05:39:43 | INFO: Finished glTF 2.0 export in 0.006983518600463867 s

Info: Saved as "cliff_shadow_buttress.blend"
CLOSED CLIFF MODULE cliff_shadow_buttress 184 364 196043.91358326687
05:39:43 | INFO: Starting glTF 2.0 export
05:39:43 | INFO: Extracting primitive: cliff_central_wallGeometry
05:39:43 | INFO: Primitives created: 1
05:39:43 | INFO: Finished glTF 2.0 export in 0.008103609085083008 s

Info: Saved as "cliff_central_wall.blend"
CLOSED CLIFF MODULE cliff_central_wall 182 360 171210.8608911296
Blender 4.5.0 (hash 8cb6b388974a built 2025-07-15 01:36:24)

Blender quit
