NORTH62_STAGE {"stage":"python_entry","pid":5,"elapsed_seconds":6.178200419526547e-05,"native_user_seconds":0.273646,"native_system_seconds":0.08137699999999999,"native_peak_rss_kib":219976}
NORTH62_STAGE {"stage":"arguments_checked","pid":5,"elapsed_seconds":0.10031916199659463,"native_user_seconds":0.324751,"native_system_seconds":0.10140099999999999,"native_peak_rss_kib":240912}
NORTH62_STAGE {"stage":"binding.read.begin","pid":5,"elapsed_seconds":0.1005858559947228,"native_user_seconds":0.324957,"native_system_seconds":0.101465,"native_peak_rss_kib":240912}
NORTH62_STAGE {"stage":"binding.read.complete","pid":5,"elapsed_seconds":0.23496123700169846,"native_user_seconds":0.450711,"native_system_seconds":0.10955,"native_peak_rss_kib":276752}
NORTH62_STAGE {"stage":"binding.validation.begin","pid":5,"elapsed_seconds":0.23533464899810497,"native_user_seconds":0.451018,"native_system_seconds":0.109624,"native_peak_rss_kib":276752}
NORTH62_STAGE {"stage":"binding.validation.complete","pid":5,"elapsed_seconds":0.6204972679988714,"native_user_seconds":0.810701,"native_system_seconds":0.133799,"native_peak_rss_kib":312412}
NORTH62_STAGE {"stage":"factory_reset.begin","pid":5,"elapsed_seconds":0.6209532319917344,"native_user_seconds":0.811102,"native_system_seconds":0.13386499999999998,"native_peak_rss_kib":312412}
NORTH62_STAGE {"stage":"factory_reset.complete","pid":5,"elapsed_seconds":0.7001737259997753,"native_user_seconds":0.8715729999999999,"native_system_seconds":0.14044099999999998,"native_peak_rss_kib":312412}
NORTH62_STAGE {"stage":"text.begin","pid":5,"elapsed_seconds":0.8243441590020666,"native_user_seconds":0.9875459999999999,"native_system_seconds":0.14854,"native_peak_rss_kib":312412,"name":"BINDINGS62.json","utf8_bytes":5424727}
NORTH62_STAGE {"stage":"text.complete","pid":5,"elapsed_seconds":0.8503767509973841,"native_user_seconds":1.009666,"native_system_seconds":0.152425,"native_peak_rss_kib":312412,"name":"BINDINGS62.json","sha256":"40bb1d7510384575421b4c8a588b48692ef5bced8e5cb02fa7439abab93cb310"}
NORTH62_STAGE {"stage":"text.begin","pid":5,"elapsed_seconds":0.8510659589956049,"native_user_seconds":1.01026,"native_system_seconds":0.15251399999999998,"native_peak_rss_kib":312412,"name":"CONTRACT62.py","utf8_bytes":21044}
NORTH62_STAGE {"stage":"text.complete","pid":5,"elapsed_seconds":0.8515897119941656,"native_user_seconds":1.010709,"native_system_seconds":0.152582,"native_peak_rss_kib":312412,"name":"CONTRACT62.py","sha256":"0e66f8ab1fb7e46563a11f0ee1d1515e2c003ca07f8415655baeb40f7a4c0193"}
NORTH62_STAGE {"stage":"text.begin","pid":5,"elapsed_seconds":0.8517832079960499,"native_user_seconds":1.010877,"native_system_seconds":0.152608,"native_peak_rss_kib":312412,"name":"REBUILD62.py","utf8_bytes":5816}
NORTH62_STAGE {"stage":"text.complete","pid":5,"elapsed_seconds":0.8521465149970027,"native_user_seconds":1.011179,"native_system_seconds":0.15265299999999998,"native_peak_rss_kib":312412,"name":"REBUILD62.py","sha256":"e4d8b9b1de18cf2df65480d41dc5a6d408ccdad38983356390529129cc36e5c4"}
NORTH62_STAGE {"stage":"text.begin","pid":5,"elapsed_seconds":0.8523054190009134,"native_user_seconds":1.011316,"native_system_seconds":0.152674,"native_peak_rss_kib":312412,"name":"README62.txt","utf8_bytes":3229}
NORTH62_STAGE {"stage":"text.complete","pid":5,"elapsed_seconds":0.8526602929923683,"native_user_seconds":1.011593,"native_system_seconds":0.152716,"native_peak_rss_kib":312412,"name":"README62.txt","sha256":"2a7da8b37007fec81b563ad088d127078092821da87f1419231e901079490b36"}
NORTH62_STAGE {"stage":"text.begin","pid":5,"elapsed_seconds":0.8528158929984784,"native_user_seconds":1.011728,"native_system_seconds":0.15273599999999998,"native_peak_rss_kib":312412,"name":"BULK62.py","utf8_bytes":2403}
NORTH62_STAGE {"stage":"text.complete","pid":5,"elapsed_seconds":0.8534052530012559,"native_user_seconds":1.012229,"native_system_seconds":0.152812,"native_peak_rss_kib":312412,"name":"BULK62.py","sha256":"e6ea39b833d2dbc74b64d1b4071b268f410c09c0dd37ee97ba82aac979e8e2ab"}
NORTH62_STAGE {"stage":"rebuild.begin","pid":5,"elapsed_seconds":0.854724086006172,"native_user_seconds":1.01354,"native_system_seconds":0.152812,"native_peak_rss_kib":312412}
NORTH62_STAGE {"stage":"rebuild.embedded_data_loaded","pid":5,"elapsed_seconds":0.9961037009925349,"native_user_seconds":1.1389179999999999,"native_system_seconds":0.168339,"native_peak_rss_kib":318388}
NORTH62_STAGE {"stage":"rebuild.evaluate.begin","pid":5,"elapsed_seconds":0.9983711289969506,"native_user_seconds":1.141518,"native_system_seconds":0.16872399999999999,"native_peak_rss_kib":318388}
NORTH62_STAGE {"stage":"rebuild.evaluate.complete","pid":5,"elapsed_seconds":1.0073097690037685,"native_user_seconds":1.1466669999999999,"native_system_seconds":0.172425,"native_peak_rss_kib":321716}
NORTH62_STAGE {"stage":"mesh.begin","pid":5,"elapsed_seconds":1.0185814339929493,"native_user_seconds":1.157911,"native_system_seconds":0.172425,"native_peak_rss_kib":324916,"mesh":"R62_MASTER_EVALUATED","vertices":4326,"triangles":8192}
NORTH62_STAGE {"stage":"mesh.weights.begin","pid":5,"elapsed_seconds":1.0824768580059754,"native_user_seconds":1.222726,"native_system_seconds":0.173124,"native_peak_rss_kib":324916,"mesh":"R62_MASTER_EVALUATED","batches":3492,"memberships":3659}
NORTH62_STAGE {"stage":"mesh.weights.progress","pid":5,"elapsed_seconds":1.0848350699961884,"native_user_seconds":1.224788,"native_system_seconds":0.173416,"native_peak_rss_kib":324916,"mesh":"R62_MASTER_EVALUATED","finished_batches":1000,"total_batches":3492}
NORTH62_STAGE {"stage":"mesh.weights.progress","pid":5,"elapsed_seconds":1.08682062200387,"native_user_seconds":1.226767,"native_system_seconds":0.173416,"native_peak_rss_kib":324916,"mesh":"R62_MASTER_EVALUATED","finished_batches":2000,"total_batches":3492}
NORTH62_STAGE {"stage":"mesh.weights.progress","pid":5,"elapsed_seconds":1.0887377729959553,"native_user_seconds":1.228642,"native_system_seconds":0.173451,"native_peak_rss_kib":324916,"mesh":"R62_MASTER_EVALUATED","finished_batches":3000,"total_batches":3492}
NORTH62_STAGE {"stage":"mesh.weights.complete","pid":5,"elapsed_seconds":1.089820321998559,"native_user_seconds":1.229584,"native_system_seconds":0.173584,"native_peak_rss_kib":324916,"mesh":"R62_MASTER_EVALUATED","batches":3492}
NORTH62_STAGE {"stage":"mesh.complete","pid":5,"elapsed_seconds":1.094864080005209,"native_user_seconds":1.231042,"native_system_seconds":0.17715999999999998,"native_peak_rss_kib":324916,"mesh":"R62_MASTER_EVALUATED","attribute_collections":11}
NORTH62_STAGE {"stage":"mesh.begin","pid":5,"elapsed_seconds":1.0965355380030815,"native_user_seconds":1.232497,"native_system_seconds":0.177369,"native_peak_rss_kib":324916,"mesh":"R62_Ground_-4_-7","vertices":6144,"triangles":2048}
NORTH62_STAGE {"stage":"mesh.weights.begin","pid":5,"elapsed_seconds":1.108969448992866,"native_user_seconds":1.245506,"native_system_seconds":0.178005,"native_peak_rss_kib":324916,"mesh":"R62_Ground_-4_-7","batches":1689,"memberships":9732}
NORTH62_STAGE {"stage":"mesh.weights.progress","pid":5,"elapsed_seconds":1.111455770995235,"native_user_seconds":1.2479879999999999,"native_system_seconds":0.178005,"native_peak_rss_kib":324916,"mesh":"R62_Ground_-4_-7","finished_batches":1000,"total_batches":1689}
NORTH62_STAGE {"stage":"mesh.weights.complete","pid":5,"elapsed_seconds":1.1133123619947582,"native_user_seconds":1.249777,"native_system_seconds":0.178061,"native_peak_rss_kib":324916,"mesh":"R62_Ground_-4_-7","batches":1689}
NORTH62_STAGE {"stage":"mesh.complete","pid":5,"elapsed_seconds":1.1196162209962495,"native_user_seconds":1.256074,"native_system_seconds":0.178061,"native_peak_rss_kib":324956,"mesh":"R62_Ground_-4_-7","attribute_collections":11}
NORTH62_STAGE {"stage":"mesh.begin","pid":5,"elapsed_seconds":1.1211044789961306,"native_user_seconds":1.257555,"native_system_seconds":0.178061,"native_peak_rss_kib":324956,"mesh":"R62_Ground_-3_-7","vertices":6144,"triangles":2048}
NORTH62_STAGE {"stage":"mesh.weights.begin","pid":5,"elapsed_seconds":1.1273860249930294,"native_user_seconds":1.265052,"native_system_seconds":0.178061,"native_peak_rss_kib":325212,"mesh":"R62_Ground_-3_-7","batches":385,"memberships":2086}
NORTH62_STAGE {"stage":"mesh.weights.complete","pid":5,"elapsed_seconds":1.1287113720027264,"native_user_seconds":1.266243,"native_system_seconds":0.17818699999999998,"native_peak_rss_kib":325212,"mesh":"R62_Ground_-3_-7","batches":385}
NORTH62_STAGE {"stage":"mesh.complete","pid":5,"elapsed_seconds":1.1352466529933736,"native_user_seconds":1.272765,"native_system_seconds":0.17818699999999998,"native_peak_rss_kib":325468,"mesh":"R62_Ground_-3_-7","attribute_collections":11}
NORTH62_STAGE {"stage":"mesh.begin","pid":5,"elapsed_seconds":1.1370156250050059,"native_user_seconds":1.2744849999999999,"native_system_seconds":0.17823,"native_peak_rss_kib":325596,"mesh":"R62_Ground_-4_-6","vertices":6058,"triangles":2048}
NORTH62_STAGE {"stage":"mesh.weights.begin","pid":5,"elapsed_seconds":1.1522815130010713,"native_user_seconds":1.292415,"native_system_seconds":0.178815,"native_peak_rss_kib":325724,"mesh":"R62_Ground_-4_-6","batches":1255,"memberships":7106}
NORTH62_STAGE {"stage":"mesh.weights.progress","pid":5,"elapsed_seconds":1.157565360001172,"native_user_seconds":1.297256,"native_system_seconds":0.179249,"native_peak_rss_kib":325724,"mesh":"R62_Ground_-4_-6","finished_batches":1000,"total_batches":1255}
NORTH62_STAGE {"stage":"mesh.weights.complete","pid":5,"elapsed_seconds":1.1585307259956608,"native_user_seconds":1.2982,"native_system_seconds":0.179249,"native_peak_rss_kib":325724,"mesh":"R62_Ground_-4_-6","batches":1255}
NORTH62_STAGE {"stage":"mesh.complete","pid":5,"elapsed_seconds":1.167500741998083,"native_user_seconds":1.307102,"native_system_seconds":0.179306,"native_peak_rss_kib":325852,"mesh":"R62_Ground_-4_-6","attribute_collections":11}
NORTH62_STAGE {"stage":"mesh.begin","pid":5,"elapsed_seconds":1.1711803560028784,"native_user_seconds":1.310591,"native_system_seconds":0.17948999999999998,"native_peak_rss_kib":325852,"mesh":"R62_Ground_-3_-6","vertices":6009,"triangles":2048}
NORTH62_STAGE {"stage":"mesh.weights.begin","pid":5,"elapsed_seconds":1.1790013650024775,"native_user_seconds":1.315772,"native_system_seconds":0.183552,"native_peak_rss_kib":326108,"mesh":"R62_Ground_-3_-6","batches":371,"memberships":1983}
NORTH62_STAGE {"stage":"mesh.weights.complete","pid":5,"elapsed_seconds":1.1820499369932804,"native_user_seconds":1.318441,"native_system_seconds":0.183924,"native_peak_rss_kib":326108,"mesh":"R62_Ground_-3_-6","batches":371}
NORTH62_STAGE {"stage":"mesh.complete","pid":5,"elapsed_seconds":1.1899991259997478,"native_user_seconds":1.325927,"native_system_seconds":0.184381,"native_peak_rss_kib":326364,"mesh":"R62_Ground_-3_-6","attribute_collections":11}
NORTH62_STAGE {"stage":"rebuild.complete","pid":5,"elapsed_seconds":1.193426145997364,"native_user_seconds":1.3296350000000001,"native_system_seconds":0.184381,"native_peak_rss_kib":326620}
NORTH62_STAGE {"stage":"capture.begin","pid":5,"elapsed_seconds":1.2053080719924765,"native_user_seconds":1.338563,"native_system_seconds":0.18862299999999999,"native_peak_rss_kib":326620}
NORTH62_STAGE {"stage":"capture.mesh.begin","pid":5,"elapsed_seconds":1.205753991001984,"native_user_seconds":1.339354,"native_system_seconds":0.18873399999999999,"native_peak_rss_kib":326620,"mesh":"R62_MASTER_EVALUATED","vertices":4326,"triangles":8192}
NORTH62_STAGE {"stage":"capture.mesh.complete","pid":5,"elapsed_seconds":1.228985982001177,"native_user_seconds":1.348917,"native_system_seconds":0.204251,"native_peak_rss_kib":326620,"mesh":"R62_MASTER_EVALUATED"}
NORTH62_STAGE {"stage":"capture.mesh.begin","pid":5,"elapsed_seconds":1.2294015759980539,"native_user_seconds":1.349285,"native_system_seconds":0.204307,"native_peak_rss_kib":326620,"mesh":"R62_Ground_-4_-7","vertices":6144,"triangles":2048}
NORTH62_STAGE {"stage":"capture.mesh.complete","pid":5,"elapsed_seconds":1.2978398870036472,"native_user_seconds":1.410172,"native_system_seconds":0.212729,"native_peak_rss_kib":328476,"mesh":"R62_Ground_-4_-7"}
NORTH62_STAGE {"stage":"capture.mesh.begin","pid":5,"elapsed_seconds":1.2984070940001402,"native_user_seconds":1.410743,"native_system_seconds":0.212729,"native_peak_rss_kib":328476,"mesh":"R62_Ground_-3_-7","vertices":6144,"triangles":2048}
NORTH62_STAGE {"stage":"capture.mesh.complete","pid":5,"elapsed_seconds":1.3174628559936536,"native_user_seconds":1.428773,"native_system_seconds":0.212729,"native_peak_rss_kib":343152,"mesh":"R62_Ground_-3_-7"}
NORTH62_STAGE {"stage":"capture.mesh.begin","pid":5,"elapsed_seconds":1.3178676840034313,"native_user_seconds":1.429186,"native_system_seconds":0.212729,"native_peak_rss_kib":343152,"mesh":"R62_Ground_-4_-6","vertices":6058,"triangles":2048}
NORTH62_STAGE {"stage":"capture.mesh.complete","pid":5,"elapsed_seconds":1.390421461997903,"native_user_seconds":1.499549,"native_system_seconds":0.215973,"native_peak_rss_kib":358592,"mesh":"R62_Ground_-4_-6"}
NORTH62_STAGE {"stage":"capture.mesh.begin","pid":5,"elapsed_seconds":1.3908505760045955,"native_user_seconds":1.499931,"native_system_seconds":0.216028,"native_peak_rss_kib":358592,"mesh":"R62_Ground_-3_-6","vertices":6009,"triangles":2048}
NORTH62_STAGE {"stage":"capture.mesh.complete","pid":5,"elapsed_seconds":1.407765035997727,"native_user_seconds":1.513533,"native_system_seconds":0.22042399999999998,"native_peak_rss_kib":372796,"mesh":"R62_Ground_-3_-6"}
NORTH62_STAGE {"stage":"capture.complete","pid":5,"elapsed_seconds":1.4200019910058472,"native_user_seconds":1.525735,"native_system_seconds":0.22042399999999998,"native_peak_rss_kib":383420}
NORTH62_STAGE {"stage":"raw.persisted","pid":5,"elapsed_seconds":1.7984629580023466,"native_user_seconds":1.880102,"native_system_seconds":0.24384399999999998,"native_peak_rss_kib":409884,"sha256":"c941a75a43a5c4f88d4083c403cb9f3219752c49056405bed66840803b0f629b","bytes":14837932}
NORTH62_STAGE {"stage":"validation.begin","pid":5,"elapsed_seconds":1.8085949550004443,"native_user_seconds":1.889981,"native_system_seconds":0.244057,"native_peak_rss_kib":409884}
NORTH62_STAGE {"stage":"validation.complete","pid":5,"elapsed_seconds":2.7113154849939747,"native_user_seconds":2.742884,"native_system_seconds":0.292031,"native_peak_rss_kib":429656}
NORTH62_STAGE {"stage":"save.begin","pid":5,"elapsed_seconds":2.7117931109969504,"native_user_seconds":2.743323,"native_system_seconds":0.292077,"native_peak_rss_kib":429656}
Info: Saved as "north-ridge62.blend"
NORTH62_STAGE {"stage":"save.complete","pid":5,"elapsed_seconds":2.721151206002105,"native_user_seconds":2.7485720000000002,"native_system_seconds":0.296162,"native_peak_rss_kib":429656,"source_sha256":"dd1d3c12b8c3f98fdcd42a21057d519f1cac48eeab468cbc7721d1c1673ab502"}
NORTH62_STAGE {"stage":"native_terminal","pid":5,"elapsed_seconds":2.7284447730053216,"native_user_seconds":2.755838,"native_system_seconds":0.296162,"native_peak_rss_kib":429656,"passed":true,"state":"completed"}
Blender 4.5.14 LTS (hash 62c1db4208e8 built 2026-09-15 01:31:19)

Blender quit
