Traceback (most recent call last):
  File "/workspace/scratch/a29d03198654/Aether/source-assets/cloud-bank58/revision-b/recovery-03/fill_cavity58b.py", line 71, in <module>
    (P/'explicit-cavity-fill58b.json').write_text(json.dumps(repair,indent=2)+'\n')
                                                  ^^^^^^^^^^^^^^^^^^^^^^^^^^^
  File "/workspace/scratch/a29d03198654/tools-feiting/blender-4.5.14-linux-x64/4.5/python/lib/python3.11/json/__init__.py", line 238, in dumps
    **kw).encode(obj)
          ^^^^^^^^^^^
  File "/workspace/scratch/a29d03198654/tools-feiting/blender-4.5.14-linux-x64/4.5/python/lib/python3.11/json/encoder.py", line 202, in encode
    chunks = list(chunks)
             ^^^^^^^^^^^^
  File "/workspace/scratch/a29d03198654/tools-feiting/blender-4.5.14-linux-x64/4.5/python/lib/python3.11/json/encoder.py", line 432, in _iterencode
    yield from _iterencode_dict(o, _current_indent_level)
  File "/workspace/scratch/a29d03198654/tools-feiting/blender-4.5.14-linux-x64/4.5/python/lib/python3.11/json/encoder.py", line 406, in _iterencode_dict
    yield from chunks
  File "/workspace/scratch/a29d03198654/tools-feiting/blender-4.5.14-linux-x64/4.5/python/lib/python3.11/json/encoder.py", line 406, in _iterencode_dict
    yield from chunks
  File "/workspace/scratch/a29d03198654/tools-feiting/blender-4.5.14-linux-x64/4.5/python/lib/python3.11/json/encoder.py", line 439, in _iterencode
    o = _default(o)
        ^^^^^^^^^^^
  File "/workspace/scratch/a29d03198654/tools-feiting/blender-4.5.14-linux-x64/4.5/python/lib/python3.11/json/encoder.py", line 180, in default
    raise TypeError(f'Object of type {o.__class__.__name__} '
TypeError: Object of type bool_ is not JSON serializable

Error: script failed, file: '/workspace/scratch/a29d03198654/Aether/source-assets/cloud-bank58/revision-b/recovery-03/fill_cavity58b.py', exiting.
