[
  {
    "path": "candidates/round40-exclusive-20260930/source-assets/hub-upper43/upper_cloud43.blend",
    "sha256": "c8bd37d643d226d4ee25010749f2c8873aec6c8a6fb29751d2d04346ec64a4a4",
    "blender": "4.5.14 LTS",
    "mesh_objects": 33,
    "materials": 1,
    "collections": 3,
    "vertices": 5346,
    "unchanged": true
  },
  {
    "path": "blender/cliff_kit/cliff_eastern_plateau.blend",
    "sha256": "abb66e414168cbd24e2495b64c27714759c844ff75582b0f71d5384d8f760dd7",
    "blender": "4.5.14 LTS",
    "mesh_objects": 1,
    "materials": 1,
    "collections": 1,
    "vertices": 580,
    "unchanged": true
  }
]
Blender 4.5.14 LTS (hash 62c1db4208e8 built 2026-09-15 01:31:19)
Read blend: "/workspace/scratch/a29d03198654/Aether/candidates/round40-exclusive-20260930/source-assets/hub-upper43/upper_cloud43.blend"
Read blend: "/workspace/scratch/a29d03198654/Aether/blender/cliff_kit/cliff_eastern_plateau.blend"

Blender quit
