Godot Engine v4.5.1.stable.official.f62fdbde1 - https://godotengine.org
OpenGL API 3.3.0 NVIDIA 582.66 - Compatibility - Using Device: NVIDIA - NVIDIA GeForce GTX 970

WORLD READY: 208 independent terrain scenes, 54797 saved scatter instances, 169 scene landmarks, 6 scene ports
rig_fill injected into 6 shaders
haze rate injected into 4 shaders
glint injected into 1 shaders
rendered 1343 (0.0, 145.0, 250.0) -> (0.0, 83.837, -750.0)
rendered 1131 (-3700.0, 620.0, -1700.0) -> (-1900.0, 150.0, -3700.0)
rendered 1347 (-3400.0, 680.0, -1100.0) -> (-1700.0, 150.0, -3500.0)
rendered 1218 (-900.0, 480.0, 1900.0) -> (-2400.0, 0.0, 800.0)
rendered 1344 (-1400.0, 240.0, -2600.0) -> (-2600.0, 120.0, -3600.0)
rendered 1217 (1450.0, 95.0, 960.0) -> (300.0, 0.0, 500.0)
rendered 1220 (650.0, 120.0, 700.0) -> (-800.0, 0.0, 250.0)
rendered 1135 (145.0, 44.0, 505.0) -> (118.0, 40.0, 478.0)
rendered 1126 (-2200.0, 70.0, -1450.0) -> (-2400.0, 30.0, -1700.0)
rendered 1332 (-2100.0, 240.0, -1400.0) -> (-2600.0, 20.0, -2100.0)
rendered 1342 (-2278.0, 60.0, -1632.0) -> (-2848.0, 55.0, -2453.0)
rendered 1128 (1150.0, 10.0, -1000.0) -> (1150.0, 160.0, -2600.0)
rendered 1129 (1300.0, 7.0, -950.0) -> (1000.0, 120.0, -2400.0)
rendered 1276 (1120.0, 330.0, -1850.0) -> (1140.0, 260.0, -2950.0)
rendered 1275 (1135.0, 305.0, -2735.0) -> (1075.0, 292.0, -2805.0)
rendered 1274 (3200.8, 931.55, 3001.9) -> (3197.8, 931.2, 2998.6)
rendered 1278 (3351.3, 961.75, 3697.7) -> (3348.2, 961.1, 3701.4)
rendered 1216 (3000.0, 1150.0, 4300.0) -> (4700.0, 760.0, 2700.0)
ERROR: Texture with GL ID of 21: leaked 349524 bytes.
   at: ~Utilities (drivers/gles3/storage/utilities.cpp:77)
ERROR: Texture with GL ID of 22: leaked 349524 bytes.
   at: ~Utilities (drivers/gles3/storage/utilities.cpp:77)
