Blender 4.5.14 LTS (hash 62c1db4208e8 built 2026-09-15 01:31:19)
Read blend: "/workspace/scratch/a29d03198654/Aether/source-assets/cloud-sea52f/variants/cloud_sea52f_variants.blend"
Fra:1 Mem:25.22M (Peak 25.22M) | Time:00:00.00 | Mem:0.00M, Peak:0.00M | Scene, ViewLayer | Synchronizing object | CloudSea52e_v2_main_ridge
Fra:1 Mem:25.22M (Peak 25.22M) | Time:00:00.00 | Mem:0.00M, Peak:0.00M | Scene, ViewLayer | Synchronizing object | Sun
Fra:1 Mem:25.25M (Peak 25.25M) | Time:00:00.00 | Mem:0.00M, Peak:0.00M | Scene, ViewLayer | Synchronizing object | CloudSea52f_v2_low_drift
Fra:1 Mem:25.79M (Peak 25.79M) | Time:00:00.00 | Mem:0.00M, Peak:0.00M | Scene, ViewLayer | Synchronizing object | CloudSea52f_v2_low_saddle
Fra:1 Mem:26.44M (Peak 26.44M) | Time:00:00.00 | Mem:0.00M, Peak:0.00M | Scene, ViewLayer | Initializing
Fra:1 Mem:26.09M (Peak 26.44M) | Time:00:00.00 | Mem:0.00M, Peak:0.00M | Scene, ViewLayer | Waiting for render to start
Fra:1 Mem:26.09M (Peak 26.44M) | Time:00:00.00 | Mem:0.00M, Peak:0.00M | Scene, ViewLayer | Updating Scene
Fra:1 Mem:26.09M (Peak 26.44M) | Time:00:00.00 | Mem:0.00M, Peak:0.00M | Scene, ViewLayer | Updating Shaders
Fra:1 Mem:26.09M (Peak 26.44M) | Time:00:00.00 | Mem:0.00M, Peak:0.00M | Scene, ViewLayer | Loading render kernels (may take a few minutes the first time)
Fra:1 Mem:26.17M (Peak 26.44M) | Time:00:00.00 | Mem:0.00M, Peak:0.00M | Scene, ViewLayer | Updating Procedurals
Fra:1 Mem:26.17M (Peak 26.44M) | Time:00:00.00 | Mem:0.00M, Peak:0.00M | Scene, ViewLayer | Updating Background
Fra:1 Mem:26.17M (Peak 26.44M) | Time:00:00.00 | Mem:0.00M, Peak:0.00M | Scene, ViewLayer | Updating Camera
Fra:1 Mem:26.17M (Peak 26.44M) | Time:00:00.00 | Mem:0.00M, Peak:0.00M | Scene, ViewLayer | Updating Meshes Flags
Fra:1 Mem:26.17M (Peak 26.44M) | Time:00:00.00 | Mem:0.00M, Peak:0.00M | Scene, ViewLayer | Updating Objects
Fra:1 Mem:26.17M (Peak 26.44M) | Time:00:00.00 | Mem:0.00M, Peak:0.00M | Scene, ViewLayer | Updating Objects | Copying Transformations to device
Fra:1 Mem:26.17M (Peak 26.44M) | Time:00:00.00 | Mem:0.00M, Peak:0.00M | Scene, ViewLayer | Updating Particle Systems
Fra:1 Mem:26.17M (Peak 26.44M) | Time:00:00.00 | Mem:0.00M, Peak:0.00M | Scene, ViewLayer | Updating Particle Systems | Copying Particles to device
Fra:1 Mem:26.17M (Peak 26.44M) | Time:00:00.00 | Mem:0.00M, Peak:0.00M | Scene, ViewLayer | Updating Meshes
Fra:1 Mem:26.17M (Peak 26.44M) | Time:00:00.00 | Mem:0.00M, Peak:0.00M | Scene, ViewLayer | Updating Objects | Applying Static Transformations
Fra:1 Mem:26.17M (Peak 26.44M) | Time:00:00.00 | Mem:0.00M, Peak:0.00M | Scene, ViewLayer | Updating Mesh | Computing attributes
Fra:1 Mem:26.65M (Peak 26.65M) | Time:00:00.00 | Mem:0.00M, Peak:0.00M | Scene, ViewLayer | Updating Mesh | Copying Attributes to device
Fra:1 Mem:26.65M (Peak 26.65M) | Time:00:00.00 | Mem:0.48M, Peak:0.48M | Scene, ViewLayer | Updating Scene BVH | Building
Fra:1 Mem:26.65M (Peak 26.65M) | Time:00:00.00 | Mem:0.48M, Peak:0.48M | Scene, ViewLayer | Updating Scene BVH | Building BVH
Fra:1 Mem:26.65M (Peak 26.65M) | Time:00:00.00 | Mem:0.77M, Peak:0.77M | Scene, ViewLayer | Updating Scene BVH | Building BVH 0%
Fra:1 Mem:26.65M (Peak 26.65M) | Time:00:00.00 | Mem:1.11M, Peak:1.39M | Scene, ViewLayer | Updating Scene BVH | Copying BVH to device
Fra:1 Mem:26.65M (Peak 26.65M) | Time:00:00.00 | Mem:1.11M, Peak:1.39M | Scene, ViewLayer | Updating Mesh | Computing normals
Fra:1 Mem:26.90M (Peak 26.90M) | Time:00:00.00 | Mem:1.11M, Peak:1.39M | Scene, ViewLayer | Updating Mesh | Copying Mesh to device
Fra:1 Mem:26.90M (Peak 26.90M) | Time:00:00.00 | Mem:1.36M, Peak:1.39M | Scene, ViewLayer | Updating Objects Flags
Fra:1 Mem:26.90M (Peak 26.90M) | Time:00:00.00 | Mem:1.36M, Peak:1.39M | Scene, ViewLayer | Updating Primitive Offsets
Fra:1 Mem:26.90M (Peak 26.90M) | Time:00:00.00 | Mem:1.36M, Peak:1.39M | Scene, ViewLayer | Updating Images
Fra:1 Mem:26.90M (Peak 26.90M) | Time:00:00.00 | Mem:1.36M, Peak:1.39M | Scene, ViewLayer | Updating Camera Volume
Fra:1 Mem:26.90M (Peak 26.90M) | Time:00:00.00 | Mem:1.36M, Peak:1.39M | Scene, ViewLayer | Updating Lookup Tables
Fra:1 Mem:26.90M (Peak 26.90M) | Time:00:00.00 | Mem:1.44M, Peak:1.44M | Scene, ViewLayer | Updating Lights
Fra:1 Mem:26.90M (Peak 26.90M) | Time:00:00.00 | Mem:1.44M, Peak:1.44M | Scene, ViewLayer | Updating Lights | Computing tree
Fra:1 Mem:26.90M (Peak 26.90M) | Time:00:00.00 | Mem:1.44M, Peak:1.44M | Scene, ViewLayer | Updating Integrator
Fra:1 Mem:26.90M (Peak 26.90M) | Time:00:00.00 | Mem:1.44M, Peak:1.44M | Scene, ViewLayer | Updating Film
Fra:1 Mem:26.91M (Peak 26.91M) | Time:00:00.00 | Mem:1.36M, Peak:1.44M | Scene, ViewLayer | Updating Lookup Tables
Fra:1 Mem:26.91M (Peak 26.91M) | Time:00:00.00 | Mem:1.44M, Peak:1.44M | Scene, ViewLayer | Updating Baking
Fra:1 Mem:26.91M (Peak 26.91M) | Time:00:00.00 | Mem:1.44M, Peak:1.44M | Scene, ViewLayer | Updating Device | Writing constant memory
Fra:1 Mem:26.91M (Peak 26.91M) | Time:00:00.00 | Mem:1.44M, Peak:1.44M | Scene, ViewLayer | Loading denoising kernels (may take a few minutes the first time)
Fra:1 Mem:26.91M (Peak 26.91M) | Time:00:00.00 | Mem:1.44M, Peak:1.44M | Scene, ViewLayer | Sample 0/20
Fra:1 Mem:68.70M (Peak 68.70M) | Time:00:00.08 | Remaining:00:01.44 | Mem:43.19M, Peak:43.19M | Scene, ViewLayer | Sample 1/20
Fra:1 Mem:86.28M (Peak 112.65M) | Time:00:05.12 | Mem:43.19M, Peak:43.19M | Scene, ViewLayer | Sample 20/20
Fra:1 Mem:86.28M (Peak 112.65M) | Time:00:05.12 | Mem:43.19M, Peak:43.19M | Scene, ViewLayer | Finished
Saved: '/workspace/scratch/a29d03198654/Aether/cloud-evidence/cloudsea52f-variants-source-v2-20261001T063428Z-7yugwvhw/images/sea52f-variant-2-front-combined.png'
Time: 00:05.24 (Saving: 00:00.12)

Fra:1 Mem:25.65M (Peak 25.65M) | Time:00:00.00 | Mem:0.00M, Peak:0.00M | Scene, ViewLayer | Synchronizing object | CloudSea52e_v2_main_ridge
Fra:1 Mem:25.65M (Peak 25.65M) | Time:00:00.00 | Mem:0.00M, Peak:0.00M | Scene, ViewLayer | Synchronizing object | Sun
Fra:1 Mem:25.65M (Peak 25.65M) | Time:00:00.00 | Mem:0.00M, Peak:0.00M | Scene, ViewLayer | Synchronizing object | CloudSea52f_v2_low_drift
Fra:1 Mem:25.99M (Peak 25.99M) | Time:00:00.00 | Mem:0.00M, Peak:0.00M | Scene, ViewLayer | Synchronizing object | CloudSea52f_v2_low_saddle
Fra:1 Mem:26.44M (Peak 26.44M) | Time:00:00.00 | Mem:0.00M, Peak:0.00M | Scene, ViewLayer | Initializing
Fra:1 Mem:26.09M (Peak 26.44M) | Time:00:00.00 | Mem:0.00M, Peak:0.00M | Scene, ViewLayer | Waiting for render to start
Fra:1 Mem:26.09M (Peak 26.44M) | Time:00:00.00 | Mem:0.00M, Peak:0.00M | Scene, ViewLayer | Updating Scene
Fra:1 Mem:26.09M (Peak 26.44M) | Time:00:00.00 | Mem:0.00M, Peak:0.00M | Scene, ViewLayer | Updating Shaders
Fra:1 Mem:26.09M (Peak 26.44M) | Time:00:00.00 | Mem:0.00M, Peak:0.00M | Scene, ViewLayer | Loading render kernels (may take a few minutes the first time)
Fra:1 Mem:26.17M (Peak 26.44M) | Time:00:00.00 | Mem:0.00M, Peak:0.00M | Scene, ViewLayer | Updating Procedurals
Fra:1 Mem:26.17M (Peak 26.44M) | Time:00:00.00 | Mem:0.00M, Peak:0.00M | Scene, ViewLayer | Updating Background
Fra:1 Mem:26.17M (Peak 26.44M) | Time:00:00.00 | Mem:0.00M, Peak:0.00M | Scene, ViewLayer | Updating Camera
Fra:1 Mem:26.17M (Peak 26.44M) | Time:00:00.00 | Mem:0.00M, Peak:0.00M | Scene, ViewLayer | Updating Meshes Flags
Fra:1 Mem:26.17M (Peak 26.44M) | Time:00:00.00 | Mem:0.00M, Peak:0.00M | Scene, ViewLayer | Updating Objects
Fra:1 Mem:26.17M (Peak 26.44M) | Time:00:00.00 | Mem:0.00M, Peak:0.00M | Scene, ViewLayer | Updating Objects | Copying Transformations to device
Fra:1 Mem:26.17M (Peak 26.44M) | Time:00:00.00 | Mem:0.00M, Peak:0.00M | Scene, ViewLayer | Updating Particle Systems
Fra:1 Mem:26.17M (Peak 26.44M) | Time:00:00.00 | Mem:0.00M, Peak:0.00M | Scene, ViewLayer | Updating Particle Systems | Copying Particles to device
Fra:1 Mem:26.17M (Peak 26.44M) | Time:00:00.00 | Mem:0.00M, Peak:0.00M | Scene, ViewLayer | Updating Meshes
Fra:1 Mem:26.17M (Peak 26.44M) | Time:00:00.00 | Mem:0.00M, Peak:0.00M | Scene, ViewLayer | Updating Objects | Applying Static Transformations
Fra:1 Mem:26.17M (Peak 26.44M) | Time:00:00.00 | Mem:0.00M, Peak:0.00M | Scene, ViewLayer | Updating Mesh | Computing attributes
Fra:1 Mem:26.65M (Peak 26.65M) | Time:00:00.00 | Mem:0.00M, Peak:0.00M | Scene, ViewLayer | Updating Mesh | Copying Attributes to device
Fra:1 Mem:26.65M (Peak 26.65M) | Time:00:00.00 | Mem:0.48M, Peak:0.48M | Scene, ViewLayer | Updating Scene BVH | Building
Fra:1 Mem:26.65M (Peak 26.65M) | Time:00:00.00 | Mem:0.48M, Peak:0.48M | Scene, ViewLayer | Updating Scene BVH | Building BVH
Fra:1 Mem:26.65M (Peak 26.65M) | Time:00:00.00 | Mem:0.77M, Peak:0.77M | Scene, ViewLayer | Updating Scene BVH | Building BVH 0%
Fra:1 Mem:26.65M (Peak 26.65M) | Time:00:00.00 | Mem:1.11M, Peak:1.39M | Scene, ViewLayer | Updating Scene BVH | Copying BVH to device
Fra:1 Mem:26.65M (Peak 26.65M) | Time:00:00.00 | Mem:1.11M, Peak:1.39M | Scene, ViewLayer | Updating Mesh | Computing normals
Fra:1 Mem:26.90M (Peak 26.90M) | Time:00:00.00 | Mem:1.11M, Peak:1.39M | Scene, ViewLayer | Updating Mesh | Copying Mesh to device
Fra:1 Mem:26.90M (Peak 26.90M) | Time:00:00.00 | Mem:1.36M, Peak:1.39M | Scene, ViewLayer | Updating Objects Flags
Fra:1 Mem:26.90M (Peak 26.90M) | Time:00:00.00 | Mem:1.36M, Peak:1.39M | Scene, ViewLayer | Updating Primitive Offsets
Fra:1 Mem:26.90M (Peak 26.90M) | Time:00:00.00 | Mem:1.36M, Peak:1.39M | Scene, ViewLayer | Updating Images
Fra:1 Mem:26.90M (Peak 26.90M) | Time:00:00.00 | Mem:1.36M, Peak:1.39M | Scene, ViewLayer | Updating Camera Volume
Fra:1 Mem:26.90M (Peak 26.90M) | Time:00:00.00 | Mem:1.36M, Peak:1.39M | Scene, ViewLayer | Updating Lookup Tables
Fra:1 Mem:26.90M (Peak 26.90M) | Time:00:00.00 | Mem:1.44M, Peak:1.44M | Scene, ViewLayer | Updating Lights
Fra:1 Mem:26.90M (Peak 26.90M) | Time:00:00.00 | Mem:1.44M, Peak:1.44M | Scene, ViewLayer | Updating Lights | Computing tree
Fra:1 Mem:26.90M (Peak 26.90M) | Time:00:00.00 | Mem:1.44M, Peak:1.44M | Scene, ViewLayer | Updating Integrator
Fra:1 Mem:26.90M (Peak 26.90M) | Time:00:00.00 | Mem:1.44M, Peak:1.44M | Scene, ViewLayer | Updating Film
Fra:1 Mem:26.91M (Peak 26.91M) | Time:00:00.00 | Mem:1.36M, Peak:1.44M | Scene, ViewLayer | Updating Lookup Tables
Fra:1 Mem:26.91M (Peak 26.91M) | Time:00:00.00 | Mem:1.44M, Peak:1.44M | Scene, ViewLayer | Updating Baking
Fra:1 Mem:26.91M (Peak 26.91M) | Time:00:00.00 | Mem:1.44M, Peak:1.44M | Scene, ViewLayer | Updating Device | Writing constant memory
Fra:1 Mem:26.91M (Peak 26.91M) | Time:00:00.00 | Mem:1.44M, Peak:1.44M | Scene, ViewLayer | Loading denoising kernels (may take a few minutes the first time)
Fra:1 Mem:26.91M (Peak 26.91M) | Time:00:00.00 | Mem:1.44M, Peak:1.44M | Scene, ViewLayer | Sample 0/20
Fra:1 Mem:68.70M (Peak 68.70M) | Time:00:00.10 | Remaining:00:01.91 | Mem:43.19M, Peak:43.19M | Scene, ViewLayer | Sample 1/20
Fra:1 Mem:86.28M (Peak 112.65M) | Time:00:04.96 | Mem:43.19M, Peak:43.19M | Scene, ViewLayer | Sample 20/20
Fra:1 Mem:86.28M (Peak 112.65M) | Time:00:04.96 | Mem:43.19M, Peak:43.19M | Scene, ViewLayer | Finished
Saved: '/workspace/scratch/a29d03198654/Aether/cloud-evidence/cloudsea52f-variants-source-v2-20261001T063428Z-7yugwvhw/images/sea52f-variant-2-back-combined.png'
Time: 00:05.02 (Saving: 00:00.05)

Fra:1 Mem:25.65M (Peak 25.65M) | Time:00:00.00 | Mem:0.00M, Peak:0.00M | Scene, ViewLayer | Synchronizing object | CloudSea52e_v2_main_ridge
Fra:1 Mem:25.65M (Peak 25.65M) | Time:00:00.00 | Mem:0.00M, Peak:0.00M | Scene, ViewLayer | Synchronizing object | Sun
Fra:1 Mem:25.89M (Peak 25.89M) | Time:00:00.00 | Mem:0.00M, Peak:0.00M | Scene, ViewLayer | Synchronizing object | CloudSea52f_v2_low_drift
Fra:1 Mem:25.86M (Peak 25.89M) | Time:00:00.00 | Mem:0.00M, Peak:0.00M | Scene, ViewLayer | Synchronizing object | CloudSea52f_v2_low_saddle
Fra:1 Mem:26.44M (Peak 26.44M) | Time:00:00.00 | Mem:0.00M, Peak:0.00M | Scene, ViewLayer | Initializing
Fra:1 Mem:26.09M (Peak 26.44M) | Time:00:00.00 | Mem:0.00M, Peak:0.00M | Scene, ViewLayer | Waiting for render to start
Fra:1 Mem:26.09M (Peak 26.44M) | Time:00:00.00 | Mem:0.00M, Peak:0.00M | Scene, ViewLayer | Updating Scene
Fra:1 Mem:26.09M (Peak 26.44M) | Time:00:00.00 | Mem:0.00M, Peak:0.00M | Scene, ViewLayer | Updating Shaders
Fra:1 Mem:26.09M (Peak 26.44M) | Time:00:00.00 | Mem:0.00M, Peak:0.00M | Scene, ViewLayer | Loading render kernels (may take a few minutes the first time)
Fra:1 Mem:26.17M (Peak 26.44M) | Time:00:00.00 | Mem:0.00M, Peak:0.00M | Scene, ViewLayer | Updating Procedurals
Fra:1 Mem:26.17M (Peak 26.44M) | Time:00:00.00 | Mem:0.00M, Peak:0.00M | Scene, ViewLayer | Updating Background
Fra:1 Mem:26.17M (Peak 26.44M) | Time:00:00.00 | Mem:0.00M, Peak:0.00M | Scene, ViewLayer | Updating Camera
Fra:1 Mem:26.17M (Peak 26.44M) | Time:00:00.00 | Mem:0.00M, Peak:0.00M | Scene, ViewLayer | Updating Meshes Flags
Fra:1 Mem:26.17M (Peak 26.44M) | Time:00:00.00 | Mem:0.00M, Peak:0.00M | Scene, ViewLayer | Updating Objects
Fra:1 Mem:26.17M (Peak 26.44M) | Time:00:00.00 | Mem:0.00M, Peak:0.00M | Scene, ViewLayer | Updating Objects | Copying Transformations to device
Fra:1 Mem:26.17M (Peak 26.44M) | Time:00:00.00 | Mem:0.00M, Peak:0.00M | Scene, ViewLayer | Updating Particle Systems
Fra:1 Mem:26.17M (Peak 26.44M) | Time:00:00.00 | Mem:0.00M, Peak:0.00M | Scene, ViewLayer | Updating Particle Systems | Copying Particles to device
Fra:1 Mem:26.17M (Peak 26.44M) | Time:00:00.00 | Mem:0.00M, Peak:0.00M | Scene, ViewLayer | Updating Meshes
Fra:1 Mem:26.17M (Peak 26.44M) | Time:00:00.00 | Mem:0.00M, Peak:0.00M | Scene, ViewLayer | Updating Objects | Applying Static Transformations
Fra:1 Mem:26.17M (Peak 26.44M) | Time:00:00.00 | Mem:0.00M, Peak:0.00M | Scene, ViewLayer | Updating Mesh | Computing attributes
Fra:1 Mem:26.65M (Peak 26.65M) | Time:00:00.00 | Mem:0.00M, Peak:0.00M | Scene, ViewLayer | Updating Mesh | Copying Attributes to device
Fra:1 Mem:26.65M (Peak 26.65M) | Time:00:00.00 | Mem:0.48M, Peak:0.48M | Scene, ViewLayer | Updating Scene BVH | Building
Fra:1 Mem:26.65M (Peak 26.65M) | Time:00:00.00 | Mem:0.48M, Peak:0.48M | Scene, ViewLayer | Updating Scene BVH | Building BVH
Fra:1 Mem:26.65M (Peak 26.65M) | Time:00:00.00 | Mem:0.77M, Peak:0.77M | Scene, ViewLayer | Updating Scene BVH | Building BVH 0%
Fra:1 Mem:26.65M (Peak 26.65M) | Time:00:00.00 | Mem:1.11M, Peak:1.39M | Scene, ViewLayer | Updating Scene BVH | Copying BVH to device
Fra:1 Mem:26.65M (Peak 26.65M) | Time:00:00.00 | Mem:1.11M, Peak:1.39M | Scene, ViewLayer | Updating Mesh | Computing normals
Fra:1 Mem:26.90M (Peak 26.90M) | Time:00:00.00 | Mem:1.11M, Peak:1.39M | Scene, ViewLayer | Updating Mesh | Copying Mesh to device
Fra:1 Mem:26.90M (Peak 26.90M) | Time:00:00.00 | Mem:1.36M, Peak:1.39M | Scene, ViewLayer | Updating Objects Flags
Fra:1 Mem:26.90M (Peak 26.90M) | Time:00:00.00 | Mem:1.36M, Peak:1.39M | Scene, ViewLayer | Updating Primitive Offsets
Fra:1 Mem:26.90M (Peak 26.90M) | Time:00:00.00 | Mem:1.36M, Peak:1.39M | Scene, ViewLayer | Updating Images
Fra:1 Mem:26.90M (Peak 26.90M) | Time:00:00.00 | Mem:1.36M, Peak:1.39M | Scene, ViewLayer | Updating Camera Volume
Fra:1 Mem:26.90M (Peak 26.90M) | Time:00:00.00 | Mem:1.36M, Peak:1.39M | Scene, ViewLayer | Updating Lookup Tables
Fra:1 Mem:26.90M (Peak 26.90M) | Time:00:00.00 | Mem:1.44M, Peak:1.44M | Scene, ViewLayer | Updating Lights
Fra:1 Mem:26.90M (Peak 26.90M) | Time:00:00.00 | Mem:1.44M, Peak:1.44M | Scene, ViewLayer | Updating Lights | Computing tree
Fra:1 Mem:26.90M (Peak 26.90M) | Time:00:00.00 | Mem:1.44M, Peak:1.44M | Scene, ViewLayer | Updating Integrator
Fra:1 Mem:26.90M (Peak 26.90M) | Time:00:00.00 | Mem:1.44M, Peak:1.44M | Scene, ViewLayer | Updating Film
Fra:1 Mem:26.91M (Peak 26.91M) | Time:00:00.00 | Mem:1.36M, Peak:1.44M | Scene, ViewLayer | Updating Lookup Tables
Fra:1 Mem:26.91M (Peak 26.91M) | Time:00:00.00 | Mem:1.44M, Peak:1.44M | Scene, ViewLayer | Updating Baking
Fra:1 Mem:26.91M (Peak 26.91M) | Time:00:00.00 | Mem:1.44M, Peak:1.44M | Scene, ViewLayer | Updating Device | Writing constant memory
Fra:1 Mem:26.91M (Peak 26.91M) | Time:00:00.00 | Mem:1.44M, Peak:1.44M | Scene, ViewLayer | Loading denoising kernels (may take a few minutes the first time)
Fra:1 Mem:26.91M (Peak 26.91M) | Time:00:00.00 | Mem:1.44M, Peak:1.44M | Scene, ViewLayer | Sample 0/20
Fra:1 Mem:68.70M (Peak 68.70M) | Time:00:00.08 | Remaining:00:01.57 | Mem:43.19M, Peak:43.19M | Scene, ViewLayer | Sample 1/20
Fra:1 Mem:86.28M (Peak 112.65M) | Time:00:04.94 | Mem:43.19M, Peak:43.19M | Scene, ViewLayer | Sample 20/20
Fra:1 Mem:86.28M (Peak 112.65M) | Time:00:04.94 | Mem:43.19M, Peak:43.19M | Scene, ViewLayer | Finished
Saved: '/workspace/scratch/a29d03198654/Aether/cloud-evidence/cloudsea52f-variants-source-v2-20261001T063428Z-7yugwvhw/images/sea52f-variant-2-side-combined.png'
Time: 00:05.00 (Saving: 00:00.05)

Fra:1 Mem:25.65M (Peak 25.65M) | Time:00:00.00 | Mem:0.00M, Peak:0.00M | Scene, ViewLayer | Synchronizing object | CloudSea52e_v2_main_ridge
Fra:1 Mem:25.65M (Peak 25.65M) | Time:00:00.00 | Mem:0.00M, Peak:0.00M | Scene, ViewLayer | Synchronizing object | Sun
Fra:1 Mem:25.83M (Peak 25.83M) | Time:00:00.00 | Mem:0.00M, Peak:0.00M | Scene, ViewLayer | Synchronizing object | CloudSea52f_v2_low_drift
Fra:1 Mem:25.94M (Peak 25.94M) | Time:00:00.00 | Mem:0.00M, Peak:0.00M | Scene, ViewLayer | Synchronizing object | CloudSea52f_v2_low_saddle
Fra:1 Mem:26.44M (Peak 26.44M) | Time:00:00.00 | Mem:0.00M, Peak:0.00M | Scene, ViewLayer | Initializing
Fra:1 Mem:26.09M (Peak 26.44M) | Time:00:00.00 | Mem:0.00M, Peak:0.00M | Scene, ViewLayer | Waiting for render to start
Fra:1 Mem:26.09M (Peak 26.44M) | Time:00:00.00 | Mem:0.00M, Peak:0.00M | Scene, ViewLayer | Updating Scene
Fra:1 Mem:26.09M (Peak 26.44M) | Time:00:00.00 | Mem:0.00M, Peak:0.00M | Scene, ViewLayer | Updating Shaders
Fra:1 Mem:26.09M (Peak 26.44M) | Time:00:00.00 | Mem:0.00M, Peak:0.00M | Scene, ViewLayer | Loading render kernels (may take a few minutes the first time)
Fra:1 Mem:26.17M (Peak 26.44M) | Time:00:00.00 | Mem:0.00M, Peak:0.00M | Scene, ViewLayer | Updating Procedurals
Fra:1 Mem:26.17M (Peak 26.44M) | Time:00:00.00 | Mem:0.00M, Peak:0.00M | Scene, ViewLayer | Updating Background
Fra:1 Mem:26.17M (Peak 26.44M) | Time:00:00.00 | Mem:0.00M, Peak:0.00M | Scene, ViewLayer | Updating Camera
Fra:1 Mem:26.17M (Peak 26.44M) | Time:00:00.00 | Mem:0.00M, Peak:0.00M | Scene, ViewLayer | Updating Meshes Flags
Fra:1 Mem:26.17M (Peak 26.44M) | Time:00:00.00 | Mem:0.00M, Peak:0.00M | Scene, ViewLayer | Updating Objects
Fra:1 Mem:26.17M (Peak 26.44M) | Time:00:00.00 | Mem:0.00M, Peak:0.00M | Scene, ViewLayer | Updating Objects | Copying Transformations to device
Fra:1 Mem:26.17M (Peak 26.44M) | Time:00:00.00 | Mem:0.00M, Peak:0.00M | Scene, ViewLayer | Updating Particle Systems
Fra:1 Mem:26.17M (Peak 26.44M) | Time:00:00.00 | Mem:0.00M, Peak:0.00M | Scene, ViewLayer | Updating Particle Systems | Copying Particles to device
Fra:1 Mem:26.17M (Peak 26.44M) | Time:00:00.00 | Mem:0.00M, Peak:0.00M | Scene, ViewLayer | Updating Meshes
Fra:1 Mem:26.17M (Peak 26.44M) | Time:00:00.00 | Mem:0.00M, Peak:0.00M | Scene, ViewLayer | Updating Objects | Applying Static Transformations
Fra:1 Mem:26.17M (Peak 26.44M) | Time:00:00.00 | Mem:0.00M, Peak:0.00M | Scene, ViewLayer | Updating Mesh | Computing attributes
Fra:1 Mem:26.65M (Peak 26.65M) | Time:00:00.00 | Mem:0.00M, Peak:0.00M | Scene, ViewLayer | Updating Mesh | Copying Attributes to device
Fra:1 Mem:26.65M (Peak 26.65M) | Time:00:00.00 | Mem:0.48M, Peak:0.48M | Scene, ViewLayer | Updating Scene BVH | Building
Fra:1 Mem:26.65M (Peak 26.65M) | Time:00:00.00 | Mem:0.48M, Peak:0.48M | Scene, ViewLayer | Updating Scene BVH | Building BVH
Fra:1 Mem:26.65M (Peak 26.65M) | Time:00:00.00 | Mem:0.77M, Peak:0.77M | Scene, ViewLayer | Updating Scene BVH | Building BVH 0%
Fra:1 Mem:26.65M (Peak 26.65M) | Time:00:00.00 | Mem:1.11M, Peak:1.39M | Scene, ViewLayer | Updating Scene BVH | Copying BVH to device
Fra:1 Mem:26.65M (Peak 26.65M) | Time:00:00.00 | Mem:1.11M, Peak:1.39M | Scene, ViewLayer | Updating Mesh | Computing normals
Fra:1 Mem:26.90M (Peak 26.90M) | Time:00:00.00 | Mem:1.11M, Peak:1.39M | Scene, ViewLayer | Updating Mesh | Copying Mesh to device
Fra:1 Mem:26.90M (Peak 26.90M) | Time:00:00.00 | Mem:1.36M, Peak:1.39M | Scene, ViewLayer | Updating Objects Flags
Fra:1 Mem:26.90M (Peak 26.90M) | Time:00:00.00 | Mem:1.36M, Peak:1.39M | Scene, ViewLayer | Updating Primitive Offsets
Fra:1 Mem:26.90M (Peak 26.90M) | Time:00:00.00 | Mem:1.36M, Peak:1.39M | Scene, ViewLayer | Updating Images
Fra:1 Mem:26.90M (Peak 26.90M) | Time:00:00.00 | Mem:1.36M, Peak:1.39M | Scene, ViewLayer | Updating Camera Volume
Fra:1 Mem:26.90M (Peak 26.90M) | Time:00:00.00 | Mem:1.36M, Peak:1.39M | Scene, ViewLayer | Updating Lookup Tables
Fra:1 Mem:26.90M (Peak 26.90M) | Time:00:00.00 | Mem:1.44M, Peak:1.44M | Scene, ViewLayer | Updating Lights
Fra:1 Mem:26.90M (Peak 26.90M) | Time:00:00.00 | Mem:1.44M, Peak:1.44M | Scene, ViewLayer | Updating Lights | Computing tree
Fra:1 Mem:26.90M (Peak 26.90M) | Time:00:00.00 | Mem:1.44M, Peak:1.44M | Scene, ViewLayer | Updating Integrator
Fra:1 Mem:26.90M (Peak 26.90M) | Time:00:00.00 | Mem:1.44M, Peak:1.44M | Scene, ViewLayer | Updating Film
Fra:1 Mem:26.91M (Peak 26.91M) | Time:00:00.00 | Mem:1.36M, Peak:1.44M | Scene, ViewLayer | Updating Lookup Tables
Fra:1 Mem:26.91M (Peak 26.91M) | Time:00:00.00 | Mem:1.44M, Peak:1.44M | Scene, ViewLayer | Updating Baking
Fra:1 Mem:26.91M (Peak 26.91M) | Time:00:00.00 | Mem:1.44M, Peak:1.44M | Scene, ViewLayer | Updating Device | Writing constant memory
Fra:1 Mem:26.91M (Peak 26.91M) | Time:00:00.00 | Mem:1.44M, Peak:1.44M | Scene, ViewLayer | Loading denoising kernels (may take a few minutes the first time)
Fra:1 Mem:26.91M (Peak 26.91M) | Time:00:00.00 | Mem:1.44M, Peak:1.44M | Scene, ViewLayer | Sample 0/20
Fra:1 Mem:68.70M (Peak 68.70M) | Time:00:00.12 | Remaining:00:02.19 | Mem:43.19M, Peak:43.19M | Scene, ViewLayer | Sample 1/20
Fra:1 Mem:86.28M (Peak 112.65M) | Time:00:05.30 | Mem:43.19M, Peak:43.19M | Scene, ViewLayer | Sample 20/20
Fra:1 Mem:86.28M (Peak 112.65M) | Time:00:05.30 | Mem:43.19M, Peak:43.19M | Scene, ViewLayer | Finished
Saved: '/workspace/scratch/a29d03198654/Aether/cloud-evidence/cloudsea52f-variants-source-v2-20261001T063428Z-7yugwvhw/images/sea52f-variant-2-underside-combined.png'
Time: 00:05.36 (Saving: 00:00.05)

Fra:1 Mem:25.65M (Peak 25.65M) | Time:00:00.00 | Mem:0.00M, Peak:0.00M | Scene, ViewLayer | Synchronizing object | CloudSea52e_v2_main_ridge
Fra:1 Mem:25.65M (Peak 25.65M) | Time:00:00.00 | Mem:0.00M, Peak:0.00M | Scene, ViewLayer | Synchronizing object | Sun
Fra:1 Mem:25.65M (Peak 25.65M) | Time:00:00.00 | Mem:0.00M, Peak:0.00M | Scene, ViewLayer | Synchronizing object | CloudSea52f_v2_low_drift
Fra:1 Mem:26.18M (Peak 26.18M) | Time:00:00.00 | Mem:0.00M, Peak:0.00M | Scene, ViewLayer | Synchronizing object | CloudSea52f_v2_low_saddle
Fra:1 Mem:26.44M (Peak 26.44M) | Time:00:00.00 | Mem:0.00M, Peak:0.00M | Scene, ViewLayer | Initializing
Fra:1 Mem:26.09M (Peak 26.44M) | Time:00:00.00 | Mem:0.00M, Peak:0.00M | Scene, ViewLayer | Waiting for render to start
Fra:1 Mem:26.09M (Peak 26.44M) | Time:00:00.00 | Mem:0.00M, Peak:0.00M | Scene, ViewLayer | Updating Scene
Fra:1 Mem:26.09M (Peak 26.44M) | Time:00:00.00 | Mem:0.00M, Peak:0.00M | Scene, ViewLayer | Updating Shaders
Fra:1 Mem:26.09M (Peak 26.44M) | Time:00:00.00 | Mem:0.00M, Peak:0.00M | Scene, ViewLayer | Loading render kernels (may take a few minutes the first time)
Fra:1 Mem:26.17M (Peak 26.44M) | Time:00:00.00 | Mem:0.00M, Peak:0.00M | Scene, ViewLayer | Updating Procedurals
Fra:1 Mem:26.17M (Peak 26.44M) | Time:00:00.00 | Mem:0.00M, Peak:0.00M | Scene, ViewLayer | Updating Background
Fra:1 Mem:26.17M (Peak 26.44M) | Time:00:00.00 | Mem:0.00M, Peak:0.00M | Scene, ViewLayer | Updating Camera
Fra:1 Mem:26.17M (Peak 26.44M) | Time:00:00.00 | Mem:0.00M, Peak:0.00M | Scene, ViewLayer | Updating Meshes Flags
Fra:1 Mem:26.17M (Peak 26.44M) | Time:00:00.00 | Mem:0.00M, Peak:0.00M | Scene, ViewLayer | Updating Objects
Fra:1 Mem:26.17M (Peak 26.44M) | Time:00:00.00 | Mem:0.00M, Peak:0.00M | Scene, ViewLayer | Updating Objects | Copying Transformations to device
Fra:1 Mem:26.17M (Peak 26.44M) | Time:00:00.00 | Mem:0.00M, Peak:0.00M | Scene, ViewLayer | Updating Particle Systems
Fra:1 Mem:26.17M (Peak 26.44M) | Time:00:00.00 | Mem:0.00M, Peak:0.00M | Scene, ViewLayer | Updating Particle Systems | Copying Particles to device
Fra:1 Mem:26.17M (Peak 26.44M) | Time:00:00.00 | Mem:0.00M, Peak:0.00M | Scene, ViewLayer | Updating Meshes
Fra:1 Mem:26.17M (Peak 26.44M) | Time:00:00.00 | Mem:0.00M, Peak:0.00M | Scene, ViewLayer | Updating Objects | Applying Static Transformations
Fra:1 Mem:26.17M (Peak 26.44M) | Time:00:00.00 | Mem:0.00M, Peak:0.00M | Scene, ViewLayer | Updating Mesh | Computing attributes
Fra:1 Mem:26.65M (Peak 26.65M) | Time:00:00.00 | Mem:0.00M, Peak:0.00M | Scene, ViewLayer | Updating Mesh | Copying Attributes to device
Fra:1 Mem:26.65M (Peak 26.65M) | Time:00:00.00 | Mem:0.48M, Peak:0.48M | Scene, ViewLayer | Updating Scene BVH | Building
Fra:1 Mem:26.65M (Peak 26.65M) | Time:00:00.00 | Mem:0.48M, Peak:0.48M | Scene, ViewLayer | Updating Scene BVH | Building BVH
Fra:1 Mem:26.65M (Peak 26.65M) | Time:00:00.00 | Mem:0.77M, Peak:0.77M | Scene, ViewLayer | Updating Scene BVH | Building BVH 0%
Fra:1 Mem:26.65M (Peak 26.65M) | Time:00:00.00 | Mem:1.11M, Peak:1.39M | Scene, ViewLayer | Updating Scene BVH | Copying BVH to device
Fra:1 Mem:26.65M (Peak 26.65M) | Time:00:00.00 | Mem:1.11M, Peak:1.39M | Scene, ViewLayer | Updating Mesh | Computing normals
Fra:1 Mem:26.90M (Peak 26.90M) | Time:00:00.00 | Mem:1.11M, Peak:1.39M | Scene, ViewLayer | Updating Mesh | Copying Mesh to device
Fra:1 Mem:26.90M (Peak 26.90M) | Time:00:00.00 | Mem:1.36M, Peak:1.39M | Scene, ViewLayer | Updating Objects Flags
Fra:1 Mem:26.90M (Peak 26.90M) | Time:00:00.00 | Mem:1.36M, Peak:1.39M | Scene, ViewLayer | Updating Primitive Offsets
Fra:1 Mem:26.90M (Peak 26.90M) | Time:00:00.00 | Mem:1.36M, Peak:1.39M | Scene, ViewLayer | Updating Images
Fra:1 Mem:26.90M (Peak 26.90M) | Time:00:00.00 | Mem:1.36M, Peak:1.39M | Scene, ViewLayer | Updating Camera Volume
Fra:1 Mem:26.90M (Peak 26.90M) | Time:00:00.00 | Mem:1.36M, Peak:1.39M | Scene, ViewLayer | Updating Lookup Tables
Fra:1 Mem:26.90M (Peak 26.90M) | Time:00:00.00 | Mem:1.44M, Peak:1.44M | Scene, ViewLayer | Updating Lights
Fra:1 Mem:26.90M (Peak 26.90M) | Time:00:00.00 | Mem:1.44M, Peak:1.44M | Scene, ViewLayer | Updating Lights | Computing tree
Fra:1 Mem:26.90M (Peak 26.90M) | Time:00:00.00 | Mem:1.44M, Peak:1.44M | Scene, ViewLayer | Updating Integrator
Fra:1 Mem:26.90M (Peak 26.90M) | Time:00:00.00 | Mem:1.44M, Peak:1.44M | Scene, ViewLayer | Updating Film
Fra:1 Mem:26.91M (Peak 26.91M) | Time:00:00.00 | Mem:1.36M, Peak:1.44M | Scene, ViewLayer | Updating Lookup Tables
Fra:1 Mem:26.91M (Peak 26.91M) | Time:00:00.00 | Mem:1.44M, Peak:1.44M | Scene, ViewLayer | Updating Baking
Fra:1 Mem:26.91M (Peak 26.91M) | Time:00:00.00 | Mem:1.44M, Peak:1.44M | Scene, ViewLayer | Updating Device | Writing constant memory
Fra:1 Mem:26.91M (Peak 26.91M) | Time:00:00.00 | Mem:1.44M, Peak:1.44M | Scene, ViewLayer | Loading denoising kernels (may take a few minutes the first time)
Fra:1 Mem:26.91M (Peak 26.91M) | Time:00:00.00 | Mem:1.44M, Peak:1.44M | Scene, ViewLayer | Sample 0/20
Fra:1 Mem:68.70M (Peak 68.70M) | Time:00:00.15 | Remaining:00:02.79 | Mem:43.19M, Peak:43.19M | Scene, ViewLayer | Sample 1/20
Fra:1 Mem:86.28M (Peak 112.65M) | Time:00:05.71 | Mem:43.19M, Peak:43.19M | Scene, ViewLayer | Sample 20/20
Fra:1 Mem:86.28M (Peak 112.65M) | Time:00:05.71 | Mem:43.19M, Peak:43.19M | Scene, ViewLayer | Finished
Saved: '/workspace/scratch/a29d03198654/Aether/cloud-evidence/cloudsea52f-variants-source-v2-20261001T063428Z-7yugwvhw/images/sea52f-variant-2-top-combined.png'
Time: 00:05.76 (Saving: 00:00.05)


Blender quit
