Blender 4.5.14 LTS (hash 62c1db4208e8 built 2026-09-15 01:31:19)
Fra:1 Mem:13.85M (Peak 13.85M) | Time:00:00.00 | Mem:0.00M, Peak:0.00M | Scene, ViewLayer | Synchronizing object | Ground_1_-2
Fra:1 Mem:13.85M (Peak 13.85M) | Time:00:00.00 | Mem:0.00M, Peak:0.00M | Scene, ViewLayer | Synchronizing object | massif_east_foothill
Fra:1 Mem:13.98M (Peak 13.98M) | Time:00:00.00 | Mem:0.00M, Peak:0.00M | Scene, ViewLayer | Synchronizing object | Actual Y0 shoreline
Fra:1 Mem:16.22M (Peak 16.22M) | Time:00:00.00 | Mem:0.00M, Peak:0.00M | Scene, ViewLayer | Synchronizing object | Diagnostic Ocean Y0
Fra:1 Mem:16.22M (Peak 16.22M) | Time:00:00.00 | Mem:0.00M, Peak:0.00M | Scene, ViewLayer | Synchronizing object | Sun.002
Fra:1 Mem:16.88M (Peak 17.42M) | Time:00:00.00 | Mem:0.00M, Peak:0.00M | Scene, ViewLayer | Initializing
Fra:1 Mem:14.76M (Peak 17.42M) | Time:00:00.00 | Mem:0.00M, Peak:0.00M | Scene, ViewLayer | Waiting for render to start
Fra:1 Mem:14.76M (Peak 17.42M) | Time:00:00.00 | Mem:0.00M, Peak:0.00M | Scene, ViewLayer | Updating Scene
Fra:1 Mem:14.76M (Peak 17.42M) | Time:00:00.00 | Mem:0.00M, Peak:0.00M | Scene, ViewLayer | Updating Shaders
Fra:1 Mem:14.76M (Peak 17.42M) | Time:00:00.00 | Mem:0.00M, Peak:0.00M | Scene, ViewLayer | Loading render kernels (may take a few minutes the first time)
Fra:1 Mem:14.85M (Peak 17.42M) | Time:00:00.00 | Mem:0.00M, Peak:0.00M | Scene, ViewLayer | Updating Procedurals
Fra:1 Mem:14.85M (Peak 17.42M) | Time:00:00.00 | Mem:0.00M, Peak:0.00M | Scene, ViewLayer | Updating Background
Fra:1 Mem:14.85M (Peak 17.42M) | Time:00:00.00 | Mem:0.00M, Peak:0.00M | Scene, ViewLayer | Updating Camera
Fra:1 Mem:14.85M (Peak 17.42M) | Time:00:00.00 | Mem:0.00M, Peak:0.00M | Scene, ViewLayer | Updating Meshes Flags
Fra:1 Mem:14.85M (Peak 17.42M) | Time:00:00.00 | Mem:0.00M, Peak:0.00M | Scene, ViewLayer | Updating Objects
Fra:1 Mem:14.85M (Peak 17.42M) | Time:00:00.00 | Mem:0.00M, Peak:0.00M | Scene, ViewLayer | Updating Objects | Copying Transformations to device
Fra:1 Mem:14.85M (Peak 17.42M) | Time:00:00.00 | Mem:0.01M, Peak:0.01M | Scene, ViewLayer | Updating Particle Systems
Fra:1 Mem:14.85M (Peak 17.42M) | Time:00:00.00 | Mem:0.01M, Peak:0.01M | Scene, ViewLayer | Updating Particle Systems | Copying Particles to device
Fra:1 Mem:14.85M (Peak 17.42M) | Time:00:00.00 | Mem:0.01M, Peak:0.01M | Scene, ViewLayer | Updating Meshes
Fra:1 Mem:14.85M (Peak 17.42M) | Time:00:00.00 | Mem:0.01M, Peak:0.01M | Scene, ViewLayer | Updating Objects | Applying Static Transformations
Fra:1 Mem:14.85M (Peak 17.42M) | Time:00:00.00 | Mem:0.01M, Peak:0.01M | Scene, ViewLayer | Updating Mesh | Computing attributes
Fra:1 Mem:15.82M (Peak 17.42M) | Time:00:00.00 | Mem:0.01M, Peak:0.01M | Scene, ViewLayer | Updating Mesh | Copying Attributes to device
Fra:1 Mem:15.82M (Peak 17.42M) | Time:00:00.00 | Mem:0.98M, Peak:0.98M | Scene, ViewLayer | Updating Scene BVH | Building
Fra:1 Mem:15.82M (Peak 17.42M) | Time:00:00.00 | Mem:0.98M, Peak:0.98M | Scene, ViewLayer | Updating Scene BVH | Building BVH
Fra:1 Mem:15.82M (Peak 17.42M) | Time:00:00.00 | Mem:1.73M, Peak:1.73M | Scene, ViewLayer | Updating Scene BVH | Building BVH 0%
Fra:1 Mem:15.82M (Peak 17.42M) | Time:00:00.01 | Mem:2.63M, Peak:3.37M | Scene, ViewLayer | Updating Scene BVH | Copying BVH to device
Fra:1 Mem:15.82M (Peak 17.42M) | Time:00:00.01 | Mem:2.63M, Peak:3.37M | Scene, ViewLayer | Updating Mesh | Computing normals
Fra:1 Mem:16.57M (Peak 17.42M) | Time:00:00.01 | Mem:2.63M, Peak:3.37M | Scene, ViewLayer | Updating Mesh | Copying Mesh to device
Fra:1 Mem:16.57M (Peak 17.42M) | Time:00:00.01 | Mem:3.37M, Peak:3.37M | Scene, ViewLayer | Updating Objects Flags
Fra:1 Mem:16.57M (Peak 17.42M) | Time:00:00.01 | Mem:3.37M, Peak:3.37M | Scene, ViewLayer | Updating Primitive Offsets
Fra:1 Mem:16.57M (Peak 17.42M) | Time:00:00.01 | Mem:3.37M, Peak:3.37M | Scene, ViewLayer | Updating Images
Fra:1 Mem:16.57M (Peak 17.42M) | Time:00:00.01 | Mem:3.37M, Peak:3.37M | Scene, ViewLayer | Updating Camera Volume
Fra:1 Mem:16.57M (Peak 17.42M) | Time:00:00.01 | Mem:3.37M, Peak:3.37M | Scene, ViewLayer | Updating Lookup Tables
Fra:1 Mem:16.57M (Peak 17.42M) | Time:00:00.01 | Mem:3.45M, Peak:3.45M | Scene, ViewLayer | Updating Lights
Fra:1 Mem:16.57M (Peak 17.42M) | Time:00:00.01 | Mem:3.45M, Peak:3.45M | Scene, ViewLayer | Updating Lights | Computing tree
Fra:1 Mem:16.57M (Peak 17.42M) | Time:00:00.01 | Mem:3.45M, Peak:3.45M | Scene, ViewLayer | Updating Integrator
Fra:1 Mem:16.57M (Peak 17.42M) | Time:00:00.01 | Mem:3.45M, Peak:3.45M | Scene, ViewLayer | Updating Film
Fra:1 Mem:16.57M (Peak 17.42M) | Time:00:00.01 | Mem:3.37M, Peak:3.45M | Scene, ViewLayer | Updating Lookup Tables
Fra:1 Mem:16.57M (Peak 17.42M) | Time:00:00.01 | Mem:3.45M, Peak:3.45M | Scene, ViewLayer | Updating Baking
Fra:1 Mem:16.57M (Peak 17.42M) | Time:00:00.01 | Mem:3.45M, Peak:3.45M | Scene, ViewLayer | Updating Device | Writing constant memory
Fra:1 Mem:16.57M (Peak 17.42M) | Time:00:00.01 | Mem:3.45M, Peak:3.45M | Scene, ViewLayer | Loading denoising kernels (may take a few minutes the first time)
Fra:1 Mem:16.57M (Peak 17.42M) | Time:00:00.01 | Mem:3.45M, Peak:3.45M | Scene, ViewLayer | Sample 0/32
Fra:1 Mem:88.41M (Peak 88.41M) | Time:00:00.42 | Remaining:00:12.95 | Mem:75.21M, Peak:75.21M | Scene, ViewLayer | Sample 1/32
Fra:1 Mem:118.62M (Peak 163.94M) | Time:00:14.90 | Mem:75.21M, Peak:75.21M | Scene, ViewLayer | Sample 32/32
Fra:1 Mem:118.62M (Peak 163.94M) | Time:00:14.90 | Mem:75.21M, Peak:75.21M | Scene, ViewLayer | Finished
Saved: '/workspace/scratch/a29d03198654/Aether/cloud-evidence/lake48-source-views/top.png'
Time: 00:15.10 (Saving: 00:00.19)

Fra:1 Mem:14.64M (Peak 14.64M) | Time:00:00.00 | Mem:0.00M, Peak:0.00M | Scene, ViewLayer | Synchronizing object | Actual Y0 shoreline
Fra:1 Mem:15.42M (Peak 15.42M) | Time:00:00.00 | Mem:0.00M, Peak:0.00M | Scene, ViewLayer | Synchronizing object | Sun.002
Fra:1 Mem:15.42M (Peak 15.42M) | Time:00:00.00 | Mem:0.00M, Peak:0.00M | Scene, ViewLayer | Synchronizing object | Diagnostic Ocean Y0
Fra:1 Mem:15.42M (Peak 15.42M) | Time:00:00.00 | Mem:0.00M, Peak:0.00M | Scene, ViewLayer | Synchronizing object | massif_east_foothill
Fra:1 Mem:15.62M (Peak 15.62M) | Time:00:00.00 | Mem:0.00M, Peak:0.00M | Scene, ViewLayer | Synchronizing object | massif_cirque_wall
Fra:1 Mem:15.68M (Peak 15.68M) | Time:00:00.00 | Mem:0.00M, Peak:0.00M | Scene, ViewLayer | Synchronizing object | Ground_1_-3
Fra:1 Mem:15.92M (Peak 15.92M) | Time:00:00.00 | Mem:0.00M, Peak:0.00M | Scene, ViewLayer | Synchronizing object | Ground_1_-2
Fra:1 Mem:16.88M (Peak 17.09M) | Time:00:00.00 | Mem:0.00M, Peak:0.00M | Scene, ViewLayer | Initializing
Fra:1 Mem:14.76M (Peak 17.09M) | Time:00:00.00 | Mem:0.00M, Peak:0.00M | Scene, ViewLayer | Waiting for render to start
Fra:1 Mem:14.76M (Peak 17.09M) | Time:00:00.00 | Mem:0.00M, Peak:0.00M | Scene, ViewLayer | Updating Scene
Fra:1 Mem:14.76M (Peak 17.09M) | Time:00:00.00 | Mem:0.00M, Peak:0.00M | Scene, ViewLayer | Updating Shaders
Fra:1 Mem:14.76M (Peak 17.09M) | Time:00:00.00 | Mem:0.00M, Peak:0.00M | Scene, ViewLayer | Loading render kernels (may take a few minutes the first time)
Fra:1 Mem:14.85M (Peak 17.09M) | Time:00:00.00 | Mem:0.00M, Peak:0.00M | Scene, ViewLayer | Updating Procedurals
Fra:1 Mem:14.85M (Peak 17.09M) | Time:00:00.00 | Mem:0.00M, Peak:0.00M | Scene, ViewLayer | Updating Background
Fra:1 Mem:14.85M (Peak 17.09M) | Time:00:00.00 | Mem:0.00M, Peak:0.00M | Scene, ViewLayer | Updating Camera
Fra:1 Mem:14.85M (Peak 17.09M) | Time:00:00.00 | Mem:0.00M, Peak:0.00M | Scene, ViewLayer | Updating Meshes Flags
Fra:1 Mem:14.85M (Peak 17.09M) | Time:00:00.00 | Mem:0.00M, Peak:0.00M | Scene, ViewLayer | Updating Objects
Fra:1 Mem:14.85M (Peak 17.09M) | Time:00:00.00 | Mem:0.00M, Peak:0.00M | Scene, ViewLayer | Updating Objects | Copying Transformations to device
Fra:1 Mem:14.85M (Peak 17.09M) | Time:00:00.00 | Mem:0.01M, Peak:0.01M | Scene, ViewLayer | Updating Particle Systems
Fra:1 Mem:14.85M (Peak 17.09M) | Time:00:00.00 | Mem:0.01M, Peak:0.01M | Scene, ViewLayer | Updating Particle Systems | Copying Particles to device
Fra:1 Mem:14.85M (Peak 17.09M) | Time:00:00.00 | Mem:0.01M, Peak:0.01M | Scene, ViewLayer | Updating Meshes
Fra:1 Mem:14.85M (Peak 17.09M) | Time:00:00.00 | Mem:0.01M, Peak:0.01M | Scene, ViewLayer | Updating Objects | Applying Static Transformations
Fra:1 Mem:14.85M (Peak 17.09M) | Time:00:00.00 | Mem:0.01M, Peak:0.01M | Scene, ViewLayer | Updating Mesh | Computing attributes
Fra:1 Mem:15.82M (Peak 17.09M) | Time:00:00.00 | Mem:0.01M, Peak:0.01M | Scene, ViewLayer | Updating Mesh | Copying Attributes to device
Fra:1 Mem:15.82M (Peak 17.09M) | Time:00:00.00 | Mem:0.98M, Peak:0.98M | Scene, ViewLayer | Updating Scene BVH | Building
Fra:1 Mem:15.82M (Peak 17.09M) | Time:00:00.00 | Mem:0.98M, Peak:0.98M | Scene, ViewLayer | Updating Scene BVH | Building BVH
Fra:1 Mem:15.82M (Peak 17.09M) | Time:00:00.00 | Mem:1.73M, Peak:1.73M | Scene, ViewLayer | Updating Scene BVH | Building BVH 0%
Fra:1 Mem:15.82M (Peak 17.09M) | Time:00:00.01 | Mem:2.63M, Peak:3.37M | Scene, ViewLayer | Updating Scene BVH | Copying BVH to device
Fra:1 Mem:15.82M (Peak 17.09M) | Time:00:00.01 | Mem:2.63M, Peak:3.37M | Scene, ViewLayer | Updating Mesh | Computing normals
Fra:1 Mem:16.57M (Peak 17.09M) | Time:00:00.01 | Mem:2.63M, Peak:3.37M | Scene, ViewLayer | Updating Mesh | Copying Mesh to device
Fra:1 Mem:16.57M (Peak 17.09M) | Time:00:00.01 | Mem:3.37M, Peak:3.37M | Scene, ViewLayer | Updating Objects Flags
Fra:1 Mem:16.57M (Peak 17.09M) | Time:00:00.01 | Mem:3.37M, Peak:3.37M | Scene, ViewLayer | Updating Primitive Offsets
Fra:1 Mem:16.57M (Peak 17.09M) | Time:00:00.01 | Mem:3.37M, Peak:3.37M | Scene, ViewLayer | Updating Images
Fra:1 Mem:16.57M (Peak 17.09M) | Time:00:00.01 | Mem:3.37M, Peak:3.37M | Scene, ViewLayer | Updating Camera Volume
Fra:1 Mem:16.57M (Peak 17.09M) | Time:00:00.01 | Mem:3.37M, Peak:3.37M | Scene, ViewLayer | Updating Lookup Tables
Fra:1 Mem:16.57M (Peak 17.09M) | Time:00:00.01 | Mem:3.45M, Peak:3.45M | Scene, ViewLayer | Updating Lights
Fra:1 Mem:16.57M (Peak 17.09M) | Time:00:00.01 | Mem:3.45M, Peak:3.45M | Scene, ViewLayer | Updating Lights | Computing tree
Fra:1 Mem:16.57M (Peak 17.09M) | Time:00:00.01 | Mem:3.45M, Peak:3.45M | Scene, ViewLayer | Updating Integrator
Fra:1 Mem:16.57M (Peak 17.09M) | Time:00:00.01 | Mem:3.45M, Peak:3.45M | Scene, ViewLayer | Updating Film
Fra:1 Mem:16.57M (Peak 17.09M) | Time:00:00.01 | Mem:3.37M, Peak:3.45M | Scene, ViewLayer | Updating Lookup Tables
Fra:1 Mem:16.57M (Peak 17.09M) | Time:00:00.01 | Mem:3.45M, Peak:3.45M | Scene, ViewLayer | Updating Baking
Fra:1 Mem:16.57M (Peak 17.09M) | Time:00:00.01 | Mem:3.45M, Peak:3.45M | Scene, ViewLayer | Updating Device | Writing constant memory
Fra:1 Mem:16.57M (Peak 17.09M) | Time:00:00.01 | Mem:3.45M, Peak:3.45M | Scene, ViewLayer | Loading denoising kernels (may take a few minutes the first time)
Fra:1 Mem:16.57M (Peak 17.09M) | Time:00:00.01 | Mem:3.45M, Peak:3.45M | Scene, ViewLayer | Sample 0/32
Fra:1 Mem:72.46M (Peak 72.46M) | Time:00:00.55 | Remaining:00:16.67 | Mem:59.26M, Peak:59.26M | Scene, ViewLayer | Sample 1/32
Fra:1 Mem:95.96M (Peak 131.21M) | Time:00:18.76 | Mem:59.26M, Peak:59.26M | Scene, ViewLayer | Sample 32/32
Fra:1 Mem:95.96M (Peak 131.21M) | Time:00:18.76 | Mem:59.26M, Peak:59.26M | Scene, ViewLayer | Finished
Saved: '/workspace/scratch/a29d03198654/Aether/cloud-evidence/lake48-source-views/front.png'
Time: 00:18.87 (Saving: 00:00.10)

Fra:1 Mem:14.64M (Peak 14.64M) | Time:00:00.00 | Mem:0.00M, Peak:0.00M | Scene, ViewLayer | Synchronizing object | Actual Y0 shoreline
Fra:1 Mem:15.42M (Peak 15.42M) | Time:00:00.00 | Mem:0.00M, Peak:0.00M | Scene, ViewLayer | Synchronizing object | Sun.002
Fra:1 Mem:15.42M (Peak 15.42M) | Time:00:00.00 | Mem:0.00M, Peak:0.00M | Scene, ViewLayer | Synchronizing object | Diagnostic Ocean Y0
Fra:1 Mem:15.42M (Peak 15.42M) | Time:00:00.00 | Mem:0.00M, Peak:0.00M | Scene, ViewLayer | Synchronizing object | massif_east_foothill
Fra:1 Mem:15.62M (Peak 15.62M) | Time:00:00.00 | Mem:0.00M, Peak:0.00M | Scene, ViewLayer | Synchronizing object | massif_cirque_wall
Fra:1 Mem:15.68M (Peak 15.68M) | Time:00:00.00 | Mem:0.00M, Peak:0.00M | Scene, ViewLayer | Synchronizing object | Ground_1_-3
Fra:1 Mem:15.90M (Peak 15.90M) | Time:00:00.00 | Mem:0.00M, Peak:0.00M | Scene, ViewLayer | Synchronizing object | Ground_1_-2
Fra:1 Mem:16.88M (Peak 16.97M) | Time:00:00.00 | Mem:0.00M, Peak:0.00M | Scene, ViewLayer | Initializing
Fra:1 Mem:14.76M (Peak 16.97M) | Time:00:00.00 | Mem:0.00M, Peak:0.00M | Scene, ViewLayer | Waiting for render to start
Fra:1 Mem:14.76M (Peak 16.97M) | Time:00:00.00 | Mem:0.00M, Peak:0.00M | Scene, ViewLayer | Updating Scene
Fra:1 Mem:14.76M (Peak 16.97M) | Time:00:00.00 | Mem:0.00M, Peak:0.00M | Scene, ViewLayer | Updating Shaders
Fra:1 Mem:14.76M (Peak 16.97M) | Time:00:00.00 | Mem:0.00M, Peak:0.00M | Scene, ViewLayer | Loading render kernels (may take a few minutes the first time)
Fra:1 Mem:14.85M (Peak 16.97M) | Time:00:00.00 | Mem:0.00M, Peak:0.00M | Scene, ViewLayer | Updating Procedurals
Fra:1 Mem:14.85M (Peak 16.97M) | Time:00:00.00 | Mem:0.00M, Peak:0.00M | Scene, ViewLayer | Updating Background
Fra:1 Mem:14.85M (Peak 16.97M) | Time:00:00.00 | Mem:0.00M, Peak:0.00M | Scene, ViewLayer | Updating Camera
Fra:1 Mem:14.85M (Peak 16.97M) | Time:00:00.00 | Mem:0.00M, Peak:0.00M | Scene, ViewLayer | Updating Meshes Flags
Fra:1 Mem:14.85M (Peak 16.97M) | Time:00:00.00 | Mem:0.00M, Peak:0.00M | Scene, ViewLayer | Updating Objects
Fra:1 Mem:14.85M (Peak 16.97M) | Time:00:00.00 | Mem:0.00M, Peak:0.00M | Scene, ViewLayer | Updating Objects | Copying Transformations to device
Fra:1 Mem:14.85M (Peak 16.97M) | Time:00:00.00 | Mem:0.01M, Peak:0.01M | Scene, ViewLayer | Updating Particle Systems
Fra:1 Mem:14.85M (Peak 16.97M) | Time:00:00.00 | Mem:0.01M, Peak:0.01M | Scene, ViewLayer | Updating Particle Systems | Copying Particles to device
Fra:1 Mem:14.85M (Peak 16.97M) | Time:00:00.00 | Mem:0.01M, Peak:0.01M | Scene, ViewLayer | Updating Meshes
Fra:1 Mem:14.85M (Peak 16.97M) | Time:00:00.00 | Mem:0.01M, Peak:0.01M | Scene, ViewLayer | Updating Objects | Applying Static Transformations
Fra:1 Mem:14.85M (Peak 16.97M) | Time:00:00.00 | Mem:0.01M, Peak:0.01M | Scene, ViewLayer | Updating Mesh | Computing attributes
Fra:1 Mem:15.82M (Peak 16.97M) | Time:00:00.00 | Mem:0.01M, Peak:0.01M | Scene, ViewLayer | Updating Mesh | Copying Attributes to device
Fra:1 Mem:15.82M (Peak 16.97M) | Time:00:00.00 | Mem:0.98M, Peak:0.98M | Scene, ViewLayer | Updating Scene BVH | Building
Fra:1 Mem:15.82M (Peak 16.97M) | Time:00:00.00 | Mem:0.98M, Peak:0.98M | Scene, ViewLayer | Updating Scene BVH | Building BVH
Fra:1 Mem:15.82M (Peak 16.97M) | Time:00:00.00 | Mem:1.73M, Peak:1.73M | Scene, ViewLayer | Updating Scene BVH | Building BVH 0%
Fra:1 Mem:15.82M (Peak 16.97M) | Time:00:00.01 | Mem:2.63M, Peak:3.37M | Scene, ViewLayer | Updating Scene BVH | Copying BVH to device
Fra:1 Mem:15.82M (Peak 16.97M) | Time:00:00.01 | Mem:2.63M, Peak:3.37M | Scene, ViewLayer | Updating Mesh | Computing normals
Fra:1 Mem:16.57M (Peak 16.97M) | Time:00:00.01 | Mem:2.63M, Peak:3.37M | Scene, ViewLayer | Updating Mesh | Copying Mesh to device
Fra:1 Mem:16.57M (Peak 16.97M) | Time:00:00.01 | Mem:3.37M, Peak:3.37M | Scene, ViewLayer | Updating Objects Flags
Fra:1 Mem:16.57M (Peak 16.97M) | Time:00:00.01 | Mem:3.37M, Peak:3.37M | Scene, ViewLayer | Updating Primitive Offsets
Fra:1 Mem:16.57M (Peak 16.97M) | Time:00:00.01 | Mem:3.37M, Peak:3.37M | Scene, ViewLayer | Updating Images
Fra:1 Mem:16.57M (Peak 16.97M) | Time:00:00.01 | Mem:3.37M, Peak:3.37M | Scene, ViewLayer | Updating Camera Volume
Fra:1 Mem:16.57M (Peak 16.97M) | Time:00:00.01 | Mem:3.37M, Peak:3.37M | Scene, ViewLayer | Updating Lookup Tables
Fra:1 Mem:16.57M (Peak 16.97M) | Time:00:00.01 | Mem:3.45M, Peak:3.45M | Scene, ViewLayer | Updating Lights
Fra:1 Mem:16.57M (Peak 16.97M) | Time:00:00.01 | Mem:3.45M, Peak:3.45M | Scene, ViewLayer | Updating Lights | Computing tree
Fra:1 Mem:16.57M (Peak 16.97M) | Time:00:00.01 | Mem:3.45M, Peak:3.45M | Scene, ViewLayer | Updating Integrator
Fra:1 Mem:16.57M (Peak 16.97M) | Time:00:00.01 | Mem:3.45M, Peak:3.45M | Scene, ViewLayer | Updating Film
Fra:1 Mem:16.57M (Peak 16.97M) | Time:00:00.01 | Mem:3.37M, Peak:3.45M | Scene, ViewLayer | Updating Lookup Tables
Fra:1 Mem:16.57M (Peak 16.97M) | Time:00:00.01 | Mem:3.45M, Peak:3.45M | Scene, ViewLayer | Updating Baking
Fra:1 Mem:16.57M (Peak 16.97M) | Time:00:00.01 | Mem:3.45M, Peak:3.45M | Scene, ViewLayer | Updating Device | Writing constant memory
Fra:1 Mem:16.57M (Peak 16.97M) | Time:00:00.01 | Mem:3.45M, Peak:3.45M | Scene, ViewLayer | Loading denoising kernels (may take a few minutes the first time)
Fra:1 Mem:16.57M (Peak 16.97M) | Time:00:00.01 | Mem:3.45M, Peak:3.45M | Scene, ViewLayer | Sample 0/32
Fra:1 Mem:72.46M (Peak 72.46M) | Time:00:00.22 | Remaining:00:06.55 | Mem:59.26M, Peak:59.26M | Scene, ViewLayer | Sample 1/32
Fra:1 Mem:95.96M (Peak 131.21M) | Time:00:08.58 | Mem:59.26M, Peak:59.26M | Scene, ViewLayer | Sample 32/32
Fra:1 Mem:95.96M (Peak 131.21M) | Time:00:08.58 | Mem:59.26M, Peak:59.26M | Scene, ViewLayer | Finished
Saved: '/workspace/scratch/a29d03198654/Aether/cloud-evidence/lake48-source-views/east-side.png'
Time: 00:08.67 (Saving: 00:00.08)

Extensions: writing cache failed ([Errno 30] Read-only file system: '/home/agent/.config/blender').
SOURCE_VIEWS_DONE

Blender quit
