Extensions: writing cache failed ([Errno 30] Read-only file system: '/home/agent/.config/blender').
INFO Draco mesh compression is available, use library at /workspace/scratch/a29d03198654/tools-feiting/blender-4.5.14-linux-x64/4.5/scripts/addons_core/io_scene_gltf2/libextern_draco.so
12:06:31 | INFO: Starting glTF 2.0 export
12:06:31 | INFO: Extracting primitive: CloudSea52_v0_main_bent_crown_editable_loft
12:06:31 | INFO: Primitives created: 1
12:06:31 | INFO: Extracting primitive: CloudSea52_v0_notched_shoulder_editable_loft
12:06:31 | INFO: Primitives created: 1
12:06:31 | INFO: Extracting primitive: CloudSea52_v0_slant_low_ridge_editable_loft
12:06:31 | INFO: Primitives created: 1
12:06:31 | INFO: Finished glTF 2.0 export in 0.008393049240112305 s

12:06:31 | INFO: Starting glTF 2.0 export
12:06:31 | INFO: Extracting primitive: CloudSea52_v1_main_bent_crown_editable_loft
12:06:31 | INFO: Primitives created: 1
12:06:31 | INFO: Extracting primitive: CloudSea52_v1_notched_shoulder_editable_loft
12:06:31 | INFO: Primitives created: 1
12:06:31 | INFO: Extracting primitive: CloudSea52_v1_slant_low_ridge_editable_loft
12:06:31 | INFO: Primitives created: 1
12:06:31 | INFO: Finished glTF 2.0 export in 0.006989240646362305 s

12:06:31 | INFO: Starting glTF 2.0 export
12:06:31 | INFO: Extracting primitive: CloudSea52_v2_main_bent_crown_editable_loft
12:06:31 | INFO: Primitives created: 1
12:06:31 | INFO: Extracting primitive: CloudSea52_v2_notched_shoulder_editable_loft
12:06:31 | INFO: Primitives created: 1
12:06:31 | INFO: Extracting primitive: CloudSea52_v2_slant_low_ridge_editable_loft
12:06:31 | INFO: Primitives created: 1
12:06:31 | INFO: Finished glTF 2.0 export in 0.0065310001373291016 s

Info: Saved as "cloud_sea52.blend"
SOURCE52_READY
Blender 4.5.14 LTS (hash 62c1db4208e8 built 2026-09-15 01:31:19)

Blender quit
