Blender 4.5.14 LTS (hash 62c1db4208e8 built 2026-09-15 01:31:19)
Read blend: "/workspace/scratch/a29d03198654/Aether/candidates/round40-exclusive-20260930/source-assets/hub-cloud41/cloud_sea41.blend"
Fra:1 Mem:12.95M (Peak 12.95M) | Time:00:00.00 | Mem:0.00M, Peak:0.00M | Scene, ViewLayer | Synchronizing object | cloud_sea_41_0_connected_body_0
Fra:1 Mem:12.95M (Peak 12.95M) | Time:00:00.00 | Mem:0.00M, Peak:0.00M | Scene, ViewLayer | Synchronizing object | cloud_sea_41_0_connected_body_2
Fra:1 Mem:12.95M (Peak 12.95M) | Time:00:00.00 | Mem:0.00M, Peak:0.00M | Scene, ViewLayer | Synchronizing object | Sun
Fra:1 Mem:12.96M (Peak 12.96M) | Time:00:00.00 | Mem:0.00M, Peak:0.00M | Scene, ViewLayer | Synchronizing object | cloud_sea_41_0_low_wisp_7
Fra:1 Mem:13.05M (Peak 13.05M) | Time:00:00.00 | Mem:0.00M, Peak:0.00M | Scene, ViewLayer | Synchronizing object | cloud_sea_41_0_low_wisp_6
Fra:1 Mem:13.06M (Peak 13.06M) | Time:00:00.00 | Mem:0.00M, Peak:0.00M | Scene, ViewLayer | Synchronizing object | cloud_sea_41_0_unequal_crown_2
Fra:1 Mem:13.06M (Peak 13.06M) | Time:00:00.00 | Mem:0.00M, Peak:0.00M | Scene, ViewLayer | Synchronizing object | cloud_sea_41_0_low_wisp_5
Fra:1 Mem:13.08M (Peak 13.08M) | Time:00:00.00 | Mem:0.00M, Peak:0.00M | Scene, ViewLayer | Synchronizing object | cloud_sea_41_0_low_wisp_4
Fra:1 Mem:13.10M (Peak 13.10M) | Time:00:00.00 | Mem:0.00M, Peak:0.00M | Scene, ViewLayer | Synchronizing object | cloud_sea_41_0_low_wisp_3
Fra:1 Mem:13.12M (Peak 13.12M) | Time:00:00.00 | Mem:0.00M, Peak:0.00M | Scene, ViewLayer | Synchronizing object | cloud_sea_41_0_low_wisp_2
Fra:1 Mem:13.14M (Peak 13.14M) | Time:00:00.00 | Mem:0.00M, Peak:0.00M | Scene, ViewLayer | Synchronizing object | cloud_sea_41_0_unequal_crown_3
Fra:1 Mem:13.14M (Peak 13.14M) | Time:00:00.00 | Mem:0.00M, Peak:0.00M | Scene, ViewLayer | Synchronizing object | cloud_sea_41_0_low_wisp_1
Fra:1 Mem:13.18M (Peak 13.18M) | Time:00:00.00 | Mem:0.00M, Peak:0.00M | Scene, ViewLayer | Synchronizing object | cloud_sea_41_0_low_wisp_0
Fra:1 Mem:13.19M (Peak 13.19M) | Time:00:00.00 | Mem:0.00M, Peak:0.00M | Scene, ViewLayer | Synchronizing object | cloud_sea_41_0_unequal_crown_4
Fra:1 Mem:13.21M (Peak 13.21M) | Time:00:00.00 | Mem:0.00M, Peak:0.00M | Scene, ViewLayer | Synchronizing object | cloud_sea_41_0_unequal_crown_8
Fra:1 Mem:13.21M (Peak 13.21M) | Time:00:00.00 | Mem:0.00M, Peak:0.00M | Scene, ViewLayer | Synchronizing object | cloud_sea_41_0_unequal_crown_5
Fra:1 Mem:13.26M (Peak 13.26M) | Time:00:00.00 | Mem:0.00M, Peak:0.00M | Scene, ViewLayer | Synchronizing object | cloud_sea_41_0_unequal_crown_6
Fra:1 Mem:13.28M (Peak 13.28M) | Time:00:00.00 | Mem:0.00M, Peak:0.00M | Scene, ViewLayer | Synchronizing object | cloud_sea_41_0_unequal_crown_7
Fra:1 Mem:13.32M (Peak 13.32M) | Time:00:00.00 | Mem:0.00M, Peak:0.00M | Scene, ViewLayer | Initializing
Fra:1 Mem:12.49M (Peak 13.32M) | Time:00:00.00 | Mem:0.00M, Peak:0.00M | Scene, ViewLayer | Waiting for render to start
Fra:1 Mem:12.49M (Peak 13.32M) | Time:00:00.00 | Mem:0.00M, Peak:0.00M | Scene, ViewLayer | Updating Scene
Fra:1 Mem:12.49M (Peak 13.32M) | Time:00:00.00 | Mem:0.00M, Peak:0.00M | Scene, ViewLayer | Updating Shaders
Fra:1 Mem:12.49M (Peak 13.32M) | Time:00:00.00 | Mem:0.00M, Peak:0.00M | Scene, ViewLayer | Loading render kernels (may take a few minutes the first time)
Fra:1 Mem:12.57M (Peak 13.32M) | Time:00:00.00 | Mem:0.00M, Peak:0.00M | Scene, ViewLayer | Updating Procedurals
Fra:1 Mem:12.57M (Peak 13.32M) | Time:00:00.00 | Mem:0.00M, Peak:0.00M | Scene, ViewLayer | Updating Background
Fra:1 Mem:12.57M (Peak 13.32M) | Time:00:00.00 | Mem:0.00M, Peak:0.00M | Scene, ViewLayer | Updating Camera
Fra:1 Mem:12.57M (Peak 13.32M) | Time:00:00.00 | Mem:0.00M, Peak:0.00M | Scene, ViewLayer | Updating Meshes Flags
Fra:1 Mem:12.57M (Peak 13.32M) | Time:00:00.00 | Mem:0.00M, Peak:0.00M | Scene, ViewLayer | Updating Objects
Fra:1 Mem:12.57M (Peak 13.32M) | Time:00:00.00 | Mem:0.00M, Peak:0.00M | Scene, ViewLayer | Updating Objects | Copying Transformations to device
Fra:1 Mem:12.58M (Peak 13.32M) | Time:00:00.00 | Mem:0.01M, Peak:0.01M | Scene, ViewLayer | Updating Particle Systems
Fra:1 Mem:12.58M (Peak 13.32M) | Time:00:00.00 | Mem:0.01M, Peak:0.01M | Scene, ViewLayer | Updating Particle Systems | Copying Particles to device
Fra:1 Mem:12.58M (Peak 13.32M) | Time:00:00.00 | Mem:0.01M, Peak:0.01M | Scene, ViewLayer | Updating Meshes
Fra:1 Mem:12.58M (Peak 13.32M) | Time:00:00.00 | Mem:0.01M, Peak:0.01M | Scene, ViewLayer | Updating Objects | Applying Static Transformations
Fra:1 Mem:12.58M (Peak 13.32M) | Time:00:00.00 | Mem:0.01M, Peak:0.01M | Scene, ViewLayer | Updating Mesh | Computing attributes
Fra:1 Mem:12.65M (Peak 13.32M) | Time:00:00.00 | Mem:0.01M, Peak:0.01M | Scene, ViewLayer | Updating Mesh | Copying Attributes to device
Fra:1 Mem:12.65M (Peak 13.32M) | Time:00:00.00 | Mem:0.07M, Peak:0.07M | Scene, ViewLayer | Updating Scene BVH | Building
Fra:1 Mem:12.65M (Peak 13.32M) | Time:00:00.00 | Mem:0.07M, Peak:0.07M | Scene, ViewLayer | Updating Scene BVH | Building BVH
Fra:1 Mem:12.65M (Peak 13.32M) | Time:00:00.00 | Mem:0.19M, Peak:0.19M | Scene, ViewLayer | Updating Scene BVH | Building BVH 0%
Fra:1 Mem:12.65M (Peak 13.32M) | Time:00:00.00 | Mem:0.32M, Peak:0.43M | Scene, ViewLayer | Updating Scene BVH | Copying BVH to device
Fra:1 Mem:12.65M (Peak 13.32M) | Time:00:00.00 | Mem:0.32M, Peak:0.43M | Scene, ViewLayer | Updating Mesh | Computing normals
Fra:1 Mem:12.75M (Peak 13.32M) | Time:00:00.00 | Mem:0.32M, Peak:0.43M | Scene, ViewLayer | Updating Mesh | Copying Mesh to device
Fra:1 Mem:12.75M (Peak 13.32M) | Time:00:00.00 | Mem:0.42M, Peak:0.43M | Scene, ViewLayer | Updating Objects Flags
Fra:1 Mem:12.75M (Peak 13.32M) | Time:00:00.00 | Mem:0.42M, Peak:0.43M | Scene, ViewLayer | Updating Primitive Offsets
Fra:1 Mem:12.75M (Peak 13.32M) | Time:00:00.00 | Mem:0.42M, Peak:0.43M | Scene, ViewLayer | Updating Images
Fra:1 Mem:12.75M (Peak 13.32M) | Time:00:00.00 | Mem:0.42M, Peak:0.43M | Scene, ViewLayer | Updating Camera Volume
Fra:1 Mem:12.75M (Peak 13.32M) | Time:00:00.00 | Mem:0.42M, Peak:0.43M | Scene, ViewLayer | Updating Lookup Tables
Fra:1 Mem:12.75M (Peak 13.32M) | Time:00:00.00 | Mem:0.50M, Peak:0.50M | Scene, ViewLayer | Updating Lights
Fra:1 Mem:12.75M (Peak 13.32M) | Time:00:00.00 | Mem:0.50M, Peak:0.50M | Scene, ViewLayer | Updating Lights | Computing tree
Fra:1 Mem:12.75M (Peak 13.32M) | Time:00:00.00 | Mem:0.50M, Peak:0.50M | Scene, ViewLayer | Updating Integrator
Fra:1 Mem:12.75M (Peak 13.32M) | Time:00:00.00 | Mem:0.50M, Peak:0.50M | Scene, ViewLayer | Updating Film
Fra:1 Mem:12.75M (Peak 13.32M) | Time:00:00.00 | Mem:0.42M, Peak:0.50M | Scene, ViewLayer | Updating Lookup Tables
Fra:1 Mem:12.75M (Peak 13.32M) | Time:00:00.00 | Mem:0.50M, Peak:0.50M | Scene, ViewLayer | Updating Baking
Fra:1 Mem:12.75M (Peak 13.32M) | Time:00:00.00 | Mem:0.50M, Peak:0.50M | Scene, ViewLayer | Updating Device | Writing constant memory
Fra:1 Mem:12.76M (Peak 13.32M) | Time:00:00.01 | Mem:0.50M, Peak:0.50M | Scene, ViewLayer | Loading denoising kernels (may take a few minutes the first time)
Fra:1 Mem:12.76M (Peak 13.32M) | Time:00:00.01 | Mem:0.50M, Peak:0.50M | Scene, ViewLayer | Sample 0/16
Fra:1 Mem:41.30M (Peak 41.30M) | Time:00:00.08 | Remaining:00:01.13 | Mem:29.00M, Peak:29.00M | Scene, ViewLayer | Sample 1/16
Fra:1 Mem:53.30M (Peak 71.30M) | Time:00:03.49 | Mem:29.00M, Peak:29.00M | Scene, ViewLayer | Sample 16/16
Fra:1 Mem:53.30M (Peak 71.30M) | Time:00:03.49 | Mem:29.00M, Peak:29.00M | Scene, ViewLayer | Finished
Saved: '/workspace/scratch/a29d03198654/Aether/candidates/round40-exclusive-20260930/source-assets/cloud-sea46/original41-front.png'
Time: 00:03.61 (Saving: 00:00.11)

Fra:1 Mem:13.12M (Peak 13.12M) | Time:00:00.00 | Mem:0.00M, Peak:0.00M | Scene, ViewLayer | Synchronizing object | cloud_sea_41_0_connected_body_0
Fra:1 Mem:13.12M (Peak 13.12M) | Time:00:00.00 | Mem:0.00M, Peak:0.00M | Scene, ViewLayer | Synchronizing object | cloud_sea_41_0_connected_body_2
Fra:1 Mem:13.16M (Peak 13.16M) | Time:00:00.00 | Mem:0.00M, Peak:0.00M | Scene, ViewLayer | Synchronizing object | cloud_sea_41_0_unequal_crown_0
Fra:1 Mem:13.16M (Peak 13.16M) | Time:00:00.00 | Mem:0.00M, Peak:0.00M | Scene, ViewLayer | Synchronizing object | Sun
Fra:1 Mem:13.19M (Peak 13.19M) | Time:00:00.00 | Mem:0.00M, Peak:0.00M | Scene, ViewLayer | Synchronizing object | cloud_sea_41_0_unequal_crown_2
Fra:1 Mem:13.19M (Peak 13.19M) | Time:00:00.00 | Mem:0.00M, Peak:0.00M | Scene, ViewLayer | Synchronizing object | cloud_sea_41_0_unequal_crown_3
Fra:1 Mem:13.23M (Peak 13.23M) | Time:00:00.00 | Mem:0.00M, Peak:0.00M | Scene, ViewLayer | Synchronizing object | cloud_sea_41_0_unequal_crown_4
Fra:1 Mem:13.23M (Peak 13.23M) | Time:00:00.00 | Mem:0.00M, Peak:0.00M | Scene, ViewLayer | Synchronizing object | cloud_sea_41_0_unequal_crown_6
Fra:1 Mem:13.25M (Peak 13.25M) | Time:00:00.00 | Mem:0.00M, Peak:0.00M | Scene, ViewLayer | Synchronizing object | cloud_sea_41_0_unequal_crown_7
Fra:1 Mem:13.26M (Peak 13.25M) | Time:00:00.00 | Mem:0.00M, Peak:0.00M | Scene, ViewLayer | Synchronizing object | cloud_sea_41_0_unequal_crown_8
Fra:1 Mem:13.27M (Peak 13.27M) | Time:00:00.00 | Mem:0.00M, Peak:0.00M | Scene, ViewLayer | Synchronizing object | cloud_sea_41_0_low_wisp_5
Fra:1 Mem:13.27M (Peak 13.27M) | Time:00:00.00 | Mem:0.00M, Peak:0.00M | Scene, ViewLayer | Synchronizing object | cloud_sea_41_0_low_wisp_0
Fra:1 Mem:13.27M (Peak 13.27M) | Time:00:00.00 | Mem:0.00M, Peak:0.00M | Scene, ViewLayer | Synchronizing object | cloud_sea_41_0_low_wisp_1
Fra:1 Mem:13.30M (Peak 13.30M) | Time:00:00.00 | Mem:0.00M, Peak:0.00M | Scene, ViewLayer | Synchronizing object | cloud_sea_41_0_low_wisp_2
Fra:1 Mem:13.30M (Peak 13.30M) | Time:00:00.00 | Mem:0.00M, Peak:0.00M | Scene, ViewLayer | Synchronizing object | cloud_sea_41_0_low_wisp_3
Fra:1 Mem:13.31M (Peak 13.31M) | Time:00:00.00 | Mem:0.00M, Peak:0.00M | Scene, ViewLayer | Synchronizing object | cloud_sea_41_0_low_wisp_4
Fra:1 Mem:13.32M (Peak 13.32M) | Time:00:00.00 | Mem:0.00M, Peak:0.00M | Scene, ViewLayer | Initializing
Fra:1 Mem:12.49M (Peak 13.32M) | Time:00:00.00 | Mem:0.00M, Peak:0.00M | Scene, ViewLayer | Waiting for render to start
Fra:1 Mem:12.49M (Peak 13.32M) | Time:00:00.00 | Mem:0.00M, Peak:0.00M | Scene, ViewLayer | Updating Scene
Fra:1 Mem:12.49M (Peak 13.32M) | Time:00:00.00 | Mem:0.00M, Peak:0.00M | Scene, ViewLayer | Updating Shaders
Fra:1 Mem:12.49M (Peak 13.32M) | Time:00:00.00 | Mem:0.00M, Peak:0.00M | Scene, ViewLayer | Loading render kernels (may take a few minutes the first time)
Fra:1 Mem:12.57M (Peak 13.32M) | Time:00:00.00 | Mem:0.00M, Peak:0.00M | Scene, ViewLayer | Updating Procedurals
Fra:1 Mem:12.57M (Peak 13.32M) | Time:00:00.00 | Mem:0.00M, Peak:0.00M | Scene, ViewLayer | Updating Background
Fra:1 Mem:12.57M (Peak 13.32M) | Time:00:00.00 | Mem:0.00M, Peak:0.00M | Scene, ViewLayer | Updating Camera
Fra:1 Mem:12.57M (Peak 13.32M) | Time:00:00.00 | Mem:0.00M, Peak:0.00M | Scene, ViewLayer | Updating Meshes Flags
Fra:1 Mem:12.57M (Peak 13.32M) | Time:00:00.00 | Mem:0.00M, Peak:0.00M | Scene, ViewLayer | Updating Objects
Fra:1 Mem:12.57M (Peak 13.32M) | Time:00:00.00 | Mem:0.00M, Peak:0.00M | Scene, ViewLayer | Updating Objects | Copying Transformations to device
Fra:1 Mem:12.58M (Peak 13.32M) | Time:00:00.00 | Mem:0.01M, Peak:0.01M | Scene, ViewLayer | Updating Particle Systems
Fra:1 Mem:12.58M (Peak 13.32M) | Time:00:00.00 | Mem:0.01M, Peak:0.01M | Scene, ViewLayer | Updating Particle Systems | Copying Particles to device
Fra:1 Mem:12.58M (Peak 13.32M) | Time:00:00.00 | Mem:0.01M, Peak:0.01M | Scene, ViewLayer | Updating Meshes
Fra:1 Mem:12.58M (Peak 13.32M) | Time:00:00.00 | Mem:0.01M, Peak:0.01M | Scene, ViewLayer | Updating Objects | Applying Static Transformations
Fra:1 Mem:12.58M (Peak 13.32M) | Time:00:00.00 | Mem:0.01M, Peak:0.01M | Scene, ViewLayer | Updating Mesh | Computing attributes
Fra:1 Mem:12.65M (Peak 13.32M) | Time:00:00.00 | Mem:0.01M, Peak:0.01M | Scene, ViewLayer | Updating Mesh | Copying Attributes to device
Fra:1 Mem:12.65M (Peak 13.32M) | Time:00:00.00 | Mem:0.07M, Peak:0.07M | Scene, ViewLayer | Updating Scene BVH | Building
Fra:1 Mem:12.65M (Peak 13.32M) | Time:00:00.00 | Mem:0.07M, Peak:0.07M | Scene, ViewLayer | Updating Scene BVH | Building BVH
Fra:1 Mem:12.65M (Peak 13.32M) | Time:00:00.00 | Mem:0.19M, Peak:0.19M | Scene, ViewLayer | Updating Scene BVH | Building BVH 0%
Fra:1 Mem:12.65M (Peak 13.32M) | Time:00:00.00 | Mem:0.32M, Peak:0.43M | Scene, ViewLayer | Updating Scene BVH | Copying BVH to device
Fra:1 Mem:12.65M (Peak 13.32M) | Time:00:00.00 | Mem:0.32M, Peak:0.43M | Scene, ViewLayer | Updating Mesh | Computing normals
Fra:1 Mem:12.75M (Peak 13.32M) | Time:00:00.00 | Mem:0.32M, Peak:0.43M | Scene, ViewLayer | Updating Mesh | Copying Mesh to device
Fra:1 Mem:12.75M (Peak 13.32M) | Time:00:00.00 | Mem:0.42M, Peak:0.43M | Scene, ViewLayer | Updating Objects Flags
Fra:1 Mem:12.75M (Peak 13.32M) | Time:00:00.00 | Mem:0.42M, Peak:0.43M | Scene, ViewLayer | Updating Primitive Offsets
Fra:1 Mem:12.75M (Peak 13.32M) | Time:00:00.00 | Mem:0.42M, Peak:0.43M | Scene, ViewLayer | Updating Images
Fra:1 Mem:12.75M (Peak 13.32M) | Time:00:00.00 | Mem:0.42M, Peak:0.43M | Scene, ViewLayer | Updating Camera Volume
Fra:1 Mem:12.75M (Peak 13.32M) | Time:00:00.00 | Mem:0.42M, Peak:0.43M | Scene, ViewLayer | Updating Lookup Tables
Fra:1 Mem:12.75M (Peak 13.32M) | Time:00:00.00 | Mem:0.50M, Peak:0.50M | Scene, ViewLayer | Updating Lights
Fra:1 Mem:12.75M (Peak 13.32M) | Time:00:00.00 | Mem:0.50M, Peak:0.50M | Scene, ViewLayer | Updating Lights | Computing tree
Fra:1 Mem:12.75M (Peak 13.32M) | Time:00:00.00 | Mem:0.50M, Peak:0.50M | Scene, ViewLayer | Updating Integrator
Fra:1 Mem:12.75M (Peak 13.32M) | Time:00:00.00 | Mem:0.50M, Peak:0.50M | Scene, ViewLayer | Updating Film
Fra:1 Mem:12.75M (Peak 13.32M) | Time:00:00.00 | Mem:0.42M, Peak:0.50M | Scene, ViewLayer | Updating Lookup Tables
Fra:1 Mem:12.75M (Peak 13.32M) | Time:00:00.00 | Mem:0.50M, Peak:0.50M | Scene, ViewLayer | Updating Baking
Fra:1 Mem:12.75M (Peak 13.32M) | Time:00:00.00 | Mem:0.50M, Peak:0.50M | Scene, ViewLayer | Updating Device | Writing constant memory
Fra:1 Mem:12.76M (Peak 13.32M) | Time:00:00.00 | Mem:0.50M, Peak:0.50M | Scene, ViewLayer | Loading denoising kernels (may take a few minutes the first time)
Fra:1 Mem:12.76M (Peak 13.32M) | Time:00:00.00 | Mem:0.50M, Peak:0.50M | Scene, ViewLayer | Sample 0/16
Fra:1 Mem:41.30M (Peak 41.30M) | Time:00:00.06 | Remaining:00:00.93 | Mem:29.00M, Peak:29.00M | Scene, ViewLayer | Sample 1/16
Fra:1 Mem:53.30M (Peak 71.30M) | Time:00:03.19 | Mem:29.00M, Peak:29.00M | Scene, ViewLayer | Sample 16/16
Fra:1 Mem:53.30M (Peak 71.30M) | Time:00:03.19 | Mem:29.00M, Peak:29.00M | Scene, ViewLayer | Finished
Saved: '/workspace/scratch/a29d03198654/Aether/candidates/round40-exclusive-20260930/source-assets/cloud-sea46/original41-back.png'
Time: 00:03.23 (Saving: 00:00.03)

Fra:1 Mem:13.12M (Peak 13.12M) | Time:00:00.00 | Mem:0.00M, Peak:0.00M | Scene, ViewLayer | Synchronizing object | cloud_sea_41_0_connected_body_0
Fra:1 Mem:13.12M (Peak 13.12M) | Time:00:00.00 | Mem:0.00M, Peak:0.00M | Scene, ViewLayer | Synchronizing object | cloud_sea_41_0_connected_body_2
Fra:1 Mem:13.16M (Peak 13.16M) | Time:00:00.00 | Mem:0.00M, Peak:0.00M | Scene, ViewLayer | Synchronizing object | cloud_sea_41_0_unequal_crown_0
Fra:1 Mem:13.16M (Peak 13.16M) | Time:00:00.00 | Mem:0.00M, Peak:0.00M | Scene, ViewLayer | Synchronizing object | cloud_sea_41_0_unequal_crown_1
Fra:1 Mem:13.17M (Peak 13.17M) | Time:00:00.00 | Mem:0.00M, Peak:0.00M | Scene, ViewLayer | Synchronizing object | cloud_sea_41_0_unequal_crown_2
Fra:1 Mem:13.21M (Peak 13.21M) | Time:00:00.00 | Mem:0.00M, Peak:0.00M | Scene, ViewLayer | Synchronizing object | Sun
Fra:1 Mem:13.21M (Peak 13.21M) | Time:00:00.00 | Mem:0.00M, Peak:0.00M | Scene, ViewLayer | Synchronizing object | cloud_sea_41_0_low_wisp_7
Fra:1 Mem:13.23M (Peak 13.23M) | Time:00:00.00 | Mem:0.00M, Peak:0.00M | Scene, ViewLayer | Synchronizing object | cloud_sea_41_0_low_wisp_6
Fra:1 Mem:13.23M (Peak 13.23M) | Time:00:00.00 | Mem:0.00M, Peak:0.00M | Scene, ViewLayer | Synchronizing object | cloud_sea_41_0_unequal_crown_6
Fra:1 Mem:13.25M (Peak 13.25M) | Time:00:00.00 | Mem:0.00M, Peak:0.00M | Scene, ViewLayer | Synchronizing object | cloud_sea_41_0_low_wisp_5
Fra:1 Mem:13.26M (Peak 13.26M) | Time:00:00.00 | Mem:0.00M, Peak:0.00M | Scene, ViewLayer | Synchronizing object | cloud_sea_41_0_unequal_crown_8
Fra:1 Mem:13.26M (Peak 13.26M) | Time:00:00.00 | Mem:0.00M, Peak:0.00M | Scene, ViewLayer | Synchronizing object | cloud_sea_41_0_low_wisp_4
Fra:1 Mem:13.27M (Peak 13.27M) | Time:00:00.00 | Mem:0.00M, Peak:0.00M | Scene, ViewLayer | Synchronizing object | cloud_sea_41_0_low_wisp_0
Fra:1 Mem:13.27M (Peak 13.27M) | Time:00:00.00 | Mem:0.00M, Peak:0.00M | Scene, ViewLayer | Synchronizing object | cloud_sea_41_0_low_wisp_3
Fra:1 Mem:13.28M (Peak 13.28M) | Time:00:00.00 | Mem:0.00M, Peak:0.00M | Scene, ViewLayer | Synchronizing object | cloud_sea_41_0_low_wisp_1
Fra:1 Mem:13.29M (Peak 13.29M) | Time:00:00.00 | Mem:0.00M, Peak:0.00M | Scene, ViewLayer | Synchronizing object | cloud_sea_41_0_low_wisp_2
Fra:1 Mem:13.32M (Peak 13.32M) | Time:00:00.00 | Mem:0.00M, Peak:0.00M | Scene, ViewLayer | Initializing
Fra:1 Mem:12.49M (Peak 13.32M) | Time:00:00.00 | Mem:0.00M, Peak:0.00M | Scene, ViewLayer | Waiting for render to start
Fra:1 Mem:12.49M (Peak 13.32M) | Time:00:00.00 | Mem:0.00M, Peak:0.00M | Scene, ViewLayer | Updating Scene
Fra:1 Mem:12.49M (Peak 13.32M) | Time:00:00.00 | Mem:0.00M, Peak:0.00M | Scene, ViewLayer | Updating Shaders
Fra:1 Mem:12.49M (Peak 13.32M) | Time:00:00.00 | Mem:0.00M, Peak:0.00M | Scene, ViewLayer | Loading render kernels (may take a few minutes the first time)
Fra:1 Mem:12.57M (Peak 13.32M) | Time:00:00.00 | Mem:0.00M, Peak:0.00M | Scene, ViewLayer | Updating Procedurals
Fra:1 Mem:12.57M (Peak 13.32M) | Time:00:00.00 | Mem:0.00M, Peak:0.00M | Scene, ViewLayer | Updating Background
Fra:1 Mem:12.57M (Peak 13.32M) | Time:00:00.00 | Mem:0.00M, Peak:0.00M | Scene, ViewLayer | Updating Camera
Fra:1 Mem:12.57M (Peak 13.32M) | Time:00:00.00 | Mem:0.00M, Peak:0.00M | Scene, ViewLayer | Updating Meshes Flags
Fra:1 Mem:12.57M (Peak 13.32M) | Time:00:00.00 | Mem:0.00M, Peak:0.00M | Scene, ViewLayer | Updating Objects
Fra:1 Mem:12.57M (Peak 13.32M) | Time:00:00.00 | Mem:0.00M, Peak:0.00M | Scene, ViewLayer | Updating Objects | Copying Transformations to device
Fra:1 Mem:12.58M (Peak 13.32M) | Time:00:00.00 | Mem:0.01M, Peak:0.01M | Scene, ViewLayer | Updating Particle Systems
Fra:1 Mem:12.58M (Peak 13.32M) | Time:00:00.00 | Mem:0.01M, Peak:0.01M | Scene, ViewLayer | Updating Particle Systems | Copying Particles to device
Fra:1 Mem:12.58M (Peak 13.32M) | Time:00:00.00 | Mem:0.01M, Peak:0.01M | Scene, ViewLayer | Updating Meshes
Fra:1 Mem:12.58M (Peak 13.32M) | Time:00:00.00 | Mem:0.01M, Peak:0.01M | Scene, ViewLayer | Updating Objects | Applying Static Transformations
Fra:1 Mem:12.58M (Peak 13.32M) | Time:00:00.00 | Mem:0.01M, Peak:0.01M | Scene, ViewLayer | Updating Mesh | Computing attributes
Fra:1 Mem:12.65M (Peak 13.32M) | Time:00:00.00 | Mem:0.01M, Peak:0.01M | Scene, ViewLayer | Updating Mesh | Copying Attributes to device
Fra:1 Mem:12.65M (Peak 13.32M) | Time:00:00.00 | Mem:0.07M, Peak:0.07M | Scene, ViewLayer | Updating Scene BVH | Building
Fra:1 Mem:12.65M (Peak 13.32M) | Time:00:00.00 | Mem:0.07M, Peak:0.07M | Scene, ViewLayer | Updating Scene BVH | Building BVH
Fra:1 Mem:12.65M (Peak 13.32M) | Time:00:00.00 | Mem:0.19M, Peak:0.19M | Scene, ViewLayer | Updating Scene BVH | Building BVH 0%
Fra:1 Mem:12.65M (Peak 13.32M) | Time:00:00.00 | Mem:0.32M, Peak:0.43M | Scene, ViewLayer | Updating Scene BVH | Copying BVH to device
Fra:1 Mem:12.65M (Peak 13.32M) | Time:00:00.00 | Mem:0.32M, Peak:0.43M | Scene, ViewLayer | Updating Mesh | Computing normals
Fra:1 Mem:12.75M (Peak 13.32M) | Time:00:00.00 | Mem:0.32M, Peak:0.43M | Scene, ViewLayer | Updating Mesh | Copying Mesh to device
Fra:1 Mem:12.75M (Peak 13.32M) | Time:00:00.00 | Mem:0.42M, Peak:0.43M | Scene, ViewLayer | Updating Objects Flags
Fra:1 Mem:12.75M (Peak 13.32M) | Time:00:00.00 | Mem:0.42M, Peak:0.43M | Scene, ViewLayer | Updating Primitive Offsets
Fra:1 Mem:12.75M (Peak 13.32M) | Time:00:00.00 | Mem:0.42M, Peak:0.43M | Scene, ViewLayer | Updating Images
Fra:1 Mem:12.75M (Peak 13.32M) | Time:00:00.00 | Mem:0.42M, Peak:0.43M | Scene, ViewLayer | Updating Camera Volume
Fra:1 Mem:12.75M (Peak 13.32M) | Time:00:00.00 | Mem:0.42M, Peak:0.43M | Scene, ViewLayer | Updating Lookup Tables
Fra:1 Mem:12.75M (Peak 13.32M) | Time:00:00.00 | Mem:0.50M, Peak:0.50M | Scene, ViewLayer | Updating Lights
Fra:1 Mem:12.75M (Peak 13.32M) | Time:00:00.00 | Mem:0.50M, Peak:0.50M | Scene, ViewLayer | Updating Lights | Computing tree
Fra:1 Mem:12.75M (Peak 13.32M) | Time:00:00.00 | Mem:0.50M, Peak:0.50M | Scene, ViewLayer | Updating Integrator
Fra:1 Mem:12.75M (Peak 13.32M) | Time:00:00.00 | Mem:0.50M, Peak:0.50M | Scene, ViewLayer | Updating Film
Fra:1 Mem:12.75M (Peak 13.32M) | Time:00:00.00 | Mem:0.42M, Peak:0.50M | Scene, ViewLayer | Updating Lookup Tables
Fra:1 Mem:12.75M (Peak 13.32M) | Time:00:00.00 | Mem:0.50M, Peak:0.50M | Scene, ViewLayer | Updating Baking
Fra:1 Mem:12.75M (Peak 13.32M) | Time:00:00.00 | Mem:0.50M, Peak:0.50M | Scene, ViewLayer | Updating Device | Writing constant memory
Fra:1 Mem:12.76M (Peak 13.32M) | Time:00:00.00 | Mem:0.50M, Peak:0.50M | Scene, ViewLayer | Loading denoising kernels (may take a few minutes the first time)
Fra:1 Mem:12.76M (Peak 13.32M) | Time:00:00.00 | Mem:0.50M, Peak:0.50M | Scene, ViewLayer | Sample 0/16
Fra:1 Mem:41.30M (Peak 41.30M) | Time:00:00.07 | Remaining:00:01.04 | Mem:29.00M, Peak:29.00M | Scene, ViewLayer | Sample 1/16
Fra:1 Mem:53.30M (Peak 71.30M) | Time:00:03.35 | Mem:29.00M, Peak:29.00M | Scene, ViewLayer | Sample 16/16
Fra:1 Mem:53.30M (Peak 71.30M) | Time:00:03.35 | Mem:29.00M, Peak:29.00M | Scene, ViewLayer | Finished
Saved: '/workspace/scratch/a29d03198654/Aether/candidates/round40-exclusive-20260930/source-assets/cloud-sea46/original41-underside.png'
Time: 00:03.39 (Saving: 00:00.03)


Blender quit
