Extensions: writing cache failed ([Errno 30] Read-only file system: '/home/agent/.config/blender').
INFO Draco mesh compression is available, use library at /workspace/shared/feiting-tools/blender-4.5.14-linux-x64/4.5/scripts/addons_core/io_scene_gltf2/libextern_draco.so
03:53:32 | INFO: Starting glTF 2.0 export
03:53:32 | INFO: Extracting primitive: Lobe46_0_0
03:53:32 | INFO: Primitives created: 1
03:53:32 | INFO: Finished glTF 2.0 export in 0.009611129760742188 s

03:53:33 | INFO: Starting glTF 2.0 export
03:53:33 | INFO: Extracting primitive: Lobe46_1_0
03:53:33 | INFO: Primitives created: 1
03:53:33 | INFO: Finished glTF 2.0 export in 0.011816740036010742 s

03:53:33 | INFO: Starting glTF 2.0 export
03:53:33 | INFO: Extracting primitive: Lobe46_2_0
03:53:33 | INFO: Primitives created: 1
03:53:33 | INFO: Finished glTF 2.0 export in 0.011636018753051758 s
Blender 4.5.14 LTS (hash 62c1db4208e8 built 2026-09-15 01:31:19)
Fra:1 Mem:16.87M (Peak 16.87M) | Time:00:00.00 | Mem:0.00M, Peak:0.00M | Scene, ViewLayer | Synchronizing object | cloud_sea_46_0_continuous_crown
Fra:1 Mem:16.87M (Peak 16.87M) | Time:00:00.00 | Mem:0.00M, Peak:0.00M | Scene, ViewLayer | Synchronizing object | Sun
Fra:1 Mem:17.31M (Peak 17.31M) | Time:00:00.00 | Mem:0.00M, Peak:0.00M | Scene, ViewLayer | Initializing
Fra:1 Mem:17.11M (Peak 17.31M) | Time:00:00.00 | Mem:0.00M, Peak:0.00M | Scene, ViewLayer | Waiting for render to start
Fra:1 Mem:17.11M (Peak 17.31M) | Time:00:00.00 | Mem:0.00M, Peak:0.00M | Scene, ViewLayer | Updating Scene
Fra:1 Mem:17.11M (Peak 17.31M) | Time:00:00.00 | Mem:0.00M, Peak:0.00M | Scene, ViewLayer | Updating Shaders
Fra:1 Mem:17.11M (Peak 17.31M) | Time:00:00.00 | Mem:0.00M, Peak:0.00M | Scene, ViewLayer | Loading render kernels (may take a few minutes the first time)
Fra:1 Mem:17.19M (Peak 17.31M) | Time:00:00.00 | Mem:0.00M, Peak:0.00M | Scene, ViewLayer | Updating Procedurals
Fra:1 Mem:17.19M (Peak 17.31M) | Time:00:00.00 | Mem:0.00M, Peak:0.00M | Scene, ViewLayer | Updating Background
Fra:1 Mem:17.19M (Peak 17.31M) | Time:00:00.00 | Mem:0.00M, Peak:0.00M | Scene, ViewLayer | Updating Camera
Fra:1 Mem:17.19M (Peak 17.31M) | Time:00:00.00 | Mem:0.00M, Peak:0.00M | Scene, ViewLayer | Updating Meshes Flags
Fra:1 Mem:17.19M (Peak 17.31M) | Time:00:00.00 | Mem:0.00M, Peak:0.00M | Scene, ViewLayer | Updating Objects
Fra:1 Mem:17.19M (Peak 17.31M) | Time:00:00.00 | Mem:0.00M, Peak:0.00M | Scene, ViewLayer | Updating Objects | Copying Transformations to device
Fra:1 Mem:17.19M (Peak 17.31M) | Time:00:00.00 | Mem:0.00M, Peak:0.00M | Scene, ViewLayer | Updating Particle Systems
Fra:1 Mem:17.19M (Peak 17.31M) | Time:00:00.00 | Mem:0.00M, Peak:0.00M | Scene, ViewLayer | Updating Particle Systems | Copying Particles to device
Fra:1 Mem:17.19M (Peak 17.31M) | Time:00:00.00 | Mem:0.00M, Peak:0.00M | Scene, ViewLayer | Updating Meshes
Fra:1 Mem:17.19M (Peak 17.31M) | Time:00:00.00 | Mem:0.00M, Peak:0.00M | Scene, ViewLayer | Updating Objects | Applying Static Transformations
Fra:1 Mem:17.19M (Peak 17.31M) | Time:00:00.00 | Mem:0.00M, Peak:0.00M | Scene, ViewLayer | Updating Mesh | Computing attributes
Fra:1 Mem:17.46M (Peak 17.46M) | Time:00:00.00 | Mem:0.00M, Peak:0.00M | Scene, ViewLayer | Updating Mesh | Copying Attributes to device
Fra:1 Mem:17.46M (Peak 17.46M) | Time:00:00.00 | Mem:0.27M, Peak:0.27M | Scene, ViewLayer | Updating Scene BVH | Building
Fra:1 Mem:17.46M (Peak 17.46M) | Time:00:00.00 | Mem:0.27M, Peak:0.27M | Scene, ViewLayer | Updating Scene BVH | Building BVH
Fra:1 Mem:17.46M (Peak 17.46M) | Time:00:00.00 | Mem:0.43M, Peak:0.43M | Scene, ViewLayer | Updating Scene BVH | Building BVH 0%
Fra:1 Mem:17.46M (Peak 17.46M) | Time:00:00.00 | Mem:0.63M, Peak:0.79M | Scene, ViewLayer | Updating Scene BVH | Copying BVH to device
Fra:1 Mem:17.46M (Peak 17.46M) | Time:00:00.00 | Mem:0.63M, Peak:0.79M | Scene, ViewLayer | Updating Mesh | Computing normals
Fra:1 Mem:17.60M (Peak 17.60M) | Time:00:00.00 | Mem:0.63M, Peak:0.79M | Scene, ViewLayer | Updating Mesh | Copying Mesh to device
Fra:1 Mem:17.60M (Peak 17.60M) | Time:00:00.00 | Mem:0.77M, Peak:0.79M | Scene, ViewLayer | Updating Objects Flags
Fra:1 Mem:17.60M (Peak 17.60M) | Time:00:00.00 | Mem:0.77M, Peak:0.79M | Scene, ViewLayer | Updating Primitive Offsets
Fra:1 Mem:17.60M (Peak 17.60M) | Time:00:00.00 | Mem:0.77M, Peak:0.79M | Scene, ViewLayer | Updating Images
Fra:1 Mem:17.60M (Peak 17.60M) | Time:00:00.00 | Mem:0.77M, Peak:0.79M | Scene, ViewLayer | Updating Camera Volume
Fra:1 Mem:17.60M (Peak 17.60M) | Time:00:00.00 | Mem:0.77M, Peak:0.79M | Scene, ViewLayer | Updating Lookup Tables
Fra:1 Mem:17.60M (Peak 17.60M) | Time:00:00.00 | Mem:0.85M, Peak:0.85M | Scene, ViewLayer | Updating Lights
Fra:1 Mem:17.60M (Peak 17.60M) | Time:00:00.00 | Mem:0.85M, Peak:0.85M | Scene, ViewLayer | Updating Lights | Computing tree
Fra:1 Mem:17.60M (Peak 17.60M) | Time:00:00.00 | Mem:0.85M, Peak:0.85M | Scene, ViewLayer | Updating Integrator
Fra:1 Mem:17.60M (Peak 17.60M) | Time:00:00.00 | Mem:0.85M, Peak:0.85M | Scene, ViewLayer | Updating Film
Fra:1 Mem:17.60M (Peak 17.60M) | Time:00:00.00 | Mem:0.77M, Peak:0.85M | Scene, ViewLayer | Updating Lookup Tables
Fra:1 Mem:17.60M (Peak 17.60M) | Time:00:00.00 | Mem:0.86M, Peak:0.86M | Scene, ViewLayer | Updating Baking
Fra:1 Mem:17.60M (Peak 17.60M) | Time:00:00.00 | Mem:0.86M, Peak:0.86M | Scene, ViewLayer | Updating Device | Writing constant memory
Fra:1 Mem:17.61M (Peak 17.61M) | Time:00:00.00 | Mem:0.86M, Peak:0.86M | Scene, ViewLayer | Loading denoising kernels (may take a few minutes the first time)
Fra:1 Mem:17.61M (Peak 17.61M) | Time:00:00.00 | Mem:0.86M, Peak:0.86M | Scene, ViewLayer | Sample 0/20
Fra:1 Mem:59.43M (Peak 59.43M) | Time:00:00.09 | Remaining:00:01.60 | Mem:42.60M, Peak:42.60M | Scene, ViewLayer | Sample 1/20
Fra:1 Mem:77.02M (Peak 103.38M) | Time:00:04.32 | Mem:42.60M, Peak:42.60M | Scene, ViewLayer | Sample 20/20
Fra:1 Mem:77.02M (Peak 103.38M) | Time:00:04.32 | Mem:42.60M, Peak:42.60M | Scene, ViewLayer | Finished
Saved: '/workspace/scratch/a29d03198654/Aether/candidates/round40-exclusive-20260930/source-assets/cloud-sea46/sea46-0-front.png'
Time: 00:04.44 (Saving: 00:00.12)

Fra:1 Mem:16.87M (Peak 16.87M) | Time:00:00.00 | Mem:0.00M, Peak:0.00M | Scene, ViewLayer | Synchronizing object | cloud_sea_46_0_continuous_crown
Fra:1 Mem:16.87M (Peak 16.87M) | Time:00:00.00 | Mem:0.00M, Peak:0.00M | Scene, ViewLayer | Synchronizing object | Sun
Fra:1 Mem:17.31M (Peak 17.31M) | Time:00:00.00 | Mem:0.00M, Peak:0.00M | Scene, ViewLayer | Initializing
Fra:1 Mem:17.11M (Peak 17.31M) | Time:00:00.00 | Mem:0.00M, Peak:0.00M | Scene, ViewLayer | Waiting for render to start
Fra:1 Mem:17.11M (Peak 17.31M) | Time:00:00.00 | Mem:0.00M, Peak:0.00M | Scene, ViewLayer | Updating Scene
Fra:1 Mem:17.11M (Peak 17.31M) | Time:00:00.00 | Mem:0.00M, Peak:0.00M | Scene, ViewLayer | Updating Shaders
Fra:1 Mem:17.11M (Peak 17.31M) | Time:00:00.00 | Mem:0.00M, Peak:0.00M | Scene, ViewLayer | Loading render kernels (may take a few minutes the first time)
Fra:1 Mem:17.19M (Peak 17.31M) | Time:00:00.00 | Mem:0.00M, Peak:0.00M | Scene, ViewLayer | Updating Procedurals
Fra:1 Mem:17.19M (Peak 17.31M) | Time:00:00.00 | Mem:0.00M, Peak:0.00M | Scene, ViewLayer | Updating Background
Fra:1 Mem:17.19M (Peak 17.31M) | Time:00:00.00 | Mem:0.00M, Peak:0.00M | Scene, ViewLayer | Updating Camera
Fra:1 Mem:17.19M (Peak 17.31M) | Time:00:00.00 | Mem:0.00M, Peak:0.00M | Scene, ViewLayer | Updating Meshes Flags
Fra:1 Mem:17.19M (Peak 17.31M) | Time:00:00.00 | Mem:0.00M, Peak:0.00M | Scene, ViewLayer | Updating Objects
Fra:1 Mem:17.19M (Peak 17.31M) | Time:00:00.00 | Mem:0.00M, Peak:0.00M | Scene, ViewLayer | Updating Objects | Copying Transformations to device
Fra:1 Mem:17.19M (Peak 17.31M) | Time:00:00.00 | Mem:0.00M, Peak:0.00M | Scene, ViewLayer | Updating Particle Systems
Fra:1 Mem:17.19M (Peak 17.31M) | Time:00:00.00 | Mem:0.00M, Peak:0.00M | Scene, ViewLayer | Updating Particle Systems | Copying Particles to device
Fra:1 Mem:17.19M (Peak 17.31M) | Time:00:00.00 | Mem:0.00M, Peak:0.00M | Scene, ViewLayer | Updating Meshes
Fra:1 Mem:17.19M (Peak 17.31M) | Time:00:00.00 | Mem:0.00M, Peak:0.00M | Scene, ViewLayer | Updating Objects | Applying Static Transformations
Fra:1 Mem:17.19M (Peak 17.31M) | Time:00:00.00 | Mem:0.00M, Peak:0.00M | Scene, ViewLayer | Updating Mesh | Computing attributes
Fra:1 Mem:17.46M (Peak 17.46M) | Time:00:00.00 | Mem:0.00M, Peak:0.00M | Scene, ViewLayer | Updating Mesh | Copying Attributes to device
Fra:1 Mem:17.46M (Peak 17.46M) | Time:00:00.00 | Mem:0.27M, Peak:0.27M | Scene, ViewLayer | Updating Scene BVH | Building
Fra:1 Mem:17.46M (Peak 17.46M) | Time:00:00.00 | Mem:0.27M, Peak:0.27M | Scene, ViewLayer | Updating Scene BVH | Building BVH
Fra:1 Mem:17.46M (Peak 17.46M) | Time:00:00.00 | Mem:0.43M, Peak:0.43M | Scene, ViewLayer | Updating Scene BVH | Building BVH 0%
Fra:1 Mem:17.46M (Peak 17.46M) | Time:00:00.00 | Mem:0.63M, Peak:0.79M | Scene, ViewLayer | Updating Scene BVH | Copying BVH to device
Fra:1 Mem:17.46M (Peak 17.46M) | Time:00:00.00 | Mem:0.63M, Peak:0.79M | Scene, ViewLayer | Updating Mesh | Computing normals
Fra:1 Mem:17.60M (Peak 17.60M) | Time:00:00.00 | Mem:0.63M, Peak:0.79M | Scene, ViewLayer | Updating Mesh | Copying Mesh to device
Fra:1 Mem:17.60M (Peak 17.60M) | Time:00:00.00 | Mem:0.77M, Peak:0.79M | Scene, ViewLayer | Updating Objects Flags
Fra:1 Mem:17.60M (Peak 17.60M) | Time:00:00.00 | Mem:0.77M, Peak:0.79M | Scene, ViewLayer | Updating Primitive Offsets
Fra:1 Mem:17.60M (Peak 17.60M) | Time:00:00.00 | Mem:0.77M, Peak:0.79M | Scene, ViewLayer | Updating Images
Fra:1 Mem:17.60M (Peak 17.60M) | Time:00:00.00 | Mem:0.77M, Peak:0.79M | Scene, ViewLayer | Updating Camera Volume
Fra:1 Mem:17.60M (Peak 17.60M) | Time:00:00.00 | Mem:0.77M, Peak:0.79M | Scene, ViewLayer | Updating Lookup Tables
Fra:1 Mem:17.60M (Peak 17.60M) | Time:00:00.00 | Mem:0.85M, Peak:0.85M | Scene, ViewLayer | Updating Lights
Fra:1 Mem:17.60M (Peak 17.60M) | Time:00:00.00 | Mem:0.85M, Peak:0.85M | Scene, ViewLayer | Updating Lights | Computing tree
Fra:1 Mem:17.60M (Peak 17.60M) | Time:00:00.00 | Mem:0.85M, Peak:0.85M | Scene, ViewLayer | Updating Integrator
Fra:1 Mem:17.60M (Peak 17.60M) | Time:00:00.00 | Mem:0.85M, Peak:0.85M | Scene, ViewLayer | Updating Film
Fra:1 Mem:17.60M (Peak 17.60M) | Time:00:00.00 | Mem:0.77M, Peak:0.85M | Scene, ViewLayer | Updating Lookup Tables
Fra:1 Mem:17.60M (Peak 17.60M) | Time:00:00.00 | Mem:0.86M, Peak:0.86M | Scene, ViewLayer | Updating Baking
Fra:1 Mem:17.60M (Peak 17.60M) | Time:00:00.00 | Mem:0.86M, Peak:0.86M | Scene, ViewLayer | Updating Device | Writing constant memory
Fra:1 Mem:17.61M (Peak 17.61M) | Time:00:00.00 | Mem:0.86M, Peak:0.86M | Scene, ViewLayer | Loading denoising kernels (may take a few minutes the first time)
Fra:1 Mem:17.61M (Peak 17.61M) | Time:00:00.00 | Mem:0.86M, Peak:0.86M | Scene, ViewLayer | Sample 0/20
Fra:1 Mem:59.43M (Peak 59.43M) | Time:00:00.07 | Remaining:00:01.32 | Mem:42.60M, Peak:42.60M | Scene, ViewLayer | Sample 1/20
Fra:1 Mem:77.02M (Peak 103.38M) | Time:00:04.23 | Mem:42.60M, Peak:42.60M | Scene, ViewLayer | Sample 20/20
Fra:1 Mem:77.02M (Peak 103.38M) | Time:00:04.23 | Mem:42.60M, Peak:42.60M | Scene, ViewLayer | Finished
Saved: '/workspace/scratch/a29d03198654/Aether/candidates/round40-exclusive-20260930/source-assets/cloud-sea46/sea46-0-back.png'
Time: 00:04.29 (Saving: 00:00.05)

Fra:1 Mem:16.87M (Peak 16.87M) | Time:00:00.00 | Mem:0.00M, Peak:0.00M | Scene, ViewLayer | Synchronizing object | cloud_sea_46_0_continuous_crown
Fra:1 Mem:16.87M (Peak 16.87M) | Time:00:00.00 | Mem:0.00M, Peak:0.00M | Scene, ViewLayer | Synchronizing object | Sun
Fra:1 Mem:17.31M (Peak 17.31M) | Time:00:00.00 | Mem:0.00M, Peak:0.00M | Scene, ViewLayer | Initializing
Fra:1 Mem:17.11M (Peak 17.31M) | Time:00:00.00 | Mem:0.00M, Peak:0.00M | Scene, ViewLayer | Waiting for render to start
Fra:1 Mem:17.11M (Peak 17.31M) | Time:00:00.00 | Mem:0.00M, Peak:0.00M | Scene, ViewLayer | Updating Scene
Fra:1 Mem:17.11M (Peak 17.31M) | Time:00:00.00 | Mem:0.00M, Peak:0.00M | Scene, ViewLayer | Updating Shaders
Fra:1 Mem:17.11M (Peak 17.31M) | Time:00:00.00 | Mem:0.00M, Peak:0.00M | Scene, ViewLayer | Loading render kernels (may take a few minutes the first time)
Fra:1 Mem:17.19M (Peak 17.31M) | Time:00:00.00 | Mem:0.00M, Peak:0.00M | Scene, ViewLayer | Updating Procedurals
Fra:1 Mem:17.19M (Peak 17.31M) | Time:00:00.00 | Mem:0.00M, Peak:0.00M | Scene, ViewLayer | Updating Background
Fra:1 Mem:17.19M (Peak 17.31M) | Time:00:00.00 | Mem:0.00M, Peak:0.00M | Scene, ViewLayer | Updating Camera
Fra:1 Mem:17.19M (Peak 17.31M) | Time:00:00.00 | Mem:0.00M, Peak:0.00M | Scene, ViewLayer | Updating Meshes Flags
Fra:1 Mem:17.19M (Peak 17.31M) | Time:00:00.00 | Mem:0.00M, Peak:0.00M | Scene, ViewLayer | Updating Objects
Fra:1 Mem:17.19M (Peak 17.31M) | Time:00:00.00 | Mem:0.00M, Peak:0.00M | Scene, ViewLayer | Updating Objects | Copying Transformations to device
Fra:1 Mem:17.19M (Peak 17.31M) | Time:00:00.00 | Mem:0.00M, Peak:0.00M | Scene, ViewLayer | Updating Particle Systems
Fra:1 Mem:17.19M (Peak 17.31M) | Time:00:00.00 | Mem:0.00M, Peak:0.00M | Scene, ViewLayer | Updating Particle Systems | Copying Particles to device
Fra:1 Mem:17.19M (Peak 17.31M) | Time:00:00.00 | Mem:0.00M, Peak:0.00M | Scene, ViewLayer | Updating Meshes
Fra:1 Mem:17.19M (Peak 17.31M) | Time:00:00.00 | Mem:0.00M, Peak:0.00M | Scene, ViewLayer | Updating Objects | Applying Static Transformations
Fra:1 Mem:17.19M (Peak 17.31M) | Time:00:00.00 | Mem:0.00M, Peak:0.00M | Scene, ViewLayer | Updating Mesh | Computing attributes
Fra:1 Mem:17.46M (Peak 17.46M) | Time:00:00.00 | Mem:0.00M, Peak:0.00M | Scene, ViewLayer | Updating Mesh | Copying Attributes to device
Fra:1 Mem:17.46M (Peak 17.46M) | Time:00:00.00 | Mem:0.27M, Peak:0.27M | Scene, ViewLayer | Updating Scene BVH | Building
Fra:1 Mem:17.46M (Peak 17.46M) | Time:00:00.00 | Mem:0.27M, Peak:0.27M | Scene, ViewLayer | Updating Scene BVH | Building BVH
Fra:1 Mem:17.46M (Peak 17.46M) | Time:00:00.00 | Mem:0.43M, Peak:0.43M | Scene, ViewLayer | Updating Scene BVH | Building BVH 0%
Fra:1 Mem:17.46M (Peak 17.46M) | Time:00:00.00 | Mem:0.63M, Peak:0.79M | Scene, ViewLayer | Updating Scene BVH | Copying BVH to device
Fra:1 Mem:17.46M (Peak 17.46M) | Time:00:00.00 | Mem:0.63M, Peak:0.79M | Scene, ViewLayer | Updating Mesh | Computing normals
Fra:1 Mem:17.60M (Peak 17.60M) | Time:00:00.00 | Mem:0.63M, Peak:0.79M | Scene, ViewLayer | Updating Mesh | Copying Mesh to device
Fra:1 Mem:17.60M (Peak 17.60M) | Time:00:00.00 | Mem:0.77M, Peak:0.79M | Scene, ViewLayer | Updating Objects Flags
Fra:1 Mem:17.60M (Peak 17.60M) | Time:00:00.00 | Mem:0.77M, Peak:0.79M | Scene, ViewLayer | Updating Primitive Offsets
Fra:1 Mem:17.60M (Peak 17.60M) | Time:00:00.00 | Mem:0.77M, Peak:0.79M | Scene, ViewLayer | Updating Images
Fra:1 Mem:17.60M (Peak 17.60M) | Time:00:00.00 | Mem:0.77M, Peak:0.79M | Scene, ViewLayer | Updating Camera Volume
Fra:1 Mem:17.60M (Peak 17.60M) | Time:00:00.00 | Mem:0.77M, Peak:0.79M | Scene, ViewLayer | Updating Lookup Tables
Fra:1 Mem:17.60M (Peak 17.60M) | Time:00:00.00 | Mem:0.85M, Peak:0.85M | Scene, ViewLayer | Updating Lights
Fra:1 Mem:17.60M (Peak 17.60M) | Time:00:00.00 | Mem:0.85M, Peak:0.85M | Scene, ViewLayer | Updating Lights | Computing tree
Fra:1 Mem:17.60M (Peak 17.60M) | Time:00:00.00 | Mem:0.85M, Peak:0.85M | Scene, ViewLayer | Updating Integrator
Fra:1 Mem:17.60M (Peak 17.60M) | Time:00:00.00 | Mem:0.85M, Peak:0.85M | Scene, ViewLayer | Updating Film
Fra:1 Mem:17.60M (Peak 17.60M) | Time:00:00.00 | Mem:0.77M, Peak:0.85M | Scene, ViewLayer | Updating Lookup Tables
Fra:1 Mem:17.60M (Peak 17.60M) | Time:00:00.00 | Mem:0.86M, Peak:0.86M | Scene, ViewLayer | Updating Baking
Fra:1 Mem:17.60M (Peak 17.60M) | Time:00:00.00 | Mem:0.86M, Peak:0.86M | Scene, ViewLayer | Updating Device | Writing constant memory
Fra:1 Mem:17.61M (Peak 17.61M) | Time:00:00.00 | Mem:0.86M, Peak:0.86M | Scene, ViewLayer | Loading denoising kernels (may take a few minutes the first time)
Fra:1 Mem:17.61M (Peak 17.61M) | Time:00:00.00 | Mem:0.86M, Peak:0.86M | Scene, ViewLayer | Sample 0/20
Fra:1 Mem:59.43M (Peak 59.43M) | Time:00:00.07 | Remaining:00:01.24 | Mem:42.60M, Peak:42.60M | Scene, ViewLayer | Sample 1/20
Fra:1 Mem:77.02M (Peak 103.38M) | Time:00:03.99 | Mem:42.60M, Peak:42.60M | Scene, ViewLayer | Sample 20/20
Fra:1 Mem:77.02M (Peak 103.38M) | Time:00:03.99 | Mem:42.60M, Peak:42.60M | Scene, ViewLayer | Finished
Saved: '/workspace/scratch/a29d03198654/Aether/candidates/round40-exclusive-20260930/source-assets/cloud-sea46/sea46-0-side.png'
Time: 00:04.05 (Saving: 00:00.05)

Fra:1 Mem:16.87M (Peak 16.87M) | Time:00:00.00 | Mem:0.00M, Peak:0.00M | Scene, ViewLayer | Synchronizing object | cloud_sea_46_0_continuous_crown
Fra:1 Mem:16.87M (Peak 16.87M) | Time:00:00.00 | Mem:0.00M, Peak:0.00M | Scene, ViewLayer | Synchronizing object | Sun
Fra:1 Mem:17.31M (Peak 17.31M) | Time:00:00.00 | Mem:0.00M, Peak:0.00M | Scene, ViewLayer | Initializing
Fra:1 Mem:17.11M (Peak 17.31M) | Time:00:00.00 | Mem:0.00M, Peak:0.00M | Scene, ViewLayer | Waiting for render to start
Fra:1 Mem:17.11M (Peak 17.31M) | Time:00:00.00 | Mem:0.00M, Peak:0.00M | Scene, ViewLayer | Updating Scene
Fra:1 Mem:17.11M (Peak 17.31M) | Time:00:00.00 | Mem:0.00M, Peak:0.00M | Scene, ViewLayer | Updating Shaders
Fra:1 Mem:17.11M (Peak 17.31M) | Time:00:00.00 | Mem:0.00M, Peak:0.00M | Scene, ViewLayer | Loading render kernels (may take a few minutes the first time)
Fra:1 Mem:17.19M (Peak 17.31M) | Time:00:00.00 | Mem:0.00M, Peak:0.00M | Scene, ViewLayer | Updating Procedurals
Fra:1 Mem:17.19M (Peak 17.31M) | Time:00:00.00 | Mem:0.00M, Peak:0.00M | Scene, ViewLayer | Updating Background
Fra:1 Mem:17.19M (Peak 17.31M) | Time:00:00.00 | Mem:0.00M, Peak:0.00M | Scene, ViewLayer | Updating Camera
Fra:1 Mem:17.19M (Peak 17.31M) | Time:00:00.00 | Mem:0.00M, Peak:0.00M | Scene, ViewLayer | Updating Meshes Flags
Fra:1 Mem:17.19M (Peak 17.31M) | Time:00:00.00 | Mem:0.00M, Peak:0.00M | Scene, ViewLayer | Updating Objects
Fra:1 Mem:17.19M (Peak 17.31M) | Time:00:00.00 | Mem:0.00M, Peak:0.00M | Scene, ViewLayer | Updating Objects | Copying Transformations to device
Fra:1 Mem:17.19M (Peak 17.31M) | Time:00:00.00 | Mem:0.00M, Peak:0.00M | Scene, ViewLayer | Updating Particle Systems
Fra:1 Mem:17.19M (Peak 17.31M) | Time:00:00.00 | Mem:0.00M, Peak:0.00M | Scene, ViewLayer | Updating Particle Systems | Copying Particles to device
Fra:1 Mem:17.19M (Peak 17.31M) | Time:00:00.00 | Mem:0.00M, Peak:0.00M | Scene, ViewLayer | Updating Meshes
Fra:1 Mem:17.19M (Peak 17.31M) | Time:00:00.00 | Mem:0.00M, Peak:0.00M | Scene, ViewLayer | Updating Objects | Applying Static Transformations
Fra:1 Mem:17.19M (Peak 17.31M) | Time:00:00.00 | Mem:0.00M, Peak:0.00M | Scene, ViewLayer | Updating Mesh | Computing attributes
Fra:1 Mem:17.46M (Peak 17.46M) | Time:00:00.00 | Mem:0.00M, Peak:0.00M | Scene, ViewLayer | Updating Mesh | Copying Attributes to device
Fra:1 Mem:17.46M (Peak 17.46M) | Time:00:00.00 | Mem:0.27M, Peak:0.27M | Scene, ViewLayer | Updating Scene BVH | Building
Fra:1 Mem:17.46M (Peak 17.46M) | Time:00:00.00 | Mem:0.27M, Peak:0.27M | Scene, ViewLayer | Updating Scene BVH | Building BVH
Fra:1 Mem:17.46M (Peak 17.46M) | Time:00:00.00 | Mem:0.43M, Peak:0.43M | Scene, ViewLayer | Updating Scene BVH | Building BVH 0%
Fra:1 Mem:17.46M (Peak 17.46M) | Time:00:00.00 | Mem:0.63M, Peak:0.79M | Scene, ViewLayer | Updating Scene BVH | Copying BVH to device
Fra:1 Mem:17.46M (Peak 17.46M) | Time:00:00.00 | Mem:0.63M, Peak:0.79M | Scene, ViewLayer | Updating Mesh | Computing normals
Fra:1 Mem:17.60M (Peak 17.60M) | Time:00:00.00 | Mem:0.63M, Peak:0.79M | Scene, ViewLayer | Updating Mesh | Copying Mesh to device
Fra:1 Mem:17.60M (Peak 17.60M) | Time:00:00.00 | Mem:0.77M, Peak:0.79M | Scene, ViewLayer | Updating Objects Flags
Fra:1 Mem:17.60M (Peak 17.60M) | Time:00:00.00 | Mem:0.77M, Peak:0.79M | Scene, ViewLayer | Updating Primitive Offsets
Fra:1 Mem:17.60M (Peak 17.60M) | Time:00:00.00 | Mem:0.77M, Peak:0.79M | Scene, ViewLayer | Updating Images
Fra:1 Mem:17.60M (Peak 17.60M) | Time:00:00.00 | Mem:0.77M, Peak:0.79M | Scene, ViewLayer | Updating Camera Volume
Fra:1 Mem:17.60M (Peak 17.60M) | Time:00:00.00 | Mem:0.77M, Peak:0.79M | Scene, ViewLayer | Updating Lookup Tables
Fra:1 Mem:17.60M (Peak 17.60M) | Time:00:00.00 | Mem:0.85M, Peak:0.85M | Scene, ViewLayer | Updating Lights
Fra:1 Mem:17.60M (Peak 17.60M) | Time:00:00.00 | Mem:0.85M, Peak:0.85M | Scene, ViewLayer | Updating Lights | Computing tree
Fra:1 Mem:17.60M (Peak 17.60M) | Time:00:00.00 | Mem:0.85M, Peak:0.85M | Scene, ViewLayer | Updating Integrator
Fra:1 Mem:17.60M (Peak 17.60M) | Time:00:00.00 | Mem:0.85M, Peak:0.85M | Scene, ViewLayer | Updating Film
Fra:1 Mem:17.60M (Peak 17.60M) | Time:00:00.00 | Mem:0.77M, Peak:0.85M | Scene, ViewLayer | Updating Lookup Tables
Fra:1 Mem:17.60M (Peak 17.60M) | Time:00:00.00 | Mem:0.86M, Peak:0.86M | Scene, ViewLayer | Updating Baking
Fra:1 Mem:17.60M (Peak 17.60M) | Time:00:00.00 | Mem:0.86M, Peak:0.86M | Scene, ViewLayer | Updating Device | Writing constant memory
Fra:1 Mem:17.61M (Peak 17.61M) | Time:00:00.00 | Mem:0.86M, Peak:0.86M | Scene, ViewLayer | Loading denoising kernels (may take a few minutes the first time)
Fra:1 Mem:17.61M (Peak 17.61M) | Time:00:00.00 | Mem:0.86M, Peak:0.86M | Scene, ViewLayer | Sample 0/20
Fra:1 Mem:59.43M (Peak 59.43M) | Time:00:00.09 | Remaining:00:01.71 | Mem:42.60M, Peak:42.60M | Scene, ViewLayer | Sample 1/20
Fra:1 Mem:77.02M (Peak 103.38M) | Time:00:04.64 | Mem:42.60M, Peak:42.60M | Scene, ViewLayer | Sample 20/20
Fra:1 Mem:77.02M (Peak 103.38M) | Time:00:04.64 | Mem:42.60M, Peak:42.60M | Scene, ViewLayer | Finished
Saved: '/workspace/scratch/a29d03198654/Aether/candidates/round40-exclusive-20260930/source-assets/cloud-sea46/sea46-0-underside.png'
Time: 00:04.69 (Saving: 00:00.05)

Fra:1 Mem:16.87M (Peak 16.87M) | Time:00:00.00 | Mem:0.00M, Peak:0.00M | Scene, ViewLayer | Synchronizing object | cloud_sea_46_0_continuous_crown
Fra:1 Mem:16.87M (Peak 16.87M) | Time:00:00.00 | Mem:0.00M, Peak:0.00M | Scene, ViewLayer | Synchronizing object | Sun
Fra:1 Mem:17.31M (Peak 17.31M) | Time:00:00.00 | Mem:0.00M, Peak:0.00M | Scene, ViewLayer | Initializing
Fra:1 Mem:17.11M (Peak 17.31M) | Time:00:00.00 | Mem:0.00M, Peak:0.00M | Scene, ViewLayer | Waiting for render to start
Fra:1 Mem:17.11M (Peak 17.31M) | Time:00:00.00 | Mem:0.00M, Peak:0.00M | Scene, ViewLayer | Updating Scene
Fra:1 Mem:17.11M (Peak 17.31M) | Time:00:00.00 | Mem:0.00M, Peak:0.00M | Scene, ViewLayer | Updating Shaders
Fra:1 Mem:17.11M (Peak 17.31M) | Time:00:00.00 | Mem:0.00M, Peak:0.00M | Scene, ViewLayer | Loading render kernels (may take a few minutes the first time)
Fra:1 Mem:17.19M (Peak 17.31M) | Time:00:00.00 | Mem:0.00M, Peak:0.00M | Scene, ViewLayer | Updating Procedurals
Fra:1 Mem:17.19M (Peak 17.31M) | Time:00:00.00 | Mem:0.00M, Peak:0.00M | Scene, ViewLayer | Updating Background
Fra:1 Mem:17.19M (Peak 17.31M) | Time:00:00.00 | Mem:0.00M, Peak:0.00M | Scene, ViewLayer | Updating Camera
Fra:1 Mem:17.19M (Peak 17.31M) | Time:00:00.00 | Mem:0.00M, Peak:0.00M | Scene, ViewLayer | Updating Meshes Flags
Fra:1 Mem:17.19M (Peak 17.31M) | Time:00:00.00 | Mem:0.00M, Peak:0.00M | Scene, ViewLayer | Updating Objects
Fra:1 Mem:17.19M (Peak 17.31M) | Time:00:00.00 | Mem:0.00M, Peak:0.00M | Scene, ViewLayer | Updating Objects | Copying Transformations to device
Fra:1 Mem:17.19M (Peak 17.31M) | Time:00:00.00 | Mem:0.00M, Peak:0.00M | Scene, ViewLayer | Updating Particle Systems
Fra:1 Mem:17.19M (Peak 17.31M) | Time:00:00.00 | Mem:0.00M, Peak:0.00M | Scene, ViewLayer | Updating Particle Systems | Copying Particles to device
Fra:1 Mem:17.19M (Peak 17.31M) | Time:00:00.00 | Mem:0.00M, Peak:0.00M | Scene, ViewLayer | Updating Meshes
Fra:1 Mem:17.19M (Peak 17.31M) | Time:00:00.00 | Mem:0.00M, Peak:0.00M | Scene, ViewLayer | Updating Objects | Applying Static Transformations
Fra:1 Mem:17.19M (Peak 17.31M) | Time:00:00.00 | Mem:0.00M, Peak:0.00M | Scene, ViewLayer | Updating Mesh | Computing attributes
Fra:1 Mem:17.46M (Peak 17.46M) | Time:00:00.00 | Mem:0.00M, Peak:0.00M | Scene, ViewLayer | Updating Mesh | Copying Attributes to device
Fra:1 Mem:17.46M (Peak 17.46M) | Time:00:00.00 | Mem:0.27M, Peak:0.27M | Scene, ViewLayer | Updating Scene BVH | Building
Fra:1 Mem:17.46M (Peak 17.46M) | Time:00:00.00 | Mem:0.27M, Peak:0.27M | Scene, ViewLayer | Updating Scene BVH | Building BVH
Fra:1 Mem:17.46M (Peak 17.46M) | Time:00:00.00 | Mem:0.43M, Peak:0.43M | Scene, ViewLayer | Updating Scene BVH | Building BVH 0%
Fra:1 Mem:17.46M (Peak 17.46M) | Time:00:00.00 | Mem:0.63M, Peak:0.79M | Scene, ViewLayer | Updating Scene BVH | Copying BVH to device
Fra:1 Mem:17.46M (Peak 17.46M) | Time:00:00.00 | Mem:0.63M, Peak:0.79M | Scene, ViewLayer | Updating Mesh | Computing normals
Fra:1 Mem:17.60M (Peak 17.60M) | Time:00:00.00 | Mem:0.63M, Peak:0.79M | Scene, ViewLayer | Updating Mesh | Copying Mesh to device
Fra:1 Mem:17.60M (Peak 17.60M) | Time:00:00.00 | Mem:0.77M, Peak:0.79M | Scene, ViewLayer | Updating Objects Flags
Fra:1 Mem:17.60M (Peak 17.60M) | Time:00:00.00 | Mem:0.77M, Peak:0.79M | Scene, ViewLayer | Updating Primitive Offsets
Fra:1 Mem:17.60M (Peak 17.60M) | Time:00:00.00 | Mem:0.77M, Peak:0.79M | Scene, ViewLayer | Updating Images
Fra:1 Mem:17.60M (Peak 17.60M) | Time:00:00.00 | Mem:0.77M, Peak:0.79M | Scene, ViewLayer | Updating Camera Volume
Fra:1 Mem:17.60M (Peak 17.60M) | Time:00:00.00 | Mem:0.77M, Peak:0.79M | Scene, ViewLayer | Updating Lookup Tables
Fra:1 Mem:17.60M (Peak 17.60M) | Time:00:00.00 | Mem:0.85M, Peak:0.85M | Scene, ViewLayer | Updating Lights
Fra:1 Mem:17.60M (Peak 17.60M) | Time:00:00.00 | Mem:0.85M, Peak:0.85M | Scene, ViewLayer | Updating Lights | Computing tree
Fra:1 Mem:17.60M (Peak 17.60M) | Time:00:00.00 | Mem:0.85M, Peak:0.85M | Scene, ViewLayer | Updating Integrator
Fra:1 Mem:17.60M (Peak 17.60M) | Time:00:00.00 | Mem:0.85M, Peak:0.85M | Scene, ViewLayer | Updating Film
Fra:1 Mem:17.60M (Peak 17.60M) | Time:00:00.00 | Mem:0.77M, Peak:0.85M | Scene, ViewLayer | Updating Lookup Tables
Fra:1 Mem:17.60M (Peak 17.60M) | Time:00:00.00 | Mem:0.86M, Peak:0.86M | Scene, ViewLayer | Updating Baking
Fra:1 Mem:17.60M (Peak 17.60M) | Time:00:00.00 | Mem:0.86M, Peak:0.86M | Scene, ViewLayer | Updating Device | Writing constant memory
Fra:1 Mem:17.61M (Peak 17.61M) | Time:00:00.00 | Mem:0.86M, Peak:0.86M | Scene, ViewLayer | Loading denoising kernels (may take a few minutes the first time)
Fra:1 Mem:17.61M (Peak 17.61M) | Time:00:00.00 | Mem:0.86M, Peak:0.86M | Scene, ViewLayer | Sample 0/20
Fra:1 Mem:59.43M (Peak 59.43M) | Time:00:00.15 | Remaining:00:02.77 | Mem:42.60M, Peak:42.60M | Scene, ViewLayer | Sample 1/20
Fra:1 Mem:77.02M (Peak 103.38M) | Time:00:05.15 | Mem:42.60M, Peak:42.60M | Scene, ViewLayer | Sample 20/20
Fra:1 Mem:77.02M (Peak 103.38M) | Time:00:05.15 | Mem:42.60M, Peak:42.60M | Scene, ViewLayer | Finished
Saved: '/workspace/scratch/a29d03198654/Aether/candidates/round40-exclusive-20260930/source-assets/cloud-sea46/sea46-0-top.png'
Time: 00:05.21 (Saving: 00:00.05)

Fra:1 Mem:16.87M (Peak 16.87M) | Time:00:00.00 | Mem:0.00M, Peak:0.00M | Scene, ViewLayer | Synchronizing object | cloud_sea_46_1_continuous_crown
Fra:1 Mem:16.87M (Peak 16.87M) | Time:00:00.00 | Mem:0.00M, Peak:0.00M | Scene, ViewLayer | Synchronizing object | Sun
Fra:1 Mem:17.31M (Peak 17.31M) | Time:00:00.00 | Mem:0.00M, Peak:0.00M | Scene, ViewLayer | Initializing
Fra:1 Mem:17.11M (Peak 17.31M) | Time:00:00.00 | Mem:0.00M, Peak:0.00M | Scene, ViewLayer | Waiting for render to start
Fra:1 Mem:17.11M (Peak 17.31M) | Time:00:00.00 | Mem:0.00M, Peak:0.00M | Scene, ViewLayer | Updating Scene
Fra:1 Mem:17.11M (Peak 17.31M) | Time:00:00.00 | Mem:0.00M, Peak:0.00M | Scene, ViewLayer | Updating Shaders
Fra:1 Mem:17.11M (Peak 17.31M) | Time:00:00.00 | Mem:0.00M, Peak:0.00M | Scene, ViewLayer | Loading render kernels (may take a few minutes the first time)
Fra:1 Mem:17.20M (Peak 17.31M) | Time:00:00.00 | Mem:0.00M, Peak:0.00M | Scene, ViewLayer | Updating Procedurals
Fra:1 Mem:17.20M (Peak 17.31M) | Time:00:00.00 | Mem:0.00M, Peak:0.00M | Scene, ViewLayer | Updating Background
Fra:1 Mem:17.20M (Peak 17.31M) | Time:00:00.00 | Mem:0.00M, Peak:0.00M | Scene, ViewLayer | Updating Camera
Fra:1 Mem:17.20M (Peak 17.31M) | Time:00:00.00 | Mem:0.00M, Peak:0.00M | Scene, ViewLayer | Updating Meshes Flags
Fra:1 Mem:17.20M (Peak 17.31M) | Time:00:00.00 | Mem:0.00M, Peak:0.00M | Scene, ViewLayer | Updating Objects
Fra:1 Mem:17.20M (Peak 17.31M) | Time:00:00.00 | Mem:0.00M, Peak:0.00M | Scene, ViewLayer | Updating Objects | Copying Transformations to device
Fra:1 Mem:17.20M (Peak 17.31M) | Time:00:00.00 | Mem:0.00M, Peak:0.00M | Scene, ViewLayer | Updating Particle Systems
Fra:1 Mem:17.20M (Peak 17.31M) | Time:00:00.00 | Mem:0.00M, Peak:0.00M | Scene, ViewLayer | Updating Particle Systems | Copying Particles to device
Fra:1 Mem:17.20M (Peak 17.31M) | Time:00:00.00 | Mem:0.00M, Peak:0.00M | Scene, ViewLayer | Updating Meshes
Fra:1 Mem:17.20M (Peak 17.31M) | Time:00:00.00 | Mem:0.00M, Peak:0.00M | Scene, ViewLayer | Updating Objects | Applying Static Transformations
Fra:1 Mem:17.20M (Peak 17.31M) | Time:00:00.00 | Mem:0.00M, Peak:0.00M | Scene, ViewLayer | Updating Mesh | Computing attributes
Fra:1 Mem:17.46M (Peak 17.46M) | Time:00:00.00 | Mem:0.00M, Peak:0.00M | Scene, ViewLayer | Updating Mesh | Copying Attributes to device
Fra:1 Mem:17.46M (Peak 17.46M) | Time:00:00.00 | Mem:0.27M, Peak:0.27M | Scene, ViewLayer | Updating Scene BVH | Building
Fra:1 Mem:17.46M (Peak 17.46M) | Time:00:00.00 | Mem:0.27M, Peak:0.27M | Scene, ViewLayer | Updating Scene BVH | Building BVH
Fra:1 Mem:17.46M (Peak 17.46M) | Time:00:00.00 | Mem:0.43M, Peak:0.43M | Scene, ViewLayer | Updating Scene BVH | Building BVH 0%
Fra:1 Mem:17.46M (Peak 17.46M) | Time:00:00.00 | Mem:0.62M, Peak:0.78M | Scene, ViewLayer | Updating Scene BVH | Copying BVH to device
Fra:1 Mem:17.46M (Peak 17.46M) | Time:00:00.00 | Mem:0.62M, Peak:0.78M | Scene, ViewLayer | Updating Mesh | Computing normals
Fra:1 Mem:17.60M (Peak 17.60M) | Time:00:00.00 | Mem:0.62M, Peak:0.78M | Scene, ViewLayer | Updating Mesh | Copying Mesh to device
Fra:1 Mem:17.60M (Peak 17.60M) | Time:00:00.00 | Mem:0.76M, Peak:0.78M | Scene, ViewLayer | Updating Objects Flags
Fra:1 Mem:17.60M (Peak 17.60M) | Time:00:00.00 | Mem:0.76M, Peak:0.78M | Scene, ViewLayer | Updating Primitive Offsets
Fra:1 Mem:17.60M (Peak 17.60M) | Time:00:00.00 | Mem:0.76M, Peak:0.78M | Scene, ViewLayer | Updating Images
Fra:1 Mem:17.60M (Peak 17.60M) | Time:00:00.00 | Mem:0.76M, Peak:0.78M | Scene, ViewLayer | Updating Camera Volume
Fra:1 Mem:17.60M (Peak 17.60M) | Time:00:00.00 | Mem:0.76M, Peak:0.78M | Scene, ViewLayer | Updating Lookup Tables
Fra:1 Mem:17.60M (Peak 17.60M) | Time:00:00.00 | Mem:0.84M, Peak:0.84M | Scene, ViewLayer | Updating Lights
Fra:1 Mem:17.60M (Peak 17.60M) | Time:00:00.00 | Mem:0.84M, Peak:0.84M | Scene, ViewLayer | Updating Lights | Computing tree
Fra:1 Mem:17.60M (Peak 17.60M) | Time:00:00.00 | Mem:0.84M, Peak:0.84M | Scene, ViewLayer | Updating Integrator
Fra:1 Mem:17.60M (Peak 17.60M) | Time:00:00.00 | Mem:0.84M, Peak:0.84M | Scene, ViewLayer | Updating Film
Fra:1 Mem:17.61M (Peak 17.61M) | Time:00:00.00 | Mem:0.76M, Peak:0.84M | Scene, ViewLayer | Updating Lookup Tables
Fra:1 Mem:17.61M (Peak 17.61M) | Time:00:00.00 | Mem:0.84M, Peak:0.84M | Scene, ViewLayer | Updating Baking
Fra:1 Mem:17.61M (Peak 17.61M) | Time:00:00.00 | Mem:0.84M, Peak:0.84M | Scene, ViewLayer | Updating Device | Writing constant memory
Fra:1 Mem:17.61M (Peak 17.61M) | Time:00:00.00 | Mem:0.84M, Peak:0.84M | Scene, ViewLayer | Loading denoising kernels (may take a few minutes the first time)
Fra:1 Mem:17.61M (Peak 17.61M) | Time:00:00.00 | Mem:0.84M, Peak:0.84M | Scene, ViewLayer | Sample 0/20
Fra:1 Mem:59.44M (Peak 59.44M) | Time:00:00.08 | Remaining:00:01.46 | Mem:42.59M, Peak:42.59M | Scene, ViewLayer | Sample 1/20
Fra:1 Mem:77.02M (Peak 103.39M) | Time:00:04.13 | Mem:42.59M, Peak:42.59M | Scene, ViewLayer | Sample 20/20
Fra:1 Mem:77.02M (Peak 103.39M) | Time:00:04.13 | Mem:42.59M, Peak:42.59M | Scene, ViewLayer | Finished
Saved: '/workspace/scratch/a29d03198654/Aether/candidates/round40-exclusive-20260930/source-assets/cloud-sea46/sea46-1-front.png'
Time: 00:04.18 (Saving: 00:00.05)

Fra:1 Mem:16.87M (Peak 16.87M) | Time:00:00.00 | Mem:0.00M, Peak:0.00M | Scene, ViewLayer | Synchronizing object | cloud_sea_46_1_continuous_crown
Fra:1 Mem:16.87M (Peak 16.87M) | Time:00:00.00 | Mem:0.00M, Peak:0.00M | Scene, ViewLayer | Synchronizing object | Sun
Fra:1 Mem:17.31M (Peak 17.31M) | Time:00:00.00 | Mem:0.00M, Peak:0.00M | Scene, ViewLayer | Initializing
Fra:1 Mem:17.11M (Peak 17.31M) | Time:00:00.00 | Mem:0.00M, Peak:0.00M | Scene, ViewLayer | Waiting for render to start
Fra:1 Mem:17.11M (Peak 17.31M) | Time:00:00.00 | Mem:0.00M, Peak:0.00M | Scene, ViewLayer | Updating Scene
Fra:1 Mem:17.11M (Peak 17.31M) | Time:00:00.00 | Mem:0.00M, Peak:0.00M | Scene, ViewLayer | Updating Shaders
Fra:1 Mem:17.11M (Peak 17.31M) | Time:00:00.00 | Mem:0.00M, Peak:0.00M | Scene, ViewLayer | Loading render kernels (may take a few minutes the first time)
Fra:1 Mem:17.20M (Peak 17.31M) | Time:00:00.00 | Mem:0.00M, Peak:0.00M | Scene, ViewLayer | Updating Procedurals
Fra:1 Mem:17.20M (Peak 17.31M) | Time:00:00.00 | Mem:0.00M, Peak:0.00M | Scene, ViewLayer | Updating Background
Fra:1 Mem:17.20M (Peak 17.31M) | Time:00:00.00 | Mem:0.00M, Peak:0.00M | Scene, ViewLayer | Updating Camera
Fra:1 Mem:17.20M (Peak 17.31M) | Time:00:00.00 | Mem:0.00M, Peak:0.00M | Scene, ViewLayer | Updating Meshes Flags
Fra:1 Mem:17.20M (Peak 17.31M) | Time:00:00.00 | Mem:0.00M, Peak:0.00M | Scene, ViewLayer | Updating Objects
Fra:1 Mem:17.20M (Peak 17.31M) | Time:00:00.00 | Mem:0.00M, Peak:0.00M | Scene, ViewLayer | Updating Objects | Copying Transformations to device
Fra:1 Mem:17.20M (Peak 17.31M) | Time:00:00.00 | Mem:0.00M, Peak:0.00M | Scene, ViewLayer | Updating Particle Systems
Fra:1 Mem:17.20M (Peak 17.31M) | Time:00:00.00 | Mem:0.00M, Peak:0.00M | Scene, ViewLayer | Updating Particle Systems | Copying Particles to device
Fra:1 Mem:17.20M (Peak 17.31M) | Time:00:00.00 | Mem:0.00M, Peak:0.00M | Scene, ViewLayer | Updating Meshes
Fra:1 Mem:17.20M (Peak 17.31M) | Time:00:00.00 | Mem:0.00M, Peak:0.00M | Scene, ViewLayer | Updating Objects | Applying Static Transformations
Fra:1 Mem:17.20M (Peak 17.31M) | Time:00:00.00 | Mem:0.00M, Peak:0.00M | Scene, ViewLayer | Updating Mesh | Computing attributes
Fra:1 Mem:17.46M (Peak 17.46M) | Time:00:00.00 | Mem:0.00M, Peak:0.00M | Scene, ViewLayer | Updating Mesh | Copying Attributes to device
Fra:1 Mem:17.46M (Peak 17.46M) | Time:00:00.00 | Mem:0.27M, Peak:0.27M | Scene, ViewLayer | Updating Scene BVH | Building
Fra:1 Mem:17.46M (Peak 17.46M) | Time:00:00.00 | Mem:0.27M, Peak:0.27M | Scene, ViewLayer | Updating Scene BVH | Building BVH
Fra:1 Mem:17.46M (Peak 17.46M) | Time:00:00.00 | Mem:0.43M, Peak:0.43M | Scene, ViewLayer | Updating Scene BVH | Building BVH 0%
Fra:1 Mem:17.46M (Peak 17.46M) | Time:00:00.00 | Mem:0.62M, Peak:0.78M | Scene, ViewLayer | Updating Scene BVH | Copying BVH to device
Fra:1 Mem:17.46M (Peak 17.46M) | Time:00:00.00 | Mem:0.62M, Peak:0.78M | Scene, ViewLayer | Updating Mesh | Computing normals
Fra:1 Mem:17.60M (Peak 17.60M) | Time:00:00.00 | Mem:0.62M, Peak:0.78M | Scene, ViewLayer | Updating Mesh | Copying Mesh to device
Fra:1 Mem:17.60M (Peak 17.60M) | Time:00:00.00 | Mem:0.76M, Peak:0.78M | Scene, ViewLayer | Updating Objects Flags
Fra:1 Mem:17.60M (Peak 17.60M) | Time:00:00.00 | Mem:0.76M, Peak:0.78M | Scene, ViewLayer | Updating Primitive Offsets
Fra:1 Mem:17.60M (Peak 17.60M) | Time:00:00.00 | Mem:0.76M, Peak:0.78M | Scene, ViewLayer | Updating Images
Fra:1 Mem:17.60M (Peak 17.60M) | Time:00:00.00 | Mem:0.76M, Peak:0.78M | Scene, ViewLayer | Updating Camera Volume
Fra:1 Mem:17.60M (Peak 17.60M) | Time:00:00.00 | Mem:0.76M, Peak:0.78M | Scene, ViewLayer | Updating Lookup Tables
Fra:1 Mem:17.60M (Peak 17.60M) | Time:00:00.00 | Mem:0.84M, Peak:0.84M | Scene, ViewLayer | Updating Lights
Fra:1 Mem:17.60M (Peak 17.60M) | Time:00:00.00 | Mem:0.84M, Peak:0.84M | Scene, ViewLayer | Updating Lights | Computing tree
Fra:1 Mem:17.60M (Peak 17.60M) | Time:00:00.00 | Mem:0.84M, Peak:0.84M | Scene, ViewLayer | Updating Integrator
Fra:1 Mem:17.60M (Peak 17.60M) | Time:00:00.00 | Mem:0.84M, Peak:0.84M | Scene, ViewLayer | Updating Film
Fra:1 Mem:17.61M (Peak 17.61M) | Time:00:00.00 | Mem:0.76M, Peak:0.84M | Scene, ViewLayer | Updating Lookup Tables
Fra:1 Mem:17.61M (Peak 17.61M) | Time:00:00.00 | Mem:0.84M, Peak:0.84M | Scene, ViewLayer | Updating Baking
Fra:1 Mem:17.61M (Peak 17.61M) | Time:00:00.00 | Mem:0.84M, Peak:0.84M | Scene, ViewLayer | Updating Device | Writing constant memory
Fra:1 Mem:17.61M (Peak 17.61M) | Time:00:00.00 | Mem:0.84M, Peak:0.84M | Scene, ViewLayer | Loading denoising kernels (may take a few minutes the first time)
Fra:1 Mem:17.61M (Peak 17.61M) | Time:00:00.00 | Mem:0.84M, Peak:0.84M | Scene, ViewLayer | Sample 0/20
Fra:1 Mem:59.44M (Peak 59.44M) | Time:00:00.07 | Remaining:00:01.38 | Mem:42.59M, Peak:42.59M | Scene, ViewLayer | Sample 1/20
Fra:1 Mem:77.02M (Peak 103.39M) | Time:00:04.06 | Mem:42.59M, Peak:42.59M | Scene, ViewLayer | Sample 20/20
Fra:1 Mem:77.02M (Peak 103.39M) | Time:00:04.06 | Mem:42.59M, Peak:42.59M | Scene, ViewLayer | Finished
Saved: '/workspace/scratch/a29d03198654/Aether/candidates/round40-exclusive-20260930/source-assets/cloud-sea46/sea46-1-back.png'
Time: 00:04.12 (Saving: 00:00.06)

Fra:1 Mem:16.87M (Peak 16.87M) | Time:00:00.00 | Mem:0.00M, Peak:0.00M | Scene, ViewLayer | Synchronizing object | cloud_sea_46_1_continuous_crown
Fra:1 Mem:16.87M (Peak 16.87M) | Time:00:00.00 | Mem:0.00M, Peak:0.00M | Scene, ViewLayer | Synchronizing object | Sun
Fra:1 Mem:17.31M (Peak 17.31M) | Time:00:00.00 | Mem:0.00M, Peak:0.00M | Scene, ViewLayer | Initializing
Fra:1 Mem:17.11M (Peak 17.31M) | Time:00:00.00 | Mem:0.00M, Peak:0.00M | Scene, ViewLayer | Waiting for render to start
Fra:1 Mem:17.11M (Peak 17.31M) | Time:00:00.00 | Mem:0.00M, Peak:0.00M | Scene, ViewLayer | Updating Scene
Fra:1 Mem:17.11M (Peak 17.31M) | Time:00:00.00 | Mem:0.00M, Peak:0.00M | Scene, ViewLayer | Updating Shaders
Fra:1 Mem:17.11M (Peak 17.31M) | Time:00:00.00 | Mem:0.00M, Peak:0.00M | Scene, ViewLayer | Loading render kernels (may take a few minutes the first time)
Fra:1 Mem:17.20M (Peak 17.31M) | Time:00:00.00 | Mem:0.00M, Peak:0.00M | Scene, ViewLayer | Updating Procedurals
Fra:1 Mem:17.20M (Peak 17.31M) | Time:00:00.00 | Mem:0.00M, Peak:0.00M | Scene, ViewLayer | Updating Background
Fra:1 Mem:17.20M (Peak 17.31M) | Time:00:00.00 | Mem:0.00M, Peak:0.00M | Scene, ViewLayer | Updating Camera
Fra:1 Mem:17.20M (Peak 17.31M) | Time:00:00.00 | Mem:0.00M, Peak:0.00M | Scene, ViewLayer | Updating Meshes Flags
Fra:1 Mem:17.20M (Peak 17.31M) | Time:00:00.00 | Mem:0.00M, Peak:0.00M | Scene, ViewLayer | Updating Objects
Fra:1 Mem:17.20M (Peak 17.31M) | Time:00:00.00 | Mem:0.00M, Peak:0.00M | Scene, ViewLayer | Updating Objects | Copying Transformations to device
Fra:1 Mem:17.20M (Peak 17.31M) | Time:00:00.00 | Mem:0.00M, Peak:0.00M | Scene, ViewLayer | Updating Particle Systems
Fra:1 Mem:17.20M (Peak 17.31M) | Time:00:00.00 | Mem:0.00M, Peak:0.00M | Scene, ViewLayer | Updating Particle Systems | Copying Particles to device
Fra:1 Mem:17.20M (Peak 17.31M) | Time:00:00.00 | Mem:0.00M, Peak:0.00M | Scene, ViewLayer | Updating Meshes
Fra:1 Mem:17.20M (Peak 17.31M) | Time:00:00.00 | Mem:0.00M, Peak:0.00M | Scene, ViewLayer | Updating Objects | Applying Static Transformations
Fra:1 Mem:17.20M (Peak 17.31M) | Time:00:00.00 | Mem:0.00M, Peak:0.00M | Scene, ViewLayer | Updating Mesh | Computing attributes
Fra:1 Mem:17.46M (Peak 17.46M) | Time:00:00.00 | Mem:0.00M, Peak:0.00M | Scene, ViewLayer | Updating Mesh | Copying Attributes to device
Fra:1 Mem:17.46M (Peak 17.46M) | Time:00:00.00 | Mem:0.27M, Peak:0.27M | Scene, ViewLayer | Updating Scene BVH | Building
Fra:1 Mem:17.46M (Peak 17.46M) | Time:00:00.00 | Mem:0.27M, Peak:0.27M | Scene, ViewLayer | Updating Scene BVH | Building BVH
Fra:1 Mem:17.46M (Peak 17.46M) | Time:00:00.00 | Mem:0.43M, Peak:0.43M | Scene, ViewLayer | Updating Scene BVH | Building BVH 0%
Fra:1 Mem:17.46M (Peak 17.46M) | Time:00:00.00 | Mem:0.62M, Peak:0.78M | Scene, ViewLayer | Updating Scene BVH | Copying BVH to device
Fra:1 Mem:17.46M (Peak 17.46M) | Time:00:00.00 | Mem:0.62M, Peak:0.78M | Scene, ViewLayer | Updating Mesh | Computing normals
Fra:1 Mem:17.60M (Peak 17.60M) | Time:00:00.00 | Mem:0.62M, Peak:0.78M | Scene, ViewLayer | Updating Mesh | Copying Mesh to device
Fra:1 Mem:17.60M (Peak 17.60M) | Time:00:00.00 | Mem:0.76M, Peak:0.78M | Scene, ViewLayer | Updating Objects Flags
Fra:1 Mem:17.60M (Peak 17.60M) | Time:00:00.00 | Mem:0.76M, Peak:0.78M | Scene, ViewLayer | Updating Primitive Offsets
Fra:1 Mem:17.60M (Peak 17.60M) | Time:00:00.00 | Mem:0.76M, Peak:0.78M | Scene, ViewLayer | Updating Images
Fra:1 Mem:17.60M (Peak 17.60M) | Time:00:00.00 | Mem:0.76M, Peak:0.78M | Scene, ViewLayer | Updating Camera Volume
Fra:1 Mem:17.60M (Peak 17.60M) | Time:00:00.00 | Mem:0.76M, Peak:0.78M | Scene, ViewLayer | Updating Lookup Tables
Fra:1 Mem:17.60M (Peak 17.60M) | Time:00:00.00 | Mem:0.84M, Peak:0.84M | Scene, ViewLayer | Updating Lights
Fra:1 Mem:17.60M (Peak 17.60M) | Time:00:00.00 | Mem:0.84M, Peak:0.84M | Scene, ViewLayer | Updating Lights | Computing tree
Fra:1 Mem:17.60M (Peak 17.60M) | Time:00:00.00 | Mem:0.84M, Peak:0.84M | Scene, ViewLayer | Updating Integrator
Fra:1 Mem:17.60M (Peak 17.60M) | Time:00:00.00 | Mem:0.84M, Peak:0.84M | Scene, ViewLayer | Updating Film
Fra:1 Mem:17.61M (Peak 17.61M) | Time:00:00.00 | Mem:0.76M, Peak:0.84M | Scene, ViewLayer | Updating Lookup Tables
Fra:1 Mem:17.61M (Peak 17.61M) | Time:00:00.00 | Mem:0.84M, Peak:0.84M | Scene, ViewLayer | Updating Baking
Fra:1 Mem:17.61M (Peak 17.61M) | Time:00:00.00 | Mem:0.84M, Peak:0.84M | Scene, ViewLayer | Updating Device | Writing constant memory
Fra:1 Mem:17.61M (Peak 17.61M) | Time:00:00.00 | Mem:0.84M, Peak:0.84M | Scene, ViewLayer | Loading denoising kernels (may take a few minutes the first time)
Fra:1 Mem:17.61M (Peak 17.61M) | Time:00:00.00 | Mem:0.84M, Peak:0.84M | Scene, ViewLayer | Sample 0/20
Fra:1 Mem:59.44M (Peak 59.44M) | Time:00:00.06 | Remaining:00:01.16 | Mem:42.59M, Peak:42.59M | Scene, ViewLayer | Sample 1/20
Fra:1 Mem:77.02M (Peak 103.39M) | Time:00:04.20 | Mem:42.59M, Peak:42.59M | Scene, ViewLayer | Sample 20/20
Fra:1 Mem:77.02M (Peak 103.39M) | Time:00:04.20 | Mem:42.59M, Peak:42.59M | Scene, ViewLayer | Finished
Saved: '/workspace/scratch/a29d03198654/Aether/candidates/round40-exclusive-20260930/source-assets/cloud-sea46/sea46-1-side.png'
Time: 00:04.26 (Saving: 00:00.05)

Fra:1 Mem:16.87M (Peak 16.87M) | Time:00:00.00 | Mem:0.00M, Peak:0.00M | Scene, ViewLayer | Synchronizing object | cloud_sea_46_1_continuous_crown
Fra:1 Mem:16.87M (Peak 16.87M) | Time:00:00.00 | Mem:0.00M, Peak:0.00M | Scene, ViewLayer | Synchronizing object | Sun
Fra:1 Mem:17.31M (Peak 17.31M) | Time:00:00.00 | Mem:0.00M, Peak:0.00M | Scene, ViewLayer | Initializing
Fra:1 Mem:17.11M (Peak 17.31M) | Time:00:00.00 | Mem:0.00M, Peak:0.00M | Scene, ViewLayer | Waiting for render to start
Fra:1 Mem:17.11M (Peak 17.31M) | Time:00:00.00 | Mem:0.00M, Peak:0.00M | Scene, ViewLayer | Updating Scene
Fra:1 Mem:17.11M (Peak 17.31M) | Time:00:00.00 | Mem:0.00M, Peak:0.00M | Scene, ViewLayer | Updating Shaders
Fra:1 Mem:17.11M (Peak 17.31M) | Time:00:00.00 | Mem:0.00M, Peak:0.00M | Scene, ViewLayer | Loading render kernels (may take a few minutes the first time)
Fra:1 Mem:17.20M (Peak 17.31M) | Time:00:00.00 | Mem:0.00M, Peak:0.00M | Scene, ViewLayer | Updating Procedurals
Fra:1 Mem:17.20M (Peak 17.31M) | Time:00:00.00 | Mem:0.00M, Peak:0.00M | Scene, ViewLayer | Updating Background
Fra:1 Mem:17.20M (Peak 17.31M) | Time:00:00.00 | Mem:0.00M, Peak:0.00M | Scene, ViewLayer | Updating Camera
Fra:1 Mem:17.20M (Peak 17.31M) | Time:00:00.00 | Mem:0.00M, Peak:0.00M | Scene, ViewLayer | Updating Meshes Flags
Fra:1 Mem:17.20M (Peak 17.31M) | Time:00:00.00 | Mem:0.00M, Peak:0.00M | Scene, ViewLayer | Updating Objects
Fra:1 Mem:17.20M (Peak 17.31M) | Time:00:00.00 | Mem:0.00M, Peak:0.00M | Scene, ViewLayer | Updating Objects | Copying Transformations to device
Fra:1 Mem:17.20M (Peak 17.31M) | Time:00:00.00 | Mem:0.00M, Peak:0.00M | Scene, ViewLayer | Updating Particle Systems
Fra:1 Mem:17.20M (Peak 17.31M) | Time:00:00.00 | Mem:0.00M, Peak:0.00M | Scene, ViewLayer | Updating Particle Systems | Copying Particles to device
Fra:1 Mem:17.20M (Peak 17.31M) | Time:00:00.00 | Mem:0.00M, Peak:0.00M | Scene, ViewLayer | Updating Meshes
Fra:1 Mem:17.20M (Peak 17.31M) | Time:00:00.00 | Mem:0.00M, Peak:0.00M | Scene, ViewLayer | Updating Objects | Applying Static Transformations
Fra:1 Mem:17.20M (Peak 17.31M) | Time:00:00.00 | Mem:0.00M, Peak:0.00M | Scene, ViewLayer | Updating Mesh | Computing attributes
Fra:1 Mem:17.46M (Peak 17.46M) | Time:00:00.00 | Mem:0.00M, Peak:0.00M | Scene, ViewLayer | Updating Mesh | Copying Attributes to device
Fra:1 Mem:17.46M (Peak 17.46M) | Time:00:00.00 | Mem:0.27M, Peak:0.27M | Scene, ViewLayer | Updating Scene BVH | Building
Fra:1 Mem:17.46M (Peak 17.46M) | Time:00:00.00 | Mem:0.27M, Peak:0.27M | Scene, ViewLayer | Updating Scene BVH | Building BVH
Fra:1 Mem:17.46M (Peak 17.46M) | Time:00:00.00 | Mem:0.43M, Peak:0.43M | Scene, ViewLayer | Updating Scene BVH | Building BVH 0%
Fra:1 Mem:17.46M (Peak 17.46M) | Time:00:00.00 | Mem:0.62M, Peak:0.78M | Scene, ViewLayer | Updating Scene BVH | Copying BVH to device
Fra:1 Mem:17.46M (Peak 17.46M) | Time:00:00.00 | Mem:0.62M, Peak:0.78M | Scene, ViewLayer | Updating Mesh | Computing normals
Fra:1 Mem:17.60M (Peak 17.60M) | Time:00:00.00 | Mem:0.62M, Peak:0.78M | Scene, ViewLayer | Updating Mesh | Copying Mesh to device
Fra:1 Mem:17.60M (Peak 17.60M) | Time:00:00.00 | Mem:0.76M, Peak:0.78M | Scene, ViewLayer | Updating Objects Flags
Fra:1 Mem:17.60M (Peak 17.60M) | Time:00:00.00 | Mem:0.76M, Peak:0.78M | Scene, ViewLayer | Updating Primitive Offsets
Fra:1 Mem:17.60M (Peak 17.60M) | Time:00:00.00 | Mem:0.76M, Peak:0.78M | Scene, ViewLayer | Updating Images
Fra:1 Mem:17.60M (Peak 17.60M) | Time:00:00.00 | Mem:0.76M, Peak:0.78M | Scene, ViewLayer | Updating Camera Volume
Fra:1 Mem:17.60M (Peak 17.60M) | Time:00:00.00 | Mem:0.76M, Peak:0.78M | Scene, ViewLayer | Updating Lookup Tables
Fra:1 Mem:17.60M (Peak 17.60M) | Time:00:00.00 | Mem:0.84M, Peak:0.84M | Scene, ViewLayer | Updating Lights
Fra:1 Mem:17.60M (Peak 17.60M) | Time:00:00.00 | Mem:0.84M, Peak:0.84M | Scene, ViewLayer | Updating Lights | Computing tree
Fra:1 Mem:17.60M (Peak 17.60M) | Time:00:00.00 | Mem:0.84M, Peak:0.84M | Scene, ViewLayer | Updating Integrator
Fra:1 Mem:17.60M (Peak 17.60M) | Time:00:00.00 | Mem:0.84M, Peak:0.84M | Scene, ViewLayer | Updating Film
Fra:1 Mem:17.61M (Peak 17.61M) | Time:00:00.00 | Mem:0.76M, Peak:0.84M | Scene, ViewLayer | Updating Lookup Tables
Fra:1 Mem:17.61M (Peak 17.61M) | Time:00:00.00 | Mem:0.84M, Peak:0.84M | Scene, ViewLayer | Updating Baking
Fra:1 Mem:17.61M (Peak 17.61M) | Time:00:00.00 | Mem:0.84M, Peak:0.84M | Scene, ViewLayer | Updating Device | Writing constant memory
Fra:1 Mem:17.61M (Peak 17.61M) | Time:00:00.00 | Mem:0.84M, Peak:0.84M | Scene, ViewLayer | Loading denoising kernels (may take a few minutes the first time)
Fra:1 Mem:17.61M (Peak 17.61M) | Time:00:00.00 | Mem:0.84M, Peak:0.84M | Scene, ViewLayer | Sample 0/20
Fra:1 Mem:59.44M (Peak 59.44M) | Time:00:00.09 | Remaining:00:01.68 | Mem:42.59M, Peak:42.59M | Scene, ViewLayer | Sample 1/20
Fra:1 Mem:77.02M (Peak 103.39M) | Time:00:04.76 | Mem:42.59M, Peak:42.59M | Scene, ViewLayer | Sample 20/20
Fra:1 Mem:77.02M (Peak 103.39M) | Time:00:04.76 | Mem:42.59M, Peak:42.59M | Scene, ViewLayer | Finished
Saved: '/workspace/scratch/a29d03198654/Aether/candidates/round40-exclusive-20260930/source-assets/cloud-sea46/sea46-1-underside.png'
Time: 00:04.82 (Saving: 00:00.05)

Fra:1 Mem:16.87M (Peak 16.87M) | Time:00:00.00 | Mem:0.00M, Peak:0.00M | Scene, ViewLayer | Synchronizing object | cloud_sea_46_1_continuous_crown
Fra:1 Mem:17.07M (Peak 17.07M) | Time:00:00.00 | Mem:0.00M, Peak:0.00M | Scene, ViewLayer | Synchronizing object | Sun
Fra:1 Mem:17.31M (Peak 17.31M) | Time:00:00.00 | Mem:0.00M, Peak:0.00M | Scene, ViewLayer | Initializing
Fra:1 Mem:17.11M (Peak 17.31M) | Time:00:00.00 | Mem:0.00M, Peak:0.00M | Scene, ViewLayer | Waiting for render to start
Fra:1 Mem:17.11M (Peak 17.31M) | Time:00:00.00 | Mem:0.00M, Peak:0.00M | Scene, ViewLayer | Updating Scene
Fra:1 Mem:17.11M (Peak 17.31M) | Time:00:00.00 | Mem:0.00M, Peak:0.00M | Scene, ViewLayer | Updating Shaders
Fra:1 Mem:17.11M (Peak 17.31M) | Time:00:00.00 | Mem:0.00M, Peak:0.00M | Scene, ViewLayer | Loading render kernels (may take a few minutes the first time)
Fra:1 Mem:17.20M (Peak 17.31M) | Time:00:00.00 | Mem:0.00M, Peak:0.00M | Scene, ViewLayer | Updating Procedurals
Fra:1 Mem:17.20M (Peak 17.31M) | Time:00:00.00 | Mem:0.00M, Peak:0.00M | Scene, ViewLayer | Updating Background
Fra:1 Mem:17.20M (Peak 17.31M) | Time:00:00.00 | Mem:0.00M, Peak:0.00M | Scene, ViewLayer | Updating Camera
Fra:1 Mem:17.20M (Peak 17.31M) | Time:00:00.00 | Mem:0.00M, Peak:0.00M | Scene, ViewLayer | Updating Meshes Flags
Fra:1 Mem:17.20M (Peak 17.31M) | Time:00:00.00 | Mem:0.00M, Peak:0.00M | Scene, ViewLayer | Updating Objects
Fra:1 Mem:17.20M (Peak 17.31M) | Time:00:00.00 | Mem:0.00M, Peak:0.00M | Scene, ViewLayer | Updating Objects | Copying Transformations to device
Fra:1 Mem:17.20M (Peak 17.31M) | Time:00:00.00 | Mem:0.00M, Peak:0.00M | Scene, ViewLayer | Updating Particle Systems
Fra:1 Mem:17.20M (Peak 17.31M) | Time:00:00.00 | Mem:0.00M, Peak:0.00M | Scene, ViewLayer | Updating Particle Systems | Copying Particles to device
Fra:1 Mem:17.20M (Peak 17.31M) | Time:00:00.00 | Mem:0.00M, Peak:0.00M | Scene, ViewLayer | Updating Meshes
Fra:1 Mem:17.20M (Peak 17.31M) | Time:00:00.00 | Mem:0.00M, Peak:0.00M | Scene, ViewLayer | Updating Objects | Applying Static Transformations
Fra:1 Mem:17.20M (Peak 17.31M) | Time:00:00.00 | Mem:0.00M, Peak:0.00M | Scene, ViewLayer | Updating Mesh | Computing attributes
Fra:1 Mem:17.46M (Peak 17.46M) | Time:00:00.00 | Mem:0.00M, Peak:0.00M | Scene, ViewLayer | Updating Mesh | Copying Attributes to device
Fra:1 Mem:17.46M (Peak 17.46M) | Time:00:00.00 | Mem:0.27M, Peak:0.27M | Scene, ViewLayer | Updating Scene BVH | Building
Fra:1 Mem:17.46M (Peak 17.46M) | Time:00:00.00 | Mem:0.27M, Peak:0.27M | Scene, ViewLayer | Updating Scene BVH | Building BVH
Fra:1 Mem:17.46M (Peak 17.46M) | Time:00:00.00 | Mem:0.43M, Peak:0.43M | Scene, ViewLayer | Updating Scene BVH | Building BVH 0%
Fra:1 Mem:17.46M (Peak 17.46M) | Time:00:00.00 | Mem:0.62M, Peak:0.78M | Scene, ViewLayer | Updating Scene BVH | Copying BVH to device
Fra:1 Mem:17.46M (Peak 17.46M) | Time:00:00.00 | Mem:0.62M, Peak:0.78M | Scene, ViewLayer | Updating Mesh | Computing normals
Fra:1 Mem:17.60M (Peak 17.60M) | Time:00:00.00 | Mem:0.62M, Peak:0.78M | Scene, ViewLayer | Updating Mesh | Copying Mesh to device
Fra:1 Mem:17.60M (Peak 17.60M) | Time:00:00.00 | Mem:0.76M, Peak:0.78M | Scene, ViewLayer | Updating Objects Flags
Fra:1 Mem:17.60M (Peak 17.60M) | Time:00:00.00 | Mem:0.76M, Peak:0.78M | Scene, ViewLayer | Updating Primitive Offsets
Fra:1 Mem:17.60M (Peak 17.60M) | Time:00:00.00 | Mem:0.76M, Peak:0.78M | Scene, ViewLayer | Updating Images
Fra:1 Mem:17.60M (Peak 17.60M) | Time:00:00.00 | Mem:0.76M, Peak:0.78M | Scene, ViewLayer | Updating Camera Volume
Fra:1 Mem:17.60M (Peak 17.60M) | Time:00:00.00 | Mem:0.76M, Peak:0.78M | Scene, ViewLayer | Updating Lookup Tables
Fra:1 Mem:17.60M (Peak 17.60M) | Time:00:00.00 | Mem:0.84M, Peak:0.84M | Scene, ViewLayer | Updating Lights
Fra:1 Mem:17.60M (Peak 17.60M) | Time:00:00.00 | Mem:0.84M, Peak:0.84M | Scene, ViewLayer | Updating Lights | Computing tree
Fra:1 Mem:17.60M (Peak 17.60M) | Time:00:00.00 | Mem:0.84M, Peak:0.84M | Scene, ViewLayer | Updating Integrator
Fra:1 Mem:17.60M (Peak 17.60M) | Time:00:00.00 | Mem:0.84M, Peak:0.84M | Scene, ViewLayer | Updating Film
Fra:1 Mem:17.61M (Peak 17.61M) | Time:00:00.00 | Mem:0.76M, Peak:0.84M | Scene, ViewLayer | Updating Lookup Tables
Fra:1 Mem:17.61M (Peak 17.61M) | Time:00:00.00 | Mem:0.84M, Peak:0.84M | Scene, ViewLayer | Updating Baking
Fra:1 Mem:17.61M (Peak 17.61M) | Time:00:00.00 | Mem:0.84M, Peak:0.84M | Scene, ViewLayer | Updating Device | Writing constant memory
Fra:1 Mem:17.61M (Peak 17.61M) | Time:00:00.00 | Mem:0.84M, Peak:0.84M | Scene, ViewLayer | Loading denoising kernels (may take a few minutes the first time)
Fra:1 Mem:17.61M (Peak 17.61M) | Time:00:00.00 | Mem:0.84M, Peak:0.84M | Scene, ViewLayer | Sample 0/20
Fra:1 Mem:59.44M (Peak 59.44M) | Time:00:00.16 | Remaining:00:02.98 | Mem:42.59M, Peak:42.59M | Scene, ViewLayer | Sample 1/20
Fra:1 Mem:77.02M (Peak 103.39M) | Time:00:06.62 | Mem:42.59M, Peak:42.59M | Scene, ViewLayer | Sample 20/20
Fra:1 Mem:77.02M (Peak 103.39M) | Time:00:06.62 | Mem:42.59M, Peak:42.59M | Scene, ViewLayer | Finished
Saved: '/workspace/scratch/a29d03198654/Aether/candidates/round40-exclusive-20260930/source-assets/cloud-sea46/sea46-1-top.png'
Time: 00:06.68 (Saving: 00:00.05)

Fra:1 Mem:16.87M (Peak 16.87M) | Time:00:00.00 | Mem:0.00M, Peak:0.00M | Scene, ViewLayer | Synchronizing object | cloud_sea_46_2_continuous_crown
Fra:1 Mem:16.87M (Peak 16.87M) | Time:00:00.00 | Mem:0.00M, Peak:0.00M | Scene, ViewLayer | Synchronizing object | Sun
Fra:1 Mem:17.35M (Peak 17.35M) | Time:00:00.00 | Mem:0.00M, Peak:0.00M | Scene, ViewLayer | Initializing
Fra:1 Mem:17.15M (Peak 17.35M) | Time:00:00.00 | Mem:0.00M, Peak:0.00M | Scene, ViewLayer | Waiting for render to start
Fra:1 Mem:17.15M (Peak 17.35M) | Time:00:00.00 | Mem:0.00M, Peak:0.00M | Scene, ViewLayer | Updating Scene
Fra:1 Mem:17.15M (Peak 17.35M) | Time:00:00.00 | Mem:0.00M, Peak:0.00M | Scene, ViewLayer | Updating Shaders
Fra:1 Mem:17.15M (Peak 17.35M) | Time:00:00.00 | Mem:0.00M, Peak:0.00M | Scene, ViewLayer | Loading render kernels (may take a few minutes the first time)
Fra:1 Mem:17.23M (Peak 17.35M) | Time:00:00.00 | Mem:0.00M, Peak:0.00M | Scene, ViewLayer | Updating Procedurals
Fra:1 Mem:17.23M (Peak 17.35M) | Time:00:00.00 | Mem:0.00M, Peak:0.00M | Scene, ViewLayer | Updating Background
Fra:1 Mem:17.23M (Peak 17.35M) | Time:00:00.00 | Mem:0.00M, Peak:0.00M | Scene, ViewLayer | Updating Camera
Fra:1 Mem:17.23M (Peak 17.35M) | Time:00:00.00 | Mem:0.00M, Peak:0.00M | Scene, ViewLayer | Updating Meshes Flags
Fra:1 Mem:17.23M (Peak 17.35M) | Time:00:00.00 | Mem:0.00M, Peak:0.00M | Scene, ViewLayer | Updating Objects
Fra:1 Mem:17.23M (Peak 17.35M) | Time:00:00.00 | Mem:0.00M, Peak:0.00M | Scene, ViewLayer | Updating Objects | Copying Transformations to device
Fra:1 Mem:17.23M (Peak 17.35M) | Time:00:00.00 | Mem:0.00M, Peak:0.00M | Scene, ViewLayer | Updating Particle Systems
Fra:1 Mem:17.23M (Peak 17.35M) | Time:00:00.00 | Mem:0.00M, Peak:0.00M | Scene, ViewLayer | Updating Particle Systems | Copying Particles to device
Fra:1 Mem:17.23M (Peak 17.35M) | Time:00:00.00 | Mem:0.00M, Peak:0.00M | Scene, ViewLayer | Updating Meshes
Fra:1 Mem:17.23M (Peak 17.35M) | Time:00:00.00 | Mem:0.00M, Peak:0.00M | Scene, ViewLayer | Updating Objects | Applying Static Transformations
Fra:1 Mem:17.23M (Peak 17.35M) | Time:00:00.00 | Mem:0.00M, Peak:0.00M | Scene, ViewLayer | Updating Mesh | Computing attributes
Fra:1 Mem:17.52M (Peak 17.52M) | Time:00:00.00 | Mem:0.00M, Peak:0.00M | Scene, ViewLayer | Updating Mesh | Copying Attributes to device
Fra:1 Mem:17.52M (Peak 17.52M) | Time:00:00.00 | Mem:0.29M, Peak:0.29M | Scene, ViewLayer | Updating Scene BVH | Building
Fra:1 Mem:17.52M (Peak 17.52M) | Time:00:00.00 | Mem:0.29M, Peak:0.29M | Scene, ViewLayer | Updating Scene BVH | Building BVH
Fra:1 Mem:17.52M (Peak 17.52M) | Time:00:00.00 | Mem:0.46M, Peak:0.46M | Scene, ViewLayer | Updating Scene BVH | Building BVH 0%
Fra:1 Mem:17.52M (Peak 17.52M) | Time:00:00.00 | Mem:0.67M, Peak:0.84M | Scene, ViewLayer | Updating Scene BVH | Copying BVH to device
Fra:1 Mem:17.52M (Peak 17.52M) | Time:00:00.00 | Mem:0.67M, Peak:0.84M | Scene, ViewLayer | Updating Mesh | Computing normals
Fra:1 Mem:17.67M (Peak 17.67M) | Time:00:00.00 | Mem:0.67M, Peak:0.84M | Scene, ViewLayer | Updating Mesh | Copying Mesh to device
Fra:1 Mem:17.67M (Peak 17.67M) | Time:00:00.00 | Mem:0.82M, Peak:0.84M | Scene, ViewLayer | Updating Objects Flags
Fra:1 Mem:17.67M (Peak 17.67M) | Time:00:00.00 | Mem:0.82M, Peak:0.84M | Scene, ViewLayer | Updating Primitive Offsets
Fra:1 Mem:17.67M (Peak 17.67M) | Time:00:00.00 | Mem:0.82M, Peak:0.84M | Scene, ViewLayer | Updating Images
Fra:1 Mem:17.67M (Peak 17.67M) | Time:00:00.00 | Mem:0.82M, Peak:0.84M | Scene, ViewLayer | Updating Camera Volume
Fra:1 Mem:17.67M (Peak 17.67M) | Time:00:00.00 | Mem:0.82M, Peak:0.84M | Scene, ViewLayer | Updating Lookup Tables
Fra:1 Mem:17.67M (Peak 17.67M) | Time:00:00.00 | Mem:0.90M, Peak:0.90M | Scene, ViewLayer | Updating Lights
Fra:1 Mem:17.67M (Peak 17.67M) | Time:00:00.00 | Mem:0.90M, Peak:0.90M | Scene, ViewLayer | Updating Lights | Computing tree
Fra:1 Mem:17.67M (Peak 17.67M) | Time:00:00.00 | Mem:0.90M, Peak:0.90M | Scene, ViewLayer | Updating Integrator
Fra:1 Mem:17.67M (Peak 17.67M) | Time:00:00.00 | Mem:0.90M, Peak:0.90M | Scene, ViewLayer | Updating Film
Fra:1 Mem:17.67M (Peak 17.67M) | Time:00:00.00 | Mem:0.82M, Peak:0.90M | Scene, ViewLayer | Updating Lookup Tables
Fra:1 Mem:17.67M (Peak 17.67M) | Time:00:00.00 | Mem:0.90M, Peak:0.90M | Scene, ViewLayer | Updating Baking
Fra:1 Mem:17.67M (Peak 17.67M) | Time:00:00.00 | Mem:0.90M, Peak:0.90M | Scene, ViewLayer | Updating Device | Writing constant memory
Fra:1 Mem:17.68M (Peak 17.68M) | Time:00:00.00 | Mem:0.90M, Peak:0.90M | Scene, ViewLayer | Loading denoising kernels (may take a few minutes the first time)
Fra:1 Mem:17.68M (Peak 17.68M) | Time:00:00.00 | Mem:0.90M, Peak:0.90M | Scene, ViewLayer | Sample 0/20
Fra:1 Mem:59.51M (Peak 59.51M) | Time:00:00.07 | Remaining:00:01.36 | Mem:42.65M, Peak:42.65M | Scene, ViewLayer | Sample 1/20
Fra:1 Mem:77.09M (Peak 103.46M) | Time:00:04.58 | Mem:42.65M, Peak:42.65M | Scene, ViewLayer | Sample 20/20
Fra:1 Mem:77.09M (Peak 103.46M) | Time:00:04.58 | Mem:42.65M, Peak:42.65M | Scene, ViewLayer | Finished
Saved: '/workspace/scratch/a29d03198654/Aether/candidates/round40-exclusive-20260930/source-assets/cloud-sea46/sea46-2-front.png'
Time: 00:04.64 (Saving: 00:00.05)

Fra:1 Mem:16.87M (Peak 16.87M) | Time:00:00.00 | Mem:0.00M, Peak:0.00M | Scene, ViewLayer | Synchronizing object | cloud_sea_46_2_continuous_crown
Fra:1 Mem:16.87M (Peak 16.87M) | Time:00:00.00 | Mem:0.00M, Peak:0.00M | Scene, ViewLayer | Synchronizing object | Sun
Fra:1 Mem:17.35M (Peak 17.35M) | Time:00:00.00 | Mem:0.00M, Peak:0.00M | Scene, ViewLayer | Initializing
Fra:1 Mem:17.15M (Peak 17.35M) | Time:00:00.00 | Mem:0.00M, Peak:0.00M | Scene, ViewLayer | Waiting for render to start
Fra:1 Mem:17.15M (Peak 17.35M) | Time:00:00.00 | Mem:0.00M, Peak:0.00M | Scene, ViewLayer | Updating Scene
Fra:1 Mem:17.15M (Peak 17.35M) | Time:00:00.00 | Mem:0.00M, Peak:0.00M | Scene, ViewLayer | Updating Shaders
Fra:1 Mem:17.15M (Peak 17.35M) | Time:00:00.00 | Mem:0.00M, Peak:0.00M | Scene, ViewLayer | Loading render kernels (may take a few minutes the first time)
Fra:1 Mem:17.23M (Peak 17.35M) | Time:00:00.00 | Mem:0.00M, Peak:0.00M | Scene, ViewLayer | Updating Procedurals
Fra:1 Mem:17.23M (Peak 17.35M) | Time:00:00.00 | Mem:0.00M, Peak:0.00M | Scene, ViewLayer | Updating Background
Fra:1 Mem:17.23M (Peak 17.35M) | Time:00:00.00 | Mem:0.00M, Peak:0.00M | Scene, ViewLayer | Updating Camera
Fra:1 Mem:17.23M (Peak 17.35M) | Time:00:00.00 | Mem:0.00M, Peak:0.00M | Scene, ViewLayer | Updating Meshes Flags
Fra:1 Mem:17.23M (Peak 17.35M) | Time:00:00.00 | Mem:0.00M, Peak:0.00M | Scene, ViewLayer | Updating Objects
Fra:1 Mem:17.23M (Peak 17.35M) | Time:00:00.00 | Mem:0.00M, Peak:0.00M | Scene, ViewLayer | Updating Objects | Copying Transformations to device
Fra:1 Mem:17.23M (Peak 17.35M) | Time:00:00.00 | Mem:0.00M, Peak:0.00M | Scene, ViewLayer | Updating Particle Systems
Fra:1 Mem:17.23M (Peak 17.35M) | Time:00:00.00 | Mem:0.00M, Peak:0.00M | Scene, ViewLayer | Updating Particle Systems | Copying Particles to device
Fra:1 Mem:17.23M (Peak 17.35M) | Time:00:00.00 | Mem:0.00M, Peak:0.00M | Scene, ViewLayer | Updating Meshes
Fra:1 Mem:17.23M (Peak 17.35M) | Time:00:00.00 | Mem:0.00M, Peak:0.00M | Scene, ViewLayer | Updating Objects | Applying Static Transformations
Fra:1 Mem:17.23M (Peak 17.35M) | Time:00:00.00 | Mem:0.00M, Peak:0.00M | Scene, ViewLayer | Updating Mesh | Computing attributes
Fra:1 Mem:17.52M (Peak 17.52M) | Time:00:00.00 | Mem:0.00M, Peak:0.00M | Scene, ViewLayer | Updating Mesh | Copying Attributes to device
Fra:1 Mem:17.52M (Peak 17.52M) | Time:00:00.00 | Mem:0.29M, Peak:0.29M | Scene, ViewLayer | Updating Scene BVH | Building
Fra:1 Mem:17.52M (Peak 17.52M) | Time:00:00.00 | Mem:0.29M, Peak:0.29M | Scene, ViewLayer | Updating Scene BVH | Building BVH
Fra:1 Mem:17.52M (Peak 17.52M) | Time:00:00.00 | Mem:0.46M, Peak:0.46M | Scene, ViewLayer | Updating Scene BVH | Building BVH 0%
Fra:1 Mem:17.52M (Peak 17.52M) | Time:00:00.00 | Mem:0.67M, Peak:0.84M | Scene, ViewLayer | Updating Scene BVH | Copying BVH to device
Fra:1 Mem:17.52M (Peak 17.52M) | Time:00:00.00 | Mem:0.67M, Peak:0.84M | Scene, ViewLayer | Updating Mesh | Computing normals
Fra:1 Mem:17.67M (Peak 17.67M) | Time:00:00.00 | Mem:0.67M, Peak:0.84M | Scene, ViewLayer | Updating Mesh | Copying Mesh to device
Fra:1 Mem:17.67M (Peak 17.67M) | Time:00:00.00 | Mem:0.82M, Peak:0.84M | Scene, ViewLayer | Updating Objects Flags
Fra:1 Mem:17.67M (Peak 17.67M) | Time:00:00.00 | Mem:0.82M, Peak:0.84M | Scene, ViewLayer | Updating Primitive Offsets
Fra:1 Mem:17.67M (Peak 17.67M) | Time:00:00.00 | Mem:0.82M, Peak:0.84M | Scene, ViewLayer | Updating Images
Fra:1 Mem:17.67M (Peak 17.67M) | Time:00:00.00 | Mem:0.82M, Peak:0.84M | Scene, ViewLayer | Updating Camera Volume
Fra:1 Mem:17.67M (Peak 17.67M) | Time:00:00.00 | Mem:0.82M, Peak:0.84M | Scene, ViewLayer | Updating Lookup Tables
Fra:1 Mem:17.67M (Peak 17.67M) | Time:00:00.00 | Mem:0.90M, Peak:0.90M | Scene, ViewLayer | Updating Lights
Fra:1 Mem:17.67M (Peak 17.67M) | Time:00:00.00 | Mem:0.90M, Peak:0.90M | Scene, ViewLayer | Updating Lights | Computing tree
Fra:1 Mem:17.67M (Peak 17.67M) | Time:00:00.00 | Mem:0.90M, Peak:0.90M | Scene, ViewLayer | Updating Integrator
Fra:1 Mem:17.67M (Peak 17.67M) | Time:00:00.00 | Mem:0.90M, Peak:0.90M | Scene, ViewLayer | Updating Film
Fra:1 Mem:17.67M (Peak 17.67M) | Time:00:00.00 | Mem:0.82M, Peak:0.90M | Scene, ViewLayer | Updating Lookup Tables
Fra:1 Mem:17.67M (Peak 17.67M) | Time:00:00.00 | Mem:0.90M, Peak:0.90M | Scene, ViewLayer | Updating Baking
Fra:1 Mem:17.67M (Peak 17.67M) | Time:00:00.00 | Mem:0.90M, Peak:0.90M | Scene, ViewLayer | Updating Device | Writing constant memory
Fra:1 Mem:17.68M (Peak 17.68M) | Time:00:00.00 | Mem:0.90M, Peak:0.90M | Scene, ViewLayer | Loading denoising kernels (may take a few minutes the first time)
Fra:1 Mem:17.68M (Peak 17.68M) | Time:00:00.00 | Mem:0.90M, Peak:0.90M | Scene, ViewLayer | Sample 0/20
Fra:1 Mem:59.51M (Peak 59.51M) | Time:00:00.07 | Remaining:00:01.35 | Mem:42.65M, Peak:42.65M | Scene, ViewLayer | Sample 1/20
Fra:1 Mem:77.09M (Peak 103.46M) | Time:00:04.16 | Mem:42.65M, Peak:42.65M | Scene, ViewLayer | Sample 20/20
Fra:1 Mem:77.09M (Peak 103.46M) | Time:00:04.16 | Mem:42.65M, Peak:42.65M | Scene, ViewLayer | Finished
Saved: '/workspace/scratch/a29d03198654/Aether/candidates/round40-exclusive-20260930/source-assets/cloud-sea46/sea46-2-back.png'
Time: 00:04.22 (Saving: 00:00.05)

Fra:1 Mem:16.87M (Peak 16.87M) | Time:00:00.00 | Mem:0.00M, Peak:0.00M | Scene, ViewLayer | Synchronizing object | cloud_sea_46_2_continuous_crown
Fra:1 Mem:16.87M (Peak 16.87M) | Time:00:00.00 | Mem:0.00M, Peak:0.00M | Scene, ViewLayer | Synchronizing object | Sun
Fra:1 Mem:17.35M (Peak 17.35M) | Time:00:00.00 | Mem:0.00M, Peak:0.00M | Scene, ViewLayer | Initializing
Fra:1 Mem:17.15M (Peak 17.35M) | Time:00:00.00 | Mem:0.00M, Peak:0.00M | Scene, ViewLayer | Waiting for render to start
Fra:1 Mem:17.15M (Peak 17.35M) | Time:00:00.00 | Mem:0.00M, Peak:0.00M | Scene, ViewLayer | Updating Scene
Fra:1 Mem:17.15M (Peak 17.35M) | Time:00:00.00 | Mem:0.00M, Peak:0.00M | Scene, ViewLayer | Updating Shaders
Fra:1 Mem:17.15M (Peak 17.35M) | Time:00:00.00 | Mem:0.00M, Peak:0.00M | Scene, ViewLayer | Loading render kernels (may take a few minutes the first time)
Fra:1 Mem:17.23M (Peak 17.35M) | Time:00:00.00 | Mem:0.00M, Peak:0.00M | Scene, ViewLayer | Updating Procedurals
Fra:1 Mem:17.23M (Peak 17.35M) | Time:00:00.00 | Mem:0.00M, Peak:0.00M | Scene, ViewLayer | Updating Background
Fra:1 Mem:17.23M (Peak 17.35M) | Time:00:00.00 | Mem:0.00M, Peak:0.00M | Scene, ViewLayer | Updating Camera
Fra:1 Mem:17.23M (Peak 17.35M) | Time:00:00.00 | Mem:0.00M, Peak:0.00M | Scene, ViewLayer | Updating Meshes Flags
Fra:1 Mem:17.23M (Peak 17.35M) | Time:00:00.00 | Mem:0.00M, Peak:0.00M | Scene, ViewLayer | Updating Objects
Fra:1 Mem:17.23M (Peak 17.35M) | Time:00:00.00 | Mem:0.00M, Peak:0.00M | Scene, ViewLayer | Updating Objects | Copying Transformations to device
Fra:1 Mem:17.23M (Peak 17.35M) | Time:00:00.00 | Mem:0.00M, Peak:0.00M | Scene, ViewLayer | Updating Particle Systems
Fra:1 Mem:17.23M (Peak 17.35M) | Time:00:00.00 | Mem:0.00M, Peak:0.00M | Scene, ViewLayer | Updating Particle Systems | Copying Particles to device
Fra:1 Mem:17.23M (Peak 17.35M) | Time:00:00.00 | Mem:0.00M, Peak:0.00M | Scene, ViewLayer | Updating Meshes
Fra:1 Mem:17.23M (Peak 17.35M) | Time:00:00.00 | Mem:0.00M, Peak:0.00M | Scene, ViewLayer | Updating Objects | Applying Static Transformations
Fra:1 Mem:17.23M (Peak 17.35M) | Time:00:00.00 | Mem:0.00M, Peak:0.00M | Scene, ViewLayer | Updating Mesh | Computing attributes
Fra:1 Mem:17.52M (Peak 17.52M) | Time:00:00.00 | Mem:0.00M, Peak:0.00M | Scene, ViewLayer | Updating Mesh | Copying Attributes to device
Fra:1 Mem:17.52M (Peak 17.52M) | Time:00:00.00 | Mem:0.29M, Peak:0.29M | Scene, ViewLayer | Updating Scene BVH | Building
Fra:1 Mem:17.52M (Peak 17.52M) | Time:00:00.00 | Mem:0.29M, Peak:0.29M | Scene, ViewLayer | Updating Scene BVH | Building BVH
Fra:1 Mem:17.52M (Peak 17.52M) | Time:00:00.00 | Mem:0.46M, Peak:0.46M | Scene, ViewLayer | Updating Scene BVH | Building BVH 0%
Fra:1 Mem:17.52M (Peak 17.52M) | Time:00:00.00 | Mem:0.67M, Peak:0.84M | Scene, ViewLayer | Updating Scene BVH | Copying BVH to device
Fra:1 Mem:17.52M (Peak 17.52M) | Time:00:00.00 | Mem:0.67M, Peak:0.84M | Scene, ViewLayer | Updating Mesh | Computing normals
Fra:1 Mem:17.67M (Peak 17.67M) | Time:00:00.00 | Mem:0.67M, Peak:0.84M | Scene, ViewLayer | Updating Mesh | Copying Mesh to device
Fra:1 Mem:17.67M (Peak 17.67M) | Time:00:00.00 | Mem:0.82M, Peak:0.84M | Scene, ViewLayer | Updating Objects Flags
Fra:1 Mem:17.67M (Peak 17.67M) | Time:00:00.00 | Mem:0.82M, Peak:0.84M | Scene, ViewLayer | Updating Primitive Offsets
Fra:1 Mem:17.67M (Peak 17.67M) | Time:00:00.00 | Mem:0.82M, Peak:0.84M | Scene, ViewLayer | Updating Images
Fra:1 Mem:17.67M (Peak 17.67M) | Time:00:00.00 | Mem:0.82M, Peak:0.84M | Scene, ViewLayer | Updating Camera Volume
Fra:1 Mem:17.67M (Peak 17.67M) | Time:00:00.00 | Mem:0.82M, Peak:0.84M | Scene, ViewLayer | Updating Lookup Tables
Fra:1 Mem:17.67M (Peak 17.67M) | Time:00:00.00 | Mem:0.90M, Peak:0.90M | Scene, ViewLayer | Updating Lights
Fra:1 Mem:17.67M (Peak 17.67M) | Time:00:00.00 | Mem:0.90M, Peak:0.90M | Scene, ViewLayer | Updating Lights | Computing tree
Fra:1 Mem:17.67M (Peak 17.67M) | Time:00:00.00 | Mem:0.90M, Peak:0.90M | Scene, ViewLayer | Updating Integrator
Fra:1 Mem:17.67M (Peak 17.67M) | Time:00:00.00 | Mem:0.90M, Peak:0.90M | Scene, ViewLayer | Updating Film
Fra:1 Mem:17.67M (Peak 17.67M) | Time:00:00.00 | Mem:0.82M, Peak:0.90M | Scene, ViewLayer | Updating Lookup Tables
Fra:1 Mem:17.67M (Peak 17.67M) | Time:00:00.00 | Mem:0.90M, Peak:0.90M | Scene, ViewLayer | Updating Baking
Fra:1 Mem:17.67M (Peak 17.67M) | Time:00:00.00 | Mem:0.90M, Peak:0.90M | Scene, ViewLayer | Updating Device | Writing constant memory
Fra:1 Mem:17.68M (Peak 17.68M) | Time:00:00.00 | Mem:0.90M, Peak:0.90M | Scene, ViewLayer | Loading denoising kernels (may take a few minutes the first time)
Fra:1 Mem:17.68M (Peak 17.68M) | Time:00:00.00 | Mem:0.90M, Peak:0.90M | Scene, ViewLayer | Sample 0/20
Fra:1 Mem:59.51M (Peak 59.51M) | Time:00:00.07 | Remaining:00:01.27 | Mem:42.65M, Peak:42.65M | Scene, ViewLayer | Sample 1/20
Fra:1 Mem:77.09M (Peak 103.46M) | Time:00:04.17 | Mem:42.65M, Peak:42.65M | Scene, ViewLayer | Sample 20/20
Fra:1 Mem:77.09M (Peak 103.46M) | Time:00:04.17 | Mem:42.65M, Peak:42.65M | Scene, ViewLayer | Finished
Saved: '/workspace/scratch/a29d03198654/Aether/candidates/round40-exclusive-20260930/source-assets/cloud-sea46/sea46-2-side.png'
Time: 00:04.22 (Saving: 00:00.05)

Fra:1 Mem:16.87M (Peak 16.87M) | Time:00:00.00 | Mem:0.00M, Peak:0.00M | Scene, ViewLayer | Synchronizing object | Sun
Fra:1 Mem:16.87M (Peak 16.87M) | Time:00:00.00 | Mem:0.00M, Peak:0.00M | Scene, ViewLayer | Synchronizing object | cloud_sea_46_2_continuous_crown
Fra:1 Mem:17.35M (Peak 17.35M) | Time:00:00.00 | Mem:0.00M, Peak:0.00M | Scene, ViewLayer | Initializing
Fra:1 Mem:17.15M (Peak 17.35M) | Time:00:00.00 | Mem:0.00M, Peak:0.00M | Scene, ViewLayer | Waiting for render to start
Fra:1 Mem:17.15M (Peak 17.35M) | Time:00:00.00 | Mem:0.00M, Peak:0.00M | Scene, ViewLayer | Updating Scene
Fra:1 Mem:17.15M (Peak 17.35M) | Time:00:00.00 | Mem:0.00M, Peak:0.00M | Scene, ViewLayer | Updating Shaders
Fra:1 Mem:17.15M (Peak 17.35M) | Time:00:00.00 | Mem:0.00M, Peak:0.00M | Scene, ViewLayer | Loading render kernels (may take a few minutes the first time)
Fra:1 Mem:17.23M (Peak 17.35M) | Time:00:00.00 | Mem:0.00M, Peak:0.00M | Scene, ViewLayer | Updating Procedurals
Fra:1 Mem:17.23M (Peak 17.35M) | Time:00:00.00 | Mem:0.00M, Peak:0.00M | Scene, ViewLayer | Updating Background
Fra:1 Mem:17.23M (Peak 17.35M) | Time:00:00.00 | Mem:0.00M, Peak:0.00M | Scene, ViewLayer | Updating Camera
Fra:1 Mem:17.23M (Peak 17.35M) | Time:00:00.00 | Mem:0.00M, Peak:0.00M | Scene, ViewLayer | Updating Meshes Flags
Fra:1 Mem:17.23M (Peak 17.35M) | Time:00:00.00 | Mem:0.00M, Peak:0.00M | Scene, ViewLayer | Updating Objects
Fra:1 Mem:17.23M (Peak 17.35M) | Time:00:00.00 | Mem:0.00M, Peak:0.00M | Scene, ViewLayer | Updating Objects | Copying Transformations to device
Fra:1 Mem:17.23M (Peak 17.35M) | Time:00:00.00 | Mem:0.00M, Peak:0.00M | Scene, ViewLayer | Updating Particle Systems
Fra:1 Mem:17.23M (Peak 17.35M) | Time:00:00.00 | Mem:0.00M, Peak:0.00M | Scene, ViewLayer | Updating Particle Systems | Copying Particles to device
Fra:1 Mem:17.23M (Peak 17.35M) | Time:00:00.00 | Mem:0.00M, Peak:0.00M | Scene, ViewLayer | Updating Meshes
Fra:1 Mem:17.23M (Peak 17.35M) | Time:00:00.00 | Mem:0.00M, Peak:0.00M | Scene, ViewLayer | Updating Objects | Applying Static Transformations
Fra:1 Mem:17.23M (Peak 17.35M) | Time:00:00.00 | Mem:0.00M, Peak:0.00M | Scene, ViewLayer | Updating Mesh | Computing attributes
Fra:1 Mem:17.52M (Peak 17.52M) | Time:00:00.00 | Mem:0.00M, Peak:0.00M | Scene, ViewLayer | Updating Mesh | Copying Attributes to device
Fra:1 Mem:17.52M (Peak 17.52M) | Time:00:00.00 | Mem:0.29M, Peak:0.29M | Scene, ViewLayer | Updating Scene BVH | Building
Fra:1 Mem:17.52M (Peak 17.52M) | Time:00:00.00 | Mem:0.29M, Peak:0.29M | Scene, ViewLayer | Updating Scene BVH | Building BVH
Fra:1 Mem:17.52M (Peak 17.52M) | Time:00:00.00 | Mem:0.46M, Peak:0.46M | Scene, ViewLayer | Updating Scene BVH | Building BVH 0%
Fra:1 Mem:17.52M (Peak 17.52M) | Time:00:00.00 | Mem:0.67M, Peak:0.84M | Scene, ViewLayer | Updating Scene BVH | Copying BVH to device
Fra:1 Mem:17.52M (Peak 17.52M) | Time:00:00.00 | Mem:0.67M, Peak:0.84M | Scene, ViewLayer | Updating Mesh | Computing normals
Fra:1 Mem:17.67M (Peak 17.67M) | Time:00:00.00 | Mem:0.67M, Peak:0.84M | Scene, ViewLayer | Updating Mesh | Copying Mesh to device
Fra:1 Mem:17.67M (Peak 17.67M) | Time:00:00.00 | Mem:0.82M, Peak:0.84M | Scene, ViewLayer | Updating Objects Flags
Fra:1 Mem:17.67M (Peak 17.67M) | Time:00:00.00 | Mem:0.82M, Peak:0.84M | Scene, ViewLayer | Updating Primitive Offsets
Fra:1 Mem:17.67M (Peak 17.67M) | Time:00:00.00 | Mem:0.82M, Peak:0.84M | Scene, ViewLayer | Updating Images
Fra:1 Mem:17.67M (Peak 17.67M) | Time:00:00.00 | Mem:0.82M, Peak:0.84M | Scene, ViewLayer | Updating Camera Volume
Fra:1 Mem:17.67M (Peak 17.67M) | Time:00:00.00 | Mem:0.82M, Peak:0.84M | Scene, ViewLayer | Updating Lookup Tables
Fra:1 Mem:17.67M (Peak 17.67M) | Time:00:00.00 | Mem:0.90M, Peak:0.90M | Scene, ViewLayer | Updating Lights
Fra:1 Mem:17.67M (Peak 17.67M) | Time:00:00.00 | Mem:0.90M, Peak:0.90M | Scene, ViewLayer | Updating Lights | Computing tree
Fra:1 Mem:17.67M (Peak 17.67M) | Time:00:00.00 | Mem:0.90M, Peak:0.90M | Scene, ViewLayer | Updating Integrator
Fra:1 Mem:17.67M (Peak 17.67M) | Time:00:00.00 | Mem:0.90M, Peak:0.90M | Scene, ViewLayer | Updating Film
Fra:1 Mem:17.67M (Peak 17.67M) | Time:00:00.00 | Mem:0.82M, Peak:0.90M | Scene, ViewLayer | Updating Lookup Tables
Fra:1 Mem:17.67M (Peak 17.67M) | Time:00:00.00 | Mem:0.90M, Peak:0.90M | Scene, ViewLayer | Updating Baking
Fra:1 Mem:17.67M (Peak 17.67M) | Time:00:00.00 | Mem:0.90M, Peak:0.90M | Scene, ViewLayer | Updating Device | Writing constant memory
Fra:1 Mem:17.68M (Peak 17.68M) | Time:00:00.00 | Mem:0.90M, Peak:0.90M | Scene, ViewLayer | Loading denoising kernels (may take a few minutes the first time)
Fra:1 Mem:17.68M (Peak 17.68M) | Time:00:00.00 | Mem:0.90M, Peak:0.90M | Scene, ViewLayer | Sample 0/20
Fra:1 Mem:59.51M (Peak 59.51M) | Time:00:00.10 | Remaining:00:01.82 | Mem:42.65M, Peak:42.65M | Scene, ViewLayer | Sample 1/20
Fra:1 Mem:77.09M (Peak 103.46M) | Time:00:04.39 | Mem:42.65M, Peak:42.65M | Scene, ViewLayer | Sample 20/20
Fra:1 Mem:77.09M (Peak 103.46M) | Time:00:04.39 | Mem:42.65M, Peak:42.65M | Scene, ViewLayer | Finished
Saved: '/workspace/scratch/a29d03198654/Aether/candidates/round40-exclusive-20260930/source-assets/cloud-sea46/sea46-2-underside.png'
Time: 00:04.44 (Saving: 00:00.05)

Fra:1 Mem:16.87M (Peak 16.87M) | Time:00:00.00 | Mem:0.00M, Peak:0.00M | Scene, ViewLayer | Synchronizing object | cloud_sea_46_2_continuous_crown
Fra:1 Mem:16.87M (Peak 16.87M) | Time:00:00.00 | Mem:0.00M, Peak:0.00M | Scene, ViewLayer | Synchronizing object | Sun
Fra:1 Mem:17.35M (Peak 17.35M) | Time:00:00.00 | Mem:0.00M, Peak:0.00M | Scene, ViewLayer | Initializing
Fra:1 Mem:17.15M (Peak 17.35M) | Time:00:00.00 | Mem:0.00M, Peak:0.00M | Scene, ViewLayer | Waiting for render to start
Fra:1 Mem:17.15M (Peak 17.35M) | Time:00:00.00 | Mem:0.00M, Peak:0.00M | Scene, ViewLayer | Updating Scene
Fra:1 Mem:17.15M (Peak 17.35M) | Time:00:00.00 | Mem:0.00M, Peak:0.00M | Scene, ViewLayer | Updating Shaders
Fra:1 Mem:17.15M (Peak 17.35M) | Time:00:00.00 | Mem:0.00M, Peak:0.00M | Scene, ViewLayer | Loading render kernels (may take a few minutes the first time)
Fra:1 Mem:17.23M (Peak 17.35M) | Time:00:00.00 | Mem:0.00M, Peak:0.00M | Scene, ViewLayer | Updating Procedurals
Fra:1 Mem:17.23M (Peak 17.35M) | Time:00:00.00 | Mem:0.00M, Peak:0.00M | Scene, ViewLayer | Updating Background
Fra:1 Mem:17.23M (Peak 17.35M) | Time:00:00.00 | Mem:0.00M, Peak:0.00M | Scene, ViewLayer | Updating Camera
Fra:1 Mem:17.23M (Peak 17.35M) | Time:00:00.00 | Mem:0.00M, Peak:0.00M | Scene, ViewLayer | Updating Meshes Flags
Fra:1 Mem:17.23M (Peak 17.35M) | Time:00:00.00 | Mem:0.00M, Peak:0.00M | Scene, ViewLayer | Updating Objects
Fra:1 Mem:17.23M (Peak 17.35M) | Time:00:00.00 | Mem:0.00M, Peak:0.00M | Scene, ViewLayer | Updating Objects | Copying Transformations to device
Fra:1 Mem:17.23M (Peak 17.35M) | Time:00:00.00 | Mem:0.00M, Peak:0.00M | Scene, ViewLayer | Updating Particle Systems
Fra:1 Mem:17.23M (Peak 17.35M) | Time:00:00.00 | Mem:0.00M, Peak:0.00M | Scene, ViewLayer | Updating Particle Systems | Copying Particles to device
Fra:1 Mem:17.23M (Peak 17.35M) | Time:00:00.00 | Mem:0.00M, Peak:0.00M | Scene, ViewLayer | Updating Meshes
Fra:1 Mem:17.23M (Peak 17.35M) | Time:00:00.00 | Mem:0.00M, Peak:0.00M | Scene, ViewLayer | Updating Objects | Applying Static Transformations
Fra:1 Mem:17.23M (Peak 17.35M) | Time:00:00.00 | Mem:0.00M, Peak:0.00M | Scene, ViewLayer | Updating Mesh | Computing attributes
Fra:1 Mem:17.52M (Peak 17.52M) | Time:00:00.00 | Mem:0.00M, Peak:0.00M | Scene, ViewLayer | Updating Mesh | Copying Attributes to device
Fra:1 Mem:17.52M (Peak 17.52M) | Time:00:00.00 | Mem:0.29M, Peak:0.29M | Scene, ViewLayer | Updating Scene BVH | Building
Fra:1 Mem:17.52M (Peak 17.52M) | Time:00:00.00 | Mem:0.29M, Peak:0.29M | Scene, ViewLayer | Updating Scene BVH | Building BVH
Fra:1 Mem:17.52M (Peak 17.52M) | Time:00:00.00 | Mem:0.46M, Peak:0.46M | Scene, ViewLayer | Updating Scene BVH | Building BVH 0%
Fra:1 Mem:17.52M (Peak 17.52M) | Time:00:00.00 | Mem:0.67M, Peak:0.84M | Scene, ViewLayer | Updating Scene BVH | Copying BVH to device
Fra:1 Mem:17.52M (Peak 17.52M) | Time:00:00.00 | Mem:0.67M, Peak:0.84M | Scene, ViewLayer | Updating Mesh | Computing normals
Fra:1 Mem:17.67M (Peak 17.67M) | Time:00:00.00 | Mem:0.67M, Peak:0.84M | Scene, ViewLayer | Updating Mesh | Copying Mesh to device
Fra:1 Mem:17.67M (Peak 17.67M) | Time:00:00.00 | Mem:0.82M, Peak:0.84M | Scene, ViewLayer | Updating Objects Flags
Fra:1 Mem:17.67M (Peak 17.67M) | Time:00:00.00 | Mem:0.82M, Peak:0.84M | Scene, ViewLayer | Updating Primitive Offsets
Fra:1 Mem:17.67M (Peak 17.67M) | Time:00:00.00 | Mem:0.82M, Peak:0.84M | Scene, ViewLayer | Updating Images
Fra:1 Mem:17.67M (Peak 17.67M) | Time:00:00.00 | Mem:0.82M, Peak:0.84M | Scene, ViewLayer | Updating Camera Volume
Fra:1 Mem:17.67M (Peak 17.67M) | Time:00:00.00 | Mem:0.82M, Peak:0.84M | Scene, ViewLayer | Updating Lookup Tables
Fra:1 Mem:17.67M (Peak 17.67M) | Time:00:00.00 | Mem:0.90M, Peak:0.90M | Scene, ViewLayer | Updating Lights
Fra:1 Mem:17.67M (Peak 17.67M) | Time:00:00.00 | Mem:0.90M, Peak:0.90M | Scene, ViewLayer | Updating Lights | Computing tree
Fra:1 Mem:17.67M (Peak 17.67M) | Time:00:00.00 | Mem:0.90M, Peak:0.90M | Scene, ViewLayer | Updating Integrator
Fra:1 Mem:17.67M (Peak 17.67M) | Time:00:00.00 | Mem:0.90M, Peak:0.90M | Scene, ViewLayer | Updating Film
Fra:1 Mem:17.67M (Peak 17.67M) | Time:00:00.00 | Mem:0.82M, Peak:0.90M | Scene, ViewLayer | Updating Lookup Tables
Fra:1 Mem:17.67M (Peak 17.67M) | Time:00:00.00 | Mem:0.90M, Peak:0.90M | Scene, ViewLayer | Updating Baking
Fra:1 Mem:17.67M (Peak 17.67M) | Time:00:00.00 | Mem:0.90M, Peak:0.90M | Scene, ViewLayer | Updating Device | Writing constant memory
Fra:1 Mem:17.68M (Peak 17.68M) | Time:00:00.00 | Mem:0.90M, Peak:0.90M | Scene, ViewLayer | Loading denoising kernels (may take a few minutes the first time)
Fra:1 Mem:17.68M (Peak 17.68M) | Time:00:00.00 | Mem:0.90M, Peak:0.90M | Scene, ViewLayer | Sample 0/20
Fra:1 Mem:59.51M (Peak 59.51M) | Time:00:00.16 | Remaining:00:03.09 | Mem:42.65M, Peak:42.65M | Scene, ViewLayer | Sample 1/20
Fra:1 Mem:77.09M (Peak 103.46M) | Time:00:05.94 | Mem:42.65M, Peak:42.65M | Scene, ViewLayer | Sample 20/20
Fra:1 Mem:77.09M (Peak 103.46M) | Time:00:05.94 | Mem:42.65M, Peak:42.65M | Scene, ViewLayer | Finished
Saved: '/workspace/scratch/a29d03198654/Aether/candidates/round40-exclusive-20260930/source-assets/cloud-sea46/sea46-2-top.png'
Time: 00:06.01 (Saving: 00:00.06)


Info: Saved as "cloud_sea46.blend"
Info: Saved as "cloud_sea46_preview.blend"
SEA46 COMPLETE {"scope": "CloudSea mesh only; original 25 world anchors and scenes untouched", "hardware_gpu_acceptance": false, "visual_acceptance": false, "variants": [{"name": "cloud_sea_46_0", "bounds_blender_xyz": [[-722.5391845703125, -640.1513061523438, -166.5810089111328], [743.4591674804688, 660.7391967773438, 357.0672912597656]], "triangles": 5164, "vertices": 2582, "boundary_edges": 0, "nonmanifold_edges": 0, "signed_volume": 303697619.65331393, "editable_lobe_controls": 13}, {"name": "cloud_sea_46_1", "bounds_blender_xyz": [[-757.1853637695312, -649.0064697265625, -158.70620727539062], [718.2171630859375, 659.08935546875, 337.6087646484375]], "triangles": 5190, "vertices": 2595, "boundary_edges": 0, "nonmanifold_edges": 0, "signed_volume": 295346623.53293306, "editable_lobe_controls": 12}, {"name": "cloud_sea_46_2", "bounds_blender_xyz": [[-781.73291015625, -677.9828491210938, -168.73428344726562], [763.039306640625, 666.691162109375, 377.0101318359375]], "triangles": 5600, "vertices": 2798, "boundary_edges": 0, "nonmanifold_edges": 0, "signed_volume": 323476050.52590877, "editable_lobe_controls": 12}]}

Blender quit
