Blender 4.5.14 LTS (hash 62c1db4208e8 built 2026-09-15 01:31:19)
Read blend: "/workspace/scratch/a29d03198654/Aether/source-assets/cloud-sea52c/cloud_sea52c.blend"
Fra:1 Mem:11.69M (Peak 11.69M) | Time:00:00.00 | Mem:0.00M, Peak:0.00M | Scene, ViewLayer | Synchronizing object | CloudSea52c_v0_crown_scroll
Fra:1 Mem:11.69M (Peak 11.69M) | Time:00:00.00 | Mem:0.00M, Peak:0.00M | Scene, ViewLayer | Synchronizing object | Sun
Fra:1 Mem:12.05M (Peak 12.05M) | Time:00:00.00 | Mem:0.00M, Peak:0.00M | Scene, ViewLayer | Initializing
Fra:1 Mem:11.79M (Peak 12.05M) | Time:00:00.00 | Mem:0.00M, Peak:0.00M | Scene, ViewLayer | Waiting for render to start
Fra:1 Mem:11.79M (Peak 12.05M) | Time:00:00.00 | Mem:0.00M, Peak:0.00M | Scene, ViewLayer | Updating Scene
Fra:1 Mem:11.79M (Peak 12.05M) | Time:00:00.00 | Mem:0.00M, Peak:0.00M | Scene, ViewLayer | Updating Shaders
Fra:1 Mem:11.79M (Peak 12.05M) | Time:00:00.00 | Mem:0.00M, Peak:0.00M | Scene, ViewLayer | Loading render kernels (may take a few minutes the first time)
Fra:1 Mem:11.87M (Peak 12.05M) | Time:00:00.00 | Mem:0.00M, Peak:0.00M | Scene, ViewLayer | Updating Procedurals
Fra:1 Mem:11.87M (Peak 12.05M) | Time:00:00.00 | Mem:0.00M, Peak:0.00M | Scene, ViewLayer | Updating Background
Fra:1 Mem:11.87M (Peak 12.05M) | Time:00:00.00 | Mem:0.00M, Peak:0.00M | Scene, ViewLayer | Updating Camera
Fra:1 Mem:11.87M (Peak 12.05M) | Time:00:00.00 | Mem:0.00M, Peak:0.00M | Scene, ViewLayer | Updating Meshes Flags
Fra:1 Mem:11.87M (Peak 12.05M) | Time:00:00.00 | Mem:0.00M, Peak:0.00M | Scene, ViewLayer | Updating Objects
Fra:1 Mem:11.87M (Peak 12.05M) | Time:00:00.00 | Mem:0.00M, Peak:0.00M | Scene, ViewLayer | Updating Objects | Copying Transformations to device
Fra:1 Mem:11.87M (Peak 12.05M) | Time:00:00.00 | Mem:0.00M, Peak:0.00M | Scene, ViewLayer | Updating Particle Systems
Fra:1 Mem:11.87M (Peak 12.05M) | Time:00:00.00 | Mem:0.00M, Peak:0.00M | Scene, ViewLayer | Updating Particle Systems | Copying Particles to device
Fra:1 Mem:11.87M (Peak 12.05M) | Time:00:00.00 | Mem:0.00M, Peak:0.00M | Scene, ViewLayer | Updating Meshes
Fra:1 Mem:11.87M (Peak 12.05M) | Time:00:00.00 | Mem:0.00M, Peak:0.00M | Scene, ViewLayer | Updating Objects | Applying Static Transformations
Fra:1 Mem:11.87M (Peak 12.05M) | Time:00:00.00 | Mem:0.00M, Peak:0.00M | Scene, ViewLayer | Updating Mesh | Computing attributes
Fra:1 Mem:12.01M (Peak 12.05M) | Time:00:00.00 | Mem:0.00M, Peak:0.00M | Scene, ViewLayer | Updating Mesh | Copying Attributes to device
Fra:1 Mem:12.01M (Peak 12.05M) | Time:00:00.00 | Mem:0.15M, Peak:0.15M | Scene, ViewLayer | Updating Scene BVH | Building
Fra:1 Mem:12.01M (Peak 12.05M) | Time:00:00.00 | Mem:0.15M, Peak:0.15M | Scene, ViewLayer | Updating Scene BVH | Building BVH
Fra:1 Mem:12.01M (Peak 12.05M) | Time:00:00.00 | Mem:0.23M, Peak:0.23M | Scene, ViewLayer | Updating Scene BVH | Building BVH 0%
Fra:1 Mem:12.01M (Peak 12.05M) | Time:00:00.00 | Mem:0.33M, Peak:0.42M | Scene, ViewLayer | Updating Scene BVH | Copying BVH to device
Fra:1 Mem:12.01M (Peak 12.05M) | Time:00:00.00 | Mem:0.33M, Peak:0.42M | Scene, ViewLayer | Updating Mesh | Computing normals
Fra:1 Mem:12.09M (Peak 12.09M) | Time:00:00.00 | Mem:0.33M, Peak:0.42M | Scene, ViewLayer | Updating Mesh | Copying Mesh to device
Fra:1 Mem:12.09M (Peak 12.09M) | Time:00:00.00 | Mem:0.41M, Peak:0.42M | Scene, ViewLayer | Updating Objects Flags
Fra:1 Mem:12.09M (Peak 12.09M) | Time:00:00.00 | Mem:0.41M, Peak:0.42M | Scene, ViewLayer | Updating Primitive Offsets
Fra:1 Mem:12.09M (Peak 12.09M) | Time:00:00.00 | Mem:0.41M, Peak:0.42M | Scene, ViewLayer | Updating Images
Fra:1 Mem:12.09M (Peak 12.09M) | Time:00:00.00 | Mem:0.41M, Peak:0.42M | Scene, ViewLayer | Updating Camera Volume
Fra:1 Mem:12.09M (Peak 12.09M) | Time:00:00.00 | Mem:0.41M, Peak:0.42M | Scene, ViewLayer | Updating Lookup Tables
Fra:1 Mem:12.09M (Peak 12.09M) | Time:00:00.00 | Mem:0.49M, Peak:0.49M | Scene, ViewLayer | Updating Lights
Fra:1 Mem:12.09M (Peak 12.09M) | Time:00:00.00 | Mem:0.49M, Peak:0.49M | Scene, ViewLayer | Updating Lights | Computing tree
Fra:1 Mem:12.09M (Peak 12.09M) | Time:00:00.00 | Mem:0.49M, Peak:0.49M | Scene, ViewLayer | Updating Integrator
Fra:1 Mem:12.09M (Peak 12.09M) | Time:00:00.00 | Mem:0.49M, Peak:0.49M | Scene, ViewLayer | Updating Film
Fra:1 Mem:12.09M (Peak 12.09M) | Time:00:00.00 | Mem:0.41M, Peak:0.49M | Scene, ViewLayer | Updating Lookup Tables
Fra:1 Mem:12.09M (Peak 12.09M) | Time:00:00.00 | Mem:0.49M, Peak:0.49M | Scene, ViewLayer | Updating Baking
Fra:1 Mem:12.09M (Peak 12.09M) | Time:00:00.00 | Mem:0.49M, Peak:0.49M | Scene, ViewLayer | Updating Device | Writing constant memory
Fra:1 Mem:12.10M (Peak 12.10M) | Time:00:00.00 | Mem:0.49M, Peak:0.49M | Scene, ViewLayer | Loading denoising kernels (may take a few minutes the first time)
Fra:1 Mem:12.10M (Peak 12.10M) | Time:00:00.00 | Mem:0.49M, Peak:0.49M | Scene, ViewLayer | Sample 0/20
Fra:1 Mem:53.88M (Peak 53.88M) | Time:00:00.06 | Remaining:00:01.15 | Mem:42.24M, Peak:42.24M | Scene, ViewLayer | Sample 1/20
Fra:1 Mem:71.47M (Peak 97.84M) | Time:00:03.94 | Mem:42.24M, Peak:42.24M | Scene, ViewLayer | Sample 20/20
Fra:1 Mem:71.47M (Peak 97.84M) | Time:00:03.94 | Mem:42.24M, Peak:42.24M | Scene, ViewLayer | Finished
Saved: '/workspace/scratch/a29d03198654/Aether/cloud-evidence/cloudsea52c-source-v0-20261001T043720Z-5zj0d3ql/images/sea52c-0-front.png'
Time: 00:04.07 (Saving: 00:00.12)

Fra:1 Mem:11.82M (Peak 11.82M) | Time:00:00.00 | Mem:0.00M, Peak:0.00M | Scene, ViewLayer | Synchronizing object | CloudSea52c_v0_crown_scroll
Fra:1 Mem:11.82M (Peak 11.82M) | Time:00:00.00 | Mem:0.00M, Peak:0.00M | Scene, ViewLayer | Synchronizing object | Sun
Fra:1 Mem:12.05M (Peak 12.05M) | Time:00:00.00 | Mem:0.00M, Peak:0.00M | Scene, ViewLayer | Initializing
Fra:1 Mem:11.79M (Peak 12.05M) | Time:00:00.00 | Mem:0.00M, Peak:0.00M | Scene, ViewLayer | Waiting for render to start
Fra:1 Mem:11.79M (Peak 12.05M) | Time:00:00.00 | Mem:0.00M, Peak:0.00M | Scene, ViewLayer | Updating Scene
Fra:1 Mem:11.79M (Peak 12.05M) | Time:00:00.00 | Mem:0.00M, Peak:0.00M | Scene, ViewLayer | Updating Shaders
Fra:1 Mem:11.79M (Peak 12.05M) | Time:00:00.00 | Mem:0.00M, Peak:0.00M | Scene, ViewLayer | Loading render kernels (may take a few minutes the first time)
Fra:1 Mem:11.87M (Peak 12.05M) | Time:00:00.00 | Mem:0.00M, Peak:0.00M | Scene, ViewLayer | Updating Procedurals
Fra:1 Mem:11.87M (Peak 12.05M) | Time:00:00.00 | Mem:0.00M, Peak:0.00M | Scene, ViewLayer | Updating Background
Fra:1 Mem:11.87M (Peak 12.05M) | Time:00:00.00 | Mem:0.00M, Peak:0.00M | Scene, ViewLayer | Updating Camera
Fra:1 Mem:11.87M (Peak 12.05M) | Time:00:00.00 | Mem:0.00M, Peak:0.00M | Scene, ViewLayer | Updating Meshes Flags
Fra:1 Mem:11.87M (Peak 12.05M) | Time:00:00.00 | Mem:0.00M, Peak:0.00M | Scene, ViewLayer | Updating Objects
Fra:1 Mem:11.87M (Peak 12.05M) | Time:00:00.00 | Mem:0.00M, Peak:0.00M | Scene, ViewLayer | Updating Objects | Copying Transformations to device
Fra:1 Mem:11.87M (Peak 12.05M) | Time:00:00.00 | Mem:0.00M, Peak:0.00M | Scene, ViewLayer | Updating Particle Systems
Fra:1 Mem:11.87M (Peak 12.05M) | Time:00:00.00 | Mem:0.00M, Peak:0.00M | Scene, ViewLayer | Updating Particle Systems | Copying Particles to device
Fra:1 Mem:11.87M (Peak 12.05M) | Time:00:00.00 | Mem:0.00M, Peak:0.00M | Scene, ViewLayer | Updating Meshes
Fra:1 Mem:11.87M (Peak 12.05M) | Time:00:00.00 | Mem:0.00M, Peak:0.00M | Scene, ViewLayer | Updating Objects | Applying Static Transformations
Fra:1 Mem:11.87M (Peak 12.05M) | Time:00:00.00 | Mem:0.00M, Peak:0.00M | Scene, ViewLayer | Updating Mesh | Computing attributes
Fra:1 Mem:12.01M (Peak 12.05M) | Time:00:00.00 | Mem:0.00M, Peak:0.00M | Scene, ViewLayer | Updating Mesh | Copying Attributes to device
Fra:1 Mem:12.01M (Peak 12.05M) | Time:00:00.00 | Mem:0.15M, Peak:0.15M | Scene, ViewLayer | Updating Scene BVH | Building
Fra:1 Mem:12.01M (Peak 12.05M) | Time:00:00.00 | Mem:0.15M, Peak:0.15M | Scene, ViewLayer | Updating Scene BVH | Building BVH
Fra:1 Mem:12.01M (Peak 12.05M) | Time:00:00.00 | Mem:0.23M, Peak:0.23M | Scene, ViewLayer | Updating Scene BVH | Building BVH 0%
Fra:1 Mem:12.01M (Peak 12.05M) | Time:00:00.00 | Mem:0.33M, Peak:0.42M | Scene, ViewLayer | Updating Scene BVH | Copying BVH to device
Fra:1 Mem:12.01M (Peak 12.05M) | Time:00:00.00 | Mem:0.33M, Peak:0.42M | Scene, ViewLayer | Updating Mesh | Computing normals
Fra:1 Mem:12.09M (Peak 12.09M) | Time:00:00.00 | Mem:0.33M, Peak:0.42M | Scene, ViewLayer | Updating Mesh | Copying Mesh to device
Fra:1 Mem:12.09M (Peak 12.09M) | Time:00:00.00 | Mem:0.41M, Peak:0.42M | Scene, ViewLayer | Updating Objects Flags
Fra:1 Mem:12.09M (Peak 12.09M) | Time:00:00.00 | Mem:0.41M, Peak:0.42M | Scene, ViewLayer | Updating Primitive Offsets
Fra:1 Mem:12.09M (Peak 12.09M) | Time:00:00.00 | Mem:0.41M, Peak:0.42M | Scene, ViewLayer | Updating Images
Fra:1 Mem:12.09M (Peak 12.09M) | Time:00:00.00 | Mem:0.41M, Peak:0.42M | Scene, ViewLayer | Updating Camera Volume
Fra:1 Mem:12.09M (Peak 12.09M) | Time:00:00.00 | Mem:0.41M, Peak:0.42M | Scene, ViewLayer | Updating Lookup Tables
Fra:1 Mem:12.09M (Peak 12.09M) | Time:00:00.00 | Mem:0.49M, Peak:0.49M | Scene, ViewLayer | Updating Lights
Fra:1 Mem:12.09M (Peak 12.09M) | Time:00:00.00 | Mem:0.49M, Peak:0.49M | Scene, ViewLayer | Updating Lights | Computing tree
Fra:1 Mem:12.09M (Peak 12.09M) | Time:00:00.00 | Mem:0.49M, Peak:0.49M | Scene, ViewLayer | Updating Integrator
Fra:1 Mem:12.09M (Peak 12.09M) | Time:00:00.00 | Mem:0.49M, Peak:0.49M | Scene, ViewLayer | Updating Film
Fra:1 Mem:12.09M (Peak 12.09M) | Time:00:00.00 | Mem:0.41M, Peak:0.49M | Scene, ViewLayer | Updating Lookup Tables
Fra:1 Mem:12.09M (Peak 12.09M) | Time:00:00.00 | Mem:0.49M, Peak:0.49M | Scene, ViewLayer | Updating Baking
Fra:1 Mem:12.09M (Peak 12.09M) | Time:00:00.00 | Mem:0.49M, Peak:0.49M | Scene, ViewLayer | Updating Device | Writing constant memory
Fra:1 Mem:12.10M (Peak 12.10M) | Time:00:00.00 | Mem:0.49M, Peak:0.49M | Scene, ViewLayer | Loading denoising kernels (may take a few minutes the first time)
Fra:1 Mem:12.10M (Peak 12.10M) | Time:00:00.00 | Mem:0.49M, Peak:0.49M | Scene, ViewLayer | Sample 0/20
Fra:1 Mem:53.88M (Peak 53.88M) | Time:00:00.06 | Remaining:00:01.10 | Mem:42.24M, Peak:42.24M | Scene, ViewLayer | Sample 1/20
Fra:1 Mem:71.47M (Peak 97.84M) | Time:00:04.19 | Mem:42.24M, Peak:42.24M | Scene, ViewLayer | Sample 20/20
Fra:1 Mem:71.47M (Peak 97.84M) | Time:00:04.19 | Mem:42.24M, Peak:42.24M | Scene, ViewLayer | Finished
Saved: '/workspace/scratch/a29d03198654/Aether/cloud-evidence/cloudsea52c-source-v0-20261001T043720Z-5zj0d3ql/images/sea52c-0-back.png'
Time: 00:04.24 (Saving: 00:00.05)

Fra:1 Mem:11.82M (Peak 11.82M) | Time:00:00.00 | Mem:0.00M, Peak:0.00M | Scene, ViewLayer | Synchronizing object | CloudSea52c_v0_crown_scroll
Fra:1 Mem:11.82M (Peak 11.82M) | Time:00:00.00 | Mem:0.00M, Peak:0.00M | Scene, ViewLayer | Synchronizing object | CloudSea52c_v0_notched_shoulder
Fra:1 Mem:11.89M (Peak 11.89M) | Time:00:00.00 | Mem:0.00M, Peak:0.00M | Scene, ViewLayer | Synchronizing object | Sun
Fra:1 Mem:12.05M (Peak 12.05M) | Time:00:00.00 | Mem:0.00M, Peak:0.00M | Scene, ViewLayer | Initializing
Fra:1 Mem:11.79M (Peak 12.05M) | Time:00:00.00 | Mem:0.00M, Peak:0.00M | Scene, ViewLayer | Waiting for render to start
Fra:1 Mem:11.79M (Peak 12.05M) | Time:00:00.00 | Mem:0.00M, Peak:0.00M | Scene, ViewLayer | Updating Scene
Fra:1 Mem:11.79M (Peak 12.05M) | Time:00:00.00 | Mem:0.00M, Peak:0.00M | Scene, ViewLayer | Updating Shaders
Fra:1 Mem:11.79M (Peak 12.05M) | Time:00:00.00 | Mem:0.00M, Peak:0.00M | Scene, ViewLayer | Loading render kernels (may take a few minutes the first time)
Fra:1 Mem:11.87M (Peak 12.05M) | Time:00:00.00 | Mem:0.00M, Peak:0.00M | Scene, ViewLayer | Updating Procedurals
Fra:1 Mem:11.87M (Peak 12.05M) | Time:00:00.00 | Mem:0.00M, Peak:0.00M | Scene, ViewLayer | Updating Background
Fra:1 Mem:11.87M (Peak 12.05M) | Time:00:00.00 | Mem:0.00M, Peak:0.00M | Scene, ViewLayer | Updating Camera
Fra:1 Mem:11.87M (Peak 12.05M) | Time:00:00.00 | Mem:0.00M, Peak:0.00M | Scene, ViewLayer | Updating Meshes Flags
Fra:1 Mem:11.87M (Peak 12.05M) | Time:00:00.00 | Mem:0.00M, Peak:0.00M | Scene, ViewLayer | Updating Objects
Fra:1 Mem:11.87M (Peak 12.05M) | Time:00:00.00 | Mem:0.00M, Peak:0.00M | Scene, ViewLayer | Updating Objects | Copying Transformations to device
Fra:1 Mem:11.87M (Peak 12.05M) | Time:00:00.00 | Mem:0.00M, Peak:0.00M | Scene, ViewLayer | Updating Particle Systems
Fra:1 Mem:11.87M (Peak 12.05M) | Time:00:00.00 | Mem:0.00M, Peak:0.00M | Scene, ViewLayer | Updating Particle Systems | Copying Particles to device
Fra:1 Mem:11.87M (Peak 12.05M) | Time:00:00.00 | Mem:0.00M, Peak:0.00M | Scene, ViewLayer | Updating Meshes
Fra:1 Mem:11.87M (Peak 12.05M) | Time:00:00.00 | Mem:0.00M, Peak:0.00M | Scene, ViewLayer | Updating Objects | Applying Static Transformations
Fra:1 Mem:11.87M (Peak 12.05M) | Time:00:00.00 | Mem:0.00M, Peak:0.00M | Scene, ViewLayer | Updating Mesh | Computing attributes
Fra:1 Mem:12.01M (Peak 12.05M) | Time:00:00.00 | Mem:0.00M, Peak:0.00M | Scene, ViewLayer | Updating Mesh | Copying Attributes to device
Fra:1 Mem:12.01M (Peak 12.05M) | Time:00:00.00 | Mem:0.15M, Peak:0.15M | Scene, ViewLayer | Updating Scene BVH | Building
Fra:1 Mem:12.01M (Peak 12.05M) | Time:00:00.00 | Mem:0.15M, Peak:0.15M | Scene, ViewLayer | Updating Scene BVH | Building BVH
Fra:1 Mem:12.01M (Peak 12.05M) | Time:00:00.00 | Mem:0.23M, Peak:0.23M | Scene, ViewLayer | Updating Scene BVH | Building BVH 0%
Fra:1 Mem:12.01M (Peak 12.05M) | Time:00:00.00 | Mem:0.33M, Peak:0.42M | Scene, ViewLayer | Updating Scene BVH | Copying BVH to device
Fra:1 Mem:12.01M (Peak 12.05M) | Time:00:00.00 | Mem:0.33M, Peak:0.42M | Scene, ViewLayer | Updating Mesh | Computing normals
Fra:1 Mem:12.09M (Peak 12.09M) | Time:00:00.00 | Mem:0.33M, Peak:0.42M | Scene, ViewLayer | Updating Mesh | Copying Mesh to device
Fra:1 Mem:12.09M (Peak 12.09M) | Time:00:00.00 | Mem:0.41M, Peak:0.42M | Scene, ViewLayer | Updating Objects Flags
Fra:1 Mem:12.09M (Peak 12.09M) | Time:00:00.00 | Mem:0.41M, Peak:0.42M | Scene, ViewLayer | Updating Primitive Offsets
Fra:1 Mem:12.09M (Peak 12.09M) | Time:00:00.00 | Mem:0.41M, Peak:0.42M | Scene, ViewLayer | Updating Images
Fra:1 Mem:12.09M (Peak 12.09M) | Time:00:00.00 | Mem:0.41M, Peak:0.42M | Scene, ViewLayer | Updating Camera Volume
Fra:1 Mem:12.09M (Peak 12.09M) | Time:00:00.00 | Mem:0.41M, Peak:0.42M | Scene, ViewLayer | Updating Lookup Tables
Fra:1 Mem:12.09M (Peak 12.09M) | Time:00:00.00 | Mem:0.49M, Peak:0.49M | Scene, ViewLayer | Updating Lights
Fra:1 Mem:12.09M (Peak 12.09M) | Time:00:00.00 | Mem:0.49M, Peak:0.49M | Scene, ViewLayer | Updating Lights | Computing tree
Fra:1 Mem:12.09M (Peak 12.09M) | Time:00:00.00 | Mem:0.49M, Peak:0.49M | Scene, ViewLayer | Updating Integrator
Fra:1 Mem:12.09M (Peak 12.09M) | Time:00:00.00 | Mem:0.49M, Peak:0.49M | Scene, ViewLayer | Updating Film
Fra:1 Mem:12.09M (Peak 12.09M) | Time:00:00.00 | Mem:0.41M, Peak:0.49M | Scene, ViewLayer | Updating Lookup Tables
Fra:1 Mem:12.09M (Peak 12.09M) | Time:00:00.00 | Mem:0.49M, Peak:0.49M | Scene, ViewLayer | Updating Baking
Fra:1 Mem:12.09M (Peak 12.09M) | Time:00:00.00 | Mem:0.49M, Peak:0.49M | Scene, ViewLayer | Updating Device | Writing constant memory
Fra:1 Mem:12.10M (Peak 12.10M) | Time:00:00.00 | Mem:0.49M, Peak:0.49M | Scene, ViewLayer | Loading denoising kernels (may take a few minutes the first time)
Fra:1 Mem:12.10M (Peak 12.10M) | Time:00:00.00 | Mem:0.49M, Peak:0.49M | Scene, ViewLayer | Sample 0/20
Fra:1 Mem:53.88M (Peak 53.88M) | Time:00:00.05 | Remaining:00:00.93 | Mem:42.24M, Peak:42.24M | Scene, ViewLayer | Sample 1/20
Fra:1 Mem:71.47M (Peak 97.84M) | Time:00:04.17 | Mem:42.24M, Peak:42.24M | Scene, ViewLayer | Sample 20/20
Fra:1 Mem:71.47M (Peak 97.84M) | Time:00:04.17 | Mem:42.24M, Peak:42.24M | Scene, ViewLayer | Finished
Saved: '/workspace/scratch/a29d03198654/Aether/cloud-evidence/cloudsea52c-source-v0-20261001T043720Z-5zj0d3ql/images/sea52c-0-side.png'
Time: 00:04.23 (Saving: 00:00.04)

Fra:1 Mem:11.82M (Peak 11.82M) | Time:00:00.00 | Mem:0.00M, Peak:0.00M | Scene, ViewLayer | Synchronizing object | CloudSea52c_v0_crown_scroll
Fra:1 Mem:11.82M (Peak 11.82M) | Time:00:00.00 | Mem:0.00M, Peak:0.00M | Scene, ViewLayer | Synchronizing object | Sun
Fra:1 Mem:11.85M (Peak 11.85M) | Time:00:00.00 | Mem:0.00M, Peak:0.00M | Scene, ViewLayer | Synchronizing object | CloudSea52c_v0_low_winding_tail
Fra:1 Mem:12.05M (Peak 12.05M) | Time:00:00.00 | Mem:0.00M, Peak:0.00M | Scene, ViewLayer | Initializing
Fra:1 Mem:11.79M (Peak 12.05M) | Time:00:00.00 | Mem:0.00M, Peak:0.00M | Scene, ViewLayer | Waiting for render to start
Fra:1 Mem:11.79M (Peak 12.05M) | Time:00:00.00 | Mem:0.00M, Peak:0.00M | Scene, ViewLayer | Updating Scene
Fra:1 Mem:11.79M (Peak 12.05M) | Time:00:00.00 | Mem:0.00M, Peak:0.00M | Scene, ViewLayer | Updating Shaders
Fra:1 Mem:11.79M (Peak 12.05M) | Time:00:00.00 | Mem:0.00M, Peak:0.00M | Scene, ViewLayer | Loading render kernels (may take a few minutes the first time)
Fra:1 Mem:11.87M (Peak 12.05M) | Time:00:00.00 | Mem:0.00M, Peak:0.00M | Scene, ViewLayer | Updating Procedurals
Fra:1 Mem:11.87M (Peak 12.05M) | Time:00:00.00 | Mem:0.00M, Peak:0.00M | Scene, ViewLayer | Updating Background
Fra:1 Mem:11.87M (Peak 12.05M) | Time:00:00.00 | Mem:0.00M, Peak:0.00M | Scene, ViewLayer | Updating Camera
Fra:1 Mem:11.87M (Peak 12.05M) | Time:00:00.00 | Mem:0.00M, Peak:0.00M | Scene, ViewLayer | Updating Meshes Flags
Fra:1 Mem:11.87M (Peak 12.05M) | Time:00:00.00 | Mem:0.00M, Peak:0.00M | Scene, ViewLayer | Updating Objects
Fra:1 Mem:11.87M (Peak 12.05M) | Time:00:00.00 | Mem:0.00M, Peak:0.00M | Scene, ViewLayer | Updating Objects | Copying Transformations to device
Fra:1 Mem:11.87M (Peak 12.05M) | Time:00:00.00 | Mem:0.00M, Peak:0.00M | Scene, ViewLayer | Updating Particle Systems
Fra:1 Mem:11.87M (Peak 12.05M) | Time:00:00.00 | Mem:0.00M, Peak:0.00M | Scene, ViewLayer | Updating Particle Systems | Copying Particles to device
Fra:1 Mem:11.87M (Peak 12.05M) | Time:00:00.00 | Mem:0.00M, Peak:0.00M | Scene, ViewLayer | Updating Meshes
Fra:1 Mem:11.87M (Peak 12.05M) | Time:00:00.00 | Mem:0.00M, Peak:0.00M | Scene, ViewLayer | Updating Objects | Applying Static Transformations
Fra:1 Mem:11.87M (Peak 12.05M) | Time:00:00.00 | Mem:0.00M, Peak:0.00M | Scene, ViewLayer | Updating Mesh | Computing attributes
Fra:1 Mem:12.01M (Peak 12.05M) | Time:00:00.00 | Mem:0.00M, Peak:0.00M | Scene, ViewLayer | Updating Mesh | Copying Attributes to device
Fra:1 Mem:12.01M (Peak 12.05M) | Time:00:00.00 | Mem:0.15M, Peak:0.15M | Scene, ViewLayer | Updating Scene BVH | Building
Fra:1 Mem:12.01M (Peak 12.05M) | Time:00:00.00 | Mem:0.15M, Peak:0.15M | Scene, ViewLayer | Updating Scene BVH | Building BVH
Fra:1 Mem:12.01M (Peak 12.05M) | Time:00:00.00 | Mem:0.23M, Peak:0.23M | Scene, ViewLayer | Updating Scene BVH | Building BVH 0%
Fra:1 Mem:12.01M (Peak 12.05M) | Time:00:00.00 | Mem:0.33M, Peak:0.42M | Scene, ViewLayer | Updating Scene BVH | Copying BVH to device
Fra:1 Mem:12.01M (Peak 12.05M) | Time:00:00.00 | Mem:0.33M, Peak:0.42M | Scene, ViewLayer | Updating Mesh | Computing normals
Fra:1 Mem:12.09M (Peak 12.09M) | Time:00:00.00 | Mem:0.33M, Peak:0.42M | Scene, ViewLayer | Updating Mesh | Copying Mesh to device
Fra:1 Mem:12.09M (Peak 12.09M) | Time:00:00.00 | Mem:0.41M, Peak:0.42M | Scene, ViewLayer | Updating Objects Flags
Fra:1 Mem:12.09M (Peak 12.09M) | Time:00:00.00 | Mem:0.41M, Peak:0.42M | Scene, ViewLayer | Updating Primitive Offsets
Fra:1 Mem:12.09M (Peak 12.09M) | Time:00:00.00 | Mem:0.41M, Peak:0.42M | Scene, ViewLayer | Updating Images
Fra:1 Mem:12.09M (Peak 12.09M) | Time:00:00.00 | Mem:0.41M, Peak:0.42M | Scene, ViewLayer | Updating Camera Volume
Fra:1 Mem:12.09M (Peak 12.09M) | Time:00:00.00 | Mem:0.41M, Peak:0.42M | Scene, ViewLayer | Updating Lookup Tables
Fra:1 Mem:12.09M (Peak 12.09M) | Time:00:00.00 | Mem:0.49M, Peak:0.49M | Scene, ViewLayer | Updating Lights
Fra:1 Mem:12.09M (Peak 12.09M) | Time:00:00.00 | Mem:0.49M, Peak:0.49M | Scene, ViewLayer | Updating Lights | Computing tree
Fra:1 Mem:12.09M (Peak 12.09M) | Time:00:00.00 | Mem:0.49M, Peak:0.49M | Scene, ViewLayer | Updating Integrator
Fra:1 Mem:12.09M (Peak 12.09M) | Time:00:00.00 | Mem:0.49M, Peak:0.49M | Scene, ViewLayer | Updating Film
Fra:1 Mem:12.09M (Peak 12.09M) | Time:00:00.00 | Mem:0.41M, Peak:0.49M | Scene, ViewLayer | Updating Lookup Tables
Fra:1 Mem:12.09M (Peak 12.09M) | Time:00:00.00 | Mem:0.49M, Peak:0.49M | Scene, ViewLayer | Updating Baking
Fra:1 Mem:12.09M (Peak 12.09M) | Time:00:00.00 | Mem:0.49M, Peak:0.49M | Scene, ViewLayer | Updating Device | Writing constant memory
Fra:1 Mem:12.10M (Peak 12.10M) | Time:00:00.00 | Mem:0.49M, Peak:0.49M | Scene, ViewLayer | Loading denoising kernels (may take a few minutes the first time)
Fra:1 Mem:12.10M (Peak 12.10M) | Time:00:00.00 | Mem:0.49M, Peak:0.49M | Scene, ViewLayer | Sample 0/20
Fra:1 Mem:53.88M (Peak 53.88M) | Time:00:00.07 | Remaining:00:01.35 | Mem:42.24M, Peak:42.24M | Scene, ViewLayer | Sample 1/20
Fra:1 Mem:71.47M (Peak 97.84M) | Time:00:04.78 | Mem:42.24M, Peak:42.24M | Scene, ViewLayer | Sample 20/20
Fra:1 Mem:71.47M (Peak 97.84M) | Time:00:04.78 | Mem:42.24M, Peak:42.24M | Scene, ViewLayer | Finished
Saved: '/workspace/scratch/a29d03198654/Aether/cloud-evidence/cloudsea52c-source-v0-20261001T043720Z-5zj0d3ql/images/sea52c-0-underside.png'
Time: 00:04.83 (Saving: 00:00.05)

Fra:1 Mem:11.82M (Peak 11.82M) | Time:00:00.00 | Mem:0.00M, Peak:0.00M | Scene, ViewLayer | Synchronizing object | CloudSea52c_v0_crown_scroll
Fra:1 Mem:11.82M (Peak 11.82M) | Time:00:00.00 | Mem:0.00M, Peak:0.00M | Scene, ViewLayer | Synchronizing object | CloudSea52c_v0_low_winding_tail
Fra:1 Mem:11.82M (Peak 11.82M) | Time:00:00.00 | Mem:0.00M, Peak:0.00M | Scene, ViewLayer | Synchronizing object | Sun
Fra:1 Mem:12.05M (Peak 12.05M) | Time:00:00.00 | Mem:0.00M, Peak:0.00M | Scene, ViewLayer | Initializing
Fra:1 Mem:11.79M (Peak 12.05M) | Time:00:00.00 | Mem:0.00M, Peak:0.00M | Scene, ViewLayer | Waiting for render to start
Fra:1 Mem:11.79M (Peak 12.05M) | Time:00:00.00 | Mem:0.00M, Peak:0.00M | Scene, ViewLayer | Updating Scene
Fra:1 Mem:11.79M (Peak 12.05M) | Time:00:00.00 | Mem:0.00M, Peak:0.00M | Scene, ViewLayer | Updating Shaders
Fra:1 Mem:11.79M (Peak 12.05M) | Time:00:00.00 | Mem:0.00M, Peak:0.00M | Scene, ViewLayer | Loading render kernels (may take a few minutes the first time)
Fra:1 Mem:11.87M (Peak 12.05M) | Time:00:00.00 | Mem:0.00M, Peak:0.00M | Scene, ViewLayer | Updating Procedurals
Fra:1 Mem:11.87M (Peak 12.05M) | Time:00:00.00 | Mem:0.00M, Peak:0.00M | Scene, ViewLayer | Updating Background
Fra:1 Mem:11.87M (Peak 12.05M) | Time:00:00.00 | Mem:0.00M, Peak:0.00M | Scene, ViewLayer | Updating Camera
Fra:1 Mem:11.87M (Peak 12.05M) | Time:00:00.00 | Mem:0.00M, Peak:0.00M | Scene, ViewLayer | Updating Meshes Flags
Fra:1 Mem:11.87M (Peak 12.05M) | Time:00:00.00 | Mem:0.00M, Peak:0.00M | Scene, ViewLayer | Updating Objects
Fra:1 Mem:11.87M (Peak 12.05M) | Time:00:00.00 | Mem:0.00M, Peak:0.00M | Scene, ViewLayer | Updating Objects | Copying Transformations to device
Fra:1 Mem:11.87M (Peak 12.05M) | Time:00:00.00 | Mem:0.00M, Peak:0.00M | Scene, ViewLayer | Updating Particle Systems
Fra:1 Mem:11.87M (Peak 12.05M) | Time:00:00.00 | Mem:0.00M, Peak:0.00M | Scene, ViewLayer | Updating Particle Systems | Copying Particles to device
Fra:1 Mem:11.87M (Peak 12.05M) | Time:00:00.00 | Mem:0.00M, Peak:0.00M | Scene, ViewLayer | Updating Meshes
Fra:1 Mem:11.87M (Peak 12.05M) | Time:00:00.00 | Mem:0.00M, Peak:0.00M | Scene, ViewLayer | Updating Objects | Applying Static Transformations
Fra:1 Mem:11.87M (Peak 12.05M) | Time:00:00.00 | Mem:0.00M, Peak:0.00M | Scene, ViewLayer | Updating Mesh | Computing attributes
Fra:1 Mem:12.01M (Peak 12.05M) | Time:00:00.00 | Mem:0.00M, Peak:0.00M | Scene, ViewLayer | Updating Mesh | Copying Attributes to device
Fra:1 Mem:12.01M (Peak 12.05M) | Time:00:00.00 | Mem:0.15M, Peak:0.15M | Scene, ViewLayer | Updating Scene BVH | Building
Fra:1 Mem:12.01M (Peak 12.05M) | Time:00:00.00 | Mem:0.15M, Peak:0.15M | Scene, ViewLayer | Updating Scene BVH | Building BVH
Fra:1 Mem:12.01M (Peak 12.05M) | Time:00:00.00 | Mem:0.23M, Peak:0.23M | Scene, ViewLayer | Updating Scene BVH | Building BVH 0%
Fra:1 Mem:12.01M (Peak 12.05M) | Time:00:00.00 | Mem:0.33M, Peak:0.42M | Scene, ViewLayer | Updating Scene BVH | Copying BVH to device
Fra:1 Mem:12.01M (Peak 12.05M) | Time:00:00.00 | Mem:0.33M, Peak:0.42M | Scene, ViewLayer | Updating Mesh | Computing normals
Fra:1 Mem:12.09M (Peak 12.09M) | Time:00:00.00 | Mem:0.33M, Peak:0.42M | Scene, ViewLayer | Updating Mesh | Copying Mesh to device
Fra:1 Mem:12.09M (Peak 12.09M) | Time:00:00.00 | Mem:0.41M, Peak:0.42M | Scene, ViewLayer | Updating Objects Flags
Fra:1 Mem:12.09M (Peak 12.09M) | Time:00:00.00 | Mem:0.41M, Peak:0.42M | Scene, ViewLayer | Updating Primitive Offsets
Fra:1 Mem:12.09M (Peak 12.09M) | Time:00:00.00 | Mem:0.41M, Peak:0.42M | Scene, ViewLayer | Updating Images
Fra:1 Mem:12.09M (Peak 12.09M) | Time:00:00.00 | Mem:0.41M, Peak:0.42M | Scene, ViewLayer | Updating Camera Volume
Fra:1 Mem:12.09M (Peak 12.09M) | Time:00:00.00 | Mem:0.41M, Peak:0.42M | Scene, ViewLayer | Updating Lookup Tables
Fra:1 Mem:12.09M (Peak 12.09M) | Time:00:00.00 | Mem:0.49M, Peak:0.49M | Scene, ViewLayer | Updating Lights
Fra:1 Mem:12.09M (Peak 12.09M) | Time:00:00.00 | Mem:0.49M, Peak:0.49M | Scene, ViewLayer | Updating Lights | Computing tree
Fra:1 Mem:12.09M (Peak 12.09M) | Time:00:00.00 | Mem:0.49M, Peak:0.49M | Scene, ViewLayer | Updating Integrator
Fra:1 Mem:12.09M (Peak 12.09M) | Time:00:00.00 | Mem:0.49M, Peak:0.49M | Scene, ViewLayer | Updating Film
Fra:1 Mem:12.09M (Peak 12.09M) | Time:00:00.00 | Mem:0.41M, Peak:0.49M | Scene, ViewLayer | Updating Lookup Tables
Fra:1 Mem:12.09M (Peak 12.09M) | Time:00:00.00 | Mem:0.49M, Peak:0.49M | Scene, ViewLayer | Updating Baking
Fra:1 Mem:12.09M (Peak 12.09M) | Time:00:00.00 | Mem:0.49M, Peak:0.49M | Scene, ViewLayer | Updating Device | Writing constant memory
Fra:1 Mem:12.10M (Peak 12.10M) | Time:00:00.00 | Mem:0.49M, Peak:0.49M | Scene, ViewLayer | Loading denoising kernels (may take a few minutes the first time)
Fra:1 Mem:12.10M (Peak 12.10M) | Time:00:00.00 | Mem:0.49M, Peak:0.49M | Scene, ViewLayer | Sample 0/20
Fra:1 Mem:53.88M (Peak 53.88M) | Time:00:00.09 | Remaining:00:01.82 | Mem:42.24M, Peak:42.24M | Scene, ViewLayer | Sample 1/20
Fra:1 Mem:71.47M (Peak 97.84M) | Time:00:05.14 | Mem:42.24M, Peak:42.24M | Scene, ViewLayer | Sample 20/20
Fra:1 Mem:71.47M (Peak 97.84M) | Time:00:05.14 | Mem:42.24M, Peak:42.24M | Scene, ViewLayer | Finished
Saved: '/workspace/scratch/a29d03198654/Aether/cloud-evidence/cloudsea52c-source-v0-20261001T043720Z-5zj0d3ql/images/sea52c-0-top.png'
Time: 00:05.21 (Saving: 00:00.06)


Blender quit
