Extensions: writing cache failed ([Errno 30] Read-only file system: '/home/agent/.config/blender').
INFO Draco mesh compression is available, use library at /workspace/scratch/a29d03198654/tools-feiting/blender-4.5.14-linux-x64/4.5/scripts/addons_core/io_scene_gltf2/libextern_draco.so
15:16:57 | INFO: Starting glTF 2.0 export
15:16:57 | INFO: Extracting primitive: 52g_main_ridge_section_cage.001
15:16:57 | INFO: Primitives created: 1
15:16:57 | INFO: Extracting primitive: 52g_offset_shoulder_section_cage.001
15:16:57 | INFO: Primitives created: 1
15:16:57 | INFO: Extracting primitive: 52g_low_tail_section_cage.001
15:16:57 | INFO: Primitives created: 1
15:16:57 | INFO: Finished glTF 2.0 export in 0.013917684555053711 s

15:16:57 | INFO: Starting glTF 2.0 export
15:16:57 | INFO: Extracting primitive: 52f_v0_saddle_0_low_core.001
15:16:57 | INFO: Primitives created: 1
15:16:57 | INFO: Extracting primitive: 52f_v0_drift_0_low_start.001
15:16:57 | INFO: Primitives created: 1
15:16:57 | INFO: Extracting primitive: 52g_main_ridge_section_cage.001
15:16:57 | INFO: Primitives created: 1
15:16:57 | INFO: Extracting primitive: 52g_offset_shoulder_section_cage.001
15:16:57 | INFO: Primitives created: 1
15:16:57 | INFO: Extracting primitive: 52g_low_tail_section_cage.001
15:16:57 | INFO: Primitives created: 1
15:16:57 | INFO: Finished glTF 2.0 export in 0.0211026668548584 s

Info: Saved as "cloud_sea52g_prototype.blend"
52G UPPER LOFT PROTOTYPE READY; NO RENDER OR WORLD INTEGRATION
Blender 4.5.14 LTS (hash 62c1db4208e8 built 2026-09-15 01:31:19)

Blender quit
