same global points done 0.5205111503601074
local island_near_left done 2.4321529865264893
local island_far_middle done 5.5762951374053955
local island_near_right done 7.403194427490234
local foreground_rock done 9.663386344909668
same shore done 14.464603662490845
{
  "same4000_global_random": {
    "sample_count": 4000,
    "base_height_error": {
      "count": 4000,
      "max_m": 6.864974228398594,
      "mean_m": 0.006220378453024448,
      "p95_m": 0.009681804139837482,
      "p99_m": 0.099415747817109
    },
    "base_depth_error": {
      "count": 4000,
      "max_m": 6.864974228398594,
      "mean_m": 0.0038157985849332065,
      "p95_m": 0.00029425830828735245,
      "p99_m": 0.023044921300116237
    },
    "patch_only_height_error": {
      "count": 68,
      "max_m": 3.240146786546383,
      "mean_m": 0.047798259388314,
      "p95_m": 0.0001155424548322901,
      "p99_m": 1.0725938434385358
    },
    "patch_only_depth_error": {
      "count": 68,
      "max_m": 3.240146786546383,
      "mean_m": 0.047649871085623595,
      "p95_m": 7.235082087220234e-07,
      "p99_m": 1.0692635710889893
    },
    "fused_height_error": {
      "count": 4000,
      "max_m": 3.240146786546383,
      "mean_m": 0.00505667889539086,
      "p95_m": 0.009029054738333285,
      "p99_m": 0.09676058952440805
    },
    "fused_depth_error": {
      "count": 4000,
      "max_m": 3.240146786546383,
      "mean_m": 0.0027073276280259882,
      "p95_m": 0.00029028198192566587,
      "p99_m": 0.022664612046619917
    }
  },
  "same4000_affected_subset": {
    "sample_count": 68,
    "base_height_error": {
      "count": 68,
      "max_m": 6.864974228398594,
      "mean_m": 0.11625714514980257,
      "p95_m": 0.029829397253948575,
      "p99_m": 2.8068349801580017
    },
    "base_depth_error": {
      "count": 68,
      "max_m": 6.864974228398594,
      "mean_m": 0.11286001562791391,
      "p95_m": 0.00021021058222956405,
      "p99_m": 2.8068349801580017
    },
    "patch_only_height_error": {
      "count": 68,
      "max_m": 3.240146786546383,
      "mean_m": 0.047798259388314,
      "p95_m": 0.0001155424548322901,
      "p99_m": 1.0725938434385358
    },
    "patch_only_depth_error": {
      "count": 68,
      "max_m": 3.240146786546383,
      "mean_m": 0.047649871085623595,
      "p95_m": 7.235082087220234e-07,
      "p99_m": 1.0692635710889893
    },
    "fused_height_error": {
      "count": 68,
      "max_m": 3.240146786546383,
      "mean_m": 0.0478042299948856,
      "p95_m": 0.0001394880141060316,
      "p99_m": 1.0725938434385358
    },
    "fused_depth_error": {
      "count": 68,
      "max_m": 3.240146786546383,
      "mean_m": 0.0476558416921952,
      "p95_m": 6.236563291963646e-05,
      "p99_m": 1.0693094097310276
    }
  },
  "same_actual_island_shore_subset": {
    "sample_count": 387,
    "base_height_error": {
      "count": 387,
      "max_m": 25.015458071728442,
      "mean_m": 6.686587049204062,
      "p95_m": 19.002560907381035,
      "p99_m": 21.309308974731277
    },
    "base_depth_error": {
      "count": 387,
      "max_m": 25.015458071728442,
      "mean_m": 6.685076679787106,
      "p95_m": 19.00256090738099,
      "p99_m": 21.309308974731277
    },
    "patch_only_height_error": {
      "count": 387,
      "max_m": 22.868580675277716,
      "mean_m": 4.735062412939348,
      "p95_m": 16.28451363829581,
      "p99_m": 20.166087578073274
    },
    "patch_only_depth_error": {
      "count": 387,
      "max_m": 22.868580675277656,
      "mean_m": 4.73416945381965,
      "p95_m": 16.284513638295778,
      "p99_m": 20.166087578073096
    },
    "fused_height_error": {
      "count": 387,
      "max_m": 22.868580675277716,
      "mean_m": 4.735062412939348,
      "p95_m": 16.28451363829581,
      "p99_m": 20.166087578073274
    },
    "fused_depth_error": {
      "count": 387,
      "max_m": 22.868580675277656,
      "mean_m": 4.73416945381965,
      "p95_m": 16.284513638295778,
      "p99_m": 20.166087578073096
    },
    "base_zero_horizontal_offset": {
      "count": 386,
      "max_m": 1.9057620588227924,
      "mean_m": 0.4756254567083482,
      "p95_m": 1.044897633838146,
      "p99_m": 1.794281158238545
    },
    "base_zero_not_found_within_2m": 1,
    "patch_only_zero_horizontal_offset": {
      "count": 387,
      "max_m": 0.90726886503706,
      "mean_m": 0.09579886623060889,
      "p95_m": 0.2780821086970972,
      "p99_m": 0.3678736945051133
    },
    "patch_only_zero_not_found_within_2m": 0,
    "fused_zero_horizontal_offset": {
      "count": 387,
      "max_m": 0.90726886503706,
      "mean_m": 0.09579886623060889,
      "p95_m": 0.2780821086970972,
      "p99_m": 0.36787369450511326
    },
    "fused_zero_not_found_within_2m": 0
  },
  "combined_patch_random_12000": {
    "sample_count": 12000,
    "base_height_error": {
      "count": 12000,
      "max_m": 18.575775492776508,
      "mean_m": 0.1941915643929864,
      "p95_m": 0.2130156796956945,
      "p99_m": 5.9738682403397645
    },
    "base_depth_error": {
      "count": 12000,
      "max_m": 18.433058754582103,
      "mean_m": 0.18330829034057197,
      "p95_m": 0.02532304540694516,
      "p99_m": 5.92073862799987
    },
    "patch_only_height_error": {
      "count": 12000,
      "max_m": 19.726894699385696,
      "mean_m": 0.03912435382870381,
      "p95_m": 0.003884067082192398,
      "p99_m": 0.40683634044777556
    },
    "patch_only_depth_error": {
      "count": 12000,
      "max_m": 19.726894699385696,
      "mean_m": 0.038177504730354105,
      "p95_m": 9.367448370767232e-06,
      "p99_m": 0.40683634044777556
    },
    "fused_height_error": {
      "count": 12000,
      "max_m": 19.726894699385696,
      "mean_m": 0.0391296588826154,
      "p95_m": 0.003884067082192398,
      "p99_m": 0.40683634044777556
    },
    "fused_depth_error": {
      "count": 12000,
      "max_m": 19.726894699385696,
      "mean_m": 0.03818280978426569,
      "p95_m": 6.30290193893041e-05,
      "p99_m": 0.40683634044777556
    }
  },
  "combined_patch_random_by_actual_geometry": {
    "continuous_general": {
      "sample_count": 11455,
      "base_height_error": {
        "count": 11455,
        "max_m": 16.179789778201826,
        "mean_m": 0.08547072746099235,
        "p95_m": 0.04560308287488371,
        "p99_m": 2.7877621388772167
      },
      "base_depth_error": {
        "count": 11455,
        "max_m": 15.994258655247082,
        "mean_m": 0.07877441653821582,
        "p95_m": 0.00016944045102142936,
        "p99_m": 2.6305405596337286
      },
      "patch_only_height_error": {
        "count": 11455,
        "max_m": 0.0650858102813694,
        "mean_m": 0.00038032709315483125,
        "p95_m": 0.0002950435944762963,
        "p99_m": 0.012886687353660624
      },
      "patch_only_depth_error": {
        "count": 11455,
        "max_m": 0.05011342705787858,
        "mean_m": 1.290470035606669e-05,
        "p95_m": 2.9518565906272295e-06,
        "p99_m": 3.167583230336389e-05
      },
      "fused_height_error": {
        "count": 11455,
        "max_m": 0.0650858102813694,
        "mean_m": 0.000385884548147333,
        "p95_m": 0.00035710419819834,
        "p99_m": 0.012886687353660624
      },
      "fused_depth_error": {
        "count": 11455,
        "max_m": 0.05011342705787858,
        "mean_m": 1.8462155348568577e-05,
        "p95_m": 3.895615377693669e-05,
        "p99_m": 0.00015240043662110664
      }
    },
    "continuous_steep_or_fold": {
      "sample_count": 470,
      "base_height_error": {
        "count": 470,
        "max_m": 14.678849555479502,
        "mean_m": 1.6732920793908979,
        "p95_m": 6.1764726921038875,
        "p99_m": 11.316532596557508
      },
      "base_depth_error": {
        "count": 470,
        "max_m": 14.678849555479502,
        "mean_m": 1.5697025020807633,
        "p95_m": 6.07418724322633,
        "p99_m": 10.783194361118634
      },
      "patch_only_height_error": {
        "count": 470,
        "max_m": 3.3161037831782423,
        "mean_m": 0.1477733339222658,
        "p95_m": 0.9152385140584169,
        "p99_m": 1.6586205893390669
      },
      "patch_only_depth_error": {
        "count": 470,
        "max_m": 3.3161037831782423,
        "mean_m": 0.14249059103643688,
        "p95_m": 0.9152385140584169,
        "p99_m": 1.6586205893390669
      },
      "fused_height_error": {
        "count": 470,
        "max_m": 3.3161037831782423,
        "mean_m": 0.1477733339222658,
        "p95_m": 0.9152385140584169,
        "p99_m": 1.6586205893390673
      },
      "fused_depth_error": {
        "count": 470,
        "max_m": 3.3161037831782423,
        "mean_m": 0.1424905910364369,
        "p95_m": 0.9152385140584169,
        "p99_m": 1.6586205893390673
      }
    },
    "true_discontinuity_nearby": {
      "sample_count": 75,
      "base_height_error": {
        "count": 75,
        "max_m": 18.575775492776508,
        "mean_m": 7.530457497819301,
        "p95_m": 17.51644649308507,
        "p99_m": 18.326233980505428
      },
      "base_depth_error": {
        "count": 75,
        "max_m": 18.433058754582103,
        "mean_m": 7.461044888848572,
        "p95_m": 17.497999194425137,
        "p99_m": 18.28912762857488
      },
      "patch_only_height_error": {
        "count": 75,
        "max_m": 19.726894699385696,
        "mean_m": 5.275761761985228,
        "p95_m": 15.105601498857041,
        "p99_m": 17.642179364656833
      },
      "patch_only_depth_error": {
        "count": 75,
        "max_m": 19.726894699385696,
        "mean_m": 5.2134887417939355,
        "p95_m": 14.958761712143705,
        "p99_m": 17.642179364656833
      },
      "fused_height_error": {
        "count": 75,
        "max_m": 19.726894699385696,
        "mean_m": 5.275761761985228,
        "p95_m": 15.10560149885704,
        "p99_m": 17.642179364656833
      },
      "fused_depth_error": {
        "count": 75,
        "max_m": 19.726894699385696,
        "mean_m": 5.2134887417939355,
        "p95_m": 14.958761712143703,
        "p99_m": 17.642179364656833
      }
    }
  },
  "outside_feather_proof": {
    "strict_function": "if no containing patch or edge distance<=0, return unchanged base sample directly. Four patch domains do not overlap.",
    "random_zero_weight_samples": 3932,
    "random_zero_weight_max_absolute_change": 0.0,
    "boundary_and_just_outside_samples": 4128,
    "boundary_and_outside_max_absolute_change": 0.0,
    "base_rf_sha256_before": "eb07f4fe37de298c661c3b097568873bbf38bc1705c353e113961eab481ed803",
    "base_rf_sha256_after": "eb07f4fe37de298c661c3b097568873bbf38bc1705c353e113961eab481ed803",
    "base_image_sha256_before": "c665b351a842d919a73905328f2ed8a5281dfc60fe42324f8bb51c68640e5940",
    "base_image_sha256_after": "c665b351a842d919a73905328f2ed8a5281dfc60fe42324f8bb51c68640e5940",
    "minimum_actual_footprint_clearance_beyond8m_feather_m": 4.018920898440001
  },
  "elapsed_seconds": 14.692567110061646
}
