Godot Engine v4.5.1.stable.official.f62fdbde1 - https://godotengine.org
OpenGL API 4.5 (Core Profile) Mesa 25.0.7-2+deb13u1 - Compatibility - Using Device: Mesa - llvmpipe (LLVM 19.1.7, 256 bits)

PASS Fresh50 canonical double-snapshot stable
PASS All50 stored state unchanged outside exact51 property whitelist
PASS All48000 saved weather floats remain exact
PASS Only exact reflection controller/viewport/camera subtree added
PASS 51 hash matches real-renderer saved/reloaded build
PASS Independent verifier matches all build state fingerprints
PASS Exact node/property whitelist independently reproduced
PASS Independent51 asset retained res://assets/reflection51/clip_shader_000.tres
PASS Independent51 asset retained res://assets/reflection51/clip_shader_001.tres
PASS Independent51 asset retained res://assets/reflection51/clip_shader_002.tres
PASS Independent51 asset retained res://assets/reflection51/clip_shader_003.tres
PASS Independent51 asset retained res://assets/reflection51/clip_shader_004.tres
PASS Independent51 asset retained res://assets/reflection51/clip_shader_005.tres
PASS Independent51 asset retained res://assets/reflection51/clip_shader_006.tres
PASS Independent51 asset retained res://assets/reflection51/clip_shader_007.tres
PASS Independent51 asset retained res://assets/reflection51/clip_shader_008.tres
PASS Independent51 asset retained res://assets/reflection51/clip_shader_009.tres
PASS Independent51 asset retained res://assets/reflection51/clip_shader_010.tres
PASS Independent51 asset retained res://assets/reflection51/clip_shader_011.tres
PASS Independent51 asset retained res://assets/reflection51/clip_material_000.tres
PASS Independent51 asset retained res://assets/reflection51/clip_material_001.tres
PASS Independent51 asset retained res://assets/reflection51/clip_material_002.tres
PASS Independent51 asset retained res://assets/reflection51/clip_material_003.tres
PASS Independent51 asset retained res://assets/reflection51/clip_material_004.tres
PASS Independent51 asset retained res://assets/reflection51/clip_material_005.tres
PASS Independent51 asset retained res://assets/reflection51/clip_material_006.tres
PASS Independent51 asset retained res://assets/reflection51/clip_material_007.tres
PASS Independent51 asset retained res://assets/reflection51/clip_material_008.tres
PASS Independent51 asset retained res://assets/reflection51/clip_material_009.tres
PASS Independent51 asset retained res://assets/reflection51/clip_material_010.tres
PASS Independent51 asset retained res://assets/reflection51/clip_material_011.tres
PASS Independent51 asset retained res://assets/reflection51/clip_material_012.tres
PASS Independent51 asset retained res://assets/reflection51/clip_material_013.tres
PASS Independent51 asset retained res://assets/reflection51/clip_material_014.tres
PASS Independent51 asset retained res://assets/reflection51/clip_material_015.tres
PASS Independent51 asset retained res://assets/reflection51/clip_material_016.tres
PASS Independent51 asset retained res://assets/reflection51/clip_material_017.tres
PASS Independent51 asset retained res://assets/reflection51/clip_material_018.tres
PASS Independent51 asset retained res://assets/reflection51/clip_material_019.tres
PASS Independent51 asset retained res://assets/reflection51/clip_material_020.tres
PASS Independent51 asset retained res://assets/reflection51/clip_material_021.tres
PASS Independent51 asset retained res://assets/reflection51/clip_material_022.tres
PASS Independent51 asset retained res://assets/reflection51/clip_material_023.tres
PASS Independent51 asset retained res://assets/reflection51/clip_material_024.tres
PASS Independent51 asset retained res://assets/reflection51/clip_material_025.tres
PASS Independent51 asset retained res://assets/reflection51/clip_material_026.tres
PASS Independent51 asset retained res://assets/reflection51/clip_material_027.tres
PASS Independent51 asset retained res://assets/reflection51/clip_material_028.tres
PASS Independent51 asset retained res://assets/reflection51/clip_material_029.tres
PASS Independent51 asset retained res://assets/reflection51/clip_material_030.tres
PASS Independent51 asset retained res://assets/reflection51/clip_material_031.tres
PASS Independent51 asset retained res://assets/reflection51/clip_material_032.tres
PASS Independent51 asset retained res://assets/reflection51/clip_material_033.tres
PASS Independent51 asset retained res://assets/reflection51/clip_material_034.tres
PASS Independent51 asset retained res://assets/reflection51/clip_material_035.tres
PASS Independent51 asset retained res://assets/reflection51/clip_material_036.tres
PASS Independent51 asset retained res://assets/reflection51/clip_material_037.tres
PASS Independent51 asset retained res://assets/reflection51/clip_material_038.tres
PASS Independent51 asset retained res://assets/reflection51/clip_material_039.tres
PASS Independent51 asset retained res://assets/reflection51/clip_material_040.tres
PASS Independent51 asset retained res://assets/reflection51/clip_material_041.tres
PASS Independent51 asset retained res://assets/reflection51/clip_material_042.tres
PASS Independent51 asset retained res://assets/reflection51/clip_material_043.tres
PASS Independent51 asset retained res://assets/reflection51/clip_material_044.tres
PASS Independent51 asset retained res://assets/reflection51/clip_material_045.tres
PASS Independent51 asset retained res://assets/reflection51/clip_material_046.tres
PASS Independent51 asset retained res://assets/reflection51/clip_material_047.tres
PASS Independent51 asset retained res://assets/reflection51/clip_material_048.tres
PASS Independent51 asset retained res://assets/reflection51/clip_material_049.tres
PASS Independent51 asset retained res://assets/reflection51/clip_material_050.tres
PASS Independent51 asset retained res://assets/reflection51/clip_material_051.tres
PASS Independent51 asset retained res://assets/reflection51/clip_material_052.tres
PASS Independent51 asset retained res://assets/reflection51/clip_material_053.tres
PASS Independent51 asset retained res://assets/reflection51/clip_material_054.tres
PASS Independent51 asset retained res://assets/reflection51/clip_material_055.tres
PASS Independent51 asset retained res://assets/reflection51/clip_material_056.tres
PASS Independent51 asset retained res://assets/reflection51/clip_material_057.tres
PASS Independent51 asset retained res://assets/reflection51/clip_material_058.tres
PASS Independent51 asset retained res://assets/reflection51/clip_material_059.tres
PASS Independent51 asset retained res://assets/reflection51/clip_material_060.tres
PASS Independent51 asset retained res://assets/reflection51/clip_material_061.tres
PASS Independent51 asset retained res://assets/reflection51/clip_material_062.tres
PASS Independent51 asset retained res://assets/reflection51/clip_material_063.tres
PASS Independent51 asset retained res://assets/reflection51/clip_material_064.tres
PASS Independent51 asset retained res://assets/reflection51/clip_material_065.tres
PASS Independent51 asset retained res://assets/reflection51/clip_material_066.tres
PASS Independent51 asset retained res://assets/reflection51/clip_material_067.tres
PASS Independent51 asset retained res://assets/reflection51/clip_material_068.tres
PASS Independent51 asset retained res://assets/reflection51/clip_material_069.tres
PASS Independent51 asset retained res://assets/reflection51/clip_material_070.tres
PASS Independent51 asset retained res://assets/reflection51/clip_material_071.tres
PASS Independent51 asset retained res://assets/reflection51/clip_material_072.tres
PASS Independent51 asset retained res://assets/reflection51/clip_material_073.tres
PASS Independent51 asset retained res://assets/reflection51/clip_material_074.tres
PASS Independent51 asset retained res://assets/reflection51/clip_material_075.tres
PASS Independent51 asset retained res://assets/reflection51/clip_material_076.tres
PASS Independent51 asset retained res://assets/reflection51/clip_material_077.tres
PASS Independent51 asset retained res://assets/reflection51/clip_material_078.tres
PASS Independent51 asset retained res://assets/reflection51/clip_material_079.tres
PASS Independent51 asset retained res://assets/reflection51/clip_material_080.tres
PASS Independent51 asset retained res://assets/reflection51/clip_material_081.tres
PASS Independent51 asset retained res://assets/reflection51/clip_material_082.tres
PASS Independent51 asset retained res://assets/reflection51/clip_material_083.tres
PASS Independent51 asset retained res://assets/reflection51/clip_material_084.tres
PASS Independent51 asset retained res://assets/reflection51/clip_material_085.tres
PASS Independent51 asset retained res://assets/reflection51/clip_material_086.tres
PASS Independent51 asset retained res://assets/reflection51/clip_material_087.tres
PASS Independent51 asset retained res://assets/reflection51/clip_material_088.tres
PASS Independent51 asset retained res://assets/reflection51/clip_material_089.tres
PASS Independent51 asset retained res://assets/reflection51/clip_material_090.tres
PASS Independent51 asset retained res://assets/reflection51/clip_material_091.tres
PASS Independent51 asset retained res://assets/reflection51/clip_material_092.tres
PASS Independent51 asset retained res://assets/reflection51/clip_material_093.tres
PASS Independent51 asset retained res://assets/reflection51/clip_material_094.tres
PASS Independent51 asset retained res://assets/reflection51/clip_material_095.tres
PASS Independent51 asset retained res://assets/reflection51/clip_material_096.tres
PASS Independent51 asset retained res://assets/reflection51/clip_material_097.tres
PASS Independent51 asset retained res://assets/reflection51/clip_material_098.tres
PASS Independent51 asset retained res://assets/reflection51/clip_material_099.tres
PASS Independent51 asset retained res://assets/reflection51/clip_material_100.tres
PASS Independent51 asset retained res://assets/reflection51/clip_material_101.tres
PASS Independent51 asset retained res://assets/reflection51/clip_material_102.tres
PASS Independent51 asset retained res://assets/reflection51/clip_material_103.tres
PASS Independent51 asset retained res://assets/reflection51/clip_material_104.tres
PASS Independent51 asset retained res://assets/reflection51/clip_material_105.tres
PASS Independent51 asset retained res://assets/reflection51/clip_material_106.tres
PASS Independent51 asset retained res://assets/reflection51/clip_material_107.tres
PASS Independent51 asset retained res://assets/reflection51/clip_material_108.tres
PASS Independent51 asset retained res://assets/reflection51/clip_material_109.tres
PASS Independent51 asset retained res://assets/reflection51/clip_material_110.tres
PASS Independent51 asset retained res://assets/reflection51/clip_material_111.tres
PASS Independent51 asset retained res://assets/reflection51/clip_material_112.tres
PASS Independent51 asset retained res://assets/reflection51/clip_material_113.tres
PASS Independent51 asset retained res://assets/reflection51/ocean_reflection_shader.tres
PASS Independent51 asset retained res://assets/reflection51/ocean_reflection_material.tres
PASS 51 controller source unchanged
PASS Original binding source exists Airship|hull_material
PASS Exact old/new material mapping Airship|hull_material
PASS Original binding source exists Airship|cloth_material
PASS Exact old/new material mapping Airship|cloth_material
PASS Original binding source exists Airship/Visuals/CarriageLantern40_0|material_override
PASS Exact old/new material mapping Airship/Visuals/CarriageLantern40_0|material_override
PASS Original binding source exists Airship/Visuals/CarriageLantern40_1|material_override
PASS Exact old/new material mapping Airship/Visuals/CarriageLantern40_1|material_override
PASS Original binding source exists World/Terrain/Ground_-6_-8|surface_material
PASS Exact old/new material mapping World/Terrain/Ground_-6_-8|surface_material
PASS Original binding source exists World/Terrain/Ground_-6_-7|surface_material
PASS Exact old/new material mapping World/Terrain/Ground_-6_-7|surface_material
PASS Original binding source exists World/Terrain/Ground_-6_-6|surface_material
PASS Exact old/new material mapping World/Terrain/Ground_-6_-6|surface_material
PASS Original binding source exists World/Terrain/Ground_-5_-6|surface_material
PASS Exact old/new material mapping World/Terrain/Ground_-5_-6|surface_material
PASS Original binding source exists World/Terrain/Ground_-6_-5|surface_material
PASS Exact old/new material mapping World/Terrain/Ground_-6_-5|surface_material
PASS Original binding source exists World/Terrain/Ground_-5_-5|surface_material
PASS Exact old/new material mapping World/Terrain/Ground_-5_-5|surface_material
PASS Original binding source exists World/Terrain/Ground_-4_-5|surface_material
PASS Exact old/new material mapping World/Terrain/Ground_-4_-5|surface_material
PASS Original binding source exists World/Terrain/Ground_-3_-5|surface_material
PASS Exact old/new material mapping World/Terrain/Ground_-3_-5|surface_material
PASS Original binding source exists World/Terrain/Ground_-6_-4|surface_material
PASS Exact old/new material mapping World/Terrain/Ground_-6_-4|surface_material
PASS Original binding source exists World/Terrain/Ground_-5_-4|surface_material
PASS Exact old/new material mapping World/Terrain/Ground_-5_-4|surface_material
PASS Original binding source exists World/Terrain/Ground_-4_-4|surface_material
PASS Exact old/new material mapping World/Terrain/Ground_-4_-4|surface_material
PASS Original binding source exists World/Terrain/Ground_-6_-3|surface_material
PASS Exact old/new material mapping World/Terrain/Ground_-6_-3|surface_material
PASS Original binding source exists World/Terrain/Ground_-5_-3|surface_material
PASS Exact old/new material mapping World/Terrain/Ground_-5_-3|surface_material
PASS Original binding source exists World/Terrain/Ground_-4_-3|surface_material
PASS Exact old/new material mapping World/Terrain/Ground_-4_-3|surface_material
PASS Original binding source exists World/Terrain/Ground_-3_-3|surface_material
PASS Exact old/new material mapping World/Terrain/Ground_-3_-3|surface_material
PASS Original binding source exists World/Terrain/Ground_1_-3|surface_material
PASS Exact old/new material mapping World/Terrain/Ground_1_-3|surface_material
PASS Original binding source exists World/Terrain/Ground_-6_-2|surface_material
PASS Exact old/new material mapping World/Terrain/Ground_-6_-2|surface_material
PASS Original binding source exists World/Terrain/Ground_-5_-2|surface_material
PASS Exact old/new material mapping World/Terrain/Ground_-5_-2|surface_material
PASS Original binding source exists World/Terrain/Ground_-4_-2|surface_material
PASS Exact old/new material mapping World/Terrain/Ground_-4_-2|surface_material
PASS Original binding source exists World/Terrain/Ground_-3_-2|surface_material
PASS Exact old/new material mapping World/Terrain/Ground_-3_-2|surface_material
PASS Original binding source exists World/Terrain/Ground_-2_-2|surface_material
PASS Exact old/new material mapping World/Terrain/Ground_-2_-2|surface_material
PASS Original binding source exists World/Terrain/Ground_-1_-2|surface_material
PASS Exact old/new material mapping World/Terrain/Ground_-1_-2|surface_material
PASS Original binding source exists World/Terrain/Ground_0_-2|surface_material
PASS Exact old/new material mapping World/Terrain/Ground_0_-2|surface_material
PASS Original binding source exists World/Terrain/Ground_1_-2|surface_material
PASS Exact old/new material mapping World/Terrain/Ground_1_-2|surface_material
PASS Original binding source exists World/Terrain/Ground_-6_-1|surface_material
PASS Exact old/new material mapping World/Terrain/Ground_-6_-1|surface_material
PASS Original binding source exists World/Terrain/Ground_-5_-1|surface_material
PASS Exact old/new material mapping World/Terrain/Ground_-5_-1|surface_material
PASS Original binding source exists World/Terrain/Ground_-4_-1|surface_material
PASS Exact old/new material mapping World/Terrain/Ground_-4_-1|surface_material
PASS Original binding source exists World/Terrain/Ground_-3_-1|surface_material
PASS Exact old/new material mapping World/Terrain/Ground_-3_-1|surface_material
PASS Original binding source exists World/Terrain/Ground_-2_-1|surface_material
PASS Exact old/new material mapping World/Terrain/Ground_-2_-1|surface_material
PASS Original binding source exists World/Terrain/Ground_-1_-1|surface_material
PASS Exact old/new material mapping World/Terrain/Ground_-1_-1|surface_material
PASS Original binding source exists World/Terrain/Ground_0_-1|surface_material
PASS Exact old/new material mapping World/Terrain/Ground_0_-1|surface_material
PASS Original binding source exists World/Terrain/Ground_1_-1|surface_material
PASS Exact old/new material mapping World/Terrain/Ground_1_-1|surface_material
PASS Original binding source exists World/Terrain/Ground_-6_0|surface_material
PASS Exact old/new material mapping World/Terrain/Ground_-6_0|surface_material
PASS Original binding source exists World/Terrain/Ground_-5_0|surface_material
PASS Exact old/new material mapping World/Terrain/Ground_-5_0|surface_material
PASS Original binding source exists World/Terrain/Ground_-4_0|surface_material
PASS Exact old/new material mapping World/Terrain/Ground_-4_0|surface_material
PASS Original binding source exists World/Terrain/Ground_-3_0|surface_material
PASS Exact old/new material mapping World/Terrain/Ground_-3_0|surface_material
PASS Original binding source exists World/Terrain/Ground_-2_0|surface_material
PASS Exact old/new material mapping World/Terrain/Ground_-2_0|surface_material
PASS Original binding source exists World/Terrain/Ground_-1_0|surface_material
PASS Exact old/new material mapping World/Terrain/Ground_-1_0|surface_material
PASS Original binding source exists World/Terrain/Ground_-6_1|surface_material
PASS Exact old/new material mapping World/Terrain/Ground_-6_1|surface_material
PASS Original binding source exists World/Terrain/Ground_-5_1|surface_material
PASS Exact old/new material mapping World/Terrain/Ground_-5_1|surface_material
PASS Original binding source exists World/Terrain/Ground_-4_1|surface_material
PASS Exact old/new material mapping World/Terrain/Ground_-4_1|surface_material
PASS Original binding source exists World/Terrain/Ground_-3_1|surface_material
PASS Exact old/new material mapping World/Terrain/Ground_-3_1|surface_material
PASS Original binding source exists World/Terrain/Ground_-2_1|surface_material
PASS Exact old/new material mapping World/Terrain/Ground_-2_1|surface_material
PASS Original binding source exists World/Terrain/Ground_-1_1|surface_material
PASS Exact old/new material mapping World/Terrain/Ground_-1_1|surface_material
PASS Original binding source exists World/Terrain/Ground_-6_2|surface_material
PASS Exact old/new material mapping World/Terrain/Ground_-6_2|surface_material
PASS Original binding source exists World/Terrain/Ground_-5_2|surface_material
PASS Exact old/new material mapping World/Terrain/Ground_-5_2|surface_material
PASS Original binding source exists World/Terrain/Ground_-4_2|surface_material
PASS Exact old/new material mapping World/Terrain/Ground_-4_2|surface_material
PASS Original binding source exists World/Terrain/Ground_-3_2|surface_material
PASS Exact old/new material mapping World/Terrain/Ground_-3_2|surface_material
PASS Original binding source exists World/Terrain/Ground_-2_2|surface_material
PASS Exact old/new material mapping World/Terrain/Ground_-2_2|surface_material
PASS Original binding source exists World/Terrain/Ground_-6_3|surface_material
PASS Exact old/new material mapping World/Terrain/Ground_-6_3|surface_material
PASS Original binding source exists World/Terrain/Ground_-5_3|surface_material
PASS Exact old/new material mapping World/Terrain/Ground_-5_3|surface_material
PASS Original binding source exists World/Terrain/Ground_-4_3|surface_material
PASS Exact old/new material mapping World/Terrain/Ground_-4_3|surface_material
PASS Original binding source exists World/Terrain/Ground_-3_3|surface_material
PASS Exact old/new material mapping World/Terrain/Ground_-3_3|surface_material
PASS Original binding source exists World/Terrain/Ground_-2_3|surface_material
PASS Exact old/new material mapping World/Terrain/Ground_-2_3|surface_material
PASS Original binding source exists World/Terrain/Ground_-6_4|surface_material
PASS Exact old/new material mapping World/Terrain/Ground_-6_4|surface_material
PASS Original binding source exists World/Terrain/Ground_-5_4|surface_material
PASS Exact old/new material mapping World/Terrain/Ground_-5_4|surface_material
PASS Original binding source exists World/Terrain/Ground_-4_4|surface_material
PASS Exact old/new material mapping World/Terrain/Ground_-4_4|surface_material
PASS Original binding source exists World/Terrain/Ground_-3_4|surface_material
PASS Exact old/new material mapping World/Terrain/Ground_-3_4|surface_material
PASS Original binding source exists World/Terrain/Ground_-6_5|surface_material
PASS Exact old/new material mapping World/Terrain/Ground_-6_5|surface_material
PASS Original binding source exists World/Terrain/Ground_-5_5|surface_material
PASS Exact old/new material mapping World/Terrain/Ground_-5_5|surface_material
PASS Original binding source exists World/Terrain/Ground_-4_5|surface_material
PASS Exact old/new material mapping World/Terrain/Ground_-4_5|surface_material
PASS Original binding source exists World/Terrain/Ground_-3_5|surface_material
PASS Exact old/new material mapping World/Terrain/Ground_-3_5|surface_material
PASS Original binding source exists World/Cliffs/cliff_crown|surface_material
PASS Exact old/new material mapping World/Cliffs/cliff_crown|surface_material
PASS Original binding source exists World/Cliffs/cliff_western_slab|surface_material
PASS Exact old/new material mapping World/Cliffs/cliff_western_slab|surface_material
PASS Original binding source exists World/Cliffs/cliff_front_columns|surface_material
PASS Exact old/new material mapping World/Cliffs/cliff_front_columns|surface_material
PASS Original binding source exists World/Cliffs/cliff_eastern_plateau|surface_material
PASS Exact old/new material mapping World/Cliffs/cliff_eastern_plateau|surface_material
PASS Original binding source exists World/Cliffs/cliff_shadow_buttress|surface_material
PASS Exact old/new material mapping World/Cliffs/cliff_shadow_buttress|surface_material
PASS Original binding source exists World/Cliffs/cliff_central_wall|surface_material
PASS Exact old/new material mapping World/Cliffs/cliff_central_wall|surface_material
PASS Original binding source exists World/Cliffs/cliff_western_mesa|surface_material
PASS Exact old/new material mapping World/Cliffs/cliff_western_mesa|surface_material
PASS Original binding source exists World/Mountains/massif_frost_crown|surface_material
PASS Exact old/new material mapping World/Mountains/massif_frost_crown|surface_material
PASS Original binding source exists World/Mountains/massif_west_summit|surface_material
PASS Exact old/new material mapping World/Mountains/massif_west_summit|surface_material
PASS Original binding source exists World/Mountains/massif_needle_ridge|surface_material
PASS Exact old/new material mapping World/Mountains/massif_needle_ridge|surface_material
PASS Original binding source exists World/Mountains/massif_east_summit|surface_material
PASS Exact old/new material mapping World/Mountains/massif_east_summit|surface_material
PASS Original binding source exists World/Mountains/massif_east_spur|surface_material
PASS Exact old/new material mapping World/Mountains/massif_east_spur|surface_material
PASS Original binding source exists World/Mountains/massif_west_spur|surface_material
PASS Exact old/new material mapping World/Mountains/massif_west_spur|surface_material
PASS Original binding source exists World/Mountains/massif_cirque_wall|surface_material
PASS Exact old/new material mapping World/Mountains/massif_cirque_wall|surface_material
PASS Original binding source exists World/Mountains/massif_east_foothill|surface_material
PASS Exact old/new material mapping World/Mountains/massif_east_foothill|surface_material
PASS Original binding source exists World/Mountains/massif_blue_buttress|surface_material
PASS Exact old/new material mapping World/Mountains/massif_blue_buttress|surface_material
PASS Original binding source exists World/Mountains/massif_valley_guard|surface_material
PASS Exact old/new material mapping World/Mountains/massif_valley_guard|surface_material
PASS Original binding source exists World/Mountains/massif_west_foothill|surface_material
PASS Exact old/new material mapping World/Mountains/massif_west_foothill|surface_material
PASS Original binding source exists World/LakeIslands49/island_near_left/Meshes/island_near_left_rockroot|surface_material_override/0
PASS Exact old/new material mapping World/LakeIslands49/island_near_left/Meshes/island_near_left_rockroot|surface_material_override/0
PASS Original binding source exists World/LakeIslands49/island_near_left/Meshes/island_near_left_shoulder|surface_material_override/0
PASS Exact old/new material mapping World/LakeIslands49/island_near_left/Meshes/island_near_left_shoulder|surface_material_override/0
PASS Original binding source exists World/LakeIslands49/island_near_left/Meshes/island_near_left_wetshore_00|surface_material_override/0
PASS Exact old/new material mapping World/LakeIslands49/island_near_left/Meshes/island_near_left_wetshore_00|surface_material_override/0
PASS Original binding source exists World/LakeIslands49/island_near_left/Meshes/island_near_left_wetshore_01|surface_material_override/0
PASS Exact old/new material mapping World/LakeIslands49/island_near_left/Meshes/island_near_left_wetshore_01|surface_material_override/0
PASS Original binding source exists World/LakeIslands49/island_near_left/Meshes/island_near_left_wetshore_02|surface_material_override/0
PASS Exact old/new material mapping World/LakeIslands49/island_near_left/Meshes/island_near_left_wetshore_02|surface_material_override/0
PASS Original binding source exists World/LakeIslands49/island_near_left/Meshes/island_near_left_wetshore_03|surface_material_override/0
PASS Exact old/new material mapping World/LakeIslands49/island_near_left/Meshes/island_near_left_wetshore_03|surface_material_override/0
PASS Original binding source exists World/LakeIslands49/island_near_left/Meshes/island_near_left_wetshore_04|surface_material_override/0
PASS Exact old/new material mapping World/LakeIslands49/island_near_left/Meshes/island_near_left_wetshore_04|surface_material_override/0
PASS Original binding source exists World/LakeIslands49/island_near_left/Meshes/island_near_left_wetshore_05|surface_material_override/0
PASS Exact old/new material mapping World/LakeIslands49/island_near_left/Meshes/island_near_left_wetshore_05|surface_material_override/0
PASS Original binding source exists World/LakeIslands49/island_far_middle/Meshes/island_far_middle_rockroot|surface_material_override/0
PASS Exact old/new material mapping World/LakeIslands49/island_far_middle/Meshes/island_far_middle_rockroot|surface_material_override/0
PASS Original binding source exists World/LakeIslands49/island_far_middle/Meshes/island_far_middle_shoulder|surface_material_override/0
PASS Exact old/new material mapping World/LakeIslands49/island_far_middle/Meshes/island_far_middle_shoulder|surface_material_override/0
PASS Original binding source exists World/LakeIslands49/island_far_middle/Meshes/island_far_middle_wetshore_00|surface_material_override/0
PASS Exact old/new material mapping World/LakeIslands49/island_far_middle/Meshes/island_far_middle_wetshore_00|surface_material_override/0
PASS Original binding source exists World/LakeIslands49/island_far_middle/Meshes/island_far_middle_wetshore_01|surface_material_override/0
PASS Exact old/new material mapping World/LakeIslands49/island_far_middle/Meshes/island_far_middle_wetshore_01|surface_material_override/0
PASS Original binding source exists World/LakeIslands49/island_far_middle/Meshes/island_far_middle_wetshore_02|surface_material_override/0
PASS Exact old/new material mapping World/LakeIslands49/island_far_middle/Meshes/island_far_middle_wetshore_02|surface_material_override/0
PASS Original binding source exists World/LakeIslands49/island_far_middle/Meshes/island_far_middle_wetshore_03|surface_material_override/0
PASS Exact old/new material mapping World/LakeIslands49/island_far_middle/Meshes/island_far_middle_wetshore_03|surface_material_override/0
PASS Original binding source exists World/LakeIslands49/island_far_middle/Meshes/island_far_middle_wetshore_04|surface_material_override/0
PASS Exact old/new material mapping World/LakeIslands49/island_far_middle/Meshes/island_far_middle_wetshore_04|surface_material_override/0
PASS Original binding source exists World/LakeIslands49/island_far_middle/Meshes/island_far_middle_wetshore_05|surface_material_override/0
PASS Exact old/new material mapping World/LakeIslands49/island_far_middle/Meshes/island_far_middle_wetshore_05|surface_material_override/0
PASS Original binding source exists World/LakeIslands49/island_near_right/Meshes/island_near_right_rockroot|surface_material_override/0
PASS Exact old/new material mapping World/LakeIslands49/island_near_right/Meshes/island_near_right_rockroot|surface_material_override/0
PASS Original binding source exists World/LakeIslands49/island_near_right/Meshes/island_near_right_shoulder|surface_material_override/0
PASS Exact old/new material mapping World/LakeIslands49/island_near_right/Meshes/island_near_right_shoulder|surface_material_override/0
PASS Original binding source exists World/LakeIslands49/island_near_right/Meshes/island_near_right_wetshore_00|surface_material_override/0
PASS Exact old/new material mapping World/LakeIslands49/island_near_right/Meshes/island_near_right_wetshore_00|surface_material_override/0
PASS Original binding source exists World/LakeIslands49/island_near_right/Meshes/island_near_right_wetshore_01|surface_material_override/0
PASS Exact old/new material mapping World/LakeIslands49/island_near_right/Meshes/island_near_right_wetshore_01|surface_material_override/0
PASS Original binding source exists World/LakeIslands49/island_near_right/Meshes/island_near_right_wetshore_02|surface_material_override/0
PASS Exact old/new material mapping World/LakeIslands49/island_near_right/Meshes/island_near_right_wetshore_02|surface_material_override/0
PASS Original binding source exists World/LakeIslands49/island_near_right/Meshes/island_near_right_wetshore_03|surface_material_override/0
PASS Exact old/new material mapping World/LakeIslands49/island_near_right/Meshes/island_near_right_wetshore_03|surface_material_override/0
PASS Original binding source exists World/LakeIslands49/island_near_right/Meshes/island_near_right_wetshore_04|surface_material_override/0
PASS Exact old/new material mapping World/LakeIslands49/island_near_right/Meshes/island_near_right_wetshore_04|surface_material_override/0
PASS Original binding source exists World/LakeIslands49/island_near_right/Meshes/island_near_right_wetshore_05|surface_material_override/0
PASS Exact old/new material mapping World/LakeIslands49/island_near_right/Meshes/island_near_right_wetshore_05|surface_material_override/0
PASS Original binding source exists World/LakeIslands49/foreground_rock/Meshes/foreground_rock_rockroot|surface_material_override/0
PASS Exact old/new material mapping World/LakeIslands49/foreground_rock/Meshes/foreground_rock_rockroot|surface_material_override/0
PASS Original binding source exists World/LakeIslands49/foreground_rock/Meshes/foreground_rock_shoulder|surface_material_override/0
PASS Exact old/new material mapping World/LakeIslands49/foreground_rock/Meshes/foreground_rock_shoulder|surface_material_override/0
PASS Original binding source exists World/LakeIslands49/foreground_rock/Meshes/foreground_rock_wetshore_00|surface_material_override/0
PASS Exact old/new material mapping World/LakeIslands49/foreground_rock/Meshes/foreground_rock_wetshore_00|surface_material_override/0
PASS Original binding source exists World/LakeIslands49/foreground_rock/Meshes/foreground_rock_wetshore_01|surface_material_override/0
PASS Exact old/new material mapping World/LakeIslands49/foreground_rock/Meshes/foreground_rock_wetshore_01|surface_material_override/0
PASS Original binding source exists World/LakeIslands49/foreground_rock/Meshes/foreground_rock_wetshore_02|surface_material_override/0
PASS Exact old/new material mapping World/LakeIslands49/foreground_rock/Meshes/foreground_rock_wetshore_02|surface_material_override/0
PASS Original binding source exists World/LakeIslands49/foreground_rock/Meshes/foreground_rock_wetshore_03|surface_material_override/0
PASS Exact old/new material mapping World/LakeIslands49/foreground_rock/Meshes/foreground_rock_wetshore_03|surface_material_override/0
PASS Original binding source exists World/LakeIslands49/foreground_rock/Meshes/foreground_rock_wetshore_04|surface_material_override/0
PASS Exact old/new material mapping World/LakeIslands49/foreground_rock/Meshes/foreground_rock_wetshore_04|surface_material_override/0
PASS Original binding source exists World/LakeIslands49/foreground_rock/Meshes/foreground_rock_wetshore_05|surface_material_override/0
PASS Exact old/new material mapping World/LakeIslands49/foreground_rock/Meshes/foreground_rock_wetshore_05|surface_material_override/0
PASS Original binding source exists LanternCoastStudy/IslandD_CVariant/island_c_Coast short olive grass|surface_material_override/0
PASS Exact old/new material mapping LanternCoastStudy/IslandD_CVariant/island_c_Coast short olive grass|surface_material_override/0
PASS Original binding source exists LanternCoastStudy/IslandD_CVariant/island_c_Coast short olive grass|surface_material_override/1
PASS Exact old/new material mapping LanternCoastStudy/IslandD_CVariant/island_c_Coast short olive grass|surface_material_override/1
PASS Original binding source exists LanternCoastStudy/IslandD_CVariant/island_c_Coast short olive grass|surface_material_override/2
PASS Exact old/new material mapping LanternCoastStudy/IslandD_CVariant/island_c_Coast short olive grass|surface_material_override/2
PASS Original binding source exists LanternCoastStudy/IslandD_CVariant/island_c_Coast short olive grass|surface_material_override/3
PASS Exact old/new material mapping LanternCoastStudy/IslandD_CVariant/island_c_Coast short olive grass|surface_material_override/3
PASS Original binding source exists LanternCoastStudy/IslandD_CVariant/island_c_Coast short olive grass|surface_material_override/4
PASS Exact old/new material mapping LanternCoastStudy/IslandD_CVariant/island_c_Coast short olive grass|surface_material_override/4
PASS Original binding source exists LanternCoastStudy/IslandD_CVariant/island_c_Coast short olive grass|surface_material_override/5
PASS Exact old/new material mapping LanternCoastStudy/IslandD_CVariant/island_c_Coast short olive grass|surface_material_override/5
PASS Original binding source exists LanternCoastStudy/IslandD_CVariant/island_c_Coast blue grey bedrock|surface_material_override/0
PASS Exact old/new material mapping LanternCoastStudy/IslandD_CVariant/island_c_Coast blue grey bedrock|surface_material_override/0
PASS Original binding source exists LanternCoastStudy/IslandD_CVariant/island_c_Coast blue grey bedrock|surface_material_override/1
PASS Exact old/new material mapping LanternCoastStudy/IslandD_CVariant/island_c_Coast blue grey bedrock|surface_material_override/1
PASS Original binding source exists LanternCoastStudy/IslandD_CVariant/island_c_Coast blue grey bedrock|surface_material_override/2
PASS Exact old/new material mapping LanternCoastStudy/IslandD_CVariant/island_c_Coast blue grey bedrock|surface_material_override/2
PASS Original binding source exists LanternCoastStudy/island_a_1/island_a faulted bedrock|surface_material_override/0
PASS Exact old/new material mapping LanternCoastStudy/island_a_1/island_a faulted bedrock|surface_material_override/0
PASS Original binding source exists LanternCoastStudy/island_a_1/island_a faulted bedrock|surface_material_override/1
PASS Exact old/new material mapping LanternCoastStudy/island_a_1/island_a faulted bedrock|surface_material_override/1
PASS Original binding source exists LanternCoastStudy/island_a_1/island_a faulted bedrock|surface_material_override/2
PASS Exact old/new material mapping LanternCoastStudy/island_a_1/island_a faulted bedrock|surface_material_override/2
PASS Original binding source exists LanternCoastStudy/island_a_1/island_a low shore ledge 00|surface_material_override/0
PASS Exact old/new material mapping LanternCoastStudy/island_a_1/island_a low shore ledge 00|surface_material_override/0
PASS Original binding source exists LanternCoastStudy/island_a_1/island_a low shore ledge 00|surface_material_override/1
PASS Exact old/new material mapping LanternCoastStudy/island_a_1/island_a low shore ledge 00|surface_material_override/1
PASS Original binding source exists LanternCoastStudy/island_a_1/island_a low shore ledge 00|surface_material_override/2
PASS Exact old/new material mapping LanternCoastStudy/island_a_1/island_a low shore ledge 00|surface_material_override/2
PASS Original binding source exists LanternCoastStudy/island_a_1/island_a low shore ledge 01|surface_material_override/0
PASS Exact old/new material mapping LanternCoastStudy/island_a_1/island_a low shore ledge 01|surface_material_override/0
PASS Original binding source exists LanternCoastStudy/island_a_1/island_a low shore ledge 01|surface_material_override/1
PASS Exact old/new material mapping LanternCoastStudy/island_a_1/island_a low shore ledge 01|surface_material_override/1
PASS Original binding source exists LanternCoastStudy/island_a_1/island_a low shore ledge 02|surface_material_override/0
PASS Exact old/new material mapping LanternCoastStudy/island_a_1/island_a low shore ledge 02|surface_material_override/0
PASS Original binding source exists LanternCoastStudy/island_a_1/island_a low shore ledge 02|surface_material_override/1
PASS Exact old/new material mapping LanternCoastStudy/island_a_1/island_a low shore ledge 02|surface_material_override/1
PASS Original binding source exists LanternCoastStudy/island_a_1/island_a low shore ledge 02|surface_material_override/2
PASS Exact old/new material mapping LanternCoastStudy/island_a_1/island_a low shore ledge 02|surface_material_override/2
PASS Original binding source exists LanternCoastStudy/island_a_1/island_a low shore ledge 03|surface_material_override/0
PASS Exact old/new material mapping LanternCoastStudy/island_a_1/island_a low shore ledge 03|surface_material_override/0
PASS Original binding source exists LanternCoastStudy/island_a_1/island_a low shore ledge 03|surface_material_override/1
PASS Exact old/new material mapping LanternCoastStudy/island_a_1/island_a low shore ledge 03|surface_material_override/1
PASS Original binding source exists LanternCoastStudy/island_a_1/island_a low shore ledge 04|surface_material_override/0
PASS Exact old/new material mapping LanternCoastStudy/island_a_1/island_a low shore ledge 04|surface_material_override/0
PASS Original binding source exists LanternCoastStudy/island_a_1/island_a low shore ledge 04|surface_material_override/1
PASS Exact old/new material mapping LanternCoastStudy/island_a_1/island_a low shore ledge 04|surface_material_override/1
PASS Original binding source exists LanternCoastStudy/island_a_1/island_a low shore ledge 04|surface_material_override/2
PASS Exact old/new material mapping LanternCoastStudy/island_a_1/island_a low shore ledge 04|surface_material_override/2
PASS Original binding source exists LanternCoastStudy/island_b_2/island_b_Coast blue grey bedrock|surface_material_override/0
PASS Exact old/new material mapping LanternCoastStudy/island_b_2/island_b_Coast blue grey bedrock|surface_material_override/0
PASS Original binding source exists LanternCoastStudy/island_b_2/island_b_Coast blue grey bedrock|surface_material_override/1
PASS Exact old/new material mapping LanternCoastStudy/island_b_2/island_b_Coast blue grey bedrock|surface_material_override/1
PASS Original binding source exists LanternCoastStudy/island_b_2/island_b_Coast blue grey bedrock|surface_material_override/2
PASS Exact old/new material mapping LanternCoastStudy/island_b_2/island_b_Coast blue grey bedrock|surface_material_override/2
PASS Original binding source exists LanternCoastStudy/island_c_3/island_c_Coast short olive grass|surface_material_override/0
PASS Exact old/new material mapping LanternCoastStudy/island_c_3/island_c_Coast short olive grass|surface_material_override/0
PASS Original binding source exists LanternCoastStudy/island_c_3/island_c_Coast short olive grass|surface_material_override/1
PASS Exact old/new material mapping LanternCoastStudy/island_c_3/island_c_Coast short olive grass|surface_material_override/1
PASS Original binding source exists LanternCoastStudy/island_c_3/island_c_Coast short olive grass|surface_material_override/2
PASS Exact old/new material mapping LanternCoastStudy/island_c_3/island_c_Coast short olive grass|surface_material_override/2
PASS Original binding source exists LanternCoastStudy/island_c_3/island_c_Coast short olive grass|surface_material_override/3
PASS Exact old/new material mapping LanternCoastStudy/island_c_3/island_c_Coast short olive grass|surface_material_override/3
PASS Original binding source exists LanternCoastStudy/island_c_3/island_c_Coast short olive grass|surface_material_override/4
PASS Exact old/new material mapping LanternCoastStudy/island_c_3/island_c_Coast short olive grass|surface_material_override/4
PASS Original binding source exists LanternCoastStudy/island_c_3/island_c_Coast short olive grass|surface_material_override/5
PASS Exact old/new material mapping LanternCoastStudy/island_c_3/island_c_Coast short olive grass|surface_material_override/5
PASS Original binding source exists LanternCoastStudy/island_c_3/island_c_Coast blue grey bedrock|surface_material_override/0
PASS Exact old/new material mapping LanternCoastStudy/island_c_3/island_c_Coast blue grey bedrock|surface_material_override/0
PASS Original binding source exists LanternCoastStudy/island_c_3/island_c_Coast blue grey bedrock|surface_material_override/1
PASS Exact old/new material mapping LanternCoastStudy/island_c_3/island_c_Coast blue grey bedrock|surface_material_override/1
PASS Original binding source exists LanternCoastStudy/island_c_3/island_c_Coast blue grey bedrock|surface_material_override/2
PASS Exact old/new material mapping LanternCoastStudy/island_c_3/island_c_Coast blue grey bedrock|surface_material_override/2
PASS Original binding source exists LanternCoastStudy/reef_ridge_4/reef_ridge_Coast blue grey bedrock|surface_material_override/0
PASS Exact old/new material mapping LanternCoastStudy/reef_ridge_4/reef_ridge_Coast blue grey bedrock|surface_material_override/0
PASS Original binding source exists LanternCoastStudy/reef_ridge_4/reef_ridge_Coast blue grey bedrock|surface_material_override/1
PASS Exact old/new material mapping LanternCoastStudy/reef_ridge_4/reef_ridge_Coast blue grey bedrock|surface_material_override/1
PASS Original binding source exists LanternCoastStudy/reef_ridge_4/reef_ridge_Coast blue grey bedrock|surface_material_override/2
PASS Exact old/new material mapping LanternCoastStudy/reef_ridge_4/reef_ridge_Coast blue grey bedrock|surface_material_override/2
PASS Original binding source exists LanternCoastStudy/reef_low_5/reef_low_Coast blue grey bedrock|surface_material_override/0
PASS Exact old/new material mapping LanternCoastStudy/reef_low_5/reef_low_Coast blue grey bedrock|surface_material_override/0
PASS Original binding source exists LanternCoastStudy/reef_low_5/reef_low_Coast blue grey bedrock|surface_material_override/1
PASS Exact old/new material mapping LanternCoastStudy/reef_low_5/reef_low_Coast blue grey bedrock|surface_material_override/1
PASS Original binding source exists LanternCoastStudy/reef_spire_6/reef_spire_Coast blue grey bedrock|surface_material_override/0
PASS Exact old/new material mapping LanternCoastStudy/reef_spire_6/reef_spire_Coast blue grey bedrock|surface_material_override/0
PASS Original binding source exists LanternCoastStudy/reef_spire_6/reef_spire_Coast blue grey bedrock|surface_material_override/1
PASS Exact old/new material mapping LanternCoastStudy/reef_spire_6/reef_spire_Coast blue grey bedrock|surface_material_override/1
PASS Original binding source exists LanternCoastStudy/reef_spire_6/reef_spire_Coast blue grey bedrock|surface_material_override/2
PASS Exact old/new material mapping LanternCoastStudy/reef_spire_6/reef_spire_Coast blue grey bedrock|surface_material_override/2
PASS Original binding source exists LanternCoastStudy/reef_ridge_7/reef_ridge_Coast blue grey bedrock|surface_material_override/0
PASS Exact old/new material mapping LanternCoastStudy/reef_ridge_7/reef_ridge_Coast blue grey bedrock|surface_material_override/0
PASS Original binding source exists LanternCoastStudy/reef_ridge_7/reef_ridge_Coast blue grey bedrock|surface_material_override/1
PASS Exact old/new material mapping LanternCoastStudy/reef_ridge_7/reef_ridge_Coast blue grey bedrock|surface_material_override/1
PASS Original binding source exists LanternCoastStudy/reef_ridge_7/reef_ridge_Coast blue grey bedrock|surface_material_override/2
PASS Exact old/new material mapping LanternCoastStudy/reef_ridge_7/reef_ridge_Coast blue grey bedrock|surface_material_override/2
PASS Original binding source exists LanternCoastStudy/reef_low_8/reef_low_Coast blue grey bedrock|surface_material_override/0
PASS Exact old/new material mapping LanternCoastStudy/reef_low_8/reef_low_Coast blue grey bedrock|surface_material_override/0
PASS Original binding source exists LanternCoastStudy/reef_low_8/reef_low_Coast blue grey bedrock|surface_material_override/1
PASS Exact old/new material mapping LanternCoastStudy/reef_low_8/reef_low_Coast blue grey bedrock|surface_material_override/1
PASS Original binding source exists LanternCoastStudy/reef_spire_9/reef_spire_Coast blue grey bedrock|surface_material_override/0
PASS Exact old/new material mapping LanternCoastStudy/reef_spire_9/reef_spire_Coast blue grey bedrock|surface_material_override/0
PASS Original binding source exists LanternCoastStudy/reef_spire_9/reef_spire_Coast blue grey bedrock|surface_material_override/1
PASS Exact old/new material mapping LanternCoastStudy/reef_spire_9/reef_spire_Coast blue grey bedrock|surface_material_override/1
PASS Original binding source exists LanternCoastStudy/reef_spire_9/reef_spire_Coast blue grey bedrock|surface_material_override/2
PASS Exact old/new material mapping LanternCoastStudy/reef_spire_9/reef_spire_Coast blue grey bedrock|surface_material_override/2
PASS Original binding source exists LanternCoastStudy/reef_ridge_10/reef_ridge_Coast blue grey bedrock|surface_material_override/0
PASS Exact old/new material mapping LanternCoastStudy/reef_ridge_10/reef_ridge_Coast blue grey bedrock|surface_material_override/0
PASS Original binding source exists LanternCoastStudy/reef_ridge_10/reef_ridge_Coast blue grey bedrock|surface_material_override/1
PASS Exact old/new material mapping LanternCoastStudy/reef_ridge_10/reef_ridge_Coast blue grey bedrock|surface_material_override/1
PASS Original binding source exists LanternCoastStudy/reef_ridge_10/reef_ridge_Coast blue grey bedrock|surface_material_override/2
PASS Exact old/new material mapping LanternCoastStudy/reef_ridge_10/reef_ridge_Coast blue grey bedrock|surface_material_override/2
PASS Original binding source exists LanternCoastStudy/reef_low_11/reef_low_Coast blue grey bedrock|surface_material_override/0
PASS Exact old/new material mapping LanternCoastStudy/reef_low_11/reef_low_Coast blue grey bedrock|surface_material_override/0
PASS Original binding source exists LanternCoastStudy/reef_low_11/reef_low_Coast blue grey bedrock|surface_material_override/1
PASS Exact old/new material mapping LanternCoastStudy/reef_low_11/reef_low_Coast blue grey bedrock|surface_material_override/1
PASS Original binding source exists LanternCoastStudy/reef_ridge_12/reef_ridge_Coast blue grey bedrock|surface_material_override/0
PASS Exact old/new material mapping LanternCoastStudy/reef_ridge_12/reef_ridge_Coast blue grey bedrock|surface_material_override/0
PASS Original binding source exists LanternCoastStudy/reef_ridge_12/reef_ridge_Coast blue grey bedrock|surface_material_override/1
PASS Exact old/new material mapping LanternCoastStudy/reef_ridge_12/reef_ridge_Coast blue grey bedrock|surface_material_override/1
PASS Original binding source exists LanternCoastStudy/reef_ridge_12/reef_ridge_Coast blue grey bedrock|surface_material_override/2
PASS Exact old/new material mapping LanternCoastStudy/reef_ridge_12/reef_ridge_Coast blue grey bedrock|surface_material_override/2
PASS Original binding source exists LanternCoastStudy/reef_low_13/reef_low_Coast blue grey bedrock|surface_material_override/0
PASS Exact old/new material mapping LanternCoastStudy/reef_low_13/reef_low_Coast blue grey bedrock|surface_material_override/0
PASS Original binding source exists LanternCoastStudy/reef_low_13/reef_low_Coast blue grey bedrock|surface_material_override/1
PASS Exact old/new material mapping LanternCoastStudy/reef_low_13/reef_low_Coast blue grey bedrock|surface_material_override/1
PASS Original binding source exists LanternCoastStudy/reef_spire_14/reef_spire_Coast blue grey bedrock|surface_material_override/0
PASS Exact old/new material mapping LanternCoastStudy/reef_spire_14/reef_spire_Coast blue grey bedrock|surface_material_override/0
PASS Original binding source exists LanternCoastStudy/reef_spire_14/reef_spire_Coast blue grey bedrock|surface_material_override/1
PASS Exact old/new material mapping LanternCoastStudy/reef_spire_14/reef_spire_Coast blue grey bedrock|surface_material_override/1
PASS Original binding source exists LanternCoastStudy/reef_spire_14/reef_spire_Coast blue grey bedrock|surface_material_override/2
PASS Exact old/new material mapping LanternCoastStudy/reef_spire_14/reef_spire_Coast blue grey bedrock|surface_material_override/2
PASS Original binding source exists LanternCoastStudy/reef_low_15/reef_low_Coast blue grey bedrock|surface_material_override/0
PASS Exact old/new material mapping LanternCoastStudy/reef_low_15/reef_low_Coast blue grey bedrock|surface_material_override/0
PASS Original binding source exists LanternCoastStudy/reef_low_15/reef_low_Coast blue grey bedrock|surface_material_override/1
PASS Exact old/new material mapping LanternCoastStudy/reef_low_15/reef_low_Coast blue grey bedrock|surface_material_override/1
PASS Original binding source exists LanternCoastStudy/reef_ridge_16/reef_ridge_Coast blue grey bedrock|surface_material_override/0
PASS Exact old/new material mapping LanternCoastStudy/reef_ridge_16/reef_ridge_Coast blue grey bedrock|surface_material_override/0
PASS Original binding source exists LanternCoastStudy/reef_ridge_16/reef_ridge_Coast blue grey bedrock|surface_material_override/1
PASS Exact old/new material mapping LanternCoastStudy/reef_ridge_16/reef_ridge_Coast blue grey bedrock|surface_material_override/1
PASS Original binding source exists LanternCoastStudy/reef_ridge_16/reef_ridge_Coast blue grey bedrock|surface_material_override/2
PASS Exact old/new material mapping LanternCoastStudy/reef_ridge_16/reef_ridge_Coast blue grey bedrock|surface_material_override/2
PASS Original binding source exists SurveyedHarborStudy22g/Harbor_timber_pier_46/timber_pier_Harbor oak plank 0|surface_material_override/0
PASS Exact old/new material mapping SurveyedHarborStudy22g/Harbor_timber_pier_46/timber_pier_Harbor oak plank 0|surface_material_override/0
PASS Original binding source exists SurveyedHarborStudy22g/Harbor_timber_pier_46/timber_pier_Harbor oak plank 1|surface_material_override/0
PASS Exact old/new material mapping SurveyedHarborStudy22g/Harbor_timber_pier_46/timber_pier_Harbor oak plank 1|surface_material_override/0
PASS Original binding source exists SurveyedHarborStudy22g/Harbor_timber_pier_46/timber_pier_Harbor oak plank 2|surface_material_override/0
PASS Exact old/new material mapping SurveyedHarborStudy22g/Harbor_timber_pier_46/timber_pier_Harbor oak plank 2|surface_material_override/0
PASS Original binding source exists SurveyedHarborStudy22g/Harbor_timber_pier_46/timber_pier_Harbor oak plank 3|surface_material_override/0
PASS Exact old/new material mapping SurveyedHarborStudy22g/Harbor_timber_pier_46/timber_pier_Harbor oak plank 3|surface_material_override/0
PASS Original binding source exists SurveyedHarborStudy22g/Harbor_pier_landing_47/pier_landing_Harbor oak plank 0|surface_material_override/0
PASS Exact old/new material mapping SurveyedHarborStudy22g/Harbor_pier_landing_47/pier_landing_Harbor oak plank 0|surface_material_override/0
PASS Original binding source exists SurveyedHarborStudy22g/Harbor_pier_landing_47/pier_landing_Harbor oak plank 1|surface_material_override/0
PASS Exact old/new material mapping SurveyedHarborStudy22g/Harbor_pier_landing_47/pier_landing_Harbor oak plank 1|surface_material_override/0
PASS Original binding source exists SurveyedHarborStudy22g/Harbor_pier_landing_47/pier_landing_Harbor oak plank 2|surface_material_override/0
PASS Exact old/new material mapping SurveyedHarborStudy22g/Harbor_pier_landing_47/pier_landing_Harbor oak plank 2|surface_material_override/0
PASS Original binding source exists SurveyedHarborStudy22g/Harbor_pier_landing_47/pier_landing_Harbor oak plank 3|surface_material_override/0
PASS Exact old/new material mapping SurveyedHarborStudy22g/Harbor_pier_landing_47/pier_landing_Harbor oak plank 3|surface_material_override/0
PASS Original binding source exists SurveyedHarborStudy22g/Harbor_moored_fishing_boat_54/moored_fishing_boat_Harbor oak plank 1|surface_material_override/0
PASS Exact old/new material mapping SurveyedHarborStudy22g/Harbor_moored_fishing_boat_54/moored_fishing_boat_Harbor oak plank 1|surface_material_override/0
PASS Original binding source exists SurveyedHarborStudy22g/Harbor_moored_fishing_boat_54/moored_fishing_boat_Harbor oak plank 0|surface_material_override/0
PASS Exact old/new material mapping SurveyedHarborStudy22g/Harbor_moored_fishing_boat_54/moored_fishing_boat_Harbor oak plank 0|surface_material_override/0
PASS Original binding source exists SurveyedHarborStudy22g/Harbor_moored_fishing_boat_54/moored_fishing_boat_Harbor oak plank 3|surface_material_override/0
PASS Exact old/new material mapping SurveyedHarborStudy22g/Harbor_moored_fishing_boat_54/moored_fishing_boat_Harbor oak plank 3|surface_material_override/0
PASS Original binding source exists SurveyedHarborStudy22g/Harbor_timber_pier_55/timber_pier_Harbor oak plank 0|surface_material_override/0
PASS Exact old/new material mapping SurveyedHarborStudy22g/Harbor_timber_pier_55/timber_pier_Harbor oak plank 0|surface_material_override/0
PASS Original binding source exists SurveyedHarborStudy22g/Harbor_timber_pier_55/timber_pier_Harbor oak plank 1|surface_material_override/0
PASS Exact old/new material mapping SurveyedHarborStudy22g/Harbor_timber_pier_55/timber_pier_Harbor oak plank 1|surface_material_override/0
PASS Original binding source exists SurveyedHarborStudy22g/Harbor_timber_pier_55/timber_pier_Harbor oak plank 2|surface_material_override/0
PASS Exact old/new material mapping SurveyedHarborStudy22g/Harbor_timber_pier_55/timber_pier_Harbor oak plank 2|surface_material_override/0
PASS Original binding source exists SurveyedHarborStudy22g/Harbor_timber_pier_55/timber_pier_Harbor oak plank 3|surface_material_override/0
PASS Exact old/new material mapping SurveyedHarborStudy22g/Harbor_timber_pier_55/timber_pier_Harbor oak plank 3|surface_material_override/0
PASS Original binding source exists SurveyedHarborStudy22g/Harbor_pier_landing_56/pier_landing_Harbor oak plank 0|surface_material_override/0
PASS Exact old/new material mapping SurveyedHarborStudy22g/Harbor_pier_landing_56/pier_landing_Harbor oak plank 0|surface_material_override/0
PASS Original binding source exists SurveyedHarborStudy22g/Harbor_pier_landing_56/pier_landing_Harbor oak plank 1|surface_material_override/0
PASS Exact old/new material mapping SurveyedHarborStudy22g/Harbor_pier_landing_56/pier_landing_Harbor oak plank 1|surface_material_override/0
PASS Original binding source exists SurveyedHarborStudy22g/Harbor_pier_landing_56/pier_landing_Harbor oak plank 2|surface_material_override/0
PASS Exact old/new material mapping SurveyedHarborStudy22g/Harbor_pier_landing_56/pier_landing_Harbor oak plank 2|surface_material_override/0
PASS Original binding source exists SurveyedHarborStudy22g/Harbor_pier_landing_56/pier_landing_Harbor oak plank 3|surface_material_override/0
PASS Exact old/new material mapping SurveyedHarborStudy22g/Harbor_pier_landing_56/pier_landing_Harbor oak plank 3|surface_material_override/0
PASS Original binding source exists SurveyedHarborStudy22g/Harbor_moored_fishing_boat_63/moored_fishing_boat_Harbor oak plank 1|surface_material_override/0
PASS Exact old/new material mapping SurveyedHarborStudy22g/Harbor_moored_fishing_boat_63/moored_fishing_boat_Harbor oak plank 1|surface_material_override/0
PASS Original binding source exists SurveyedHarborStudy22g/Harbor_moored_fishing_boat_63/moored_fishing_boat_Harbor oak plank 0|surface_material_override/0
PASS Exact old/new material mapping SurveyedHarborStudy22g/Harbor_moored_fishing_boat_63/moored_fishing_boat_Harbor oak plank 0|surface_material_override/0
PASS Original binding source exists SurveyedHarborStudy22g/Harbor_moored_fishing_boat_63/moored_fishing_boat_Harbor oak plank 3|surface_material_override/0
PASS Exact old/new material mapping SurveyedHarborStudy22g/Harbor_moored_fishing_boat_63/moored_fishing_boat_Harbor oak plank 3|surface_material_override/0
PASS Original binding source exists SurveyedHarborStudy22g/Harbor_timber_pier_64/timber_pier_Harbor oak plank 0|surface_material_override/0
PASS Exact old/new material mapping SurveyedHarborStudy22g/Harbor_timber_pier_64/timber_pier_Harbor oak plank 0|surface_material_override/0
PASS Original binding source exists SurveyedHarborStudy22g/Harbor_timber_pier_64/timber_pier_Harbor oak plank 1|surface_material_override/0
PASS Exact old/new material mapping SurveyedHarborStudy22g/Harbor_timber_pier_64/timber_pier_Harbor oak plank 1|surface_material_override/0
PASS Original binding source exists SurveyedHarborStudy22g/Harbor_timber_pier_64/timber_pier_Harbor oak plank 2|surface_material_override/0
PASS Exact old/new material mapping SurveyedHarborStudy22g/Harbor_timber_pier_64/timber_pier_Harbor oak plank 2|surface_material_override/0
PASS Original binding source exists SurveyedHarborStudy22g/Harbor_timber_pier_64/timber_pier_Harbor oak plank 3|surface_material_override/0
PASS Exact old/new material mapping SurveyedHarborStudy22g/Harbor_timber_pier_64/timber_pier_Harbor oak plank 3|surface_material_override/0
PASS Original binding source exists SurveyedHarborStudy22g/Harbor_pier_landing_65/pier_landing_Harbor oak plank 0|surface_material_override/0
PASS Exact old/new material mapping SurveyedHarborStudy22g/Harbor_pier_landing_65/pier_landing_Harbor oak plank 0|surface_material_override/0
PASS Original binding source exists SurveyedHarborStudy22g/Harbor_pier_landing_65/pier_landing_Harbor oak plank 1|surface_material_override/0
PASS Exact old/new material mapping SurveyedHarborStudy22g/Harbor_pier_landing_65/pier_landing_Harbor oak plank 1|surface_material_override/0
PASS Original binding source exists SurveyedHarborStudy22g/Harbor_pier_landing_65/pier_landing_Harbor oak plank 2|surface_material_override/0
PASS Exact old/new material mapping SurveyedHarborStudy22g/Harbor_pier_landing_65/pier_landing_Harbor oak plank 2|surface_material_override/0
PASS Original binding source exists SurveyedHarborStudy22g/Harbor_pier_landing_65/pier_landing_Harbor oak plank 3|surface_material_override/0
PASS Exact old/new material mapping SurveyedHarborStudy22g/Harbor_pier_landing_65/pier_landing_Harbor oak plank 3|surface_material_override/0
PASS Original binding source exists SurveyedHarborStudy22g/Harbor_moored_fishing_boat_72/moored_fishing_boat_Harbor oak plank 1|surface_material_override/0
PASS Exact old/new material mapping SurveyedHarborStudy22g/Harbor_moored_fishing_boat_72/moored_fishing_boat_Harbor oak plank 1|surface_material_override/0
PASS Original binding source exists SurveyedHarborStudy22g/Harbor_moored_fishing_boat_72/moored_fishing_boat_Harbor oak plank 0|surface_material_override/0
PASS Exact old/new material mapping SurveyedHarborStudy22g/Harbor_moored_fishing_boat_72/moored_fishing_boat_Harbor oak plank 0|surface_material_override/0
PASS Original binding source exists SurveyedHarborStudy22g/Harbor_moored_fishing_boat_72/moored_fishing_boat_Harbor oak plank 3|surface_material_override/0
PASS Exact old/new material mapping SurveyedHarborStudy22g/Harbor_moored_fishing_boat_72/moored_fishing_boat_Harbor oak plank 3|surface_material_override/0
PASS Original binding source exists SurveyedHarborStudy22g/Harbor_timber_pier_73/timber_pier_Harbor oak plank 0|surface_material_override/0
PASS Exact old/new material mapping SurveyedHarborStudy22g/Harbor_timber_pier_73/timber_pier_Harbor oak plank 0|surface_material_override/0
PASS Original binding source exists SurveyedHarborStudy22g/Harbor_timber_pier_73/timber_pier_Harbor oak plank 1|surface_material_override/0
PASS Exact old/new material mapping SurveyedHarborStudy22g/Harbor_timber_pier_73/timber_pier_Harbor oak plank 1|surface_material_override/0
PASS Original binding source exists SurveyedHarborStudy22g/Harbor_timber_pier_73/timber_pier_Harbor oak plank 2|surface_material_override/0
PASS Exact old/new material mapping SurveyedHarborStudy22g/Harbor_timber_pier_73/timber_pier_Harbor oak plank 2|surface_material_override/0
PASS Original binding source exists SurveyedHarborStudy22g/Harbor_timber_pier_73/timber_pier_Harbor oak plank 3|surface_material_override/0
PASS Exact old/new material mapping SurveyedHarborStudy22g/Harbor_timber_pier_73/timber_pier_Harbor oak plank 3|surface_material_override/0
PASS Original binding source exists SurveyedHarborStudy22g/Harbor_pier_landing_74/pier_landing_Harbor oak plank 0|surface_material_override/0
PASS Exact old/new material mapping SurveyedHarborStudy22g/Harbor_pier_landing_74/pier_landing_Harbor oak plank 0|surface_material_override/0
PASS Original binding source exists SurveyedHarborStudy22g/Harbor_pier_landing_74/pier_landing_Harbor oak plank 1|surface_material_override/0
PASS Exact old/new material mapping SurveyedHarborStudy22g/Harbor_pier_landing_74/pier_landing_Harbor oak plank 1|surface_material_override/0
PASS Original binding source exists SurveyedHarborStudy22g/Harbor_pier_landing_74/pier_landing_Harbor oak plank 2|surface_material_override/0
PASS Exact old/new material mapping SurveyedHarborStudy22g/Harbor_pier_landing_74/pier_landing_Harbor oak plank 2|surface_material_override/0
PASS Original binding source exists SurveyedHarborStudy22g/Harbor_pier_landing_74/pier_landing_Harbor oak plank 3|surface_material_override/0
PASS Exact old/new material mapping SurveyedHarborStudy22g/Harbor_pier_landing_74/pier_landing_Harbor oak plank 3|surface_material_override/0
PASS Original binding source exists SurveyedHarborStudy22g/Harbor_moored_fishing_boat_81/moored_fishing_boat_Harbor oak plank 1|surface_material_override/0
PASS Exact old/new material mapping SurveyedHarborStudy22g/Harbor_moored_fishing_boat_81/moored_fishing_boat_Harbor oak plank 1|surface_material_override/0
PASS Original binding source exists SurveyedHarborStudy22g/Harbor_moored_fishing_boat_81/moored_fishing_boat_Harbor oak plank 0|surface_material_override/0
PASS Exact old/new material mapping SurveyedHarborStudy22g/Harbor_moored_fishing_boat_81/moored_fishing_boat_Harbor oak plank 0|surface_material_override/0
PASS Original binding source exists SurveyedHarborStudy22g/Harbor_moored_fishing_boat_81/moored_fishing_boat_Harbor oak plank 3|surface_material_override/0
PASS Exact old/new material mapping SurveyedHarborStudy22g/Harbor_moored_fishing_boat_81/moored_fishing_boat_Harbor oak plank 3|surface_material_override/0
PASS Original binding source exists MainlandVillage23g/mainland_headland_0/Mainland headland continuous bedrock and grass terraces|surface_material_override/0
PASS Exact old/new material mapping MainlandVillage23g/mainland_headland_0/Mainland headland continuous bedrock and grass terraces|surface_material_override/0
PASS Original binding source exists MainlandVillage23g/mainland_headland_0/Mainland headland continuous bedrock and grass terraces|surface_material_override/1
PASS Exact old/new material mapping MainlandVillage23g/mainland_headland_0/Mainland headland continuous bedrock and grass terraces|surface_material_override/1
PASS Original binding source exists MainlandVillage23g/mainland_headland_0/Mainland headland continuous bedrock and grass terraces|surface_material_override/2
PASS Exact old/new material mapping MainlandVillage23g/mainland_headland_0/Mainland headland continuous bedrock and grass terraces|surface_material_override/2
PASS Original binding source exists MainlandVillage23g/mainland_headland_0/Mainland headland continuous bedrock and grass terraces|surface_material_override/3
PASS Exact old/new material mapping MainlandVillage23g/mainland_headland_0/Mainland headland continuous bedrock and grass terraces|surface_material_override/3
PASS Original binding source exists MainlandVillage23g/mainland_headland_0/Mainland headland continuous bedrock and grass terraces|surface_material_override/4
PASS Exact old/new material mapping MainlandVillage23g/mainland_headland_0/Mainland headland continuous bedrock and grass terraces|surface_material_override/4
PASS Original binding source exists Weather42b/Rain|material_override
PASS Exact old/new material mapping Weather42b/Rain|material_override
PASS Original binding source exists Weather42b/Snow|material_override
PASS Exact old/new material mapping Weather42b/Snow|material_override
PASS Original binding source exists Weather42b/Rainbow/spectrum_band_0|material_override
PASS Exact old/new material mapping Weather42b/Rainbow/spectrum_band_0|material_override
PASS Original binding source exists Weather42b/Rainbow/spectrum_band_1|material_override
PASS Exact old/new material mapping Weather42b/Rainbow/spectrum_band_1|material_override
PASS Original binding source exists Weather42b/Rainbow/spectrum_band_2|material_override
PASS Exact old/new material mapping Weather42b/Rainbow/spectrum_band_2|material_override
PASS Original binding source exists Weather42b/Rainbow/spectrum_band_3|material_override
PASS Exact old/new material mapping Weather42b/Rainbow/spectrum_band_3|material_override
PASS Original binding source exists Weather42b/Rainbow/spectrum_band_4|material_override
PASS Exact old/new material mapping Weather42b/Rainbow/spectrum_band_4|material_override
PASS Original binding source exists Weather42b/Rainbow/spectrum_band_5|material_override
PASS Exact old/new material mapping Weather42b/Rainbow/spectrum_band_5|material_override
PASS Original binding source exists Weather42b/Rainbow/spectrum_band_6|material_override
PASS Exact old/new material mapping Weather42b/Rainbow/spectrum_band_6|material_override
PASS Original binding source exists World|stream_terrain_material
PASS Exact old/new material mapping World|stream_terrain_material
PASS Original binding source exists World|stream_world_material
PASS Exact old/new material mapping World|stream_world_material
PASS Original binding source exists World|stream_cloud_material
PASS Exact old/new material mapping World|stream_cloud_material
PASS Exact114 original/converted material pairs available for whole-world controls
PASS Baseline motion evidence belongs to exact50
WORLD READY: 208 independent terrain scenes, 54797 saved scatter instances, 169 scene landmarks, 6 scene ports
PASS Clip/shadow diagnostic preserves active physics
PASS Retained50 water cache targets current Ocean and all five identical textures
PASS Every persisted scoped ready node uses expected converted material; invisible Rain/Snow included
PASS All original runtime shader uniforms and native albedos synchronized before full-binding A/B/A
PASS Retained50 water cache targets current Ocean and all five identical textures
PASS Actual rendered main 1343-original-shadow-clip-off
PASS Live physics camera-clear 1343-original-shadow-clip-off
PASS Reflection viewport disabled during 1343-original-shadow-clip-off
PASS Actual rendered main 1343-original-shadow-clip-on
PASS Live physics camera-clear 1343-original-shadow-clip-on
PASS Reflection viewport disabled during 1343-original-shadow-clip-on
CLIP_SHADOW_DELTA original-shadow pixels=30 max=3
PASS Actual rendered main 1343-shadow-disabled-clip-off
PASS Live physics camera-clear 1343-shadow-disabled-clip-off
PASS Reflection viewport disabled during 1343-shadow-disabled-clip-off
PASS Actual rendered main 1343-shadow-disabled-clip-on
PASS Live physics camera-clear 1343-shadow-disabled-clip-on
PASS Reflection viewport disabled during 1343-shadow-disabled-clip-on
CLIP_SHADOW_DELTA shadow-disabled pixels=0 max=0
PASS Actual rendered main 1343-original-shadow-clip-off-restored
PASS Live physics camera-clear 1343-original-shadow-clip-off-restored
PASS Reflection viewport disabled during 1343-original-shadow-clip-off-restored
PASS Original Sun shadow flag and clip-off image exactly restored
PASS Every preexisting shader uniform/native albedo remains unchanged
PASS Both saved50/51 scene files unchanged by verification
REFLECTION51 CLIP SHADOW COMPLETE instrumentation=true
