Blender 4.5.14 LTS (hash 62c1db4208e8 built 2026-09-15 01:31:19)
Read blend: "/workspace/scratch/a29d03198654/Aether/source-assets/cloud-sea52f/variants/cloud_sea52f_variants.blend"
Fra:1 Mem:25.22M (Peak 25.22M) | Time:00:00.00 | Mem:0.00M, Peak:0.00M | Scene, ViewLayer | Synchronizing object | CloudSea52e_v1_main_ridge
Fra:1 Mem:25.22M (Peak 25.22M) | Time:00:00.00 | Mem:0.00M, Peak:0.00M | Scene, ViewLayer | Synchronizing object | Sun
Fra:1 Mem:25.24M (Peak 25.24M) | Time:00:00.00 | Mem:0.00M, Peak:0.00M | Scene, ViewLayer | Synchronizing object | CloudSea52f_v1_low_drift
Fra:1 Mem:25.80M (Peak 25.80M) | Time:00:00.00 | Mem:0.00M, Peak:0.00M | Scene, ViewLayer | Synchronizing object | CloudSea52f_v1_low_saddle
Fra:1 Mem:26.44M (Peak 26.44M) | Time:00:00.00 | Mem:0.00M, Peak:0.00M | Scene, ViewLayer | Initializing
Fra:1 Mem:26.09M (Peak 26.44M) | Time:00:00.00 | Mem:0.00M, Peak:0.00M | Scene, ViewLayer | Waiting for render to start
Fra:1 Mem:26.09M (Peak 26.44M) | Time:00:00.00 | Mem:0.00M, Peak:0.00M | Scene, ViewLayer | Updating Scene
Fra:1 Mem:26.09M (Peak 26.44M) | Time:00:00.00 | Mem:0.00M, Peak:0.00M | Scene, ViewLayer | Updating Shaders
Fra:1 Mem:26.09M (Peak 26.44M) | Time:00:00.00 | Mem:0.00M, Peak:0.00M | Scene, ViewLayer | Loading render kernels (may take a few minutes the first time)
Fra:1 Mem:26.17M (Peak 26.44M) | Time:00:00.00 | Mem:0.00M, Peak:0.00M | Scene, ViewLayer | Updating Procedurals
Fra:1 Mem:26.17M (Peak 26.44M) | Time:00:00.00 | Mem:0.00M, Peak:0.00M | Scene, ViewLayer | Updating Background
Fra:1 Mem:26.17M (Peak 26.44M) | Time:00:00.00 | Mem:0.00M, Peak:0.00M | Scene, ViewLayer | Updating Camera
Fra:1 Mem:26.17M (Peak 26.44M) | Time:00:00.00 | Mem:0.00M, Peak:0.00M | Scene, ViewLayer | Updating Meshes Flags
Fra:1 Mem:26.17M (Peak 26.44M) | Time:00:00.00 | Mem:0.00M, Peak:0.00M | Scene, ViewLayer | Updating Objects
Fra:1 Mem:26.17M (Peak 26.44M) | Time:00:00.00 | Mem:0.00M, Peak:0.00M | Scene, ViewLayer | Updating Objects | Copying Transformations to device
Fra:1 Mem:26.17M (Peak 26.44M) | Time:00:00.00 | Mem:0.00M, Peak:0.00M | Scene, ViewLayer | Updating Particle Systems
Fra:1 Mem:26.17M (Peak 26.44M) | Time:00:00.00 | Mem:0.00M, Peak:0.00M | Scene, ViewLayer | Updating Particle Systems | Copying Particles to device
Fra:1 Mem:26.17M (Peak 26.44M) | Time:00:00.00 | Mem:0.00M, Peak:0.00M | Scene, ViewLayer | Updating Meshes
Fra:1 Mem:26.17M (Peak 26.44M) | Time:00:00.00 | Mem:0.00M, Peak:0.00M | Scene, ViewLayer | Updating Objects | Applying Static Transformations
Fra:1 Mem:26.17M (Peak 26.44M) | Time:00:00.00 | Mem:0.00M, Peak:0.00M | Scene, ViewLayer | Updating Mesh | Computing attributes
Fra:1 Mem:26.65M (Peak 26.65M) | Time:00:00.00 | Mem:0.00M, Peak:0.00M | Scene, ViewLayer | Updating Mesh | Copying Attributes to device
Fra:1 Mem:26.65M (Peak 26.65M) | Time:00:00.00 | Mem:0.48M, Peak:0.48M | Scene, ViewLayer | Updating Scene BVH | Building
Fra:1 Mem:26.65M (Peak 26.65M) | Time:00:00.00 | Mem:0.48M, Peak:0.48M | Scene, ViewLayer | Updating Scene BVH | Building BVH
Fra:1 Mem:26.65M (Peak 26.65M) | Time:00:00.00 | Mem:0.77M, Peak:0.77M | Scene, ViewLayer | Updating Scene BVH | Building BVH 0%
Fra:1 Mem:26.65M (Peak 26.65M) | Time:00:00.00 | Mem:1.08M, Peak:1.36M | Scene, ViewLayer | Updating Scene BVH | Copying BVH to device
Fra:1 Mem:26.65M (Peak 26.65M) | Time:00:00.00 | Mem:1.08M, Peak:1.36M | Scene, ViewLayer | Updating Mesh | Computing normals
Fra:1 Mem:26.90M (Peak 26.90M) | Time:00:00.00 | Mem:1.08M, Peak:1.36M | Scene, ViewLayer | Updating Mesh | Copying Mesh to device
Fra:1 Mem:26.90M (Peak 26.90M) | Time:00:00.00 | Mem:1.33M, Peak:1.36M | Scene, ViewLayer | Updating Objects Flags
Fra:1 Mem:26.90M (Peak 26.90M) | Time:00:00.00 | Mem:1.33M, Peak:1.36M | Scene, ViewLayer | Updating Primitive Offsets
Fra:1 Mem:26.90M (Peak 26.90M) | Time:00:00.00 | Mem:1.33M, Peak:1.36M | Scene, ViewLayer | Updating Images
Fra:1 Mem:26.90M (Peak 26.90M) | Time:00:00.00 | Mem:1.33M, Peak:1.36M | Scene, ViewLayer | Updating Camera Volume
Fra:1 Mem:26.90M (Peak 26.90M) | Time:00:00.00 | Mem:1.33M, Peak:1.36M | Scene, ViewLayer | Updating Lookup Tables
Fra:1 Mem:26.90M (Peak 26.90M) | Time:00:00.00 | Mem:1.41M, Peak:1.41M | Scene, ViewLayer | Updating Lights
Fra:1 Mem:26.90M (Peak 26.90M) | Time:00:00.00 | Mem:1.41M, Peak:1.41M | Scene, ViewLayer | Updating Lights | Computing tree
Fra:1 Mem:26.90M (Peak 26.90M) | Time:00:00.00 | Mem:1.41M, Peak:1.41M | Scene, ViewLayer | Updating Integrator
Fra:1 Mem:26.90M (Peak 26.90M) | Time:00:00.00 | Mem:1.41M, Peak:1.41M | Scene, ViewLayer | Updating Film
Fra:1 Mem:26.91M (Peak 26.91M) | Time:00:00.00 | Mem:1.33M, Peak:1.41M | Scene, ViewLayer | Updating Lookup Tables
Fra:1 Mem:26.91M (Peak 26.91M) | Time:00:00.00 | Mem:1.41M, Peak:1.41M | Scene, ViewLayer | Updating Baking
Fra:1 Mem:26.91M (Peak 26.91M) | Time:00:00.00 | Mem:1.41M, Peak:1.41M | Scene, ViewLayer | Updating Device | Writing constant memory
Fra:1 Mem:26.91M (Peak 26.91M) | Time:00:00.00 | Mem:1.41M, Peak:1.41M | Scene, ViewLayer | Loading denoising kernels (may take a few minutes the first time)
Fra:1 Mem:26.91M (Peak 26.91M) | Time:00:00.00 | Mem:1.41M, Peak:1.41M | Scene, ViewLayer | Sample 0/20
Fra:1 Mem:68.70M (Peak 68.70M) | Time:00:00.09 | Remaining:00:01.70 | Mem:43.16M, Peak:43.16M | Scene, ViewLayer | Sample 1/20
Fra:1 Mem:86.28M (Peak 112.65M) | Time:00:05.08 | Mem:43.16M, Peak:43.16M | Scene, ViewLayer | Sample 20/20
Fra:1 Mem:86.28M (Peak 112.65M) | Time:00:05.08 | Mem:43.16M, Peak:43.16M | Scene, ViewLayer | Finished
Saved: '/workspace/scratch/a29d03198654/Aether/cloud-evidence/cloudsea52f-variants-source-v1-20261001T063401Z-70u1y9mb/images/sea52f-variant-1-front-combined.png'
Time: 00:05.27 (Saving: 00:00.19)

Fra:1 Mem:25.65M (Peak 25.65M) | Time:00:00.00 | Mem:0.00M, Peak:0.00M | Scene, ViewLayer | Synchronizing object | CloudSea52e_v1_main_ridge
Fra:1 Mem:25.65M (Peak 25.65M) | Time:00:00.00 | Mem:0.00M, Peak:0.00M | Scene, ViewLayer | Synchronizing object | Sun
Fra:1 Mem:25.81M (Peak 25.81M) | Time:00:00.00 | Mem:0.00M, Peak:0.00M | Scene, ViewLayer | Synchronizing object | CloudSea52f_v1_low_drift
Fra:1 Mem:26.02M (Peak 26.02M) | Time:00:00.00 | Mem:0.00M, Peak:0.00M | Scene, ViewLayer | Synchronizing object | CloudSea52f_v1_low_saddle
Fra:1 Mem:26.44M (Peak 26.44M) | Time:00:00.00 | Mem:0.00M, Peak:0.00M | Scene, ViewLayer | Initializing
Fra:1 Mem:26.09M (Peak 26.44M) | Time:00:00.00 | Mem:0.00M, Peak:0.00M | Scene, ViewLayer | Waiting for render to start
Fra:1 Mem:26.09M (Peak 26.44M) | Time:00:00.00 | Mem:0.00M, Peak:0.00M | Scene, ViewLayer | Updating Scene
Fra:1 Mem:26.09M (Peak 26.44M) | Time:00:00.00 | Mem:0.00M, Peak:0.00M | Scene, ViewLayer | Updating Shaders
Fra:1 Mem:26.09M (Peak 26.44M) | Time:00:00.00 | Mem:0.00M, Peak:0.00M | Scene, ViewLayer | Loading render kernels (may take a few minutes the first time)
Fra:1 Mem:26.17M (Peak 26.44M) | Time:00:00.00 | Mem:0.00M, Peak:0.00M | Scene, ViewLayer | Updating Procedurals
Fra:1 Mem:26.17M (Peak 26.44M) | Time:00:00.00 | Mem:0.00M, Peak:0.00M | Scene, ViewLayer | Updating Background
Fra:1 Mem:26.17M (Peak 26.44M) | Time:00:00.00 | Mem:0.00M, Peak:0.00M | Scene, ViewLayer | Updating Camera
Fra:1 Mem:26.17M (Peak 26.44M) | Time:00:00.00 | Mem:0.00M, Peak:0.00M | Scene, ViewLayer | Updating Meshes Flags
Fra:1 Mem:26.17M (Peak 26.44M) | Time:00:00.00 | Mem:0.00M, Peak:0.00M | Scene, ViewLayer | Updating Objects
Fra:1 Mem:26.17M (Peak 26.44M) | Time:00:00.00 | Mem:0.00M, Peak:0.00M | Scene, ViewLayer | Updating Objects | Copying Transformations to device
Fra:1 Mem:26.17M (Peak 26.44M) | Time:00:00.00 | Mem:0.00M, Peak:0.00M | Scene, ViewLayer | Updating Particle Systems
Fra:1 Mem:26.17M (Peak 26.44M) | Time:00:00.00 | Mem:0.00M, Peak:0.00M | Scene, ViewLayer | Updating Particle Systems | Copying Particles to device
Fra:1 Mem:26.17M (Peak 26.44M) | Time:00:00.00 | Mem:0.00M, Peak:0.00M | Scene, ViewLayer | Updating Meshes
Fra:1 Mem:26.17M (Peak 26.44M) | Time:00:00.00 | Mem:0.00M, Peak:0.00M | Scene, ViewLayer | Updating Objects | Applying Static Transformations
Fra:1 Mem:26.17M (Peak 26.44M) | Time:00:00.00 | Mem:0.00M, Peak:0.00M | Scene, ViewLayer | Updating Mesh | Computing attributes
Fra:1 Mem:26.65M (Peak 26.65M) | Time:00:00.00 | Mem:0.00M, Peak:0.00M | Scene, ViewLayer | Updating Mesh | Copying Attributes to device
Fra:1 Mem:26.65M (Peak 26.65M) | Time:00:00.00 | Mem:0.48M, Peak:0.48M | Scene, ViewLayer | Updating Scene BVH | Building
Fra:1 Mem:26.65M (Peak 26.65M) | Time:00:00.00 | Mem:0.48M, Peak:0.48M | Scene, ViewLayer | Updating Scene BVH | Building BVH
Fra:1 Mem:26.65M (Peak 26.65M) | Time:00:00.00 | Mem:0.77M, Peak:0.77M | Scene, ViewLayer | Updating Scene BVH | Building BVH 0%
Fra:1 Mem:26.65M (Peak 26.65M) | Time:00:00.00 | Mem:1.08M, Peak:1.36M | Scene, ViewLayer | Updating Scene BVH | Copying BVH to device
Fra:1 Mem:26.65M (Peak 26.65M) | Time:00:00.00 | Mem:1.08M, Peak:1.36M | Scene, ViewLayer | Updating Mesh | Computing normals
Fra:1 Mem:26.90M (Peak 26.90M) | Time:00:00.00 | Mem:1.08M, Peak:1.36M | Scene, ViewLayer | Updating Mesh | Copying Mesh to device
Fra:1 Mem:26.90M (Peak 26.90M) | Time:00:00.00 | Mem:1.33M, Peak:1.36M | Scene, ViewLayer | Updating Objects Flags
Fra:1 Mem:26.90M (Peak 26.90M) | Time:00:00.00 | Mem:1.33M, Peak:1.36M | Scene, ViewLayer | Updating Primitive Offsets
Fra:1 Mem:26.90M (Peak 26.90M) | Time:00:00.00 | Mem:1.33M, Peak:1.36M | Scene, ViewLayer | Updating Images
Fra:1 Mem:26.90M (Peak 26.90M) | Time:00:00.00 | Mem:1.33M, Peak:1.36M | Scene, ViewLayer | Updating Camera Volume
Fra:1 Mem:26.90M (Peak 26.90M) | Time:00:00.00 | Mem:1.33M, Peak:1.36M | Scene, ViewLayer | Updating Lookup Tables
Fra:1 Mem:26.90M (Peak 26.90M) | Time:00:00.00 | Mem:1.41M, Peak:1.41M | Scene, ViewLayer | Updating Lights
Fra:1 Mem:26.90M (Peak 26.90M) | Time:00:00.00 | Mem:1.41M, Peak:1.41M | Scene, ViewLayer | Updating Lights | Computing tree
Fra:1 Mem:26.90M (Peak 26.90M) | Time:00:00.00 | Mem:1.41M, Peak:1.41M | Scene, ViewLayer | Updating Integrator
Fra:1 Mem:26.90M (Peak 26.90M) | Time:00:00.00 | Mem:1.41M, Peak:1.41M | Scene, ViewLayer | Updating Film
Fra:1 Mem:26.91M (Peak 26.91M) | Time:00:00.00 | Mem:1.33M, Peak:1.41M | Scene, ViewLayer | Updating Lookup Tables
Fra:1 Mem:26.91M (Peak 26.91M) | Time:00:00.00 | Mem:1.41M, Peak:1.41M | Scene, ViewLayer | Updating Baking
Fra:1 Mem:26.91M (Peak 26.91M) | Time:00:00.00 | Mem:1.41M, Peak:1.41M | Scene, ViewLayer | Updating Device | Writing constant memory
Fra:1 Mem:26.91M (Peak 26.91M) | Time:00:00.00 | Mem:1.41M, Peak:1.41M | Scene, ViewLayer | Loading denoising kernels (may take a few minutes the first time)
Fra:1 Mem:26.91M (Peak 26.91M) | Time:00:00.00 | Mem:1.41M, Peak:1.41M | Scene, ViewLayer | Sample 0/20
Fra:1 Mem:68.70M (Peak 68.70M) | Time:00:00.11 | Remaining:00:02.07 | Mem:43.16M, Peak:43.16M | Scene, ViewLayer | Sample 1/20
Fra:1 Mem:86.28M (Peak 112.65M) | Time:00:05.11 | Mem:43.16M, Peak:43.16M | Scene, ViewLayer | Sample 20/20
Fra:1 Mem:86.28M (Peak 112.65M) | Time:00:05.11 | Mem:43.16M, Peak:43.16M | Scene, ViewLayer | Finished
Saved: '/workspace/scratch/a29d03198654/Aether/cloud-evidence/cloudsea52f-variants-source-v1-20261001T063401Z-70u1y9mb/images/sea52f-variant-1-back-combined.png'
Time: 00:05.17 (Saving: 00:00.05)

Fra:1 Mem:25.65M (Peak 25.65M) | Time:00:00.00 | Mem:0.00M, Peak:0.00M | Scene, ViewLayer | Synchronizing object | CloudSea52e_v1_main_ridge
Fra:1 Mem:25.65M (Peak 25.65M) | Time:00:00.00 | Mem:0.00M, Peak:0.00M | Scene, ViewLayer | Synchronizing object | Sun
Fra:1 Mem:25.83M (Peak 25.83M) | Time:00:00.00 | Mem:0.00M, Peak:0.00M | Scene, ViewLayer | Synchronizing object | CloudSea52f_v1_low_drift
Fra:1 Mem:25.97M (Peak 25.97M) | Time:00:00.00 | Mem:0.00M, Peak:0.00M | Scene, ViewLayer | Synchronizing object | CloudSea52f_v1_low_saddle
Fra:1 Mem:26.44M (Peak 26.44M) | Time:00:00.00 | Mem:0.00M, Peak:0.00M | Scene, ViewLayer | Initializing
Fra:1 Mem:26.09M (Peak 26.44M) | Time:00:00.00 | Mem:0.00M, Peak:0.00M | Scene, ViewLayer | Waiting for render to start
Fra:1 Mem:26.09M (Peak 26.44M) | Time:00:00.00 | Mem:0.00M, Peak:0.00M | Scene, ViewLayer | Updating Scene
Fra:1 Mem:26.09M (Peak 26.44M) | Time:00:00.00 | Mem:0.00M, Peak:0.00M | Scene, ViewLayer | Updating Shaders
Fra:1 Mem:26.09M (Peak 26.44M) | Time:00:00.00 | Mem:0.00M, Peak:0.00M | Scene, ViewLayer | Loading render kernels (may take a few minutes the first time)
Fra:1 Mem:26.17M (Peak 26.44M) | Time:00:00.00 | Mem:0.00M, Peak:0.00M | Scene, ViewLayer | Updating Procedurals
Fra:1 Mem:26.17M (Peak 26.44M) | Time:00:00.00 | Mem:0.00M, Peak:0.00M | Scene, ViewLayer | Updating Background
Fra:1 Mem:26.17M (Peak 26.44M) | Time:00:00.00 | Mem:0.00M, Peak:0.00M | Scene, ViewLayer | Updating Camera
Fra:1 Mem:26.17M (Peak 26.44M) | Time:00:00.00 | Mem:0.00M, Peak:0.00M | Scene, ViewLayer | Updating Meshes Flags
Fra:1 Mem:26.17M (Peak 26.44M) | Time:00:00.00 | Mem:0.00M, Peak:0.00M | Scene, ViewLayer | Updating Objects
Fra:1 Mem:26.17M (Peak 26.44M) | Time:00:00.00 | Mem:0.00M, Peak:0.00M | Scene, ViewLayer | Updating Objects | Copying Transformations to device
Fra:1 Mem:26.17M (Peak 26.44M) | Time:00:00.00 | Mem:0.00M, Peak:0.00M | Scene, ViewLayer | Updating Particle Systems
Fra:1 Mem:26.17M (Peak 26.44M) | Time:00:00.00 | Mem:0.00M, Peak:0.00M | Scene, ViewLayer | Updating Particle Systems | Copying Particles to device
Fra:1 Mem:26.17M (Peak 26.44M) | Time:00:00.00 | Mem:0.00M, Peak:0.00M | Scene, ViewLayer | Updating Meshes
Fra:1 Mem:26.17M (Peak 26.44M) | Time:00:00.00 | Mem:0.00M, Peak:0.00M | Scene, ViewLayer | Updating Objects | Applying Static Transformations
Fra:1 Mem:26.17M (Peak 26.44M) | Time:00:00.00 | Mem:0.00M, Peak:0.00M | Scene, ViewLayer | Updating Mesh | Computing attributes
Fra:1 Mem:26.65M (Peak 26.65M) | Time:00:00.00 | Mem:0.00M, Peak:0.00M | Scene, ViewLayer | Updating Mesh | Copying Attributes to device
Fra:1 Mem:26.65M (Peak 26.65M) | Time:00:00.00 | Mem:0.48M, Peak:0.48M | Scene, ViewLayer | Updating Scene BVH | Building
Fra:1 Mem:26.65M (Peak 26.65M) | Time:00:00.00 | Mem:0.48M, Peak:0.48M | Scene, ViewLayer | Updating Scene BVH | Building BVH
Fra:1 Mem:26.65M (Peak 26.65M) | Time:00:00.00 | Mem:0.77M, Peak:0.77M | Scene, ViewLayer | Updating Scene BVH | Building BVH 0%
Fra:1 Mem:26.65M (Peak 26.65M) | Time:00:00.00 | Mem:1.08M, Peak:1.36M | Scene, ViewLayer | Updating Scene BVH | Copying BVH to device
Fra:1 Mem:26.65M (Peak 26.65M) | Time:00:00.00 | Mem:1.08M, Peak:1.36M | Scene, ViewLayer | Updating Mesh | Computing normals
Fra:1 Mem:26.90M (Peak 26.90M) | Time:00:00.00 | Mem:1.08M, Peak:1.36M | Scene, ViewLayer | Updating Mesh | Copying Mesh to device
Fra:1 Mem:26.90M (Peak 26.90M) | Time:00:00.00 | Mem:1.33M, Peak:1.36M | Scene, ViewLayer | Updating Objects Flags
Fra:1 Mem:26.90M (Peak 26.90M) | Time:00:00.00 | Mem:1.33M, Peak:1.36M | Scene, ViewLayer | Updating Primitive Offsets
Fra:1 Mem:26.90M (Peak 26.90M) | Time:00:00.00 | Mem:1.33M, Peak:1.36M | Scene, ViewLayer | Updating Images
Fra:1 Mem:26.90M (Peak 26.90M) | Time:00:00.00 | Mem:1.33M, Peak:1.36M | Scene, ViewLayer | Updating Camera Volume
Fra:1 Mem:26.90M (Peak 26.90M) | Time:00:00.00 | Mem:1.33M, Peak:1.36M | Scene, ViewLayer | Updating Lookup Tables
Fra:1 Mem:26.90M (Peak 26.90M) | Time:00:00.00 | Mem:1.41M, Peak:1.41M | Scene, ViewLayer | Updating Lights
Fra:1 Mem:26.90M (Peak 26.90M) | Time:00:00.00 | Mem:1.41M, Peak:1.41M | Scene, ViewLayer | Updating Lights | Computing tree
Fra:1 Mem:26.90M (Peak 26.90M) | Time:00:00.00 | Mem:1.41M, Peak:1.41M | Scene, ViewLayer | Updating Integrator
Fra:1 Mem:26.90M (Peak 26.90M) | Time:00:00.00 | Mem:1.41M, Peak:1.41M | Scene, ViewLayer | Updating Film
Fra:1 Mem:26.91M (Peak 26.91M) | Time:00:00.00 | Mem:1.33M, Peak:1.41M | Scene, ViewLayer | Updating Lookup Tables
Fra:1 Mem:26.91M (Peak 26.91M) | Time:00:00.00 | Mem:1.41M, Peak:1.41M | Scene, ViewLayer | Updating Baking
Fra:1 Mem:26.91M (Peak 26.91M) | Time:00:00.00 | Mem:1.41M, Peak:1.41M | Scene, ViewLayer | Updating Device | Writing constant memory
Fra:1 Mem:26.91M (Peak 26.91M) | Time:00:00.00 | Mem:1.41M, Peak:1.41M | Scene, ViewLayer | Loading denoising kernels (may take a few minutes the first time)
Fra:1 Mem:26.91M (Peak 26.91M) | Time:00:00.00 | Mem:1.41M, Peak:1.41M | Scene, ViewLayer | Sample 0/20
Fra:1 Mem:68.70M (Peak 68.70M) | Time:00:00.07 | Remaining:00:01.30 | Mem:43.16M, Peak:43.16M | Scene, ViewLayer | Sample 1/20
Fra:1 Mem:86.28M (Peak 112.65M) | Time:00:04.47 | Mem:43.16M, Peak:43.16M | Scene, ViewLayer | Sample 20/20
Fra:1 Mem:86.28M (Peak 112.65M) | Time:00:04.47 | Mem:43.16M, Peak:43.16M | Scene, ViewLayer | Finished
Saved: '/workspace/scratch/a29d03198654/Aether/cloud-evidence/cloudsea52f-variants-source-v1-20261001T063401Z-70u1y9mb/images/sea52f-variant-1-side-combined.png'
Time: 00:04.53 (Saving: 00:00.05)

Fra:1 Mem:25.65M (Peak 25.65M) | Time:00:00.00 | Mem:0.00M, Peak:0.00M | Scene, ViewLayer | Synchronizing object | CloudSea52e_v1_main_ridge
Fra:1 Mem:25.65M (Peak 25.65M) | Time:00:00.00 | Mem:0.00M, Peak:0.00M | Scene, ViewLayer | Synchronizing object | CloudSea52e_v1_offset_shoulder
Fra:1 Mem:25.74M (Peak 25.74M) | Time:00:00.00 | Mem:0.00M, Peak:0.00M | Scene, ViewLayer | Synchronizing object | Sun
Fra:1 Mem:25.77M (Peak 25.77M) | Time:00:00.00 | Mem:0.00M, Peak:0.00M | Scene, ViewLayer | Synchronizing object | CloudSea52f_v1_low_drift
Fra:1 Mem:26.19M (Peak 26.19M) | Time:00:00.00 | Mem:0.00M, Peak:0.00M | Scene, ViewLayer | Synchronizing object | CloudSea52f_v1_low_saddle
Fra:1 Mem:26.44M (Peak 26.44M) | Time:00:00.00 | Mem:0.00M, Peak:0.00M | Scene, ViewLayer | Initializing
Fra:1 Mem:26.09M (Peak 26.44M) | Time:00:00.00 | Mem:0.00M, Peak:0.00M | Scene, ViewLayer | Waiting for render to start
Fra:1 Mem:26.09M (Peak 26.44M) | Time:00:00.00 | Mem:0.00M, Peak:0.00M | Scene, ViewLayer | Updating Scene
Fra:1 Mem:26.09M (Peak 26.44M) | Time:00:00.00 | Mem:0.00M, Peak:0.00M | Scene, ViewLayer | Updating Shaders
Fra:1 Mem:26.09M (Peak 26.44M) | Time:00:00.00 | Mem:0.00M, Peak:0.00M | Scene, ViewLayer | Loading render kernels (may take a few minutes the first time)
Fra:1 Mem:26.17M (Peak 26.44M) | Time:00:00.00 | Mem:0.00M, Peak:0.00M | Scene, ViewLayer | Updating Procedurals
Fra:1 Mem:26.17M (Peak 26.44M) | Time:00:00.00 | Mem:0.00M, Peak:0.00M | Scene, ViewLayer | Updating Background
Fra:1 Mem:26.17M (Peak 26.44M) | Time:00:00.00 | Mem:0.00M, Peak:0.00M | Scene, ViewLayer | Updating Camera
Fra:1 Mem:26.17M (Peak 26.44M) | Time:00:00.00 | Mem:0.00M, Peak:0.00M | Scene, ViewLayer | Updating Meshes Flags
Fra:1 Mem:26.17M (Peak 26.44M) | Time:00:00.00 | Mem:0.00M, Peak:0.00M | Scene, ViewLayer | Updating Objects
Fra:1 Mem:26.17M (Peak 26.44M) | Time:00:00.00 | Mem:0.00M, Peak:0.00M | Scene, ViewLayer | Updating Objects | Copying Transformations to device
Fra:1 Mem:26.17M (Peak 26.44M) | Time:00:00.00 | Mem:0.00M, Peak:0.00M | Scene, ViewLayer | Updating Particle Systems
Fra:1 Mem:26.17M (Peak 26.44M) | Time:00:00.00 | Mem:0.00M, Peak:0.00M | Scene, ViewLayer | Updating Particle Systems | Copying Particles to device
Fra:1 Mem:26.17M (Peak 26.44M) | Time:00:00.00 | Mem:0.00M, Peak:0.00M | Scene, ViewLayer | Updating Meshes
Fra:1 Mem:26.17M (Peak 26.44M) | Time:00:00.00 | Mem:0.00M, Peak:0.00M | Scene, ViewLayer | Updating Objects | Applying Static Transformations
Fra:1 Mem:26.17M (Peak 26.44M) | Time:00:00.00 | Mem:0.00M, Peak:0.00M | Scene, ViewLayer | Updating Mesh | Computing attributes
Fra:1 Mem:26.65M (Peak 26.65M) | Time:00:00.00 | Mem:0.00M, Peak:0.00M | Scene, ViewLayer | Updating Mesh | Copying Attributes to device
Fra:1 Mem:26.65M (Peak 26.65M) | Time:00:00.00 | Mem:0.48M, Peak:0.48M | Scene, ViewLayer | Updating Scene BVH | Building
Fra:1 Mem:26.65M (Peak 26.65M) | Time:00:00.00 | Mem:0.48M, Peak:0.48M | Scene, ViewLayer | Updating Scene BVH | Building BVH
Fra:1 Mem:26.65M (Peak 26.65M) | Time:00:00.00 | Mem:0.77M, Peak:0.77M | Scene, ViewLayer | Updating Scene BVH | Building BVH 0%
Fra:1 Mem:26.65M (Peak 26.65M) | Time:00:00.00 | Mem:1.08M, Peak:1.36M | Scene, ViewLayer | Updating Scene BVH | Copying BVH to device
Fra:1 Mem:26.65M (Peak 26.65M) | Time:00:00.00 | Mem:1.08M, Peak:1.36M | Scene, ViewLayer | Updating Mesh | Computing normals
Fra:1 Mem:26.90M (Peak 26.90M) | Time:00:00.00 | Mem:1.08M, Peak:1.36M | Scene, ViewLayer | Updating Mesh | Copying Mesh to device
Fra:1 Mem:26.90M (Peak 26.90M) | Time:00:00.00 | Mem:1.33M, Peak:1.36M | Scene, ViewLayer | Updating Objects Flags
Fra:1 Mem:26.90M (Peak 26.90M) | Time:00:00.00 | Mem:1.33M, Peak:1.36M | Scene, ViewLayer | Updating Primitive Offsets
Fra:1 Mem:26.90M (Peak 26.90M) | Time:00:00.00 | Mem:1.33M, Peak:1.36M | Scene, ViewLayer | Updating Images
Fra:1 Mem:26.90M (Peak 26.90M) | Time:00:00.00 | Mem:1.33M, Peak:1.36M | Scene, ViewLayer | Updating Camera Volume
Fra:1 Mem:26.90M (Peak 26.90M) | Time:00:00.00 | Mem:1.33M, Peak:1.36M | Scene, ViewLayer | Updating Lookup Tables
Fra:1 Mem:26.90M (Peak 26.90M) | Time:00:00.00 | Mem:1.41M, Peak:1.41M | Scene, ViewLayer | Updating Lights
Fra:1 Mem:26.90M (Peak 26.90M) | Time:00:00.00 | Mem:1.41M, Peak:1.41M | Scene, ViewLayer | Updating Lights | Computing tree
Fra:1 Mem:26.90M (Peak 26.90M) | Time:00:00.00 | Mem:1.41M, Peak:1.41M | Scene, ViewLayer | Updating Integrator
Fra:1 Mem:26.90M (Peak 26.90M) | Time:00:00.00 | Mem:1.41M, Peak:1.41M | Scene, ViewLayer | Updating Film
Fra:1 Mem:26.91M (Peak 26.91M) | Time:00:00.00 | Mem:1.33M, Peak:1.41M | Scene, ViewLayer | Updating Lookup Tables
Fra:1 Mem:26.91M (Peak 26.91M) | Time:00:00.00 | Mem:1.41M, Peak:1.41M | Scene, ViewLayer | Updating Baking
Fra:1 Mem:26.91M (Peak 26.91M) | Time:00:00.00 | Mem:1.41M, Peak:1.41M | Scene, ViewLayer | Updating Device | Writing constant memory
Fra:1 Mem:26.91M (Peak 26.91M) | Time:00:00.00 | Mem:1.41M, Peak:1.41M | Scene, ViewLayer | Loading denoising kernels (may take a few minutes the first time)
Fra:1 Mem:26.91M (Peak 26.91M) | Time:00:00.00 | Mem:1.41M, Peak:1.41M | Scene, ViewLayer | Sample 0/20
Fra:1 Mem:68.70M (Peak 68.70M) | Time:00:00.11 | Remaining:00:02.00 | Mem:43.16M, Peak:43.16M | Scene, ViewLayer | Sample 1/20
Fra:1 Mem:86.28M (Peak 112.65M) | Time:00:05.45 | Mem:43.16M, Peak:43.16M | Scene, ViewLayer | Sample 20/20
Fra:1 Mem:86.28M (Peak 112.65M) | Time:00:05.46 | Mem:43.16M, Peak:43.16M | Scene, ViewLayer | Finished
Saved: '/workspace/scratch/a29d03198654/Aether/cloud-evidence/cloudsea52f-variants-source-v1-20261001T063401Z-70u1y9mb/images/sea52f-variant-1-underside-combined.png'
Time: 00:05.51 (Saving: 00:00.05)

Fra:1 Mem:25.65M (Peak 25.65M) | Time:00:00.00 | Mem:0.00M, Peak:0.00M | Scene, ViewLayer | Synchronizing object | CloudSea52e_v1_main_ridge
Fra:1 Mem:25.65M (Peak 25.65M) | Time:00:00.00 | Mem:0.00M, Peak:0.00M | Scene, ViewLayer | Synchronizing object | Sun
Fra:1 Mem:25.68M (Peak 25.68M) | Time:00:00.00 | Mem:0.00M, Peak:0.00M | Scene, ViewLayer | Synchronizing object | CloudSea52f_v1_low_drift
Fra:1 Mem:26.02M (Peak 26.02M) | Time:00:00.00 | Mem:0.00M, Peak:0.00M | Scene, ViewLayer | Synchronizing object | CloudSea52f_v1_low_saddle
Fra:1 Mem:26.44M (Peak 26.44M) | Time:00:00.00 | Mem:0.00M, Peak:0.00M | Scene, ViewLayer | Initializing
Fra:1 Mem:26.09M (Peak 26.44M) | Time:00:00.00 | Mem:0.00M, Peak:0.00M | Scene, ViewLayer | Waiting for render to start
Fra:1 Mem:26.09M (Peak 26.44M) | Time:00:00.00 | Mem:0.00M, Peak:0.00M | Scene, ViewLayer | Updating Scene
Fra:1 Mem:26.09M (Peak 26.44M) | Time:00:00.00 | Mem:0.00M, Peak:0.00M | Scene, ViewLayer | Updating Shaders
Fra:1 Mem:26.09M (Peak 26.44M) | Time:00:00.00 | Mem:0.00M, Peak:0.00M | Scene, ViewLayer | Loading render kernels (may take a few minutes the first time)
Fra:1 Mem:26.17M (Peak 26.44M) | Time:00:00.00 | Mem:0.00M, Peak:0.00M | Scene, ViewLayer | Updating Procedurals
Fra:1 Mem:26.17M (Peak 26.44M) | Time:00:00.00 | Mem:0.00M, Peak:0.00M | Scene, ViewLayer | Updating Background
Fra:1 Mem:26.17M (Peak 26.44M) | Time:00:00.00 | Mem:0.00M, Peak:0.00M | Scene, ViewLayer | Updating Camera
Fra:1 Mem:26.17M (Peak 26.44M) | Time:00:00.00 | Mem:0.00M, Peak:0.00M | Scene, ViewLayer | Updating Meshes Flags
Fra:1 Mem:26.17M (Peak 26.44M) | Time:00:00.00 | Mem:0.00M, Peak:0.00M | Scene, ViewLayer | Updating Objects
Fra:1 Mem:26.17M (Peak 26.44M) | Time:00:00.00 | Mem:0.00M, Peak:0.00M | Scene, ViewLayer | Updating Objects | Copying Transformations to device
Fra:1 Mem:26.17M (Peak 26.44M) | Time:00:00.00 | Mem:0.00M, Peak:0.00M | Scene, ViewLayer | Updating Particle Systems
Fra:1 Mem:26.17M (Peak 26.44M) | Time:00:00.00 | Mem:0.00M, Peak:0.00M | Scene, ViewLayer | Updating Particle Systems | Copying Particles to device
Fra:1 Mem:26.17M (Peak 26.44M) | Time:00:00.00 | Mem:0.00M, Peak:0.00M | Scene, ViewLayer | Updating Meshes
Fra:1 Mem:26.17M (Peak 26.44M) | Time:00:00.00 | Mem:0.00M, Peak:0.00M | Scene, ViewLayer | Updating Objects | Applying Static Transformations
Fra:1 Mem:26.17M (Peak 26.44M) | Time:00:00.00 | Mem:0.00M, Peak:0.00M | Scene, ViewLayer | Updating Mesh | Computing attributes
Fra:1 Mem:26.65M (Peak 26.65M) | Time:00:00.00 | Mem:0.00M, Peak:0.00M | Scene, ViewLayer | Updating Mesh | Copying Attributes to device
Fra:1 Mem:26.65M (Peak 26.65M) | Time:00:00.00 | Mem:0.48M, Peak:0.48M | Scene, ViewLayer | Updating Scene BVH | Building
Fra:1 Mem:26.65M (Peak 26.65M) | Time:00:00.00 | Mem:0.48M, Peak:0.48M | Scene, ViewLayer | Updating Scene BVH | Building BVH
Fra:1 Mem:26.65M (Peak 26.65M) | Time:00:00.00 | Mem:0.77M, Peak:0.77M | Scene, ViewLayer | Updating Scene BVH | Building BVH 0%
Fra:1 Mem:26.65M (Peak 26.65M) | Time:00:00.00 | Mem:1.08M, Peak:1.36M | Scene, ViewLayer | Updating Scene BVH | Copying BVH to device
Fra:1 Mem:26.65M (Peak 26.65M) | Time:00:00.00 | Mem:1.08M, Peak:1.36M | Scene, ViewLayer | Updating Mesh | Computing normals
Fra:1 Mem:26.90M (Peak 26.90M) | Time:00:00.00 | Mem:1.08M, Peak:1.36M | Scene, ViewLayer | Updating Mesh | Copying Mesh to device
Fra:1 Mem:26.90M (Peak 26.90M) | Time:00:00.00 | Mem:1.33M, Peak:1.36M | Scene, ViewLayer | Updating Objects Flags
Fra:1 Mem:26.90M (Peak 26.90M) | Time:00:00.00 | Mem:1.33M, Peak:1.36M | Scene, ViewLayer | Updating Primitive Offsets
Fra:1 Mem:26.90M (Peak 26.90M) | Time:00:00.00 | Mem:1.33M, Peak:1.36M | Scene, ViewLayer | Updating Images
Fra:1 Mem:26.90M (Peak 26.90M) | Time:00:00.00 | Mem:1.33M, Peak:1.36M | Scene, ViewLayer | Updating Camera Volume
Fra:1 Mem:26.90M (Peak 26.90M) | Time:00:00.00 | Mem:1.33M, Peak:1.36M | Scene, ViewLayer | Updating Lookup Tables
Fra:1 Mem:26.90M (Peak 26.90M) | Time:00:00.00 | Mem:1.41M, Peak:1.41M | Scene, ViewLayer | Updating Lights
Fra:1 Mem:26.90M (Peak 26.90M) | Time:00:00.00 | Mem:1.41M, Peak:1.41M | Scene, ViewLayer | Updating Lights | Computing tree
Fra:1 Mem:26.90M (Peak 26.90M) | Time:00:00.00 | Mem:1.41M, Peak:1.41M | Scene, ViewLayer | Updating Integrator
Fra:1 Mem:26.90M (Peak 26.90M) | Time:00:00.00 | Mem:1.41M, Peak:1.41M | Scene, ViewLayer | Updating Film
Fra:1 Mem:26.91M (Peak 26.91M) | Time:00:00.00 | Mem:1.33M, Peak:1.41M | Scene, ViewLayer | Updating Lookup Tables
Fra:1 Mem:26.91M (Peak 26.91M) | Time:00:00.00 | Mem:1.41M, Peak:1.41M | Scene, ViewLayer | Updating Baking
Fra:1 Mem:26.91M (Peak 26.91M) | Time:00:00.00 | Mem:1.41M, Peak:1.41M | Scene, ViewLayer | Updating Device | Writing constant memory
Fra:1 Mem:26.91M (Peak 26.91M) | Time:00:00.00 | Mem:1.41M, Peak:1.41M | Scene, ViewLayer | Loading denoising kernels (may take a few minutes the first time)
Fra:1 Mem:26.91M (Peak 26.91M) | Time:00:00.00 | Mem:1.41M, Peak:1.41M | Scene, ViewLayer | Sample 0/20
Fra:1 Mem:68.70M (Peak 68.70M) | Time:00:00.15 | Remaining:00:02.89 | Mem:43.16M, Peak:43.16M | Scene, ViewLayer | Sample 1/20
Fra:1 Mem:86.28M (Peak 112.65M) | Time:00:05.85 | Mem:43.16M, Peak:43.16M | Scene, ViewLayer | Sample 20/20
Fra:1 Mem:86.28M (Peak 112.65M) | Time:00:05.85 | Mem:43.16M, Peak:43.16M | Scene, ViewLayer | Finished
Saved: '/workspace/scratch/a29d03198654/Aether/cloud-evidence/cloudsea52f-variants-source-v1-20261001T063401Z-70u1y9mb/images/sea52f-variant-1-top-combined.png'
Time: 00:05.91 (Saving: 00:00.05)


Blender quit
