Godot Engine v4.5.1.stable.official.f62fdbde1 - https://godotengine.org
OpenGL API 4.5 (Core Profile) Mesa 25.0.7-2+deb13u1 - Compatibility - Using Device: Mesa - llvmpipe (LLVM 19.1.7, 256 bits)

WORLD READY: 208 independent terrain scenes, 54797 saved scatter instances, 169 scene landmarks, 6 scene ports
PASS Saved55 exact C ship transform 1128
PASS Saved55 exact C camera transform 1128
PASS Saved55 preserves original camera and ship scale 1128
PASS Saved55 synchronizes ordinary flight heading 1128
PASS Actual visible geometry and two body shapes collected
PASS C search proxy and exact final geometry
PASS Saved actual 1128/saved55/main
PASS Saved actual 1128/saved55/reflection
NEAR_SHIP53WEST STAGE 1128_saved55
PASS Saved55 full ship mirror and physical clearance 1128
PASS Disabled option restores original native observation 1128
PASS Repeated saved observation is exact 1128
PASS Saved55 exact C ship transform 1129
PASS Saved55 exact C camera transform 1129
PASS Saved55 preserves original camera and ship scale 1129
PASS Saved55 synchronizes ordinary flight heading 1129
PASS Actual visible geometry and two body shapes collected
PASS C search proxy and exact final geometry
PASS Saved actual 1129/saved55/main
PASS Saved actual 1129/saved55/reflection
NEAR_SHIP53WEST STAGE 1129_saved55
PASS Saved55 full ship mirror and physical clearance 1129
PASS Disabled option restores original native observation 1129
PASS Repeated saved observation is exact 1129
