Godot Engine v4.5.1.stable.official.f62fdbde1 - https://godotengine.org
OpenGL API 4.5 (Core Profile) Mesa 25.0.7-2+deb13u1 - Compatibility - Using Device: Mesa - llvmpipe (LLVM 19.1.7, 256 bits)

PASS Pinned input /workspace/scratch/a29d03198654/Aether/source-assets/observation60/run60.py
PASS Pinned input /workspace/scratch/a29d03198654/Aether/source-assets/observation60/observe_saved60.gd
PASS Pinned input /workspace/scratch/a29d03198654/Aether/candidates/round40-exclusive-20260930/project/project.godot
PASS Pinned input /workspace/scratch/a29d03198654/Aether/candidates/round40-exclusive-20260930/project/scenes/candidate60-observation/Game60Observation.tscn
PASS Pinned input /workspace/scratch/a29d03198654/Aether/candidates/round40-exclusive-20260930/project/scenes/candidate56-coast/Game56Coast.tscn
PASS Pinned input /workspace/scratch/a29d03198654/Aether/candidates/round40-exclusive-20260930/project/scenes/candidate55-observation/Game55Observation.tscn
PASS Pinned input /workspace/scratch/a29d03198654/Aether/candidates/round40-exclusive-20260930/project/scenes/candidate53d-west/Game53dWest.tscn
PASS Pinned input /workspace/scratch/a29d03198654/Aether/candidates/round40-exclusive-20260930/project/scripts/game60_observation.gd
PASS Pinned input /workspace/scratch/a29d03198654/Aether/candidates/round40-exclusive-20260930/project/scripts/game55_observation.gd
PASS Pinned input /workspace/scratch/a29d03198654/Aether/candidates/round40-exclusive-20260930/project/assets/observation60/cloud_observation_pose.json
PASS Pinned input /workspace/scratch/a29d03198654/Aether/candidates/round40-exclusive-20260930/project/assets/observation55/lake_observation_poses.json
PASS Pinned input /workspace/scratch/a29d03198654/Aether/candidates/round40-exclusive-20260930/project/tools/reflection51b_saved_audit.gd
PASS Pinned input /workspace/scratch/a29d03198654/Aether/candidates/round40-exclusive-20260930/project/tools/observe_near_ship53west_v2.gd
PASS Pinned input /workspace/scratch/a29d03198654/Aether/candidates/round40-exclusive-20260930/project/tools/observe_camera_ship53west_c.gd
PASS Pinned input /workspace/scratch/a29d03198654/Aether/candidates/round40-exclusive-20260930/project/assets/coast56/rock_-4_-4.res
PASS Pinned input /workspace/scratch/a29d03198654/Aether/candidates/round40-exclusive-20260930/project/assets/coast56/Ground_-4_-4_coast56.mesh
PASS Pinned input /workspace/scratch/a29d03198654/Aether/candidates/round40-exclusive-20260930/project/assets/coast56/poplar_-4_-4_CoastalPines36b.res
PASS Pinned input /workspace/scratch/a29d03198654/Aether/candidates/round40-exclusive-20260930/project/assets/coast56/oak_-4_-4_CoastalPines36b.res
PASS Pinned input /workspace/scratch/a29d03198654/Aether/candidates/round40-exclusive-20260930/project/assets/coast56/bush_-4_-4.res
PASS Pinned input /workspace/scratch/a29d03198654/Aether/candidates/round40-exclusive-20260930/project/assets/coast56/Ground_-4_-4_coast56_collision.res
PASS Pinned input /workspace/scratch/a29d03198654/Aether/candidates/round40-exclusive-20260930/project/scripts/game.gd
PASS Pinned input /workspace/scratch/a29d03198654/Aether/candidates/round40-exclusive-20260930/project/scripts/game42b.gd
PASS Pinned input /workspace/scratch/a29d03198654/Aether/candidates/round40-exclusive-20260930/project/scripts/airship_body.gd
PASS Pinned input /workspace/scratch/a29d03198654/Aether/candidates/round40-exclusive-20260930/project/scripts/open_world.gd
PASS Pinned input /workspace/scratch/a29d03198654/Aether/candidates/round40-exclusive-20260930/project/scripts/lake_reflection51b.gd
PASS Pinned input /workspace/scratch/a29d03198654/Aether/cloud-evidence/observation60-scope-20261001T114951Z-0edetyeh/process-report.json
WORLD READY: 208 independent terrain scenes, 54797 saved scatter instances, 169 scene landmarks, 6 scene ports
PASS Exact accepted-study ship/camera transforms 1216
PASS Original scale and synchronized flight heading 1216
PASS Actual visible geometry and two body shapes collected
PASS C search proxy and exact final geometry
PASS Saved actual 1216/saved60/main
PASS Saved actual 1216/saved60/reflection
NEAR_SHIP53WEST STAGE 1216_saved60
PASS Actual complete boat and relevant solid/cloud/water clearance 1216
PASS Disable returns exact inherited56 observation 1216
PASS Saved actual 1216/disabled-original56/main
PASS Saved actual 1216/disabled-original56/reflection
NEAR_SHIP53WEST STAGE 1216_disabled-original56
PASS Repeat enabled pose exact 1216
PASS Saved actual 1216/enabled-repeat/main
PASS Saved actual 1216/enabled-repeat/reflection
NEAR_SHIP53WEST STAGE 1216_enabled-repeat
PASS Enabled/disabled/enabled actual pixels restore exactly
PASS Exact accepted-study ship/camera transforms 1128
PASS Original scale and synchronized flight heading 1128
PASS Actual visible geometry and two body shapes collected
PASS C search proxy and exact final geometry
PASS Saved actual 1128/saved60/main
PASS Saved actual 1128/saved60/reflection
NEAR_SHIP53WEST STAGE 1128_saved60
PASS Actual complete boat and relevant solid/cloud/water clearance 1128
PASS Disable returns exact inherited56 observation 1128
PASS Repeat enabled pose exact 1128
PASS Cloud option leaves existing lake pose unchanged 1128
PASS Exact accepted-study ship/camera transforms 1129
PASS Original scale and synchronized flight heading 1129
PASS Actual visible geometry and two body shapes collected
PASS C search proxy and exact final geometry
PASS Saved actual 1129/saved60/main
PASS Saved actual 1129/saved60/reflection
NEAR_SHIP53WEST STAGE 1129_saved60
PASS Actual complete boat and relevant solid/cloud/water clearance 1129
PASS Disable returns exact inherited56 observation 1129
PASS Repeat enabled pose exact 1129
PASS Cloud option leaves existing lake pose unchanged 1129
PASS Source preserved /workspace/scratch/a29d03198654/Aether/source-assets/observation60/run60.py
PASS Source preserved /workspace/scratch/a29d03198654/Aether/source-assets/observation60/observe_saved60.gd
PASS Source preserved /workspace/scratch/a29d03198654/Aether/candidates/round40-exclusive-20260930/project/project.godot
PASS Source preserved /workspace/scratch/a29d03198654/Aether/candidates/round40-exclusive-20260930/project/scenes/candidate60-observation/Game60Observation.tscn
PASS Source preserved /workspace/scratch/a29d03198654/Aether/candidates/round40-exclusive-20260930/project/scenes/candidate56-coast/Game56Coast.tscn
PASS Source preserved /workspace/scratch/a29d03198654/Aether/candidates/round40-exclusive-20260930/project/scenes/candidate55-observation/Game55Observation.tscn
PASS Source preserved /workspace/scratch/a29d03198654/Aether/candidates/round40-exclusive-20260930/project/scenes/candidate53d-west/Game53dWest.tscn
PASS Source preserved /workspace/scratch/a29d03198654/Aether/candidates/round40-exclusive-20260930/project/scripts/game60_observation.gd
PASS Source preserved /workspace/scratch/a29d03198654/Aether/candidates/round40-exclusive-20260930/project/scripts/game55_observation.gd
PASS Source preserved /workspace/scratch/a29d03198654/Aether/candidates/round40-exclusive-20260930/project/assets/observation60/cloud_observation_pose.json
PASS Source preserved /workspace/scratch/a29d03198654/Aether/candidates/round40-exclusive-20260930/project/assets/observation55/lake_observation_poses.json
PASS Source preserved /workspace/scratch/a29d03198654/Aether/candidates/round40-exclusive-20260930/project/tools/reflection51b_saved_audit.gd
PASS Source preserved /workspace/scratch/a29d03198654/Aether/candidates/round40-exclusive-20260930/project/tools/observe_near_ship53west_v2.gd
PASS Source preserved /workspace/scratch/a29d03198654/Aether/candidates/round40-exclusive-20260930/project/tools/observe_camera_ship53west_c.gd
PASS Source preserved /workspace/scratch/a29d03198654/Aether/candidates/round40-exclusive-20260930/project/assets/coast56/rock_-4_-4.res
PASS Source preserved /workspace/scratch/a29d03198654/Aether/candidates/round40-exclusive-20260930/project/assets/coast56/Ground_-4_-4_coast56.mesh
PASS Source preserved /workspace/scratch/a29d03198654/Aether/candidates/round40-exclusive-20260930/project/assets/coast56/poplar_-4_-4_CoastalPines36b.res
PASS Source preserved /workspace/scratch/a29d03198654/Aether/candidates/round40-exclusive-20260930/project/assets/coast56/oak_-4_-4_CoastalPines36b.res
PASS Source preserved /workspace/scratch/a29d03198654/Aether/candidates/round40-exclusive-20260930/project/assets/coast56/bush_-4_-4.res
PASS Source preserved /workspace/scratch/a29d03198654/Aether/candidates/round40-exclusive-20260930/project/assets/coast56/Ground_-4_-4_coast56_collision.res
PASS Source preserved /workspace/scratch/a29d03198654/Aether/candidates/round40-exclusive-20260930/project/scripts/game.gd
PASS Source preserved /workspace/scratch/a29d03198654/Aether/candidates/round40-exclusive-20260930/project/scripts/game42b.gd
PASS Source preserved /workspace/scratch/a29d03198654/Aether/candidates/round40-exclusive-20260930/project/scripts/airship_body.gd
PASS Source preserved /workspace/scratch/a29d03198654/Aether/candidates/round40-exclusive-20260930/project/scripts/open_world.gd
PASS Source preserved /workspace/scratch/a29d03198654/Aether/candidates/round40-exclusive-20260930/project/scripts/lake_reflection51b.gd
PASS Source preserved /workspace/scratch/a29d03198654/Aether/cloud-evidence/observation60-scope-20261001T114951Z-0edetyeh/process-report.json
