Godot Engine v4.5.1.stable.official.f62fdbde1 - https://godotengine.org
OpenGL API 4.5 (Core Profile) Mesa 25.0.7-2+deb13u1 - Compatibility - Using Device: Mesa - llvmpipe (LLVM 19.1.7, 256 bits)

WORLD READY: 208 independent terrain scenes, 54797 saved scatter instances, 169 scene landmarks, 6 scene ports
PASS Live target material type/mode/roughness/vertex colors
PASS Actual rendered capture reference-1343
PASS Actual rendered capture reference-1343-side
PASS Actual rendered capture reference-1343-back
PATH CLEAR 1343 350.0m
PASS Actual rendered capture reference-1343-translated-original-plus350m-clear
PASS Actual rendered capture reference-1128
PASS Actual rendered capture reference-1128-side
PASS Actual rendered capture reference-1128-back
PATH BLOCKED 1128 350.0m
PATH CLEAR 1128 150.0m
PASS Actual rendered capture reference-1128-supplemental-plus150m-clear
PASS Actual rendered capture reference-1216
PASS Actual rendered capture reference-1216-side
PASS Actual rendered capture reference-1216-back
PATH CLEAR 1216 350.0m
PASS Actual rendered capture reference-1216-translated-original-plus350m-clear
PASS Actual rendered capture reference-1342
