Godot Engine v4.5.1.stable.official.f62fdbde1 - https://godotengine.org
OpenGL API 4.5 (Core Profile) Mesa 25.0.7-2+deb13u1 - Compatibility - Using Device: Mesa - llvmpipe (LLVM 19.1.7, 256 bits)

PASS Only one new depth controller is present
PASS Fresh49 canonical double-snapshot stable
PASS All saved49 state except soleOcean binding unchanged in50
PASS Exact48000 weather floats retained
PASS Fresh50 hash matches successful independent build
PASS Independent verifier agrees with untouched49 fingerprint
PASS SavedOcean/controller exact build fingerprints match
PASS Independent50 asset hash retained res://assets/lake_depth50/water_depth_shader.tres
PASS Independent50 asset hash retained res://assets/lake_depth50/ocean_depth50.tres
PASS Independent50 asset hash retained res://assets/lake_depth50/lake_height_base_1m.res
PASS Independent50 asset hash retained res://assets/lake_depth50/island_near_left_height_025m.res
PASS Independent50 asset hash retained res://assets/lake_depth50/island_far_middle_height_025m.res
PASS Independent50 asset hash retained res://assets/lake_depth50/island_near_right_height_025m.res
PASS Independent50 asset hash retained res://assets/lake_depth50/foreground_rock_height_025m.res
PASS Authoring controller/shader inputs unchanged
PASS Known49 motion evidence belongs to exact baseline
WORLD READY: 208 independent terrain scenes, 54797 saved scatter instances, 169 scene landmarks, 6 scene ports
PASS Default candidate binds five images and enables geographic depth
PASS Freezing render comparison preserves every live physics object mode/layer/RID
PASS All original Ocean uniforms equal for current reference
PASS Original fixed camera retained 1128
PASS Exact49 motion outcome retained 1128/original-plus350m
PASS Exact49 motion outcome retained 1128/protected-plus150m
PASS Exact49 motion outcome retained 1128/protected-approach200m
PASS All original Ocean uniforms equal for current reference
PASS Actual rendered RGBA capture reference-1128-front--A49-original
PASS Camera clear reference-1128-front--A49-original
PASS Actual rendered RGBA capture reference-1128-front--B50-depth-disabled
PASS Camera clear reference-1128-front--B50-depth-disabled
PASS Actual rendered RGBA capture reference-1128-front--A49-restored
PASS Camera clear reference-1128-front--A49-restored
PASS Required full RGBA zero-difference reference-1128-front/49-original-vs50-disabled
PASS Required full RGBA zero-difference reference-1128-front/49-A-vs49-A2
PASS Actual rendered RGBA capture reference-1128-front--C50-depth-enabled
PASS Camera clear reference-1128-front--C50-depth-enabled
PASS Actual rendered RGBA capture reference-1128-front--B50-disabled-restored
PASS Camera clear reference-1128-front--B50-disabled-restored
PASS Required full RGBA zero-difference reference-1128-front/50-disabled-vs50-disabled-restored
PASS Reference pose untouched across all material/depth controls reference-1128-front
PASS All original Ocean uniform values untouched during controls reference-1128-front
PASS All original Ocean uniforms equal for current reference
PASS Actual rendered RGBA capture reference-1128-side--A49-original
PASS Camera clear reference-1128-side--A49-original
PASS Actual rendered RGBA capture reference-1128-side--B50-depth-disabled
PASS Camera clear reference-1128-side--B50-depth-disabled
PASS Actual rendered RGBA capture reference-1128-side--A49-restored
PASS Camera clear reference-1128-side--A49-restored
PASS Required full RGBA zero-difference reference-1128-side/49-original-vs50-disabled
PASS Required full RGBA zero-difference reference-1128-side/49-A-vs49-A2
PASS Actual rendered RGBA capture reference-1128-side--C50-depth-enabled
PASS Camera clear reference-1128-side--C50-depth-enabled
PASS Actual rendered RGBA capture reference-1128-side--B50-disabled-restored
PASS Camera clear reference-1128-side--B50-disabled-restored
PASS Required full RGBA zero-difference reference-1128-side/50-disabled-vs50-disabled-restored
PASS Reference pose untouched across all material/depth controls reference-1128-side
PASS All original Ocean uniform values untouched during controls reference-1128-side
PASS All original Ocean uniforms equal for current reference
PASS Actual rendered RGBA capture reference-1128-back--A49-original
PASS Camera clear reference-1128-back--A49-original
PASS Actual rendered RGBA capture reference-1128-back--B50-depth-disabled
PASS Camera clear reference-1128-back--B50-depth-disabled
PASS Actual rendered RGBA capture reference-1128-back--A49-restored
PASS Camera clear reference-1128-back--A49-restored
PASS Required full RGBA zero-difference reference-1128-back/49-original-vs50-disabled
PASS Required full RGBA zero-difference reference-1128-back/49-A-vs49-A2
PASS Actual rendered RGBA capture reference-1128-back--C50-depth-enabled
PASS Camera clear reference-1128-back--C50-depth-enabled
PASS Actual rendered RGBA capture reference-1128-back--B50-disabled-restored
PASS Camera clear reference-1128-back--B50-disabled-restored
PASS Required full RGBA zero-difference reference-1128-back/50-disabled-vs50-disabled-restored
PASS Reference pose untouched across all material/depth controls reference-1128-back
PASS All original Ocean uniform values untouched during controls reference-1128-back
PASS All original Ocean uniforms equal for current reference
PASS Original fixed camera retained 1129
PASS Exact49 motion outcome retained 1129/original-plus350m
PASS Exact49 motion outcome retained 1129/protected-plus150m
PASS Exact49 motion outcome retained 1129/protected-approach200m
PASS All original Ocean uniforms equal for current reference
PASS Actual rendered RGBA capture reference-1129-front--A49-original
PASS Camera clear reference-1129-front--A49-original
PASS Actual rendered RGBA capture reference-1129-front--B50-depth-disabled
PASS Camera clear reference-1129-front--B50-depth-disabled
PASS Actual rendered RGBA capture reference-1129-front--A49-restored
PASS Camera clear reference-1129-front--A49-restored
PASS Required full RGBA zero-difference reference-1129-front/49-original-vs50-disabled
PASS Required full RGBA zero-difference reference-1129-front/49-A-vs49-A2
PASS Actual rendered RGBA capture reference-1129-front--C50-depth-enabled
PASS Camera clear reference-1129-front--C50-depth-enabled
PASS Actual rendered RGBA capture reference-1129-front--B50-disabled-restored
PASS Camera clear reference-1129-front--B50-disabled-restored
PASS Required full RGBA zero-difference reference-1129-front/50-disabled-vs50-disabled-restored
PASS Reference pose untouched across all material/depth controls reference-1129-front
PASS All original Ocean uniform values untouched during controls reference-1129-front
PASS All original Ocean uniforms equal for current reference
PASS Actual rendered RGBA capture reference-1129-side--A49-original
PASS Camera clear reference-1129-side--A49-original
PASS Actual rendered RGBA capture reference-1129-side--B50-depth-disabled
PASS Camera clear reference-1129-side--B50-depth-disabled
PASS Actual rendered RGBA capture reference-1129-side--A49-restored
PASS Camera clear reference-1129-side--A49-restored
PASS Required full RGBA zero-difference reference-1129-side/49-original-vs50-disabled
PASS Required full RGBA zero-difference reference-1129-side/49-A-vs49-A2
PASS Actual rendered RGBA capture reference-1129-side--C50-depth-enabled
PASS Camera clear reference-1129-side--C50-depth-enabled
PASS Actual rendered RGBA capture reference-1129-side--B50-disabled-restored
PASS Camera clear reference-1129-side--B50-disabled-restored
PASS Required full RGBA zero-difference reference-1129-side/50-disabled-vs50-disabled-restored
PASS Reference pose untouched across all material/depth controls reference-1129-side
PASS All original Ocean uniform values untouched during controls reference-1129-side
PASS All original Ocean uniforms equal for current reference
PASS Actual rendered RGBA capture reference-1129-back--A49-original
PASS Camera clear reference-1129-back--A49-original
PASS Actual rendered RGBA capture reference-1129-back--B50-depth-disabled
PASS Camera clear reference-1129-back--B50-depth-disabled
PASS Actual rendered RGBA capture reference-1129-back--A49-restored
PASS Camera clear reference-1129-back--A49-restored
PASS Required full RGBA zero-difference reference-1129-back/49-original-vs50-disabled
PASS Required full RGBA zero-difference reference-1129-back/49-A-vs49-A2
PASS Actual rendered RGBA capture reference-1129-back--C50-depth-enabled
PASS Camera clear reference-1129-back--C50-depth-enabled
PASS Actual rendered RGBA capture reference-1129-back--B50-disabled-restored
PASS Camera clear reference-1129-back--B50-disabled-restored
PASS Required full RGBA zero-difference reference-1129-back/50-disabled-vs50-disabled-restored
PASS Reference pose untouched across all material/depth controls reference-1129-back
PASS All original Ocean uniform values untouched during controls reference-1129-back
PASS All original Ocean uniforms equal for current reference
PASS Actual rendered RGBA capture nearshore-island_near_left-near--A49-original
PASS Camera clear nearshore-island_near_left-near--A49-original
PASS Actual rendered RGBA capture nearshore-island_near_left-near--B50-depth-disabled
PASS Camera clear nearshore-island_near_left-near--B50-depth-disabled
PASS Actual rendered RGBA capture nearshore-island_near_left-near--A49-restored
PASS Camera clear nearshore-island_near_left-near--A49-restored
PASS Required full RGBA zero-difference nearshore-island_near_left-near/49-original-vs50-disabled
PASS Required full RGBA zero-difference nearshore-island_near_left-near/49-A-vs49-A2
PASS Actual rendered RGBA capture nearshore-island_near_left-near--C50-depth-enabled
PASS Camera clear nearshore-island_near_left-near--C50-depth-enabled
PASS Actual rendered RGBA capture nearshore-island_near_left-near--B50-disabled-restored
PASS Camera clear nearshore-island_near_left-near--B50-disabled-restored
PASS Required full RGBA zero-difference nearshore-island_near_left-near/50-disabled-vs50-disabled-restored
PASS Reference pose untouched across all material/depth controls nearshore-island_near_left-near
PASS All original Ocean uniform values untouched during controls nearshore-island_near_left-near
PASS All original Ocean uniforms equal for current reference
PASS Actual rendered RGBA capture nearshore-island_far_middle-near--A49-original
PASS Camera clear nearshore-island_far_middle-near--A49-original
PASS Actual rendered RGBA capture nearshore-island_far_middle-near--B50-depth-disabled
PASS Camera clear nearshore-island_far_middle-near--B50-depth-disabled
PASS Actual rendered RGBA capture nearshore-island_far_middle-near--A49-restored
PASS Camera clear nearshore-island_far_middle-near--A49-restored
PASS Required full RGBA zero-difference nearshore-island_far_middle-near/49-original-vs50-disabled
PASS Required full RGBA zero-difference nearshore-island_far_middle-near/49-A-vs49-A2
PASS Actual rendered RGBA capture nearshore-island_far_middle-near--C50-depth-enabled
PASS Camera clear nearshore-island_far_middle-near--C50-depth-enabled
PASS Actual rendered RGBA capture nearshore-island_far_middle-near--B50-disabled-restored
PASS Camera clear nearshore-island_far_middle-near--B50-disabled-restored
PASS Required full RGBA zero-difference nearshore-island_far_middle-near/50-disabled-vs50-disabled-restored
PASS Reference pose untouched across all material/depth controls nearshore-island_far_middle-near
PASS All original Ocean uniform values untouched during controls nearshore-island_far_middle-near
PASS All original Ocean uniforms equal for current reference
PASS Actual rendered RGBA capture nearshore-island_near_right-near--A49-original
PASS Camera clear nearshore-island_near_right-near--A49-original
PASS Actual rendered RGBA capture nearshore-island_near_right-near--B50-depth-disabled
PASS Camera clear nearshore-island_near_right-near--B50-depth-disabled
PASS Actual rendered RGBA capture nearshore-island_near_right-near--A49-restored
PASS Camera clear nearshore-island_near_right-near--A49-restored
PASS Required full RGBA zero-difference nearshore-island_near_right-near/49-original-vs50-disabled
PASS Required full RGBA zero-difference nearshore-island_near_right-near/49-A-vs49-A2
PASS Actual rendered RGBA capture nearshore-island_near_right-near--C50-depth-enabled
PASS Camera clear nearshore-island_near_right-near--C50-depth-enabled
PASS Actual rendered RGBA capture nearshore-island_near_right-near--B50-disabled-restored
PASS Camera clear nearshore-island_near_right-near--B50-disabled-restored
PASS Required full RGBA zero-difference nearshore-island_near_right-near/50-disabled-vs50-disabled-restored
PASS Reference pose untouched across all material/depth controls nearshore-island_near_right-near
PASS All original Ocean uniform values untouched during controls nearshore-island_near_right-near
PASS All original Ocean uniforms equal for current reference
PASS Actual rendered RGBA capture nearshore-foreground_rock-near--A49-original
PASS Camera clear nearshore-foreground_rock-near--A49-original
PASS Actual rendered RGBA capture nearshore-foreground_rock-near--B50-depth-disabled
PASS Camera clear nearshore-foreground_rock-near--B50-depth-disabled
PASS Actual rendered RGBA capture nearshore-foreground_rock-near--A49-restored
PASS Camera clear nearshore-foreground_rock-near--A49-restored
PASS Required full RGBA zero-difference nearshore-foreground_rock-near/49-original-vs50-disabled
PASS Required full RGBA zero-difference nearshore-foreground_rock-near/49-A-vs49-A2
PASS Actual rendered RGBA capture nearshore-foreground_rock-near--C50-depth-enabled
PASS Camera clear nearshore-foreground_rock-near--C50-depth-enabled
PASS Actual rendered RGBA capture nearshore-foreground_rock-near--B50-disabled-restored
PASS Camera clear nearshore-foreground_rock-near--B50-disabled-restored
PASS Required full RGBA zero-difference nearshore-foreground_rock-near/50-disabled-vs50-disabled-restored
PASS Reference pose untouched across all material/depth controls nearshore-foreground_rock-near
PASS All original Ocean uniform values untouched during controls nearshore-foreground_rock-near
PASS All original Ocean uniforms equal for current reference
PASS Actual rendered RGBA capture outside-domain-south-sea--A49-original
PASS Camera clear outside-domain-south-sea--A49-original
PASS Actual rendered RGBA capture outside-domain-south-sea--B50-depth-disabled
PASS Camera clear outside-domain-south-sea--B50-depth-disabled
PASS Actual rendered RGBA capture outside-domain-south-sea--A49-restored
PASS Camera clear outside-domain-south-sea--A49-restored
PASS Required full RGBA zero-difference outside-domain-south-sea/49-original-vs50-disabled
PASS Required full RGBA zero-difference outside-domain-south-sea/49-A-vs49-A2
PASS Actual rendered RGBA capture outside-domain-south-sea--C50-depth-enabled
PASS Camera clear outside-domain-south-sea--C50-depth-enabled
PASS Required full RGBA zero-difference outside-domain-south-sea/50-disabled-vs50-enabled
PASS Actual rendered RGBA capture outside-domain-south-sea--B50-disabled-restored
PASS Camera clear outside-domain-south-sea--B50-disabled-restored
PASS Required full RGBA zero-difference outside-domain-south-sea/50-disabled-vs50-disabled-restored
PASS Reference pose untouched across all material/depth controls outside-domain-south-sea
PASS All original Ocean uniform values untouched during controls outside-domain-south-sea
PASS All original Ocean uniforms equal for current reference
PASS Actual rendered RGBA capture outside-domain-east--A49-original
PASS Camera clear outside-domain-east--A49-original
PASS Actual rendered RGBA capture outside-domain-east--B50-depth-disabled
PASS Camera clear outside-domain-east--B50-depth-disabled
PASS Actual rendered RGBA capture outside-domain-east--A49-restored
PASS Camera clear outside-domain-east--A49-restored
PASS Required full RGBA zero-difference outside-domain-east/49-original-vs50-disabled
PASS Required full RGBA zero-difference outside-domain-east/49-A-vs49-A2
PASS Actual rendered RGBA capture outside-domain-east--C50-depth-enabled
PASS Camera clear outside-domain-east--C50-depth-enabled
PASS Required full RGBA zero-difference outside-domain-east/50-disabled-vs50-enabled
PASS Actual rendered RGBA capture outside-domain-east--B50-disabled-restored
PASS Camera clear outside-domain-east--B50-disabled-restored
PASS Required full RGBA zero-difference outside-domain-east/50-disabled-vs50-disabled-restored
PASS Reference pose untouched across all material/depth controls outside-domain-east
PASS All original Ocean uniform values untouched during controls outside-domain-east
PASS All A/B/A modes share the original physical world instance
PASS Runtime depth controller preserves original camera mask and Ocean layers
PASS No reflection camera, SubViewport or extra scene nodes created
PASS Live candidate restored to its authored enabled state
PASS 49/50 scene files remain unchanged after runtime A/B/A
DEPTH50 V2 VERIFIED scoped=true normal_zero_diff=true required_motion=false total_acceptance=false
