Blender 4.5.14 LTS (hash 62c1db4208e8 built 2026-09-15 01:31:19)
Read blend: "/workspace/scratch/a29d03198654/Aether/source-assets/cloud-sea52g/cloud_sea52g_prototype.blend"
Fra:1 Mem:14.14M (Peak 14.14M) | Time:00:00.00 | Mem:0.00M, Peak:0.00M | Scene, ViewLayer | Synchronizing object | CloudSea52f_v0_low_saddle
Fra:1 Mem:14.14M (Peak 14.14M) | Time:00:00.00 | Mem:0.00M, Peak:0.00M | Scene, ViewLayer | Synchronizing object | Sun
Fra:1 Mem:14.18M (Peak 14.18M) | Time:00:00.00 | Mem:0.00M, Peak:0.00M | Scene, ViewLayer | Synchronizing object | CloudSea52g_v0_low_tail
Fra:1 Mem:14.88M (Peak 14.88M) | Time:00:00.00 | Mem:0.00M, Peak:0.00M | Scene, ViewLayer | Synchronizing object | CloudSea52g_v0_offset_shoulder
Fra:1 Mem:15.61M (Peak 15.61M) | Time:00:00.00 | Mem:0.00M, Peak:0.00M | Scene, ViewLayer | Initializing
Fra:1 Mem:15.29M (Peak 15.61M) | Time:00:00.00 | Mem:0.00M, Peak:0.00M | Scene, ViewLayer | Waiting for render to start
Fra:1 Mem:15.29M (Peak 15.61M) | Time:00:00.00 | Mem:0.00M, Peak:0.00M | Scene, ViewLayer | Updating Scene
Fra:1 Mem:15.29M (Peak 15.61M) | Time:00:00.00 | Mem:0.00M, Peak:0.00M | Scene, ViewLayer | Updating Shaders
Fra:1 Mem:15.29M (Peak 15.61M) | Time:00:00.00 | Mem:0.00M, Peak:0.00M | Scene, ViewLayer | Loading render kernels (may take a few minutes the first time)
Fra:1 Mem:15.37M (Peak 15.61M) | Time:00:00.00 | Mem:0.00M, Peak:0.00M | Scene, ViewLayer | Updating Procedurals
Fra:1 Mem:15.37M (Peak 15.61M) | Time:00:00.00 | Mem:0.00M, Peak:0.00M | Scene, ViewLayer | Updating Background
Fra:1 Mem:15.37M (Peak 15.61M) | Time:00:00.00 | Mem:0.00M, Peak:0.00M | Scene, ViewLayer | Updating Camera
Fra:1 Mem:15.37M (Peak 15.61M) | Time:00:00.00 | Mem:0.00M, Peak:0.00M | Scene, ViewLayer | Updating Meshes Flags
Fra:1 Mem:15.37M (Peak 15.61M) | Time:00:00.00 | Mem:0.00M, Peak:0.00M | Scene, ViewLayer | Updating Objects
Fra:1 Mem:15.37M (Peak 15.61M) | Time:00:00.00 | Mem:0.00M, Peak:0.00M | Scene, ViewLayer | Updating Objects | Copying Transformations to device
Fra:1 Mem:15.37M (Peak 15.61M) | Time:00:00.00 | Mem:0.00M, Peak:0.00M | Scene, ViewLayer | Updating Particle Systems
Fra:1 Mem:15.37M (Peak 15.61M) | Time:00:00.00 | Mem:0.00M, Peak:0.00M | Scene, ViewLayer | Updating Particle Systems | Copying Particles to device
Fra:1 Mem:15.37M (Peak 15.61M) | Time:00:00.00 | Mem:0.00M, Peak:0.00M | Scene, ViewLayer | Updating Meshes
Fra:1 Mem:15.37M (Peak 15.61M) | Time:00:00.00 | Mem:0.00M, Peak:0.00M | Scene, ViewLayer | Updating Objects | Applying Static Transformations
Fra:1 Mem:15.37M (Peak 15.61M) | Time:00:00.00 | Mem:0.00M, Peak:0.00M | Scene, ViewLayer | Updating Mesh | Computing attributes
Fra:1 Mem:15.96M (Peak 15.96M) | Time:00:00.00 | Mem:0.00M, Peak:0.00M | Scene, ViewLayer | Updating Mesh | Copying Attributes to device
Fra:1 Mem:15.96M (Peak 15.96M) | Time:00:00.00 | Mem:0.59M, Peak:0.59M | Scene, ViewLayer | Updating Scene BVH | Building
Fra:1 Mem:15.96M (Peak 15.96M) | Time:00:00.00 | Mem:0.59M, Peak:0.59M | Scene, ViewLayer | Updating Scene BVH | Building BVH
Fra:1 Mem:15.96M (Peak 15.96M) | Time:00:00.00 | Mem:0.93M, Peak:0.93M | Scene, ViewLayer | Updating Scene BVH | Building BVH 0%
Fra:1 Mem:15.96M (Peak 15.96M) | Time:00:00.01 | Mem:1.35M, Peak:1.70M | Scene, ViewLayer | Updating Scene BVH | Copying BVH to device
Fra:1 Mem:15.96M (Peak 15.96M) | Time:00:00.01 | Mem:1.35M, Peak:1.70M | Scene, ViewLayer | Updating Mesh | Computing normals
Fra:1 Mem:16.26M (Peak 16.26M) | Time:00:00.01 | Mem:1.35M, Peak:1.70M | Scene, ViewLayer | Updating Mesh | Copying Mesh to device
Fra:1 Mem:16.26M (Peak 16.26M) | Time:00:00.01 | Mem:1.66M, Peak:1.70M | Scene, ViewLayer | Updating Objects Flags
Fra:1 Mem:16.26M (Peak 16.26M) | Time:00:00.01 | Mem:1.66M, Peak:1.70M | Scene, ViewLayer | Updating Primitive Offsets
Fra:1 Mem:16.26M (Peak 16.26M) | Time:00:00.01 | Mem:1.66M, Peak:1.70M | Scene, ViewLayer | Updating Images
Fra:1 Mem:16.26M (Peak 16.26M) | Time:00:00.01 | Mem:1.66M, Peak:1.70M | Scene, ViewLayer | Updating Camera Volume
Fra:1 Mem:16.26M (Peak 16.26M) | Time:00:00.01 | Mem:1.66M, Peak:1.70M | Scene, ViewLayer | Updating Lookup Tables
Fra:1 Mem:16.26M (Peak 16.26M) | Time:00:00.01 | Mem:1.74M, Peak:1.74M | Scene, ViewLayer | Updating Lights
Fra:1 Mem:16.26M (Peak 16.26M) | Time:00:00.01 | Mem:1.74M, Peak:1.74M | Scene, ViewLayer | Updating Lights | Computing tree
Fra:1 Mem:16.26M (Peak 16.26M) | Time:00:00.01 | Mem:1.74M, Peak:1.74M | Scene, ViewLayer | Updating Integrator
Fra:1 Mem:16.26M (Peak 16.26M) | Time:00:00.01 | Mem:1.74M, Peak:1.74M | Scene, ViewLayer | Updating Film
Fra:1 Mem:16.27M (Peak 16.27M) | Time:00:00.01 | Mem:1.66M, Peak:1.74M | Scene, ViewLayer | Updating Lookup Tables
Fra:1 Mem:16.27M (Peak 16.27M) | Time:00:00.01 | Mem:1.74M, Peak:1.74M | Scene, ViewLayer | Updating Baking
Fra:1 Mem:16.27M (Peak 16.27M) | Time:00:00.01 | Mem:1.74M, Peak:1.74M | Scene, ViewLayer | Updating Device | Writing constant memory
Fra:1 Mem:16.27M (Peak 16.27M) | Time:00:00.01 | Mem:1.74M, Peak:1.74M | Scene, ViewLayer | Loading denoising kernels (may take a few minutes the first time)
Fra:1 Mem:16.27M (Peak 16.27M) | Time:00:00.01 | Mem:1.74M, Peak:1.74M | Scene, ViewLayer | Sample 0/20
Fra:1 Mem:58.06M (Peak 58.06M) | Time:00:00.08 | Remaining:00:01.42 | Mem:43.49M, Peak:43.49M | Scene, ViewLayer | Sample 1/20
Fra:1 Mem:75.64M (Peak 102.01M) | Time:00:04.87 | Mem:43.49M, Peak:43.49M | Scene, ViewLayer | Sample 20/20
Fra:1 Mem:75.64M (Peak 102.01M) | Time:00:04.87 | Mem:43.49M, Peak:43.49M | Scene, ViewLayer | Finished
Saved: '/workspace/scratch/a29d03198654/Aether/cloud-evidence/cloudsea52g-prototype-source-v0-20261001T072103Z-qg5lysu0/images/sea52g-prototype-0-front-combined.png'
Time: 00:04.99 (Saving: 00:00.11)

Fra:1 Mem:14.65M (Peak 14.65M) | Time:00:00.00 | Mem:0.00M, Peak:0.00M | Scene, ViewLayer | Synchronizing object | CloudSea52f_v0_low_saddle
Fra:1 Mem:14.65M (Peak 14.65M) | Time:00:00.00 | Mem:0.00M, Peak:0.00M | Scene, ViewLayer | Synchronizing object | CloudSea52g_v0_main_ridge
Fra:1 Mem:14.79M (Peak 14.79M) | Time:00:00.00 | Mem:0.00M, Peak:0.00M | Scene, ViewLayer | Synchronizing object | Sun
Fra:1 Mem:15.02M (Peak 15.02M) | Time:00:00.00 | Mem:0.00M, Peak:0.00M | Scene, ViewLayer | Synchronizing object | CloudSea52g_v0_low_tail
Fra:1 Mem:15.68M (Peak 15.68M) | Time:00:00.00 | Mem:0.00M, Peak:0.00M | Scene, ViewLayer | Synchronizing object | CloudSea52g_v0_offset_shoulder
Fra:1 Mem:15.61M (Peak 15.68M) | Time:00:00.00 | Mem:0.00M, Peak:0.00M | Scene, ViewLayer | Initializing
Fra:1 Mem:15.29M (Peak 15.68M) | Time:00:00.00 | Mem:0.00M, Peak:0.00M | Scene, ViewLayer | Waiting for render to start
Fra:1 Mem:15.29M (Peak 15.68M) | Time:00:00.00 | Mem:0.00M, Peak:0.00M | Scene, ViewLayer | Updating Scene
Fra:1 Mem:15.29M (Peak 15.68M) | Time:00:00.00 | Mem:0.00M, Peak:0.00M | Scene, ViewLayer | Updating Shaders
Fra:1 Mem:15.29M (Peak 15.68M) | Time:00:00.00 | Mem:0.00M, Peak:0.00M | Scene, ViewLayer | Loading render kernels (may take a few minutes the first time)
Fra:1 Mem:15.37M (Peak 15.68M) | Time:00:00.00 | Mem:0.00M, Peak:0.00M | Scene, ViewLayer | Updating Procedurals
Fra:1 Mem:15.37M (Peak 15.68M) | Time:00:00.00 | Mem:0.00M, Peak:0.00M | Scene, ViewLayer | Updating Background
Fra:1 Mem:15.37M (Peak 15.68M) | Time:00:00.00 | Mem:0.00M, Peak:0.00M | Scene, ViewLayer | Updating Camera
Fra:1 Mem:15.37M (Peak 15.68M) | Time:00:00.00 | Mem:0.00M, Peak:0.00M | Scene, ViewLayer | Updating Meshes Flags
Fra:1 Mem:15.37M (Peak 15.68M) | Time:00:00.00 | Mem:0.00M, Peak:0.00M | Scene, ViewLayer | Updating Objects
Fra:1 Mem:15.37M (Peak 15.68M) | Time:00:00.00 | Mem:0.00M, Peak:0.00M | Scene, ViewLayer | Updating Objects | Copying Transformations to device
Fra:1 Mem:15.37M (Peak 15.68M) | Time:00:00.00 | Mem:0.00M, Peak:0.00M | Scene, ViewLayer | Updating Particle Systems
Fra:1 Mem:15.37M (Peak 15.68M) | Time:00:00.00 | Mem:0.00M, Peak:0.00M | Scene, ViewLayer | Updating Particle Systems | Copying Particles to device
Fra:1 Mem:15.37M (Peak 15.68M) | Time:00:00.00 | Mem:0.00M, Peak:0.00M | Scene, ViewLayer | Updating Meshes
Fra:1 Mem:15.37M (Peak 15.68M) | Time:00:00.00 | Mem:0.00M, Peak:0.00M | Scene, ViewLayer | Updating Objects | Applying Static Transformations
Fra:1 Mem:15.37M (Peak 15.68M) | Time:00:00.00 | Mem:0.00M, Peak:0.00M | Scene, ViewLayer | Updating Mesh | Computing attributes
Fra:1 Mem:15.96M (Peak 15.96M) | Time:00:00.00 | Mem:0.00M, Peak:0.00M | Scene, ViewLayer | Updating Mesh | Copying Attributes to device
Fra:1 Mem:15.96M (Peak 15.96M) | Time:00:00.00 | Mem:0.59M, Peak:0.59M | Scene, ViewLayer | Updating Scene BVH | Building
Fra:1 Mem:15.96M (Peak 15.96M) | Time:00:00.00 | Mem:0.59M, Peak:0.59M | Scene, ViewLayer | Updating Scene BVH | Building BVH
Fra:1 Mem:15.96M (Peak 15.96M) | Time:00:00.00 | Mem:0.93M, Peak:0.93M | Scene, ViewLayer | Updating Scene BVH | Building BVH 0%
Fra:1 Mem:15.96M (Peak 15.96M) | Time:00:00.00 | Mem:1.35M, Peak:1.70M | Scene, ViewLayer | Updating Scene BVH | Copying BVH to device
Fra:1 Mem:15.96M (Peak 15.96M) | Time:00:00.00 | Mem:1.35M, Peak:1.70M | Scene, ViewLayer | Updating Mesh | Computing normals
Fra:1 Mem:16.26M (Peak 16.26M) | Time:00:00.00 | Mem:1.35M, Peak:1.70M | Scene, ViewLayer | Updating Mesh | Copying Mesh to device
Fra:1 Mem:16.26M (Peak 16.26M) | Time:00:00.00 | Mem:1.66M, Peak:1.70M | Scene, ViewLayer | Updating Objects Flags
Fra:1 Mem:16.26M (Peak 16.26M) | Time:00:00.00 | Mem:1.66M, Peak:1.70M | Scene, ViewLayer | Updating Primitive Offsets
Fra:1 Mem:16.26M (Peak 16.26M) | Time:00:00.00 | Mem:1.66M, Peak:1.70M | Scene, ViewLayer | Updating Images
Fra:1 Mem:16.26M (Peak 16.26M) | Time:00:00.00 | Mem:1.66M, Peak:1.70M | Scene, ViewLayer | Updating Camera Volume
Fra:1 Mem:16.26M (Peak 16.26M) | Time:00:00.00 | Mem:1.66M, Peak:1.70M | Scene, ViewLayer | Updating Lookup Tables
Fra:1 Mem:16.26M (Peak 16.26M) | Time:00:00.00 | Mem:1.74M, Peak:1.74M | Scene, ViewLayer | Updating Lights
Fra:1 Mem:16.26M (Peak 16.26M) | Time:00:00.00 | Mem:1.74M, Peak:1.74M | Scene, ViewLayer | Updating Lights | Computing tree
Fra:1 Mem:16.26M (Peak 16.26M) | Time:00:00.00 | Mem:1.74M, Peak:1.74M | Scene, ViewLayer | Updating Integrator
Fra:1 Mem:16.26M (Peak 16.26M) | Time:00:00.00 | Mem:1.74M, Peak:1.74M | Scene, ViewLayer | Updating Film
Fra:1 Mem:16.27M (Peak 16.27M) | Time:00:00.00 | Mem:1.66M, Peak:1.74M | Scene, ViewLayer | Updating Lookup Tables
Fra:1 Mem:16.27M (Peak 16.27M) | Time:00:00.00 | Mem:1.74M, Peak:1.74M | Scene, ViewLayer | Updating Baking
Fra:1 Mem:16.27M (Peak 16.27M) | Time:00:00.00 | Mem:1.74M, Peak:1.74M | Scene, ViewLayer | Updating Device | Writing constant memory
Fra:1 Mem:16.27M (Peak 16.27M) | Time:00:00.00 | Mem:1.74M, Peak:1.74M | Scene, ViewLayer | Loading denoising kernels (may take a few minutes the first time)
Fra:1 Mem:16.27M (Peak 16.27M) | Time:00:00.00 | Mem:1.74M, Peak:1.74M | Scene, ViewLayer | Sample 0/20
Fra:1 Mem:58.06M (Peak 58.06M) | Time:00:00.09 | Remaining:00:01.63 | Mem:43.49M, Peak:43.49M | Scene, ViewLayer | Sample 1/20
Fra:1 Mem:75.64M (Peak 102.01M) | Time:00:04.85 | Mem:43.49M, Peak:43.49M | Scene, ViewLayer | Sample 20/20
Fra:1 Mem:75.64M (Peak 102.01M) | Time:00:04.85 | Mem:43.49M, Peak:43.49M | Scene, ViewLayer | Finished
Saved: '/workspace/scratch/a29d03198654/Aether/cloud-evidence/cloudsea52g-prototype-source-v0-20261001T072103Z-qg5lysu0/images/sea52g-prototype-0-back-combined.png'
Time: 00:04.90 (Saving: 00:00.04)

Fra:1 Mem:14.65M (Peak 14.65M) | Time:00:00.00 | Mem:0.00M, Peak:0.00M | Scene, ViewLayer | Synchronizing object | CloudSea52f_v0_low_saddle
Fra:1 Mem:14.65M (Peak 14.65M) | Time:00:00.00 | Mem:0.00M, Peak:0.00M | Scene, ViewLayer | Synchronizing object | Sun
Fra:1 Mem:14.82M (Peak 14.82M) | Time:00:00.00 | Mem:0.00M, Peak:0.00M | Scene, ViewLayer | Synchronizing object | CloudSea52g_v0_low_tail
Fra:1 Mem:15.60M (Peak 15.60M) | Time:00:00.00 | Mem:0.00M, Peak:0.00M | Scene, ViewLayer | Synchronizing object | CloudSea52g_v0_offset_shoulder
Fra:1 Mem:15.61M (Peak 15.61M) | Time:00:00.00 | Mem:0.00M, Peak:0.00M | Scene, ViewLayer | Initializing
Fra:1 Mem:15.29M (Peak 15.61M) | Time:00:00.00 | Mem:0.00M, Peak:0.00M | Scene, ViewLayer | Waiting for render to start
Fra:1 Mem:15.29M (Peak 15.61M) | Time:00:00.00 | Mem:0.00M, Peak:0.00M | Scene, ViewLayer | Updating Scene
Fra:1 Mem:15.29M (Peak 15.61M) | Time:00:00.00 | Mem:0.00M, Peak:0.00M | Scene, ViewLayer | Updating Shaders
Fra:1 Mem:15.29M (Peak 15.61M) | Time:00:00.00 | Mem:0.00M, Peak:0.00M | Scene, ViewLayer | Loading render kernels (may take a few minutes the first time)
Fra:1 Mem:15.37M (Peak 15.61M) | Time:00:00.00 | Mem:0.00M, Peak:0.00M | Scene, ViewLayer | Updating Procedurals
Fra:1 Mem:15.37M (Peak 15.61M) | Time:00:00.00 | Mem:0.00M, Peak:0.00M | Scene, ViewLayer | Updating Background
Fra:1 Mem:15.37M (Peak 15.61M) | Time:00:00.00 | Mem:0.00M, Peak:0.00M | Scene, ViewLayer | Updating Camera
Fra:1 Mem:15.37M (Peak 15.61M) | Time:00:00.00 | Mem:0.00M, Peak:0.00M | Scene, ViewLayer | Updating Meshes Flags
Fra:1 Mem:15.37M (Peak 15.61M) | Time:00:00.00 | Mem:0.00M, Peak:0.00M | Scene, ViewLayer | Updating Objects
Fra:1 Mem:15.37M (Peak 15.61M) | Time:00:00.00 | Mem:0.00M, Peak:0.00M | Scene, ViewLayer | Updating Objects | Copying Transformations to device
Fra:1 Mem:15.37M (Peak 15.61M) | Time:00:00.00 | Mem:0.00M, Peak:0.00M | Scene, ViewLayer | Updating Particle Systems
Fra:1 Mem:15.37M (Peak 15.61M) | Time:00:00.00 | Mem:0.00M, Peak:0.00M | Scene, ViewLayer | Updating Particle Systems | Copying Particles to device
Fra:1 Mem:15.37M (Peak 15.61M) | Time:00:00.00 | Mem:0.00M, Peak:0.00M | Scene, ViewLayer | Updating Meshes
Fra:1 Mem:15.37M (Peak 15.61M) | Time:00:00.00 | Mem:0.00M, Peak:0.00M | Scene, ViewLayer | Updating Objects | Applying Static Transformations
Fra:1 Mem:15.37M (Peak 15.61M) | Time:00:00.00 | Mem:0.00M, Peak:0.00M | Scene, ViewLayer | Updating Mesh | Computing attributes
Fra:1 Mem:15.96M (Peak 15.96M) | Time:00:00.00 | Mem:0.00M, Peak:0.00M | Scene, ViewLayer | Updating Mesh | Copying Attributes to device
Fra:1 Mem:15.96M (Peak 15.96M) | Time:00:00.00 | Mem:0.59M, Peak:0.59M | Scene, ViewLayer | Updating Scene BVH | Building
Fra:1 Mem:15.96M (Peak 15.96M) | Time:00:00.00 | Mem:0.59M, Peak:0.59M | Scene, ViewLayer | Updating Scene BVH | Building BVH
Fra:1 Mem:15.96M (Peak 15.96M) | Time:00:00.00 | Mem:0.93M, Peak:0.93M | Scene, ViewLayer | Updating Scene BVH | Building BVH 0%
Fra:1 Mem:15.96M (Peak 15.96M) | Time:00:00.00 | Mem:1.35M, Peak:1.70M | Scene, ViewLayer | Updating Scene BVH | Copying BVH to device
Fra:1 Mem:15.96M (Peak 15.96M) | Time:00:00.00 | Mem:1.35M, Peak:1.70M | Scene, ViewLayer | Updating Mesh | Computing normals
Fra:1 Mem:16.26M (Peak 16.26M) | Time:00:00.00 | Mem:1.35M, Peak:1.70M | Scene, ViewLayer | Updating Mesh | Copying Mesh to device
Fra:1 Mem:16.26M (Peak 16.26M) | Time:00:00.00 | Mem:1.66M, Peak:1.70M | Scene, ViewLayer | Updating Objects Flags
Fra:1 Mem:16.26M (Peak 16.26M) | Time:00:00.00 | Mem:1.66M, Peak:1.70M | Scene, ViewLayer | Updating Primitive Offsets
Fra:1 Mem:16.26M (Peak 16.26M) | Time:00:00.00 | Mem:1.66M, Peak:1.70M | Scene, ViewLayer | Updating Images
Fra:1 Mem:16.26M (Peak 16.26M) | Time:00:00.00 | Mem:1.66M, Peak:1.70M | Scene, ViewLayer | Updating Camera Volume
Fra:1 Mem:16.26M (Peak 16.26M) | Time:00:00.00 | Mem:1.66M, Peak:1.70M | Scene, ViewLayer | Updating Lookup Tables
Fra:1 Mem:16.26M (Peak 16.26M) | Time:00:00.00 | Mem:1.74M, Peak:1.74M | Scene, ViewLayer | Updating Lights
Fra:1 Mem:16.26M (Peak 16.26M) | Time:00:00.00 | Mem:1.74M, Peak:1.74M | Scene, ViewLayer | Updating Lights | Computing tree
Fra:1 Mem:16.26M (Peak 16.26M) | Time:00:00.00 | Mem:1.74M, Peak:1.74M | Scene, ViewLayer | Updating Integrator
Fra:1 Mem:16.26M (Peak 16.26M) | Time:00:00.00 | Mem:1.74M, Peak:1.74M | Scene, ViewLayer | Updating Film
Fra:1 Mem:16.27M (Peak 16.27M) | Time:00:00.00 | Mem:1.66M, Peak:1.74M | Scene, ViewLayer | Updating Lookup Tables
Fra:1 Mem:16.27M (Peak 16.27M) | Time:00:00.00 | Mem:1.74M, Peak:1.74M | Scene, ViewLayer | Updating Baking
Fra:1 Mem:16.27M (Peak 16.27M) | Time:00:00.00 | Mem:1.74M, Peak:1.74M | Scene, ViewLayer | Updating Device | Writing constant memory
Fra:1 Mem:16.27M (Peak 16.27M) | Time:00:00.00 | Mem:1.74M, Peak:1.74M | Scene, ViewLayer | Loading denoising kernels (may take a few minutes the first time)
Fra:1 Mem:16.27M (Peak 16.27M) | Time:00:00.00 | Mem:1.74M, Peak:1.74M | Scene, ViewLayer | Sample 0/20
Fra:1 Mem:58.06M (Peak 58.06M) | Time:00:00.08 | Remaining:00:01.41 | Mem:43.49M, Peak:43.49M | Scene, ViewLayer | Sample 1/20
Fra:1 Mem:75.64M (Peak 102.01M) | Time:00:04.32 | Mem:43.49M, Peak:43.49M | Scene, ViewLayer | Sample 20/20
Fra:1 Mem:75.64M (Peak 102.01M) | Time:00:04.32 | Mem:43.49M, Peak:43.49M | Scene, ViewLayer | Finished
Saved: '/workspace/scratch/a29d03198654/Aether/cloud-evidence/cloudsea52g-prototype-source-v0-20261001T072103Z-qg5lysu0/images/sea52g-prototype-0-side-combined.png'
Time: 00:04.37 (Saving: 00:00.05)

Fra:1 Mem:14.65M (Peak 14.65M) | Time:00:00.00 | Mem:0.00M, Peak:0.00M | Scene, ViewLayer | Synchronizing object | CloudSea52f_v0_low_saddle
Fra:1 Mem:14.65M (Peak 14.65M) | Time:00:00.00 | Mem:0.00M, Peak:0.00M | Scene, ViewLayer | Synchronizing object | Sun
Fra:1 Mem:14.76M (Peak 14.76M) | Time:00:00.00 | Mem:0.00M, Peak:0.00M | Scene, ViewLayer | Synchronizing object | CloudSea52g_v0_low_tail
Fra:1 Mem:15.32M (Peak 15.32M) | Time:00:00.00 | Mem:0.00M, Peak:0.00M | Scene, ViewLayer | Synchronizing object | CloudSea52g_v0_offset_shoulder
Fra:1 Mem:15.61M (Peak 15.61M) | Time:00:00.00 | Mem:0.00M, Peak:0.00M | Scene, ViewLayer | Initializing
Fra:1 Mem:15.29M (Peak 15.61M) | Time:00:00.00 | Mem:0.00M, Peak:0.00M | Scene, ViewLayer | Waiting for render to start
Fra:1 Mem:15.29M (Peak 15.61M) | Time:00:00.00 | Mem:0.00M, Peak:0.00M | Scene, ViewLayer | Updating Scene
Fra:1 Mem:15.29M (Peak 15.61M) | Time:00:00.00 | Mem:0.00M, Peak:0.00M | Scene, ViewLayer | Updating Shaders
Fra:1 Mem:15.29M (Peak 15.61M) | Time:00:00.00 | Mem:0.00M, Peak:0.00M | Scene, ViewLayer | Loading render kernels (may take a few minutes the first time)
Fra:1 Mem:15.37M (Peak 15.61M) | Time:00:00.00 | Mem:0.00M, Peak:0.00M | Scene, ViewLayer | Updating Procedurals
Fra:1 Mem:15.37M (Peak 15.61M) | Time:00:00.00 | Mem:0.00M, Peak:0.00M | Scene, ViewLayer | Updating Background
Fra:1 Mem:15.37M (Peak 15.61M) | Time:00:00.00 | Mem:0.00M, Peak:0.00M | Scene, ViewLayer | Updating Camera
Fra:1 Mem:15.37M (Peak 15.61M) | Time:00:00.00 | Mem:0.00M, Peak:0.00M | Scene, ViewLayer | Updating Meshes Flags
Fra:1 Mem:15.37M (Peak 15.61M) | Time:00:00.00 | Mem:0.00M, Peak:0.00M | Scene, ViewLayer | Updating Objects
Fra:1 Mem:15.37M (Peak 15.61M) | Time:00:00.00 | Mem:0.00M, Peak:0.00M | Scene, ViewLayer | Updating Objects | Copying Transformations to device
Fra:1 Mem:15.37M (Peak 15.61M) | Time:00:00.00 | Mem:0.00M, Peak:0.00M | Scene, ViewLayer | Updating Particle Systems
Fra:1 Mem:15.37M (Peak 15.61M) | Time:00:00.00 | Mem:0.00M, Peak:0.00M | Scene, ViewLayer | Updating Particle Systems | Copying Particles to device
Fra:1 Mem:15.37M (Peak 15.61M) | Time:00:00.00 | Mem:0.00M, Peak:0.00M | Scene, ViewLayer | Updating Meshes
Fra:1 Mem:15.37M (Peak 15.61M) | Time:00:00.00 | Mem:0.00M, Peak:0.00M | Scene, ViewLayer | Updating Objects | Applying Static Transformations
Fra:1 Mem:15.37M (Peak 15.61M) | Time:00:00.00 | Mem:0.00M, Peak:0.00M | Scene, ViewLayer | Updating Mesh | Computing attributes
Fra:1 Mem:15.96M (Peak 15.96M) | Time:00:00.00 | Mem:0.00M, Peak:0.00M | Scene, ViewLayer | Updating Mesh | Copying Attributes to device
Fra:1 Mem:15.96M (Peak 15.96M) | Time:00:00.00 | Mem:0.59M, Peak:0.59M | Scene, ViewLayer | Updating Scene BVH | Building
Fra:1 Mem:15.96M (Peak 15.96M) | Time:00:00.00 | Mem:0.59M, Peak:0.59M | Scene, ViewLayer | Updating Scene BVH | Building BVH
Fra:1 Mem:15.96M (Peak 15.96M) | Time:00:00.00 | Mem:0.93M, Peak:0.93M | Scene, ViewLayer | Updating Scene BVH | Building BVH 0%
Fra:1 Mem:15.96M (Peak 15.96M) | Time:00:00.00 | Mem:1.35M, Peak:1.70M | Scene, ViewLayer | Updating Scene BVH | Copying BVH to device
Fra:1 Mem:15.96M (Peak 15.96M) | Time:00:00.00 | Mem:1.35M, Peak:1.70M | Scene, ViewLayer | Updating Mesh | Computing normals
Fra:1 Mem:16.26M (Peak 16.26M) | Time:00:00.00 | Mem:1.35M, Peak:1.70M | Scene, ViewLayer | Updating Mesh | Copying Mesh to device
Fra:1 Mem:16.26M (Peak 16.26M) | Time:00:00.00 | Mem:1.66M, Peak:1.70M | Scene, ViewLayer | Updating Objects Flags
Fra:1 Mem:16.26M (Peak 16.26M) | Time:00:00.00 | Mem:1.66M, Peak:1.70M | Scene, ViewLayer | Updating Primitive Offsets
Fra:1 Mem:16.26M (Peak 16.26M) | Time:00:00.00 | Mem:1.66M, Peak:1.70M | Scene, ViewLayer | Updating Images
Fra:1 Mem:16.26M (Peak 16.26M) | Time:00:00.00 | Mem:1.66M, Peak:1.70M | Scene, ViewLayer | Updating Camera Volume
Fra:1 Mem:16.26M (Peak 16.26M) | Time:00:00.00 | Mem:1.66M, Peak:1.70M | Scene, ViewLayer | Updating Lookup Tables
Fra:1 Mem:16.26M (Peak 16.26M) | Time:00:00.00 | Mem:1.74M, Peak:1.74M | Scene, ViewLayer | Updating Lights
Fra:1 Mem:16.26M (Peak 16.26M) | Time:00:00.00 | Mem:1.74M, Peak:1.74M | Scene, ViewLayer | Updating Lights | Computing tree
Fra:1 Mem:16.26M (Peak 16.26M) | Time:00:00.00 | Mem:1.74M, Peak:1.74M | Scene, ViewLayer | Updating Integrator
Fra:1 Mem:16.26M (Peak 16.26M) | Time:00:00.00 | Mem:1.74M, Peak:1.74M | Scene, ViewLayer | Updating Film
Fra:1 Mem:16.27M (Peak 16.27M) | Time:00:00.00 | Mem:1.66M, Peak:1.74M | Scene, ViewLayer | Updating Lookup Tables
Fra:1 Mem:16.27M (Peak 16.27M) | Time:00:00.00 | Mem:1.74M, Peak:1.74M | Scene, ViewLayer | Updating Baking
Fra:1 Mem:16.27M (Peak 16.27M) | Time:00:00.00 | Mem:1.74M, Peak:1.74M | Scene, ViewLayer | Updating Device | Writing constant memory
Fra:1 Mem:16.27M (Peak 16.27M) | Time:00:00.00 | Mem:1.74M, Peak:1.74M | Scene, ViewLayer | Loading denoising kernels (may take a few minutes the first time)
Fra:1 Mem:16.27M (Peak 16.27M) | Time:00:00.00 | Mem:1.74M, Peak:1.74M | Scene, ViewLayer | Sample 0/20
Fra:1 Mem:58.06M (Peak 58.06M) | Time:00:00.08 | Remaining:00:01.59 | Mem:43.49M, Peak:43.49M | Scene, ViewLayer | Sample 1/20
Fra:1 Mem:75.64M (Peak 102.01M) | Time:00:04.67 | Mem:43.49M, Peak:43.49M | Scene, ViewLayer | Sample 20/20
Fra:1 Mem:75.64M (Peak 102.01M) | Time:00:04.67 | Mem:43.49M, Peak:43.49M | Scene, ViewLayer | Finished
Saved: '/workspace/scratch/a29d03198654/Aether/cloud-evidence/cloudsea52g-prototype-source-v0-20261001T072103Z-qg5lysu0/images/sea52g-prototype-0-underside-combined.png'
Time: 00:04.73 (Saving: 00:00.05)

Fra:1 Mem:14.65M (Peak 14.65M) | Time:00:00.00 | Mem:0.00M, Peak:0.00M | Scene, ViewLayer | Synchronizing object | CloudSea52f_v0_low_saddle
Fra:1 Mem:14.65M (Peak 14.65M) | Time:00:00.00 | Mem:0.00M, Peak:0.00M | Scene, ViewLayer | Synchronizing object | CloudSea52f_v0_low_drift
Fra:1 Mem:14.68M (Peak 14.68M) | Time:00:00.00 | Mem:0.00M, Peak:0.00M | Scene, ViewLayer | Synchronizing object | Sun
Fra:1 Mem:14.76M (Peak 14.76M) | Time:00:00.00 | Mem:0.00M, Peak:0.00M | Scene, ViewLayer | Synchronizing object | CloudSea52g_v0_low_tail
Fra:1 Mem:15.38M (Peak 15.38M) | Time:00:00.00 | Mem:0.00M, Peak:0.00M | Scene, ViewLayer | Synchronizing object | CloudSea52g_v0_offset_shoulder
Fra:1 Mem:15.61M (Peak 15.61M) | Time:00:00.00 | Mem:0.00M, Peak:0.00M | Scene, ViewLayer | Initializing
Fra:1 Mem:15.29M (Peak 15.61M) | Time:00:00.00 | Mem:0.00M, Peak:0.00M | Scene, ViewLayer | Waiting for render to start
Fra:1 Mem:15.29M (Peak 15.61M) | Time:00:00.00 | Mem:0.00M, Peak:0.00M | Scene, ViewLayer | Updating Scene
Fra:1 Mem:15.29M (Peak 15.61M) | Time:00:00.00 | Mem:0.00M, Peak:0.00M | Scene, ViewLayer | Updating Shaders
Fra:1 Mem:15.29M (Peak 15.61M) | Time:00:00.00 | Mem:0.00M, Peak:0.00M | Scene, ViewLayer | Loading render kernels (may take a few minutes the first time)
Fra:1 Mem:15.37M (Peak 15.61M) | Time:00:00.00 | Mem:0.00M, Peak:0.00M | Scene, ViewLayer | Updating Procedurals
Fra:1 Mem:15.37M (Peak 15.61M) | Time:00:00.00 | Mem:0.00M, Peak:0.00M | Scene, ViewLayer | Updating Background
Fra:1 Mem:15.37M (Peak 15.61M) | Time:00:00.00 | Mem:0.00M, Peak:0.00M | Scene, ViewLayer | Updating Camera
Fra:1 Mem:15.37M (Peak 15.61M) | Time:00:00.00 | Mem:0.00M, Peak:0.00M | Scene, ViewLayer | Updating Meshes Flags
Fra:1 Mem:15.37M (Peak 15.61M) | Time:00:00.00 | Mem:0.00M, Peak:0.00M | Scene, ViewLayer | Updating Objects
Fra:1 Mem:15.37M (Peak 15.61M) | Time:00:00.00 | Mem:0.00M, Peak:0.00M | Scene, ViewLayer | Updating Objects | Copying Transformations to device
Fra:1 Mem:15.37M (Peak 15.61M) | Time:00:00.00 | Mem:0.00M, Peak:0.00M | Scene, ViewLayer | Updating Particle Systems
Fra:1 Mem:15.37M (Peak 15.61M) | Time:00:00.00 | Mem:0.00M, Peak:0.00M | Scene, ViewLayer | Updating Particle Systems | Copying Particles to device
Fra:1 Mem:15.37M (Peak 15.61M) | Time:00:00.00 | Mem:0.00M, Peak:0.00M | Scene, ViewLayer | Updating Meshes
Fra:1 Mem:15.37M (Peak 15.61M) | Time:00:00.00 | Mem:0.00M, Peak:0.00M | Scene, ViewLayer | Updating Objects | Applying Static Transformations
Fra:1 Mem:15.37M (Peak 15.61M) | Time:00:00.00 | Mem:0.00M, Peak:0.00M | Scene, ViewLayer | Updating Mesh | Computing attributes
Fra:1 Mem:15.96M (Peak 15.96M) | Time:00:00.00 | Mem:0.00M, Peak:0.00M | Scene, ViewLayer | Updating Mesh | Copying Attributes to device
Fra:1 Mem:15.96M (Peak 15.96M) | Time:00:00.00 | Mem:0.59M, Peak:0.59M | Scene, ViewLayer | Updating Scene BVH | Building
Fra:1 Mem:15.96M (Peak 15.96M) | Time:00:00.00 | Mem:0.59M, Peak:0.59M | Scene, ViewLayer | Updating Scene BVH | Building BVH
Fra:1 Mem:15.96M (Peak 15.96M) | Time:00:00.00 | Mem:0.93M, Peak:0.93M | Scene, ViewLayer | Updating Scene BVH | Building BVH 0%
Fra:1 Mem:15.96M (Peak 15.96M) | Time:00:00.00 | Mem:1.35M, Peak:1.70M | Scene, ViewLayer | Updating Scene BVH | Copying BVH to device
Fra:1 Mem:15.96M (Peak 15.96M) | Time:00:00.00 | Mem:1.35M, Peak:1.70M | Scene, ViewLayer | Updating Mesh | Computing normals
Fra:1 Mem:16.26M (Peak 16.26M) | Time:00:00.00 | Mem:1.35M, Peak:1.70M | Scene, ViewLayer | Updating Mesh | Copying Mesh to device
Fra:1 Mem:16.26M (Peak 16.26M) | Time:00:00.00 | Mem:1.66M, Peak:1.70M | Scene, ViewLayer | Updating Objects Flags
Fra:1 Mem:16.26M (Peak 16.26M) | Time:00:00.00 | Mem:1.66M, Peak:1.70M | Scene, ViewLayer | Updating Primitive Offsets
Fra:1 Mem:16.26M (Peak 16.26M) | Time:00:00.00 | Mem:1.66M, Peak:1.70M | Scene, ViewLayer | Updating Images
Fra:1 Mem:16.26M (Peak 16.26M) | Time:00:00.00 | Mem:1.66M, Peak:1.70M | Scene, ViewLayer | Updating Camera Volume
Fra:1 Mem:16.26M (Peak 16.26M) | Time:00:00.00 | Mem:1.66M, Peak:1.70M | Scene, ViewLayer | Updating Lookup Tables
Fra:1 Mem:16.26M (Peak 16.26M) | Time:00:00.00 | Mem:1.74M, Peak:1.74M | Scene, ViewLayer | Updating Lights
Fra:1 Mem:16.26M (Peak 16.26M) | Time:00:00.00 | Mem:1.74M, Peak:1.74M | Scene, ViewLayer | Updating Lights | Computing tree
Fra:1 Mem:16.26M (Peak 16.26M) | Time:00:00.00 | Mem:1.74M, Peak:1.74M | Scene, ViewLayer | Updating Integrator
Fra:1 Mem:16.26M (Peak 16.26M) | Time:00:00.00 | Mem:1.74M, Peak:1.74M | Scene, ViewLayer | Updating Film
Fra:1 Mem:16.27M (Peak 16.27M) | Time:00:00.00 | Mem:1.66M, Peak:1.74M | Scene, ViewLayer | Updating Lookup Tables
Fra:1 Mem:16.27M (Peak 16.27M) | Time:00:00.00 | Mem:1.74M, Peak:1.74M | Scene, ViewLayer | Updating Baking
Fra:1 Mem:16.27M (Peak 16.27M) | Time:00:00.00 | Mem:1.74M, Peak:1.74M | Scene, ViewLayer | Updating Device | Writing constant memory
Fra:1 Mem:16.27M (Peak 16.27M) | Time:00:00.00 | Mem:1.74M, Peak:1.74M | Scene, ViewLayer | Loading denoising kernels (may take a few minutes the first time)
Fra:1 Mem:16.27M (Peak 16.27M) | Time:00:00.00 | Mem:1.74M, Peak:1.74M | Scene, ViewLayer | Sample 0/20
Fra:1 Mem:58.06M (Peak 58.06M) | Time:00:00.13 | Remaining:00:02.36 | Mem:43.49M, Peak:43.49M | Scene, ViewLayer | Sample 1/20
Fra:1 Mem:75.64M (Peak 102.01M) | Time:00:06.19 | Mem:43.49M, Peak:43.49M | Scene, ViewLayer | Sample 20/20
Fra:1 Mem:75.64M (Peak 102.01M) | Time:00:06.19 | Mem:43.49M, Peak:43.49M | Scene, ViewLayer | Finished
Saved: '/workspace/scratch/a29d03198654/Aether/cloud-evidence/cloudsea52g-prototype-source-v0-20261001T072103Z-qg5lysu0/images/sea52g-prototype-0-top-combined.png'
Time: 00:06.25 (Saving: 00:00.05)


Blender quit
