{'x': 700, 'z': -2140, 'actual_highest_y': 87.395263671875, 'owner': 'Ground_0_-3'}
{'x': 740, 'z': -2140, 'actual_highest_y': 88.710693359375, 'owner': 'Ground_0_-3'}
{'x': 780, 'z': -2140, 'actual_highest_y': 102.7945556640625, 'owner': 'Ground_1_-3'}
{'x': 820, 'z': -2140, 'actual_highest_y': 89.3995361328125, 'owner': 'Ground_1_-3'}
{'x': 900, 'z': -2140, 'actual_highest_y': 92.171142578125, 'owner': 'Ground_1_-3'}
{'x': 940, 'z': -2140, 'actual_highest_y': 72.9969482421875, 'owner': 'Ground_1_-3'}
{'x': 700, 'z': -2070, 'actual_highest_y': 45.30517578125, 'owner': 'Ground_0_-3'}
{'x': 740, 'z': -2070, 'actual_highest_y': 41.4407958984375, 'owner': 'Ground_0_-3'}
{'x': 780, 'z': -2070, 'actual_highest_y': 46.6793212890625, 'owner': 'Ground_1_-3'}
{'x': 820, 'z': -2070, 'actual_highest_y': 64.2230224609375, 'owner': 'Ground_1_-3'}
{'x': 900, 'z': -2070, 'actual_highest_y': 50.5179443359375, 'owner': 'Ground_1_-3'}
{'x': 940, 'z': -2070, 'actual_highest_y': 17.515869140625, 'owner': 'Ground_1_-3'}
{'x': 700, 'z': -2020, 'actual_highest_y': 51.64453125, 'owner': 'Ground_0_-3'}
{'x': 740, 'z': -2020, 'actual_highest_y': 44.9443359375, 'owner': 'Ground_0_-3'}
{'x': 780, 'z': -2020, 'actual_highest_y': 37.2239990234375, 'owner': 'Ground_1_-3'}
{'x': 820, 'z': -2020, 'actual_highest_y': 32.4844970703125, 'owner': 'Ground_1_-3'}
{'x': 900, 'z': -2020, 'actual_highest_y': 25.5584716796875, 'owner': 'Ground_1_-3'}
{'x': 940, 'z': -2020, 'actual_highest_y': 5.71240234375, 'owner': 'Ground_1_-3'}
{'x': 700, 'z': -1960, 'actual_highest_y': 43.778564453125, 'owner': 'Ground_0_-3'}
{'x': 740, 'z': -1960, 'actual_highest_y': 46.7344970703125, 'owner': 'massif_cirque_wall'}
{'x': 780, 'z': -1960, 'actual_highest_y': 51.8763427734375, 'owner': 'massif_cirque_wall'}
{'x': 820, 'z': -1960, 'actual_highest_y': 45.5528564453125, 'owner': 'massif_cirque_wall'}
{'x': 900, 'z': -1960, 'actual_highest_y': 43.560546875, 'owner': 'massif_cirque_wall'}
{'x': 940, 'z': -1960, 'actual_highest_y': 3.325439453125, 'owner': 'Ground_1_-3'}
{'x': 700, 'z': -1880, 'actual_highest_y': 45.1195068359375, 'owner': 'massif_cirque_wall'}
{'x': 740, 'z': -1880, 'actual_highest_y': 68.572265625, 'owner': 'massif_cirque_wall'}
{'x': 780, 'z': -1880, 'actual_highest_y': 78.2431640625, 'owner': 'massif_cirque_wall'}
{'x': 820, 'z': -1880, 'actual_highest_y': 84.973388671875, 'owner': 'massif_cirque_wall'}
{'x': 900, 'z': -1880, 'actual_highest_y': 38.3912353515625, 'owner': 'massif_cirque_wall'}
{'x': 940, 'z': -1880, 'actual_highest_y': 19.0732421875, 'owner': 'Ground_1_-3'}
{'x': 700, 'z': -1800, 'actual_highest_y': 48.0592041015625, 'owner': 'massif_cirque_wall'}
{'x': 740, 'z': -1800, 'actual_highest_y': 62.3287353515625, 'owner': 'massif_cirque_wall'}
{'x': 780, 'z': -1800, 'actual_highest_y': 110.6788330078125, 'owner': 'massif_cirque_wall'}
{'x': 820, 'z': -1800, 'actual_highest_y': 118.892578125, 'owner': 'massif_cirque_wall'}
{'x': 900, 'z': -1800, 'actual_highest_y': 58.2716064453125, 'owner': 'massif_cirque_wall'}
{'x': 940, 'z': -1800, 'actual_highest_y': 35.712646484375, 'owner': 'massif_cirque_wall'}
{'x': 700, 'z': -1720, 'actual_highest_y': 68.7760009765625, 'owner': 'massif_cirque_wall'}
{'x': 740, 'z': -1720, 'actual_highest_y': 86.380859375, 'owner': 'massif_cirque_wall'}
{'x': 780, 'z': -1720, 'actual_highest_y': 78.17724609375, 'owner': 'massif_cirque_wall'}
{'x': 820, 'z': -1720, 'actual_highest_y': 59.7470703125, 'owner': 'massif_cirque_wall'}
{'x': 900, 'z': -1720, 'actual_highest_y': 59.1099853515625, 'owner': 'massif_cirque_wall'}
{'x': 940, 'z': -1720, 'actual_highest_y': 8.376708984375, 'owner': 'massif_cirque_wall'}
{'x': 700, 'z': -1640, 'actual_highest_y': 44.7196044921875, 'owner': 'massif_cirque_wall'}
{'x': 740, 'z': -1640, 'actual_highest_y': 37.3885498046875, 'owner': 'massif_cirque_wall'}
{'x': 780, 'z': -1640, 'actual_highest_y': 50.2794189453125, 'owner': 'massif_cirque_wall'}
{'x': 820, 'z': -1640, 'actual_highest_y': 62.09228515625, 'owner': 'massif_cirque_wall'}
{'x': 900, 'z': -1640, 'actual_highest_y': 43.686279296875, 'owner': 'massif_cirque_wall'}
{'x': 940, 'z': -1640, 'actual_highest_y': -22.47412109375, 'owner': 'Ground_1_-3'}
Blender 4.5.14 LTS (hash 62c1db4208e8 built 2026-09-15 01:31:19)

Blender quit
