{
  "status": "Geometry validation only; visual review pending",
  "part": {
    "name": "CloudSea52g_b_v0_main_crown",
    "vertices": 1102,
    "triangles": 2200,
    "bounds_blender_xyz": [
      [
        -714.1270751953125,
        -617.0324096679688,
        -29.940710067749023
      ],
      [
        -3.627877950668335,
        -102.29955291748047,
        350.0152587890625
      ]
    ],
    "boundary_edges": 0,
    "nonmanifold_edges": 0,
    "components": [
      1102
    ],
    "signed_volume": 71815803.41958687,
    "zero_area_triangles": 0,
    "nonadjacent_triangle_intersections": 0,
    "intersection_pairs": [],
    "triangle_aspect_over_20": 0,
    "triangle_aspect_max": 12.795046278681408
  },
  "axis_mapping": "Blender(x,y,z) -> glTF/Godot(x,z,-y)",
  "axis_error_m": 0.0,
  "attributes": [
    "POSITION",
    "NORMAL",
    "COLOR_0"
  ],
  "editable_cage_meshes": 1,
  "editable_region_reference_handles": 7,
  "visual_acceptance": false
}
Blender 4.5.14 LTS (hash 62c1db4208e8 built 2026-09-15 01:31:19)
Read blend: "/workspace/scratch/a29d03198654/Aether/source-assets/cloud-sea52g/revision-b/cloud_sea52g_b_main.blend"

Blender quit
