{
  "status": "offline_actual_saved_channel_diagnosis",
  "original_native_readback_passed": false,
  "cache_sha256": "1b94f241fba9cc48a7879ec71dee4ecff3854955be37f344158494997d3c3e42",
  "cache_bytes": 11096,
  "decompressed_bytes": 29492,
  "decompressed_sha256": "4cf0cb28881b99bce3029f4a31e77dac6a452179d992388be7927993f3fea73f",
  "source_bytes_unchanged": true,
  "format": 34359742471,
  "format_hex": "0x800001007",
  "format_bits": [
    0,
    1,
    2,
    12,
    35
  ],
  "channels": [
    "VERTEX",
    "NORMAL",
    "TANGENT",
    "INDEX"
  ],
  "vertex_count": 1152,
  "index_count": 1152,
  "triangle_count": 384,
  "all_other_vertex_channels_absent": true,
  "compression_flag": false,
  "actual_ensure_tangents_option": false,
  "geometry_contract": {
    "passed": true,
    "authored_vertex_count": 194,
    "render_vertex_count": 1152,
    "triangles": 384,
    "maximum_position_error_m": 0.0,
    "maximum_normal_component_error": 0.00010136112354180993,
    "godot_relative_bounds": [
      [
        -233.44503784179688,
        606.328857421875,
        -183.78085327148438
      ],
      [
        226.94137573242188,
        851.9830932617188,
        165.92005920410156
      ]
    ],
    "front_face": "clockwise"
  },
  "tangent_count": 1152,
  "tangent_components": 4608,
  "tangent_unit_error": 1.1920928955078125e-07,
  "tangent_normal_dot_max": 0.00016838312149047852,
  "tangent_source_normal_dot_max": 0.0001653432846069336,
  "tangent_signs": [
    1.0
  ],
  "all_face_tangents_equal": true,
  "packed_normal_sha256": "efd4302b0f13d747444c67d45851503677bd9a692c655ef0f440dfdcf3fa77a4",
  "packed_tangent_sha256": "9abbd7ac9e2aa0960922abde0d5d32757d718348e386d642b895a088a0310aba",
  "decoded_arrays_are_offline_not_native_api_readback": true,
  "exact_insertion_call_not_proven": true,
  "engines_started": 0,
  "images": 0,
  "world_loaded": false
}
