INFO Draco mesh compression is available, use library at /workspace/scratch/a29d03198654/tools-feiting/blender-4.5.14-linux-x64/4.5/scripts/addons_core/io_scene_gltf2/libextern_draco.so
15:49:19 | INFO: Starting glTF 2.0 export
15:49:19 | INFO: Extracting primitive: 52e_v0_p1_volume0.001
15:49:19 | INFO: Primitives created: 1
15:49:19 | INFO: Extracting primitive: 52e_v0_p2_volume0.001
15:49:19 | INFO: Primitives created: 1
15:49:19 | INFO: Extracting primitive: 52f_v0_saddle_0_low_core.001
15:49:19 | INFO: Primitives created: 1
15:49:19 | INFO: Extracting primitive: 52f_v0_drift_0_low_start.001
15:49:19 | INFO: Primitives created: 1
15:49:19 | INFO: Extracting primitive: 52g_d_primary_crown_volume.001
15:49:19 | INFO: Primitives created: 1
15:49:19 | INFO: Finished glTF 2.0 export in 0.024245738983154297 s

15:49:19 | INFO: Starting glTF 2.0 export
15:49:19 | INFO: Extracting primitive: 52g_d_primary_crown_volume.001
15:49:19 | INFO: Primitives created: 1
15:49:19 | INFO: Finished glTF 2.0 export in 0.005979776382446289 s

Info: Saved as "cloud_sea52g_d_combination.blend"
D MAIN PLUS FOUR ORIGINALS READY; ALL RETAINED GEOMETRY AND EDIT CONTROLS UNCHANGED
Blender 4.5.14 LTS (hash 62c1db4208e8 built 2026-09-15 01:31:19)
Read blend: "/workspace/scratch/a29d03198654/Aether/source-assets/cloud-sea52g/revision-d/cloud_sea52g_d_main.blend"
Read blend: "/workspace/scratch/a29d03198654/Aether/source-assets/cloud-sea52f/variants/cloud_sea52f_variants.blend"

Blender quit
