{"name": "CloudSea52e_v0_low_tail", "vertices": 325, "triangles": 650, "bounds_blender_xyz": [[-296.8020935058594, 202.22723388671875, 5.0], [181.15232849121094, 590.1124267578125, 245.0]], "boundary_edges": 0, "nonmanifold_edges": 0, "connected_components": [325], "signed_volume": 12848312.170904871, "triangle_aspect_over_20": 0, "zero_area_triangles": 0, "nonadjacent_triangle_intersections": 0, "intersection_pairs": []}
{"name": "CloudSea52e_v0_offset_shoulder", "vertices": 377, "triangles": 750, "bounds_blender_xyz": [[66.60541534423828, -272.4228820800781, 80.0], [634.1638793945312, 146.56146240234375, 320.0]], "boundary_edges": 0, "nonmanifold_edges": 0, "connected_components": [377], "signed_volume": 16452434.48685709, "triangle_aspect_over_20": 0, "zero_area_triangles": 0, "nonadjacent_triangle_intersections": 0, "intersection_pairs": []}
{"name": "CloudSea52f_v0_low_drift", "vertices": 1701, "triangles": 3398, "bounds_blender_xyz": [[-684.2409057617188, 100.87012481689453, -208.16860961914062], [689.4754638671875, 782.1609497070312, 165.3107147216797]], "boundary_edges": 0, "nonmanifold_edges": 0, "connected_components": [1701], "signed_volume": 77097550.63969691, "triangle_aspect_over_20": 1, "zero_area_triangles": 0, "nonadjacent_triangle_intersections": 0, "intersection_pairs": []}
{"name": "CloudSea52f_v0_low_saddle", "vertices": 1802, "triangles": 3600, "bounds_blender_xyz": [[-656.1708984375, -299.1527404785156, -129.8936309814453], [642.2778930664062, 357.70635986328125, 195.85714721679688]], "boundary_edges": 0, "nonmanifold_edges": 0, "connected_components": [1802], "signed_volume": 82473421.07751828, "triangle_aspect_over_20": 1, "zero_area_triangles": 0, "nonadjacent_triangle_intersections": 0, "intersection_pairs": []}
{"name": "CloudSea52g_d_v0_main_crown", "vertices": 1102, "triangles": 2200, "bounds_blender_xyz": [[-706.25048828125, -625.9451293945312, -30.0], [42.85307312011719, -71.6518783569336, 350.0]], "boundary_edges": 0, "nonmanifold_edges": 0, "connected_components": [1102], "signed_volume": 47896375.1340388, "triangle_aspect_over_20": 0, "zero_area_triangles": 0, "nonadjacent_triangle_intersections": 0, "intersection_pairs": []}
{
  "old_meshes_and_controls_unchanged": true,
  "new": [
    {
      "name": "CloudSea52g_d_v0_main_crown",
      "vertices": 1102,
      "triangles": 2200,
      "bounds_blender_xyz": [
        [
          -706.25048828125,
          -625.9451293945312,
          -30.0
        ],
        [
          42.85307312011719,
          -71.6518783569336,
          350.0
        ]
      ],
      "boundary_edges": 0,
      "nonmanifold_edges": 0,
      "connected_components": [
        1102
      ],
      "signed_volume": 47896375.1340388,
      "triangle_aspect_over_20": 0,
      "zero_area_triangles": 0,
      "nonadjacent_triangle_intersections": 0,
      "intersection_pairs": []
    }
  ],
  "axis_mapping_verified": true
}
Blender 4.5.14 LTS (hash 62c1db4208e8 built 2026-09-15 01:31:19)
Read blend: "/workspace/scratch/a29d03198654/Aether/source-assets/cloud-sea52g/revision-d-combination/cloud_sea52g_d_combination.blend"

Blender quit
