Godot Engine v4.5.1.stable.official.f62fdbde1 - https://godotengine.org
OpenGL API 4.5 (Core Profile) Mesa 25.0.7-2+deb13u1 - Compatibility - Using Device: Mesa - llvmpipe (LLVM 19.1.7, 256 bits)

ORBIT61_CASE real_display_gl_backend_required passed
ORBIT61_CASE full_buffer_baseline_passes passed
ORBIT61_CASE actual_native_setter_getter_round_trip passed
ORBIT61_CASE identity_covers_all_transform_color_custom_slots passed
ORBIT61_CASE late_witness_is_explicit_and_frame_associated passed
ORBIT61_CASE actual_transform_mutation_rejected begin
ORBIT61_CASE actual_transform_mutation_rejected mutate
ORBIT61_CASE actual_transform_mutation_rejected witness
ORBIT61_CASE actual_transform_mutation_rejected passed
ORBIT61_CASE actual_transform_mutation_rejected restore_and_dispose
ORBIT61_CASE actual_color_buffer_mutation_rejected begin
ORBIT61_CASE actual_color_buffer_mutation_rejected mutate
ORBIT61_CASE actual_color_buffer_mutation_rejected witness
ORBIT61_CASE actual_color_buffer_mutation_rejected passed
ORBIT61_CASE actual_color_buffer_mutation_rejected restore_and_dispose
ORBIT61_CASE actual_custom_buffer_mutation_rejected begin
ORBIT61_CASE actual_custom_buffer_mutation_rejected mutate
ORBIT61_CASE actual_custom_buffer_mutation_rejected witness
ORBIT61_CASE actual_custom_buffer_mutation_rejected passed
ORBIT61_CASE actual_custom_buffer_mutation_rejected restore_and_dispose
ORBIT61_CASE instance_count_mutation_rejected begin
ORBIT61_CASE instance_count_mutation_rejected mutate
ORBIT61_CASE instance_count_mutation_rejected witness
ORBIT61_CASE instance_count_mutation_rejected passed
ORBIT61_CASE instance_count_mutation_rejected restore_and_dispose
ORBIT61_CASE visible_count_mutation_rejected begin
ORBIT61_CASE visible_count_mutation_rejected mutate
ORBIT61_CASE visible_count_mutation_rejected witness
ORBIT61_CASE visible_count_mutation_rejected passed
ORBIT61_CASE visible_count_mutation_rejected restore_and_dispose
ORBIT61_CASE null_multimesh_rebinding_rejected_without_dereference begin
ORBIT61_CASE null_multimesh_rebinding_rejected_without_dereference mutate
ORBIT61_CASE null_multimesh_rebinding_rejected_without_dereference witness
ORBIT61_CASE null_multimesh_rebinding_rejected_without_dereference passed
ORBIT61_CASE null_multimesh_rebinding_rejected_without_dereference restore_and_dispose
ORBIT61_CASE equivalent_multimesh_resource_rebinding_rejected begin
ORBIT61_CASE equivalent_multimesh_resource_rebinding_rejected mutate
ORBIT61_CASE equivalent_multimesh_resource_rebinding_rejected witness
ORBIT61_CASE equivalent_multimesh_resource_rebinding_rejected passed
ORBIT61_CASE equivalent_multimesh_resource_rebinding_rejected restore_and_dispose
ORBIT61_CASE mesh_binding_replacement_rejected begin
ORBIT61_CASE mesh_binding_replacement_rejected mutate
ORBIT61_CASE mesh_binding_replacement_rejected witness
ORBIT61_CASE mesh_binding_replacement_rejected passed
ORBIT61_CASE mesh_binding_replacement_rejected restore_and_dispose
ORBIT61_CASE null_mesh_binding_rejected_without_dereference begin
ORBIT61_CASE null_mesh_binding_rejected_without_dereference mutate
ORBIT61_CASE null_mesh_binding_rejected_without_dereference witness
ORBIT61_CASE null_mesh_binding_rejected_without_dereference passed
ORBIT61_CASE null_mesh_binding_rejected_without_dereference restore_and_dispose
ORBIT61_CASE custom_aabb_mutation_rejected begin
ORBIT61_CASE custom_aabb_mutation_rejected mutate
ORBIT61_CASE custom_aabb_mutation_rejected witness
ORBIT61_CASE custom_aabb_mutation_rejected passed
ORBIT61_CASE custom_aabb_mutation_rejected restore_and_dispose
ORBIT61_CASE hidden_buffer_mutation_is_not_exempt begin
ORBIT61_CASE hidden_buffer_mutation_is_not_exempt mutate
ORBIT61_CASE hidden_buffer_mutation_is_not_exempt witness
ORBIT61_CASE hidden_buffer_mutation_is_not_exempt passed
ORBIT61_CASE hidden_buffer_mutation_is_not_exempt restore_and_dispose
ORBIT61_CASE outside_domain_buffer_mutation_is_not_exempt begin
ORBIT61_CASE outside_domain_buffer_mutation_is_not_exempt mutate
ORBIT61_CASE outside_domain_buffer_mutation_is_not_exempt witness
ORBIT61_CASE outside_domain_buffer_mutation_is_not_exempt passed
ORBIT61_CASE outside_domain_buffer_mutation_is_not_exempt restore_and_dispose
ORBIT61_CASE hidden_visible_count_mutation_is_not_exempt begin
ORBIT61_CASE hidden_visible_count_mutation_is_not_exempt mutate
ORBIT61_CASE hidden_visible_count_mutation_is_not_exempt witness
ORBIT61_CASE hidden_visible_count_mutation_is_not_exempt passed
ORBIT61_CASE hidden_visible_count_mutation_is_not_exempt restore_and_dispose
ORBIT61_CASE visibility_gate_retained begin
ORBIT61_CASE visibility_gate_retained mutate
ORBIT61_CASE visibility_gate_retained witness
ORBIT61_CASE visibility_gate_retained passed
ORBIT61_CASE visibility_gate_retained restore_and_dispose
ORBIT61_CASE transform_gate_retained begin
ORBIT61_CASE transform_gate_retained mutate
ORBIT61_CASE transform_gate_retained witness
ORBIT61_CASE transform_gate_retained passed
ORBIT61_CASE transform_gate_retained restore_and_dispose
ORBIT61_CASE queued_removal_gate_retained begin
ORBIT61_CASE queued_removal_gate_retained mutate
ORBIT61_CASE queued_removal_gate_retained witness
ORBIT61_CASE queued_removal_gate_retained passed
ORBIT61_CASE queued_removal_gate_retained restore_and_dispose
ORBIT61_CASE missing_baseline_is_rejected passed
ORBIT61_CASE explicit_null_baseline_can_stay_null begin
ORBIT61_CASE explicit_null_baseline_can_stay_null passed
ORBIT61_CASE null_to_bound_resource_change_is_rejected mutate
ORBIT61_CASE null_to_bound_resource_change_is_rejected passed
ORBIT61_CASE empty_identity_cannot_be_accepted passed
ORBIT61_CASE late_mutation_rejected_even_when_final_buffer_restored passed
ORBIT61_CASE actual_removal_gate_retained begin
ORBIT61_CASE actual_removal_gate_retained free_with_resources_retained
ORBIT61_CASE actual_removal_gate_retained passed
ORBIT61_CASE new_distant_MM_classified_and_watched passed
ORBIT61_CASE new_distant_MM_later_mutation_rejected passed
ORBIT61_CASE fresh_empty_resource_has_empty_hash_and_no_coverage begin
ORBIT61_CASE fresh_empty_resource_has_empty_hash_and_no_coverage passed
ORBIT61_CASE fresh_empty_count_change_is_rejected passed
ORBIT61_CASE zero_instance_bound_mesh_has_empty_hash_and_no_coverage begin
ORBIT61_CASE zero_instance_bound_mesh_has_empty_hash_and_no_coverage passed
ORBIT61_CASE zero_instance_layout_change_is_rejected passed
ORBIT61_CASE never_bound_null_mesh_keeps_full_buffer_watch_without_coverage begin
ORBIT61_CASE never_bound_null_mesh_keeps_full_buffer_watch_without_coverage passed
ORBIT61_CASE null_mesh_full_buffer_mutation_is_rejected passed
ORBIT61_CASE zero_visible_instances_keep_full_buffer_watch_without_coverage begin
ORBIT61_CASE zero_visible_instances_keep_full_buffer_watch_without_coverage passed
ORBIT61_CASE zero_visible_becoming_drawable_is_rejected passed
ORBIT61_CASE stale_cpu_null_binding_is_rejected_before_bounds begin
ORBIT61_CASE stale_cpu_null_binding_is_rejected_before_bounds passed
ORBIT61_CASE restored_cpu_server_binding_matches_original_identity passed
ORBIT61_CASE new_empty_binding_is_classified_without_finite_coverage begin
ORBIT61_CASE new_empty_binding_is_classified_without_finite_coverage passed
ORBIT61_CASE new_empty_mesh_binding_change_is_rejected passed
ORBIT61_CASE new_empty_bound_mesh_retained_through_removal passed
ORBIT61_CASE sequence_initial_sample_audit passed
ORBIT61_CASE begin_event_with_empty_pending passed
ORBIT61_CASE no_process_cannot_complete_event passed
ORBIT61_CASE new_process_alone_cannot_complete_event passed
ORBIT61_CASE capture_cannot_precede_its_physics_audit passed
ORBIT61_CASE new_process_exact_audit_allows_next_event passed
ORBIT61_CASE capture_ready_only_after_same_frame_audit passed
ORBIT61_CASE second_event_requires_newer_process_again passed
ORBIT61_CASE later_capture_frame_cannot_pass_early passed
ORBIT61_CASE pending_segment_blocks_input passed
ORBIT61_CASE duplicate_process_frame_rejected passed
ORBIT61_CASE missing_process_frame_rejected passed
ORBIT61_CASE wrong_segment_audit_rejected passed
ORBIT61_CASE duplicate_audit_rejected passed
ORBIT61_CASE overlapping_input_event_rejected passed
ORBIT61_CASE missing_process_complete_event_rejected passed
ORBIT61_CASE same_frame_process_does_not_satisfy_strict_newer_requirement passed
ORBIT61_CASE unflushed_later_segment_blocks_next_input passed
ORBIT61_CASE telemetry_distinguishes_engine_delta_from_wall_and_never_accepts passed
ORBIT61_CONTINUOUS_V6 true checks=61
