{
  "candidate_status": "B unaccepted data prototype; exact root points are not a base-support pass",
  "summary": {
    "count": 60,
    "root_Y_adjusted": 40,
    "candidate_air_gap_over_0_1m": 25,
    "candidate_air_gap_over_0_25m": 5,
    "air_gap_increase_over_0_1m": 14,
    "penetration_increase_over_0_1m": 11,
    "max_candidate_air_gap_m": 3.7336274570475823,
    "max_candidate_penetration_m": 2.0123780540528635
  },
  "by_kind": {
    "pine": {
      "count": 51,
      "root_Y_adjusted": 35,
      "candidate_air_gap_over_0_1m": 18,
      "candidate_air_gap_over_0_25m": 0,
      "air_gap_increase_over_0_1m": 9,
      "penetration_increase_over_0_1m": 9,
      "max_candidate_air_gap_m": 0.24164574783061,
      "max_candidate_penetration_m": 0.24178334973920457
    },
    "rock": {
      "count": 7,
      "root_Y_adjusted": 4,
      "candidate_air_gap_over_0_1m": 6,
      "candidate_air_gap_over_0_25m": 5,
      "air_gap_increase_over_0_1m": 4,
      "penetration_increase_over_0_1m": 2,
      "max_candidate_air_gap_m": 3.7336274570475823,
      "max_candidate_penetration_m": 2.0123780540528635
    },
    "bush": {
      "count": 2,
      "root_Y_adjusted": 1,
      "candidate_air_gap_over_0_1m": 1,
      "candidate_air_gap_over_0_25m": 0,
      "air_gap_increase_over_0_1m": 1,
      "penetration_increase_over_0_1m": 0,
      "max_candidate_air_gap_m": 0.20562550130004809,
      "max_candidate_penetration_m": 0.8811569213867188
    }
  }
}
World/Vegetation/rock_-5_-5 7 air before/after 0.1463911762569694 3.7336274570475823 burial before/after 1.5410881757181585 2.0123780540528635
World/Vegetation/rock_-5_-5 4 air before/after 0.0 1.7538556276866046 burial before/after 1.7028961181640625 1.8273581288868996
World/Vegetation/rock_-5_-5 6 air before/after 0.33774057620244236 0.9305970014234646 burial before/after 1.0637031691142624 1.0637021792289367
World/Vegetation/rock_-5_-5 3 air before/after 0.0 0.3250041258351928 burial before/after 1.3101959228515625 1.3101968570781253
World/Vegetation/oak_-5_-5_CoastalPines36b 6 air before/after 0.012060017646675192 0.2402238333528004 burial before/after 0.011928385705132882 0.239894672072559
World/Vegetation/bush_-5_-5 1 air before/after 8.392333985796085e-05 0.20562550130004809 burial before/after 0.6809158325195312 0.6809143622056126
World/Vegetation/oak_-5_-5_CoastalPines36b 43 air before/after 0.0 0.19586038001698114 burial before/after 9.918212890625e-05 0.19615032904776797
World/Vegetation/oak_-5_-5_CoastalPines36b 31 air before/after 8.392333984375e-05 0.17971108894990095 burial before/after 0.0 0.10839258795512308
