Godot Engine v4.5.1.stable.official.f62fdbde1 - https://godotengine.org
OpenGL API 4.5 (Core Profile) Mesa 25.0.7-2+deb13u1 - Compatibility - Using Device: Mesa - llvmpipe (LLVM 19.1.7, 256 bits)

NEAR_SHIP53WEST STAGE identity
PASS Actual renderer required
PASS Pinned input /workspace/scratch/a29d03198654/Aether/source-assets/observation59-1216-plan/run_pose59.py
PASS Pinned input /workspace/scratch/a29d03198654/Aether/source-assets/observation59-1216-plan/observe_pose59.gd
PASS Pinned input /workspace/scratch/a29d03198654/Aether/source-assets/observation59-1216-plan/proposal.json
PASS Pinned input /workspace/scratch/a29d03198654/Aether/candidates/round40-exclusive-20260930/project/scenes/candidate52f/Game52f.tscn
PASS Pinned input /workspace/scratch/a29d03198654/Aether/candidates/round40-exclusive-20260930/project/project.godot
PASS Pinned input /workspace/scratch/a29d03198654/Aether/candidates/round40-exclusive-20260930/project/scenes/candidate52f/verified-saved-52f.json
PASS Pinned input /workspace/scratch/a29d03198654/Aether/cloud-evidence/cloudsea52f-audit-v3-20261001T070746Z-dsqdacml/process-report.json
PASS Pinned input /workspace/scratch/a29d03198654/Aether/candidates/round40-exclusive-20260930/project/tools/observe_near_ship53west_v2.gd
PASS Pinned input /workspace/scratch/a29d03198654/Aether/ref/1216.png
PASS Pinned input /workspace/scratch/a29d03198654/Aether/candidates/round40-exclusive-20260930/project/scripts/game.gd
PASS Pinned input /workspace/scratch/a29d03198654/Aether/candidates/round40-exclusive-20260930/project/scripts/game42b.gd
PASS Pinned input /workspace/scratch/a29d03198654/Aether/candidates/round40-exclusive-20260930/project/scripts/airship_body.gd
PASS Pinned input /workspace/scratch/a29d03198654/Aether/candidates/round40-exclusive-20260930/project/scripts/open_world.gd
PASS Pinned input /workspace/scratch/a29d03198654/Aether/candidates/round40-exclusive-20260930/project/scripts/lake_reflection51b.gd
PASS Pinned saved52f research world
WORLD READY: 208 independent terrain scenes, 54797 saved scatter instances, 169 scene landmarks, 6 scene ports
PASS Callbacks frozen without altering active collision state
PASS Original1216 camera/FOV fixed
PASS Actual visible geometry and two body shapes collected
PASS Saved actual 1216/A-original/main
PASS Saved actual 1216/A-original/reflection
NEAR_SHIP53WEST STAGE 1216_A-original
PASS OriginalA actual full-envelope solid and cloud clearance
PASS CandidateB actual full-envelope solid and cloud clearance
PASS B changes only ship position/yaw, exact camera/scale/material/tracked-state preservation
PASS Actual placed full geometry fits camera and is conservatively clear
PASS Saved actual 1216/B-side-study/main
PASS Saved actual 1216/B-side-study/reflection
NEAR_SHIP53WEST STAGE 1216_B-side-study
PASS Exact complete A runtime state restored; original camera/FOV/geometry/environment/collision retained
PASS Saved actual 1216/A2-restored/main
PASS Saved actual 1216/A2-restored/reflection
NEAR_SHIP53WEST STAGE 1216_A2-restored
PASS Strict A/A2 native and real main/reflection pixels restored
PASS Exact complete A runtime state restored; original camera/FOV/geometry/environment/collision retained
PASS Source preserved /workspace/scratch/a29d03198654/Aether/source-assets/observation59-1216-plan/run_pose59.py
PASS Source preserved /workspace/scratch/a29d03198654/Aether/source-assets/observation59-1216-plan/observe_pose59.gd
PASS Source preserved /workspace/scratch/a29d03198654/Aether/source-assets/observation59-1216-plan/proposal.json
PASS Source preserved /workspace/scratch/a29d03198654/Aether/candidates/round40-exclusive-20260930/project/scenes/candidate52f/Game52f.tscn
PASS Source preserved /workspace/scratch/a29d03198654/Aether/candidates/round40-exclusive-20260930/project/project.godot
PASS Source preserved /workspace/scratch/a29d03198654/Aether/candidates/round40-exclusive-20260930/project/scenes/candidate52f/verified-saved-52f.json
PASS Source preserved /workspace/scratch/a29d03198654/Aether/cloud-evidence/cloudsea52f-audit-v3-20261001T070746Z-dsqdacml/process-report.json
PASS Source preserved /workspace/scratch/a29d03198654/Aether/candidates/round40-exclusive-20260930/project/tools/observe_near_ship53west_v2.gd
PASS Source preserved /workspace/scratch/a29d03198654/Aether/ref/1216.png
PASS Source preserved /workspace/scratch/a29d03198654/Aether/candidates/round40-exclusive-20260930/project/scripts/game.gd
PASS Source preserved /workspace/scratch/a29d03198654/Aether/candidates/round40-exclusive-20260930/project/scripts/game42b.gd
PASS Source preserved /workspace/scratch/a29d03198654/Aether/candidates/round40-exclusive-20260930/project/scripts/airship_body.gd
PASS Source preserved /workspace/scratch/a29d03198654/Aether/candidates/round40-exclusive-20260930/project/scripts/open_world.gd
PASS Source preserved /workspace/scratch/a29d03198654/Aether/candidates/round40-exclusive-20260930/project/scripts/lake_reflection51b.gd
