Godot Engine v4.5.1.stable.official.f62fdbde1 - https://godotengine.org
OpenGL API 4.5 (Core Profile) Mesa 25.0.7-2+deb13u1 - Compatibility - Using Device: Mesa - llvmpipe (LLVM 19.1.7, 256 bits)

PASS Actual renderer required
PASS New output and bounded remaining subset required
PASS Exact immutable51b/52e files;51b never loaded
PASS Exact previously verified build and baseline report hashes
PASS Saved52e build/audit exact immutable input
PASS Existing16-image51b report exact input; no rerender
PASS Original interrupted52e retains137 and missing runtimeJSON
WORLD READY: 208 independent terrain scenes, 54797 saved scatter instances, 169 scene landmarks, 6 scene ports
PASS Single-candidate callback freeze preserves collision activity
PASS All live cloud parts use same world and original three lit wrap materials 1343
PASS Actual rendered near-main-side
PASS Physical camera clear near-main-side
PASS All live cloud parts use same world and original three lit wrap materials 1343
PASS Actual rendered near-main-under
PASS Physical camera clear near-main-under
PASS All live cloud parts use same world and original three lit wrap materials 1343
PASS Actual rendered near-main-back
PASS Physical camera clear near-main-back
PASS Immutable scene/build files unchanged after limited observations
52E REMAINING close completed=true original_pair_complete=false
