Godot Engine v4.5.1.stable.official.f62fdbde1 - https://godotengine.org

{
  "A": [
    {
      "flags": 0,
      "method": "MeshInstance3D::_mesh_changed",
      "signal": "changed",
      "source": -9223372012074826388,
      "target": 24763172203,
      "unbind": 0
    }
  ],
  "A2": [
    {
      "flags": 0,
      "method": "MeshInstance3D::_mesh_changed",
      "signal": "changed",
      "source": -9223372012074826388,
      "target": 24763172203,
      "unbind": 0
    }
  ],
  "B": [
    {
      "flags": 0,
      "method": "MeshInstance3D::_mesh_changed",
      "signal": "changed",
      "source": -9223372012058049171,
      "target": 24763172203,
      "unbind": 0
    }
  ],
  "original_mesh_id": -9223372012074826388,
  "replacement_mesh_id": -9223372012058049171,
  "restored_exact": true
}
