Godot Engine v4.5.1.stable.official.f62fdbde1 - https://godotengine.org
OpenGL API 4.5 (Core Profile) Mesa 25.0.7-2+deb13u1 - Compatibility - Using Device: Mesa - llvmpipe (LLVM 19.1.7, 256 bits)

PASS Actual renderer required
PASS New absolute output directory and valid version required
PASS Immutable baseline/candidate available
PASS Actual saved52e build report matches
PASS Unchanged double canonical audit stable
PASS Exact unrelated native graph retained
PASS Independent saved graph fingerprint matches build
PASS 48000 weather floats exact
PASS All248 guard fields and114 controller paths exact
PASS Actual25 removed75 added and no changed common properties independently reproduced
PASS Three actual closed source parts SkyRegion39/CloudSea_-2_-2
PASS Original51b active material and render flags SkyRegion39/CloudSea_-2_-2/CloudSea52e_v0_low_tail
PASS Original51b active material and render flags SkyRegion39/CloudSea_-2_-2/CloudSea52e_v0_main_ridge
PASS Original51b active material and render flags SkyRegion39/CloudSea_-2_-2/CloudSea52e_v0_offset_shoulder
PASS Three actual closed source parts SkyRegion39/CloudSea_-2_-1
PASS Original51b active material and render flags SkyRegion39/CloudSea_-2_-1/CloudSea52e_v1_low_tail
PASS Original51b active material and render flags SkyRegion39/CloudSea_-2_-1/CloudSea52e_v1_main_ridge
PASS Original51b active material and render flags SkyRegion39/CloudSea_-2_-1/CloudSea52e_v1_offset_shoulder
PASS Three actual closed source parts SkyRegion39/CloudSea_-2_0
PASS Original51b active material and render flags SkyRegion39/CloudSea_-2_0/CloudSea52e_v2_low_tail
PASS Original51b active material and render flags SkyRegion39/CloudSea_-2_0/CloudSea52e_v2_main_ridge
PASS Original51b active material and render flags SkyRegion39/CloudSea_-2_0/CloudSea52e_v2_offset_shoulder
PASS Three actual closed source parts SkyRegion39/CloudSea_-2_1
PASS Original51b active material and render flags SkyRegion39/CloudSea_-2_1/CloudSea52e_v0_low_tail
PASS Original51b active material and render flags SkyRegion39/CloudSea_-2_1/CloudSea52e_v0_main_ridge
PASS Original51b active material and render flags SkyRegion39/CloudSea_-2_1/CloudSea52e_v0_offset_shoulder
PASS Three actual closed source parts SkyRegion39/CloudSea_-2_2
PASS Original51b active material and render flags SkyRegion39/CloudSea_-2_2/CloudSea52e_v1_low_tail
PASS Original51b active material and render flags SkyRegion39/CloudSea_-2_2/CloudSea52e_v1_main_ridge
PASS Original51b active material and render flags SkyRegion39/CloudSea_-2_2/CloudSea52e_v1_offset_shoulder
PASS Three actual closed source parts SkyRegion39/CloudSea_-1_-2
PASS Original51b active material and render flags SkyRegion39/CloudSea_-1_-2/CloudSea52e_v0_low_tail
PASS Original51b active material and render flags SkyRegion39/CloudSea_-1_-2/CloudSea52e_v0_main_ridge
PASS Original51b active material and render flags SkyRegion39/CloudSea_-1_-2/CloudSea52e_v0_offset_shoulder
PASS Three actual closed source parts SkyRegion39/CloudSea_-1_-1
PASS Original51b active material and render flags SkyRegion39/CloudSea_-1_-1/CloudSea52e_v1_low_tail
PASS Original51b active material and render flags SkyRegion39/CloudSea_-1_-1/CloudSea52e_v1_main_ridge
PASS Original51b active material and render flags SkyRegion39/CloudSea_-1_-1/CloudSea52e_v1_offset_shoulder
PASS Three actual closed source parts SkyRegion39/CloudSea_-1_0
PASS Original51b active material and render flags SkyRegion39/CloudSea_-1_0/CloudSea52e_v2_low_tail
PASS Original51b active material and render flags SkyRegion39/CloudSea_-1_0/CloudSea52e_v2_main_ridge
PASS Original51b active material and render flags SkyRegion39/CloudSea_-1_0/CloudSea52e_v2_offset_shoulder
PASS Three actual closed source parts SkyRegion39/CloudSea_-1_1
PASS Original51b active material and render flags SkyRegion39/CloudSea_-1_1/CloudSea52e_v0_low_tail
PASS Original51b active material and render flags SkyRegion39/CloudSea_-1_1/CloudSea52e_v0_main_ridge
PASS Original51b active material and render flags SkyRegion39/CloudSea_-1_1/CloudSea52e_v0_offset_shoulder
PASS Three actual closed source parts SkyRegion39/CloudSea_-1_2
PASS Original51b active material and render flags SkyRegion39/CloudSea_-1_2/CloudSea52e_v1_low_tail
PASS Original51b active material and render flags SkyRegion39/CloudSea_-1_2/CloudSea52e_v1_main_ridge
PASS Original51b active material and render flags SkyRegion39/CloudSea_-1_2/CloudSea52e_v1_offset_shoulder
PASS Three actual closed source parts SkyRegion39/CloudSea_0_-2
PASS Original51b active material and render flags SkyRegion39/CloudSea_0_-2/CloudSea52e_v0_low_tail
PASS Original51b active material and render flags SkyRegion39/CloudSea_0_-2/CloudSea52e_v0_main_ridge
PASS Original51b active material and render flags SkyRegion39/CloudSea_0_-2/CloudSea52e_v0_offset_shoulder
PASS Three actual closed source parts SkyRegion39/CloudSea_0_-1
PASS Original51b active material and render flags SkyRegion39/CloudSea_0_-1/CloudSea52e_v1_low_tail
PASS Original51b active material and render flags SkyRegion39/CloudSea_0_-1/CloudSea52e_v1_main_ridge
PASS Original51b active material and render flags SkyRegion39/CloudSea_0_-1/CloudSea52e_v1_offset_shoulder
PASS Three actual closed source parts SkyRegion39/CloudSea_0_0
PASS Original51b active material and render flags SkyRegion39/CloudSea_0_0/CloudSea52e_v2_low_tail
PASS Original51b active material and render flags SkyRegion39/CloudSea_0_0/CloudSea52e_v2_main_ridge
PASS Original51b active material and render flags SkyRegion39/CloudSea_0_0/CloudSea52e_v2_offset_shoulder
PASS Three actual closed source parts SkyRegion39/CloudSea_0_1
PASS Original51b active material and render flags SkyRegion39/CloudSea_0_1/CloudSea52e_v0_low_tail
PASS Original51b active material and render flags SkyRegion39/CloudSea_0_1/CloudSea52e_v0_main_ridge
PASS Original51b active material and render flags SkyRegion39/CloudSea_0_1/CloudSea52e_v0_offset_shoulder
PASS Three actual closed source parts SkyRegion39/CloudSea_0_2
PASS Original51b active material and render flags SkyRegion39/CloudSea_0_2/CloudSea52e_v1_low_tail
PASS Original51b active material and render flags SkyRegion39/CloudSea_0_2/CloudSea52e_v1_main_ridge
PASS Original51b active material and render flags SkyRegion39/CloudSea_0_2/CloudSea52e_v1_offset_shoulder
PASS Three actual closed source parts SkyRegion39/CloudSea_1_-2
PASS Original51b active material and render flags SkyRegion39/CloudSea_1_-2/CloudSea52e_v0_low_tail
PASS Original51b active material and render flags SkyRegion39/CloudSea_1_-2/CloudSea52e_v0_main_ridge
PASS Original51b active material and render flags SkyRegion39/CloudSea_1_-2/CloudSea52e_v0_offset_shoulder
PASS Three actual closed source parts SkyRegion39/CloudSea_1_-1
PASS Original51b active material and render flags SkyRegion39/CloudSea_1_-1/CloudSea52e_v1_low_tail
PASS Original51b active material and render flags SkyRegion39/CloudSea_1_-1/CloudSea52e_v1_main_ridge
PASS Original51b active material and render flags SkyRegion39/CloudSea_1_-1/CloudSea52e_v1_offset_shoulder
PASS Three actual closed source parts SkyRegion39/CloudSea_1_0
PASS Original51b active material and render flags SkyRegion39/CloudSea_1_0/CloudSea52e_v2_low_tail
PASS Original51b active material and render flags SkyRegion39/CloudSea_1_0/CloudSea52e_v2_main_ridge
PASS Original51b active material and render flags SkyRegion39/CloudSea_1_0/CloudSea52e_v2_offset_shoulder
PASS Three actual closed source parts SkyRegion39/CloudSea_1_1
PASS Original51b active material and render flags SkyRegion39/CloudSea_1_1/CloudSea52e_v0_low_tail
PASS Original51b active material and render flags SkyRegion39/CloudSea_1_1/CloudSea52e_v0_main_ridge
PASS Original51b active material and render flags SkyRegion39/CloudSea_1_1/CloudSea52e_v0_offset_shoulder
PASS Three actual closed source parts SkyRegion39/CloudSea_1_2
PASS Original51b active material and render flags SkyRegion39/CloudSea_1_2/CloudSea52e_v1_low_tail
PASS Original51b active material and render flags SkyRegion39/CloudSea_1_2/CloudSea52e_v1_main_ridge
PASS Original51b active material and render flags SkyRegion39/CloudSea_1_2/CloudSea52e_v1_offset_shoulder
PASS Three actual closed source parts SkyRegion39/CloudSea_2_-2
PASS Original51b active material and render flags SkyRegion39/CloudSea_2_-2/CloudSea52e_v0_low_tail
PASS Original51b active material and render flags SkyRegion39/CloudSea_2_-2/CloudSea52e_v0_main_ridge
PASS Original51b active material and render flags SkyRegion39/CloudSea_2_-2/CloudSea52e_v0_offset_shoulder
PASS Three actual closed source parts SkyRegion39/CloudSea_2_-1
PASS Original51b active material and render flags SkyRegion39/CloudSea_2_-1/CloudSea52e_v1_low_tail
PASS Original51b active material and render flags SkyRegion39/CloudSea_2_-1/CloudSea52e_v1_main_ridge
PASS Original51b active material and render flags SkyRegion39/CloudSea_2_-1/CloudSea52e_v1_offset_shoulder
PASS Three actual closed source parts SkyRegion39/CloudSea_2_0
PASS Original51b active material and render flags SkyRegion39/CloudSea_2_0/CloudSea52e_v2_low_tail
PASS Original51b active material and render flags SkyRegion39/CloudSea_2_0/CloudSea52e_v2_main_ridge
PASS Original51b active material and render flags SkyRegion39/CloudSea_2_0/CloudSea52e_v2_offset_shoulder
PASS Three actual closed source parts SkyRegion39/CloudSea_2_1
PASS Original51b active material and render flags SkyRegion39/CloudSea_2_1/CloudSea52e_v0_low_tail
PASS Original51b active material and render flags SkyRegion39/CloudSea_2_1/CloudSea52e_v0_main_ridge
PASS Original51b active material and render flags SkyRegion39/CloudSea_2_1/CloudSea52e_v0_offset_shoulder
PASS Three actual closed source parts SkyRegion39/CloudSea_2_2
PASS Original51b active material and render flags SkyRegion39/CloudSea_2_2/CloudSea52e_v1_low_tail
PASS Original51b active material and render flags SkyRegion39/CloudSea_2_2/CloudSea52e_v1_main_ridge
PASS Original51b active material and render flags SkyRegion39/CloudSea_2_2/CloudSea52e_v1_offset_shoulder
WORLD READY: 208 independent terrain scenes, 54797 saved scatter instances, 169 scene landmarks, 6 scene ports
PASS Callback freeze preserves live collision activity
PASS All live cloud parts use same world and original three lit wrap materials 1128
PASS Actual rendered 1128-front
PASS Physical camera clear 1128-front
PASS Actual rendered 1128-side
PASS Physical camera clear 1128-side
PASS Actual rendered 1128-back
PASS Physical camera clear 1128-back
PASS All live cloud parts use same world and original three lit wrap materials 1343
PASS Actual rendered 1343-front
PASS Physical camera clear 1343-front
PASS Actual rendered 1343-side
PASS Physical camera clear 1343-side
PASS Actual rendered 1343-back
PASS Physical camera clear 1343-back
PASS All live cloud parts use same world and original three lit wrap materials 1216
PASS Actual rendered 1216-front
PASS Physical camera clear 1216-front
PASS Actual rendered 1216-side
PASS Physical camera clear 1216-side
PASS Actual rendered 1216-back
PASS Physical camera clear 1216-back
PASS All live cloud parts use same world and original three lit wrap materials 1343
PASS Actual rendered near-main-side
PASS Physical camera clear near-main-side
PASS All live cloud parts use same world and original three lit wrap materials 1343
PASS Actual rendered near-main-under
PASS Physical camera clear near-main-under
PASS All live cloud parts use same world and original three lit wrap materials 1343
PASS Actual rendered near-main-back
PASS Physical camera clear near-main-back
PASS All live cloud parts use same world and original three lit wrap materials 1216
PASS Actual rendered climb-y950
PASS Physical camera clear climb-y950
PASS All live cloud parts use same world and original three lit wrap materials 1216
PASS Actual rendered climb-y1200
PASS Physical camera clear climb-y1200
PASS All live cloud parts use same world and original three lit wrap materials 1216
PASS Actual rendered climb-y1500
PASS Physical camera clear climb-y1500
PASS All live cloud parts use same world and original three lit wrap materials 1216
PASS Actual rendered climb-y1900
PASS Physical camera clear climb-y1900
PASS Saved51b and52e remain unchanged by verification
CLOUDSEA52E OBSERVATIONS 51b limited=true
