Blender 4.5.14 LTS (hash 62c1db4208e8 built 2026-09-15 01:31:19)
Read blend: "/workspace/scratch/a29d03198654/Aether/source-assets/cloud-sea52g/revision-b/cloud_sea52g_b_main.blend"
Fra:1 Mem:8.89M (Peak 8.89M) | Time:00:00.00 | Mem:0.00M, Peak:0.00M | Scene, ViewLayer | Synchronizing object | CloudSea52g_b_v0_main_crown
Fra:1 Mem:8.89M (Peak 8.89M) | Time:00:00.00 | Mem:0.00M, Peak:0.00M | Scene, ViewLayer | Synchronizing object | Sun
Fra:1 Mem:9.18M (Peak 9.18M) | Time:00:00.00 | Mem:0.00M, Peak:0.00M | Scene, ViewLayer | Initializing
Fra:1 Mem:8.99M (Peak 9.18M) | Time:00:00.00 | Mem:0.00M, Peak:0.00M | Scene, ViewLayer | Waiting for render to start
Fra:1 Mem:8.99M (Peak 9.18M) | Time:00:00.00 | Mem:0.00M, Peak:0.00M | Scene, ViewLayer | Updating Scene
Fra:1 Mem:8.99M (Peak 9.18M) | Time:00:00.00 | Mem:0.00M, Peak:0.00M | Scene, ViewLayer | Updating Shaders
Fra:1 Mem:8.99M (Peak 9.18M) | Time:00:00.00 | Mem:0.00M, Peak:0.00M | Scene, ViewLayer | Loading render kernels (may take a few minutes the first time)
Fra:1 Mem:9.07M (Peak 9.18M) | Time:00:00.00 | Mem:0.00M, Peak:0.00M | Scene, ViewLayer | Updating Procedurals
Fra:1 Mem:9.07M (Peak 9.18M) | Time:00:00.00 | Mem:0.00M, Peak:0.00M | Scene, ViewLayer | Updating Background
Fra:1 Mem:9.07M (Peak 9.18M) | Time:00:00.00 | Mem:0.00M, Peak:0.00M | Scene, ViewLayer | Updating Camera
Fra:1 Mem:9.07M (Peak 9.18M) | Time:00:00.00 | Mem:0.00M, Peak:0.00M | Scene, ViewLayer | Updating Meshes Flags
Fra:1 Mem:9.07M (Peak 9.18M) | Time:00:00.00 | Mem:0.00M, Peak:0.00M | Scene, ViewLayer | Updating Objects
Fra:1 Mem:9.07M (Peak 9.18M) | Time:00:00.00 | Mem:0.00M, Peak:0.00M | Scene, ViewLayer | Updating Objects | Copying Transformations to device
Fra:1 Mem:9.07M (Peak 9.18M) | Time:00:00.00 | Mem:0.00M, Peak:0.00M | Scene, ViewLayer | Updating Particle Systems
Fra:1 Mem:9.07M (Peak 9.18M) | Time:00:00.00 | Mem:0.00M, Peak:0.00M | Scene, ViewLayer | Updating Particle Systems | Copying Particles to device
Fra:1 Mem:9.07M (Peak 9.18M) | Time:00:00.00 | Mem:0.00M, Peak:0.00M | Scene, ViewLayer | Updating Meshes
Fra:1 Mem:9.07M (Peak 9.18M) | Time:00:00.00 | Mem:0.00M, Peak:0.00M | Scene, ViewLayer | Updating Objects | Applying Static Transformations
Fra:1 Mem:9.07M (Peak 9.18M) | Time:00:00.00 | Mem:0.00M, Peak:0.00M | Scene, ViewLayer | Updating Mesh | Computing attributes
Fra:1 Mem:9.19M (Peak 9.19M) | Time:00:00.00 | Mem:0.00M, Peak:0.00M | Scene, ViewLayer | Updating Mesh | Copying Attributes to device
Fra:1 Mem:9.19M (Peak 9.19M) | Time:00:00.00 | Mem:0.12M, Peak:0.12M | Scene, ViewLayer | Updating Scene BVH | Building
Fra:1 Mem:9.19M (Peak 9.19M) | Time:00:00.00 | Mem:0.12M, Peak:0.12M | Scene, ViewLayer | Updating Scene BVH | Building BVH
Fra:1 Mem:9.19M (Peak 9.19M) | Time:00:00.00 | Mem:0.18M, Peak:0.18M | Scene, ViewLayer | Updating Scene BVH | Building BVH 0%
Fra:1 Mem:9.19M (Peak 9.19M) | Time:00:00.00 | Mem:0.26M, Peak:0.33M | Scene, ViewLayer | Updating Scene BVH | Copying BVH to device
Fra:1 Mem:9.19M (Peak 9.19M) | Time:00:00.00 | Mem:0.26M, Peak:0.33M | Scene, ViewLayer | Updating Mesh | Computing normals
Fra:1 Mem:9.25M (Peak 9.25M) | Time:00:00.00 | Mem:0.26M, Peak:0.33M | Scene, ViewLayer | Updating Mesh | Copying Mesh to device
Fra:1 Mem:9.25M (Peak 9.25M) | Time:00:00.00 | Mem:0.32M, Peak:0.33M | Scene, ViewLayer | Updating Objects Flags
Fra:1 Mem:9.25M (Peak 9.25M) | Time:00:00.00 | Mem:0.32M, Peak:0.33M | Scene, ViewLayer | Updating Primitive Offsets
Fra:1 Mem:9.25M (Peak 9.25M) | Time:00:00.00 | Mem:0.32M, Peak:0.33M | Scene, ViewLayer | Updating Images
Fra:1 Mem:9.25M (Peak 9.25M) | Time:00:00.00 | Mem:0.32M, Peak:0.33M | Scene, ViewLayer | Updating Camera Volume
Fra:1 Mem:9.25M (Peak 9.25M) | Time:00:00.00 | Mem:0.32M, Peak:0.33M | Scene, ViewLayer | Updating Lookup Tables
Fra:1 Mem:9.25M (Peak 9.25M) | Time:00:00.00 | Mem:0.40M, Peak:0.40M | Scene, ViewLayer | Updating Lights
Fra:1 Mem:9.25M (Peak 9.25M) | Time:00:00.00 | Mem:0.40M, Peak:0.40M | Scene, ViewLayer | Updating Lights | Computing tree
Fra:1 Mem:9.25M (Peak 9.25M) | Time:00:00.00 | Mem:0.40M, Peak:0.40M | Scene, ViewLayer | Updating Integrator
Fra:1 Mem:9.25M (Peak 9.25M) | Time:00:00.00 | Mem:0.40M, Peak:0.40M | Scene, ViewLayer | Updating Film
Fra:1 Mem:9.25M (Peak 9.25M) | Time:00:00.00 | Mem:0.32M, Peak:0.40M | Scene, ViewLayer | Updating Lookup Tables
Fra:1 Mem:9.25M (Peak 9.25M) | Time:00:00.00 | Mem:0.40M, Peak:0.40M | Scene, ViewLayer | Updating Baking
Fra:1 Mem:9.25M (Peak 9.25M) | Time:00:00.00 | Mem:0.40M, Peak:0.40M | Scene, ViewLayer | Updating Device | Writing constant memory
Fra:1 Mem:9.25M (Peak 9.25M) | Time:00:00.00 | Mem:0.40M, Peak:0.40M | Scene, ViewLayer | Loading denoising kernels (may take a few minutes the first time)
Fra:1 Mem:9.25M (Peak 9.25M) | Time:00:00.00 | Mem:0.40M, Peak:0.40M | Scene, ViewLayer | Sample 0/20
Fra:1 Mem:51.04M (Peak 51.04M) | Time:00:00.09 | Remaining:00:01.79 | Mem:42.15M, Peak:42.15M | Scene, ViewLayer | Sample 1/20
Fra:1 Mem:68.62M (Peak 94.99M) | Time:00:05.15 | Mem:42.15M, Peak:42.15M | Scene, ViewLayer | Sample 20/20
Fra:1 Mem:68.62M (Peak 94.99M) | Time:00:05.15 | Mem:42.15M, Peak:42.15M | Scene, ViewLayer | Finished
Saved: '/workspace/scratch/a29d03198654/Aether/cloud-evidence/cloudsea52g-b-main-source-v0-20261001T072801Z-o93gtfjf/images/sea52g-b-main-0-front.png'
Time: 00:05.27 (Saving: 00:00.12)

Fra:1 Mem:8.99M (Peak 8.99M) | Time:00:00.00 | Mem:0.00M, Peak:0.00M | Scene, ViewLayer | Synchronizing object | CloudSea52g_b_v0_main_crown
Fra:1 Mem:8.99M (Peak 8.99M) | Time:00:00.00 | Mem:0.00M, Peak:0.00M | Scene, ViewLayer | Synchronizing object | Sun
Fra:1 Mem:9.18M (Peak 9.18M) | Time:00:00.00 | Mem:0.00M, Peak:0.00M | Scene, ViewLayer | Initializing
Fra:1 Mem:8.99M (Peak 9.18M) | Time:00:00.00 | Mem:0.00M, Peak:0.00M | Scene, ViewLayer | Waiting for render to start
Fra:1 Mem:8.99M (Peak 9.18M) | Time:00:00.00 | Mem:0.00M, Peak:0.00M | Scene, ViewLayer | Updating Scene
Fra:1 Mem:8.99M (Peak 9.18M) | Time:00:00.00 | Mem:0.00M, Peak:0.00M | Scene, ViewLayer | Updating Shaders
Fra:1 Mem:8.99M (Peak 9.18M) | Time:00:00.00 | Mem:0.00M, Peak:0.00M | Scene, ViewLayer | Loading render kernels (may take a few minutes the first time)
Fra:1 Mem:9.07M (Peak 9.18M) | Time:00:00.00 | Mem:0.00M, Peak:0.00M | Scene, ViewLayer | Updating Procedurals
Fra:1 Mem:9.07M (Peak 9.18M) | Time:00:00.00 | Mem:0.00M, Peak:0.00M | Scene, ViewLayer | Updating Background
Fra:1 Mem:9.07M (Peak 9.18M) | Time:00:00.00 | Mem:0.00M, Peak:0.00M | Scene, ViewLayer | Updating Camera
Fra:1 Mem:9.07M (Peak 9.18M) | Time:00:00.00 | Mem:0.00M, Peak:0.00M | Scene, ViewLayer | Updating Meshes Flags
Fra:1 Mem:9.07M (Peak 9.18M) | Time:00:00.00 | Mem:0.00M, Peak:0.00M | Scene, ViewLayer | Updating Objects
Fra:1 Mem:9.07M (Peak 9.18M) | Time:00:00.00 | Mem:0.00M, Peak:0.00M | Scene, ViewLayer | Updating Objects | Copying Transformations to device
Fra:1 Mem:9.07M (Peak 9.18M) | Time:00:00.00 | Mem:0.00M, Peak:0.00M | Scene, ViewLayer | Updating Particle Systems
Fra:1 Mem:9.07M (Peak 9.18M) | Time:00:00.00 | Mem:0.00M, Peak:0.00M | Scene, ViewLayer | Updating Particle Systems | Copying Particles to device
Fra:1 Mem:9.07M (Peak 9.18M) | Time:00:00.00 | Mem:0.00M, Peak:0.00M | Scene, ViewLayer | Updating Meshes
Fra:1 Mem:9.07M (Peak 9.18M) | Time:00:00.00 | Mem:0.00M, Peak:0.00M | Scene, ViewLayer | Updating Objects | Applying Static Transformations
Fra:1 Mem:9.07M (Peak 9.18M) | Time:00:00.00 | Mem:0.00M, Peak:0.00M | Scene, ViewLayer | Updating Mesh | Computing attributes
Fra:1 Mem:9.19M (Peak 9.19M) | Time:00:00.00 | Mem:0.00M, Peak:0.00M | Scene, ViewLayer | Updating Mesh | Copying Attributes to device
Fra:1 Mem:9.19M (Peak 9.19M) | Time:00:00.00 | Mem:0.12M, Peak:0.12M | Scene, ViewLayer | Updating Scene BVH | Building
Fra:1 Mem:9.19M (Peak 9.19M) | Time:00:00.00 | Mem:0.12M, Peak:0.12M | Scene, ViewLayer | Updating Scene BVH | Building BVH
Fra:1 Mem:9.19M (Peak 9.19M) | Time:00:00.00 | Mem:0.18M, Peak:0.18M | Scene, ViewLayer | Updating Scene BVH | Building BVH 0%
Fra:1 Mem:9.19M (Peak 9.19M) | Time:00:00.00 | Mem:0.26M, Peak:0.33M | Scene, ViewLayer | Updating Scene BVH | Copying BVH to device
Fra:1 Mem:9.19M (Peak 9.19M) | Time:00:00.00 | Mem:0.26M, Peak:0.33M | Scene, ViewLayer | Updating Mesh | Computing normals
Fra:1 Mem:9.25M (Peak 9.25M) | Time:00:00.00 | Mem:0.26M, Peak:0.33M | Scene, ViewLayer | Updating Mesh | Copying Mesh to device
Fra:1 Mem:9.25M (Peak 9.25M) | Time:00:00.00 | Mem:0.32M, Peak:0.33M | Scene, ViewLayer | Updating Objects Flags
Fra:1 Mem:9.25M (Peak 9.25M) | Time:00:00.00 | Mem:0.32M, Peak:0.33M | Scene, ViewLayer | Updating Primitive Offsets
Fra:1 Mem:9.25M (Peak 9.25M) | Time:00:00.00 | Mem:0.32M, Peak:0.33M | Scene, ViewLayer | Updating Images
Fra:1 Mem:9.25M (Peak 9.25M) | Time:00:00.00 | Mem:0.32M, Peak:0.33M | Scene, ViewLayer | Updating Camera Volume
Fra:1 Mem:9.25M (Peak 9.25M) | Time:00:00.00 | Mem:0.32M, Peak:0.33M | Scene, ViewLayer | Updating Lookup Tables
Fra:1 Mem:9.25M (Peak 9.25M) | Time:00:00.00 | Mem:0.40M, Peak:0.40M | Scene, ViewLayer | Updating Lights
Fra:1 Mem:9.25M (Peak 9.25M) | Time:00:00.00 | Mem:0.40M, Peak:0.40M | Scene, ViewLayer | Updating Lights | Computing tree
Fra:1 Mem:9.25M (Peak 9.25M) | Time:00:00.00 | Mem:0.40M, Peak:0.40M | Scene, ViewLayer | Updating Integrator
Fra:1 Mem:9.25M (Peak 9.25M) | Time:00:00.00 | Mem:0.40M, Peak:0.40M | Scene, ViewLayer | Updating Film
Fra:1 Mem:9.25M (Peak 9.25M) | Time:00:00.00 | Mem:0.32M, Peak:0.40M | Scene, ViewLayer | Updating Lookup Tables
Fra:1 Mem:9.25M (Peak 9.25M) | Time:00:00.00 | Mem:0.40M, Peak:0.40M | Scene, ViewLayer | Updating Baking
Fra:1 Mem:9.25M (Peak 9.25M) | Time:00:00.00 | Mem:0.40M, Peak:0.40M | Scene, ViewLayer | Updating Device | Writing constant memory
Fra:1 Mem:9.25M (Peak 9.25M) | Time:00:00.00 | Mem:0.40M, Peak:0.40M | Scene, ViewLayer | Loading denoising kernels (may take a few minutes the first time)
Fra:1 Mem:9.25M (Peak 9.25M) | Time:00:00.00 | Mem:0.40M, Peak:0.40M | Scene, ViewLayer | Sample 0/20
Fra:1 Mem:51.04M (Peak 51.04M) | Time:00:00.07 | Remaining:00:01.42 | Mem:42.15M, Peak:42.15M | Scene, ViewLayer | Sample 1/20
Fra:1 Mem:68.62M (Peak 94.99M) | Time:00:05.38 | Mem:42.15M, Peak:42.15M | Scene, ViewLayer | Sample 20/20
Fra:1 Mem:68.62M (Peak 94.99M) | Time:00:05.38 | Mem:42.15M, Peak:42.15M | Scene, ViewLayer | Finished
Saved: '/workspace/scratch/a29d03198654/Aether/cloud-evidence/cloudsea52g-b-main-source-v0-20261001T072801Z-o93gtfjf/images/sea52g-b-main-0-back.png'
Time: 00:05.44 (Saving: 00:00.06)

Fra:1 Mem:8.99M (Peak 8.99M) | Time:00:00.00 | Mem:0.00M, Peak:0.00M | Scene, ViewLayer | Synchronizing object | CloudSea52g_b_v0_main_crown
Fra:1 Mem:8.99M (Peak 8.99M) | Time:00:00.00 | Mem:0.00M, Peak:0.00M | Scene, ViewLayer | Synchronizing object | Sun
Fra:1 Mem:9.18M (Peak 9.18M) | Time:00:00.00 | Mem:0.00M, Peak:0.00M | Scene, ViewLayer | Initializing
Fra:1 Mem:8.99M (Peak 9.18M) | Time:00:00.00 | Mem:0.00M, Peak:0.00M | Scene, ViewLayer | Waiting for render to start
Fra:1 Mem:8.99M (Peak 9.18M) | Time:00:00.00 | Mem:0.00M, Peak:0.00M | Scene, ViewLayer | Updating Scene
Fra:1 Mem:8.99M (Peak 9.18M) | Time:00:00.00 | Mem:0.00M, Peak:0.00M | Scene, ViewLayer | Updating Shaders
Fra:1 Mem:8.99M (Peak 9.18M) | Time:00:00.00 | Mem:0.00M, Peak:0.00M | Scene, ViewLayer | Loading render kernels (may take a few minutes the first time)
Fra:1 Mem:9.07M (Peak 9.18M) | Time:00:00.00 | Mem:0.00M, Peak:0.00M | Scene, ViewLayer | Updating Procedurals
Fra:1 Mem:9.07M (Peak 9.18M) | Time:00:00.00 | Mem:0.00M, Peak:0.00M | Scene, ViewLayer | Updating Background
Fra:1 Mem:9.07M (Peak 9.18M) | Time:00:00.00 | Mem:0.00M, Peak:0.00M | Scene, ViewLayer | Updating Camera
Fra:1 Mem:9.07M (Peak 9.18M) | Time:00:00.00 | Mem:0.00M, Peak:0.00M | Scene, ViewLayer | Updating Meshes Flags
Fra:1 Mem:9.07M (Peak 9.18M) | Time:00:00.00 | Mem:0.00M, Peak:0.00M | Scene, ViewLayer | Updating Objects
Fra:1 Mem:9.07M (Peak 9.18M) | Time:00:00.00 | Mem:0.00M, Peak:0.00M | Scene, ViewLayer | Updating Objects | Copying Transformations to device
Fra:1 Mem:9.07M (Peak 9.18M) | Time:00:00.00 | Mem:0.00M, Peak:0.00M | Scene, ViewLayer | Updating Particle Systems
Fra:1 Mem:9.07M (Peak 9.18M) | Time:00:00.00 | Mem:0.00M, Peak:0.00M | Scene, ViewLayer | Updating Particle Systems | Copying Particles to device
Fra:1 Mem:9.07M (Peak 9.18M) | Time:00:00.00 | Mem:0.00M, Peak:0.00M | Scene, ViewLayer | Updating Meshes
Fra:1 Mem:9.07M (Peak 9.18M) | Time:00:00.00 | Mem:0.00M, Peak:0.00M | Scene, ViewLayer | Updating Objects | Applying Static Transformations
Fra:1 Mem:9.07M (Peak 9.18M) | Time:00:00.00 | Mem:0.00M, Peak:0.00M | Scene, ViewLayer | Updating Mesh | Computing attributes
Fra:1 Mem:9.19M (Peak 9.19M) | Time:00:00.00 | Mem:0.00M, Peak:0.00M | Scene, ViewLayer | Updating Mesh | Copying Attributes to device
Fra:1 Mem:9.19M (Peak 9.19M) | Time:00:00.00 | Mem:0.12M, Peak:0.12M | Scene, ViewLayer | Updating Scene BVH | Building
Fra:1 Mem:9.19M (Peak 9.19M) | Time:00:00.00 | Mem:0.12M, Peak:0.12M | Scene, ViewLayer | Updating Scene BVH | Building BVH
Fra:1 Mem:9.19M (Peak 9.19M) | Time:00:00.00 | Mem:0.18M, Peak:0.18M | Scene, ViewLayer | Updating Scene BVH | Building BVH 0%
Fra:1 Mem:9.19M (Peak 9.19M) | Time:00:00.00 | Mem:0.26M, Peak:0.33M | Scene, ViewLayer | Updating Scene BVH | Copying BVH to device
Fra:1 Mem:9.19M (Peak 9.19M) | Time:00:00.00 | Mem:0.26M, Peak:0.33M | Scene, ViewLayer | Updating Mesh | Computing normals
Fra:1 Mem:9.25M (Peak 9.25M) | Time:00:00.00 | Mem:0.26M, Peak:0.33M | Scene, ViewLayer | Updating Mesh | Copying Mesh to device
Fra:1 Mem:9.25M (Peak 9.25M) | Time:00:00.00 | Mem:0.32M, Peak:0.33M | Scene, ViewLayer | Updating Objects Flags
Fra:1 Mem:9.25M (Peak 9.25M) | Time:00:00.00 | Mem:0.32M, Peak:0.33M | Scene, ViewLayer | Updating Primitive Offsets
Fra:1 Mem:9.25M (Peak 9.25M) | Time:00:00.00 | Mem:0.32M, Peak:0.33M | Scene, ViewLayer | Updating Images
Fra:1 Mem:9.25M (Peak 9.25M) | Time:00:00.00 | Mem:0.32M, Peak:0.33M | Scene, ViewLayer | Updating Camera Volume
Fra:1 Mem:9.25M (Peak 9.25M) | Time:00:00.00 | Mem:0.32M, Peak:0.33M | Scene, ViewLayer | Updating Lookup Tables
Fra:1 Mem:9.25M (Peak 9.25M) | Time:00:00.00 | Mem:0.40M, Peak:0.40M | Scene, ViewLayer | Updating Lights
Fra:1 Mem:9.25M (Peak 9.25M) | Time:00:00.00 | Mem:0.40M, Peak:0.40M | Scene, ViewLayer | Updating Lights | Computing tree
Fra:1 Mem:9.25M (Peak 9.25M) | Time:00:00.00 | Mem:0.40M, Peak:0.40M | Scene, ViewLayer | Updating Integrator
Fra:1 Mem:9.25M (Peak 9.25M) | Time:00:00.00 | Mem:0.40M, Peak:0.40M | Scene, ViewLayer | Updating Film
Fra:1 Mem:9.25M (Peak 9.25M) | Time:00:00.00 | Mem:0.32M, Peak:0.40M | Scene, ViewLayer | Updating Lookup Tables
Fra:1 Mem:9.25M (Peak 9.25M) | Time:00:00.00 | Mem:0.40M, Peak:0.40M | Scene, ViewLayer | Updating Baking
Fra:1 Mem:9.25M (Peak 9.25M) | Time:00:00.00 | Mem:0.40M, Peak:0.40M | Scene, ViewLayer | Updating Device | Writing constant memory
Fra:1 Mem:9.25M (Peak 9.25M) | Time:00:00.00 | Mem:0.40M, Peak:0.40M | Scene, ViewLayer | Loading denoising kernels (may take a few minutes the first time)
Fra:1 Mem:9.25M (Peak 9.25M) | Time:00:00.00 | Mem:0.40M, Peak:0.40M | Scene, ViewLayer | Sample 0/20
Fra:1 Mem:51.04M (Peak 51.04M) | Time:00:00.07 | Remaining:00:01.35 | Mem:42.15M, Peak:42.15M | Scene, ViewLayer | Sample 1/20
Fra:1 Mem:68.62M (Peak 94.99M) | Time:00:04.78 | Mem:42.15M, Peak:42.15M | Scene, ViewLayer | Sample 20/20
Fra:1 Mem:68.62M (Peak 94.99M) | Time:00:04.78 | Mem:42.15M, Peak:42.15M | Scene, ViewLayer | Finished
Saved: '/workspace/scratch/a29d03198654/Aether/cloud-evidence/cloudsea52g-b-main-source-v0-20261001T072801Z-o93gtfjf/images/sea52g-b-main-0-side.png'
Time: 00:04.84 (Saving: 00:00.05)

Fra:1 Mem:8.99M (Peak 8.99M) | Time:00:00.00 | Mem:0.00M, Peak:0.00M | Scene, ViewLayer | Synchronizing object | CloudSea52g_b_v0_main_crown
Fra:1 Mem:9.08M (Peak 9.08M) | Time:00:00.00 | Mem:0.00M, Peak:0.00M | Scene, ViewLayer | Synchronizing object | Sun
Fra:1 Mem:9.18M (Peak 9.18M) | Time:00:00.00 | Mem:0.00M, Peak:0.00M | Scene, ViewLayer | Initializing
Fra:1 Mem:8.99M (Peak 9.18M) | Time:00:00.00 | Mem:0.00M, Peak:0.00M | Scene, ViewLayer | Waiting for render to start
Fra:1 Mem:8.99M (Peak 9.18M) | Time:00:00.00 | Mem:0.00M, Peak:0.00M | Scene, ViewLayer | Updating Scene
Fra:1 Mem:8.99M (Peak 9.18M) | Time:00:00.00 | Mem:0.00M, Peak:0.00M | Scene, ViewLayer | Updating Shaders
Fra:1 Mem:8.99M (Peak 9.18M) | Time:00:00.00 | Mem:0.00M, Peak:0.00M | Scene, ViewLayer | Loading render kernels (may take a few minutes the first time)
Fra:1 Mem:9.07M (Peak 9.18M) | Time:00:00.00 | Mem:0.00M, Peak:0.00M | Scene, ViewLayer | Updating Procedurals
Fra:1 Mem:9.07M (Peak 9.18M) | Time:00:00.00 | Mem:0.00M, Peak:0.00M | Scene, ViewLayer | Updating Background
Fra:1 Mem:9.07M (Peak 9.18M) | Time:00:00.00 | Mem:0.00M, Peak:0.00M | Scene, ViewLayer | Updating Camera
Fra:1 Mem:9.07M (Peak 9.18M) | Time:00:00.00 | Mem:0.00M, Peak:0.00M | Scene, ViewLayer | Updating Meshes Flags
Fra:1 Mem:9.07M (Peak 9.18M) | Time:00:00.00 | Mem:0.00M, Peak:0.00M | Scene, ViewLayer | Updating Objects
Fra:1 Mem:9.07M (Peak 9.18M) | Time:00:00.00 | Mem:0.00M, Peak:0.00M | Scene, ViewLayer | Updating Objects | Copying Transformations to device
Fra:1 Mem:9.07M (Peak 9.18M) | Time:00:00.00 | Mem:0.00M, Peak:0.00M | Scene, ViewLayer | Updating Particle Systems
Fra:1 Mem:9.07M (Peak 9.18M) | Time:00:00.00 | Mem:0.00M, Peak:0.00M | Scene, ViewLayer | Updating Particle Systems | Copying Particles to device
Fra:1 Mem:9.07M (Peak 9.18M) | Time:00:00.00 | Mem:0.00M, Peak:0.00M | Scene, ViewLayer | Updating Meshes
Fra:1 Mem:9.07M (Peak 9.18M) | Time:00:00.00 | Mem:0.00M, Peak:0.00M | Scene, ViewLayer | Updating Objects | Applying Static Transformations
Fra:1 Mem:9.07M (Peak 9.18M) | Time:00:00.00 | Mem:0.00M, Peak:0.00M | Scene, ViewLayer | Updating Mesh | Computing attributes
Fra:1 Mem:9.19M (Peak 9.19M) | Time:00:00.00 | Mem:0.00M, Peak:0.00M | Scene, ViewLayer | Updating Mesh | Copying Attributes to device
Fra:1 Mem:9.19M (Peak 9.19M) | Time:00:00.00 | Mem:0.12M, Peak:0.12M | Scene, ViewLayer | Updating Scene BVH | Building
Fra:1 Mem:9.19M (Peak 9.19M) | Time:00:00.00 | Mem:0.12M, Peak:0.12M | Scene, ViewLayer | Updating Scene BVH | Building BVH
Fra:1 Mem:9.19M (Peak 9.19M) | Time:00:00.00 | Mem:0.18M, Peak:0.18M | Scene, ViewLayer | Updating Scene BVH | Building BVH 0%
Fra:1 Mem:9.19M (Peak 9.19M) | Time:00:00.00 | Mem:0.26M, Peak:0.33M | Scene, ViewLayer | Updating Scene BVH | Copying BVH to device
Fra:1 Mem:9.19M (Peak 9.19M) | Time:00:00.00 | Mem:0.26M, Peak:0.33M | Scene, ViewLayer | Updating Mesh | Computing normals
Fra:1 Mem:9.25M (Peak 9.25M) | Time:00:00.00 | Mem:0.26M, Peak:0.33M | Scene, ViewLayer | Updating Mesh | Copying Mesh to device
Fra:1 Mem:9.25M (Peak 9.25M) | Time:00:00.00 | Mem:0.32M, Peak:0.33M | Scene, ViewLayer | Updating Objects Flags
Fra:1 Mem:9.25M (Peak 9.25M) | Time:00:00.00 | Mem:0.32M, Peak:0.33M | Scene, ViewLayer | Updating Primitive Offsets
Fra:1 Mem:9.25M (Peak 9.25M) | Time:00:00.00 | Mem:0.32M, Peak:0.33M | Scene, ViewLayer | Updating Images
Fra:1 Mem:9.25M (Peak 9.25M) | Time:00:00.00 | Mem:0.32M, Peak:0.33M | Scene, ViewLayer | Updating Camera Volume
Fra:1 Mem:9.25M (Peak 9.25M) | Time:00:00.00 | Mem:0.32M, Peak:0.33M | Scene, ViewLayer | Updating Lookup Tables
Fra:1 Mem:9.25M (Peak 9.25M) | Time:00:00.00 | Mem:0.40M, Peak:0.40M | Scene, ViewLayer | Updating Lights
Fra:1 Mem:9.25M (Peak 9.25M) | Time:00:00.00 | Mem:0.40M, Peak:0.40M | Scene, ViewLayer | Updating Lights | Computing tree
Fra:1 Mem:9.25M (Peak 9.25M) | Time:00:00.00 | Mem:0.40M, Peak:0.40M | Scene, ViewLayer | Updating Integrator
Fra:1 Mem:9.25M (Peak 9.25M) | Time:00:00.00 | Mem:0.40M, Peak:0.40M | Scene, ViewLayer | Updating Film
Fra:1 Mem:9.25M (Peak 9.25M) | Time:00:00.00 | Mem:0.32M, Peak:0.40M | Scene, ViewLayer | Updating Lookup Tables
Fra:1 Mem:9.25M (Peak 9.25M) | Time:00:00.00 | Mem:0.40M, Peak:0.40M | Scene, ViewLayer | Updating Baking
Fra:1 Mem:9.25M (Peak 9.25M) | Time:00:00.00 | Mem:0.40M, Peak:0.40M | Scene, ViewLayer | Updating Device | Writing constant memory
Fra:1 Mem:9.25M (Peak 9.25M) | Time:00:00.00 | Mem:0.40M, Peak:0.40M | Scene, ViewLayer | Loading denoising kernels (may take a few minutes the first time)
Fra:1 Mem:9.25M (Peak 9.25M) | Time:00:00.00 | Mem:0.40M, Peak:0.40M | Scene, ViewLayer | Sample 0/20
Fra:1 Mem:51.04M (Peak 51.04M) | Time:00:00.08 | Remaining:00:01.47 | Mem:42.15M, Peak:42.15M | Scene, ViewLayer | Sample 1/20
Fra:1 Mem:68.62M (Peak 94.99M) | Time:00:04.99 | Mem:42.15M, Peak:42.15M | Scene, ViewLayer | Sample 20/20
Fra:1 Mem:68.62M (Peak 94.99M) | Time:00:04.99 | Mem:42.15M, Peak:42.15M | Scene, ViewLayer | Finished
Saved: '/workspace/scratch/a29d03198654/Aether/cloud-evidence/cloudsea52g-b-main-source-v0-20261001T072801Z-o93gtfjf/images/sea52g-b-main-0-underside.png'
Time: 00:05.04 (Saving: 00:00.05)

Fra:1 Mem:8.99M (Peak 8.99M) | Time:00:00.00 | Mem:0.00M, Peak:0.00M | Scene, ViewLayer | Synchronizing object | CloudSea52g_b_v0_main_crown
Fra:1 Mem:8.99M (Peak 8.99M) | Time:00:00.00 | Mem:0.00M, Peak:0.00M | Scene, ViewLayer | Synchronizing object | Sun
Fra:1 Mem:9.18M (Peak 9.18M) | Time:00:00.00 | Mem:0.00M, Peak:0.00M | Scene, ViewLayer | Initializing
Fra:1 Mem:8.99M (Peak 9.18M) | Time:00:00.00 | Mem:0.00M, Peak:0.00M | Scene, ViewLayer | Waiting for render to start
Fra:1 Mem:8.99M (Peak 9.18M) | Time:00:00.00 | Mem:0.00M, Peak:0.00M | Scene, ViewLayer | Updating Scene
Fra:1 Mem:8.99M (Peak 9.18M) | Time:00:00.00 | Mem:0.00M, Peak:0.00M | Scene, ViewLayer | Updating Shaders
Fra:1 Mem:8.99M (Peak 9.18M) | Time:00:00.00 | Mem:0.00M, Peak:0.00M | Scene, ViewLayer | Loading render kernels (may take a few minutes the first time)
Fra:1 Mem:9.07M (Peak 9.18M) | Time:00:00.00 | Mem:0.00M, Peak:0.00M | Scene, ViewLayer | Updating Procedurals
Fra:1 Mem:9.07M (Peak 9.18M) | Time:00:00.00 | Mem:0.00M, Peak:0.00M | Scene, ViewLayer | Updating Background
Fra:1 Mem:9.07M (Peak 9.18M) | Time:00:00.00 | Mem:0.00M, Peak:0.00M | Scene, ViewLayer | Updating Camera
Fra:1 Mem:9.07M (Peak 9.18M) | Time:00:00.00 | Mem:0.00M, Peak:0.00M | Scene, ViewLayer | Updating Meshes Flags
Fra:1 Mem:9.07M (Peak 9.18M) | Time:00:00.00 | Mem:0.00M, Peak:0.00M | Scene, ViewLayer | Updating Objects
Fra:1 Mem:9.07M (Peak 9.18M) | Time:00:00.00 | Mem:0.00M, Peak:0.00M | Scene, ViewLayer | Updating Objects | Copying Transformations to device
Fra:1 Mem:9.07M (Peak 9.18M) | Time:00:00.00 | Mem:0.00M, Peak:0.00M | Scene, ViewLayer | Updating Particle Systems
Fra:1 Mem:9.07M (Peak 9.18M) | Time:00:00.00 | Mem:0.00M, Peak:0.00M | Scene, ViewLayer | Updating Particle Systems | Copying Particles to device
Fra:1 Mem:9.07M (Peak 9.18M) | Time:00:00.00 | Mem:0.00M, Peak:0.00M | Scene, ViewLayer | Updating Meshes
Fra:1 Mem:9.07M (Peak 9.18M) | Time:00:00.00 | Mem:0.00M, Peak:0.00M | Scene, ViewLayer | Updating Objects | Applying Static Transformations
Fra:1 Mem:9.07M (Peak 9.18M) | Time:00:00.00 | Mem:0.00M, Peak:0.00M | Scene, ViewLayer | Updating Mesh | Computing attributes
Fra:1 Mem:9.19M (Peak 9.19M) | Time:00:00.00 | Mem:0.00M, Peak:0.00M | Scene, ViewLayer | Updating Mesh | Copying Attributes to device
Fra:1 Mem:9.19M (Peak 9.19M) | Time:00:00.00 | Mem:0.12M, Peak:0.12M | Scene, ViewLayer | Updating Scene BVH | Building
Fra:1 Mem:9.19M (Peak 9.19M) | Time:00:00.00 | Mem:0.12M, Peak:0.12M | Scene, ViewLayer | Updating Scene BVH | Building BVH
Fra:1 Mem:9.19M (Peak 9.19M) | Time:00:00.00 | Mem:0.18M, Peak:0.18M | Scene, ViewLayer | Updating Scene BVH | Building BVH 0%
Fra:1 Mem:9.19M (Peak 9.19M) | Time:00:00.00 | Mem:0.26M, Peak:0.33M | Scene, ViewLayer | Updating Scene BVH | Copying BVH to device
Fra:1 Mem:9.19M (Peak 9.19M) | Time:00:00.00 | Mem:0.26M, Peak:0.33M | Scene, ViewLayer | Updating Mesh | Computing normals
Fra:1 Mem:9.25M (Peak 9.25M) | Time:00:00.00 | Mem:0.26M, Peak:0.33M | Scene, ViewLayer | Updating Mesh | Copying Mesh to device
Fra:1 Mem:9.25M (Peak 9.25M) | Time:00:00.00 | Mem:0.32M, Peak:0.33M | Scene, ViewLayer | Updating Objects Flags
Fra:1 Mem:9.25M (Peak 9.25M) | Time:00:00.00 | Mem:0.32M, Peak:0.33M | Scene, ViewLayer | Updating Primitive Offsets
Fra:1 Mem:9.25M (Peak 9.25M) | Time:00:00.00 | Mem:0.32M, Peak:0.33M | Scene, ViewLayer | Updating Images
Fra:1 Mem:9.25M (Peak 9.25M) | Time:00:00.00 | Mem:0.32M, Peak:0.33M | Scene, ViewLayer | Updating Camera Volume
Fra:1 Mem:9.25M (Peak 9.25M) | Time:00:00.00 | Mem:0.32M, Peak:0.33M | Scene, ViewLayer | Updating Lookup Tables
Fra:1 Mem:9.25M (Peak 9.25M) | Time:00:00.00 | Mem:0.40M, Peak:0.40M | Scene, ViewLayer | Updating Lights
Fra:1 Mem:9.25M (Peak 9.25M) | Time:00:00.00 | Mem:0.40M, Peak:0.40M | Scene, ViewLayer | Updating Lights | Computing tree
Fra:1 Mem:9.25M (Peak 9.25M) | Time:00:00.00 | Mem:0.40M, Peak:0.40M | Scene, ViewLayer | Updating Integrator
Fra:1 Mem:9.25M (Peak 9.25M) | Time:00:00.00 | Mem:0.40M, Peak:0.40M | Scene, ViewLayer | Updating Film
Fra:1 Mem:9.25M (Peak 9.25M) | Time:00:00.00 | Mem:0.32M, Peak:0.40M | Scene, ViewLayer | Updating Lookup Tables
Fra:1 Mem:9.25M (Peak 9.25M) | Time:00:00.00 | Mem:0.40M, Peak:0.40M | Scene, ViewLayer | Updating Baking
Fra:1 Mem:9.25M (Peak 9.25M) | Time:00:00.00 | Mem:0.40M, Peak:0.40M | Scene, ViewLayer | Updating Device | Writing constant memory
Fra:1 Mem:9.25M (Peak 9.25M) | Time:00:00.00 | Mem:0.40M, Peak:0.40M | Scene, ViewLayer | Loading denoising kernels (may take a few minutes the first time)
Fra:1 Mem:9.25M (Peak 9.25M) | Time:00:00.00 | Mem:0.40M, Peak:0.40M | Scene, ViewLayer | Sample 0/20
Fra:1 Mem:51.04M (Peak 51.04M) | Time:00:00.10 | Remaining:00:01.96 | Mem:42.15M, Peak:42.15M | Scene, ViewLayer | Sample 1/20
Fra:1 Mem:68.62M (Peak 94.99M) | Time:00:05.04 | Mem:42.15M, Peak:42.15M | Scene, ViewLayer | Sample 20/20
Fra:1 Mem:68.62M (Peak 94.99M) | Time:00:05.04 | Mem:42.15M, Peak:42.15M | Scene, ViewLayer | Finished
Saved: '/workspace/scratch/a29d03198654/Aether/cloud-evidence/cloudsea52g-b-main-source-v0-20261001T072801Z-o93gtfjf/images/sea52g-b-main-0-top.png'
Time: 00:05.10 (Saving: 00:00.05)


Blender quit
