ERROR: Instance count must be 0 to change the transform format.
   at: set_transform_format (scene/resources/multimesh.cpp:352)
   GDScript backtrace (most recent call first):
       [0] fixture_world (res://tools/verify_cliff_refresh.gd:13)
       [1] build (res://tools/verify_cliff_refresh.gd:116)
ERROR: Instance count must be 0 to toggle whether colors are used.
   at: set_use_colors (scene/resources/multimesh.cpp:334)
   GDScript backtrace (most recent call first):
       [0] fixture_world (res://tools/verify_cliff_refresh.gd:13)
       [1] build (res://tools/verify_cliff_refresh.gd:116)
ERROR: Instance count must be 0 to toggle whether custom data is used.
   at: set_use_custom_data (scene/resources/multimesh.cpp:343)
   GDScript backtrace (most recent call first):
       [0] fixture_world (res://tools/verify_cliff_refresh.gd:13)
       [1] build (res://tools/verify_cliff_refresh.gd:116)
ERROR: Instance count must be 0 to change the transform format.
   at: set_transform_format (scene/resources/multimesh.cpp:352)
   GDScript backtrace (most recent call first):
       [0] fixture_world (res://tools/verify_cliff_refresh.gd:13)
       [1] build (res://tools/verify_cliff_refresh.gd:116)
ERROR: Instance count must be 0 to toggle whether colors are used.
   at: set_use_colors (scene/resources/multimesh.cpp:334)
   GDScript backtrace (most recent call first):
       [0] fixture_world (res://tools/verify_cliff_refresh.gd:13)
       [1] build (res://tools/verify_cliff_refresh.gd:116)
ERROR: Instance count must be 0 to toggle whether custom data is used.
   at: set_use_custom_data (scene/resources/multimesh.cpp:343)
   GDScript backtrace (most recent call first):
       [0] fixture_world (res://tools/verify_cliff_refresh.gd:13)
       [1] build (res://tools/verify_cliff_refresh.gd:116)
