Fontconfig error: No writable cache directories
Fontconfig error: No writable cache directories
Fontconfig error: No writable cache directories
Fontconfig error: No writable cache directories
Fontconfig error: No writable cache directories
Fontconfig error: No writable cache directories
Fontconfig error: No writable cache directories
Fontconfig error: No writable cache directories
Fontconfig error: No writable cache directories
Fontconfig error: No writable cache directories
Fontconfig error: No writable cache directories
Fontconfig error: No writable cache directories
Fontconfig error: No writable cache directories
Fontconfig error: No writable cache directories
Fontconfig error: No writable cache directories
Fontconfig error: No writable cache directories
Fontconfig error: No writable cache directories
Fontconfig error: No writable cache directories
Fontconfig error: No writable cache directories
Fontconfig error: No writable cache directories
Fontconfig error: No writable cache directories
Fontconfig error: No writable cache directories
Fontconfig error: No writable cache directories
Fontconfig error: No writable cache directories
Fontconfig error: No writable cache directories
Fontconfig error: No writable cache directories
Fontconfig error: No writable cache directories
Fontconfig error: No writable cache directories
Fontconfig error: No writable cache directories
Fontconfig error: No writable cache directories
ERROR: Could not create directory: '/home/agent/.local/share/godot'.
   at: make_dir_recursive (core/io/dir_access.cpp:178)
ERROR: Error attempting to create data dir: /home/agent/.local/share/godot/app_userdata/Aether — Skyfarer.
   at: ensure_user_data_dir (core/os/os.cpp:418)
ERROR: Could not create directory: 'user://logs'.
   at: make_dir_recursive (core/io/dir_access.cpp:178)

================================================================
handle_crash: Program crashed with signal 11
Engine version: Godot Engine v4.5.1.stable.official (f62fdbde15035c5576dad93e586201f4d41ef0cb)
Dumping the backtrace. Please include this when reporting the bug on: https://github.com/godotengine/godot/issues
[1] /lib/x86_64-linux-gnu/libc.so.6(+0x3fdf0) [0x7f886670adf0] (??:0)
[2] /workspace/shared/feiting-tools/Godot_v4.5.1-stable_linux.x86_64() [0x441163f] (??:0)
[3] /workspace/shared/feiting-tools/Godot_v4.5.1-stable_linux.x86_64() [0x4c1a6cc] (??:0)
[4] /workspace/shared/feiting-tools/Godot_v4.5.1-stable_linux.x86_64() [0x42d0ba] (??:0)
[5] /lib/x86_64-linux-gnu/libc.so.6(+0x29ca8) [0x7f88666f4ca8] (??:0)
[6] /lib/x86_64-linux-gnu/libc.so.6(__libc_start_main+0x85) [0x7f88666f4d65] (??:0)
[7] /workspace/shared/feiting-tools/Godot_v4.5.1-stable_linux.x86_64() [0x46ca2a] (??:0)
-- END OF C++ BACKTRACE --
================================================================
