{
  "meshes": [
    {
      "name": "Ground_1_-2",
      "triangles": 11593,
      "degenerate": 0,
      "original_degenerate": 0,
      "nonmanifold_edges": 0,
      "open_edges": 153,
      "original_open_edges": 153,
      "upward_cross": 0,
      "original_upward_cross": 0,
      "boundary_horizontal_max_m": 5.002220859751105e-12,
      "boundary_height_max_change_m": 4.973799150320701e-14
    },
    {
      "name": "Ground_1_-3",
      "triangles": 2518,
      "degenerate": 0,
      "original_degenerate": 0,
      "nonmanifold_edges": 0,
      "open_edges": 134,
      "original_open_edges": 134,
      "upward_cross": 0,
      "original_upward_cross": 0,
      "boundary_horizontal_max_m": 5.002220859751105e-12,
      "boundary_height_max_change_m": 4.405364961712621e-13
    },
    {
      "name": "massif_cirque_wall",
      "triangles": 692,
      "degenerate": 0,
      "original_degenerate": 0,
      "nonmanifold_edges": 0,
      "open_edges": 0,
      "original_open_edges": 0,
      "upward_cross": 35,
      "original_upward_cross": 11
    },
    {
      "name": "massif_east_foothill",
      "triangles": 2416,
      "degenerate": 0,
      "original_degenerate": 0,
      "nonmanifold_edges": 0,
      "open_edges": 0,
      "original_open_edges": 0,
      "upward_cross": 1120,
      "original_upward_cross": 11
    }
  ],
  "corridor_all_submerged": true
}
