Info: Saved as "Ground_1_-2_lake48.blend"
INFO Draco mesh compression is available, use library at /workspace/shared/feiting-tools/blender-4.5.14-linux-x64/4.5/scripts/addons_core/io_scene_gltf2/libextern_draco.so
07:11:37 | INFO: Starting glTF 2.0 export
07:11:37 | INFO: Extracting primitive: Ground_1_-2Geometry
07:11:37 | INFO: Primitives created: 1
07:11:37 | INFO: Finished glTF 2.0 export in 0.018162965774536133 s

Info: Saved as "Ground_1_-3_lake48.blend"
07:11:37 | INFO: Starting glTF 2.0 export
07:11:37 | INFO: Extracting primitive: Ground_1_-3Geometry
07:11:37 | INFO: Primitives created: 1
07:11:37 | INFO: Finished glTF 2.0 export in 0.006428241729736328 s

Info: Saved as "massif_cirque_wall_lake48.blend"
07:11:37 | INFO: Starting glTF 2.0 export
07:11:37 | INFO: Extracting primitive: massif_cirque_wallGeometry
07:11:37 | INFO: Primitives created: 1
07:11:37 | INFO: Finished glTF 2.0 export in 0.00426793098449707 s

Info: Saved as "massif_east_foothill_lake48.blend"
07:11:37 | INFO: Starting glTF 2.0 export
07:11:37 | INFO: Extracting primitive: massif_east_foothillGeometry
07:11:37 | INFO: Primitives created: 1
07:11:37 | INFO: Finished glTF 2.0 export in 0.005867958068847656 s

LAKE48_SCULPT_DONE 338
Blender 4.5.14 LTS (hash 62c1db4208e8 built 2026-09-15 01:31:19)
Read blend: "/workspace/scratch/a29d03198654/Aether/cloud-evidence/lake-source-intake/Ground_1_-2.blend"
Read blend: "/workspace/scratch/a29d03198654/Aether/cloud-evidence/lake-source-intake/Ground_1_-3.blend"
Read blend: "/workspace/scratch/a29d03198654/Aether/source-assets/lake48/original_cirque_wall.blend"
Read blend: "/workspace/scratch/a29d03198654/Aether/source-assets/lake48/original_east_foothill.blend"

Blender quit
