Info: Saved as "Ground_1_-2_lake48.blend"
INFO Draco mesh compression is available, use library at /workspace/shared/feiting-tools/blender-4.5.14-linux-x64/4.5/scripts/addons_core/io_scene_gltf2/libextern_draco.so
07:09:11 | INFO: Starting glTF 2.0 export
07:09:11 | INFO: Extracting primitive: Ground_1_-2Geometry
07:09:11 | INFO: Primitives created: 1
07:09:11 | INFO: Finished glTF 2.0 export in 0.0183560848236084 s

Info: Saved as "Ground_1_-3_lake48.blend"
07:09:11 | INFO: Starting glTF 2.0 export
07:09:11 | INFO: Extracting primitive: Ground_1_-3Geometry
07:09:11 | INFO: Primitives created: 1
07:09:11 | INFO: Finished glTF 2.0 export in 0.008621454238891602 s

Info: Saved as "massif_cirque_wall_lake48.blend"
07:09:11 | INFO: Starting glTF 2.0 export
07:09:11 | INFO: Extracting primitive: massif_cirque_wallGeometry
07:09:11 | INFO: Primitives created: 1
07:09:11 | INFO: Finished glTF 2.0 export in 0.004543781280517578 s

Info: Saved as "massif_east_foothill_lake48.blend"
07:09:11 | INFO: Starting glTF 2.0 export
07:09:11 | INFO: Extracting primitive: massif_east_foothillGeometry
07:09:11 | INFO: Primitives created: 1
07:09:11 | INFO: Finished glTF 2.0 export in 0.008317947387695312 s

LAKE48_SCULPT_DONE 0
Blender 4.5.14 LTS (hash 62c1db4208e8 built 2026-09-15 01:31:19)
Read blend: "/workspace/scratch/a29d03198654/Aether/cloud-evidence/lake-source-intake/Ground_1_-2.blend"
Read blend: "/workspace/scratch/a29d03198654/Aether/cloud-evidence/lake-source-intake/Ground_1_-3.blend"
Read blend: "/workspace/scratch/a29d03198654/Aether/source-assets/lake48/original_cirque_wall.blend"
Read blend: "/workspace/scratch/a29d03198654/Aether/source-assets/lake48/original_east_foothill.blend"

Blender quit
