{
  "candidate": "58J",
  "status": "Read-only diagnostics of rejected candidate; topology failure remains authoritative",
  "valid_candidate": false,
  "visual_acceptance": false,
  "native_started": false,
  "design_sha256": "ef8a57ca98f7c5d20179dbbf7755e6168ee1d0600ab07cb8dcdd6044920a66ac",
  "vertices": 662,
  "triangles": 1328,
  "edges": 1992,
  "euler": -2,
  "exposed_polygon_count": 264,
  "metric_union_slopes": {
    "measurement": "Actual exposed union triangle area in physical source-local UVY, grouped by source plane; not input inclination labels",
    "total_area_m2": 384679.8219955639,
    "fractions": {
      "within_15deg_horizontal": 0.0,
      "within_15deg_vertical": 0.0,
      "inclined_15_to_60deg": 0.9666366366444792
    },
    "authored_planes": {
      "Main_Crown:2": {
        "area_m2": 17349.518015962913,
        "inclination_from_horizontal_degrees": 31.999999999977845
      },
      "Main_Crown:10": {
        "area_m2": 17170.028721493865,
        "inclination_from_horizontal_degrees": 53.0000000000008
      },
      "Rear_Crown:1": {
        "area_m2": 16045.279232981939,
        "inclination_from_horizontal_degrees": 26.999999999999996
      },
      "Main_Crown:0": {
        "area_m2": 15556.758214325315,
        "inclination_from_horizontal_degrees": 28.999999999999996
      },
      "Main_Crown:1": {
        "area_m2": 14889.402414914344,
        "inclination_from_horizontal_degrees": 36.99999999999999
      },
      "Main_Crown:3": {
        "area_m2": 13736.669395906121,
        "inclination_from_horizontal_degrees": 43.00000000000081
      },
      "Main_Crown:11": {
        "area_m2": 12781.736771329015,
        "inclination_from_horizontal_degrees": 38.999999999998394
      },
      "Main_Crown:9": {
        "area_m2": 11385.675123981322,
        "inclination_from_horizontal_degrees": 45.00000000000016
      },
      "Rear_Crown:3": {
        "area_m2": 11226.302950155936,
        "inclination_from_horizontal_degrees": 34.000000000000995
      },
      "Front_Lower_Buttress:10": {
        "area_m2": 10005.960153439479,
        "inclination_from_horizontal_degrees": 49.000000000000036
      },
      "Rear_Crown:12": {
        "area_m2": 9884.223033878492,
        "inclination_from_horizontal_degrees": 44.99999999999932
      },
      "Rear_Crown:0": {
        "area_m2": 8780.800665039731,
        "inclination_from_horizontal_degrees": 37.99999999999989
      },
      "Back_Diagonal_Ledge:10": {
        "area_m2": 8469.504545858948,
        "inclination_from_horizontal_degrees": 38.00000000000001
      },
      "Rear_Crown:9": {
        "area_m2": 8131.817813795055,
        "inclination_from_horizontal_degrees": 50.999999999999666
      },
      "Front_Lower_Buttress:11": {
        "area_m2": 8003.9288460735315,
        "inclination_from_horizontal_degrees": 55.99999999999993
      },
      "Rear_Crown:2": {
        "area_m2": 7930.791219714468,
        "inclination_from_horizontal_degrees": 41.99999999999994
      },
      "Front_Short_Fold:12": {
        "area_m2": 7661.386840882091,
        "inclination_from_horizontal_degrees": 51.999999999999886
      },
      "Rear_Lower_Buttress:12": {
        "area_m2": 7597.806089765133,
        "inclination_from_horizontal_degrees": 37.000000000000064
      },
      "Back_Diagonal_Ledge:1": {
        "area_m2": 7487.817177443531,
        "inclination_from_horizontal_degrees": 41.00000000000136
      },
      "Rear_Lower_Buttress:9": {
        "area_m2": 7107.348572631834,
        "inclination_from_horizontal_degrees": 53.999999999999794
      },
      "Rear_Lower_Buttress:10": {
        "area_m2": 7062.023039319751,
        "inclination_from_horizontal_degrees": 41.99999999999989
      },
      "Back_Diagonal_Ledge:11": {
        "area_m2": 6956.750189020763,
        "inclination_from_horizontal_degrees": 54.99999999999867
      },
      "Front_Lower_Buttress:9": {
        "area_m2": 6899.6290917172855,
        "inclination_from_horizontal_degrees": 39.00000000000015
      },
      "Front_Short_Fold:9": {
        "area_m2": 6731.398113986808,
        "inclination_from_horizontal_degrees": 44.00000000000001
      },
      "Front_Lower_Buttress:12": {
        "area_m2": 6533.879107878496,
        "inclination_from_horizontal_degrees": 43.999999999999964
      },
      "Rear_Crown:10": {
        "area_m2": 6491.078946646951,
        "inclination_from_horizontal_degrees": 40.99999999999994
      },
      "Front_Short_Fold:11": {
        "area_m2": 6059.808877131765,
        "inclination_from_horizontal_degrees": 40.0000000000001
      },
      "Front_Lower_Buttress:3": {
        "area_m2": 5492.347410557049,
        "inclination_from_horizontal_degrees": 38.0000000000003
      },
      "Front_Short_Fold:0": {
        "area_m2": 5224.226792265997,
        "inclination_from_horizontal_degrees": 35.00000000000053
      },
      "Front_Lower_Buttress:2": {
        "area_m2": 4676.0808793737915,
        "inclination_from_horizontal_degrees": 29.000000000000135
      },
      "Back_Diagonal_Ledge:13": {
        "area_m2": 4552.149436059664,
        "inclination_from_horizontal_degrees": 21.999999999998398
      },
      "Rear_Lower_Buttress:11": {
        "area_m2": 4478.187733950281,
        "inclination_from_horizontal_degrees": 47.99999999999995
      },
      "Rear_Crown:11": {
        "area_m2": 4330.4920941505425,
        "inclination_from_horizontal_degrees": 55.99999999999951
      },
      "Back_Diagonal_Ledge:9": {
        "area_m2": 3799.86746908281,
        "inclination_from_horizontal_degrees": 49.999999999999595
      },
      "Main_Crown:12": {
        "area_m2": 3356.9337970041643,
        "inclination_from_horizontal_degrees": 49.0000000000007
      },
      "Left_Short_Accent:8": {
        "area_m2": 3184.577925838189,
        "inclination_from_horizontal_degrees": 38.000000000000114
      },
      "Front_Short_Fold:3": {
        "area_m2": 3135.2085199905823,
        "inclination_from_horizontal_degrees": 38.99999999999991
      },
      "Left_Short_Accent:9": {
        "area_m2": 2991.9378042192493,
        "inclination_from_horizontal_degrees": 55.00000000000004
      },
      "Rear_Lower_Buttress:13": {
        "area_m2": 2898.785871687894,
        "inclination_from_horizontal_degrees": 25.00000000000014
      },
      "Back_Diagonal_Ledge:5": {
        "area_m2": 2873.4573589223432,
        "inclination_from_horizontal_degrees": 56.99999999999975
      },
      "Main_Crown:5": {
        "area_m2": 2870.850665569167,
        "inclination_from_horizontal_degrees": 64.00000000000094
      },
      "Front_Lower_Buttress:13": {
        "area_m2": 2750.190966683955,
        "inclination_from_horizontal_degrees": 26.00000000000004
      },
      "Front_Short_Fold:2": {
        "area_m2": 2729.8754888800113,
        "inclination_from_horizontal_degrees": 27.999999999999588
      },
      "Back_Diagonal_Ledge:2": {
        "area_m2": 2641.402790801258,
        "inclination_from_horizontal_degrees": 35.99999999999948
      },
      "Front_Lower_Buttress:1": {
        "area_m2": 2637.5448474656637,
        "inclination_from_horizontal_degrees": 33.00000000000047
      },
      "Front_Short_Fold:10": {
        "area_m2": 2597.8806827562466,
        "inclination_from_horizontal_degrees": 55.00000000000034
      },
      "Front_Lower_Buttress:0": {
        "area_m2": 2579.568083988517,
        "inclination_from_horizontal_degrees": 42.00000000000001
      },
      "Right_Short_Accent:7": {
        "area_m2": 2478.466841946121,
        "inclination_from_horizontal_degrees": 52.000000000001094
      },
      "Left_Short_Accent:7": {
        "area_m2": 2406.2156993798653,
        "inclination_from_horizontal_degrees": 46.00000000000004
      },
      "Right_Short_Accent:8": {
        "area_m2": 2315.5462517582587,
        "inclination_from_horizontal_degrees": 43.99999999999974
      },
      "Right_Short_Accent:9": {
        "area_m2": 2248.9733195786953,
        "inclination_from_horizontal_degrees": 36.99999999999973
      },
      "Rear_Lower_Buttress:1": {
        "area_m2": 2071.6095029145463,
        "inclination_from_horizontal_degrees": 39.00000000000014
      },
      "Rear_Crown:5": {
        "area_m2": 2021.0955899831843,
        "inclination_from_horizontal_degrees": 54.99999999999977
      },
      "Right_Short_Accent:1": {
        "area_m2": 1795.0801106493495,
        "inclination_from_horizontal_degrees": 28.99999999999989
      },
      "Front_Short_Fold:7": {
        "area_m2": 1644.321984783051,
        "inclination_from_horizontal_degrees": 62.00000000000026
      },
      "Left_Short_Accent:2": {
        "area_m2": 1597.6685402046273,
        "inclination_from_horizontal_degrees": 27.000000000000306
      },
      "Rear_Lower_Buttress:8": {
        "area_m2": 1508.581851454404,
        "inclination_from_horizontal_degrees": 68.00000000000017
      },
      "Left_Short_Accent:1": {
        "area_m2": 1409.4382687305836,
        "inclination_from_horizontal_degrees": 43.00000000000024
      },
      "Rear_Lower_Buttress:5": {
        "area_m2": 1388.2769177576704,
        "inclination_from_horizontal_degrees": 52.999999999999986
      },
      "Right_Short_Accent:0": {
        "area_m2": 1364.3322014917312,
        "inclination_from_horizontal_degrees": 41.00000000000023
      },
      "Back_Diagonal_Ledge:12": {
        "area_m2": 1256.7770561430211,
        "inclination_from_horizontal_degrees": 42.999999999999886
      },
      "Front_Short_Fold:13": {
        "area_m2": 1247.7226447984506,
        "inclination_from_horizontal_degrees": 24.000000000000316
      },
      "Right_Short_Accent:3": {
        "area_m2": 1216.800017706419,
        "inclination_from_horizontal_degrees": 62.999999999999936
      },
      "Front_Lower_Buttress:5": {
        "area_m2": 1171.0388075740723,
        "inclination_from_horizontal_degrees": 64.0000000000002
      },
      "Back_Diagonal_Ledge:0": {
        "area_m2": 1166.499746324299,
        "inclination_from_horizontal_degrees": 31.000000000000043
      },
      "Front_Lower_Buttress:6": {
        "area_m2": 1129.0668398186097,
        "inclination_from_horizontal_degrees": 53.00000000000029
      },
      "Back_Diagonal_Ledge:3": {
        "area_m2": 1080.3018347735683,
        "inclination_from_horizontal_degrees": 26.9999999999997
      },
      "Left_Short_Accent:5": {
        "area_m2": 1039.3076635409775,
        "inclination_from_horizontal_degrees": 58.00000000000004
      },
      "Front_Lower_Buttress:4": {
        "area_m2": 1014.5538274790827,
        "inclination_from_horizontal_degrees": 58.00000000000025
      },
      "Main_Crown:6": {
        "area_m2": 946.6410810580256,
        "inclination_from_horizontal_degrees": 58.99999999999998
      },
      "Rear_Lower_Buttress:3": {
        "area_m2": 945.1983644985361,
        "inclination_from_horizontal_degrees": 33.99999999999997
      },
      "Rear_Crown:8": {
        "area_m2": 914.3293824874529,
        "inclination_from_horizontal_degrees": 64.99999999999997
      },
      "Rear_Lower_Buttress:2": {
        "area_m2": 900.7504658248158,
        "inclination_from_horizontal_degrees": 43.00000000000023
      },
      "Main_Crown:4": {
        "area_m2": 876.9347082408563,
        "inclination_from_horizontal_degrees": 56.00000000000003
      },
      "Right_Short_Accent:2": {
        "area_m2": 794.5761551850305,
        "inclination_from_horizontal_degrees": 35.999999999999716
      },
      "Left_Short_Accent:6": {
        "area_m2": 788.4795760344751,
        "inclination_from_horizontal_degrees": 68.99999999999989
      },
      "Back_Diagonal_Ledge:8": {
        "area_m2": 786.6545668834931,
        "inclination_from_horizontal_degrees": 66.0
      },
      "Right_Short_Accent:6": {
        "area_m2": 784.044842295264,
        "inclination_from_horizontal_degrees": 57.00000000000033
      },
      "Rear_Crown:4": {
        "area_m2": 719.5833325888398,
        "inclination_from_horizontal_degrees": 60.999999999999694
      },
      "Rear_Lower_Buttress:0": {
        "area_m2": 658.1397847412164,
        "inclination_from_horizontal_degrees": 27.99999999999746
      },
      "Rear_Crown:7": {
        "area_m2": 633.2816182783513,
        "inclination_from_horizontal_degrees": 57.00000000000027
      },
      "Front_Short_Fold:1": {
        "area_m2": 621.8280980905165,
        "inclination_from_horizontal_degrees": 43.000000000000306
      },
      "Left_Short_Accent:4": {
        "area_m2": 604.6605460801754,
        "inclination_from_horizontal_degrees": 63.99999999999981
      },
      "Front_Lower_Buttress:7": {
        "area_m2": 472.0961207016565,
        "inclination_from_horizontal_degrees": 69.00000000000001
      },
      "Left_Short_Accent:3": {
        "area_m2": 426.47973410995104,
        "inclination_from_horizontal_degrees": 55.0000000237211
      },
      "Main_Crown:13": {
        "area_m2": 197.07305005978282,
        "inclination_from_horizontal_degrees": 22.99999999999962
      },
      "Rear_Crown:6": {
        "area_m2": 120.25748218346176,
        "inclination_from_horizontal_degrees": 68.99999999999976
      },
      "Right_Short_Accent:4": {
        "area_m2": 109.14656569287658,
        "inclination_from_horizontal_degrees": 53.9999999999995
      },
      "Front_Short_Fold:4": {
        "area_m2": 52.54287448787991,
        "inclination_from_horizontal_degrees": 53.99999999999955
      },
      "Right_Short_Accent:5": {
        "area_m2": 16.55834272844009,
        "inclination_from_horizontal_degrees": 68.00000000000139
      }
    },
    "design_targets_only": {
      "near_horizontal_lt_15pct": true,
      "near_vertical_lt_30pct": true,
      "inclined_gt_35pct": true
    },
    "visual_acceptance": false
  },
  "arithmetic_audit": {
    "consecutive_equal_arithmetic_stations": 0,
    "zero_dimensional_clip_outputs": 0,
    "zero_area_clip_outputs": 0,
    "nonunique_parallel_plane_triples": 0,
    "maximum_weld_displacement_m": 9.498975809417745e-13,
    "shared_edge_stations_inserted": 226
  },
  "exposed_area_m2_by_region": {
    "Main_Crown": 111118.22195984484,
    "Rear_Crown": 77229.33336188436,
    "Front_Short_Fold": 37706.200918053386,
    "Back_Diagonal_Ledge": 41071.18217131372,
    "Front_Lower_Buttress": 53365.88498275116,
    "Rear_Lower_Buttress": 36616.70819454607,
    "Left_Short_Accent": 14448.765758138097,
    "Right_Short_Accent": 13123.524649032182
  },
  "pairwise_intersections": [
    {
      "regions": [
        "Main_Crown",
        "Rear_Crown"
      ],
      "maximum_common_inscribed_radius_m": 8.388792666055434,
      "center_UVY": [
        15.836255769811396,
        -21.757922067328987,
        761.530276343262
      ],
      "positive_volume_overlap": true
    },
    {
      "regions": [
        "Main_Crown",
        "Front_Short_Fold"
      ],
      "maximum_common_inscribed_radius_m": 26.35366689248616,
      "center_UVY": [
        -86.06739419948518,
        -50.293088550983406,
        734.1232229543004
      ],
      "positive_volume_overlap": true
    },
    {
      "regions": [
        "Main_Crown",
        "Back_Diagonal_Ledge"
      ],
      "maximum_common_inscribed_radius_m": 9.578335010357199,
      "center_UVY": [
        -72.81982771373798,
        83.79321051144144,
        727.4706806054804
      ],
      "positive_volume_overlap": true
    },
    {
      "regions": [
        "Main_Crown",
        "Front_Lower_Buttress"
      ],
      "maximum_common_inscribed_radius_m": 15.289538390914569,
      "center_UVY": [
        -82.2882462287676,
        -20.47344890559546,
        692.478978835572
      ],
      "positive_volume_overlap": true
    },
    {
      "regions": [
        "Main_Crown",
        "Rear_Lower_Buttress"
      ],
      "maximum_common_inscribed_radius_m": -34.147962850176434,
      "center_UVY": [
        -37.96481746778846,
        98.7670775533572,
        703.5499540026851
      ],
      "positive_volume_overlap": false
    },
    {
      "regions": [
        "Main_Crown",
        "Left_Short_Accent"
      ],
      "maximum_common_inscribed_radius_m": 6.017914563492857,
      "center_UVY": [
        -183.84382671635157,
        -3.1745864079717823,
        738.8467413911502
      ],
      "positive_volume_overlap": true
    },
    {
      "regions": [
        "Main_Crown",
        "Right_Short_Accent"
      ],
      "maximum_common_inscribed_radius_m": -59.0758070719518,
      "center_UVY": [
        123.97592244242522,
        41.25109201032486,
        790.7575064101308
      ],
      "positive_volume_overlap": false
    },
    {
      "regions": [
        "Rear_Crown",
        "Front_Short_Fold"
      ],
      "maximum_common_inscribed_radius_m": -0.9274590891055671,
      "center_UVY": [
        23.06658005037802,
        -29.328126419612982,
        734.75277670085
      ],
      "positive_volume_overlap": false
    },
    {
      "regions": [
        "Rear_Crown",
        "Back_Diagonal_Ledge"
      ],
      "maximum_common_inscribed_radius_m": 28.012991952163446,
      "center_UVY": [
        58.76300069863049,
        77.66641633576126,
        725.3553117168008
      ],
      "positive_volume_overlap": true
    },
    {
      "regions": [
        "Rear_Crown",
        "Front_Lower_Buttress"
      ],
      "maximum_common_inscribed_radius_m": -37.201298568898096,
      "center_UVY": [
        -14.948930055899819,
        -6.919662099777088,
        724.4289434133208
      ],
      "positive_volume_overlap": false
    },
    {
      "regions": [
        "Rear_Crown",
        "Rear_Lower_Buttress"
      ],
      "maximum_common_inscribed_radius_m": 34.16828928256432,
      "center_UVY": [
        101.17324253033394,
        44.458761348887094,
        702.7542958231699
      ],
      "positive_volume_overlap": true
    },
    {
      "regions": [
        "Rear_Crown",
        "Left_Short_Accent"
      ],
      "maximum_common_inscribed_radius_m": -67.28396873218297,
      "center_UVY": [
        -71.53883777046293,
        35.754401115846804,
        751.1042309278344
      ],
      "positive_volume_overlap": false
    },
    {
      "regions": [
        "Rear_Crown",
        "Right_Short_Accent"
      ],
      "maximum_common_inscribed_radius_m": 8.741439589327493,
      "center_UVY": [
        168.24883871966205,
        48.06731926148184,
        719.1510629468689
      ],
      "positive_volume_overlap": true
    },
    {
      "regions": [
        "Front_Short_Fold",
        "Back_Diagonal_Ledge"
      ],
      "maximum_common_inscribed_radius_m": -7.885002749050988,
      "center_UVY": [
        10.772070246408447,
        6.394422978135884,
        721.9061987187879
      ],
      "positive_volume_overlap": false
    },
    {
      "regions": [
        "Front_Short_Fold",
        "Front_Lower_Buttress"
      ],
      "maximum_common_inscribed_radius_m": 9.280735301990518,
      "center_UVY": [
        -99.41714289764913,
        -68.35408256825235,
        686.17607657229
      ],
      "positive_volume_overlap": true
    },
    {
      "regions": [
        "Front_Short_Fold",
        "Rear_Lower_Buttress"
      ],
      "maximum_common_inscribed_radius_m": -25.21886154317089,
      "center_UVY": [
        20.834901585251952,
        38.7989377810969,
        714.8085929831484
      ],
      "positive_volume_overlap": false
    },
    {
      "regions": [
        "Front_Short_Fold",
        "Left_Short_Accent"
      ],
      "maximum_common_inscribed_radius_m": 1.796442627766113e-05,
      "center_UVY": [
        -158.74287540102338,
        -47.365808595254386,
        725.9210189563138
      ],
      "positive_volume_overlap": true
    },
    {
      "regions": [
        "Front_Short_Fold",
        "Right_Short_Accent"
      ],
      "maximum_common_inscribed_radius_m": -64.28611602191087,
      "center_UVY": [
        126.37457663296206,
        -53.53007597912671,
        737.8197628506063
      ],
      "positive_volume_overlap": false
    },
    {
      "regions": [
        "Back_Diagonal_Ledge",
        "Front_Lower_Buttress"
      ],
      "maximum_common_inscribed_radius_m": -18.76105661834208,
      "center_UVY": [
        -5.042240349649514,
        44.09468376886268,
        670.937177858317
      ],
      "positive_volume_overlap": false
    },
    {
      "regions": [
        "Back_Diagonal_Ledge",
        "Rear_Lower_Buttress"
      ],
      "maximum_common_inscribed_radius_m": 14.470775910599482,
      "center_UVY": [
        43.06153286285369,
        76.36724581773704,
        694.9121145932108
      ],
      "positive_volume_overlap": true
    },
    {
      "regions": [
        "Back_Diagonal_Ledge",
        "Left_Short_Accent"
      ],
      "maximum_common_inscribed_radius_m": -41.75037041881815,
      "center_UVY": [
        -136.1166014918712,
        42.252093198801276,
        737.7154639218704
      ],
      "positive_volume_overlap": false
    },
    {
      "regions": [
        "Back_Diagonal_Ledge",
        "Right_Short_Accent"
      ],
      "maximum_common_inscribed_radius_m": -17.603830975487547,
      "center_UVY": [
        142.31360053193123,
        60.558543081782446,
        737.9825453700028
      ],
      "positive_volume_overlap": false
    },
    {
      "regions": [
        "Front_Lower_Buttress",
        "Rear_Lower_Buttress"
      ],
      "maximum_common_inscribed_radius_m": -30.002314179051677,
      "center_UVY": [
        4.085030767813154,
        51.464783083854634,
        677.1409136362446
      ],
      "positive_volume_overlap": false
    },
    {
      "regions": [
        "Front_Lower_Buttress",
        "Left_Short_Accent"
      ],
      "maximum_common_inscribed_radius_m": -6.852184617352948,
      "center_UVY": [
        -200.85299288636725,
        -36.247572286271065,
        685.9393632926271
      ],
      "positive_volume_overlap": false
    },
    {
      "regions": [
        "Front_Lower_Buttress",
        "Right_Short_Accent"
      ],
      "maximum_common_inscribed_radius_m": -63.961424422129475,
      "center_UVY": [
        63.57512043084396,
        23.010056241551126,
        647.6676408475109
      ],
      "positive_volume_overlap": false
    },
    {
      "regions": [
        "Rear_Lower_Buttress",
        "Left_Short_Accent"
      ],
      "maximum_common_inscribed_radius_m": -80.50200916648853,
      "center_UVY": [
        -37.89414813386168,
        -88.63509551339278,
        684.5502580482506
      ],
      "positive_volume_overlap": false
    },
    {
      "regions": [
        "Rear_Lower_Buttress",
        "Right_Short_Accent"
      ],
      "maximum_common_inscribed_radius_m": 8.004861506290268,
      "center_UVY": [
        176.79198302952173,
        30.459613172766314,
        699.2765711503191
      ],
      "positive_volume_overlap": true
    },
    {
      "regions": [
        "Left_Short_Accent",
        "Right_Short_Accent"
      ],
      "maximum_common_inscribed_radius_m": -130.9078930726325,
      "center_UVY": [
        36.545615853516274,
        -107.9146724541213,
        662.6160262283602
      ],
      "positive_volume_overlap": false
    }
  ],
  "empty_triples_with_all_pair_overlaps": [
    {
      "regions": [
        "Main_Crown",
        "Rear_Crown",
        "Back_Diagonal_Ledge"
      ],
      "maximum_common_inscribed_radius_m": -4.246704140351342,
      "center_UVY": [
        1.4475940840260229,
        37.45072258894171,
        755.6430837461119
      ],
      "positive_volume_overlap": false
    },
    {
      "regions": [
        "Main_Crown",
        "Front_Short_Fold",
        "Left_Short_Accent"
      ],
      "maximum_common_inscribed_radius_m": -2.0295176837841926,
      "center_UVY": [
        -157.28437286504052,
        -41.659593076830774,
        729.4098206479623
      ],
      "positive_volume_overlap": false
    }
  ],
  "higher_common_overlaps": [
    {
      "regions": [
        "Main_Crown",
        "Front_Short_Fold",
        "Front_Lower_Buttress"
      ],
      "maximum_common_inscribed_radius_m": 4.619847474969849,
      "center_UVY": [
        -102.66341281553441,
        -49.00985247191021,
        705.6807474409013
      ],
      "positive_volume_overlap": true
    },
    {
      "regions": [
        "Rear_Crown",
        "Back_Diagonal_Ledge",
        "Rear_Lower_Buttress"
      ],
      "maximum_common_inscribed_radius_m": 13.054163303609846,
      "center_UVY": [
        54.940949732982865,
        71.66533142528499,
        704.7288529514
      ],
      "positive_volume_overlap": true
    },
    {
      "regions": [
        "Rear_Crown",
        "Rear_Lower_Buttress",
        "Right_Short_Accent"
      ],
      "maximum_common_inscribed_radius_m": 6.358285391154413,
      "center_UVY": [
        164.65725343156743,
        40.877244583959985,
        711.559126923352
      ],
      "positive_volume_overlap": true
    }
  ],
  "camera_diagnostics_only": [
    {
      "name": "1216-source-front",
      "minimum_margin": 0.24344945022576864,
      "seven_percent_gate_passed": true,
      "geometric_visibility": {
        "method": "One exact triangle-centroid visibility ray per front-facing triangle, projected-area sum; not pixel/render acceptance",
        "visible_centroid_triangle_count": 509,
        "centroid_visible_area_pixels2_by_region": {
          "Main_Crown": 2941.0262237494408,
          "Rear_Crown": 2181.379443439837,
          "Front_Short_Fold": 1376.7110987537299,
          "Back_Diagonal_Ledge": 52.629680323203075,
          "Front_Lower_Buttress": 984.4409234146483,
          "Rear_Lower_Buttress": 439.8134507132,
          "Left_Short_Accent": 455.3402783910899,
          "Right_Short_Accent": 171.63534815393115
        },
        "centroid_visible_area_pixels2_by_authored_plane": {
          "Main_Crown:3": 1448.2234466702223,
          "Main_Crown:2": 1094.03682289689,
          "Rear_Crown:3": 1054.6685689513222,
          "Front_Lower_Buttress:3": 538.4076170331497,
          "Rear_Crown:12": 459.08068032707604,
          "Front_Short_Fold:3": 382.8573633582998,
          "Rear_Crown:0": 381.69761997267995,
          "Front_Short_Fold:12": 366.58520259599004,
          "Front_Lower_Buttress:12": 256.42178144696743,
          "Front_Short_Fold:7": 235.09722705803404,
          "Front_Short_Fold:0": 212.4907278328124,
          "Left_Short_Accent:9": 195.28406563665115,
          "Rear_Lower_Buttress:8": 163.67612606860794,
          "Rear_Crown:2": 153.7058032523187,
          "Front_Short_Fold:2": 150.33111516507807,
          "Main_Crown:0": 148.54614343766636,
          "Left_Short_Accent:2": 143.01051123959724,
          "Rear_Lower_Buttress:12": 128.00118801305015,
          "Main_Crown:11": 111.21381230106964,
          "Main_Crown:12": 107.41700688070047,
          "Left_Short_Accent:6": 94.3118763321084,
          "Right_Short_Accent:6": 74.219147032496,
          "Rear_Crown:7": 73.85703574344736,
          "Front_Lower_Buttress:2": 73.30273427176417,
          "Rear_Lower_Buttress:2": 68.38454158023784,
          "Front_Lower_Buttress:0": 67.25895535331466,
          "Rear_Crown:8": 58.36973519299244,
          "Rear_Lower_Buttress:3": 56.73343291627621,
          "Right_Short_Accent:9": 55.40058742392477,
          "Front_Lower_Buttress:7": 49.049835309452156,
          "Right_Short_Accent:0": 42.01561369751032,
          "Main_Crown:4": 31.588991562890353,
          "Front_Short_Fold:11": 29.349462743515165,
          "Back_Diagonal_Ledge:3": 27.86109849665358,
          "Back_Diagonal_Ledge:8": 24.38191431221215,
          "Rear_Lower_Buttress:11": 23.018162135027865,
          "Left_Short_Accent:3": 19.233520011356607,
          "Left_Short_Accent:5": 3.5003051713763935,
          "Back_Diagonal_Ledge:2": 0.3866675143373504
        },
        "partial_triangle_occlusion_not_integrated": true
      }
    },
    {
      "name": "shared-side-back",
      "minimum_margin": 0.1216781984631885,
      "seven_percent_gate_passed": true,
      "geometric_visibility": {
        "method": "One exact triangle-centroid visibility ray per front-facing triangle, projected-area sum; not pixel/render acceptance",
        "visible_centroid_triangle_count": 396,
        "centroid_visible_area_pixels2_by_region": {
          "Main_Crown": 45148.71634017313,
          "Rear_Crown": 28306.7771074264,
          "Back_Diagonal_Ledge": 17040.835336322405,
          "Front_Lower_Buttress": 14956.23229512099,
          "Rear_Lower_Buttress": 8895.912730847143,
          "Left_Short_Accent": 1731.2977261619535,
          "Right_Short_Accent": 3666.8683020846106
        },
        "centroid_visible_area_pixels2_by_authored_plane": {
          "Main_Crown:1": 17770.33786637899,
          "Rear_Crown:1": 16884.72876133062,
          "Main_Crown:10": 11899.488870779522,
          "Main_Crown:0": 9523.117948475163,
          "Front_Lower_Buttress:10": 8785.592427898642,
          "Back_Diagonal_Ledge:1": 7781.544106466002,
          "Rear_Lower_Buttress:10": 4537.463437842092,
          "Rear_Crown:10": 4384.148995440025,
          "Back_Diagonal_Ledge:5": 4340.1499873143475,
          "Main_Crown:5": 4180.170782862948,
          "Rear_Crown:2": 3333.1063973871746,
          "Rear_Crown:5": 3089.120882489339,
          "Rear_Lower_Buttress:1": 2388.9222549675815,
          "Back_Diagonal_Ledge:9": 1912.016322901516,
          "Front_Lower_Buttress:5": 1843.0873656385238,
          "Rear_Lower_Buttress:5": 1719.2386442567197,
          "Front_Lower_Buttress:1": 1709.6760762913577,
          "Front_Lower_Buttress:2": 1601.696249290767,
          "Right_Short_Accent:1": 1499.7881037588766,
          "Back_Diagonal_Ledge:10": 1292.9890416059238,
          "Right_Short_Accent:8": 1225.2184940864272,
          "Front_Lower_Buttress:6": 1016.1801760016986,
          "Main_Crown:6": 1004.4900149093996,
          "Back_Diagonal_Ledge:0": 930.717902837383,
          "Right_Short_Accent:3": 860.5673016798182,
          "Back_Diagonal_Ledge:13": 778.9258999795054,
          "Main_Crown:9": 771.1108567671214,
          "Left_Short_Accent:4": 652.5077573138204,
          "Rear_Crown:4": 543.6790231658301,
          "Left_Short_Accent:7": 493.9093022362172,
          "Left_Short_Accent:1": 379.357735543084,
          "Rear_Lower_Buttress:0": 250.28839378074932,
          "Left_Short_Accent:5": 205.52293106883198,
          "Right_Short_Accent:4": 81.29440255949042,
          "Rear_Crown:6": 71.99304761341543,
          "Back_Diagonal_Ledge:3": 4.4920752177427286
        },
        "partial_triangle_occlusion_not_integrated": true
      }
    }
  ],
  "elapsed_seconds": 0.41074352000578074
}
